esp_wifi_adapter.c
[01m[K/home/regex/work/esp32s31-openvela/openvela-dev/nuttx/arch/risc-v/src/esp32c6/esp_wifi_adapter.c:[m[K In function '[01m[Kwifi_thread_semphr_get_wrapper[m[K':
[01m[K/home/regex/work/esp32s31-openvela/openvela-dev/nuttx/arch/risc-v/src/esp32c6/esp_wifi_adapter.c:1271:13:[m[K [01;31m[Kerror: [m[Kimplicit declaration of function '[01m[Ktask_tls_alloc[m[K' [[01;31m[K-Wimplicit-function-declaration[m[K]
 1271 |       ret = [01;31m[Ktask_tls_alloc[m[K(wifi_thread_semphr_free);
      |             [01;31m[K^~~~~~~~~~~~~~[m[K
[01m[K/home/regex/work/esp32s31-openvela/openvela-dev/nuttx/arch/risc-v/src/esp32c6/esp_wifi_adapter.c:1285:17:[m[K [01;31m[Kerror: [m[Kimplicit declaration of function '[01m[Ktask_tls_get_value[m[K' [[01;31m[K-Wimplicit-function-declaration[m[K]
 1285 |   sem = (void *)[01;31m[Ktask_tls_get_value[m[K(wifi_task_key);
      |                 [01;31m[K^~~~~~~~~~~~~~~~~~[m[K
[01m[K/home/regex/work/esp32s31-openvela/openvela-dev/nuttx/arch/risc-v/src/esp32c6/esp_wifi_adapter.c:1299:13:[m[K [01;31m[Kerror: [m[Kimplicit declaration of function '[01m[Ktask_tls_set_value[m[K' [[01;31m[K-Wimplicit-function-declaration[m[K]
 1299 |       ret = [01;31m[Ktask_tls_set_value[m[K(wifi_task_key, (uintptr_t)sem);
      |             [01;31m[K^~~~~~~~~~~~~~~~~~[m[K
[01m[K/home/regex/work/esp32s31-openvela/openvela-dev/nuttx/arch/risc-v/src/esp32c6/esp_wifi_adapter.c:[m[K In function '[01m[Kmutex_lock_wrapper[m[K':
[01m[K/home/regex/work/esp32s31-openvela/openvela-dev/nuttx/arch/risc-v/src/esp32c6/esp_wifi_adapter.c:1453:10:[m[K [01;31m[Kerror: [m[Kimplicit declaration of function '[01m[Knuttx_err_to_freertos[m[K' [[01;31m[K-Wimplicit-function-declaration[m[K]
 1453 |   return [01;31m[Knuttx_err_to_freertos[m[K(ret);
      |          [01;31m[K^~~~~~~~~~~~~~~~~~~~~[m[K
[01m[K/home/regex/work/esp32s31-openvela/openvela-dev/nuttx/arch/risc-v/src/esp32c6/esp_wifi_adapter.c:[m[K In function '[01m[Kesp_evt_work_cb[m[K':
[01m[K/home/regex/work/esp32s31-openvela/openvela-dev/nuttx/arch/risc-v/src/esp32c6/esp_wifi_adapter.c:2958:13:[m[K [01;31m[Kerror: [m[Kimplicit declaration of function '[01m[Kesp_wifi_scan_event_parse[m[K'; did you mean '[01m[Kesp_wifi_set_event_mask[m[K'? [[01;31m[K-Wimplicit-function-declaration[m[K]
 2958 |             [01;31m[Kesp_wifi_scan_event_parse[m[K();
      |             [01;31m[K^~~~~~~~~~~~~~~~~~~~~~~~~[m[K
      |             [32m[Kesp_wifi_set_event_mask[m[K
In file included from [01m[K/home/regex/work/esp32s31-openvela/s31-reference/deps/esp-hal-3rdparty/components/esp_wifi/include/esp_private/wifi.h:33[m[K,
                 from [01m[K/home/regex/work/esp32s31-openvela/openvela-dev/nuttx/arch/risc-v/src/esp32c6/esp_wifi_adapter.c:71[m[K:
[01m[K/home/regex/work/esp32s31-openvela/openvela-dev/nuttx/arch/risc-v/src/esp32c6/esp_wifi_adapter.c:[m[K In function '[01m[Kesp_wifi_adapter_init[m[K':
[01m[K/home/regex/work/esp32s31-openvela/s31-reference/deps/esp-hal-3rdparty/components/esp_wifi/include/esp_wifi.h:341:26:[m[K [01;31m[Kerror: [m[K'[01m[KCONFIG_ESP_WIFI_STATIC_RX_BUFFER_NUM[m[K' undeclared (first use in this function); did you mean '[01m[KWIFI_STATIC_TX_BUFFER_NUM[m[K'?
  341 |     .static_rx_buf_num = [01;31m[KCONFIG_ESP_WIFI_STATIC_RX_BUFFER_NUM[m[K,\
      |                          [01;31m[K^~~~~~~~~~~~~~~~~~~~~~~~~~~~~~~~~~~~[m[K
[01m[K/home/regex/work/esp32s31-openvela/openvela-dev/nuttx/arch/risc-v/src/esp32c6/esp_wifi_adapter.c:4322:33:[m[K [01;36m[Knote: [m[Kin expansion of macro '[01m[KWIFI_INIT_CONFIG_DEFAULT[m[K'
 4322 |   wifi_init_config_t wifi_cfg = [01;36m[KWIFI_INIT_CONFIG_DEFAULT[m[K();
      |                                 [01;36m[K^~~~~~~~~~~~~~~~~~~~~~~~[m[K
[01m[K/home/regex/work/esp32s31-openvela/s31-reference/deps/esp-hal-3rdparty/components/esp_wifi/include/esp_wifi.h:341:26:[m[K [01;36m[Knote: [m[Keach undeclared identifier is reported only once for each function it appears in
  341 |     .static_rx_buf_num = [01;36m[KCONFIG_ESP_WIFI_STATIC_RX_BUFFER_NUM[m[K,\
      |                          [01;36m[K^~~~~~~~~~~~~~~~~~~~~~~~~~~~~~~~~~~~[m[K
[01m[K/home/regex/work/esp32s31-openvela/openvela-dev/nuttx/arch/risc-v/src/esp32c6/esp_wifi_adapter.c:4322:33:[m[K [01;36m[Knote: [m[Kin expansion of macro '[01m[KWIFI_INIT_CONFIG_DEFAULT[m[K'
 4322 |   wifi_init_config_t wifi_cfg = [01;36m[KWIFI_INIT_CONFIG_DEFAULT[m[K();
      |                                 [01;36m[K^~~~~~~~~~~~~~~~~~~~~~~~[m[K
[01m[K/home/regex/work/esp32s31-openvela/s31-reference/deps/esp-hal-3rdparty/components/esp_wifi/include/esp_wifi.h:342:27:[m[K [01;31m[Kerror: [m[K'[01m[KCONFIG_ESP_WIFI_DYNAMIC_RX_BUFFER_NUM[m[K' undeclared (first use in this function); did you mean '[01m[KWIFI_DYNAMIC_TX_BUFFER_NUM[m[K'?
  342 |     .dynamic_rx_buf_num = [01;31m[KCONFIG_ESP_WIFI_DYNAMIC_RX_BUFFER_NUM[m[K,\
      |                           [01;31m[K^~~~~~~~~~~~~~~~~~~~~~~~~~~~~~~~~~~~~[m[K
[01m[K/home/regex/work/esp32s31-openvela/openvela-dev/nuttx/arch/risc-v/src/esp32c6/esp_wifi_adapter.c:4322:33:[m[K [01;36m[Knote: [m[Kin expansion of macro '[01m[KWIFI_INIT_CONFIG_DEFAULT[m[K'
 4322 |   wifi_init_config_t wifi_cfg = [01;36m[KWIFI_INIT_CONFIG_DEFAULT[m[K();
      |                                 [01;36m[K^~~~~~~~~~~~~~~~~~~~~~~~[m[K
[01m[K/home/regex/work/esp32s31-openvela/s31-reference/deps/esp-hal-3rdparty/components/esp_wifi/include/esp_wifi.h:343:20:[m[K [01;31m[Kerror: [m[K'[01m[KCONFIG_ESP_WIFI_TX_BUFFER_TYPE[m[K' undeclared (first use in this function)
  343 |     .tx_buf_type = [01;31m[KCONFIG_ESP_WIFI_TX_BUFFER_TYPE[m[K,\
      |                    [01;31m[K^~~~~~~~~~~~~~~~~~~~~~~~~~~~~~[m[K
[01m[K/home/regex/work/esp32s31-openvela/openvela-dev/nuttx/arch/risc-v/src/esp32c6/esp_wifi_adapter.c:4322:33:[m[K [01;36m[Knote: [m[Kin expansion of macro '[01m[KWIFI_INIT_CONFIG_DEFAULT[m[K'
 4322 |   wifi_init_config_t wifi_cfg = [01;36m[KWIFI_INIT_CONFIG_DEFAULT[m[K();
      |                                 [01;36m[K^~~~~~~~~~~~~~~~~~~~~~~~[m[K
[01m[K/home/regex/work/esp32s31-openvela/s31-reference/deps/esp-hal-3rdparty/components/esp_wifi/include/esp_wifi.h:346:25:[m[K [01;31m[Kerror: [m[K'[01m[KCONFIG_ESP_WIFI_DYNAMIC_RX_MGMT_BUF[m[K' undeclared (first use in this function)
  346 |     .rx_mgmt_buf_type = [01;31m[KCONFIG_ESP_WIFI_DYNAMIC_RX_MGMT_BUF[m[K,\
      |                         [01;31m[K^~~~~~~~~~~~~~~~~~~~~~~~~~~~~~~~~~~[m[K
[01m[K/home/regex/work/esp32s31-openvela/openvela-dev/nuttx/arch/risc-v/src/esp32c6/esp_wifi_adapter.c:4322:33:[m[K [01;36m[Knote: [m[Kin expansion of macro '[01m[KWIFI_INIT_CONFIG_DEFAULT[m[K'
 4322 |   wifi_init_config_t wifi_cfg = [01;36m[KWIFI_INIT_CONFIG_DEFAULT[m[K();
      |                                 [01;36m[K^~~~~~~~~~~~~~~~~~~~~~~~[m[K
[01m[K/home/regex/work/esp32s31-openvela/s31-reference/deps/esp-hal-3rdparty/components/esp_wifi/include/esp_wifi.h:361:31:[m[K [01;31m[Kerror: [m[K'[01m[KCONFIG_ESP_WIFI_ESPNOW_MAX_ENCRYPT_NUM[m[K' undeclared (first use in this function)
  361 |     .espnow_max_encrypt_num = [01;31m[KCONFIG_ESP_WIFI_ESPNOW_MAX_ENCRYPT_NUM[m[K, \
      |                               [01;31m[K^~~~~~~~~~~~~~~~~~~~~~~~~~~~~~~~~~~~~~[m[K
[01m[K/home/regex/work/esp32s31-openvela/openvela-dev/nuttx/arch/risc-v/src/esp32c6/esp_wifi_adapter.c:4322:33:[m[K [01;36m[Knote: [m[Kin expansion of macro '[01m[KWIFI_INIT_CONFIG_DEFAULT[m[K'
 4322 |   wifi_init_config_t wifi_cfg = [01;36m[KWIFI_INIT_CONFIG_DEFAULT[m[K();
      |                                 [01;36m[K^~~~~~~~~~~~~~~~~~~~~~~~[m[K
[01m[K/home/regex/work/esp32s31-openvela/openvela-dev/nuttx/arch/risc-v/src/esp32c6/esp_wifi_adapter.c:4375:33:[m[K [01;31m[Kerror: [m[K'[01m[KCONFIG_ESPRESSIF_WIFI_STATIC_RX_BUFFER_NUM[m[K' undeclared (first use in this function)
 4375 |   wifi_cfg.static_rx_buf_num  = [01;31m[KCONFIG_ESPRESSIF_WIFI_STATIC_RX_BUFFER_NUM[m[K;
      |                                 [01;31m[K^~~~~~~~~~~~~~~~~~~~~~~~~~~~~~~~~~~~~~~~~~[m[K
[01m[K/home/regex/work/esp32s31-openvela/openvela-dev/nuttx/arch/risc-v/src/esp32c6/esp_wifi_adapter.c:4376:33:[m[K [01;31m[Kerror: [m[K'[01m[KCONFIG_ESPRESSIF_WIFI_DYNAMIC_RX_BUFFER_NUM[m[K' undeclared (first use in this function)
 4376 |   wifi_cfg.dynamic_rx_buf_num = [01;31m[KCONFIG_ESPRESSIF_WIFI_DYNAMIC_RX_BUFFER_NUM[m[K;
      |                                 [01;31m[K^~~~~~~~~~~~~~~~~~~~~~~~~~~~~~~~~~~~~~~~~~~[m[K
[01m[K/home/regex/work/esp32s31-openvela/openvela-dev/nuttx/arch/risc-v/src/esp32c6/esp_wifi_adapter.c:4377:33:[m[K [01;31m[Kerror: [m[K'[01m[KCONFIG_ESPRESSIF_WIFI_DYNAMIC_TX_BUFFER_NUM[m[K' undeclared (first use in this function)
 4377 |   wifi_cfg.dynamic_tx_buf_num = [01;31m[KCONFIG_ESPRESSIF_WIFI_DYNAMIC_TX_BUFFER_NUM[m[K;
      |                                 [01;31m[K^~~~~~~~~~~~~~~~~~~~~~~~~~~~~~~~~~~~~~~~~~~[m[K
[01m[K/home/regex/work/esp32s31-openvela/openvela-dev/nuttx/arch/risc-v/src/esp32c6/esp_wifi_adapter.c:4387:33:[m[K [01;31m[Kerror: [m[K'[01m[Kesp_wifi_tx_done_cb[m[K' undeclared (first use in this function); did you mean '[01m[Kesp_wifi_set_tx_done_cb[m[K'?
 4387 |   ret = esp_wifi_set_tx_done_cb([01;31m[Kesp_wifi_tx_done_cb[m[K);
      |                                 [01;31m[K^~~~~~~~~~~~~~~~~~~[m[K
      |                                 [32m[Kesp_wifi_set_tx_done_cb[m[K
[01m[K/home/regex/work/esp32s31-openvela/openvela-dev/nuttx/arch/risc-v/src/esp32c6/esp_wifi_adapter.c:[m[K At top level:
[01m[K/home/regex/work/esp32s31-openvela/openvela-dev/nuttx/arch/risc-v/src/esp32c6/esp_wifi_adapter.c:406:12:[m[K [01;31m[Kerror: [m[K'[01m[Kesp_wifi_auth_trans[m[K' declared '[01m[Kstatic[m[K' but never defined [[01;31m[K-Werror=unused-function[m[K]
  406 | static int [01;31m[Kesp_wifi_auth_trans[m[K(uint32_t wifi_auth);
      |            [01;31m[K^~~~~~~~~~~~~~~~~~~[m[K
[01m[K/home/regex/work/esp32s31-openvela/openvela-dev/nuttx/arch/risc-v/src/esp32c6/esp_wifi_adapter.c:407:12:[m[K [01;31m[Kerror: [m[K'[01m[Kesp_wifi_cipher_trans[m[K' declared '[01m[Kstatic[m[K' but never defined [[01;31m[K-Werror=unused-function[m[K]
  407 | static int [01;31m[Kesp_wifi_cipher_trans[m[K(uint32_t wifi_cipher);
      |            [01;31m[K^~~~~~~~~~~~~~~~~~~~~[m[K
[01m[K/home/regex/work/esp32s31-openvela/openvela-dev/nuttx/arch/risc-v/src/esp32c6/esp_wifi_adapter.c:3124:12:[m[K [01;31m[Kerror: [m[K'[01m[Kesp_freq_to_channel[m[K' defined but not used [[01;31m[K-Werror=unused-function[m[K]
 3124 | static int [01;31m[Kesp_freq_to_channel[m[K(uint16_t freq)
      |            [01;31m[K^~~~~~~~~~~~~~~~~~~[m[K
[01m[K/home/regex/work/esp32s31-openvela/openvela-dev/nuttx/arch/risc-v/src/esp32c6/esp_wifi_adapter.c:571:13:[m[K [01;31m[Kerror: [m[K'[01m[Ks31_wifi_rx_counters[m[K' defined but not used [[01;31m[K-Werror=unused-function[m[K]
  571 | static void [01;31m[Ks31_wifi_rx_counters[m[K(const char *phase)
      |             [01;31m[K^~~~~~~~~~~~~~~~~~~~[m[K
cc1: all warnings being treated as errors
