In file included from [01m[K/home/regex/work/esp32s31-openvela/openvela-dev/nuttx/include/debug.h:44[m[K,
                 from [01m[K/home/regex/work/esp32s31-openvela/openvela-dev/nuttx/drivers/audio/es8311.c:34[m[K:
[01m[K/home/regex/work/esp32s31-openvela/openvela-dev/nuttx/drivers/audio/es8311.c:[m[K In function '[01m[Kes8311_getcoeff[m[K':
[01m[K/home/regex/work/esp32s31-openvela/openvela-dev/nuttx/drivers/audio/es8311.c:609:19:[m[K [01;35m[Kwarning: [m[Kformat '[01m[K[01;32m[K%d[m[K[m[K' expects argument of type '[01m[K[01;32m[Kint[m[K[m[K', but argument 3 has type '[01m[K[01;34m[Kuint32_t[m[K' {aka [m[K'[01m[K[01;34m[Klong unsigned int[m[K'}[m[K [[01;35m[K-Wformat=[m[K]
  609 |           audinfo([01;32m[K"[m[K[01;32m[KM[m[K[01;32m[KC[m[K[01;32m[KL[m[K[01;32m[KK[m[K[01;32m[K:[m[K[01;32m[K [m[K[01;32m[K%[m[K[01;32m[Kd[m[K[01;32m[K,[m[K[01;32m[K [m[K[01;32m[Ks[m[K[01;32m[Ka[m[K[01;32m[Km[m[K[01;32m[Kp[m[K[01;32m[Kl[m[K[01;32m[Ke[m[K[01;32m[Kr[m[K[01;32m[Ka[m[K[01;32m[Kt[m[K[01;32m[Ke[m[K[01;32m[K:[m[K[01;32m[K [m[K[01;32m[K%[m[K[01;32m[Kd[m[K[01;32m[K\[m[K[01;32m[Kn[m[K[01;32m[K"[m[K, [01;34m[Kp[m[K[01;34m[Kr[m[K[01;34m[Ki[m[K[01;34m[Kv[m[K[01;34m[K-[m[K[01;34m[K>[m[K[01;34m[Km[m[K[01;34m[Kc[m[K[01;34m[Kl[m[K[01;34m[Kk[m[K, samplerate);
      |                   [01;32m[K^[m[K[01;32m[K~[m[K[01;32m[K~[m[K[01;32m[K~[m[K[01;32m[K~[m[K[01;32m[K~[m[K[01;32m[K~[m[K[01;32m[K~[m[K[01;32m[K~[m[K[01;32m[K~[m[K[01;32m[K~[m[K[01;32m[K~[m[K[01;32m[K~[m[K[01;32m[K~[m[K[01;32m[K~[m[K[01;32m[K~[m[K[01;32m[K~[m[K[01;32m[K~[m[K[01;32m[K~[m[K[01;32m[K~[m[K[01;32m[K~[m[K[01;32m[K~[m[K[01;32m[K~[m[K[01;32m[K~[m[K[01;32m[K~[m[K[01;32m[K~[m[K[01;32m[K~[m[K[01;32m[K~[m[K  [01;34m[K~[m[K[01;34m[K~[m[K[01;34m[K~[m[K[01;34m[K~[m[K[01;34m[K~[m[K[01;34m[K~[m[K[01;34m[K~[m[K[01;34m[K~[m[K[01;34m[K~[m[K[01;34m[K~[m[K
      |                                                     [01;34m[K|[m[K
      |                                                     [01;34m[Kuint32_t {aka long unsigned int}[m[K
[01m[K/home/regex/work/esp32s31-openvela/openvela-dev/nuttx/drivers/audio/es8311.c:609:27:[m[K [01;36m[Knote: [m[Kformat string is defined here
  609 |           audinfo("MCLK: [01;32m[K%[m[K[01;32m[Kd[m[K, samplerate: %d\n", priv->mclk, samplerate);
      |                          [01;32m[K~[m[K[01;32m[K^[m[K
      |                           [01;32m[K|[m[K
      |                           [01;32m[Kint[m[K
      |                          [32m[K%ld[m[K
[01m[K/home/regex/work/esp32s31-openvela/openvela-dev/nuttx/drivers/audio/es8311.c:609:19:[m[K [01;35m[Kwarning: [m[Kformat '[01m[K[01;32m[K%d[m[K[m[K' expects argument of type '[01m[K[01;32m[Kint[m[K[m[K', but argument 4 has type '[01m[K[01;34m[Kuint32_t[m[K' {aka [m[K'[01m[K[01;34m[Klong unsigned int[m[K'}[m[K [[01;35m[K-Wformat=[m[K]
  609 |           audinfo([01;32m[K"[m[K[01;32m[KM[m[K[01;32m[KC[m[K[01;32m[KL[m[K[01;32m[KK[m[K[01;32m[K:[m[K[01;32m[K [m[K[01;32m[K%[m[K[01;32m[Kd[m[K[01;32m[K,[m[K[01;32m[K [m[K[01;32m[Ks[m[K[01;32m[Ka[m[K[01;32m[Km[m[K[01;32m[Kp[m[K[01;32m[Kl[m[K[01;32m[Ke[m[K[01;32m[Kr[m[K[01;32m[Ka[m[K[01;32m[Kt[m[K[01;32m[Ke[m[K[01;32m[K:[m[K[01;32m[K [m[K[01;32m[K%[m[K[01;32m[Kd[m[K[01;32m[K\[m[K[01;32m[Kn[m[K[01;32m[K"[m[K, priv->mclk, [01;34m[Ks[m[K[01;34m[Ka[m[K[01;34m[Km[m[K[01;34m[Kp[m[K[01;34m[Kl[m[K[01;34m[Ke[m[K[01;34m[Kr[m[K[01;34m[Ka[m[K[01;34m[Kt[m[K[01;34m[Ke[m[K);
      |                   [01;32m[K^[m[K[01;32m[K~[m[K[01;32m[K~[m[K[01;32m[K~[m[K[01;32m[K~[m[K[01;32m[K~[m[K[01;32m[K~[m[K[01;32m[K~[m[K[01;32m[K~[m[K[01;32m[K~[m[K[01;32m[K~[m[K[01;32m[K~[m[K[01;32m[K~[m[K[01;32m[K~[m[K[01;32m[K~[m[K[01;32m[K~[m[K[01;32m[K~[m[K[01;32m[K~[m[K[01;32m[K~[m[K[01;32m[K~[m[K[01;32m[K~[m[K[01;32m[K~[m[K[01;32m[K~[m[K[01;32m[K~[m[K[01;32m[K~[m[K[01;32m[K~[m[K[01;32m[K~[m[K[01;32m[K~[m[K              [01;34m[K~[m[K[01;34m[K~[m[K[01;34m[K~[m[K[01;34m[K~[m[K[01;34m[K~[m[K[01;34m[K~[m[K[01;34m[K~[m[K[01;34m[K~[m[K[01;34m[K~[m[K[01;34m[K~[m[K
      |                                                             [01;34m[K|[m[K
      |                                                             [01;34m[Kuint32_t {aka long unsigned int}[m[K
[01m[K/home/regex/work/esp32s31-openvela/openvela-dev/nuttx/drivers/audio/es8311.c:609:43:[m[K [01;36m[Knote: [m[Kformat string is defined here
  609 |           audinfo("MCLK: %d, samplerate: [01;32m[K%[m[K[01;32m[Kd[m[K\n", priv->mclk, samplerate);
      |                                          [01;32m[K~[m[K[01;32m[K^[m[K
      |                                           [01;32m[K|[m[K
      |                                           [01;32m[Kint[m[K
      |                                          [32m[K%ld[m[K
[01m[K/home/regex/work/esp32s31-openvela/openvela-dev/nuttx/drivers/audio/es8311.c:614:10:[m[K [01;35m[Kwarning: [m[Kformat '[01m[K[01;32m[K%d[m[K[m[K' expects argument of type '[01m[K[01;32m[Kint[m[K[m[K', but argument 3 has type '[01m[K[01;34m[Kuint32_t[m[K' {aka [m[K'[01m[K[01;34m[Klong unsigned int[m[K'}[m[K [[01;35m[K-Wformat=[m[K]
  614 |   auderr([01;32m[K"[m[K[01;32m[KM[m[K[01;32m[KC[m[K[01;32m[KL[m[K[01;32m[KK[m[K[01;32m[K [m[K[01;32m[K=[m[K[01;32m[K [m[K[01;32m[K%[m[K[01;32m[Kd[m[K[01;32m[K [m[K[01;32m[Ka[m[K[01;32m[Kn[m[K[01;32m[Kd[m[K[01;32m[K [m[K[01;32m[Ks[m[K[01;32m[Ka[m[K[01;32m[Km[m[K[01;32m[Kp[m[K[01;32m[Kl[m[K[01;32m[Ke[m[K[01;32m[Kr[m[K[01;32m[Ka[m[K[01;32m[Kt[m[K[01;32m[Ke[m[K[01;32m[K [m[K[01;32m[K=[m[K[01;32m[K [m[K[01;32m[K%[m[K[01;32m[Kd[m[K[01;32m[K [m[K[01;32m[Kn[m[K[01;32m[Ko[m[K[01;32m[Kt[m[K[01;32m[K [m[K[01;32m[Ks[m[K[01;32m[Ku[m[K[01;32m[Kp[m[K[01;32m[Kp[m[K[01;32m[Ko[m[K[01;32m[Kr[m[K[01;32m[Kt[m[K[01;32m[Ke[m[K[01;32m[Kd[m[K[01;32m[K.[m[K[01;32m[K\[m[K[01;32m[Kn[m[K[01;32m[K"[m[K,
      |          [01;32m[K^[m[K[01;32m[K~[m[K[01;32m[K~[m[K[01;32m[K~[m[K[01;32m[K~[m[K[01;32m[K~[m[K[01;32m[K~[m[K[01;32m[K~[m[K[01;32m[K~[m[K[01;32m[K~[m[K[01;32m[K~[m[K[01;32m[K~[m[K[01;32m[K~[m[K[01;32m[K~[m[K[01;32m[K~[m[K[01;32m[K~[m[K[01;32m[K~[m[K[01;32m[K~[m[K[01;32m[K~[m[K[01;32m[K~[m[K[01;32m[K~[m[K[01;32m[K~[m[K[01;32m[K~[m[K[01;32m[K~[m[K[01;32m[K~[m[K[01;32m[K~[m[K[01;32m[K~[m[K[01;32m[K~[m[K[01;32m[K~[m[K[01;32m[K~[m[K[01;32m[K~[m[K[01;32m[K~[m[K[01;32m[K~[m[K[01;32m[K~[m[K[01;32m[K~[m[K[01;32m[K~[m[K[01;32m[K~[m[K[01;32m[K~[m[K[01;32m[K~[m[K[01;32m[K~[m[K[01;32m[K~[m[K[01;32m[K~[m[K[01;32m[K~[m[K[01;32m[K~[m[K[01;32m[K~[m[K[01;32m[K~[m[K[01;32m[K~[m[K[01;32m[K~[m[K
  615 |          [01;34m[Kp[m[K[01;34m[Kr[m[K[01;34m[Ki[m[K[01;34m[Kv[m[K[01;34m[K-[m[K[01;34m[K>[m[K[01;34m[Km[m[K[01;34m[Kc[m[K[01;34m[Kl[m[K[01;34m[Kk[m[K, samplerate);
      |          [01;34m[K~[m[K[01;34m[K~[m[K[01;34m[K~[m[K[01;34m[K~[m[K[01;34m[K~[m[K[01;34m[K~[m[K[01;34m[K~[m[K[01;34m[K~[m[K[01;34m[K~[m[K[01;34m[K~[m[K
      |              [01;34m[K|[m[K
      |              [01;34m[Kuint32_t {aka long unsigned int}[m[K
[01m[K/home/regex/work/esp32s31-openvela/openvela-dev/nuttx/drivers/audio/es8311.c:614:19:[m[K [01;36m[Knote: [m[Kformat string is defined here
  614 |   auderr("MCLK = [01;32m[K%[m[K[01;32m[Kd[m[K and samplerate = %d not supported.\n",
      |                  [01;32m[K~[m[K[01;32m[K^[m[K
      |                   [01;32m[K|[m[K
      |                   [01;32m[Kint[m[K
      |                  [32m[K%ld[m[K
[01m[K/home/regex/work/esp32s31-openvela/openvela-dev/nuttx/drivers/audio/es8311.c:614:10:[m[K [01;35m[Kwarning: [m[Kformat '[01m[K[01;32m[K%d[m[K[m[K' expects argument of type '[01m[K[01;32m[Kint[m[K[m[K', but argument 4 has type '[01m[K[01;34m[Kuint32_t[m[K' {aka [m[K'[01m[K[01;34m[Klong unsigned int[m[K'}[m[K [[01;35m[K-Wformat=[m[K]
  614 |   auderr([01;32m[K"[m[K[01;32m[KM[m[K[01;32m[KC[m[K[01;32m[KL[m[K[01;32m[KK[m[K[01;32m[K [m[K[01;32m[K=[m[K[01;32m[K [m[K[01;32m[K%[m[K[01;32m[Kd[m[K[01;32m[K [m[K[01;32m[Ka[m[K[01;32m[Kn[m[K[01;32m[Kd[m[K[01;32m[K [m[K[01;32m[Ks[m[K[01;32m[Ka[m[K[01;32m[Km[m[K[01;32m[Kp[m[K[01;32m[Kl[m[K[01;32m[Ke[m[K[01;32m[Kr[m[K[01;32m[Ka[m[K[01;32m[Kt[m[K[01;32m[Ke[m[K[01;32m[K [m[K[01;32m[K=[m[K[01;32m[K [m[K[01;32m[K%[m[K[01;32m[Kd[m[K[01;32m[K [m[K[01;32m[Kn[m[K[01;32m[Ko[m[K[01;32m[Kt[m[K[01;32m[K [m[K[01;32m[Ks[m[K[01;32m[Ku[m[K[01;32m[Kp[m[K[01;32m[Kp[m[K[01;32m[Ko[m[K[01;32m[Kr[m[K[01;32m[Kt[m[K[01;32m[Ke[m[K[01;32m[Kd[m[K[01;32m[K.[m[K[01;32m[K\[m[K[01;32m[Kn[m[K[01;32m[K"[m[K,
      |          [01;32m[K^[m[K[01;32m[K~[m[K[01;32m[K~[m[K[01;32m[K~[m[K[01;32m[K~[m[K[01;32m[K~[m[K[01;32m[K~[m[K[01;32m[K~[m[K[01;32m[K~[m[K[01;32m[K~[m[K[01;32m[K~[m[K[01;32m[K~[m[K[01;32m[K~[m[K[01;32m[K~[m[K[01;32m[K~[m[K[01;32m[K~[m[K[01;32m[K~[m[K[01;32m[K~[m[K[01;32m[K~[m[K[01;32m[K~[m[K[01;32m[K~[m[K[01;32m[K~[m[K[01;32m[K~[m[K[01;32m[K~[m[K[01;32m[K~[m[K[01;32m[K~[m[K[01;32m[K~[m[K[01;32m[K~[m[K[01;32m[K~[m[K[01;32m[K~[m[K[01;32m[K~[m[K[01;32m[K~[m[K[01;32m[K~[m[K[01;32m[K~[m[K[01;32m[K~[m[K[01;32m[K~[m[K[01;32m[K~[m[K[01;32m[K~[m[K[01;32m[K~[m[K[01;32m[K~[m[K[01;32m[K~[m[K[01;32m[K~[m[K[01;32m[K~[m[K[01;32m[K~[m[K[01;32m[K~[m[K[01;32m[K~[m[K[01;32m[K~[m[K[01;32m[K~[m[K
  615 |          priv->mclk, [01;34m[Ks[m[K[01;34m[Ka[m[K[01;34m[Km[m[K[01;34m[Kp[m[K[01;34m[Kl[m[K[01;34m[Ke[m[K[01;34m[Kr[m[K[01;34m[Ka[m[K[01;34m[Kt[m[K[01;34m[Ke[m[K);
      |                      [01;34m[K~[m[K[01;34m[K~[m[K[01;34m[K~[m[K[01;34m[K~[m[K[01;34m[K~[m[K[01;34m[K~[m[K[01;34m[K~[m[K[01;34m[K~[m[K[01;34m[K~[m[K[01;34m[K~[m[K
      |                      [01;34m[K|[m[K
      |                      [01;34m[Kuint32_t {aka long unsigned int}[m[K
[01m[K/home/regex/work/esp32s31-openvela/openvela-dev/nuttx/drivers/audio/es8311.c:614:39:[m[K [01;36m[Knote: [m[Kformat string is defined here
  614 |   auderr("MCLK = %d and samplerate = [01;32m[K%[m[K[01;32m[Kd[m[K not supported.\n",
      |                                      [01;32m[K~[m[K[01;32m[K^[m[K
      |                                       [01;32m[K|[m[K
      |                                       [01;32m[Kint[m[K
      |                                      [32m[K%ld[m[K
[01m[K/home/regex/work/esp32s31-openvela/openvela-dev/nuttx/drivers/audio/es8311.c:[m[K In function '[01m[Kes8311_setsamplerate[m[K':
[01m[K/home/regex/work/esp32s31-openvela/openvela-dev/nuttx/drivers/audio/es8311.c:905:15:[m[K [01;35m[Kwarning: [m[Kformat '[01m[K[01;32m[K%d[m[K[m[K' expects argument of type '[01m[K[01;32m[Kint[m[K[m[K', but argument 3 has type '[01m[K[01;34m[Kuint32_t[m[K' {aka [m[K'[01m[K[01;34m[Klong unsigned int[m[K'}[m[K [[01;35m[K-Wformat=[m[K]
  905 |       audinfo([01;32m[K"[m[K[01;32m[KS[m[K[01;32m[Ka[m[K[01;32m[Km[m[K[01;32m[Kp[m[K[01;32m[Kl[m[K[01;32m[Ke[m[K[01;32m[K [m[K[01;32m[Kr[m[K[01;32m[Ka[m[K[01;32m[Kt[m[K[01;32m[Ke[m[K[01;32m[K [m[K[01;32m[Ks[m[K[01;32m[Ke[m[K[01;32m[Kt[m[K[01;32m[K [m[K[01;32m[Kt[m[K[01;32m[Ko[m[K[01;32m[K:[m[K[01;32m[K [m[K[01;32m[K%[m[K[01;32m[Kd[m[K[01;32m[K.[m[K[01;32m[K\[m[K[01;32m[Kn[m[K[01;32m[K"[m[K, [01;34m[Kp[m[K[01;34m[Kr[m[K[01;34m[Ki[m[K[01;34m[Kv[m[K[01;34m[K-[m[K[01;34m[K>[m[K[01;34m[Ks[m[K[01;34m[Ka[m[K[01;34m[Km[m[K[01;34m[Kp[m[K[01;34m[Kr[m[K[01;34m[Ka[m[K[01;34m[Kt[m[K[01;34m[Ke[m[K);
      |               [01;32m[K^[m[K[01;32m[K~[m[K[01;32m[K~[m[K[01;32m[K~[m[K[01;32m[K~[m[K[01;32m[K~[m[K[01;32m[K~[m[K[01;32m[K~[m[K[01;32m[K~[m[K[01;32m[K~[m[K[01;32m[K~[m[K[01;32m[K~[m[K[01;32m[K~[m[K[01;32m[K~[m[K[01;32m[K~[m[K[01;32m[K~[m[K[01;32m[K~[m[K[01;32m[K~[m[K[01;32m[K~[m[K[01;32m[K~[m[K[01;32m[K~[m[K[01;32m[K~[m[K[01;32m[K~[m[K[01;32m[K~[m[K[01;32m[K~[m[K[01;32m[K~[m[K[01;32m[K~[m[K  [01;34m[K~[m[K[01;34m[K~[m[K[01;34m[K~[m[K[01;34m[K~[m[K[01;34m[K~[m[K[01;34m[K~[m[K[01;34m[K~[m[K[01;34m[K~[m[K[01;34m[K~[m[K[01;34m[K~[m[K[01;34m[K~[m[K[01;34m[K~[m[K[01;34m[K~[m[K[01;34m[K~[m[K
      |                                                [01;34m[K|[m[K
      |                                                [01;34m[Kuint32_t {aka long unsigned int}[m[K
[01m[K/home/regex/work/esp32s31-openvela/openvela-dev/nuttx/drivers/audio/es8311.c:905:37:[m[K [01;36m[Knote: [m[Kformat string is defined here
  905 |       audinfo("Sample rate set to: [01;32m[K%[m[K[01;32m[Kd[m[K.\n", priv->samprate);
      |                                    [01;32m[K~[m[K[01;32m[K^[m[K
      |                                     [01;32m[K|[m[K
      |                                     [01;32m[Kint[m[K
      |                                    [32m[K%ld[m[K
