--- CMD: iperf2 -c 192.168.1.29 -i 1 -p 5004 -t 10 -u -b 40M ---
iperf2 -c 192.168.1.29 -i 1 -p 5004 -t 10 -u -b 40M
------------------------------------------------------------
Client connecting to 192.168.1.29, UDP port 5004
Sending 1470 byte datagrams, IPG target: 280.38 us (kalman adjust)
UDP buffer size: 16.0 KByte
------------------------------------------------------------
[  1] local 0.0.0.0 port 28725 connected with 192.168.1.29 port 5004
[CPU0] psock_udp_sendto: S31 UDP wait: ret=-110 queued=14980 limit=16384 timeout=500
[CPU0] psock_udp_sendto: S31 UDP wait: ret=-110 queued=14980 limit=16384 timeout=500
[CPU0] psock_udp_sendto: S31 UDP wait: ret=-110 queued=14980 limit=16384 timeout=500
[ ID] Interval       Transfer     Bandwidth
[  1] 0.00-1.00 sec  17.2 KBytes   141 Kbits/sec
[CPU0] psock_udp_sendto: S31 UDP wait: ret=-110 queued=14980 limit=16384 timeout=500
[CPU0] psock_udp_sendto: S31 UDP wait: ret=-110 queued=14980 limit=16384 timeout=500
[  1] 1.00-2.00 sec  0.000 Bytes  0.000 bits/sec
[CPU0] psock_udp_sendto: S31 UDP wait: ret=-110 queued=14980 limit=16384 timeout=500
[CPU0] psock_udp_sendto: S31 UDP wait: ret=-110 queued=14980 limit=16384 timeout=500
[  1] 2.00-3.00 sec  0.000 Bytes  0.000 bits/sec
[CPU0] psock_udp_sendto: S31 UDP wait: ret=-110 queued=14980 limit=16384 timeout=500
[  1] 3.00-4.00 sec  0.000 Bytes  0.000 bits/sec
[  1] 4.00-5.00 sec  0.000 Bytes  0.000 bits/sec
[  1] 5.00-6.00 sec  0.000 Bytes  0.000 bits/sec
[  1] 6.00-7.00 sec  0.000 Bytes  0.000 bits/sec
[  1] 7.00-8.00 sec  0.000 Bytes  0.000 bits/sec
[  1] 8.00-9.00 sec  0.000 Bytes  0.000 bits/sec
[  1] 9.00-10.00 sec  0.000 Bytes  0.000 bits/sec
[  1] 0.00-10.61 sec  17.2 KBytes  13.3 Kbits/sec
[  1] Sent 13 datagrams
[  1] Server Report:
[ ID] Interval       Transfer     Bandwidth        Jitter   Lost/Total Datagrams
[  1] 0.00-0.51 sec  2.87 KBytes  45.9 Kbits/sec  5817555.222 ms 0/2 (0%)
[  1] 0.00-0.51 sec  1 datagrams received out-of-order
nsh> [K
nsh> [K
--- CMD: ps ---
ps
  PID GROUP CPU(AFFINITY)   PRI POLICY   TYPE    NPX STATE    EVENT     SIGMASK            STACK COMMAND
    0     0 000(0x00000003)   0 FIFO     Kthread   - Assigned           0000000000000000 0003024 CPU0 IDLE
    1     0 001(0x00000003)   0 FIFO     Kthread   - Running            0000000000000000 0003024 CPU1 IDLE
    2     0 ---(0x00000003) 100 RR       Kthread   - Waiting  Semaphore 0000000000000000 0001952 lpwork 0x2f011140 0x2f01118c
    4     0 ---(0x00000003) 223 RR       Kthread   - Waiting  Semaphore 0000000000000000 0001968 hr_timer
    5     0 ---(0x00000001) 253 RR       Kthread   - Waiting  MQ empty  0000000000000000 0003520 wifi
    6     6 000(0x00000003) 101 RR       Task      - Running            0000000000000000 0004016 /system/bin/init
nsh> [K
nsh> [K
--- CMD: free ---
free
      total       used       free    maxused    maxfree  nused  nfree name
     310892      87404     223488     109744     164768    220     16 Kmem
   16777216     684032   16093184   16093184 Page
nsh> [K
nsh> [K
{"status": "DIAGNOSTIC_ONLY", "receipt": "build1398-udp-diagnostic.sha256", "duration": 10, "xts_pass": false, "returned_to_shell": true, "queue_wait_marker": true, "pacing_marker": false}
