iperf2 -s -u -p 5010 -i 1 &
iperf2 [14:101]
nsh> [K------------------------------------------------------------
Server listening on UDP port 5010
UDP buffer size: 16.0 KByte
------------------------------------------------------------
[  1] local 0.0.0.0 port 5010 connected with 192.168.1.29 port 60630
[ ID] Interval       Transfer     Bandwidth        Jitter   Lost/Total Datagrams
[  1] 0.00-1.00 sec   584 KBytes  4.79 Mbits/sec   1.932 ms 22/429 (5.1%)
[  1] 0.00-1.00 sec  1 datagrams received out-of-order
[  1] 1.00-2.00 sec   537 KBytes  4.40 Mbits/sec   3.672 ms 2/376 (0.53%)
[  1] 1.00-2.00 sec  2 datagrams received out-of-order
[  1] 2.00-3.00 sec   511 KBytes  4.19 Mbits/sec   1.768 ms 58/414 (14%)
[  1] 2.00-3.00 sec  15 datagrams received out-of-order
[  1] 3.00-4.00 sec   751 KBytes  6.15 Mbits/sec   2.112 ms 41/564 (7.3%)
[  1] 3.00-4.00 sec  16 datagrams received out-of-order
[  1] 4.00-5.00 sec   626 KBytes  5.13 Mbits/sec   2.248 ms 0/436 (0%)
[  1] 4.00-5.00 sec  4 datagrams received out-of-order
[  1] 5.00-6.00 sec   630 KBytes  5.16 Mbits/sec   2.121 ms 9/448 (2%)
[  1] 5.00-6.00 sec  5 datagrams received out-of-order
[  1] 6.00-7.00 sec   525 KBytes  4.30 Mbits/sec   2.783 ms 30/396 (7.6%)
[  1] 6.00-7.00 sec  2 datagrams received out-of-order
[  1] 7.00-8.00 sec   622 KBytes  5.09 Mbits/sec   3.021 ms 26/459 (5.7%)
[  1] 7.00-8.00 sec  6 datagrams received out-of-order
[  1] 8.00-9.00 sec   629 KBytes  5.15 Mbits/sec   3.508 ms 27/465 (5.8%)
[  1] 8.00-9.00 sec  5 datagrams received out-of-order
[  1] 9.00-10.00 sec   627 KBytes  5.14 Mbits/sec   1.591 ms 26/463 (5.6%)
[  1] 9.00-10.00 sec  1 datagrams received out-of-order
[  1] 10.00-11.00 sec   570 KBytes  4.67 Mbits/sec   4.702 ms 4/401 (1%)
[  1] 11.00-12.00 sec   680 KBytes  5.57 Mbits/sec   2.375 ms 12/486 (2.5%)
[  1] 11.00-12.00 sec  4 datagrams received out-of-order
[  1] 12.00-13.00 sec   469 KBytes  3.85 Mbits/sec   7.750 ms 8/335 (2.4%)
[  1] 12.00-13.00 sec  2 datagrams received out-of-order
[  1] 13.00-14.00 sec   670 KBytes  5.49 Mbits/sec   5.320 ms 56/523 (11%)
[  1] 13.00-14.00 sec  3 datagrams received out-of-order
[  1] 14.00-15.00 sec   675 KBytes  5.53 Mbits/sec   2.519 ms 14/484 (2.9%)
[  1] 14.00-15.00 sec  3 datagrams received out-of-order
[  1] 15.00-16.00 sec   612 KBytes  5.01 Mbits/sec   4.202 ms 0/426 (0%)
[  1] 15.00-16.00 sec  2 datagrams received out-of-order
[  1] 16.00-17.00 sec   571 KBytes  4.68 Mbits/sec   3.613 ms 15/413 (3.6%)
[  1] 16.00-17.00 sec  2 datagrams received out-of-order
[  1] 17.00-18.00 sec   655 KBytes  5.36 Mbits/sec   2.189 ms 31/487 (6.4%)
[  1] 17.00-18.00 sec  2 datagrams received out-of-order
[  1] 18.00-19.00 sec   657 KBytes  5.39 Mbits/sec   1.702 ms 2/460 (0.43%)
[  1] 18.00-19.00 sec  3 datagrams received out-of-order
[  1] 19.00-20.00 sec   636 KBytes  5.21 Mbits/sec   2.617 ms 2/445 (0.45%)
[  1] 20.00-21.00 sec   645 KBytes  5.28 Mbits/sec   2.251 ms 0/449 (0%)
[  1] 20.00-21.00 sec  6 datagrams received out-of-order
[  1] 21.00-22.00 sec   616 KBytes  5.05 Mbits/sec   4.326 ms 1/430 (0.23%)
[  1] 21.00-22.00 sec  5 datagrams received out-of-order
[  1] 22.00-23.00 sec   619 KBytes  5.07 Mbits/sec   2.148 ms 28/459 (6.1%)
[  1] 22.00-23.00 sec  1 datagrams received out-of-order
[  1] 23.00-24.00 sec   643 KBytes  5.27 Mbits/sec   4.137 ms 0/448 (0%)
[  1] 23.00-24.00 sec  5 datagrams received out-of-order
[  1] 24.00-25.00 sec   620 KBytes  5.08 Mbits/sec   1.528 ms 11/443 (2.5%)
[  1] 24.00-25.00 sec  4 datagrams received out-of-order
[  1] 25.00-26.00 sec   609 KBytes  4.99 Mbits/sec   2.593 ms 21/445 (4.7%)
[  1] 25.00-26.00 sec  1 datagrams received out-of-order
[  1] 26.00-27.00 sec   645 KBytes  5.28 Mbits/sec   2.668 ms 0/449 (0%)
[  1] 26.00-27.00 sec  5 datagrams received out-of-order
[  1] 27.00-28.00 sec   636 KBytes  5.21 Mbits/sec   2.450 ms 1/444 (0.23%)
[  1] 27.00-28.00 sec  6 datagrams received out-of-order
[  1] 28.00-29.00 sec   647 KBytes  5.30 Mbits/sec   1.748 ms 0/451 (0%)
[  1] 28.00-29.00 sec  2 datagrams received out-of-order
[  1] 29.00-30.00 sec   639 KBytes  5.23 Mbits/sec   2.656 ms 0/445 (0%)
[  1] 29.00-30.00 sec  2 datagrams received out-of-order
[  1] 0.00-30.01 sec  18.1 MBytes  5.07 Mbits/sec   3.061 ms 447/13375 (3.3%)
[  1] 0.00-30.01 sec  115 datagrams received out-of-order
kill -15 14
nsh> [Krecvfrom failed: Interrupted system call
