--- CMD: ps ---
ps
  PID GROUP CPU(AFFINITY)   PRI POLICY   TYPE    NPX STATE    EVENT     SIGMASK            STACK COMMAND
    0     0 000(0x00000003)   0 FIFO     Kthread   - Assigned           0000000000000000 0003024 CPU0 IDLE
    1     0 001(0x00000003)   0 FIFO     Kthread   - Running            0000000000000000 0003024 CPU1 IDLE
    2     0 ---(0x00000003) 100 RR       Kthread   - Waiting  Semaphore 0000000000000000 0001952 lpwork 0x2f018bc0 0x2f018c0c
    4     0 ---(0x00000003) 223 RR       Kthread   - Waiting  Semaphore 0000000000000000 0001968 hr_timer
    5     0 ---(0x00000001) 124 RR       Kthread   - Waiting  Semaphore 0000000000000000 0004016 ble_ctrl
    6     0 ---(0x00000001) 253 RR       Kthread   - Waiting  MQ empty  0000000000000000 0003520 wifi
    7     7 000(0x00000003) 101 RR       Task      - Running            0000000000000000 0004016 /system/bin/init
nsh> [K
nsh> [K
--- CMD: ifconfig ---
ifconfig
wlan0	Link encap:Ethernet HWaddr 30:ed:a0:f3:f7:b0 at RUNNING mtu 1500
	inet addr:192.168.1.60 DRaddr:192.168.1.1 Mask:255.255.255.0

	RX: Received Fragment Errors   Bytes   
	    00004a0f 00000000 00000000 12a057          
	    IPv4     ARP      Dropped 
	    00000000 00000000 00000000
	TX: Queued   Sent     Errors   Timeouts Bytes   
	    0001f48a 0001f48d 00000000 00000000 a4cbd95          
	Total Errors: 00000000

             IPv4   TCP   UDP  ICMP
Received     4628  44c6  00ec  006e
Dropped      0008  0000  0000  0000
  IPv4        VHL: 0000   Frg: 0000
  Checksum   0000  0000  0000  0000
  TCP         ACK: 0000   SYN: 0000
              RST: 0000  0000
              HDR: 0000
  Type       0000  ----  ----  0000
Sent         f42f  e59f  0e22  006e
  Rexmit     ----  0005  ----  ----
nsh> [K
nsh> [K
--- CMD: iperf2 -s -p 5003 -i 1 -u > /tmp/r1637 & ---
iperf2 -s -p 5003 -i 1 -u > /tmp/r1637 &
iperf2 [29:101]
nsh> [K
nsh> [K
--- CMD: cat /tmp/r1637 ---
cat /tmp/r1637
------------------------------------------------------------
Server listening on UDP port 5003
UDP buffer size: -1.00 Byte (WARNING: requested 16.0 KByte)
------------------------------------------------------------
[  1] local 0.0.0.0 port 5003 connected with 192.168.1.29 port 50844
[ ID] Interval       Transfer     Bandwidth        Jitter   Lost/Total Datagrams
[  1] 0.00-1.00 sec   111 KBytes   906 Kbits/sec  75072.535 ms 0/77 (0%)
[  1] 1.00-2.00 sec  25.8 KBytes   212 Kbits/sec  23523.160 ms 0/18 (0%)
[  1] 2.00-3.00 sec  1.44 KBytes  11.8 Kbits/sec  20723.605 ms 0/1 (0%)
[  1] 2.00-3.00 sec  1 datagrams received out-of-order
[  1] 3.00-4.00 sec  0.000 Bytes  0.000 bits/sec  20723.605 ms 0/0 (nan%)
[  1] 4.00-5.00 sec  1.44 KBytes  11.8 Kbits/sec  19564.191 ms 1/2 (50%)
[  1] 5.00-6.00 sec  1.44 KBytes  11.8 Kbits/sec  18395.616 ms 0/1 (0%)
[  1] 6.00-7.00 sec  2.87 KBytes  23.5 Kbits/sec  15225.475 ms 0/2 (0%)
[  1] 6.00-7.00 sec  1 datagrams received out-of-order
[  1] 7.00-8.00 sec  4.31 KBytes  35.3 Kbits/sec  12594.899 ms 0/3 (0%)
[  1] 8.00-9.00 sec  0.000 Bytes  0.000 bits/sec  12594.899 ms 0/0 (nan%)
[  1] 9.00-10.00 sec  0.000 Bytes  0.000 bits/sec  12594.899 ms 0/0 (nan%)
[  1] 10.00-11.00 sec  5.74 KBytes  47.0 Kbits/sec  9880.630 ms 1/5 (20%)
[  1] 11.00-12.00 sec  0.000 Bytes  0.000 bits/sec  9880.630 ms 0/0 (nan%)
[  1] 12.00-13.00 sec  1.44 KBytes  11.8 Kbits/sec  9407.839 ms 1/2 (50%)
[  1] 13.00-14.00 sec  1.44 KBytes  11.8 Kbits/sec  8316.151 ms 0/1 (0%)
[  1] 13.00-14.00 sec  1 datagrams received out-of-order
[  1] 14.00-15.00 sec  0.000 Bytes  0.000 bits/sec  8316.151 ms 0/0 (nan%)
[  1] 15.00-16.00 sec  1.44 KBytes  11.8 Kbits/sec  7929.390 ms 1/2 (50%)
[  1] 16.00-17.00 sec  1.44 KBytes  11.8 Kbits/sec  7031.675 ms 0/1 (0%)
[  1] 16.00-17.00 sec  1 datagrams received out-of-order
[  1] 17.00-18.00 sec  0.000 Bytes  0.000 bits/sec  7031.675 ms 0/0 (nan%)
[  1] 18.00-19.00 sec  1.44 KBytes  11.8 Kbits/sec  6727.381 ms 1/2 (50%)
[  1] 19.00-20.00 sec  0.000 Bytes  0.000 bits/sec  6727.381 ms 0/0 (nan%)
[  1] 20.00-21.00 sec  1.44 KBytes  11.8 Kbits/sec  6421.606 ms 1/2 (50%)
[  1] 21.00-22.00 sec  1.44 KBytes  11.8 Kbits/sec  5713.622 ms 0/1 (0%)
[  1] 21.00-22.00 sec  1 datagrams received out-of-order
[  1] 22.00-23.00 sec  15.8 KBytes   129 Kbits/sec  2842.686 ms 0/11 (0%)
[  1] 23.00-24.00 sec  25.8 KBytes   212 Kbits/sec  930.207 ms 0/18 (0%)
[  1] 24.00-25.00 sec  4.31 KBytes  35.3 Kbits/sec  801.057 ms 0/3 (0%)
[  1] 25.00-26.00 sec  0.000 Bytes  0.000 bits/sec  801.057 ms 0/0 (nan%)
[  1] 26.00-27.00 sec  0.000 Bytes  0.000 bits/sec  801.057 ms 0/0 (nan%)
[  1] 27.00-28.00 sec  1.44 KBytes  11.8 Kbits/sec  950.115 ms 1/2 (50%)
[  1] 28.00-29.00 sec  1.44 KBytes  11.8 Kbits/sec  948.544 ms 0/1 (0%)
[  1] 29.00-30.00 sec  0.000 Bytes  0.000 bits/sec  948.544 ms 0/0 (nan%)
[  1] 30.00-31.00 sec  1.44 KBytes  11.8 Kbits/sec  1029.634 ms 1/2 (50%)
[  1] 31.00-32.00 sec  0.000 Bytes  0.000 bits/sec  1029.634 ms 0/0 (nan%)
[  1] 32.00-33.00 sec  0.000 Bytes  0.000 bits/sec  1029.634 ms 0/0 (nan%)
[  1] 33.00-34.00 sec  7.18 KBytes  58.8 Kbits/sec  885.589 ms 2/7 (29%)
[  1] 34.00-35.00 sec  0.000 Bytes  0.000 bits/sec  885.589 ms 0/0 (nan%)
[  1] 35.00-36.00 sec  0.000 Bytes  0.000 bits/sec  885.589 ms 0/0 (nan%)
[  1] 36.00-37.00 sec  4.31 KBytes  35.3 Kbits/sec  857.679 ms 0/4 (0%)
[  1] 36.00-37.00 sec  1 datagrams received out-of-order
[  1] 37.00-38.00 sec  0.000 Bytes  0.000 bits/sec  857.679 ms 0/0 (nan%)
[  1] 38.00-39.00 sec  1.44 KBytes  11.8 Kbits/sec  854.330 ms 0/2 (0%)
[  1] 38.00-39.00 sec  1 datagrams received out-of-order
[  1] 39.00-40.00 sec  5.74 KBytes  47.0 Kbits/sec  706.778 ms 1/5 (20%)
[  1] 40.00-41.00 sec  0.000 Bytes  0.000 bits/sec  706.778 ms 0/0 (nan%)
[  1] 41.00-42.00 sec  0.000 Bytes  0.000 bits/sec  706.778 ms 0/0 (nan%)
[  1] 42.00-43.00 sec  0.000 Bytes  0.000 bits/sec  706.778 ms 0/0 (nan%)
[  1] 43.00-44.00 sec  0.000 Bytes  0.000 bits/sec  706.778 ms 0/0 (nan%)
[  1] 44.00-45.00 sec  1.44 KBytes  11.8 Kbits/sec  927.307 ms 2/4 (50%)
[  1] 44.00-45.00 sec  1 datagrams received out-of-order
[  1] 45.00-46.00 sec  4.31 KBytes  35.3 Kbits/sec  767.299 ms 0/3 (0%)
[  1] 45.00-46.00 sec  1 datagrams received out-of-order
[  1] 46.00-47.00 sec  0.000 Bytes  0.000 bits/sec  767.299 ms 0/0 (nan%)
[  1] 47.00-48.00 sec  4.31 KBytes  35.3 Kbits/sec  747.807 ms 0/3 (0%)
[  1] 48.00-49.00 sec  0.000 Bytes  0.000 bits/sec  747.807 ms 0/0 (nan%)
[  1] 49.00-50.00 sec  0.000 Bytes  0.000 bits/sec  747.807 ms 0/0 (nan%)
[  1] 50.00-51.00 sec  5.74 KBytes  47.0 Kbits/sec  741.562 ms 1/5 (20%)
[  1] 51.00-52.00 sec  0.000 Bytes  0.000 bits/sec  741.562 ms 0/0 (nan%)
[  1] 52.00-53.00 sec  0.000 Bytes  0.000 bits/sec  741.562 ms 0/0 (nan%)
[  1] 53.00-54.00 sec  2.87 KBytes  23.5 Kbits/sec  758.802 ms 0/3 (0%)
[  1] 53.00-54.00 sec  1 datagrams received out-of-order
[  1] 54.00-55.00 sec  0.000 Bytes  0.000 bits/sec  758.802 ms 0/0 (nan%)
[  1] 55.00-56.00 sec  0.000 Bytes  0.000 bits/sec  758.802 ms 0/0 (nan%)
[  1] 56.00-57.00 sec  5.74 KBytes  47.0 Kbits/sec  748.596 ms 1/5 (20%)
[  1] 57.00-58.00 sec  0.000 Bytes  0.000 bits/sec  748.596 ms 0/0 (nan%)
[  1] 58.00-59.00 sec  0.000 Bytes  0.000 bits/sec  748.596 ms 0/0 (nan%)
[  1] 59.00-60.00 sec  7.18 KBytes  58.8 Kbits/sec  681.379 ms 1/6 (17%)
[  1] 60.00-61.00 sec  0.000 Bytes  0.000 bits/sec  681.379 ms 0/0 (nan%)
[  1] 61.00-62.00 sec  0.000 Bytes  0.000 bits/sec  681.379 ms 0/0 (nan%)
[  1] 62.00-63.00 sec  2.87 KBytes  23.5 Kbits/sec  788.125 ms 2/4 (50%)
[  1] 63.00-64.00 sec  0.000 Bytes  0.000 bits/sec  788.125 ms 0/0 (nan%)
[  1] 64.00-65.00 sec  0.000 Bytes  0.000 bits/sec  788.125 ms 0/0 (nan%)
[  1] 65.00-66.00 sec  4.31 KBytes  35.3 Kbits/sec  772.680 ms 0/4 (0%)
[  1] 65.00-66.00 sec  1 datagrams received out-of-order
[  1] 66.00-67.00 sec  0.000 Bytes  0.000 bits/sec  772.680 ms 0/0 (nan%)
[  1] 67.00-68.00 sec  0.000 Bytes  0.000 bits/sec  772.680 ms 0/0 (nan%)
[  1] 68.00-69.00 sec  7.18 KBytes  58.8 Kbits/sec  663.769 ms 0/6 (0%)
[  1] 68.00-69.00 sec  1 datagrams received out-of-order
[  1] 69.00-70.00 sec  0.000 Bytes  0.000 bits/sec  663.769 ms 0/0 (nan%)
[  1] 70.00-71.00 sec  0.000 Bytes  0.000 bits/sec  663.769 ms 0/0 (nan%)
[  1] 71.00-72.00 sec  1.44 KBytes  11.8 Kbits/sec  754.979 ms 1/3 (33%)
[  1] 71.00-72.00 sec  1 datagrams received out-of-order
[  1] 72.00-73.00 sec  1.44 KBytes  11.8 Kbits/sec  769.541 ms 1/2 (50%)
[  1] 73.00-74.00 sec  0.000 Bytes  0.000 bits/sec  769.541 ms 0/0 (nan%)
[  1] 74.00-75.00 sec  4.31 KBytes  35.3 Kbits/sec  698.611 ms 0/4 (0%)
[  1] 74.00-75.00 sec  1 datagrams received out-of-order
[  1] 75.00-76.00 sec  0.000 Bytes  0.000 bits/sec  698.611 ms 0/0 (nan%)
[  1] 76.00-77.00 sec  0.000 Bytes  0.000 bits/sec  698.611 ms 0/0 (nan%)
[  1] 77.00-78.00 sec  1.44 KBytes  11.8 Kbits/sec  801.301 ms 1/3 (33%)
[  1] 77.00-78.00 sec  1 datagrams received out-of-order
[  1] 78.00-79.00 sec  1.44 KBytes  11.8 Kbits/sec  822.156 ms 1/2 (50%)
[  1] 79.00-80.00 sec  0.000 Bytes  0.000 bits/sec  822.156 ms 0/0 (nan%)
[  1] 80.00-81.00 sec  2.87 KBytes  23.5 Kbits/sec  777.359 ms 0/3 (0%)
[  1] 80.00-81.00 sec  1 datagrams received out-of-order
[  1] 81.00-82.00 sec  1.44 KBytes  11.8 Kbits/sec  812.898 ms 1/2 (50%)
[  1] 82.00-83.00 sec  0.000 Bytes  0.000 bits/sec  812.898 ms 0/0 (nan%)
[  1] 83.00-84.00 sec  1.44 KBytes  11.8 Kbits/sec  806.476 ms 0/1 (0%)
[  1] 83.00-84.00 sec  1 datagrams received out-of-order
[  1] 84.00-85.00 sec  0.000 Bytes  0.000 bits/sec  806.476 ms 0/0 (nan%)
[  1] 85.00-86.00 sec  2.87 KBytes  23.5 Kbits/sec  851.961 ms 1/3 (33%)
[  1] 86.00-87.00 sec  0.000 Bytes  0.000 bits/sec  851.961 ms 0/0 (nan%)
[  1] 87.00-88.00 sec  0.000 Bytes  0.000 bits/sec  851.961 ms 0/0 (nan%)
[  1] 88.00-89.00 sec  0.000 Bytes  0.000 bits/sec  851.961 ms 0/0 (nan%)
[  1] 89.00-90.00 sec  0.000 Bytes  0.000 bits/sec  851.961 ms 0/0 (nan%)
[  1] 90.00-91.00 sec  0.000 Bytes  0.000 bits/sec  851.961 ms 0/0 (nan%)
[  1] 91.00-92.00 sec  1.44 KBytes  11.8 Kbits/sec  1162.960 ms 4/5 (80%)
[  1] 92.00-93.00 sec  0.000 Bytes  0.000 bits/sec  1162.960 ms 0/0 (nan%)
[  1] 93.00-94.00 sec  0.000 Bytes  0.000 bits/sec  1162.960 ms 0/0 (nan%)
[  1] 94.00-95.00 sec  1.44 KBytes  11.8 Kbits/sec  1270.586 ms 2/3 (67%)
[  1] 95.00-96.00 sec  0.000 Bytes  0.000 bits/sec  1270.586 ms 0/0 (nan%)
[  1] 96.00-97.00 sec  1.44 KBytes  11.8 Kbits/sec  1255.029 ms 0/2 (0%)
[  1] 96.00-97.00 sec  1 datagrams received out-of-order
[  1] 97.00-98.00 sec  1.44 KBytes  11.8 Kbits/sec  1150.009 ms 0/1 (0%)
[  1] 97.00-98.00 sec  1 datagrams received out-of-order
[  1] 98.00-99.00 sec  4.31 KBytes  35.3 Kbits/sec  999.802 ms 0/3 (0%)
[  1] 99.00-100.00 sec  2.87 KBytes  23.5 Kbits/sec  947.481 ms 0/2 (0%)
[  1] 100.00-101.00 sec  0.000 Bytes  0.000 bits/sec  947.481 ms 0/0 (nan%)
[  1] 101.00-102.00 sec  4.31 KBytes  35.3 Kbits/sec  883.936 ms 1/4 (25%)
[  1] 102.00-103.00 sec  0.000 Bytes  0.000 bits/sec  883.936 ms 0/0 (nan%)
[  1] 103.00-104.00 sec  7.18 KBytes  58.8 Kbits/sec  697.825 ms 0/5 (0%)
[  1] 103.00-104.00 sec  1 datagrams received out-of-order
[  1] 104.00-105.00 sec  0.000 Bytes  0.000 bits/sec  697.825 ms 0/0 (nan%)
[  1] 105.00-106.00 sec  1.44 KBytes  11.8 Kbits/sec  796.897 ms 0/1 (0%)
[  1] 106.00-107.00 sec  0.000 Bytes  0.000 bits/sec  796.897 ms 0/0 (nan%)
[  1] 107.00-108.00 sec  0.000 Bytes  0.000 bits/sec  796.897 ms 0/0 (nan%)
[  1] 108.00-109.00 sec  5.74 KBytes  47.0 Kbits/sec  722.250 ms 0/5 (0%)
[  1] 108.00-109.00 sec  1 datagrams received out-of-order
[  1] 109.00-110.00 sec  0.000 Bytes  0.000 bits/sec  722.250 ms 0/0 (nan%)
[  1] 110.00-111.00 sec  0.000 Bytes  0.000 bits/sec  722.250 ms 0/0 (nan%)
[  1] 111.00-112.00 sec  0.000 Bytes  0.000 bits/sec  722.250 ms 0/0 (nan%)
[  1] 112.00-113.00 sec  2.87 KBytes  23.5 Kbits/sec  799.079 ms 1/4 (25%)
[  1] 112.00-113.00 sec  1 datagrams received out-of-order
[  1] 113.00-114.00 sec  0.000 Bytes  0.000 bits/sec  799.079 ms 0/0 (nan%)
[  1] 114.00-115.00 sec  2.87 KBytes  23.5 Kbits/sec  843.760 ms 2/4 (50%)
[  1] 115.00-116.00 sec  2.87 KBytes  23.5 Kbits/sec  790.448 ms 0/2 (0%)
[  1] 116.00-117.00 sec  1.44 KBytes  11.8 Kbits/sec  758.795 ms 0/1 (0%)
[  1] 116.00-117.00 sec  1 datagrams received out-of-order
[  1] 117.00-118.00 sec  1.44 KBytes  11.8 Kbits/sec  759.620 ms 0/1 (0%)
[  1] 118.00-119.00 sec  0.000 Bytes  0.000 bits/sec  759.620 ms 0/0 (nan%)
[  1] 119.00-120.00 sec  0.000 Bytes  0.000 bits/sec  759.620 ms 0/0 (nan%)
[  1] 120.00-121.00 sec  4.31 KBytes  35.3 Kbits/sec  797.801 ms 2/5 (40%)
[  1] 121.00-122.00 sec  0.000 Bytes  0.000 bits/sec  797.801 ms 0/0 (nan%)
[  1] 122.00-123.00 sec  0.000 Bytes  0.000 bits/sec  797.801 ms 0/0 (nan%)
[  1] 123.00-124.00 sec  5.74 KBytes  47.0 Kbits/sec  786.693 ms 2/6 (33%)
[  1] 124.00-125.00 sec  4.31 KBytes  35.3 Kbits/sec  662.123 ms 0/3 (0%)
[  1] 124.00-125.00 sec  1 datagrams received out-of-order
[  1] 125.00-126.00 sec  0.000 Bytes  0.000 bits/sec  662.123 ms 0/0 (nan%)
[  1] 126.00-127.00 sec  2.87 KBytes  23.5 Kbits/sec  641.154 ms 0/2 (0%)
[  1] 126.00-127.00 sec  1 datagrams received out-of-order
[  1] 127.00-128.00 sec  1.44 KBytes  11.8 Kbits/sec  668.644 ms 0/1 (0%)
[  1] 128.00-129.00 sec  1.44 KBytes  11.8 Kbits/sec  656.429 ms 0/1 (0%)
[  1] 128.00-129.00 sec  1 datagrams received out-of-order
[  1] 129.00-130.00 sec  5.74 KBytes  47.0 Kbits/sec  532.312 ms 0/4 (0%)
[  1] 129.00-130.00 sec  1 datagrams received out-of-order
[  1] 130.00-131.00 sec  4.31 KBytes  35.3 Kbits/sec  464.197 ms 0/3 (0%)
[  1] 130.00-131.00 sec  1 datagrams received out-of-order
[  1] 131.00-132.00 sec  0.000 Bytes  0.000 bits/sec  464.197 ms 0/0 (nan%)
[  1] 132.00-133.00 sec  2.87 KBytes  23.5 Kbits/sec  491.316 ms 0/2 (0%)
[  1] 132.00-133.00 sec  1 datagrams received out-of-order
[  1] 133.00-134.00 sec  2.87 KBytes  23.5 Kbits/sec  502.944 ms 0/2 (0%)
[  1] 134.00-135.00 sec  0.000 Bytes  0.000 bits/sec  502.944 ms 0/0 (nan%)
[  1] 135.00-136.00 sec  0.000 Bytes  0.000 bits/sec  502.944 ms 0/0 (nan%)
[  1] 136.00-137.00 sec  0.000 Bytes  0.000 bits/sec  502.944 ms 0/0 (nan%)
[  1] 137.00-138.00 sec  0.000 Bytes  0.000 bits/sec  502.944 ms 0/0 (nan%)
[  1] 138.00-139.00 sec  1.44 KBytes  11.8 Kbits/sec  714.231 ms 1/3 (33%)
[  1] 138.00-139.00 sec  1 datagrams received out-of-order
[  1] 139.00-140.00 sec  1.44 KBytes  11.8 Kbits/sec  707.686 ms 0/2 (0%)
[  1] 139.00-140.00 sec  1 datagrams received out-of-order
[  1] 140.00-141.00 sec  0.000 Bytes  0.000 bits/sec  707.686 ms 0/0 (nan%)
[  1] 141.00-142.00 sec  1.44 KBytes  11.8 Kbits/sec  794.829 ms 1/2 (50%)
[  1] 142.00-143.00 sec  1.44 KBytes  11.8 Kbits/sec  800.902 ms 0/1 (0%)
[  1] 143.00-144.00 sec  1.44 KBytes  11.8 Kbits/sec  766.284 ms 0/1 (0%)
[  1] 143.00-144.00 sec  1 datagrams received out-of-order
[  1] 144.00-145.00 sec  1.44 KBytes  11.8 Kbits/sec  728.007 ms 0/1 (0%)
[  1] 144.00-145.00 sec  1 datagrams received out-of-order
[  1] 145.00-146.00 sec  0.000 Bytes  0.000 bits/sec  728.007 ms 0/0 (nan%)
[  1] 146.00-147.00 sec  2.87 KBytes  23.5 Kbits/sec  760.086 ms 1/3 (33%)
[  1] 147.00-148.00 sec  2.87 KBytes  23.5 Kbits/sec  709.926 ms 0/2 (0%)
[  1] 148.00-149.00 sec  0.000 Bytes  0.000 bits/sec  709.926 ms 0/0 (nan%)
[  1] 149.00-150.00 sec  2.87 KBytes  23.5 Kbits/sec  739.430 ms 0/2 (0%)
[  1] 150.00-151.00 sec  0.000 Bytes  0.000 bits/sec  739.430 ms 0/0 (nan%)
[  1] 151.00-152.00 sec  0.000 Bytes  0.000 bits/sec  739.430 ms 0/0 (nan%)
[  1] 152.00-153.00 sec  0.000 Bytes  0.000 bits/sec  739.430 ms 0/0 (nan%)
[  1] 153.00-154.00 sec  1.44 KBytes  11.8 Kbits/sec  951.526 ms 2/3 (67%)
[  1] 154.00-155.00 sec  1.44 KBytes  11.8 Kbits/sec  953.680 ms 0/1 (0%)
[  1] 155.00-156.00 sec  5.74 KBytes  47.0 Kbits/sec  812.861 ms 0/4 (0%)
[  1] 156.00-157.00 sec  0.000 Bytes  0.000 bits/sec  812.861 ms 0/0 (nan%)
[  1] 157.00-158.00 sec  1.44 KBytes  11.8 Kbits/sec  878.806 ms 0/1 (0%)
[  1] 158.00-159.00 sec  5.74 KBytes  47.0 Kbits/sec  723.696 ms 0/4 (0%)
[  1] 159.00-160.00 sec  2.87 KBytes  23.5 Kbits/sec  690.978 ms 0/2 (0%)
[  1] 160.00-161.00 sec  1.44 KBytes  11.8 Kbits/sec  712.291 ms 0/1 (0%)
[  1] 161.00-162.00 sec  0.000 Bytes  0.000 bits/sec  712.291 ms 0/0 (nan%)
[  1] 162.00-163.00 sec  2.87 KBytes  23.5 Kbits/sec  758.813 ms 1/3 (33%)
[  1] 163.00-164.00 sec  0.000 Bytes  0.000 bits/sec  758.813 ms 0/0 (nan%)
[  1] 164.00-165.00 sec  7.18 KBytes  58.8 Kbits/sec  614.465 ms 0/5 (0%)
[  1] 164.00-165.00 sec  1 datagrams received out-of-order
[  1] 165.00-166.00 sec  0.000 Bytes  0.000 bits/sec  614.465 ms 0/0 (nan%)
[  1] 166.00-167.00 sec  0.000 Bytes  0.000 bits/sec  614.465 ms 0/0 (nan%)
[  1] 167.00-168.00 sec  2.87 KBytes  23.5 Kbits/sec  664.343 ms 0/3 (0%)
[  1] 167.00-168.00 sec  1 datagrams received out-of-order
[  1] 168.00-169.00 sec  1.44 KBytes  11.8 Kbits/sec  636.828 ms 0/1 (0%)
[  1] 168.00-169.00 sec  1 datagrams received out-of-order
[  1] 169.00-170.00 sec  0.000 Bytes  0.000 bits/sec  636.828 ms 0/0 (nan%)
[  1] 170.00-171.00 sec  2.87 KBytes  23.5 Kbits/sec  638.165 ms 0/3 (0%)
[  1] 170.00-171.00 sec  1 datagrams received out-of-order
[  1] 171.00-172.00 sec  0.000 Bytes  0.000 bits/sec  638.165 ms 0/0 (nan%)
[  1] 172.00-173.00 sec  0.000 Bytes  0.000 bits/sec  638.165 ms 0/0 (nan%)
[  1] 173.00-174.00 sec  0.000 Bytes  0.000 bits/sec  638.165 ms 0/0 (nan%)
[  1] 174.00-175.00 sec  0.000 Bytes  0.000 bits/sec  638.165 ms 0/0 (nan%)
[  1] 175.00-176.00 sec  0.000 Bytes  0.000 bits/sec  638.165 ms 0/0 (nan%)
[  1] 176.00-177.00 sec  2.87 KBytes  23.5 Kbits/sec  856.192 ms 3/6 (50%)
[  1] 176.00-177.00 sec  1 datagrams received out-of-order
[  1] 177.00-178.00 sec  0.000 Bytes  0.000 bits/sec  856.192 ms 0/0 (nan%)
[  1] 178.00-179.00 sec  2.87 KBytes  23.5 Kbits/sec  831.186 ms 0/2 (0%)
[  1] 178.00-179.00 sec  1 datagrams received out-of-order
[  1] 179.00-180.00 sec  1.44 KBytes  11.8 Kbits/sec  804.210 ms 0/1 (0%)
[  1] 179.00-180.00 sec  1 datagrams received out-of-order
[  1] 180.00-181.00 sec  0.000 Bytes  0.000 bits/sec  804.210 ms 0/0 (nan%)
[  1] 181.00-182.00 sec  2.87 KBytes  23.5 Kbits/sec  807.902 ms 1/3 (33%)
[  1] 182.00-183.00 sec  0.000 Bytes  0.000 bits/sec  807.902 ms 0/0 (nan%)
[  1] 183.00-184.00 sec  1.44 KBytes  11.8 Kbits/sec  886.969 ms 1/2 (50%)
[  1] 184.00-185.00 sec  5.74 KBytes  47.0 Kbits/sec  728.193 ms 0/4 (0%)
[  1] 185.00-186.00 sec  0.000 Bytes  0.000 bits/sec  728.193 ms 0/0 (nan%)
[  1] 186.00-187.00 sec  0.000 Bytes  0.000 bits/sec  728.193 ms 0/0 (nan%)
[  1] 187.00-188.00 sec  2.87 KBytes  23.5 Kbits/sec  778.329 ms 0/3 (0%)
[  1] 187.00-188.00 sec  1 datagrams received out-of-order
[  1] 188.00-189.00 sec  0.000 Bytes  0.000 bits/sec  778.329 ms 0/0 (nan%)
[  1] 189.00-190.00 sec  0.000 Bytes  0.000 bits/sec  778.329 ms 0/0 (nan%)
[  1] 190.00-191.00 sec  7.18 KBytes  58.8 Kbits/sec  700.137 ms 2/7 (29%)
[  1] 191.00-192.00 sec  1.44 KBytes  11.8 Kbits/sec  699.987 ms 0/1 (0%)
[  1] 191.00-192.00 sec  1 datagrams received out-of-order
[  1] 192.00-193.00 sec  0.000 Bytes  0.000 bits/sec  699.987 ms 0/0 (nan%)
[  1] 193.00-194.00 sec  1.44 KBytes  11.8 Kbits/sec  727.394 ms 0/2 (0%)
[  1] 193.00-194.00 sec  1 datagrams received out-of-order
[  1] 194.00-195.00 sec  0.000 Bytes  0.000 bits/sec  727.394 ms 0/0 (nan%)
[  1] 195.00-196.00 sec  0.000 Bytes  0.000 bits/sec  727.394 ms 0/0 (nan%)
[  1] 196.00-197.00 sec  1.44 KBytes  11.8 Kbits/sec  825.309 ms 1/3 (33%)
[  1] 196.00-197.00 sec  1 datagrams received out-of-order
[  1] 197.00-198.00 sec  0.000 Bytes  0.000 bits/sec  825.309 ms 0/0 (nan%)
[  1] 198.00-199.00 sec  0.000 Bytes  0.000 bits/sec  825.309 ms 0/0 (nan%)
[  1] 199.00-200.00 sec  0.000 Bytes  0.000 bits/sec  825.309 ms 0/0 (nan%)
[  1] 200.00-201.00 sec  0.000 Bytes  0.000 bits/sec  825.309 ms 0/0 (nan%)
[  1] 201.00-202.00 sec  2.87 KBytes  23.5 Kbits/sec  1004.517 ms 4/6 (67%)
[  1] 202.00-203.00 sec  1.44 KBytes  11.8 Kbits/sec  991.609 ms 0/1 (0%)
[  1] 203.00-204.00 sec  2.87 KBytes  23.5 Kbits/sec  889.949 ms 0/2 (0%)
[  1] 203.00-204.00 sec  1 datagrams received out-of-order
[  1] 204.00-205.00 sec  2.87 KBytes  23.5 Kbits/sec  840.378 ms 0/2 (0%)
[  1] 205.00-206.00 sec  1.44 KBytes  11.8 Kbits/sec  785.980 ms 0/1 (0%)
[  1] 205.00-206.00 sec  1 datagrams received out-of-order
[  1] 206.00-207.00 sec  2.87 KBytes  23.5 Kbits/sec  758.699 ms 0/2 (0%)
[  1] 207.00-208.00 sec  2.87 KBytes  23.5 Kbits/sec  731.303 ms 0/2 (0%)
[  1] 208.00-209.00 sec  0.000 Bytes  0.000 bits/sec  731.303 ms 0/0 (nan%)
[  1] 209.00-210.00 sec  2.87 KBytes  23.5 Kbits/sec  759.056 ms 1/3 (33%)
[  1] 210.00-211.00 sec  4.31 KBytes  35.3 Kbits/sec  656.356 ms 0/3 (0%)
[  1] 210.00-211.00 sec  1 datagrams received out-of-order
[  1] 211.00-212.00 sec  0.000 Bytes  0.000 bits/sec  656.356 ms 0/0 (nan%)
[  1] 212.00-213.00 sec  0.000 Bytes  0.000 bits/sec  656.356 ms 0/0 (nan%)
[  1] 213.00-214.00 sec  4.31 KBytes  35.3 Kbits/sec  653.329 ms 0/4 (0%)
[  1] 213.00-214.00 sec  1 datagrams received out-of-order
[  1] 214.00-215.00 sec  0.000 Bytes  0.000 bits/sec  653.329 ms 0/0 (nan%)
[  1] 215.00-216.00 sec  0.000 Bytes  0.000 bits/sec  653.329 ms 0/0 (nan%)
[  1] 216.00-217.00 sec  0.000 Bytes  0.000 bits/sec  653.329 ms 0/0 (nan%)
[  1] 217.00-218.00 sec  1.44 KBytes  11.8 Kbits/sec  850.741 ms 3/4 (75%)
[  1] 218.00-219.00 sec  0.000 Bytes  0.000 bits/sec  850.741 ms 0/0 (nan%)
[  1] 219.00-220.00 sec  1.44 KBytes  11.8 Kbits/sec  889.716 ms 0/2 (0%)
[  1] 219.00-220.00 sec  1 datagrams received out-of-order
[  1] 220.00-221.00 sec  1.44 KBytes  11.8 Kbits/sec  886.169 ms 1/2 (50%)
[  1] 221.00-222.00 sec  0.000 Bytes  0.000 bits/sec  886.169 ms 0/0 (nan%)
[  1] 222.00-223.00 sec  1.44 KBytes  11.8 Kbits/sec  903.220 ms 0/2 (0%)
[  1] 222.00-223.00 sec  1 datagrams received out-of-order
[  1] 223.00-224.00 sec  2.87 KBytes  23.5 Kbits/sec  855.722 ms 1/3 (33%)
[  1] 224.00-225.00 sec  0.000 Bytes  0.000 bits/sec  855.722 ms 0/0 (nan%)
[  1] 225.00-226.00 sec  2.87 KBytes  23.5 Kbits/sec  864.210 ms 0/2 (0%)
[  1] 226.00-227.00 sec  1.44 KBytes  11.8 Kbits/sec  810.265 ms 0/1 (0%)
[  1] 226.00-227.00 sec  1 datagrams received out-of-order
[  1] 227.00-228.00 sec  1.44 KBytes  11.8 Kbits/sec  818.935 ms 0/1 (0%)
[  1] 228.00-229.00 sec  0.000 Bytes  0.000 bits/sec  818.935 ms 0/0 (nan%)
[  1] 229.00-230.00 sec  5.74 KBytes  47.0 Kbits/sec  748.337 ms 0/4 (0%)
[  1] 230.00-231.00 sec  1.44 KBytes  11.8 Kbits/sec  762.327 ms 0/1 (0%)
[  1] 231.00-232.00 sec  0.000 Bytes  0.000 bits/sec  762.327 ms 0/0 (nan%)
[  1] 232.00-233.00 sec  1.44 KBytes  11.8 Kbits/sec  847.365 ms 1/2 (50%)
[  1] 233.00-234.00 sec  2.87 KBytes  23.5 Kbits/sec  790.752 ms 0/2 (0%)
[  1] 234.00-235.00 sec  1.44 KBytes  11.8 Kbits/sec  759.882 ms 0/1 (0%)
[  1] 234.00-235.00 sec  1 datagrams received out-of-order
[  1] 235.00-236.00 sec  0.000 Bytes  0.000 bits/sec  759.882 ms 0/0 (nan%)
[  1] 236.00-237.00 sec  2.87 KBytes  23.5 Kbits/sec  791.018 ms 1/3 (33%)
[  1] 237.00-238.00 sec  1.44 KBytes  11.8 Kbits/sec  796.391 ms 0/1 (0%)
[  1] 238.00-239.00 sec  1.44 KBytes  11.8 Kbits/sec  767.244 ms 0/1 (0%)
[  1] 238.00-239.00 sec  1 datagrams received out-of-order
[  1] 239.00-240.00 sec  5.74 KBytes  47.0 Kbits/sec  642.797 ms 0/4 (0%)
[  1] 240.00-241.00 sec  0.000 Bytes  0.000 bits/sec  642.797 ms 0/0 (nan%)
[  1] 241.00-242.00 sec  2.87 KBytes  23.5 Kbits/sec  646.984 ms 0/3 (0%)
[  1] 241.00-242.00 sec  1 datagrams received out-of-order
[  1] 242.00-243.00 sec  2.87 KBytes  23.5 Kbits/sec  595.937 ms 0/2 (0%)
[  1] 242.00-243.00 sec  1 datagrams received out-of-order
[  1] 243.00-244.00 sec  1.44 KBytes  11.8 Kbits/sec  613.252 ms 0/1 (0%)
[  1] 244.00-245.00 sec  1.44 KBytes  11.8 Kbits/sec  653.984 ms 0/1 (0%)
[  1] 245.00-246.00 sec  4.31 KBytes  35.3 Kbits/sec  552.967 ms 0/3 (0%)
[  1] 245.00-246.00 sec  1 datagrams received out-of-order
[  1] 246.00-247.00 sec  0.000 Bytes  0.000 bits/sec  552.967 ms 0/0 (nan%)
[  1] 247.00-248.00 sec  0.000 Bytes  0.000 bits/sec  552.967 ms 0/0 (nan%)
[  1] 248.00-249.00 sec  1.44 KBytes  11.8 Kbits/sec  672.298 ms 0/2 (0%)
[  1] 248.00-249.00 sec  1 datagrams received out-of-order
[  1] 249.00-250.00 sec  0.000 Bytes  0.000 bits/sec  672.298 ms 0/0 (nan%)
[  1] 250.00-251.00 sec  2.87 KBytes  23.5 Kbits/sec  655.594 ms 0/3 (0%)
[  1] 250.00-251.00 sec  1 datagrams received out-of-order
[  1] 251.00-252.00 sec  4.31 KBytes  35.3 Kbits/sec  562.568 ms 0/3 (0%)
[  1] 251.00-252.00 sec  1 datagrams received out-of-order
[  1] 252.00-253.00 sec  1.44 KBytes  11.8 Kbits/sec  571.753 ms 0/1 (0%)
[  1] 252.00-253.00 sec  1 datagrams received out-of-order
[  1] 253.00-254.00 sec  0.000 Bytes  0.000 bits/sec  571.753 ms 0/0 (nan%)
[  1] 254.00-255.00 sec  1.44 KBytes  11.8 Kbits/sec  605.903 ms 0/2 (0%)
[  1] 254.00-255.00 sec  1 datagrams received out-of-order
[  1] 255.00-256.00 sec  0.000 Bytes  0.000 bits/sec  605.903 ms 0/0 (nan%)
[  1] 256.00-257.00 sec  5.74 KBytes  47.0 Kbits/sec  580.222 ms 2/6 (33%)
[  1] 257.00-258.00 sec  0.000 Bytes  0.000 bits/sec  580.222 ms 0/0 (nan%)
[  1] 258.00-259.00 sec  4.31 KBytes  35.3 Kbits/sec  596.640 ms 1/4 (25%)
[  1] 259.00-260.00 sec  2.87 KBytes  23.5 Kbits/sec  543.638 ms 0/2 (0%)
[  1] 259.00-260.00 sec  1 datagrams received out-of-order
[  1] 260.00-261.00 sec  4.31 KBytes  35.3 Kbits/sec  508.169 ms 0/3 (0%)
[  1] 261.00-262.00 sec  2.87 KBytes  23.5 Kbits/sec  484.277 ms 0/2 (0%)
[  1] 261.00-262.00 sec  1 datagrams received out-of-order
[  1] 262.00-263.00 sec  7.18 KBytes  58.8 Kbits/sec  386.404 ms 0/5 (0%)
[  1] 263.00-264.00 sec  0.000 Bytes  0.000 bits/sec  386.404 ms 0/0 (nan%)
[  1] 264.00-265.00 sec  0.000 Bytes  0.000 bits/sec  386.404 ms 0/0 (nan%)
[  1] 265.00-266.00 sec  4.31 KBytes  35.3 Kbits/sec  479.392 ms 2/5 (40%)
[  1] 266.00-267.00 sec  0.000 Bytes  0.000 bits/sec  479.392 ms 0/0 (nan%)
[  1] 267.00-268.00 sec  2.87 KBytes  23.5 Kbits/sec  554.856 ms 1/3 (33%)
[  1] 268.00-269.00 sec  2.87 KBytes  23.5 Kbits/sec  520.245 ms 0/2 (0%)
[  1] 268.00-269.00 sec  1 datagrams received out-of-order
[  1] 269.00-270.00 sec  1.44 KBytes  11.8 Kbits/sec  525.166 ms 0/1 (0%)
[  1] 270.00-271.00 sec  0.000 Bytes  0.000 bits/sec  525.166 ms 0/0 (nan%)
[  1] 271.00-272.00 sec  10.0 KBytes  82.3 Kbits/sec  430.298 ms 1/8 (13%)
[  1] 272.00-273.00 sec  1.44 KBytes  11.8 Kbits/sec  487.154 ms 0/1 (0%)
[  1] 273.00-274.00 sec  8.61 KBytes  70.6 Kbits/sec  356.705 ms 0/6 (0%)
[  1] 273.00-274.00 sec  1 datagrams received out-of-order
[  1] 274.00-275.00 sec  24.4 KBytes   200 Kbits/sec  155.802 ms 0/17 (0%)
[  1] 275.00-276.00 sec  25.8 KBytes   212 Kbits/sec  76.342 ms 0/18 (0%)
[  1] 276.00-277.00 sec  0.000 Bytes  0.000 bits/sec  76.342 ms 0/0 (nan%)
[  1] 277.00-278.00 sec  0.000 Bytes  0.000 bits/sec  76.342 ms 0/0 (nan%)
[  1] 278.00-279.00 sec  0.000 Bytes  0.000 bits/sec  76.342 ms 0/0 (nan%)
[  1] 279.00-280.00 sec  0.000 Bytes  0.000 bits/sec  76.342 ms 0/0 (nan%)
[  1] 280.00-281.00 sec  2.87 KBytes  23.5 Kbits/sec  333.086 ms 2/5 (40%)
[  1] 280.00-281.00 sec  1 datagrams received out-of-order
[  1] 281.00-282.00 sec  5.74 KBytes  47.0 Kbits/sec  310.680 ms 0/4 (0%)
[  1] 281.00-282.00 sec  1 datagrams received out-of-order
[  1] 282.00-283.00 sec  0.000 Bytes  0.000 bits/sec  310.680 ms 0/0 (nan%)
[  1] 283.00-284.00 sec  2.87 KBytes  23.5 Kbits/sec  374.786 ms 0/2 (0%)
[  1] 283.00-284.00 sec  1 datagrams received out-of-order
[  1] 284.00-285.00 sec  1.44 KBytes  11.8 Kbits/sec  412.799 ms 0/1 (0%)
[  1] 285.00-286.00 sec  2.87 KBytes  23.5 Kbits/sec  418.615 ms 0/2 (0%)
[  1] 286.00-287.00 sec  1.44 KBytes  11.8 Kbits/sec  432.458 ms 0/1 (0%)
[  1] 286.00-287.00 sec  1 datagrams received out-of-order
[  1] 287.00-288.00 sec  0.000 Bytes  0.000 bits/sec  432.458 ms 0/0 (nan%)
[  1] 288.00-289.00 sec  2.87 KBytes  23.5 Kbits/sec  489.049 ms 1/3 (33%)
[  1] 289.00-290.00 sec  0.000 Bytes  0.000 bits/sec  489.049 ms 0/0 (nan%)
[  1] 290.00-291.00 sec  1.44 KBytes  11.8 Kbits/sec  549.382 ms 0/1 (0%)
[  1] 290.00-291.00 sec  1 datagrams received out-of-order
[  1] 291.00-292.00 sec  4.31 KBytes  35.3 Kbits/sec  500.642 ms 0/3 (0%)
[  1] 292.00-293.00 sec  4.31 KBytes  35.3 Kbits/sec  472.097 ms 0/3 (0%)
[  1] 293.00-294.00 sec  1.44 KBytes  11.8 Kbits/sec  466.456 ms 0/1 (0%)
[  1] 293.00-294.00 sec  1 datagrams received out-of-order
[  1] 294.00-295.00 sec  0.000 Bytes  0.000 bits/sec  466.456 ms 0/0 (nan%)
[  1] 295.00-296.00 sec  1.44 KBytes  11.8 Kbits/sec  584.801 ms 1/2 (50%)
[  1] 296.00-297.00 sec  0.000 Bytes  0.000 bits/sec  584.801 ms 0/0 (nan%)
[  1] 297.00-298.00 sec  1.44 KBytes  11.8 Kbits/sec  662.375 ms 1/2 (50%)
[  1] 298.00-299.00 sec  0.000 Bytes  0.000 bits/sec  662.375 ms 0/0 (nan%)
[  1] 299.00-300.00 sec  2.87 KBytes  23.5 Kbits/sec  658.881 ms 0/3 (0%)
[  1] 299.00-300.00 sec  1 datagrams received out-of-order
[  1] 300.00-301.00 sec  5.74 KBytes  47.0 Kbits/sec  552.883 ms 0/4 (0%)
[  1] 301.00-302.00 sec  10.0 KBytes  82.3 Kbits/sec  408.329 ms 0/7 (0%)
[  1] 302.00-303.00 sec  5.74 KBytes  47.0 Kbits/sec  371.283 ms 0/4 (0%)
[  1] 303.00-304.00 sec  38.8 KBytes   318 Kbits/sec  96.333 ms 0/27 (0%)
[  1] 304.00-305.00 sec  51.7 KBytes   423 Kbits/sec  33.177 ms 0/36 (0%)
[  1] 305.00-306.00 sec  47.4 KBytes   388 Kbits/sec  28.769 ms 0/33 (0%)
[  1] 306.00-307.00 sec  31.6 KBytes   259 Kbits/sec  38.191 ms 0/22 (0%)
[  1] 307.00-308.00 sec  33.0 KBytes   270 Kbits/sec  42.136 ms 0/23 (0%)
nsh> [K
nsh> [K
--- CMD: ps ---
ps
  PID GROUP CPU(AFFINITY)   PRI POLICY   TYPE    NPX STATE    EVENT     SIGMASK            STACK COMMAND
    0     0 000(0x00000003)   0 FIFO     Kthread   - Assigned           0000000000000000 0003024 CPU0 IDLE
    1     0 001(0x00000003)   0 FIFO     Kthread   - Running            0000000000000000 0003024 CPU1 IDLE
    2     0 ---(0x00000003) 100 RR       Kthread   - Waiting  Semaphore 0000000000000000 0001952 lpwork 0x2f018bc0 0x2f018c0c
    4     0 ---(0x00000003) 223 RR       Kthread   - Waiting  Semaphore 0000000000000000 0001968 hr_timer
    5     0 ---(0x00000001) 124 RR       Kthread   - Waiting  Semaphore 0000000000000000 0004016 ble_ctrl
    6     0 ---(0x00000001) 253 RR       Kthread   - Waiting  MQ empty  0000000000000000 0003520 wifi
    7     7 000(0x00000003) 101 RR       Task      - Running            0000000000000000 0004016 /system/bin/init
   29    29 ---(0x00000003) 100 RR       Task      - Waiting  Semaphore 0000000000000000 0008080 iperf2 -s -p 5003 -i 1 -u
   30    29 ---(0x00000003) 101 RR       pthread   - Waiting  Signal    0000000000000000 0008144 iperf2 0x6100d684 0x61800db8
   31    29 ---(0x00000003) 100 RR       pthread   - Waiting  Semaphore 0000000000000000 0008144 iperf2 0x6100d684 0x61800550
   35    29 ---(0x00000003) 100 RR       pthread   - Waiting  Semaphore 0000000000000000 0008144 iperf2 0x6100d684 0x6180a298
nsh> [K
nsh> [K
--- CMD: kill -15 29 ---
kill -15 29
nsh> [KWaiting for server threads to complete. Interrupt again to force quit.

nsh> [K
--- CMD: ps ---
ps
  PID GROUP CPU(AFFINITY)   PRI POLICY   TYPE    NPX STATE    EVENT     SIGMASK            STACK COMMAND
    0     0 000(0x00000003)   0 FIFO     Kthread   - Assigned           0000000000000000 0003024 CPU0 IDLE
    1     0 001(0x00000003)   0 FIFO     Kthread   - Running            0000000000000000 0003024 CPU1 IDLE
    2     0 ---(0x00000003) 100 RR       Kthread   - Waiting  Semaphore 0000000000000000 0001952 lpwork 0x2f018bc0 0x2f018c0c
    4     0 ---(0x00000003) 223 RR       Kthread   - Waiting  Semaphore 0000000000000000 0001968 hr_timer
    5     0 ---(0x00000001) 124 RR       Kthread   - Waiting  Semaphore 0000000000000000 0004016 ble_ctrl
    6     0 ---(0x00000001) 253 RR       Kthread   - Waiting  MQ empty  0000000000000000 0003520 wifi
    7     7 000(0x00000003) 101 RR       Task      - Running            0000000000000000 0004016 /system/bin/init
   29    29 ---(0x00000003) 100 RR       Task      - Waiting  Semaphore 0000000000000000 0008080 iperf2 -s -p 5003 -i 1 -u
   30    29 ---(0x00000003) 101 RR       pthread   - Waiting  Semaphore 0000000000000000 0008144 iperf2 0x6100d684 0x61800db8
   31    29 ---(0x00000003) 100 RR       pthread   - Waiting  Semaphore 0000000000000000 0008144 iperf2 0x6100d684 0x61800550
   35    29 ---(0x00000003) 100 RR       pthread   - Waiting  Semaphore 0000000000000000 0008144 iperf2 0x6100d684 0x6180a298
nsh> [K
nsh> [K
--- CMD: ps ---
[  3] WARNING: ack of last datagram failed.
recvfrom failed: Interrupted system call
ps
  PID GROUP CPU(AFFINITY)   PRI POLICY   TYPE    NPX STATE    EVENT     SIGMASK            STACK COMMAND
    0     0 000(0x00000003)   0 FIFO     Kthread   - Assigned           0000000000000000 0003024 CPU0 IDLE
    1     0 001(0x00000003)   0 FIFO     Kthread   - Running            0000000000000000 0003024 CPU1 IDLE
    2     0 ---(0x00000003) 100 RR       Kthread   - Waiting  Semaphore 0000000000000000 0001952 lpwork 0x2f018bc0 0x2f018c0c
    4     0 ---(0x00000003) 223 RR       Kthread   - Waiting  Semaphore 0000000000000000 0001968 hr_timer
    5     0 ---(0x00000001) 124 RR       Kthread   - Waiting  Semaphore 0000000000000000 0004016 ble_ctrl
    6     0 ---(0x00000001) 253 RR       Kthread   - Waiting  MQ empty  0000000000000000 0003520 wifi
    7     7 000(0x00000003) 101 RR       Task      - Running            0000000000000000 0004016 /system/bin/init
nsh> [K
nsh> [K
--- CMD: ifconfig ---
ifconfig
wlan0	Link encap:Ethernet HWaddr 30:ed:a0:f3:f7:b0 at RUNNING mtu 1500
	inet addr:192.168.1.60 DRaddr:192.168.1.1 Mask:255.255.255.0

	RX: Received Fragment Errors   Bytes   
	    00004d98 00000000 00000000 22aa4f          
	    IPv4     ARP      Dropped 
	    00000000 00000000 00000000
	TX: Queued   Sent     Errors   Timeouts Bytes   
	    0001f4c0 0001f4c3 00000000 00000000 a4ce4a1          
	Total Errors: 00000000

             IPv4   TCP   UDP  ICMP
Received     48f1  44c6  03b5  006e
Dropped      0008  0000  0000  0000
  IPv4        VHL: 0000   Frg: 0000
  Checksum   0000  0000  0000  0000
  TCP         ACK: 0000   SYN: 0000
              RST: 0000  0000
              HDR: 0000
  Type       0000  ----  ----  0000
Sent         f438  e59f  0e2b  006e
  Rexmit     ----  0005  ----  ----
nsh> [K
nsh> [K
--- CMD: cat /proc/iobinfo ---
cat /proc/iobinfo
    ntotal     nfree     nwait nthrottle
        96        96         0        72
nsh> [K
nsh> [K
--- CMD: rm /tmp/r1637 ---
rm /tmp/r1637
nsh> [K
nsh> [K
EXECUTION_COMPLETE_RATE_PENDING
