iperf2 -s -p 5003 -i 1 -u &
iperf2 [26:101]
nsh> [K------------------------------------------------------------
Server listening on UDP port 5003
UDP buffer size: 64.0 KByte
------------------------------------------------------------
[  1] local 0.0.0.0 port 5003 connected with 192.168.1.29 port 57899
[ ID] Interval       Transfer     Bandwidth        Jitter   Lost/Total Datagrams
[  1] 0.00-1.00 sec  1.15 MBytes  9.63 Mbits/sec   0.596 ms 641/1460 (44%)
[  1] 1.00-2.00 sec  1.22 MBytes  10.2 Mbits/sec   0.451 ms 1223/2094 (58%)
[  1] 1.00-2.00 sec  2 datagrams received out-of-order
[  1] 2.00-3.00 sec  1.37 MBytes  11.5 Mbits/sec   2.146 ms 837/1815 (46%)
[  1] 3.00-4.00 sec  1.23 MBytes  10.3 Mbits/sec   1.312 ms 521/1397 (37%)
[  1] 3.00-4.00 sec  2 datagrams received out-of-order
[  1] 4.00-5.00 sec  1.24 MBytes  10.4 Mbits/sec   0.898 ms 637/1518 (42%)
[  1] 4.00-5.00 sec  1 datagrams received out-of-order
[  1] 5.00-6.00 sec  1.21 MBytes  10.1 Mbits/sec   1.129 ms 690/1551 (44%)
[  1] 6.00-7.00 sec  1.22 MBytes  10.3 Mbits/sec   0.815 ms 1011/1884 (54%)
[  1] 7.00-8.00 sec  1.18 MBytes  9.90 Mbits/sec   3.476 ms 1038/1880 (55%)
[  1] 8.00-9.00 sec  1.26 MBytes  10.6 Mbits/sec   1.403 ms 1045/1943 (54%)
[  1] 9.00-10.00 sec  1.26 MBytes  10.5 Mbits/sec   2.142 ms 3009/3906 (77%)
[  1] 10.00-11.00 sec  1.17 MBytes  9.82 Mbits/sec   1.901 ms 1859/2694 (69%)
[  1] 10.00-11.00 sec  3 datagrams received out-of-order
[  1] 11.00-12.00 sec  1.22 MBytes  10.2 Mbits/sec   3.943 ms 2729/3598 (76%)
[  1] 12.00-13.00 sec  1.20 MBytes  10.0 Mbits/sec   2.214 ms 2692/3545 (76%)
[  1] 12.00-13.00 sec  1 datagrams received out-of-order
[  1] 13.00-14.00 sec  1.30 MBytes  10.9 Mbits/sec   0.739 ms 2691/3621 (74%)
[  1] 13.00-14.00 sec  1 datagrams received out-of-order
[  1] 14.00-15.00 sec  1.27 MBytes  10.6 Mbits/sec   2.072 ms 3897/4800 (81%)
[  1] 15.00-16.00 sec  1.18 MBytes  9.93 Mbits/sec   1.809 ms 3757/4601 (82%)
[  1] 15.00-16.00 sec  1 datagrams received out-of-order
[  1] 16.00-17.00 sec  1.06 MBytes  8.86 Mbits/sec   1.916 ms 2579/3332 (77%)
[  1] 17.00-18.00 sec  1.18 MBytes  9.93 Mbits/sec   2.751 ms 3809/4653 (82%)
[  1] 18.00-19.00 sec  1.19 MBytes  10.0 Mbits/sec   1.994 ms 2655/3506 (76%)
[  1] 19.00-20.00 sec  1.29 MBytes  10.8 Mbits/sec   0.500 ms 2070/2990 (69%)
[  1] 20.00-21.00 sec  1.37 MBytes  11.5 Mbits/sec   0.990 ms 1476/2450 (60%)
[  1] 21.00-22.00 sec  1.17 MBytes  9.82 Mbits/sec   2.118 ms 2506/3341 (75%)
[  1] 22.00-23.00 sec  1.25 MBytes  10.5 Mbits/sec   1.439 ms 2376/3265 (73%)
[  1] 23.00-24.00 sec  1.33 MBytes  11.1 Mbits/sec   1.549 ms 1838/2784 (66%)
[  1] 23.00-24.00 sec  1 datagrams received out-of-order
[  1] 24.00-25.00 sec  1.30 MBytes  10.9 Mbits/sec   2.044 ms 1508/2432 (62%)
[  1] 24.00-25.00 sec  2 datagrams received out-of-order
[  1] 25.00-26.00 sec  1.28 MBytes  10.7 Mbits/sec   2.314 ms 3544/4454 (80%)
[  1] 26.00-27.00 sec  1.17 MBytes  9.78 Mbits/sec   1.305 ms 4064/4896 (83%)
[  1] 26.00-27.00 sec  1 datagrams received out-of-order
[  1] 27.00-28.00 sec  1.18 MBytes  9.87 Mbits/sec   1.675 ms 2834/3673 (77%)
[  1] 27.00-28.00 sec  1 datagrams received out-of-order
[  1] 28.00-29.00 sec  1.16 MBytes  9.73 Mbits/sec   3.243 ms 3656/4483 (82%)
[  1] 28.00-29.00 sec  1 datagrams received out-of-order
[  1] 29.00-30.00 sec  1.16 MBytes  9.74 Mbits/sec   2.067 ms 908/1736 (52%)
[  1] 29.00-30.00 sec  37 datagrams received out-of-order
[  1] 30.00-31.00 sec  1.25 MBytes  10.5 Mbits/sec   0.804 ms 1090/1981 (55%)
[  1] 30.00-31.00 sec  1 datagrams received out-of-order
[  1] 31.00-32.00 sec  1.14 MBytes  9.53 Mbits/sec   1.148 ms 712/1522 (47%)
[  1] 31.00-32.00 sec  3 datagrams received out-of-order
[  1] 32.00-33.00 sec  1.36 MBytes  11.4 Mbits/sec   1.246 ms 971/1942 (50%)
[  1] 32.00-33.00 sec  1 datagrams received out-of-order
[  1] 33.00-34.00 sec  1.29 MBytes  10.8 Mbits/sec   1.607 ms 1884/2806 (67%)
[  1] 33.00-34.00 sec  1 datagrams received out-of-order
[  1] 34.00-35.00 sec  1.14 MBytes  9.57 Mbits/sec   1.304 ms 3377/4191 (81%)
[  1] 35.00-36.00 sec  1.02 MBytes  8.55 Mbits/sec   2.260 ms 2942/3669 (80%)
[  1] 36.00-37.00 sec  1.14 MBytes  9.57 Mbits/sec   0.915 ms 3577/4391 (81%)
[  1] 36.00-37.00 sec  1 datagrams received out-of-order
[  1] 37.00-38.00 sec  1.11 MBytes  9.30 Mbits/sec   1.127 ms 3177/3968 (80%)
[  1] 38.00-39.00 sec  1.14 MBytes  9.57 Mbits/sec   1.939 ms 2459/3273 (75%)
[  1] 39.00-40.00 sec  1.22 MBytes  10.2 Mbits/sec   1.194 ms 2558/3426 (75%)
[  1] 40.00-41.00 sec  1.08 MBytes  9.07 Mbits/sec   2.322 ms 2790/3561 (78%)
[  1] 41.00-42.00 sec  1.17 MBytes  9.80 Mbits/sec   0.746 ms 1661/2494 (67%)
[  1] 42.00-43.00 sec  1.30 MBytes  10.9 Mbits/sec   7.948 ms 1749/2674 (65%)
[  1] 43.00-44.00 sec  1.22 MBytes  10.2 Mbits/sec   4.679 ms 3031/3901 (78%)
[  1] 44.00-45.00 sec  1024 KBytes  8.38 Mbits/sec   1.621 ms 3867/4580 (84%)
[  1] 45.00-46.00 sec  1.09 MBytes  9.13 Mbits/sec   4.110 ms 2231/3007 (74%)
[  1] 46.00-47.00 sec  1.27 MBytes  10.7 Mbits/sec   3.542 ms 4207/5116 (82%)
[  1] 46.00-47.00 sec  1 datagrams received out-of-order
[  1] 47.00-48.00 sec  1.19 MBytes  9.95 Mbits/sec   1.577 ms 2774/3620 (77%)
[  1] 48.00-49.00 sec  1.24 MBytes  10.4 Mbits/sec   2.215 ms 2539/3423 (74%)
[  1] 48.00-49.00 sec  2 datagrams received out-of-order
[  1] 49.00-50.00 sec  1.34 MBytes  11.2 Mbits/sec   2.379 ms 1572/2528 (62%)
[  1] 50.00-51.00 sec  1.14 MBytes  9.55 Mbits/sec   1.310 ms 3387/4199 (81%)
[  1] 51.00-52.00 sec  1.25 MBytes  10.5 Mbits/sec   1.230 ms 2721/3613 (75%)
[  1] 51.00-52.00 sec  1 datagrams received out-of-order
[  1] 52.00-53.00 sec  1.22 MBytes  10.3 Mbits/sec   2.108 ms 3029/3901 (78%)
[  1] 52.00-53.00 sec  1 datagrams received out-of-order
[  1] 53.00-54.00 sec  1.27 MBytes  10.6 Mbits/sec   1.124 ms 3727/4631 (80%)
[  1] 53.00-54.00 sec  1 datagrams received out-of-order
[  1] 54.00-55.00 sec  1.20 MBytes  10.1 Mbits/sec   1.083 ms 2124/2982 (71%)
[  1] 55.00-56.00 sec  1.20 MBytes  10.1 Mbits/sec   2.284 ms 1946/2805 (69%)
[  1] 55.00-56.00 sec  1 datagrams received out-of-order
[  1] 56.00-57.00 sec  1.08 MBytes  9.09 Mbits/sec   1.396 ms 3091/3864 (80%)
[  1] 57.00-58.00 sec  1.24 MBytes  10.4 Mbits/sec   1.326 ms 1985/2867 (69%)
[  1] 57.00-58.00 sec  1 datagrams received out-of-order
[  1] 58.00-59.00 sec   932 KBytes  7.63 Mbits/sec   2.440 ms 3804/4453 (85%)
[  1] 59.00-60.00 sec   986 KBytes  8.08 Mbits/sec   2.082 ms 3774/4461 (85%)
[  1] 60.00-61.00 sec  1.13 MBytes  9.46 Mbits/sec   3.214 ms 1904/2708 (70%)
[  1] 61.00-62.00 sec  1002 KBytes  8.21 Mbits/sec   4.126 ms 2917/3615 (81%)
[  1] 62.00-63.00 sec  1.37 MBytes  11.5 Mbits/sec   1.867 ms 1506/2485 (61%)
[  1] 63.00-64.00 sec  1.37 MBytes  11.5 Mbits/sec   1.470 ms 1089/2067 (53%)
[  1] 64.00-65.00 sec  1.17 MBytes  9.84 Mbits/sec   1.477 ms 2084/2921 (71%)
[  1] 64.00-65.00 sec  1 datagrams received out-of-order
[  1] 65.00-66.00 sec   935 KBytes  7.66 Mbits/sec   1.888 ms 3403/4054 (84%)
[  1] 66.00-67.00 sec  1.17 MBytes  9.84 Mbits/sec   4.898 ms 2728/3565 (77%)
[  1] 67.00-68.00 sec   972 KBytes  7.96 Mbits/sec   3.864 ms 4131/4808 (86%)
[  1] 68.00-69.00 sec   823 KBytes  6.74 Mbits/sec   2.513 ms 4629/5202 (89%)
[  1] 69.00-70.00 sec   980 KBytes  8.03 Mbits/sec   1.597 ms 2790/3473 (80%)
[  1] 70.00-71.00 sec  1.24 MBytes  10.4 Mbits/sec   1.490 ms 2316/3204 (72%)
[  1] 70.00-71.00 sec  1 datagrams received out-of-order
[  1] 71.00-72.00 sec  1.09 MBytes  9.16 Mbits/sec   1.046 ms 2634/3413 (77%)
[  1] 72.00-73.00 sec  1.05 MBytes  8.81 Mbits/sec   1.871 ms 2961/3710 (80%)
[  1] 73.00-74.00 sec   947 KBytes  7.76 Mbits/sec   1.924 ms 2702/3362 (80%)
[  1] 74.00-75.00 sec  1.17 MBytes  9.83 Mbits/sec   2.749 ms 3398/4234 (80%)
[  1] 75.00-76.00 sec   972 KBytes  7.96 Mbits/sec   1.842 ms 3362/4039 (83%)
[  1] 75.00-76.00 sec  8 datagrams received out-of-order
[  1] 76.00-77.00 sec  1.20 MBytes  10.0 Mbits/sec   2.492 ms 2437/3290 (74%)
[  1] 77.00-78.00 sec  1.08 MBytes  9.06 Mbits/sec   3.340 ms 2237/3007 (74%)
[  1] 78.00-79.00 sec  1.15 MBytes  9.63 Mbits/sec   1.387 ms 2371/3190 (74%)
[  1] 79.00-80.00 sec  1.06 MBytes  8.86 Mbits/sec   1.226 ms 2409/3162 (76%)
[  1] 80.00-81.00 sec  1.13 MBytes  9.50 Mbits/sec   1.878 ms 3244/4052 (80%)
[  1] 81.00-82.00 sec  1.16 MBytes  9.70 Mbits/sec   3.173 ms 2344/3169 (74%)
[  1] 81.00-82.00 sec  2 datagrams received out-of-order
[  1] 82.00-83.00 sec  1.06 MBytes  8.89 Mbits/sec   2.185 ms 3065/3821 (80%)
[  1] 83.00-84.00 sec  1.04 MBytes  8.69 Mbits/sec   3.864 ms 2971/3710 (80%)
[  1] 84.00-85.00 sec  1.20 MBytes  10.1 Mbits/sec   1.227 ms 2804/3661 (77%)
[  1] 85.00-86.00 sec  1.08 MBytes  9.03 Mbits/sec   1.038 ms 2707/3475 (78%)
[  1] 86.00-87.00 sec  1.03 MBytes  8.62 Mbits/sec   3.815 ms 3147/3880 (81%)
[  1] 87.00-88.00 sec  1.07 MBytes  8.94 Mbits/sec   5.715 ms 2813/3573 (79%)
[  1] 88.00-89.00 sec   965 KBytes  7.90 Mbits/sec   3.092 ms 2691/3363 (80%)
[  1] 88.00-89.00 sec  1 datagrams received out-of-order
[  1] 89.00-90.00 sec  1.09 MBytes  9.10 Mbits/sec   0.917 ms 3696/4470 (83%)
[  1] 90.00-91.00 sec  1.23 MBytes  10.3 Mbits/sec   1.366 ms 2206/3081 (72%)
[  1] 91.00-92.00 sec  1.18 MBytes  9.88 Mbits/sec   0.475 ms 2479/3319 (75%)
[  1] 92.00-93.00 sec  1.07 MBytes  8.98 Mbits/sec   1.486 ms 2859/3623 (79%)
[  1] 93.00-94.00 sec  1.02 MBytes  8.53 Mbits/sec   2.175 ms 2514/3239 (78%)
[  1] 94.00-95.00 sec  1.08 MBytes  9.03 Mbits/sec   1.667 ms 3335/4103 (81%)
[  1] 95.00-96.00 sec  1.08 MBytes  9.09 Mbits/sec   2.850 ms 2859/3632 (79%)
[  1] 96.00-97.00 sec  1.28 MBytes  10.7 Mbits/sec   1.581 ms 2441/3354 (73%)
[  1] 96.00-97.00 sec  1 datagrams received out-of-order
[  1] 97.00-98.00 sec  1.18 MBytes  9.91 Mbits/sec   1.854 ms 2821/3664 (77%)
[  1] 98.00-99.00 sec  1001 KBytes  8.20 Mbits/sec   2.461 ms 2838/3535 (80%)
[  1] 99.00-100.00 sec  1.19 MBytes  9.97 Mbits/sec   2.196 ms 2830/3678 (77%)
[  1] 99.00-100.00 sec  2 datagrams received out-of-order
[  1] 100.00-101.00 sec  1.38 MBytes  11.6 Mbits/sec   0.982 ms 1775/2761 (64%)
[  1] 100.00-101.00 sec  2 datagrams received out-of-order
[  1] 101.00-102.00 sec  1.30 MBytes  10.9 Mbits/sec   1.551 ms 2422/3347 (72%)
[  1] 102.00-103.00 sec  1.22 MBytes  10.2 Mbits/sec   1.493 ms 2375/3245 (73%)
[  1] 102.00-103.00 sec  1 datagrams received out-of-order
[  1] 103.00-104.00 sec  1.20 MBytes  10.1 Mbits/sec   1.435 ms 2707/3563 (76%)
[  1] 104.00-105.00 sec  1.24 MBytes  10.4 Mbits/sec   3.510 ms 3458/4341 (80%)
[  1] 104.00-105.00 sec  1 datagrams received out-of-order
[  1] 105.00-106.00 sec  1.29 MBytes  10.8 Mbits/sec   1.070 ms 3085/4006 (77%)
[  1] 106.00-107.00 sec  1.24 MBytes  10.4 Mbits/sec   2.358 ms 2051/2939 (70%)
[  1] 107.00-108.00 sec  1.34 MBytes  11.2 Mbits/sec   0.960 ms 2570/3525 (73%)
[  1] 108.00-109.00 sec  1.36 MBytes  11.4 Mbits/sec   1.006 ms 1995/2966 (67%)
[  1] 108.00-109.00 sec  1 datagrams received out-of-order
[  1] 109.00-110.00 sec  1.24 MBytes  10.4 Mbits/sec   1.690 ms 2849/3734 (76%)
[  1] 109.00-110.00 sec  1 datagrams received out-of-order
[  1] 110.00-111.00 sec  1.20 MBytes  10.1 Mbits/sec   2.426 ms 2779/3636 (76%)
[  1] 110.00-111.00 sec  2 datagrams received out-of-order
[  1] 111.00-112.00 sec  1.08 MBytes  9.06 Mbits/sec   1.811 ms 3403/4173 (82%)
[  1] 112.00-113.00 sec  1.07 MBytes  9.00 Mbits/sec   1.723 ms 2855/3620 (79%)
[  1] 113.00-114.00 sec  1.07 MBytes  9.00 Mbits/sec   4.597 ms 2936/3701 (79%)
[  1] 113.00-114.00 sec  4 datagrams received out-of-order
[  1] 114.00-115.00 sec  1.09 MBytes  9.17 Mbits/sec   1.466 ms 3129/3909 (80%)
[  1] 114.00-115.00 sec  1 datagrams received out-of-order
[  1] 115.00-116.00 sec  1.16 MBytes  9.74 Mbits/sec   1.465 ms 2801/3629 (77%)
[  1] 115.00-116.00 sec  1 datagrams received out-of-order
[  1] 116.00-117.00 sec  1.14 MBytes  9.57 Mbits/sec   4.210 ms 3163/3977 (80%)
[  1] 116.00-117.00 sec  1 datagrams received out-of-order
[  1] 117.00-118.00 sec  1.10 MBytes  9.27 Mbits/sec   3.391 ms 2366/3154 (75%)
[  1] 118.00-119.00 sec  1.25 MBytes  10.5 Mbits/sec   3.138 ms 2679/3568 (75%)
[  1] 119.00-120.00 sec  1.10 MBytes  9.22 Mbits/sec   1.123 ms 2806/3590 (78%)
[  1] 120.00-121.00 sec  1.26 MBytes  10.6 Mbits/sec   0.883 ms 2263/3165 (72%)
[  1] 121.00-122.00 sec  1.05 MBytes  8.81 Mbits/sec   2.226 ms 3370/4119 (82%)
[  1] 122.00-123.00 sec  1.25 MBytes  10.5 Mbits/sec   1.045 ms 1661/2550 (65%)
[  1] 123.00-124.00 sec  1.16 MBytes  9.71 Mbits/sec   2.574 ms 2543/3369 (75%)
[  1] 124.00-125.00 sec  1.29 MBytes  10.8 Mbits/sec   1.050 ms 2130/3049 (70%)
[  1] 125.00-126.00 sec  1.14 MBytes  9.54 Mbits/sec   0.840 ms 2017/2828 (71%)
[  1] 126.00-127.00 sec  1.26 MBytes  10.6 Mbits/sec   1.503 ms 1756/2658 (66%)
[  1] 127.00-128.00 sec  1.34 MBytes  11.2 Mbits/sec   0.883 ms 3271/4224 (77%)
[  1] 127.00-128.00 sec  1 datagrams received out-of-order
[  1] 128.00-129.00 sec  1.23 MBytes  10.3 Mbits/sec   1.634 ms 2142/3022 (71%)
[  1] 129.00-130.00 sec  1.17 MBytes  9.81 Mbits/sec   2.042 ms 3000/3834 (78%)
[  1] 130.00-131.00 sec  1.23 MBytes  10.3 Mbits/sec   1.745 ms 2550/3430 (74%)
[  1] 130.00-131.00 sec  1 datagrams received out-of-order
[  1] 131.00-132.00 sec  1.06 MBytes  8.91 Mbits/sec   1.451 ms 3672/4430 (83%)
[  1] 132.00-133.00 sec  1.04 MBytes  8.73 Mbits/sec   2.878 ms 2755/3497 (79%)
[  1] 133.00-134.00 sec  1.38 MBytes  11.6 Mbits/sec   1.883 ms 2536/3522 (72%)
[  1] 133.00-134.00 sec  1 datagrams received out-of-order
[  1] 134.00-135.00 sec  1.32 MBytes  11.1 Mbits/sec   3.956 ms 2952/3892 (76%)
[  1] 134.00-135.00 sec  1 datagrams received out-of-order
[  1] 135.00-136.00 sec  1.26 MBytes  10.5 Mbits/sec   2.715 ms 2907/3803 (76%)
[  1] 136.00-137.00 sec  1.22 MBytes  10.2 Mbits/sec   1.704 ms 2655/3524 (75%)
[  1] 137.00-138.00 sec  1.17 MBytes  9.84 Mbits/sec   1.411 ms 2361/3198 (74%)
[  1] 138.00-139.00 sec  1.12 MBytes  9.37 Mbits/sec   3.651 ms 1680/2477 (68%)
[  1] 139.00-140.00 sec  1.05 MBytes  8.78 Mbits/sec   2.115 ms 2482/3229 (77%)
[  1] 140.00-141.00 sec  1003 KBytes  8.22 Mbits/sec   2.378 ms 2847/3546 (80%)
[  1] 140.00-141.00 sec  1 datagrams received out-of-order
[  1] 141.00-142.00 sec   991 KBytes  8.11 Mbits/sec   2.384 ms 2928/3618 (81%)
[  1] 142.00-143.00 sec   989 KBytes  8.10 Mbits/sec   7.514 ms 4359/5048 (86%)
[  1] 142.00-143.00 sec  4 datagrams received out-of-order
[  1] 143.00-144.00 sec  1.28 MBytes  10.7 Mbits/sec   0.593 ms 2667/3577 (75%)
[  1] 144.00-145.00 sec  1.19 MBytes  9.98 Mbits/sec   0.392 ms 2844/3693 (77%)
[  1] 144.00-145.00 sec  1 datagrams received out-of-order
[  1] 145.00-146.00 sec  1.16 MBytes  9.74 Mbits/sec   1.958 ms 3203/4031 (79%)
[  1] 146.00-147.00 sec  1.25 MBytes  10.5 Mbits/sec   1.770 ms 2472/3365 (73%)
[  1] 147.00-148.00 sec  1.25 MBytes  10.5 Mbits/sec   2.258 ms 2119/3009 (70%)
[  1] 148.00-149.00 sec  1.32 MBytes  11.1 Mbits/sec   1.279 ms 2316/3261 (71%)
[  1] 149.00-150.00 sec  1.27 MBytes  10.6 Mbits/sec   0.708 ms 2047/2951 (69%)
[  1] 150.00-151.00 sec  1.17 MBytes  9.83 Mbits/sec   3.484 ms 1865/2701 (69%)
[  1] 151.00-152.00 sec  1.04 MBytes  8.76 Mbits/sec   3.348 ms 3598/4343 (83%)
[  1] 151.00-152.00 sec  1 datagrams received out-of-order
[  1] 152.00-153.00 sec  1.22 MBytes  10.2 Mbits/sec   1.315 ms 2980/3851 (77%)
[  1] 152.00-153.00 sec  1 datagrams received out-of-order
[  1] 153.00-154.00 sec  1.29 MBytes  10.9 Mbits/sec   2.159 ms 3116/4039 (77%)
[  1] 153.00-154.00 sec  2 datagrams received out-of-order
[  1] 154.00-155.00 sec  1.23 MBytes  10.3 Mbits/sec   2.119 ms 3282/4162 (79%)
[  1] 155.00-156.00 sec  1.25 MBytes  10.5 Mbits/sec   3.173 ms 2602/3494 (74%)
[  1] 155.00-156.00 sec  1 datagrams received out-of-order
[  1] 156.00-157.00 sec  1.31 MBytes  11.0 Mbits/sec   2.995 ms 2506/3441 (73%)
[  1] 156.00-157.00 sec  3 datagrams received out-of-order
[  1] 157.00-158.00 sec  1.26 MBytes  10.6 Mbits/sec   5.035 ms 2341/3240 (72%)
[  1] 157.00-158.00 sec  2 datagrams received out-of-order
[  1] 158.00-159.00 sec  1.23 MBytes  10.3 Mbits/sec   1.434 ms 2508/3383 (74%)
[  1] 159.00-160.00 sec  1.24 MBytes  10.4 Mbits/sec   2.188 ms 2414/3295 (73%)
[  1] 160.00-161.00 sec  1.36 MBytes  11.4 Mbits/sec   1.623 ms 2163/3134 (69%)
[  1] 161.00-162.00 sec  1.21 MBytes  10.1 Mbits/sec   2.086 ms 3296/4159 (79%)
[  1] 162.00-163.00 sec  1.09 MBytes  9.11 Mbits/sec   3.258 ms 3070/3845 (80%)
[  1] 163.00-164.00 sec  1.23 MBytes  10.3 Mbits/sec   1.746 ms 2383/3258 (73%)
[  1] 164.00-165.00 sec  1.16 MBytes  9.76 Mbits/sec   1.875 ms 3184/4014 (79%)
[  1] 165.00-166.00 sec  1.33 MBytes  11.2 Mbits/sec   1.366 ms 1471/2423 (61%)
[  1] 166.00-167.00 sec  1.40 MBytes  11.7 Mbits/sec   1.700 ms 2067/3063 (67%)
[  1] 166.00-167.00 sec  1 datagrams received out-of-order
[  1] 167.00-168.00 sec  1.17 MBytes  9.82 Mbits/sec   2.332 ms 2358/3193 (74%)
[  1] 168.00-169.00 sec  1.09 MBytes  9.13 Mbits/sec   1.198 ms 3453/4229 (82%)
[  1] 168.00-169.00 sec  1 datagrams received out-of-order
[  1] 169.00-170.00 sec  1022 KBytes  8.37 Mbits/sec   2.272 ms 3537/4249 (83%)
[  1] 170.00-171.00 sec  1.05 MBytes  8.82 Mbits/sec   4.912 ms 3180/3930 (81%)
[  1] 171.00-172.00 sec  1.27 MBytes  10.7 Mbits/sec   1.949 ms 2810/3718 (76%)
[  1] 172.00-173.00 sec  1.07 MBytes  9.00 Mbits/sec   0.685 ms 3302/4067 (81%)
[  1] 173.00-174.00 sec  1.24 MBytes  10.4 Mbits/sec   2.419 ms 1622/2507 (65%)
[  1] 173.00-174.00 sec  1 datagrams received out-of-order
[  1] 174.00-175.00 sec  1.42 MBytes  11.9 Mbits/sec   1.354 ms 2028/3043 (67%)
[  1] 174.00-175.00 sec  1 datagrams received out-of-order
[  1] 175.00-176.00 sec  1.16 MBytes  9.77 Mbits/sec   2.150 ms 2246/3077 (73%)
[  1] 176.00-177.00 sec  1.30 MBytes  10.9 Mbits/sec   0.776 ms 2622/3549 (74%)
[  1] 177.00-178.00 sec  1.12 MBytes  9.37 Mbits/sec   3.515 ms 1723/2520 (68%)
[  1] 178.00-179.00 sec  1.07 MBytes  8.98 Mbits/sec   3.093 ms 4123/4887 (84%)
[  1] 178.00-179.00 sec  2 datagrams received out-of-order
[  1] 179.00-180.00 sec  1.37 MBytes  11.5 Mbits/sec   1.744 ms 2746/3721 (74%)
[  1] 179.00-180.00 sec  1 datagrams received out-of-order
[  1] 180.00-181.00 sec  1.29 MBytes  10.8 Mbits/sec   3.544 ms 2675/3592 (74%)
[  1] 180.00-181.00 sec  2 datagrams received out-of-order
[  1] 181.00-182.00 sec  1.22 MBytes  10.3 Mbits/sec   2.199 ms 3254/4127 (79%)
[  1] 182.00-183.00 sec  1.24 MBytes  10.4 Mbits/sec   1.370 ms 2349/3236 (73%)
[  1] 183.00-184.00 sec  1.21 MBytes  10.1 Mbits/sec   1.759 ms 2747/3610 (76%)
[  1] 184.00-185.00 sec  1.15 MBytes  9.63 Mbits/sec   4.673 ms 1592/2411 (66%)
[  1] 184.00-185.00 sec  33 datagrams received out-of-order
[  1] 185.00-186.00 sec  1.06 MBytes  8.89 Mbits/sec   3.931 ms 981/1737 (56%)
[  1] 185.00-186.00 sec  3 datagrams received out-of-order
[  1] 186.00-187.00 sec  1.22 MBytes  10.2 Mbits/sec   1.367 ms 1018/1885 (54%)
[  1] 187.00-188.00 sec  1.00 MBytes  8.42 Mbits/sec   2.700 ms 1976/2692 (73%)
[  1] 188.00-189.00 sec   853 KBytes  6.99 Mbits/sec   3.102 ms 3487/4081 (85%)
[  1] 189.00-190.00 sec  1.12 MBytes  9.42 Mbits/sec   1.338 ms 3628/4429 (82%)
[  1] 189.00-190.00 sec  1 datagrams received out-of-order
[  1] 190.00-191.00 sec  1.18 MBytes  9.91 Mbits/sec   2.131 ms 2245/3088 (73%)
[  1] 191.00-192.00 sec  1.10 MBytes  9.20 Mbits/sec   2.485 ms 2828/3610 (78%)
[  1] 192.00-193.00 sec  1.01 MBytes  8.51 Mbits/sec   1.379 ms 2385/3109 (77%)
[  1] 192.00-193.00 sec  1 datagrams received out-of-order
[  1] 193.00-194.00 sec  1.05 MBytes  8.82 Mbits/sec   0.690 ms 2907/3657 (79%)
[  1] 194.00-195.00 sec  1.23 MBytes  10.3 Mbits/sec   1.822 ms 2860/3737 (77%)
[  1] 194.00-195.00 sec  10 datagrams received out-of-order
[  1] 195.00-196.00 sec  1.19 MBytes  10.0 Mbits/sec   2.675 ms 2591/3443 (75%)
[  1] 195.00-196.00 sec  1 datagrams received out-of-order
[  1] 196.00-197.00 sec  1.06 MBytes  8.89 Mbits/sec   3.170 ms 2408/3164 (76%)
[  1] 196.00-197.00 sec  1 datagrams received out-of-order
[  1] 197.00-198.00 sec  1.03 MBytes  8.64 Mbits/sec   0.847 ms 2827/3562 (79%)
[  1] 198.00-199.00 sec  1.16 MBytes  9.74 Mbits/sec   1.020 ms 2817/3645 (77%)
[  1] 198.00-199.00 sec  1 datagrams received out-of-order
[  1] 199.00-200.00 sec  1.16 MBytes  9.73 Mbits/sec   1.802 ms 2711/3538 (77%)
[  1] 199.00-200.00 sec  1 datagrams received out-of-order
[  1] 200.00-201.00 sec  1.16 MBytes  9.76 Mbits/sec   2.652 ms 2348/3178 (74%)
[  1] 200.00-201.00 sec  1 datagrams received out-of-order
[  1] 201.00-202.00 sec  1.01 MBytes  8.47 Mbits/sec   1.993 ms 3251/3971 (82%)
[  1] 202.00-203.00 sec  1.10 MBytes  9.26 Mbits/sec   3.084 ms 2787/3574 (78%)
[  1] 202.00-203.00 sec  1 datagrams received out-of-order
[  1] 203.00-204.00 sec  1.14 MBytes  9.57 Mbits/sec   2.421 ms 2422/3236 (75%)
[  1] 203.00-204.00 sec  1 datagrams received out-of-order
[  1] 204.00-205.00 sec  1.08 MBytes  9.07 Mbits/sec   4.798 ms 3376/4147 (81%)
[  1] 205.00-206.00 sec  1.08 MBytes  9.06 Mbits/sec   2.212 ms 2378/3148 (76%)
[  1] 205.00-206.00 sec  1 datagrams received out-of-order
[  1] 206.00-207.00 sec  1.05 MBytes  8.82 Mbits/sec   1.528 ms 3613/4363 (83%)
[  1] 207.00-208.00 sec   992 KBytes  8.13 Mbits/sec   3.569 ms 2761/3452 (80%)
[  1] 208.00-209.00 sec  1.16 MBytes  9.69 Mbits/sec   1.358 ms 2564/3388 (76%)
[  1] 208.00-209.00 sec  1 datagrams received out-of-order
[  1] 209.00-210.00 sec  1.20 MBytes  10.1 Mbits/sec   2.704 ms 2808/3664 (77%)
[  1] 210.00-211.00 sec  1.28 MBytes  10.7 Mbits/sec   0.892 ms 2559/3470 (74%)
[  1] 210.00-211.00 sec  1 datagrams received out-of-order
[  1] 211.00-212.00 sec  1.24 MBytes  10.4 Mbits/sec   3.637 ms 2083/2969 (70%)
[  1] 211.00-212.00 sec  2 datagrams received out-of-order
[  1] 212.00-213.00 sec  1.34 MBytes  11.2 Mbits/sec   1.088 ms 2434/3389 (72%)
[  1] 213.00-214.00 sec  1.34 MBytes  11.3 Mbits/sec   1.720 ms 2649/3608 (73%)
[  1] 213.00-214.00 sec  1 datagrams received out-of-order
[  1] 214.00-215.00 sec  1.18 MBytes  9.94 Mbits/sec   1.852 ms 2600/3445 (75%)
[  1] 215.00-216.00 sec  1.29 MBytes  10.8 Mbits/sec   0.964 ms 2905/3823 (76%)
[  1] 215.00-216.00 sec  1 datagrams received out-of-order
[  1] 216.00-217.00 sec  1.00 MBytes  8.42 Mbits/sec   5.158 ms 2352/3068 (77%)
[  1] 217.00-218.00 sec  1.21 MBytes  10.1 Mbits/sec   1.390 ms 2870/3731 (77%)
[  1] 217.00-218.00 sec  1 datagrams received out-of-order
[  1] 218.00-219.00 sec  1.18 MBytes  9.91 Mbits/sec   3.108 ms 2796/3639 (77%)
[  1] 218.00-219.00 sec  1 datagrams received out-of-order
[  1] 219.00-220.00 sec  1.12 MBytes  9.36 Mbits/sec   3.222 ms 3500/4296 (81%)
[  1] 220.00-221.00 sec  1.29 MBytes  10.8 Mbits/sec   1.652 ms 2355/3276 (72%)
[  1] 220.00-221.00 sec  4 datagrams received out-of-order
[  1] 221.00-222.00 sec  1.13 MBytes  9.51 Mbits/sec   1.204 ms 3269/4078 (80%)
[  1] 222.00-223.00 sec  1.32 MBytes  11.1 Mbits/sec   2.666 ms 2443/3384 (72%)
[  1] 222.00-223.00 sec  1 datagrams received out-of-order
[  1] 223.00-224.00 sec  1.22 MBytes  10.2 Mbits/sec   2.076 ms 2104/2975 (71%)
[  1] 223.00-224.00 sec  1 datagrams received out-of-order
[  1] 224.00-225.00 sec  1.30 MBytes  10.9 Mbits/sec   4.046 ms 1206/2133 (57%)
[  1] 224.00-225.00 sec  1 datagrams received out-of-order
[  1] 225.00-226.00 sec  1.31 MBytes  11.0 Mbits/sec   1.625 ms 2355/3292 (72%)
[  1] 226.00-227.00 sec  1.18 MBytes  9.90 Mbits/sec   1.114 ms 2386/3228 (74%)
[  1] 227.00-228.00 sec  1.39 MBytes  11.7 Mbits/sec   2.083 ms 1810/2804 (65%)
[  1] 228.00-229.00 sec  1.16 MBytes  9.69 Mbits/sec   5.024 ms 3360/4184 (80%)
[  1] 229.00-230.00 sec  1.12 MBytes  9.43 Mbits/sec   3.543 ms 3505/4307 (81%)
[  1] 229.00-230.00 sec  1 datagrams received out-of-order
[  1] 230.00-231.00 sec  1.22 MBytes  10.2 Mbits/sec   0.947 ms 3694/4564 (81%)
[  1] 231.00-232.00 sec  1016 KBytes  8.33 Mbits/sec   2.631 ms 3914/4622 (85%)
[  1] 232.00-233.00 sec  1.16 MBytes  9.69 Mbits/sec   1.883 ms 2949/3773 (78%)
[  1] 232.00-233.00 sec  1 datagrams received out-of-order
[  1] 233.00-234.00 sec   830 KBytes  6.80 Mbits/sec   3.871 ms 2953/3531 (84%)
[  1] 234.00-235.00 sec  1.10 MBytes  9.24 Mbits/sec   1.708 ms 2732/3518 (78%)
[  1] 235.00-236.00 sec  1.24 MBytes  10.4 Mbits/sec   2.621 ms 2609/3495 (75%)
[  1] 236.00-237.00 sec  1.14 MBytes  9.54 Mbits/sec   3.402 ms 2445/3256 (75%)
[  1] 237.00-238.00 sec  1.09 MBytes  9.15 Mbits/sec   1.917 ms 2879/3657 (79%)
[  1] 238.00-239.00 sec  1.04 MBytes  8.75 Mbits/sec   1.616 ms 2556/3300 (77%)
[  1] 239.00-240.00 sec  1.10 MBytes  9.24 Mbits/sec   5.711 ms 2029/2815 (72%)
[  1] 239.00-240.00 sec  1 datagrams received out-of-order
[  1] 240.00-241.00 sec  1.12 MBytes  9.40 Mbits/sec   5.559 ms 3661/4460 (82%)
[  1] 241.00-242.00 sec  1.04 MBytes  8.71 Mbits/sec   2.249 ms 3059/3800 (81%)
[  1] 242.00-243.00 sec  1.03 MBytes  8.61 Mbits/sec   1.388 ms 3295/4027 (82%)
[  1] 242.00-243.00 sec  1 datagrams received out-of-order
[  1] 243.00-244.00 sec  1.03 MBytes  8.63 Mbits/sec   5.637 ms 3354/4088 (82%)
[  1] 244.00-245.00 sec  1.17 MBytes  9.84 Mbits/sec   1.616 ms 2921/3758 (78%)
[  1] 245.00-246.00 sec  1.34 MBytes  11.2 Mbits/sec   1.285 ms 1859/2814 (66%)
[  1] 245.00-246.00 sec  1 datagrams received out-of-order
[  1] 246.00-247.00 sec  1.14 MBytes  9.54 Mbits/sec   4.577 ms 2188/2999 (73%)
[  1] 247.00-248.00 sec  1.09 MBytes  9.14 Mbits/sec   2.722 ms 2762/3539 (78%)
[  1] 248.00-249.00 sec  1.09 MBytes  9.13 Mbits/sec   1.327 ms 2229/3005 (74%)
[  1] 248.00-249.00 sec  1 datagrams received out-of-order
[  1] 249.00-250.00 sec  1.12 MBytes  9.38 Mbits/sec   3.510 ms 2954/3752 (79%)
[  1] 250.00-251.00 sec  1.20 MBytes  10.1 Mbits/sec   2.627 ms 3334/4190 (80%)
[  1] 251.00-252.00 sec  1.15 MBytes  9.64 Mbits/sec   2.520 ms 2040/2860 (71%)
[  1] 252.00-253.00 sec   983 KBytes  8.06 Mbits/sec   1.151 ms 3331/4016 (83%)
[  1] 253.00-254.00 sec  1.09 MBytes  9.10 Mbits/sec   3.715 ms 3037/3811 (80%)
[  1] 253.00-254.00 sec  1 datagrams received out-of-order
[  1] 254.00-255.00 sec  1.19 MBytes  10.0 Mbits/sec   3.112 ms 2247/3098 (73%)
[  1] 254.00-255.00 sec  1 datagrams received out-of-order
[  1] 255.00-256.00 sec  1.24 MBytes  10.4 Mbits/sec   1.184 ms 2597/3482 (75%)
[  1] 255.00-256.00 sec  1 datagrams received out-of-order
[  1] 256.00-257.00 sec  1.24 MBytes  10.4 Mbits/sec   2.145 ms 2599/3485 (75%)
[  1] 257.00-258.00 sec  1.22 MBytes  10.3 Mbits/sec   3.009 ms 2541/3414 (74%)
[  1] 258.00-259.00 sec  1.19 MBytes  9.98 Mbits/sec   0.880 ms 2869/3718 (77%)
[  1] 259.00-260.00 sec  1.15 MBytes  9.62 Mbits/sec   1.761 ms 3361/4179 (80%)
[  1] 260.00-261.00 sec  1.22 MBytes  10.3 Mbits/sec   1.545 ms 3280/4152 (79%)
[  1] 260.00-261.00 sec  3 datagrams received out-of-order
[  1] 261.00-262.00 sec  1.29 MBytes  10.8 Mbits/sec   1.466 ms 2384/3301 (72%)
[  1] 261.00-262.00 sec  1 datagrams received out-of-order
[  1] 262.00-263.00 sec  1.26 MBytes  10.5 Mbits/sec   2.288 ms 2336/3233 (72%)
[  1] 263.00-264.00 sec  1.38 MBytes  11.6 Mbits/sec   1.087 ms 2256/3243 (70%)
[  1] 264.00-265.00 sec  1.29 MBytes  10.8 Mbits/sec   2.425 ms 2054/2975 (69%)
[  1] 265.00-266.00 sec  1.16 MBytes  9.71 Mbits/sec   2.281 ms 2132/2958 (72%)
[  1] 265.00-266.00 sec  3 datagrams received out-of-order
[  1] 266.00-267.00 sec  1.24 MBytes  10.4 Mbits/sec   1.837 ms 2155/3040 (71%)
[  1] 267.00-268.00 sec  1.37 MBytes  11.5 Mbits/sec   2.529 ms 1733/2709 (64%)
[  1] 268.00-269.00 sec  1.32 MBytes  11.1 Mbits/sec   2.678 ms 2256/3200 (71%)
[  1] 269.00-270.00 sec  1.15 MBytes  9.65 Mbits/sec   2.829 ms 2774/3595 (77%)
[  1] 270.00-271.00 sec  1.17 MBytes  9.78 Mbits/sec   2.736 ms 3624/4456 (81%)
[  1] 271.00-272.00 sec  1.10 MBytes  9.23 Mbits/sec   2.468 ms 3095/3880 (80%)
[  1] 271.00-272.00 sec  1 datagrams received out-of-order
[  1] 272.00-273.00 sec  1.18 MBytes  9.90 Mbits/sec   2.586 ms 1652/2494 (66%)
[  1] 272.00-273.00 sec  2 datagrams received out-of-order
[  1] 273.00-274.00 sec  1.11 MBytes  9.31 Mbits/sec   2.857 ms 1369/2161 (63%)
[  1] 273.00-274.00 sec  1 datagrams received out-of-order
[  1] 274.00-275.00 sec  1.16 MBytes  9.70 Mbits/sec   1.832 ms 1408/2233 (63%)
[  1] 275.00-276.00 sec  1.15 MBytes  9.63 Mbits/sec   1.791 ms 1493/2312 (65%)
[  1] 276.00-277.00 sec  1.33 MBytes  11.2 Mbits/sec   2.673 ms 2206/3158 (70%)
[  1] 277.00-278.00 sec  1.21 MBytes  10.2 Mbits/sec   2.063 ms 2967/3832 (77%)
[  1] 278.00-279.00 sec  1.29 MBytes  10.8 Mbits/sec   1.811 ms 2910/3827 (76%)
[  1] 279.00-280.00 sec  1.17 MBytes  9.83 Mbits/sec   2.970 ms 2932/3768 (78%)
[  1] 279.00-280.00 sec  1 datagrams received out-of-order
[  1] 280.00-281.00 sec  1.17 MBytes  9.85 Mbits/sec   2.641 ms 2723/3561 (76%)
[  1] 281.00-282.00 sec  1.25 MBytes  10.5 Mbits/sec   1.696 ms 2443/3332 (73%)
[  1] 281.00-282.00 sec  19 datagrams received out-of-order
[  1] 282.00-283.00 sec  1.17 MBytes  9.78 Mbits/sec   1.166 ms 2814/3646 (77%)
[  1] 283.00-284.00 sec  1.29 MBytes  10.8 Mbits/sec   1.409 ms 1868/2785 (67%)
[  1] 283.00-284.00 sec  1 datagrams received out-of-order
[  1] 284.00-285.00 sec  1.24 MBytes  10.4 Mbits/sec   1.386 ms 720/1604 (45%)
[  1] 284.00-285.00 sec  7 datagrams received out-of-order
[  1] 285.00-286.00 sec  1.16 MBytes  9.75 Mbits/sec   2.463 ms 2158/2987 (72%)
[  1] 285.00-286.00 sec  11 datagrams received out-of-order
[  1] 286.00-287.00 sec  1.20 MBytes  10.1 Mbits/sec   2.666 ms 2725/3580 (76%)
[  1] 287.00-288.00 sec  1.26 MBytes  10.5 Mbits/sec   1.986 ms 1436/2332 (62%)
[  1] 287.00-288.00 sec  1 datagrams received out-of-order
[  1] 288.00-289.00 sec  1.43 MBytes  12.0 Mbits/sec   1.656 ms 3216/4239 (76%)
[  1] 288.00-289.00 sec  1 datagrams received out-of-order
[  1] 289.00-290.00 sec  1.26 MBytes  10.6 Mbits/sec   3.953 ms 4082/4980 (82%)
[  1] 290.00-291.00 sec  1.20 MBytes  10.1 Mbits/sec   1.885 ms 3804/4661 (82%)
[  1] 291.00-292.00 sec  1.39 MBytes  11.6 Mbits/sec   5.470 ms 3147/4137 (76%)
[  1] 292.00-293.00 sec  1.23 MBytes  10.3 Mbits/sec   1.976 ms 2718/3596 (76%)
[  1] 293.00-294.00 sec  1.09 MBytes  9.17 Mbits/sec   2.339 ms 2292/3072 (75%)
[  1] 294.00-295.00 sec   950 KBytes  7.79 Mbits/sec   2.549 ms 3194/3856 (83%)
[  1] 294.00-295.00 sec  1 datagrams received out-of-order
[  1] 295.00-296.00 sec  1.33 MBytes  11.2 Mbits/sec   1.710 ms 2184/3134 (70%)
[  1] 296.00-297.00 sec  1.20 MBytes  10.1 Mbits/sec   2.151 ms 2612/3469 (75%)
[  1] 297.00-298.00 sec  1.25 MBytes  10.5 Mbits/sec   2.110 ms 2603/3492 (75%)
[  1] 297.00-298.00 sec  1 datagrams received out-of-order
[  1] 298.00-299.00 sec  1.23 MBytes  10.3 Mbits/sec   0.618 ms 2652/3526 (75%)
[  1] 299.00-300.00 sec  1.13 MBytes  9.48 Mbits/sec   3.822 ms 1856/2662 (70%)
[  1] 300.00-301.00 sec  1.08 MBytes  9.03 Mbits/sec   4.176 ms 4202/4970 (85%)
[  1] 301.00-302.00 sec  1.33 MBytes  11.1 Mbits/sec   2.153 ms 2944/3890 (76%)
[  1] 302.00-303.00 sec  1.29 MBytes  10.8 Mbits/sec   3.049 ms 3182/4099 (78%)
[  1] 303.00-304.00 sec  1.27 MBytes  10.7 Mbits/sec   2.068 ms 3418/4324 (79%)
[  1] 0.00-304.03 sec   358 MBytes  9.86 Mbits/sec   2.747 ms 794227/1049248 (76%)
[  1] 0.00-304.03 sec  263 datagrams received out-of-order
kill -15 26
nsh> Waiting for server threads to complete. Interrupt again to force quit.
[Kifconfig
wlan0	Link encap:Ethernet HWaddr 30:ed:a0:f3:f7:b0 at RUNNING mtu 1500
	inet addr:192.168.1.60 DRaddr:192.168.1.1 Mask:255.255.255.0

	RX: Received Fragment Errors   Bytes   
	    000677be 00000000 00000000 261fb49f        
	    IPv4     ARP      Dropped 
	    00000000 00000000 0004c10b
	TX: Queued   Sent     Errors   Timeouts Bytes   
	    00018420 00018422 00000000 00000000 53669d           
	Total Errors: 00000000

             IPv4   TCP   UDP  ICMP
Received     755d  9039  e4f9  0026
Dropped      0005  0000  0000  0000
  IPv4        VHL: 0000   Frg: 0000
  Checksum   0000  0000  0000  0000
  TCP         ACK: 0000   SYN: 0000
              RST: 0000  0000
              HDR: 0000
  Type       0000  ----  ----  0000
Sent         83ee  83c5  0002  0027
  Rexmit     ----  0001  ----  ----
nsh> [K