before-a.bin: OK
before-b.bin: OK
WIFI_ARTIFACT_CONFIG=PASS booleans=1766 protocol=7
+ /home/regex/.espressif/python_env/idf6.1_py3.10_env/bin/esptool --chip esp32s31 --port /dev/serial/by-id/usb-Silicon_Labs_CP2102N_USB_to_UART_Bridge_Controller_f65e4ef67f71f011975a049f1045c30f-if00-port0 --baud 460800 write-flash --flash-size 16MB --flash-mode dio --flash-freq 80m 0x2000 /home/regex/work/esp32s31-openvela/openvela-dev/out/esp32s31-network1480/nuttx.bin 0x200000 /home/regex/work/esp32s31-openvela/openvela-dev/out/esp32s31-network1480/appfs.img
esptool v5.4.0
Serial port /dev/serial/by-id/usb-Silicon_Labs_CP2102N_USB_to_UART_Bridge_Controller_f65e4ef67f71f011975a049f1045c30f-if00-port0:
Connecting....
Connected to ESP32-S31 on /dev/serial/by-id/usb-Silicon_Labs_CP2102N_USB_to_UART_Bridge_Controller_f65e4ef67f71f011975a049f1045c30f-if00-port0:
Chip type:          ESP32-S31 (revision v0.0)
Features:           Wi-Fi 6, BT 5.4 (LE), IEEE802.15.4, Dual Core + LP Core, 300MHz
Crystal frequency:  40MHz
MAC:                30:ed:a0:f3:f7:b0

Uploading stub flasher...
Running stub flasher...
Stub flasher running.
Changing baud rate to 460800...
Changed.

Configuring flash size...

Writing '/home/regex/work/esp32s31-openvela/openvela-dev/out/esp32s31-network1480/nuttx.bin' at 0x00002000...
SHA digest in image updated.
Flash will be erased from 0x00002000 to 0x00124fff...
Compressed 1188936 bytes to 659534...
Writing at 0x00007d37 ╸                                2.5% 16.00kB/644.08kB [0s] 
Writing at 0x0000deec ━                                5.0% 32.00kB/644.08kB [0s] 
Writing at 0x000158fc ━━                               7.5% 48.00kB/644.08kB [1s] 
Writing at 0x0002a6a1 ━━╸                              9.9% 64.00kB/644.08kB [1s] 
Writing at 0x00030bb9 ━━━╸                            12.4% 80.00kB/644.08kB [2s] 
Writing at 0x000352d3 ━━━━                            14.9% 96.00kB/644.08kB [2s] 
Writing at 0x0003fba3 ━━━━━                           17.4% 112.00kB/644.08kB [3s] 
Writing at 0x00054a92 ━━━━━╸                          19.9% 128.00kB/644.08kB [3s] 
Writing at 0x0005b0ae ━━━━━━╸                         22.4% 144.00kB/644.08kB [3s] 
Writing at 0x00061d65 ━━━━━━━                         24.8% 160.00kB/644.08kB [4s] 
Writing at 0x0006977d ━━━━━━━━                        27.3% 176.00kB/644.08kB [4s] 
Writing at 0x000726e9 ━━━━━━━━╸                       29.8% 192.00kB/644.08kB [5s] 
Writing at 0x00079392 ━━━━━━━━━╸                      32.3% 208.00kB/644.08kB [5s] 
Writing at 0x00080e0e ━━━━━━━━━━                      34.8% 224.00kB/644.08kB [6s] 
Writing at 0x000877d5 ━━━━━━━━━━━                     37.3% 240.00kB/644.08kB [6s] 
Writing at 0x0008dbb7 ━━━━━━━━━━━╸                    39.7% 256.00kB/644.08kB [6s] 
Writing at 0x00093cb7 ━━━━━━━━━━━━╸                   42.2% 272.00kB/644.08kB [7s] 
Writing at 0x0009946f ━━━━━━━━━━━━━                   44.7% 288.00kB/644.08kB [7s] 
Writing at 0x0009ecc4 ━━━━━━━━━━━━━━                  47.2% 304.00kB/644.08kB [8s] 
Writing at 0x000a4797 ━━━━━━━━━━━━━━╸                 49.7% 320.00kB/644.08kB [8s] 
Writing at 0x000aa408 ━━━━━━━━━━━━━━━╸                52.2% 336.00kB/644.08kB [8s] 
Writing at 0x000b1722 ━━━━━━━━━━━━━━━━                54.7% 352.00kB/644.08kB [9s] 
Writing at 0x000b90ce ━━━━━━━━━━━━━━━━━               57.1% 368.00kB/644.08kB [9s] 
Writing at 0x000c131b ━━━━━━━━━━━━━━━━━╸              59.6% 384.00kB/644.08kB [10s] 
Writing at 0x000c6c40 ━━━━━━━━━━━━━━━━━━╸             62.1% 400.00kB/644.08kB [10s] 
Writing at 0x000ccde3 ━━━━━━━━━━━━━━━━━━━             64.6% 416.00kB/644.08kB [10s] 
Writing at 0x000d3b20 ━━━━━━━━━━━━━━━━━━━━            67.1% 432.00kB/644.08kB [11s] 
Writing at 0x000d9c2b ━━━━━━━━━━━━━━━━━━━━╸           69.6% 448.00kB/644.08kB [11s] 
Writing at 0x000df744 ━━━━━━━━━━━━━━━━━━━━━╸          72.0% 464.00kB/644.08kB [12s] 
Writing at 0x000e539b ━━━━━━━━━━━━━━━━━━━━━━          74.5% 480.00kB/644.08kB [12s] 
Writing at 0x000ebabb ━━━━━━━━━━━━━━━━━━━━━━━         77.0% 496.00kB/644.08kB [12s] 
Writing at 0x000f2333 ━━━━━━━━━━━━━━━━━━━━━━━╸        79.5% 512.00kB/644.08kB [13s] 
Writing at 0x000f8249 ━━━━━━━━━━━━━━━━━━━━━━━━╸       82.0% 528.00kB/644.08kB [13s] 
Writing at 0x000fe304 ━━━━━━━━━━━━━━━━━━━━━━━━━       84.5% 544.00kB/644.08kB [14s] 
Writing at 0x00104369 ━━━━━━━━━━━━━━━━━━━━━━━━━━      86.9% 560.00kB/644.08kB [14s] 
Writing at 0x00109f59 ━━━━━━━━━━━━━━━━━━━━━━━━━━╸     89.4% 576.00kB/644.08kB [14s] 
Writing at 0x00110903 ━━━━━━━━━━━━━━━━━━━━━━━━━━━╸    91.9% 592.00kB/644.08kB [15s] 
Writing at 0x00117217 ━━━━━━━━━━━━━━━━━━━━━━━━━━━━    94.4% 608.00kB/644.08kB [15s] 
Writing at 0x0011cea3 ━━━━━━━━━━━━━━━━━━━━━━━━━━━━━   96.9% 624.00kB/644.08kB [16s] 
Writing at 0x00122bb3 ━━━━━━━━━━━━━━━━━━━━━━━━━━━━━╸  99.4% 640.00kB/644.08kB [16s] 
Writing at 0x00124448 ━━━━━━━━━━━━━━━━━━━━━━━━━━━━━━ 100.0% 644.08kB/644.08kB [16s] 
Wrote 1188936 bytes (659534 compressed) at 0x00002000 in 14.3 seconds (666.5 kbit/s).
Verifying written data...
Hash of data verified.

Writing '/home/regex/work/esp32s31-openvela/openvela-dev/out/esp32s31-network1480/appfs.img' at 0x00200000...
Flash will be erased from 0x00200000 to 0x0043dfff...
Compressed 2348032 bytes to 1382463...
Writing at 0x002073f0                                  1.2% 16.00kB/1.32MB [0s] 
Writing at 0x0020cc38 ╸                                2.4% 32.00kB/1.32MB [0s] 
Writing at 0x00213d86 ━                                3.6% 48.00kB/1.32MB [1s] 
Writing at 0x0021d77a ━                                4.7% 64.00kB/1.32MB [1s] 
Writing at 0x0022353e ━╸                               5.9% 80.00kB/1.32MB [2s] 
Writing at 0x0022940e ━━                               7.1% 96.00kB/1.32MB [2s] 
Writing at 0x0022efcc ━━                               8.3% 112.00kB/1.32MB [2s] 
Writing at 0x00234d83 ━━╸                              9.5% 128.00kB/1.32MB [3s] 
Writing at 0x0023aefb ━━━                             10.7% 144.00kB/1.32MB [3s] 
Writing at 0x002417eb ━━━╸                            11.9% 160.00kB/1.32MB [4s] 
Writing at 0x00247237 ━━━╸                            13.0% 176.00kB/1.32MB [4s] 
Writing at 0x0024c555 ━━━━                            14.2% 192.00kB/1.32MB [4s] 
Writing at 0x002522e5 ━━━━╸                           15.4% 208.00kB/1.32MB [5s] 
Writing at 0x002588b7 ━━━━╸                           16.6% 224.00kB/1.32MB [5s] 
Writing at 0x0025e467 ━━━━━                           17.8% 240.00kB/1.32MB [6s] 
Writing at 0x002643ff ━━━━━╸                          19.0% 256.00kB/1.32MB [6s] 
Writing at 0x0026a3bc ━━━━━━                          20.1% 272.00kB/1.32MB [6s] 
Writing at 0x002701c8 ━━━━━━                          21.3% 288.00kB/1.32MB [7s] 
Writing at 0x00275d07 ━━━━━━╸                         22.5% 304.00kB/1.32MB [7s] 
Writing at 0x0027d372 ━━━━━━━                         23.7% 320.00kB/1.32MB [8s] 
Writing at 0x00289144 ━━━━━━━                         24.9% 336.00kB/1.32MB [8s] 
Writing at 0x00293ba4 ━━━━━━━╸                        26.1% 352.00kB/1.32MB [8s] 
Writing at 0x002a18e5 ━━━━━━━━                        27.3% 368.00kB/1.32MB [9s] 
Writing at 0x002ab43e ━━━━━━━━╸                       28.4% 384.00kB/1.32MB [9s] 
Writing at 0x002b45d3 ━━━━━━━━╸                       29.6% 400.00kB/1.32MB [10s] 
Writing at 0x002bdc58 ━━━━━━━━━                       30.8% 416.00kB/1.32MB [10s] 
Writing at 0x002c4626 ━━━━━━━━━╸                      32.0% 432.00kB/1.32MB [11s] 
Writing at 0x002c9a95 ━━━━━━━━━╸                      33.2% 448.00kB/1.32MB [11s] 
Writing at 0x002cf513 ━━━━━━━━━━                      34.4% 464.00kB/1.32MB [11s] 
Writing at 0x002d4e23 ━━━━━━━━━━╸                     35.6% 480.00kB/1.32MB [12s] 
Writing at 0x002da78c ━━━━━━━━━━━                     36.7% 496.00kB/1.32MB [12s] 
Writing at 0x002e0474 ━━━━━━━━━━━                     37.9% 512.00kB/1.32MB [13s] 
Writing at 0x002e5bf6 ━━━━━━━━━━━╸                    39.1% 528.00kB/1.32MB [13s] 
Writing at 0x002eb7ae ━━━━━━━━━━━━                    40.3% 544.00kB/1.32MB [13s] 
Writing at 0x002f1336 ━━━━━━━━━━━━                    41.5% 560.00kB/1.32MB [14s] 
Writing at 0x002f6d91 ━━━━━━━━━━━━╸                   42.7% 576.00kB/1.32MB [14s] 
Writing at 0x002fc597 ━━━━━━━━━━━━━                   43.8% 592.00kB/1.32MB [15s] 
Writing at 0x0030211c ━━━━━━━━━━━━━╸                  45.0% 608.00kB/1.32MB [15s] 
Writing at 0x003077da ━━━━━━━━━━━━━╸                  46.2% 624.00kB/1.32MB [15s] 
Writing at 0x0030d442 ━━━━━━━━━━━━━━                  47.4% 640.00kB/1.32MB [16s] 
Writing at 0x0031360d ━━━━━━━━━━━━━━╸                 48.6% 656.00kB/1.32MB [16s] 
Writing at 0x003195eb ━━━━━━━━━━━━━━╸                 49.8% 672.00kB/1.32MB [17s] 
Writing at 0x0031f640 ━━━━━━━━━━━━━━━                 51.0% 688.00kB/1.32MB [17s] 
Writing at 0x00324a66 ━━━━━━━━━━━━━━━╸                52.1% 704.00kB/1.32MB [17s] 
Writing at 0x0032a1ec ━━━━━━━━━━━━━━━╸                53.3% 720.00kB/1.32MB [18s] 
Writing at 0x0032fbff ━━━━━━━━━━━━━━━━                54.5% 736.00kB/1.32MB [18s] 
Writing at 0x0033587d ━━━━━━━━━━━━━━━━╸               55.7% 752.00kB/1.32MB [19s] 
Writing at 0x0033b6b1 ━━━━━━━━━━━━━━━━━               56.9% 768.00kB/1.32MB [19s] 
Writing at 0x00340eec ━━━━━━━━━━━━━━━━━               58.1% 784.00kB/1.32MB [20s] 
Writing at 0x003484f7 ━━━━━━━━━━━━━━━━━╸              59.3% 800.00kB/1.32MB [20s] 
Writing at 0x00353c30 ━━━━━━━━━━━━━━━━━━              60.4% 816.00kB/1.32MB [20s] 
Writing at 0x0035f27a ━━━━━━━━━━━━━━━━━━              61.6% 832.00kB/1.32MB [21s] 
Writing at 0x00365397 ━━━━━━━━━━━━━━━━━━╸             62.8% 848.00kB/1.32MB [21s] 
Writing at 0x0036ccc6 ━━━━━━━━━━━━━━━━━━━             64.0% 864.00kB/1.32MB [22s] 
Writing at 0x00373725 ━━━━━━━━━━━━━━━━━━━╸            65.2% 880.00kB/1.32MB [22s] 
Writing at 0x00379642 ━━━━━━━━━━━━━━━━━━━╸            66.4% 896.00kB/1.32MB [22s] 
Writing at 0x0037fb32 ━━━━━━━━━━━━━━━━━━━━            67.6% 912.00kB/1.32MB [23s] 
Writing at 0x003862ff ━━━━━━━━━━━━━━━━━━━━╸           68.7% 928.00kB/1.32MB [23s] 
Writing at 0x0038bff0 ━━━━━━━━━━━━━━━━━━━━╸           69.9% 944.00kB/1.32MB [24s] 
Writing at 0x003911a8 ━━━━━━━━━━━━━━━━━━━━━           71.1% 960.00kB/1.32MB [24s] 
Writing at 0x0039b3de ━━━━━━━━━━━━━━━━━━━━━╸          72.3% 976.00kB/1.32MB [24s] 
Writing at 0x003a3db1 ━━━━━━━━━━━━━━━━━━━━━━          73.5% 992.00kB/1.32MB [25s] 
Writing at 0x003ad979 ━━━━━━━━━━━━━━━━━━━━━━          74.7% 1008.00kB/1.32MB [25s] 
Writing at 0x003b3815 ━━━━━━━━━━━━━━━━━━━━━━╸         75.8% 1.00MB/1.32MB [26s] 
Writing at 0x003b9844 ━━━━━━━━━━━━━━━━━━━━━━━         77.0% 1.02MB/1.32MB [26s] 
Writing at 0x003bee3d ━━━━━━━━━━━━━━━━━━━━━━━         78.2% 1.03MB/1.32MB [26s] 
Writing at 0x003c57f7 ━━━━━━━━━━━━━━━━━━━━━━━╸        79.4% 1.05MB/1.32MB [27s] 
Writing at 0x003cd32e ━━━━━━━━━━━━━━━━━━━━━━━━        80.6% 1.06MB/1.32MB [27s] 
Writing at 0x003d33e4 ━━━━━━━━━━━━━━━━━━━━━━━━╸       81.8% 1.08MB/1.32MB [28s] 
Writing at 0x003dba5c ━━━━━━━━━━━━━━━━━━━━━━━━╸       83.0% 1.09MB/1.32MB [28s] 
Writing at 0x003e25ca ━━━━━━━━━━━━━━━━━━━━━━━━━       84.1% 1.11MB/1.32MB [28s] 
Writing at 0x003e82fc ━━━━━━━━━━━━━━━━━━━━━━━━━╸      85.3% 1.12MB/1.32MB [29s] 
Writing at 0x003eedb9 ━━━━━━━━━━━━━━━━━━━━━━━━━╸      86.5% 1.14MB/1.32MB [29s] 
Writing at 0x003f6390 ━━━━━━━━━━━━━━━━━━━━━━━━━━      87.7% 1.16MB/1.32MB [30s] 
Writing at 0x003fd8d2 ━━━━━━━━━━━━━━━━━━━━━━━━━━╸     88.9% 1.17MB/1.32MB [30s] 
Writing at 0x00405696 ━━━━━━━━━━━━━━━━━━━━━━━━━━━     90.1% 1.19MB/1.32MB [30s] 
Writing at 0x0040b815 ━━━━━━━━━━━━━━━━━━━━━━━━━━━     91.3% 1.20MB/1.32MB [31s] 
Writing at 0x0041315d ━━━━━━━━━━━━━━━━━━━━━━━━━━━╸    92.4% 1.22MB/1.32MB [31s] 
Writing at 0x0041b54d ━━━━━━━━━━━━━━━━━━━━━━━━━━━━    93.6% 1.23MB/1.32MB [32s] 
Writing at 0x00421a80 ━━━━━━━━━━━━━━━━━━━━━━━━━━━━    94.8% 1.25MB/1.32MB [32s] 
Writing at 0x004278b9 ━━━━━━━━━━━━━━━━━━━━━━━━━━━━╸   96.0% 1.27MB/1.32MB [32s] 
Writing at 0x0042d7c4 ━━━━━━━━━━━━━━━━━━━━━━━━━━━━━   97.2% 1.28MB/1.32MB [33s] 
Writing at 0x00432f36 ━━━━━━━━━━━━━━━━━━━━━━━━━━━━━╸  98.4% 1.30MB/1.32MB [33s] 
Writing at 0x00439594 ━━━━━━━━━━━━━━━━━━━━━━━━━━━━━╸  99.6% 1.31MB/1.32MB [34s] 
Writing at 0x0043d400 ━━━━━━━━━━━━━━━━━━━━━━━━━━━━━━ 100.0% 1.32MB/1.32MB [34s] 
Wrote 2348032 bytes (1382463 compressed) at 0x00200000 in 31.8 seconds (589.9 kbit/s).
Verifying written data...
Hash of data verified.

Hard resetting via RTS pin...
