cat /dev/s31stat
MONIRQ: cpu=0 defer=12897 replay=12896 ack=16808 drop=0 pending=0x4 sreplay=6
MONLAT: scope=monitor_to_wifi_cb units=cycles cpu=0 input=1 last=1214 max=270940958 samples=423 over32=37 over100=22 over1000=4 sum=296711598 direct=2 directmax=16392 deferred=421 deferredmax=270940958
MONIRQ: cpu=1 defer=13901 replay=13901 ack=14218 drop=0 pending=0x0 sreplay=1
MONLAT: scope=monitor_to_wifi_cb units=cycles cpu=1 input=1 last=0 max=0 samples=0 over32=0 over100=0 over1000=0 sum=0 direct=0 directmax=0 deferred=0 deferredmax=0
ADDRENV: created=8 fail=0 destroyed=7 live=1 livemax=2 pages=1064 pgt=28
WIFIRX: callbacks=19
WIFIQ: lifetimes=1 untracked=0
WIFIQ: slot=0 active=1 depth=200 size=8 try0=398 fail0=0
TCPSYNACK: seen=0 queued=0 nomem=0 error=0 badip=0 badtcp=0
TXDONE: total=4 fail=0 invalid=0 nonarp=4
TXSHAPE: snap=4 arphdr=0 arpfail=0 offset=34 len=328
ARPREQ: seen=0 baddst=0 badsrc=0 badsha=0 badspa=0 badtha=0
ARPDIAG: dir=0 frames=0 bad=0 req=0 reply=0 peer=0 peerreply=0 lastlen=0 srcdiff=0 ok=0 drop=0
ARPDIAG: dir=1 frames=8 bad=0 req=8 reply=0 peer=0 peerreply=0 lastlen=60 srcdiff=0 ok=8 drop=0
ARPDIAG: dir=2 frames=0 bad=0 req=0 reply=0 peer=0 peerreply=0 lastlen=0 srcdiff=0 ok=0 drop=0
WAIT: pid=2 object=0x2f018bd4
LPTRACE: 0x2f00c73e
WAIT: pid=4 object=0x2f018c2c
WAIT: pid=5 object=0x2f029194
nsh> [Kifconfig
wlan0	Link encap:Ethernet HWaddr 30:ed:a0:f3:f7:b0 at RUNNING mtu 1500
	inet addr:192.168.1.60 DRaddr:192.168.1.1 Mask:255.255.255.0

	RX: Received Fragment Errors   Bytes   
	    00000013 00000000 00000000 89c             
	    IPv4     ARP      Dropped 
	    00000000 00000000 00000000
	TX: Queued   Sent     Errors   Timeouts Bytes   
	    00000002 00000004 00000000 00000000 26d              
	Total Errors: 00000000

             IPv4   TCP   UDP  ICMP
Received     0002  0000  0002  0000
Dropped      0000  0000  0000  0000
  IPv4        VHL: 0000   Frg: 0000
  Checksum   0000  0000  0000  0000
  TCP         ACK: 0000   SYN: 0000
              RST: 0000  0000
              HDR: 0000
  Type       0000  ----  ----  0000
Sent         0002  0000  0002  0000
  Rexmit     ----  0000  ----  ----
nsh> [K