iperf2 -s -u -p 5010 -i 1 &
iperf2 [15:101]
nsh> [K------------------------------------------------------------
Server listening on UDP port 5010
UDP buffer size: 16.0 KByte
------------------------------------------------------------
[  1] local 0.0.0.0 port 5010 connected with 192.168.1.29 port 57737
[ ID] Interval       Transfer     Bandwidth        Jitter   Lost/Total Datagrams
[  1] 0.00-1.00 sec   579 KBytes  4.74 Mbits/sec   4.524 ms 0/403 (0%)
[  1] 0.00-1.00 sec  1 datagrams received out-of-order
[  1] 1.00-2.00 sec   657 KBytes  5.39 Mbits/sec   1.006 ms 21/479 (4.4%)
[  1] 1.00-2.00 sec  2 datagrams received out-of-order
[  1] 2.00-3.00 sec   647 KBytes  5.30 Mbits/sec   1.458 ms 0/451 (0%)
[  1] 3.00-4.00 sec   627 KBytes  5.14 Mbits/sec   2.663 ms 3/440 (0.68%)
[  1] 4.00-5.00 sec   633 KBytes  5.19 Mbits/sec   1.836 ms 8/449 (1.8%)
[  1] 4.00-5.00 sec  1 datagrams received out-of-order
[  1] 5.00-6.00 sec   647 KBytes  5.30 Mbits/sec   1.011 ms 1/452 (0.22%)
[  1] 5.00-6.00 sec  2 datagrams received out-of-order
[  1] 6.00-7.00 sec   636 KBytes  5.21 Mbits/sec   1.543 ms 2/445 (0.45%)
[  1] 7.00-8.00 sec   639 KBytes  5.23 Mbits/sec   1.383 ms 2/447 (0.45%)
[  1] 8.00-9.00 sec   627 KBytes  5.14 Mbits/sec   1.747 ms 4/441 (0.91%)
[  1] 9.00-10.00 sec   637 KBytes  5.22 Mbits/sec   2.038 ms 1/445 (0.22%)
[  1] 10.00-11.00 sec   630 KBytes  5.16 Mbits/sec   1.131 ms 6/445 (1.3%)
[  1] 11.00-12.00 sec   640 KBytes  5.24 Mbits/sec   2.168 ms 0/446 (0%)
[  1] 11.00-12.00 sec  2 datagrams received out-of-order
[  1] 12.00-13.00 sec   622 KBytes  5.09 Mbits/sec   2.145 ms 12/445 (2.7%)
[  1] 12.00-13.00 sec  1 datagrams received out-of-order
[  1] 13.00-14.00 sec   649 KBytes  5.32 Mbits/sec   2.050 ms 0/452 (0%)
[  1] 13.00-14.00 sec  2 datagrams received out-of-order
[  1] 14.00-15.00 sec   639 KBytes  5.23 Mbits/sec   2.301 ms 1/446 (0.22%)
[  1] 14.00-15.00 sec  2 datagrams received out-of-order
[  1] 15.00-16.00 sec   612 KBytes  5.01 Mbits/sec   1.750 ms 17/443 (3.8%)
[  1] 15.00-16.00 sec  1 datagrams received out-of-order
[  1] 16.00-17.00 sec   629 KBytes  5.15 Mbits/sec   1.926 ms 7/445 (1.6%)
[  1] 16.00-17.00 sec  2 datagrams received out-of-order
[  1] 17.00-18.00 sec   633 KBytes  5.19 Mbits/sec   1.404 ms 5/446 (1.1%)
[  1] 17.00-18.00 sec  2 datagrams received out-of-order
[  1] 18.00-19.00 sec   609 KBytes  4.99 Mbits/sec   1.902 ms 21/445 (4.7%)
[  1] 18.00-19.00 sec  1 datagrams received out-of-order
[  1] 19.00-20.00 sec   646 KBytes  5.29 Mbits/sec   1.517 ms 1/451 (0.22%)
[  1] 20.00-21.00 sec   632 KBytes  5.17 Mbits/sec   2.439 ms 6/446 (1.3%)
[  1] 20.00-21.00 sec  1 datagrams received out-of-order
[  1] 21.00-22.00 sec   624 KBytes  5.12 Mbits/sec   1.521 ms 5/440 (1.1%)
[  1] 21.00-22.00 sec  2 datagrams received out-of-order
[  1] 22.00-23.00 sec   649 KBytes  5.32 Mbits/sec   1.526 ms 0/452 (0%)
[  1] 22.00-23.00 sec  3 datagrams received out-of-order
[  1] 23.00-24.00 sec   614 KBytes  5.03 Mbits/sec   2.276 ms 6/434 (1.4%)
[  1] 24.00-25.00 sec   652 KBytes  5.34 Mbits/sec   1.048 ms 0/454 (0%)
[  1] 24.00-25.00 sec  1 datagrams received out-of-order
[  1] 25.00-26.00 sec   640 KBytes  5.24 Mbits/sec   1.431 ms 0/446 (0%)
[  1] 25.00-26.00 sec  2 datagrams received out-of-order
[  1] 26.00-27.00 sec   636 KBytes  5.21 Mbits/sec   2.052 ms 2/445 (0.45%)
[  1] 26.00-27.00 sec  1 datagrams received out-of-order
[  1] 27.00-28.00 sec   623 KBytes  5.10 Mbits/sec   3.023 ms 12/446 (2.7%)
[  1] 27.00-28.00 sec  2 datagrams received out-of-order
[  1] 28.00-29.00 sec   629 KBytes  5.15 Mbits/sec   1.977 ms 5/443 (1.1%)
[  1] 28.00-29.00 sec  5 datagrams received out-of-order
[  1] 29.00-30.00 sec   620 KBytes  5.08 Mbits/sec   2.367 ms 16/448 (3.6%)
[  1] 29.00-30.00 sec  1 datagrams received out-of-order
[  1] 0.00-30.00 sec  18.5 MBytes  5.18 Mbits/sec   2.512 ms 164/13372 (1.2%)
[  1] 0.00-30.00 sec  37 datagrams received out-of-order
kill -15 15
nsh> [Krecvfrom failed: Interrupted system call
