XTS_RECEIPT=/home/regex/work/esp32s31-openvela/backups/2026-09-10-scan-stress/build892-flat-category-fs.sha256
ESP-ROM:esp32s31-20251218
Build:Dec 18 2025
rst:0x1 (POWERON),boot:0x7f (SPI_FAST_FLASH_BOOT)
SPI mode:DIO, clock div:1
load:0x2e000000,len:0x18
load:0x2f000000,len:0xa3dc
entry 0x2f0088cc
*** Booting NuttX ***
rtc: lma 0x00002020 vma 0x2e000000 len 0x18     (24)
dram: lma 0x00002040 vma 0x2f000000 len 0xa3dc   (41948)
padd: lma 0x0000c448 vma 0x00000000 len 0x3bd0   (15312)
imap: lma 0x00010020 vma 0x40040020 len 0xcc40   (52288)
padd: lma 0x0001cc68 vma 0x00000000 len 0x3490   (13456)
imap: lma 0x00020100 vma 0x40000100 len 0x3f96c  (260460)
total segments stored 6
ABC
NuttShell (NSH)
nsh> [K
XTS_COMMAND=mount
--- CMD: mount ---
mount
  /proc type procfs
  /tmp type tmpfs
nsh> [K
nsh> [K
mount
  /proc type procfs
  /tmp type tmpfs
nsh> [K
nsh> [K
XTS_COMMAND=romfs
--- CMD: romfs ---
romfs
Mounting ROMFS filesystem at target=/usr/local/share with source=/dev/ram10
Traversing directory: /usr/local/share
  DIRECTORY: /usr/local/share/adir/
Traversing directory: /usr/local/share/adir
  FILE: /usr/local/share/adir/anotherfile.txt/
  DIRECTORY: /usr/local/share/adir/subdir/
Traversing directory: /usr/local/share/adir/subdir
  FILE: /usr/local/share/adir/subdir/subdirfile.txt/
Continuing directory: /usr/local/share/adir
  FILE: /usr/local/share/adir/yafile.txt/
Continuing directory: /usr/local/share
  FILE: /usr/local/share/afile.txt/
  FILE: /usr/local/share/hfile/
PASSED
nsh> [K
nsh> [K
romfs
Mounting ROMFS filesystem at target=/usr/local/share with source=/dev/ram10
Traversing directory: /usr/local/share
  DIRECTORY: /usr/local/share/adir/
Traversing directory: /usr/local/share/adir
  FILE: /usr/local/share/adir/anotherfile.txt/
  DIRECTORY: /usr/local/share/adir/subdir/
Traversing directory: /usr/local/share/adir/subdir
  FILE: /usr/local/share/adir/subdir/subdirfile.txt/
Continuing directory: /usr/local/share/adir
  FILE: /usr/local/share/adir/yafile.txt/
Continuing directory: /usr/local/share
  FILE: /usr/local/share/afile.txt/
  FILE: /usr/local/share/hfile/
PASSED
nsh> [K
nsh> [K
XTS_4.1.2_ROMFS=PASS
XTS_COMMAND=mkrd -m 11 -s 512 2048
--- CMD: mkrd -m 11 -s 512 2048 ---
mkrd -m 11 -s 512 2048
nsh> [K
nsh> [K
mkrd -m 11 -s 512 2048
nsh> [K
nsh> [K
XTS_COMMAND=mkfatfs /dev/ram11
--- CMD: mkfatfs /dev/ram11 ---
mkfatfs /dev/ram11
nsh> [K
nsh> [K
mkfatfs /dev/ram11
nsh> [K
nsh> [K
XTS_COMMAND=mkdir /data
--- CMD: mkdir /data ---
mkdir /data
nsh> [K
nsh> [K
mkdir /data
nsh> [K
nsh> [K
XTS_COMMAND=mount -t vfat /dev/ram11 /data
--- CMD: mount -t vfat /dev/ram11 /data ---
mount -t vfat /dev/ram11 /data
nsh> [K
nsh> [K
mount -t vfat /dev/ram11 /data
nsh> [K
nsh> [K
XTS_COMMAND=fatutf8 /data
--- CMD: fatutf8 /data ---
fatutf8 /data
mkdir(/data/ÄÖÜ 测试 Folder)
mkdir successful

open(/data/ÄÖÜ 测试 Folder/ÄÖÜ 测试 File)
open successful
write("This is a test file in a test folder.")
write successful

open(/data/ÄÖÜ 测试 Folder/ÄÖÜ 测试 File)
open successful
read("This is a test file in a test folder.") successful

removed /data/ÄÖÜ 测试 Folder/ÄÖÜ 测试 File
removed /data/ÄÖÜ 测试 Folder
nsh> [K
nsh> [K
fatutf8 /data
mkdir(/data/ÄÖÜ 测试 Folder)
mkdir successful

open(/data/ÄÖÜ 测试 Folder/ÄÖÜ 测试 File)
open successful
write("This is a test file in a test folder.")
write successful

open(/data/ÄÖÜ 测试 Folder/ÄÖÜ 测试 File)
open successful
read("This is a test file in a test folder.") successful

removed /data/ÄÖÜ 测试 Folder/ÄÖÜ 测试 File
removed /data/ÄÖÜ 测试 Folder
nsh> [K
nsh> [K
XTS_4.1.3_FATUTF8=PASS
XTS_COMMAND=umount /data
--- CMD: umount /data ---
umount /data
nsh> [K
nsh> [K
umount /data
nsh> [K
nsh> [K
XTS_COMMAND=free
--- CMD: free ---
free
      total       used       free    maxused    maxfree  nused  nfree name
   17228112    1067480   16160632    1077400   15728616     58      5 Umem
nsh> [K
nsh> [K
free
      total       used       free    maxused    maxfree  nused  nfree name
   17228112    1067480   16160632    1077400   15728616     58      5 Umem
nsh> [K
nsh> [K
XTS_CATEGORY_FS_COMPLETE=romfs,fatutf8
