CPU1 SMP online
NuttShell (NSH)
nsh> 
HOST_COMMAND 2026-09-16T02:52:48.069460+00:00 ifdown wlan0
OK
nsh> 
HOST_COMMAND 2026-09-16T02:52:48.069521+00:00 ifconfig
wlan0 at DOWN inet addr:0.0.0.0
nsh> 
HOST_COMMAND 2026-09-16T02:52:48.069543+00:00 uname -a
OK
nsh> 
HOST_COMMAND 2026-09-16T02:52:48.069561+00:00 ps
7 7 showinfo -i 60
nsh> 
HOST_COMMAND 2026-09-16T02:52:48.069575+00:00 free
OK
nsh> 
HOST_SET_TIME date -u -s "Nov 14 22:13:22 2023"
time set
nsh> 
HOST_COMMAND 2026-09-16T02:52:48.070083+00:00 showinfo -i 60 &
showinfo [7:100]
nsh> 
HOST_COMMAND 2026-09-16T02:52:48.070292+00:00 date -u +%Y-%m-%dT%H:%M:%S
2023-11-14T22:13:22
nsh> 
HOST_COMMAND 2026-09-16T02:52:48.070947+00:00 free
OK
nsh> [CPU0] 528380 5652 522728 38784 507896 7 2 0.3%
[CPU0] 528380 5652 522728 38784 507896 7 2 0.3%
[CPU0] 528380 5652 522728 38784 507896 7 2 0.3%
[CPU0] 528380 5652 522728 38784 507896 7 2 0.3%
[CPU0] 528380 5652 522728 38784 507896 7 2 0.3%
[CPU0] 528380 5652 522728 38784 507896 7 2 0.3%
[CPU0] 528380 5652 522728 38784 507896 7 2 0.3%
[CPU0] 528380 5652 522728 38784 507896 7 2 0.3%
[CPU0] 528380 5652 522728 38784 507896 7 2 0.3%
[CPU0] 528380 5652 522728 38784 507896 7 2 0.3%
[CPU0] 528380 5652 522728 38784 507896 7 2 0.3%
[CPU0] 528380 5652 522728 38784 507896 7 2 0.3%
[CPU0] 528380 5652 522728 38784 507896 7 2 0.3%
[CPU0] 528380 5652 522728 38784 507896 7 2 0.3%
[CPU0] 528380 5652 522728 38784 507896 7 2 0.3%
[CPU0] 528380 5652 522728 38784 507896 7 2 0.3%
[CPU0] 528380 5652 522728 38784 507896 7 2 0.3%
[CPU0] 528380 5652 522728 38784 507896 7 2 0.3%
[CPU0] 528380 5652 522728 38784 507896 7 2 0.3%
[CPU0] 528380 5652 522728 38784 507896 7 2 0.3%
[CPU0] 528380 5652 522728 38784 507896 7 2 0.3%
[CPU0] 528380 5652 522728 38784 507896 7 2 0.3%
[CPU0] 528380 5652 522728 38784 507896 7 2 0.3%
[CPU0] 528380 5652 522728 38784 507896 7 2 0.3%
[CPU0] 528380 5652 522728 38784 507896 7 2 0.3%
[CPU0] 528380 5652 522728 38784 507896 7 2 0.3%
[CPU0] 528380 5652 522728 38784 507896 7 2 0.3%
[CPU0] 528380 5652 522728 38784 507896 7 2 0.3%
[CPU0] 528380 5652 522728 38784 507896 7 2 0.3%
[CPU0] 528380 5652 522728 38784 507896 7 2 0.3%
[CPU0] 528380 5652 522728 38784 507896 7 2 0.3%
[CPU0] 528380 5652 522728 38784 507896 7 2 0.3%
[CPU0] 528380 5652 522728 38784 507896 7 2 0.3%
[CPU0] 528380 5652 522728 38784 507896 7 2 0.3%
[CPU0] 528380 5652 522728 38784 507896 7 2 0.3%
[CPU0] 528380 5652 522728 38784 507896 7 2 0.3%
[CPU0] 528380 5652 522728 38784 507896 7 2 0.3%
[CPU0] 528380 5652 522728 38784 507896 7 2 0.3%
[CPU0] 528380 5652 522728 38784 507896 7 2 0.3%
[CPU0] 528380 5652 522728 38784 507896 7 2 0.3%
[CPU0] 528380 5652 522728 38784 507896 7 2 0.3%
[CPU0] 528380 5652 522728 38784 507896 7 2 0.3%
[CPU0] 528380 5652 522728 38784 507896 7 2 0.3%
[CPU0] 528380 5652 522728 38784 507896 7 2 0.3%
[CPU0] 528380 5652 522728 38784 507896 7 2 0.3%
[CPU0] 528380 5652 522728 38784 507896 7 2 0.3%
[CPU0] 528380 5652 522728 38784 507896 7 2 0.3%
[CPU0] 528380 5652 522728 38784 507896 7 2 0.3%
[CPU0] 528380 5652 522728 38784 507896 7 2 0.3%
[CPU0] 528380 5652 522728 38784 507896 7 2 0.3%
[CPU0] 528380 5652 522728 38784 507896 7 2 0.3%
[CPU0] 528380 5652 522728 38784 507896 7 2 0.3%
[CPU0] 528380 5652 522728 38784 507896 7 2 0.3%
[CPU0] 528380 5652 522728 38784 507896 7 2 0.3%
[CPU0] 528380 5652 522728 38784 507896 7 2 0.3%
[CPU0] 528380 5652 522728 38784 507896 7 2 0.3%
[CPU0] 528380 5652 522728 38784 507896 7 2 0.3%
[CPU0] 528380 5652 522728 38784 507896 7 2 0.3%
[CPU0] 528380 5652 522728 38784 507896 7 2 0.3%
[CPU0] 528380 5652 522728 38784 507896 7 2 0.3%
[CPU0] 528380 5652 522728 38784 507896 7 2 0.3%
[CPU0] 528380 5652 522728 38784 507896 7 2 0.3%
[CPU0] 528380 5652 522728 38784 507896 7 2 0.3%
[CPU0] 528380 5652 522728 38784 507896 7 2 0.3%
[CPU0] 528380 5652 522728 38784 507896 7 2 0.3%
[CPU0] 528380 5652 522728 38784 507896 7 2 0.3%
[CPU0] 528380 5652 522728 38784 507896 7 2 0.3%
[CPU0] 528380 5652 522728 38784 507896 7 2 0.3%
[CPU0] 528380 5652 522728 38784 507896 7 2 0.3%
[CPU0] 528380 5652 522728 38784 507896 7 2 0.3%
[CPU0] 528380 5652 522728 38784 507896 7 2 0.3%
[CPU0] 528380 5652 522728 38784 507896 7 2 0.3%
[CPU0] 528380 5652 522728 38784 507896 7 2 0.3%
[CPU0] 528380 5652 522728 38784 507896 7 2 0.3%
[CPU0] 528380 5652 522728 38784 507896 7 2 0.3%
[CPU0] 528380 5652 522728 38784 507896 7 2 0.3%
[CPU0] 528380 5652 522728 38784 507896 7 2 0.3%
[CPU0] 528380 5652 522728 38784 507896 7 2 0.3%
[CPU0] 528380 5652 522728 38784 507896 7 2 0.3%
[CPU0] 528380 5652 522728 38784 507896 7 2 0.3%
[CPU0] 528380 5652 522728 38784 507896 7 2 0.3%
[CPU0] 528380 5652 522728 38784 507896 7 2 0.3%
[CPU0] 528380 5652 522728 38784 507896 7 2 0.3%
[CPU0] 528380 5652 522728 38784 507896 7 2 0.3%
[CPU0] 528380 5652 522728 38784 507896 7 2 0.3%
[CPU0] 528380 5652 522728 38784 507896 7 2 0.3%
[CPU0] 528380 5652 522728 38784 507896 7 2 0.3%
[CPU0] 528380 5652 522728 38784 507896 7 2 0.3%
[CPU0] 528380 5652 522728 38784 507896 7 2 0.3%
[CPU0] 528380 5652 522728 38784 507896 7 2 0.3%
[CPU0] 528380 5652 522728 38784 507896 7 2 0.3%
[CPU0] 528380 5652 522728 38784 507896 7 2 0.3%
[CPU0] 528380 5652 522728 38784 507896 7 2 0.3%
[CPU0] 528380 5652 522728 38784 507896 7 2 0.3%
[CPU0] 528380 5652 522728 38784 507896 7 2 0.3%
[CPU0] 528380 5652 522728 38784 507896 7 2 0.3%
[CPU0] 528380 5652 522728 38784 507896 7 2 0.3%
[CPU0] 528380 5652 522728 38784 507896 7 2 0.3%
[CPU0] 528380 5652 522728 38784 507896 7 2 0.3%
[CPU0] 528380 5652 522728 38784 507896 7 2 0.3%
[CPU0] 528380 5652 522728 38784 507896 7 2 0.3%
[CPU0] 528380 5652 522728 38784 507896 7 2 0.3%
[CPU0] 528380 5652 522728 38784 507896 7 2 0.3%
[CPU0] 528380 5652 522728 38784 507896 7 2 0.3%
[CPU0] 528380 5652 522728 38784 507896 7 2 0.3%
[CPU0] 528380 5652 522728 38784 507896 7 2 0.3%
[CPU0] 528380 5652 522728 38784 507896 7 2 0.3%
[CPU0] 528380 5652 522728 38784 507896 7 2 0.3%
[CPU0] 528380 5652 522728 38784 507896 7 2 0.3%
[CPU0] 528380 5652 522728 38784 507896 7 2 0.3%
[CPU0] 528380 5652 522728 38784 507896 7 2 0.3%
[CPU0] 528380 5652 522728 38784 507896 7 2 0.3%
[CPU0] 528380 5652 522728 38784 507896 7 2 0.3%
[CPU0] 528380 5652 522728 38784 507896 7 2 0.3%
[CPU0] 528380 5652 522728 38784 507896 7 2 0.3%
[CPU0] 528380 5652 522728 38784 507896 7 2 0.3%
[CPU0] 528380 5652 522728 38784 507896 7 2 0.3%
[CPU0] 528380 5652 522728 38784 507896 7 2 0.3%
[CPU0] 528380 5652 522728 38784 507896 7 2 0.3%
[CPU0] 528380 5652 522728 38784 507896 7 2 0.3%
[CPU0] 528380 5652 522728 38784 507896 7 2 0.3%
[CPU0] 528380 5652 522728 38784 507896 7 2 0.3%
[CPU0] 528380 5652 522728 38784 507896 7 2 0.3%
[CPU0] 528380 5652 522728 38784 507896 7 2 0.3%
[CPU0] 528380 5652 522728 38784 507896 7 2 0.3%
[CPU0] 528380 5652 522728 38784 507896 7 2 0.3%
[CPU0] 528380 5652 522728 38784 507896 7 2 0.3%
[CPU0] 528380 5652 522728 38784 507896 7 2 0.3%
[CPU0] 528380 5652 522728 38784 507896 7 2 0.3%
[CPU0] 528380 5652 522728 38784 507896 7 2 0.3%
[CPU0] 528380 5652 522728 38784 507896 7 2 0.3%
[CPU0] 528380 5652 522728 38784 507896 7 2 0.3%
[CPU0] 528380 5652 522728 38784 507896 7 2 0.3%
[CPU0] 528380 5652 522728 38784 507896 7 2 0.3%
[CPU0] 528380 5652 522728 38784 507896 7 2 0.3%
[CPU0] 528380 5652 522728 38784 507896 7 2 0.3%
[CPU0] 528380 5652 522728 38784 507896 7 2 0.3%
[CPU0] 528380 5652 522728 38784 507896 7 2 0.3%
[CPU0] 528380 5652 522728 38784 507896 7 2 0.3%
[CPU0] 528380 5652 522728 38784 507896 7 2 0.3%
[CPU0] 528380 5652 522728 38784 507896 7 2 0.3%
[CPU0] 528380 5652 522728 38784 507896 7 2 0.3%
[CPU0] 528380 5652 522728 38784 507896 7 2 0.3%
[CPU0] 528380 5652 522728 38784 507896 7 2 0.3%
[CPU0] 528380 5652 522728 38784 507896 7 2 0.3%
[CPU0] 528380 5652 522728 38784 507896 7 2 0.3%
[CPU0] 528380 5652 522728 38784 507896 7 2 0.3%
[CPU0] 528380 5652 522728 38784 507896 7 2 0.3%
[CPU0] 528380 5652 522728 38784 507896 7 2 0.3%
[CPU0] 528380 5652 522728 38784 507896 7 2 0.3%
[CPU0] 528380 5652 522728 38784 507896 7 2 0.3%
[CPU0] 528380 5652 522728 38784 507896 7 2 0.3%
[CPU0] 528380 5652 522728 38784 507896 7 2 0.3%
[CPU0] 528380 5652 522728 38784 507896 7 2 0.3%
[CPU0] 528380 5652 522728 38784 507896 7 2 0.3%
[CPU0] 528380 5652 522728 38784 507896 7 2 0.3%
[CPU0] 528380 5652 522728 38784 507896 7 2 0.3%
[CPU0] 528380 5652 522728 38784 507896 7 2 0.3%
[CPU0] 528380 5652 522728 38784 507896 7 2 0.3%
[CPU0] 528380 5652 522728 38784 507896 7 2 0.3%
[CPU0] 528380 5652 522728 38784 507896 7 2 0.3%
[CPU0] 528380 5652 522728 38784 507896 7 2 0.3%
[CPU0] 528380 5652 522728 38784 507896 7 2 0.3%
[CPU0] 528380 5652 522728 38784 507896 7 2 0.3%
[CPU0] 528380 5652 522728 38784 507896 7 2 0.3%
[CPU0] 528380 5652 522728 38784 507896 7 2 0.3%
[CPU0] 528380 5652 522728 38784 507896 7 2 0.3%
[CPU0] 528380 5652 522728 38784 507896 7 2 0.3%
[CPU0] 528380 5652 522728 38784 507896 7 2 0.3%
[CPU0] 528380 5652 522728 38784 507896 7 2 0.3%
[CPU0] 528380 5652 522728 38784 507896 7 2 0.3%
[CPU0] 528380 5652 522728 38784 507896 7 2 0.3%
[CPU0] 528380 5652 522728 38784 507896 7 2 0.3%
[CPU0] 528380 5652 522728 38784 507896 7 2 0.3%
[CPU0] 528380 5652 522728 38784 507896 7 2 0.3%
[CPU0] 528380 5652 522728 38784 507896 7 2 0.3%
[CPU0] 528380 5652 522728 38784 507896 7 2 0.3%
[CPU0] 528380 5652 522728 38784 507896 7 2 0.3%
[CPU0] 528380 5652 522728 38784 507896 7 2 0.3%
[CPU0] 528380 5652 522728 38784 507896 7 2 0.3%
[CPU0] 528380 5652 522728 38784 507896 7 2 0.3%
[CPU0] 528380 5652 522728 38784 507896 7 2 0.3%
[CPU0] 528380 5652 522728 38784 507896 7 2 0.3%
[CPU0] 528380 5652 522728 38784 507896 7 2 0.3%
[CPU0] 528380 5652 522728 38784 507896 7 2 0.3%
[CPU0] 528380 5652 522728 38784 507896 7 2 0.3%
[CPU0] 528380 5652 522728 38784 507896 7 2 0.3%
[CPU0] 528380 5652 522728 38784 507896 7 2 0.3%
[CPU0] 528380 5652 522728 38784 507896 7 2 0.3%
[CPU0] 528380 5652 522728 38784 507896 7 2 0.3%
[CPU0] 528380 5652 522728 38784 507896 7 2 0.3%
[CPU0] 528380 5652 522728 38784 507896 7 2 0.3%
[CPU0] 528380 5652 522728 38784 507896 7 2 0.3%
[CPU0] 528380 5652 522728 38784 507896 7 2 0.3%
[CPU0] 528380 5652 522728 38784 507896 7 2 0.3%
[CPU0] 528380 5652 522728 38784 507896 7 2 0.3%
[CPU0] 528380 5652 522728 38784 507896 7 2 0.3%
[CPU0] 528380 5652 522728 38784 507896 7 2 0.3%
[CPU0] 528380 5652 522728 38784 507896 7 2 0.3%
[CPU0] 528380 5652 522728 38784 507896 7 2 0.3%
[CPU0] 528380 5652 522728 38784 507896 7 2 0.3%
[CPU0] 528380 5652 522728 38784 507896 7 2 0.3%
[CPU0] 528380 5652 522728 38784 507896 7 2 0.3%
[CPU0] 528380 5652 522728 38784 507896 7 2 0.3%
[CPU0] 528380 5652 522728 38784 507896 7 2 0.3%
[CPU0] 528380 5652 522728 38784 507896 7 2 0.3%
[CPU0] 528380 5652 522728 38784 507896 7 2 0.3%
[CPU0] 528380 5652 522728 38784 507896 7 2 0.3%
[CPU0] 528380 5652 522728 38784 507896 7 2 0.3%
[CPU0] 528380 5652 522728 38784 507896 7 2 0.3%
[CPU0] 528380 5652 522728 38784 507896 7 2 0.3%
[CPU0] 528380 5652 522728 38784 507896 7 2 0.3%
[CPU0] 528380 5652 522728 38784 507896 7 2 0.3%
[CPU0] 528380 5652 522728 38784 507896 7 2 0.3%
[CPU0] 528380 5652 522728 38784 507896 7 2 0.3%
[CPU0] 528380 5652 522728 38784 507896 7 2 0.3%
[CPU0] 528380 5652 522728 38784 507896 7 2 0.3%
[CPU0] 528380 5652 522728 38784 507896 7 2 0.3%
[CPU0] 528380 5652 522728 38784 507896 7 2 0.3%
[CPU0] 528380 5652 522728 38784 507896 7 2 0.3%
[CPU0] 528380 5652 522728 38784 507896 7 2 0.3%
[CPU0] 528380 5652 522728 38784 507896 7 2 0.3%
[CPU0] 528380 5652 522728 38784 507896 7 2 0.3%
[CPU0] 528380 5652 522728 38784 507896 7 2 0.3%
[CPU0] 528380 5652 522728 38784 507896 7 2 0.3%
[CPU0] 528380 5652 522728 38784 507896 7 2 0.3%
[CPU0] 528380 5652 522728 38784 507896 7 2 0.3%
[CPU0] 528380 5652 522728 38784 507896 7 2 0.3%
[CPU0] 528380 5652 522728 38784 507896 7 2 0.3%
[CPU0] 528380 5652 522728 38784 507896 7 2 0.3%
[CPU0] 528380 5652 522728 38784 507896 7 2 0.3%
[CPU0] 528380 5652 522728 38784 507896 7 2 0.3%
[CPU0] 528380 5652 522728 38784 507896 7 2 0.3%
[CPU0] 528380 5652 522728 38784 507896 7 2 0.3%
[CPU0] 528380 5652 522728 38784 507896 7 2 0.3%
[CPU0] 528380 5652 522728 38784 507896 7 2 0.3%
[CPU0] 528380 5652 522728 38784 507896 7 2 0.3%
[CPU0] 528380 5652 522728 38784 507896 7 2 0.3%
[CPU0] 528380 5652 522728 38784 507896 7 2 0.3%
[CPU0] 528380 5652 522728 38784 507896 7 2 0.3%
[CPU0] 528380 5652 522728 38784 507896 7 2 0.3%
[CPU0] 528380 5652 522728 38784 507896 7 2 0.3%
[CPU0] 528380 5652 522728 38784 507896 7 2 0.3%
[CPU0] 528380 5652 522728 38784 507896 7 2 0.3%
[CPU0] 528380 5652 522728 38784 507896 7 2 0.3%
[CPU0] 528380 5652 522728 38784 507896 7 2 0.3%
[CPU0] 528380 5652 522728 38784 507896 7 2 0.3%
[CPU0] 528380 5652 522728 38784 507896 7 2 0.3%
[CPU0] 528380 5652 522728 38784 507896 7 2 0.3%
[CPU0] 528380 5652 522728 38784 507896 7 2 0.3%
[CPU0] 528380 5652 522728 38784 507896 7 2 0.3%
[CPU0] 528380 5652 522728 38784 507896 7 2 0.3%
[CPU0] 528380 5652 522728 38784 507896 7 2 0.3%
[CPU0] 528380 5652 522728 38784 507896 7 2 0.3%
[CPU0] 528380 5652 522728 38784 507896 7 2 0.3%
[CPU0] 528380 5652 522728 38784 507896 7 2 0.3%
[CPU0] 528380 5652 522728 38784 507896 7 2 0.3%
[CPU0] 528380 5652 522728 38784 507896 7 2 0.3%
[CPU0] 528380 5652 522728 38784 507896 7 2 0.3%
[CPU0] 528380 5652 522728 38784 507896 7 2 0.3%
[CPU0] 528380 5652 522728 38784 507896 7 2 0.3%
[CPU0] 528380 5652 522728 38784 507896 7 2 0.3%
[CPU0] 528380 5652 522728 38784 507896 7 2 0.3%
[CPU0] 528380 5652 522728 38784 507896 7 2 0.3%
[CPU0] 528380 5652 522728 38784 507896 7 2 0.3%
[CPU0] 528380 5652 522728 38784 507896 7 2 0.3%
[CPU0] 528380 5652 522728 38784 507896 7 2 0.3%
[CPU0] 528380 5652 522728 38784 507896 7 2 0.3%
[CPU0] 528380 5652 522728 38784 507896 7 2 0.3%
[CPU0] 528380 5652 522728 38784 507896 7 2 0.3%
[CPU0] 528380 5652 522728 38784 507896 7 2 0.3%
[CPU0] 528380 5652 522728 38784 507896 7 2 0.3%
[CPU0] 528380 5652 522728 38784 507896 7 2 0.3%
[CPU0] 528380 5652 522728 38784 507896 7 2 0.3%
[CPU0] 528380 5652 522728 38784 507896 7 2 0.3%
[CPU0] 528380 5652 522728 38784 507896 7 2 0.3%
[CPU0] 528380 5652 522728 38784 507896 7 2 0.3%
[CPU0] 528380 5652 522728 38784 507896 7 2 0.3%
[CPU0] 528380 5652 522728 38784 507896 7 2 0.3%
[CPU0] 528380 5652 522728 38784 507896 7 2 0.3%
[CPU0] 528380 5652 522728 38784 507896 7 2 0.3%
[CPU0] 528380 5652 522728 38784 507896 7 2 0.3%
[CPU0] 528380 5652 522728 38784 507896 7 2 0.3%
[CPU0] 528380 5652 522728 38784 507896 7 2 0.3%
[CPU0] 528380 5652 522728 38784 507896 7 2 0.3%
[CPU0] 528380 5652 522728 38784 507896 7 2 0.3%
[CPU0] 528380 5652 522728 38784 507896 7 2 0.3%
[CPU0] 528380 5652 522728 38784 507896 7 2 0.3%
[CPU0] 528380 5652 522728 38784 507896 7 2 0.3%
[CPU0] 528380 5652 522728 38784 507896 7 2 0.3%
[CPU0] 528380 5652 522728 38784 507896 7 2 0.3%
[CPU0] 528380 5652 522728 38784 507896 7 2 0.3%
[CPU0] 528380 5652 522728 38784 507896 7 2 0.3%
[CPU0] 528380 5652 522728 38784 507896 7 2 0.3%
[CPU0] 528380 5652 522728 38784 507896 7 2 0.3%
[CPU0] 528380 5652 522728 38784 507896 7 2 0.3%
[CPU0] 528380 5652 522728 38784 507896 7 2 0.3%
[CPU0] 528380 5652 522728 38784 507896 7 2 0.3%
[CPU0] 528380 5652 522728 38784 507896 7 2 0.3%
[CPU0] 528380 5652 522728 38784 507896 7 2 0.3%
[CPU0] 528380 5652 522728 38784 507896 7 2 0.3%
[CPU0] 528380 5652 522728 38784 507896 7 2 0.3%
[CPU0] 528380 5652 522728 38784 507896 7 2 0.3%
[CPU0] 528380 5652 522728 38784 507896 7 2 0.3%
[CPU0] 528380 5652 522728 38784 507896 7 2 0.3%
[CPU0] 528380 5652 522728 38784 507896 7 2 0.3%
[CPU0] 528380 5652 522728 38784 507896 7 2 0.3%
[CPU0] 528380 5652 522728 38784 507896 7 2 0.3%
[CPU0] 528380 5652 522728 38784 507896 7 2 0.3%
[CPU0] 528380 5652 522728 38784 507896 7 2 0.3%
[CPU0] 528380 5652 522728 38784 507896 7 2 0.3%
[CPU0] 528380 5652 522728 38784 507896 7 2 0.3%
[CPU0] 528380 5652 522728 38784 507896 7 2 0.3%
[CPU0] 528380 5652 522728 38784 507896 7 2 0.3%
[CPU0] 528380 5652 522728 38784 507896 7 2 0.3%
[CPU0] 528380 5652 522728 38784 507896 7 2 0.3%
[CPU0] 528380 5652 522728 38784 507896 7 2 0.3%
[CPU0] 528380 5652 522728 38784 507896 7 2 0.3%
[CPU0] 528380 5652 522728 38784 507896 7 2 0.3%
[CPU0] 528380 5652 522728 38784 507896 7 2 0.3%
[CPU0] 528380 5652 522728 38784 507896 7 2 0.3%
[CPU0] 528380 5652 522728 38784 507896 7 2 0.3%
[CPU0] 528380 5652 522728 38784 507896 7 2 0.3%
[CPU0] 528380 5652 522728 38784 507896 7 2 0.3%
[CPU0] 528380 5652 522728 38784 507896 7 2 0.3%
[CPU0] 528380 5652 522728 38784 507896 7 2 0.3%
[CPU0] 528380 5652 522728 38784 507896 7 2 0.3%
[CPU0] 528380 5652 522728 38784 507896 7 2 0.3%
[CPU0] 528380 5652 522728 38784 507896 7 2 0.3%
[CPU0] 528380 5652 522728 38784 507896 7 2 0.3%
[CPU0] 528380 5652 522728 38784 507896 7 2 0.3%
[CPU0] 528380 5652 522728 38784 507896 7 2 0.3%
[CPU0] 528380 5652 522728 38784 507896 7 2 0.3%
[CPU0] 528380 5652 522728 38784 507896 7 2 0.3%
[CPU0] 528380 5652 522728 38784 507896 7 2 0.3%
[CPU0] 528380 5652 522728 38784 507896 7 2 0.3%
[CPU0] 528380 5652 522728 38784 507896 7 2 0.3%
[CPU0] 528380 5652 522728 38784 507896 7 2 0.3%
[CPU0] 528380 5652 522728 38784 507896 7 2 0.3%
[CPU0] 528380 5652 522728 38784 507896 7 2 0.3%
[CPU0] 528380 5652 522728 38784 507896 7 2 0.3%
[CPU0] 528380 5652 522728 38784 507896 7 2 0.3%
[CPU0] 528380 5652 522728 38784 507896 7 2 0.3%

HOST_COMMAND 2026-09-16T02:52:48.078138+00:00 date -u +%Y-%m-%dT%H:%M:%S
2023-11-15T03:56:22
nsh> 
HOST_COMMAND 2026-09-16T02:52:48.078990+00:00 free
OK
nsh> 
HOST_COMMAND 2026-09-16T02:52:48.079064+00:00 ps
7 7 showinfo -i 60
nsh> [CPU0] 528380 5652 522728 38784 507896 7 2 0.3%
[CPU0] 528380 5652 522728 38784 507896 7 2 0.3%
[CPU0] 528380 5652 522728 38784 507896 7 2 0.3%
[CPU0] 528380 5652 522728 38784 507896 7 2 0.3%
[CPU0] 528380 5652 522728 38784 507896 7 2 0.3%
[CPU0] 528380 5652 522728 38784 507896 7 2 0.3%
[CPU0] 528380 5652 522728 38784 507896 7 2 0.3%
[CPU0] 528380 5652 522728 38784 507896 7 2 0.3%
[CPU0] 528380 5652 522728 38784 507896 7 2 0.3%
[CPU0] 528380 5652 522728 38784 507896 7 2 0.3%
[CPU0] 528380 5652 522728 38784 507896 7 2 0.3%
[CPU0] 528380 5652 522728 38784 507896 7 2 0.3%
[CPU0] 528380 5652 522728 38784 507896 7 2 0.3%
[CPU0] 528380 5652 522728 38784 507896 7 2 0.3%
[CPU0] 528380 5652 522728 38784 507896 7 2 0.3%
[CPU0] 528380 5652 522728 38784 507896 7 2 0.3%
[CPU0] 528380 5652 522728 38784 507896 7 2 0.3%
[CPU0] 528380 5652 522728 38784 507896 7 2 0.3%
[CPU0] 528380 5652 522728 38784 507896 7 2 0.3%
[CPU0] 528380 5652 522728 38784 507896 7 2 0.3%
[CPU0] 528380 5652 522728 38784 507896 7 2 0.3%
[CPU0] 528380 5652 522728 38784 507896 7 2 0.3%
[CPU0] 528380 5652 522728 38784 507896 7 2 0.3%
[CPU0] 528380 5652 522728 38784 507896 7 2 0.3%
[CPU0] 528380 5652 522728 38784 507896 7 2 0.3%
[CPU0] 528380 5652 522728 38784 507896 7 2 0.3%
[CPU0] 528380 5652 522728 38784 507896 7 2 0.3%
[CPU0] 528380 5652 522728 38784 507896 7 2 0.3%
[CPU0] 528380 5652 522728 38784 507896 7 2 0.3%
[CPU0] 528380 5652 522728 38784 507896 7 2 0.3%
[CPU0] 528380 5652 522728 38784 507896 7 2 0.3%
[CPU0] 528380 5652 522728 38784 507896 7 2 0.3%
[CPU0] 528380 5652 522728 38784 507896 7 2 0.3%
[CPU0] 528380 5652 522728 38784 507896 7 2 0.3%
[CPU0] 528380 5652 522728 38784 507896 7 2 0.3%
[CPU0] 528380 5652 522728 38784 507896 7 2 0.3%
[CPU0] 528380 5652 522728 38784 507896 7 2 0.3%
[CPU0] 528380 5652 522728 38784 507896 7 2 0.3%
[CPU0] 528380 5652 522728 38784 507896 7 2 0.3%
[CPU0] 528380 5652 522728 38784 507896 7 2 0.3%
[CPU0] 528380 5652 522728 38784 507896 7 2 0.3%
[CPU0] 528380 5652 522728 38784 507896 7 2 0.3%
[CPU0] 528380 5652 522728 38784 507896 7 2 0.3%
[CPU0] 528380 5652 522728 38784 507896 7 2 0.3%
[CPU0] 528380 5652 522728 38784 507896 7 2 0.3%
[CPU0] 528380 5652 522728 38784 507896 7 2 0.3%
[CPU0] 528380 5652 522728 38784 507896 7 2 0.3%
[CPU0] 528380 5652 522728 38784 507896 7 2 0.3%
[CPU0] 528380 5652 522728 38784 507896 7 2 0.3%
[CPU0] 528380 5652 522728 38784 507896 7 2 0.3%
[CPU0] 528380 5652 522728 38784 507896 7 2 0.3%
[CPU0] 528380 5652 522728 38784 507896 7 2 0.3%
[CPU0] 528380 5652 522728 38784 507896 7 2 0.3%
[CPU0] 528380 5652 522728 38784 507896 7 2 0.3%
[CPU0] 528380 5652 522728 38784 507896 7 2 0.3%
[CPU0] 528380 5652 522728 38784 507896 7 2 0.3%
[CPU0] 528380 5652 522728 38784 507896 7 2 0.3%
[CPU0] 528380 5652 522728 38784 507896 7 2 0.3%
[CPU0] 528380 5652 522728 38784 507896 7 2 0.3%
[CPU0] 528380 5652 522728 38784 507896 7 2 0.3%
[CPU0] 528380 5652 522728 38784 507896 7 2 0.3%
[CPU0] 528380 5652 522728 38784 507896 7 2 0.3%
[CPU0] 528380 5652 522728 38784 507896 7 2 0.3%
[CPU0] 528380 5652 522728 38784 507896 7 2 0.3%
[CPU0] 528380 5652 522728 38784 507896 7 2 0.3%
[CPU0] 528380 5652 522728 38784 507896 7 2 0.3%
[CPU0] 528380 5652 522728 38784 507896 7 2 0.3%
[CPU0] 528380 5652 522728 38784 507896 7 2 0.3%
[CPU0] 528380 5652 522728 38784 507896 7 2 0.3%
[CPU0] 528380 5652 522728 38784 507896 7 2 0.3%
[CPU0] 528380 5652 522728 38784 507896 7 2 0.3%
[CPU0] 528380 5652 522728 38784 507896 7 2 0.3%
[CPU0] 528380 5652 522728 38784 507896 7 2 0.3%
[CPU0] 528380 5652 522728 38784 507896 7 2 0.3%
[CPU0] 528380 5652 522728 38784 507896 7 2 0.3%
[CPU0] 528380 5652 522728 38784 507896 7 2 0.3%
[CPU0] 528380 5652 522728 38784 507896 7 2 0.3%
[CPU0] 528380 5652 522728 38784 507896 7 2 0.3%
[CPU0] 528380 5652 522728 38784 507896 7 2 0.3%
[CPU0] 528380 5652 522728 38784 507896 7 2 0.3%
[CPU0] 528380 5652 522728 38784 507896 7 2 0.3%
[CPU0] 528380 5652 522728 38784 507896 7 2 0.3%
[CPU0] 528380 5652 522728 38784 507896 7 2 0.3%
[CPU0] 528380 5652 522728 38784 507896 7 2 0.3%
[CPU0] 528380 5652 522728 38784 507896 7 2 0.3%
[CPU0] 528380 5652 522728 38784 507896 7 2 0.3%
[CPU0] 528380 5652 522728 38784 507896 7 2 0.3%
[CPU0] 528380 5652 522728 38784 507896 7 2 0.3%
[CPU0] 528380 5652 522728 38784 507896 7 2 0.3%
[CPU0] 528380 5652 522728 38784 507896 7 2 0.3%
[CPU0] 528380 5652 522728 38784 507896 7 2 0.3%
[CPU0] 528380 5652 522728 38784 507896 7 2 0.3%
[CPU0] 528380 5652 522728 38784 507896 7 2 0.3%
[CPU0] 528380 5652 522728 38784 507896 7 2 0.3%
[CPU0] 528380 5652 522728 38784 507896 7 2 0.3%
[CPU0] 528380 5652 522728 38784 507896 7 2 0.3%
[CPU0] 528380 5652 522728 38784 507896 7 2 0.3%
[CPU0] 528380 5652 522728 38784 507896 7 2 0.3%
[CPU0] 528380 5652 522728 38784 507896 7 2 0.3%
[CPU0] 528380 5652 522728 38784 507896 7 2 0.3%
[CPU0] 528380 5652 522728 38784 507896 7 2 0.3%
[CPU0] 528380 5652 522728 38784 507896 7 2 0.3%
[CPU0] 528380 5652 522728 38784 507896 7 2 0.3%
[CPU0] 528380 5652 522728 38784 507896 7 2 0.3%
[CPU0] 528380 5652 522728 38784 507896 7 2 0.3%
[CPU0] 528380 5652 522728 38784 507896 7 2 0.3%
[CPU0] 528380 5652 522728 38784 507896 7 2 0.3%
[CPU0] 528380 5652 522728 38784 507896 7 2 0.3%
[CPU0] 528380 5652 522728 38784 507896 7 2 0.3%
[CPU0] 528380 5652 522728 38784 507896 7 2 0.3%
[CPU0] 528380 5652 522728 38784 507896 7 2 0.3%
[CPU0] 528380 5652 522728 38784 507896 7 2 0.3%
[CPU0] 528380 5652 522728 38784 507896 7 2 0.3%
[CPU0] 528380 5652 522728 38784 507896 7 2 0.3%
[CPU0] 528380 5652 522728 38784 507896 7 2 0.3%
[CPU0] 528380 5652 522728 38784 507896 7 2 0.3%
[CPU0] 528380 5652 522728 38784 507896 7 2 0.3%
[CPU0] 528380 5652 522728 38784 507896 7 2 0.3%
[CPU0] 528380 5652 522728 38784 507896 7 2 0.3%
[CPU0] 528380 5652 522728 38784 507896 7 2 0.3%
[CPU0] 528380 5652 522728 38784 507896 7 2 0.3%
[CPU0] 528380 5652 522728 38784 507896 7 2 0.3%
[CPU0] 528380 5652 522728 38784 507896 7 2 0.3%
[CPU0] 528380 5652 522728 38784 507896 7 2 0.3%
[CPU0] 528380 5652 522728 38784 507896 7 2 0.3%
[CPU0] 528380 5652 522728 38784 507896 7 2 0.3%
[CPU0] 528380 5652 522728 38784 507896 7 2 0.3%
[CPU0] 528380 5652 522728 38784 507896 7 2 0.3%
[CPU0] 528380 5652 522728 38784 507896 7 2 0.3%
[CPU0] 528380 5652 522728 38784 507896 7 2 0.3%
[CPU0] 528380 5652 522728 38784 507896 7 2 0.3%
[CPU0] 528380 5652 522728 38784 507896 7 2 0.3%
[CPU0] 528380 5652 522728 38784 507896 7 2 0.3%
[CPU0] 528380 5652 522728 38784 507896 7 2 0.3%
[CPU0] 528380 5652 522728 38784 507896 7 2 0.3%
[CPU0] 528380 5652 522728 38784 507896 7 2 0.3%
[CPU0] 528380 5652 522728 38784 507896 7 2 0.3%
[CPU0] 528380 5652 522728 38784 507896 7 2 0.3%
[CPU0] 528380 5652 522728 38784 507896 7 2 0.3%
[CPU0] 528380 5652 522728 38784 507896 7 2 0.3%
[CPU0] 528380 5652 522728 38784 507896 7 2 0.3%
[CPU0] 528380 5652 522728 38784 507896 7 2 0.3%
[CPU0] 528380 5652 522728 38784 507896 7 2 0.3%
[CPU0] 528380 5652 522728 38784 507896 7 2 0.3%
[CPU0] 528380 5652 522728 38784 507896 7 2 0.3%
[CPU0] 528380 5652 522728 38784 507896 7 2 0.3%
[CPU0] 528380 5652 522728 38784 507896 7 2 0.3%
[CPU0] 528380 5652 522728 38784 507896 7 2 0.3%
[CPU0] 528380 5652 522728 38784 507896 7 2 0.3%
[CPU0] 528380 5652 522728 38784 507896 7 2 0.3%
[CPU0] 528380 5652 522728 38784 507896 7 2 0.3%
[CPU0] 528380 5652 522728 38784 507896 7 2 0.3%
[CPU0] 528380 5652 522728 38784 507896 7 2 0.3%
[CPU0] 528380 5652 522728 38784 507896 7 2 0.3%
[CPU0] 528380 5652 522728 38784 507896 7 2 0.3%
[CPU0] 528380 5652 522728 38784 507896 7 2 0.3%
[CPU0] 528380 5652 522728 38784 507896 7 2 0.3%
[CPU0] 528380 5652 522728 38784 507896 7 2 0.3%
[CPU0] 528380 5652 522728 38784 507896 7 2 0.3%
[CPU0] 528380 5652 522728 38784 507896 7 2 0.3%
[CPU0] 528380 5652 522728 38784 507896 7 2 0.3%
[CPU0] 528380 5652 522728 38784 507896 7 2 0.3%
[CPU0] 528380 5652 522728 38784 507896 7 2 0.3%
[CPU0] 528380 5652 522728 38784 507896 7 2 0.3%
[CPU0] 528380 5652 522728 38784 507896 7 2 0.3%
[CPU0] 528380 5652 522728 38784 507896 7 2 0.3%
[CPU0] 528380 5652 522728 38784 507896 7 2 0.3%
[CPU0] 528380 5652 522728 38784 507896 7 2 0.3%
[CPU0] 528380 5652 522728 38784 507896 7 2 0.3%
[CPU0] 528380 5652 522728 38784 507896 7 2 0.3%
[CPU0] 528380 5652 522728 38784 507896 7 2 0.3%
[CPU0] 528380 5652 522728 38784 507896 7 2 0.3%
[CPU0] 528380 5652 522728 38784 507896 7 2 0.3%
[CPU0] 528380 5652 522728 38784 507896 7 2 0.3%
[CPU0] 528380 5652 522728 38784 507896 7 2 0.3%
[CPU0] 528380 5652 522728 38784 507896 7 2 0.3%
[CPU0] 528380 5652 522728 38784 507896 7 2 0.3%
[CPU0] 528380 5652 522728 38784 507896 7 2 0.3%
[CPU0] 528380 5652 522728 38784 507896 7 2 0.3%
[CPU0] 528380 5652 522728 38784 507896 7 2 0.3%
[CPU0] 528380 5652 522728 38784 507896 7 2 0.3%
[CPU0] 528380 5652 522728 38784 507896 7 2 0.3%
[CPU0] 528380 5652 522728 38784 507896 7 2 0.3%
[CPU0] 528380 5652 522728 38784 507896 7 2 0.3%
[CPU0] 528380 5652 522728 38784 507896 7 2 0.3%
[CPU0] 528380 5652 522728 38784 507896 7 2 0.3%
[CPU0] 528380 5652 522728 38784 507896 7 2 0.3%
[CPU0] 528380 5652 522728 38784 507896 7 2 0.3%
[CPU0] 528380 5652 522728 38784 507896 7 2 0.3%
[CPU0] 528380 5652 522728 38784 507896 7 2 0.3%
[CPU0] 528380 5652 522728 38784 507896 7 2 0.3%
[CPU0] 528380 5652 522728 38784 507896 7 2 0.3%
[CPU0] 528380 5652 522728 38784 507896 7 2 0.3%
[CPU0] 528380 5652 522728 38784 507896 7 2 0.3%
[CPU0] 528380 5652 522728 38784 507896 7 2 0.3%
[CPU0] 528380 5652 522728 38784 507896 7 2 0.3%
[CPU0] 528380 5652 522728 38784 507896 7 2 0.3%
[CPU0] 528380 5652 522728 38784 507896 7 2 0.3%
[CPU0] 528380 5652 522728 38784 507896 7 2 0.3%
[CPU0] 528380 5652 522728 38784 507896 7 2 0.3%
[CPU0] 528380 5652 522728 38784 507896 7 2 0.3%
[CPU0] 528380 5652 522728 38784 507896 7 2 0.3%
[CPU0] 528380 5652 522728 38784 507896 7 2 0.3%
[CPU0] 528380 5652 522728 38784 507896 7 2 0.3%
[CPU0] 528380 5652 522728 38784 507896 7 2 0.3%
[CPU0] 528380 5652 522728 38784 507896 7 2 0.3%
[CPU0] 528380 5652 522728 38784 507896 7 2 0.3%
[CPU0] 528380 5652 522728 38784 507896 7 2 0.3%
[CPU0] 528380 5652 522728 38784 507896 7 2 0.3%
[CPU0] 528380 5652 522728 38784 507896 7 2 0.3%
[CPU0] 528380 5652 522728 38784 507896 7 2 0.3%
[CPU0] 528380 5652 522728 38784 507896 7 2 0.3%
[CPU0] 528380 5652 522728 38784 507896 7 2 0.3%
[CPU0] 528380 5652 522728 38784 507896 7 2 0.3%
[CPU0] 528380 5652 522728 38784 507896 7 2 0.3%
[CPU0] 528380 5652 522728 38784 507896 7 2 0.3%
[CPU0] 528380 5652 522728 38784 507896 7 2 0.3%
[CPU0] 528380 5652 522728 38784 507896 7 2 0.3%
[CPU0] 528380 5652 522728 38784 507896 7 2 0.3%
[CPU0] 528380 5652 522728 38784 507896 7 2 0.3%
[CPU0] 528380 5652 522728 38784 507896 7 2 0.3%
[CPU0] 528380 5652 522728 38784 507896 7 2 0.3%
[CPU0] 528380 5652 522728 38784 507896 7 2 0.3%
[CPU0] 528380 5652 522728 38784 507896 7 2 0.3%
[CPU0] 528380 5652 522728 38784 507896 7 2 0.3%
[CPU0] 528380 5652 522728 38784 507896 7 2 0.3%
[CPU0] 528380 5652 522728 38784 507896 7 2 0.3%
[CPU0] 528380 5652 522728 38784 507896 7 2 0.3%
[CPU0] 528380 5652 522728 38784 507896 7 2 0.3%
[CPU0] 528380 5652 522728 38784 507896 7 2 0.3%
[CPU0] 528380 5652 522728 38784 507896 7 2 0.3%
[CPU0] 528380 5652 522728 38784 507896 7 2 0.3%
[CPU0] 528380 5652 522728 38784 507896 7 2 0.3%
[CPU0] 528380 5652 522728 38784 507896 7 2 0.3%
[CPU0] 528380 5652 522728 38784 507896 7 2 0.3%
[CPU0] 528380 5652 522728 38784 507896 7 2 0.3%
[CPU0] 528380 5652 522728 38784 507896 7 2 0.3%
[CPU0] 528380 5652 522728 38784 507896 7 2 0.3%
[CPU0] 528380 5652 522728 38784 507896 7 2 0.3%
[CPU0] 528380 5652 522728 38784 507896 7 2 0.3%
[CPU0] 528380 5652 522728 38784 507896 7 2 0.3%
[CPU0] 528380 5652 522728 38784 507896 7 2 0.3%
[CPU0] 528380 5652 522728 38784 507896 7 2 0.3%
[CPU0] 528380 5652 522728 38784 507896 7 2 0.3%
[CPU0] 528380 5652 522728 38784 507896 7 2 0.3%
[CPU0] 528380 5652 522728 38784 507896 7 2 0.3%
[CPU0] 528380 5652 522728 38784 507896 7 2 0.3%
[CPU0] 528380 5652 522728 38784 507896 7 2 0.3%
[CPU0] 528380 5652 522728 38784 507896 7 2 0.3%
[CPU0] 528380 5652 522728 38784 507896 7 2 0.3%
[CPU0] 528380 5652 522728 38784 507896 7 2 0.3%
[CPU0] 528380 5652 522728 38784 507896 7 2 0.3%
[CPU0] 528380 5652 522728 38784 507896 7 2 0.3%
[CPU0] 528380 5652 522728 38784 507896 7 2 0.3%
[CPU0] 528380 5652 522728 38784 507896 7 2 0.3%
[CPU0] 528380 5652 522728 38784 507896 7 2 0.3%
[CPU0] 528380 5652 522728 38784 507896 7 2 0.3%
[CPU0] 528380 5652 522728 38784 507896 7 2 0.3%
[CPU0] 528380 5652 522728 38784 507896 7 2 0.3%
[CPU0] 528380 5652 522728 38784 507896 7 2 0.3%
[CPU0] 528380 5652 522728 38784 507896 7 2 0.3%
[CPU0] 528380 5652 522728 38784 507896 7 2 0.3%
[CPU0] 528380 5652 522728 38784 507896 7 2 0.3%
[CPU0] 528380 5652 522728 38784 507896 7 2 0.3%
[CPU0] 528380 5652 522728 38784 507896 7 2 0.3%
[CPU0] 528380 5652 522728 38784 507896 7 2 0.3%
[CPU0] 528380 5652 522728 38784 507896 7 2 0.3%
[CPU0] 528380 5652 522728 38784 507896 7 2 0.3%
[CPU0] 528380 5652 522728 38784 507896 7 2 0.3%
[CPU0] 528380 5652 522728 38784 507896 7 2 0.3%
[CPU0] 528380 5652 522728 38784 507896 7 2 0.3%
[CPU0] 528380 5652 522728 38784 507896 7 2 0.3%
[CPU0] 528380 5652 522728 38784 507896 7 2 0.3%
[CPU0] 528380 5652 522728 38784 507896 7 2 0.3%
[CPU0] 528380 5652 522728 38784 507896 7 2 0.3%
[CPU0] 528380 5652 522728 38784 507896 7 2 0.3%
[CPU0] 528380 5652 522728 38784 507896 7 2 0.3%
[CPU0] 528380 5652 522728 38784 507896 7 2 0.3%
[CPU0] 528380 5652 522728 38784 507896 7 2 0.3%
[CPU0] 528380 5652 522728 38784 507896 7 2 0.3%
[CPU0] 528380 5652 522728 38784 507896 7 2 0.3%
[CPU0] 528380 5652 522728 38784 507896 7 2 0.3%
[CPU0] 528380 5652 522728 38784 507896 7 2 0.3%
[CPU0] 528380 5652 522728 38784 507896 7 2 0.3%
[CPU0] 528380 5652 522728 38784 507896 7 2 0.3%
[CPU0] 528380 5652 522728 38784 507896 7 2 0.3%
[CPU0] 528380 5652 522728 38784 507896 7 2 0.3%
[CPU0] 528380 5652 522728 38784 507896 7 2 0.3%
[CPU0] 528380 5652 522728 38784 507896 7 2 0.3%
[CPU0] 528380 5652 522728 38784 507896 7 2 0.3%
[CPU0] 528380 5652 522728 38784 507896 7 2 0.3%
[CPU0] 528380 5652 522728 38784 507896 7 2 0.3%
[CPU0] 528380 5652 522728 38784 507896 7 2 0.3%
[CPU0] 528380 5652 522728 38784 507896 7 2 0.3%
[CPU0] 528380 5652 522728 38784 507896 7 2 0.3%
[CPU0] 528380 5652 522728 38784 507896 7 2 0.3%
[CPU0] 528380 5652 522728 38784 507896 7 2 0.3%
[CPU0] 528380 5652 522728 38784 507896 7 2 0.3%
[CPU0] 528380 5652 522728 38784 507896 7 2 0.3%
[CPU0] 528380 5652 522728 38784 507896 7 2 0.3%
[CPU0] 528380 5652 522728 38784 507896 7 2 0.3%
[CPU0] 528380 5652 522728 38784 507896 7 2 0.3%
[CPU0] 528380 5652 522728 38784 507896 7 2 0.3%
[CPU0] 528380 5652 522728 38784 507896 7 2 0.3%
[CPU0] 528380 5652 522728 38784 507896 7 2 0.3%
[CPU0] 528380 5652 522728 38784 507896 7 2 0.3%
[CPU0] 528380 5652 522728 38784 507896 7 2 0.3%
[CPU0] 528380 5652 522728 38784 507896 7 2 0.3%
[CPU0] 528380 5652 522728 38784 507896 7 2 0.3%
[CPU0] 528380 5652 522728 38784 507896 7 2 0.3%
[CPU0] 528380 5652 522728 38784 507896 7 2 0.3%
[CPU0] 528380 5652 522728 38784 507896 7 2 0.3%
[CPU0] 528380 5652 522728 38784 507896 7 2 0.3%
[CPU0] 528380 5652 522728 38784 507896 7 2 0.3%
[CPU0] 528380 5652 522728 38784 507896 7 2 0.3%
[CPU0] 528380 5652 522728 38784 507896 7 2 0.3%
[CPU0] 528380 5652 522728 38784 507896 7 2 0.3%
[CPU0] 528380 5652 522728 38784 507896 7 2 0.3%
[CPU0] 528380 5652 522728 38784 507896 7 2 0.3%
[CPU0] 528380 5652 522728 38784 507896 7 2 0.3%
[CPU0] 528380 5652 522728 38784 507896 7 2 0.3%
[CPU0] 528380 5652 522728 38784 507896 7 2 0.3%
[CPU0] 528380 5652 522728 38784 507896 7 2 0.3%
[CPU0] 528380 5652 522728 38784 507896 7 2 0.3%
[CPU0] 528380 5652 522728 38784 507896 7 2 0.3%
[CPU0] 528380 5652 522728 38784 507896 7 2 0.3%
[CPU0] 528380 5652 522728 38784 507896 7 2 0.3%
[CPU0] 528380 5652 522728 38784 507896 7 2 0.3%
[CPU0] 528380 5652 522728 38784 507896 7 2 0.3%
[CPU0] 528380 5652 522728 38784 507896 7 2 0.3%
[CPU0] 528380 5652 522728 38784 507896 7 2 0.3%
[CPU0] 528380 5652 522728 38784 507896 7 2 0.3%
[CPU0] 528380 5652 522728 38784 507896 7 2 0.3%
[CPU0] 528380 5652 522728 38784 507896 7 2 0.3%
[CPU0] 528380 5652 522728 38784 507896 7 2 0.3%
[CPU0] 528380 5652 522728 38784 507896 7 2 0.3%
[CPU0] 528380 5652 522728 38784 507896 7 2 0.3%
[CPU0] 528380 5652 522728 38784 507896 7 2 0.3%
[CPU0] 528380 5652 522728 38784 507896 7 2 0.3%
[CPU0] 528380 5652 522728 38784 507896 7 2 0.3%
[CPU0] 528380 5652 522728 38784 507896 7 2 0.3%
[CPU0] 528380 5652 522728 38784 507896 7 2 0.3%
[CPU0] 528380 5652 522728 38784 507896 7 2 0.3%

HOST_COMMAND 2026-09-16T02:52:48.086465+00:00 date -u +%Y-%m-%dT%H:%M:%S
2023-11-15T09:39:23
nsh> 
HOST_COMMAND 2026-09-16T02:52:48.086903+00:00 free
OK
nsh> 
HOST_COMMAND 2026-09-16T02:52:48.086954+00:00 ps
7 7 showinfo -i 60
nsh> [CPU0] 528380 5652 522728 38784 507896 7 2 0.3%
[CPU0] 528380 5652 522728 38784 507896 7 2 0.3%
[CPU0] 528380 5652 522728 38784 507896 7 2 0.3%
[CPU0] 528380 5652 522728 38784 507896 7 2 0.3%
[CPU0] 528380 5652 522728 38784 507896 7 2 0.3%
[CPU0] 528380 5652 522728 38784 507896 7 2 0.3%
[CPU0] 528380 5652 522728 38784 507896 7 2 0.3%
[CPU0] 528380 5652 522728 38784 507896 7 2 0.3%
[CPU0] 528380 5652 522728 38784 507896 7 2 0.3%
[CPU0] 528380 5652 522728 38784 507896 7 2 0.3%
[CPU0] 528380 5652 522728 38784 507896 7 2 0.3%
[CPU0] 528380 5652 522728 38784 507896 7 2 0.3%
[CPU0] 528380 5652 522728 38784 507896 7 2 0.3%
[CPU0] 528380 5652 522728 38784 507896 7 2 0.3%
[CPU0] 528380 5652 522728 38784 507896 7 2 0.3%
[CPU0] 528380 5652 522728 38784 507896 7 2 0.3%
[CPU0] 528380 5652 522728 38784 507896 7 2 0.3%
[CPU0] 528380 5652 522728 38784 507896 7 2 0.3%
[CPU0] 528380 5652 522728 38784 507896 7 2 0.3%
[CPU0] 528380 5652 522728 38784 507896 7 2 0.3%
[CPU0] 528380 5652 522728 38784 507896 7 2 0.3%
[CPU0] 528380 5652 522728 38784 507896 7 2 0.3%
[CPU0] 528380 5652 522728 38784 507896 7 2 0.3%
[CPU0] 528380 5652 522728 38784 507896 7 2 0.3%
[CPU0] 528380 5652 522728 38784 507896 7 2 0.3%
[CPU0] 528380 5652 522728 38784 507896 7 2 0.3%
[CPU0] 528380 5652 522728 38784 507896 7 2 0.3%
[CPU0] 528380 5652 522728 38784 507896 7 2 0.3%
[CPU0] 528380 5652 522728 38784 507896 7 2 0.3%
[CPU0] 528380 5652 522728 38784 507896 7 2 0.3%
[CPU0] 528380 5652 522728 38784 507896 7 2 0.3%
[CPU0] 528380 5652 522728 38784 507896 7 2 0.3%
[CPU0] 528380 5652 522728 38784 507896 7 2 0.3%
[CPU0] 528380 5652 522728 38784 507896 7 2 0.3%
[CPU0] 528380 5652 522728 38784 507896 7 2 0.3%
[CPU0] 528380 5652 522728 38784 507896 7 2 0.3%
[CPU0] 528380 5652 522728 38784 507896 7 2 0.3%
[CPU0] 528380 5652 522728 38784 507896 7 2 0.3%
[CPU0] 528380 5652 522728 38784 507896 7 2 0.3%
[CPU0] 528380 5652 522728 38784 507896 7 2 0.3%
[CPU0] 528380 5652 522728 38784 507896 7 2 0.3%
[CPU0] 528380 5652 522728 38784 507896 7 2 0.3%
[CPU0] 528380 5652 522728 38784 507896 7 2 0.3%
[CPU0] 528380 5652 522728 38784 507896 7 2 0.3%
[CPU0] 528380 5652 522728 38784 507896 7 2 0.3%
[CPU0] 528380 5652 522728 38784 507896 7 2 0.3%
[CPU0] 528380 5652 522728 38784 507896 7 2 0.3%
[CPU0] 528380 5652 522728 38784 507896 7 2 0.3%
[CPU0] 528380 5652 522728 38784 507896 7 2 0.3%
[CPU0] 528380 5652 522728 38784 507896 7 2 0.3%
[CPU0] 528380 5652 522728 38784 507896 7 2 0.3%
[CPU0] 528380 5652 522728 38784 507896 7 2 0.3%
[CPU0] 528380 5652 522728 38784 507896 7 2 0.3%
[CPU0] 528380 5652 522728 38784 507896 7 2 0.3%
[CPU0] 528380 5652 522728 38784 507896 7 2 0.3%
[CPU0] 528380 5652 522728 38784 507896 7 2 0.3%
[CPU0] 528380 5652 522728 38784 507896 7 2 0.3%
[CPU0] 528380 5652 522728 38784 507896 7 2 0.3%
[CPU0] 528380 5652 522728 38784 507896 7 2 0.3%
[CPU0] 528380 5652 522728 38784 507896 7 2 0.3%
[CPU0] 528380 5652 522728 38784 507896 7 2 0.3%
[CPU0] 528380 5652 522728 38784 507896 7 2 0.3%
[CPU0] 528380 5652 522728 38784 507896 7 2 0.3%
[CPU0] 528380 5652 522728 38784 507896 7 2 0.3%
[CPU0] 528380 5652 522728 38784 507896 7 2 0.3%
[CPU0] 528380 5652 522728 38784 507896 7 2 0.3%
[CPU0] 528380 5652 522728 38784 507896 7 2 0.3%
[CPU0] 528380 5652 522728 38784 507896 7 2 0.3%
[CPU0] 528380 5652 522728 38784 507896 7 2 0.3%
[CPU0] 528380 5652 522728 38784 507896 7 2 0.3%
[CPU0] 528380 5652 522728 38784 507896 7 2 0.3%
[CPU0] 528380 5652 522728 38784 507896 7 2 0.3%
[CPU0] 528380 5652 522728 38784 507896 7 2 0.3%
[CPU0] 528380 5652 522728 38784 507896 7 2 0.3%
[CPU0] 528380 5652 522728 38784 507896 7 2 0.3%
[CPU0] 528380 5652 522728 38784 507896 7 2 0.3%
[CPU0] 528380 5652 522728 38784 507896 7 2 0.3%
[CPU0] 528380 5652 522728 38784 507896 7 2 0.3%
[CPU0] 528380 5652 522728 38784 507896 7 2 0.3%
[CPU0] 528380 5652 522728 38784 507896 7 2 0.3%
[CPU0] 528380 5652 522728 38784 507896 7 2 0.3%
[CPU0] 528380 5652 522728 38784 507896 7 2 0.3%
[CPU0] 528380 5652 522728 38784 507896 7 2 0.3%
[CPU0] 528380 5652 522728 38784 507896 7 2 0.3%
[CPU0] 528380 5652 522728 38784 507896 7 2 0.3%
[CPU0] 528380 5652 522728 38784 507896 7 2 0.3%
[CPU0] 528380 5652 522728 38784 507896 7 2 0.3%
[CPU0] 528380 5652 522728 38784 507896 7 2 0.3%
[CPU0] 528380 5652 522728 38784 507896 7 2 0.3%
[CPU0] 528380 5652 522728 38784 507896 7 2 0.3%
[CPU0] 528380 5652 522728 38784 507896 7 2 0.3%
[CPU0] 528380 5652 522728 38784 507896 7 2 0.3%
[CPU0] 528380 5652 522728 38784 507896 7 2 0.3%
[CPU0] 528380 5652 522728 38784 507896 7 2 0.3%
[CPU0] 528380 5652 522728 38784 507896 7 2 0.3%
[CPU0] 528380 5652 522728 38784 507896 7 2 0.3%
[CPU0] 528380 5652 522728 38784 507896 7 2 0.3%
[CPU0] 528380 5652 522728 38784 507896 7 2 0.3%
[CPU0] 528380 5652 522728 38784 507896 7 2 0.3%
[CPU0] 528380 5652 522728 38784 507896 7 2 0.3%
[CPU0] 528380 5652 522728 38784 507896 7 2 0.3%
[CPU0] 528380 5652 522728 38784 507896 7 2 0.3%
[CPU0] 528380 5652 522728 38784 507896 7 2 0.3%
[CPU0] 528380 5652 522728 38784 507896 7 2 0.3%
[CPU0] 528380 5652 522728 38784 507896 7 2 0.3%
[CPU0] 528380 5652 522728 38784 507896 7 2 0.3%
[CPU0] 528380 5652 522728 38784 507896 7 2 0.3%
[CPU0] 528380 5652 522728 38784 507896 7 2 0.3%
[CPU0] 528380 5652 522728 38784 507896 7 2 0.3%
[CPU0] 528380 5652 522728 38784 507896 7 2 0.3%
[CPU0] 528380 5652 522728 38784 507896 7 2 0.3%
[CPU0] 528380 5652 522728 38784 507896 7 2 0.3%
[CPU0] 528380 5652 522728 38784 507896 7 2 0.3%
[CPU0] 528380 5652 522728 38784 507896 7 2 0.3%
[CPU0] 528380 5652 522728 38784 507896 7 2 0.3%
[CPU0] 528380 5652 522728 38784 507896 7 2 0.3%
[CPU0] 528380 5652 522728 38784 507896 7 2 0.3%
[CPU0] 528380 5652 522728 38784 507896 7 2 0.3%
[CPU0] 528380 5652 522728 38784 507896 7 2 0.3%
[CPU0] 528380 5652 522728 38784 507896 7 2 0.3%
[CPU0] 528380 5652 522728 38784 507896 7 2 0.3%
[CPU0] 528380 5652 522728 38784 507896 7 2 0.3%
[CPU0] 528380 5652 522728 38784 507896 7 2 0.3%
[CPU0] 528380 5652 522728 38784 507896 7 2 0.3%
[CPU0] 528380 5652 522728 38784 507896 7 2 0.3%
[CPU0] 528380 5652 522728 38784 507896 7 2 0.3%
[CPU0] 528380 5652 522728 38784 507896 7 2 0.3%
[CPU0] 528380 5652 522728 38784 507896 7 2 0.3%
[CPU0] 528380 5652 522728 38784 507896 7 2 0.3%
[CPU0] 528380 5652 522728 38784 507896 7 2 0.3%
[CPU0] 528380 5652 522728 38784 507896 7 2 0.3%
[CPU0] 528380 5652 522728 38784 507896 7 2 0.3%
[CPU0] 528380 5652 522728 38784 507896 7 2 0.3%
[CPU0] 528380 5652 522728 38784 507896 7 2 0.3%
[CPU0] 528380 5652 522728 38784 507896 7 2 0.3%
[CPU0] 528380 5652 522728 38784 507896 7 2 0.3%
[CPU0] 528380 5652 522728 38784 507896 7 2 0.3%
[CPU0] 528380 5652 522728 38784 507896 7 2 0.3%
[CPU0] 528380 5652 522728 38784 507896 7 2 0.3%
[CPU0] 528380 5652 522728 38784 507896 7 2 0.3%
[CPU0] 528380 5652 522728 38784 507896 7 2 0.3%
[CPU0] 528380 5652 522728 38784 507896 7 2 0.3%
[CPU0] 528380 5652 522728 38784 507896 7 2 0.3%
[CPU0] 528380 5652 522728 38784 507896 7 2 0.3%
[CPU0] 528380 5652 522728 38784 507896 7 2 0.3%
[CPU0] 528380 5652 522728 38784 507896 7 2 0.3%
[CPU0] 528380 5652 522728 38784 507896 7 2 0.3%
[CPU0] 528380 5652 522728 38784 507896 7 2 0.3%
[CPU0] 528380 5652 522728 38784 507896 7 2 0.3%
[CPU0] 528380 5652 522728 38784 507896 7 2 0.3%
[CPU0] 528380 5652 522728 38784 507896 7 2 0.3%
[CPU0] 528380 5652 522728 38784 507896 7 2 0.3%
[CPU0] 528380 5652 522728 38784 507896 7 2 0.3%
[CPU0] 528380 5652 522728 38784 507896 7 2 0.3%
[CPU0] 528380 5652 522728 38784 507896 7 2 0.3%
[CPU0] 528380 5652 522728 38784 507896 7 2 0.3%
[CPU0] 528380 5652 522728 38784 507896 7 2 0.3%
[CPU0] 528380 5652 522728 38784 507896 7 2 0.3%
[CPU0] 528380 5652 522728 38784 507896 7 2 0.3%
[CPU0] 528380 5652 522728 38784 507896 7 2 0.3%
[CPU0] 528380 5652 522728 38784 507896 7 2 0.3%
[CPU0] 528380 5652 522728 38784 507896 7 2 0.3%
[CPU0] 528380 5652 522728 38784 507896 7 2 0.3%
[CPU0] 528380 5652 522728 38784 507896 7 2 0.3%
[CPU0] 528380 5652 522728 38784 507896 7 2 0.3%
[CPU0] 528380 5652 522728 38784 507896 7 2 0.3%
[CPU0] 528380 5652 522728 38784 507896 7 2 0.3%
[CPU0] 528380 5652 522728 38784 507896 7 2 0.3%
[CPU0] 528380 5652 522728 38784 507896 7 2 0.3%
[CPU0] 528380 5652 522728 38784 507896 7 2 0.3%
[CPU0] 528380 5652 522728 38784 507896 7 2 0.3%
[CPU0] 528380 5652 522728 38784 507896 7 2 0.3%
[CPU0] 528380 5652 522728 38784 507896 7 2 0.3%
[CPU0] 528380 5652 522728 38784 507896 7 2 0.3%
[CPU0] 528380 5652 522728 38784 507896 7 2 0.3%
[CPU0] 528380 5652 522728 38784 507896 7 2 0.3%
[CPU0] 528380 5652 522728 38784 507896 7 2 0.3%
[CPU0] 528380 5652 522728 38784 507896 7 2 0.3%
[CPU0] 528380 5652 522728 38784 507896 7 2 0.3%
[CPU0] 528380 5652 522728 38784 507896 7 2 0.3%
[CPU0] 528380 5652 522728 38784 507896 7 2 0.3%
[CPU0] 528380 5652 522728 38784 507896 7 2 0.3%
[CPU0] 528380 5652 522728 38784 507896 7 2 0.3%
[CPU0] 528380 5652 522728 38784 507896 7 2 0.3%
[CPU0] 528380 5652 522728 38784 507896 7 2 0.3%
[CPU0] 528380 5652 522728 38784 507896 7 2 0.3%
[CPU0] 528380 5652 522728 38784 507896 7 2 0.3%
[CPU0] 528380 5652 522728 38784 507896 7 2 0.3%
[CPU0] 528380 5652 522728 38784 507896 7 2 0.3%
[CPU0] 528380 5652 522728 38784 507896 7 2 0.3%
[CPU0] 528380 5652 522728 38784 507896 7 2 0.3%
[CPU0] 528380 5652 522728 38784 507896 7 2 0.3%
[CPU0] 528380 5652 522728 38784 507896 7 2 0.3%
[CPU0] 528380 5652 522728 38784 507896 7 2 0.3%
[CPU0] 528380 5652 522728 38784 507896 7 2 0.3%
[CPU0] 528380 5652 522728 38784 507896 7 2 0.3%
[CPU0] 528380 5652 522728 38784 507896 7 2 0.3%
[CPU0] 528380 5652 522728 38784 507896 7 2 0.3%
[CPU0] 528380 5652 522728 38784 507896 7 2 0.3%
[CPU0] 528380 5652 522728 38784 507896 7 2 0.3%
[CPU0] 528380 5652 522728 38784 507896 7 2 0.3%
[CPU0] 528380 5652 522728 38784 507896 7 2 0.3%
[CPU0] 528380 5652 522728 38784 507896 7 2 0.3%
[CPU0] 528380 5652 522728 38784 507896 7 2 0.3%
[CPU0] 528380 5652 522728 38784 507896 7 2 0.3%
[CPU0] 528380 5652 522728 38784 507896 7 2 0.3%
[CPU0] 528380 5652 522728 38784 507896 7 2 0.3%
[CPU0] 528380 5652 522728 38784 507896 7 2 0.3%
[CPU0] 528380 5652 522728 38784 507896 7 2 0.3%
[CPU0] 528380 5652 522728 38784 507896 7 2 0.3%
[CPU0] 528380 5652 522728 38784 507896 7 2 0.3%
[CPU0] 528380 5652 522728 38784 507896 7 2 0.3%
[CPU0] 528380 5652 522728 38784 507896 7 2 0.3%
[CPU0] 528380 5652 522728 38784 507896 7 2 0.3%
[CPU0] 528380 5652 522728 38784 507896 7 2 0.3%
[CPU0] 528380 5652 522728 38784 507896 7 2 0.3%
[CPU0] 528380 5652 522728 38784 507896 7 2 0.3%
[CPU0] 528380 5652 522728 38784 507896 7 2 0.3%
[CPU0] 528380 5652 522728 38784 507896 7 2 0.3%
[CPU0] 528380 5652 522728 38784 507896 7 2 0.3%
[CPU0] 528380 5652 522728 38784 507896 7 2 0.3%
[CPU0] 528380 5652 522728 38784 507896 7 2 0.3%
[CPU0] 528380 5652 522728 38784 507896 7 2 0.3%
[CPU0] 528380 5652 522728 38784 507896 7 2 0.3%
[CPU0] 528380 5652 522728 38784 507896 7 2 0.3%
[CPU0] 528380 5652 522728 38784 507896 7 2 0.3%
[CPU0] 528380 5652 522728 38784 507896 7 2 0.3%
[CPU0] 528380 5652 522728 38784 507896 7 2 0.3%
[CPU0] 528380 5652 522728 38784 507896 7 2 0.3%
[CPU0] 528380 5652 522728 38784 507896 7 2 0.3%
[CPU0] 528380 5652 522728 38784 507896 7 2 0.3%
[CPU0] 528380 5652 522728 38784 507896 7 2 0.3%
[CPU0] 528380 5652 522728 38784 507896 7 2 0.3%
[CPU0] 528380 5652 522728 38784 507896 7 2 0.3%
[CPU0] 528380 5652 522728 38784 507896 7 2 0.3%
[CPU0] 528380 5652 522728 38784 507896 7 2 0.3%
[CPU0] 528380 5652 522728 38784 507896 7 2 0.3%
[CPU0] 528380 5652 522728 38784 507896 7 2 0.3%
[CPU0] 528380 5652 522728 38784 507896 7 2 0.3%
[CPU0] 528380 5652 522728 38784 507896 7 2 0.3%
[CPU0] 528380 5652 522728 38784 507896 7 2 0.3%
[CPU0] 528380 5652 522728 38784 507896 7 2 0.3%
[CPU0] 528380 5652 522728 38784 507896 7 2 0.3%
[CPU0] 528380 5652 522728 38784 507896 7 2 0.3%
[CPU0] 528380 5652 522728 38784 507896 7 2 0.3%
[CPU0] 528380 5652 522728 38784 507896 7 2 0.3%
[CPU0] 528380 5652 522728 38784 507896 7 2 0.3%
[CPU0] 528380 5652 522728 38784 507896 7 2 0.3%
[CPU0] 528380 5652 522728 38784 507896 7 2 0.3%
[CPU0] 528380 5652 522728 38784 507896 7 2 0.3%
[CPU0] 528380 5652 522728 38784 507896 7 2 0.3%
[CPU0] 528380 5652 522728 38784 507896 7 2 0.3%
[CPU0] 528380 5652 522728 38784 507896 7 2 0.3%
[CPU0] 528380 5652 522728 38784 507896 7 2 0.3%
[CPU0] 528380 5652 522728 38784 507896 7 2 0.3%
[CPU0] 528380 5652 522728 38784 507896 7 2 0.3%
[CPU0] 528380 5652 522728 38784 507896 7 2 0.3%
[CPU0] 528380 5652 522728 38784 507896 7 2 0.3%
[CPU0] 528380 5652 522728 38784 507896 7 2 0.3%
[CPU0] 528380 5652 522728 38784 507896 7 2 0.3%
[CPU0] 528380 5652 522728 38784 507896 7 2 0.3%
[CPU0] 528380 5652 522728 38784 507896 7 2 0.3%
[CPU0] 528380 5652 522728 38784 507896 7 2 0.3%
[CPU0] 528380 5652 522728 38784 507896 7 2 0.3%
[CPU0] 528380 5652 522728 38784 507896 7 2 0.3%
[CPU0] 528380 5652 522728 38784 507896 7 2 0.3%
[CPU0] 528380 5652 522728 38784 507896 7 2 0.3%
[CPU0] 528380 5652 522728 38784 507896 7 2 0.3%
[CPU0] 528380 5652 522728 38784 507896 7 2 0.3%
[CPU0] 528380 5652 522728 38784 507896 7 2 0.3%
[CPU0] 528380 5652 522728 38784 507896 7 2 0.3%
[CPU0] 528380 5652 522728 38784 507896 7 2 0.3%
[CPU0] 528380 5652 522728 38784 507896 7 2 0.3%
[CPU0] 528380 5652 522728 38784 507896 7 2 0.3%
[CPU0] 528380 5652 522728 38784 507896 7 2 0.3%
[CPU0] 528380 5652 522728 38784 507896 7 2 0.3%
[CPU0] 528380 5652 522728 38784 507896 7 2 0.3%
[CPU0] 528380 5652 522728 38784 507896 7 2 0.3%
[CPU0] 528380 5652 522728 38784 507896 7 2 0.3%
[CPU0] 528380 5652 522728 38784 507896 7 2 0.3%
[CPU0] 528380 5652 522728 38784 507896 7 2 0.3%
[CPU0] 528380 5652 522728 38784 507896 7 2 0.3%
[CPU0] 528380 5652 522728 38784 507896 7 2 0.3%
[CPU0] 528380 5652 522728 38784 507896 7 2 0.3%
[CPU0] 528380 5652 522728 38784 507896 7 2 0.3%
[CPU0] 528380 5652 522728 38784 507896 7 2 0.3%
[CPU0] 528380 5652 522728 38784 507896 7 2 0.3%
[CPU0] 528380 5652 522728 38784 507896 7 2 0.3%
[CPU0] 528380 5652 522728 38784 507896 7 2 0.3%
[CPU0] 528380 5652 522728 38784 507896 7 2 0.3%
[CPU0] 528380 5652 522728 38784 507896 7 2 0.3%
[CPU0] 528380 5652 522728 38784 507896 7 2 0.3%
[CPU0] 528380 5652 522728 38784 507896 7 2 0.3%
[CPU0] 528380 5652 522728 38784 507896 7 2 0.3%
[CPU0] 528380 5652 522728 38784 507896 7 2 0.3%
[CPU0] 528380 5652 522728 38784 507896 7 2 0.3%
[CPU0] 528380 5652 522728 38784 507896 7 2 0.3%
[CPU0] 528380 5652 522728 38784 507896 7 2 0.3%
[CPU0] 528380 5652 522728 38784 507896 7 2 0.3%
[CPU0] 528380 5652 522728 38784 507896 7 2 0.3%
[CPU0] 528380 5652 522728 38784 507896 7 2 0.3%
[CPU0] 528380 5652 522728 38784 507896 7 2 0.3%
[CPU0] 528380 5652 522728 38784 507896 7 2 0.3%
[CPU0] 528380 5652 522728 38784 507896 7 2 0.3%
[CPU0] 528380 5652 522728 38784 507896 7 2 0.3%
[CPU0] 528380 5652 522728 38784 507896 7 2 0.3%
[CPU0] 528380 5652 522728 38784 507896 7 2 0.3%
[CPU0] 528380 5652 522728 38784 507896 7 2 0.3%
[CPU0] 528380 5652 522728 38784 507896 7 2 0.3%
[CPU0] 528380 5652 522728 38784 507896 7 2 0.3%
[CPU0] 528380 5652 522728 38784 507896 7 2 0.3%
[CPU0] 528380 5652 522728 38784 507896 7 2 0.3%
[CPU0] 528380 5652 522728 38784 507896 7 2 0.3%
[CPU0] 528380 5652 522728 38784 507896 7 2 0.3%
[CPU0] 528380 5652 522728 38784 507896 7 2 0.3%
[CPU0] 528380 5652 522728 38784 507896 7 2 0.3%
[CPU0] 528380 5652 522728 38784 507896 7 2 0.3%
[CPU0] 528380 5652 522728 38784 507896 7 2 0.3%
[CPU0] 528380 5652 522728 38784 507896 7 2 0.3%
[CPU0] 528380 5652 522728 38784 507896 7 2 0.3%
[CPU0] 528380 5652 522728 38784 507896 7 2 0.3%
[CPU0] 528380 5652 522728 38784 507896 7 2 0.3%
[CPU0] 528380 5652 522728 38784 507896 7 2 0.3%
[CPU0] 528380 5652 522728 38784 507896 7 2 0.3%
[CPU0] 528380 5652 522728 38784 507896 7 2 0.3%
[CPU0] 528380 5652 522728 38784 507896 7 2 0.3%
[CPU0] 528380 5652 522728 38784 507896 7 2 0.3%
[CPU0] 528380 5652 522728 38784 507896 7 2 0.3%
[CPU0] 528380 5652 522728 38784 507896 7 2 0.3%
[CPU0] 528380 5652 522728 38784 507896 7 2 0.3%
[CPU0] 528380 5652 522728 38784 507896 7 2 0.3%
[CPU0] 528380 5652 522728 38784 507896 7 2 0.3%
[CPU0] 528380 5652 522728 38784 507896 7 2 0.3%
[CPU0] 528380 5652 522728 38784 507896 7 2 0.3%
[CPU0] 528380 5652 522728 38784 507896 7 2 0.3%
[CPU0] 528380 5652 522728 38784 507896 7 2 0.3%
[CPU0] 528380 5652 522728 38784 507896 7 2 0.3%
[CPU0] 528380 5652 522728 38784 507896 7 2 0.3%
[CPU0] 528380 5652 522728 38784 507896 7 2 0.3%
[CPU0] 528380 5652 522728 38784 507896 7 2 0.3%
[CPU0] 528380 5652 522728 38784 507896 7 2 0.3%
[CPU0] 528380 5652 522728 38784 507896 7 2 0.3%
[CPU0] 528380 5652 522728 38784 507896 7 2 0.3%

HOST_COMMAND 2026-09-16T02:52:48.094195+00:00 date -u +%Y-%m-%dT%H:%M:%S
2023-11-15T15:22:23
nsh> 
HOST_COMMAND 2026-09-16T02:52:48.094608+00:00 free
OK
nsh> 
HOST_COMMAND 2026-09-16T02:52:48.094654+00:00 ps
7 7 showinfo -i 60
nsh> [CPU0] 528380 5652 522728 38784 507896 7 2 0.3%
[CPU0] 528380 5652 522728 38784 507896 7 2 0.3%
[CPU0] 528380 5652 522728 38784 507896 7 2 0.3%
[CPU0] 528380 5652 522728 38784 507896 7 2 0.3%
[CPU0] 528380 5652 522728 38784 507896 7 2 0.3%
[CPU0] 528380 5652 522728 38784 507896 7 2 0.3%
[CPU0] 528380 5652 522728 38784 507896 7 2 0.3%
[CPU0] 528380 5652 522728 38784 507896 7 2 0.3%
[CPU0] 528380 5652 522728 38784 507896 7 2 0.3%
[CPU0] 528380 5652 522728 38784 507896 7 2 0.3%
[CPU0] 528380 5652 522728 38784 507896 7 2 0.3%
[CPU0] 528380 5652 522728 38784 507896 7 2 0.3%
[CPU0] 528380 5652 522728 38784 507896 7 2 0.3%
[CPU0] 528380 5652 522728 38784 507896 7 2 0.3%
[CPU0] 528380 5652 522728 38784 507896 7 2 0.3%
[CPU0] 528380 5652 522728 38784 507896 7 2 0.3%
[CPU0] 528380 5652 522728 38784 507896 7 2 0.3%
[CPU0] 528380 5652 522728 38784 507896 7 2 0.3%
[CPU0] 528380 5652 522728 38784 507896 7 2 0.3%
[CPU0] 528380 5652 522728 38784 507896 7 2 0.3%
[CPU0] 528380 5652 522728 38784 507896 7 2 0.3%
[CPU0] 528380 5652 522728 38784 507896 7 2 0.3%
[CPU0] 528380 5652 522728 38784 507896 7 2 0.3%
[CPU0] 528380 5652 522728 38784 507896 7 2 0.3%
[CPU0] 528380 5652 522728 38784 507896 7 2 0.3%
[CPU0] 528380 5652 522728 38784 507896 7 2 0.3%
[CPU0] 528380 5652 522728 38784 507896 7 2 0.3%
[CPU0] 528380 5652 522728 38784 507896 7 2 0.3%
[CPU0] 528380 5652 522728 38784 507896 7 2 0.3%
[CPU0] 528380 5652 522728 38784 507896 7 2 0.3%
[CPU0] 528380 5652 522728 38784 507896 7 2 0.3%
[CPU0] 528380 5652 522728 38784 507896 7 2 0.3%
[CPU0] 528380 5652 522728 38784 507896 7 2 0.3%
[CPU0] 528380 5652 522728 38784 507896 7 2 0.3%
[CPU0] 528380 5652 522728 38784 507896 7 2 0.3%
[CPU0] 528380 5652 522728 38784 507896 7 2 0.3%
[CPU0] 528380 5652 522728 38784 507896 7 2 0.3%
[CPU0] 528380 5652 522728 38784 507896 7 2 0.3%
[CPU0] 528380 5652 522728 38784 507896 7 2 0.3%
[CPU0] 528380 5652 522728 38784 507896 7 2 0.3%
[CPU0] 528380 5652 522728 38784 507896 7 2 0.3%
[CPU0] 528380 5652 522728 38784 507896 7 2 0.3%
[CPU0] 528380 5652 522728 38784 507896 7 2 0.3%
[CPU0] 528380 5652 522728 38784 507896 7 2 0.3%
[CPU0] 528380 5652 522728 38784 507896 7 2 0.3%
[CPU0] 528380 5652 522728 38784 507896 7 2 0.3%
[CPU0] 528380 5652 522728 38784 507896 7 2 0.3%
[CPU0] 528380 5652 522728 38784 507896 7 2 0.3%
[CPU0] 528380 5652 522728 38784 507896 7 2 0.3%
[CPU0] 528380 5652 522728 38784 507896 7 2 0.3%
[CPU0] 528380 5652 522728 38784 507896 7 2 0.3%
[CPU0] 528380 5652 522728 38784 507896 7 2 0.3%
[CPU0] 528380 5652 522728 38784 507896 7 2 0.3%
[CPU0] 528380 5652 522728 38784 507896 7 2 0.3%
[CPU0] 528380 5652 522728 38784 507896 7 2 0.3%
[CPU0] 528380 5652 522728 38784 507896 7 2 0.3%
[CPU0] 528380 5652 522728 38784 507896 7 2 0.3%
[CPU0] 528380 5652 522728 38784 507896 7 2 0.3%
[CPU0] 528380 5652 522728 38784 507896 7 2 0.3%
[CPU0] 528380 5652 522728 38784 507896 7 2 0.3%
[CPU0] 528380 5652 522728 38784 507896 7 2 0.3%
[CPU0] 528380 5652 522728 38784 507896 7 2 0.3%
[CPU0] 528380 5652 522728 38784 507896 7 2 0.3%
[CPU0] 528380 5652 522728 38784 507896 7 2 0.3%
[CPU0] 528380 5652 522728 38784 507896 7 2 0.3%
[CPU0] 528380 5652 522728 38784 507896 7 2 0.3%
[CPU0] 528380 5652 522728 38784 507896 7 2 0.3%
[CPU0] 528380 5652 522728 38784 507896 7 2 0.3%
[CPU0] 528380 5652 522728 38784 507896 7 2 0.3%
[CPU0] 528380 5652 522728 38784 507896 7 2 0.3%
[CPU0] 528380 5652 522728 38784 507896 7 2 0.3%
[CPU0] 528380 5652 522728 38784 507896 7 2 0.3%
[CPU0] 528380 5652 522728 38784 507896 7 2 0.3%
[CPU0] 528380 5652 522728 38784 507896 7 2 0.3%
[CPU0] 528380 5652 522728 38784 507896 7 2 0.3%
[CPU0] 528380 5652 522728 38784 507896 7 2 0.3%
[CPU0] 528380 5652 522728 38784 507896 7 2 0.3%
[CPU0] 528380 5652 522728 38784 507896 7 2 0.3%
[CPU0] 528380 5652 522728 38784 507896 7 2 0.3%
[CPU0] 528380 5652 522728 38784 507896 7 2 0.3%
[CPU0] 528380 5652 522728 38784 507896 7 2 0.3%
[CPU0] 528380 5652 522728 38784 507896 7 2 0.3%
[CPU0] 528380 5652 522728 38784 507896 7 2 0.3%
[CPU0] 528380 5652 522728 38784 507896 7 2 0.3%
[CPU0] 528380 5652 522728 38784 507896 7 2 0.3%
[CPU0] 528380 5652 522728 38784 507896 7 2 0.3%
[CPU0] 528380 5652 522728 38784 507896 7 2 0.3%
[CPU0] 528380 5652 522728 38784 507896 7 2 0.3%
[CPU0] 528380 5652 522728 38784 507896 7 2 0.3%
[CPU0] 528380 5652 522728 38784 507896 7 2 0.3%
[CPU0] 528380 5652 522728 38784 507896 7 2 0.3%
[CPU0] 528380 5652 522728 38784 507896 7 2 0.3%
[CPU0] 528380 5652 522728 38784 507896 7 2 0.3%
[CPU0] 528380 5652 522728 38784 507896 7 2 0.3%
[CPU0] 528380 5652 522728 38784 507896 7 2 0.3%
[CPU0] 528380 5652 522728 38784 507896 7 2 0.3%
[CPU0] 528380 5652 522728 38784 507896 7 2 0.3%
[CPU0] 528380 5652 522728 38784 507896 7 2 0.3%
[CPU0] 528380 5652 522728 38784 507896 7 2 0.3%
[CPU0] 528380 5652 522728 38784 507896 7 2 0.3%
[CPU0] 528380 5652 522728 38784 507896 7 2 0.3%
[CPU0] 528380 5652 522728 38784 507896 7 2 0.3%
[CPU0] 528380 5652 522728 38784 507896 7 2 0.3%
[CPU0] 528380 5652 522728 38784 507896 7 2 0.3%
[CPU0] 528380 5652 522728 38784 507896 7 2 0.3%
[CPU0] 528380 5652 522728 38784 507896 7 2 0.3%
[CPU0] 528380 5652 522728 38784 507896 7 2 0.3%
[CPU0] 528380 5652 522728 38784 507896 7 2 0.3%
[CPU0] 528380 5652 522728 38784 507896 7 2 0.3%
[CPU0] 528380 5652 522728 38784 507896 7 2 0.3%
[CPU0] 528380 5652 522728 38784 507896 7 2 0.3%
[CPU0] 528380 5652 522728 38784 507896 7 2 0.3%
[CPU0] 528380 5652 522728 38784 507896 7 2 0.3%
[CPU0] 528380 5652 522728 38784 507896 7 2 0.3%
[CPU0] 528380 5652 522728 38784 507896 7 2 0.3%
[CPU0] 528380 5652 522728 38784 507896 7 2 0.3%
[CPU0] 528380 5652 522728 38784 507896 7 2 0.3%
[CPU0] 528380 5652 522728 38784 507896 7 2 0.3%
[CPU0] 528380 5652 522728 38784 507896 7 2 0.3%
[CPU0] 528380 5652 522728 38784 507896 7 2 0.3%
[CPU0] 528380 5652 522728 38784 507896 7 2 0.3%
[CPU0] 528380 5652 522728 38784 507896 7 2 0.3%
[CPU0] 528380 5652 522728 38784 507896 7 2 0.3%
[CPU0] 528380 5652 522728 38784 507896 7 2 0.3%
[CPU0] 528380 5652 522728 38784 507896 7 2 0.3%
[CPU0] 528380 5652 522728 38784 507896 7 2 0.3%
[CPU0] 528380 5652 522728 38784 507896 7 2 0.3%
[CPU0] 528380 5652 522728 38784 507896 7 2 0.3%
[CPU0] 528380 5652 522728 38784 507896 7 2 0.3%
[CPU0] 528380 5652 522728 38784 507896 7 2 0.3%
[CPU0] 528380 5652 522728 38784 507896 7 2 0.3%
[CPU0] 528380 5652 522728 38784 507896 7 2 0.3%
[CPU0] 528380 5652 522728 38784 507896 7 2 0.3%
[CPU0] 528380 5652 522728 38784 507896 7 2 0.3%
[CPU0] 528380 5652 522728 38784 507896 7 2 0.3%
[CPU0] 528380 5652 522728 38784 507896 7 2 0.3%
[CPU0] 528380 5652 522728 38784 507896 7 2 0.3%
[CPU0] 528380 5652 522728 38784 507896 7 2 0.3%
[CPU0] 528380 5652 522728 38784 507896 7 2 0.3%
[CPU0] 528380 5652 522728 38784 507896 7 2 0.3%
[CPU0] 528380 5652 522728 38784 507896 7 2 0.3%
[CPU0] 528380 5652 522728 38784 507896 7 2 0.3%
[CPU0] 528380 5652 522728 38784 507896 7 2 0.3%
[CPU0] 528380 5652 522728 38784 507896 7 2 0.3%
[CPU0] 528380 5652 522728 38784 507896 7 2 0.3%
[CPU0] 528380 5652 522728 38784 507896 7 2 0.3%
[CPU0] 528380 5652 522728 38784 507896 7 2 0.3%
[CPU0] 528380 5652 522728 38784 507896 7 2 0.3%
[CPU0] 528380 5652 522728 38784 507896 7 2 0.3%
[CPU0] 528380 5652 522728 38784 507896 7 2 0.3%
[CPU0] 528380 5652 522728 38784 507896 7 2 0.3%
[CPU0] 528380 5652 522728 38784 507896 7 2 0.3%
[CPU0] 528380 5652 522728 38784 507896 7 2 0.3%
[CPU0] 528380 5652 522728 38784 507896 7 2 0.3%
[CPU0] 528380 5652 522728 38784 507896 7 2 0.3%
[CPU0] 528380 5652 522728 38784 507896 7 2 0.3%
[CPU0] 528380 5652 522728 38784 507896 7 2 0.3%
[CPU0] 528380 5652 522728 38784 507896 7 2 0.3%
[CPU0] 528380 5652 522728 38784 507896 7 2 0.3%
[CPU0] 528380 5652 522728 38784 507896 7 2 0.3%
[CPU0] 528380 5652 522728 38784 507896 7 2 0.3%
[CPU0] 528380 5652 522728 38784 507896 7 2 0.3%
[CPU0] 528380 5652 522728 38784 507896 7 2 0.3%
[CPU0] 528380 5652 522728 38784 507896 7 2 0.3%
[CPU0] 528380 5652 522728 38784 507896 7 2 0.3%
[CPU0] 528380 5652 522728 38784 507896 7 2 0.3%
[CPU0] 528380 5652 522728 38784 507896 7 2 0.3%
[CPU0] 528380 5652 522728 38784 507896 7 2 0.3%
[CPU0] 528380 5652 522728 38784 507896 7 2 0.3%
[CPU0] 528380 5652 522728 38784 507896 7 2 0.3%
[CPU0] 528380 5652 522728 38784 507896 7 2 0.3%
[CPU0] 528380 5652 522728 38784 507896 7 2 0.3%
[CPU0] 528380 5652 522728 38784 507896 7 2 0.3%
[CPU0] 528380 5652 522728 38784 507896 7 2 0.3%
[CPU0] 528380 5652 522728 38784 507896 7 2 0.3%
[CPU0] 528380 5652 522728 38784 507896 7 2 0.3%
[CPU0] 528380 5652 522728 38784 507896 7 2 0.3%
[CPU0] 528380 5652 522728 38784 507896 7 2 0.3%
[CPU0] 528380 5652 522728 38784 507896 7 2 0.3%
[CPU0] 528380 5652 522728 38784 507896 7 2 0.3%
[CPU0] 528380 5652 522728 38784 507896 7 2 0.3%
[CPU0] 528380 5652 522728 38784 507896 7 2 0.3%
[CPU0] 528380 5652 522728 38784 507896 7 2 0.3%
[CPU0] 528380 5652 522728 38784 507896 7 2 0.3%
[CPU0] 528380 5652 522728 38784 507896 7 2 0.3%
[CPU0] 528380 5652 522728 38784 507896 7 2 0.3%
[CPU0] 528380 5652 522728 38784 507896 7 2 0.3%
[CPU0] 528380 5652 522728 38784 507896 7 2 0.3%
[CPU0] 528380 5652 522728 38784 507896 7 2 0.3%
[CPU0] 528380 5652 522728 38784 507896 7 2 0.3%
[CPU0] 528380 5652 522728 38784 507896 7 2 0.3%
[CPU0] 528380 5652 522728 38784 507896 7 2 0.3%
[CPU0] 528380 5652 522728 38784 507896 7 2 0.3%
[CPU0] 528380 5652 522728 38784 507896 7 2 0.3%
[CPU0] 528380 5652 522728 38784 507896 7 2 0.3%
[CPU0] 528380 5652 522728 38784 507896 7 2 0.3%
[CPU0] 528380 5652 522728 38784 507896 7 2 0.3%
[CPU0] 528380 5652 522728 38784 507896 7 2 0.3%
[CPU0] 528380 5652 522728 38784 507896 7 2 0.3%
[CPU0] 528380 5652 522728 38784 507896 7 2 0.3%
[CPU0] 528380 5652 522728 38784 507896 7 2 0.3%
[CPU0] 528380 5652 522728 38784 507896 7 2 0.3%
[CPU0] 528380 5652 522728 38784 507896 7 2 0.3%
[CPU0] 528380 5652 522728 38784 507896 7 2 0.3%
[CPU0] 528380 5652 522728 38784 507896 7 2 0.3%
[CPU0] 528380 5652 522728 38784 507896 7 2 0.3%
[CPU0] 528380 5652 522728 38784 507896 7 2 0.3%
[CPU0] 528380 5652 522728 38784 507896 7 2 0.3%
[CPU0] 528380 5652 522728 38784 507896 7 2 0.3%
[CPU0] 528380 5652 522728 38784 507896 7 2 0.3%
[CPU0] 528380 5652 522728 38784 507896 7 2 0.3%
[CPU0] 528380 5652 522728 38784 507896 7 2 0.3%
[CPU0] 528380 5652 522728 38784 507896 7 2 0.3%
[CPU0] 528380 5652 522728 38784 507896 7 2 0.3%
[CPU0] 528380 5652 522728 38784 507896 7 2 0.3%
[CPU0] 528380 5652 522728 38784 507896 7 2 0.3%
[CPU0] 528380 5652 522728 38784 507896 7 2 0.3%
[CPU0] 528380 5652 522728 38784 507896 7 2 0.3%
[CPU0] 528380 5652 522728 38784 507896 7 2 0.3%
[CPU0] 528380 5652 522728 38784 507896 7 2 0.3%
[CPU0] 528380 5652 522728 38784 507896 7 2 0.3%
[CPU0] 528380 5652 522728 38784 507896 7 2 0.3%
[CPU0] 528380 5652 522728 38784 507896 7 2 0.3%
[CPU0] 528380 5652 522728 38784 507896 7 2 0.3%
[CPU0] 528380 5652 522728 38784 507896 7 2 0.3%
[CPU0] 528380 5652 522728 38784 507896 7 2 0.3%
[CPU0] 528380 5652 522728 38784 507896 7 2 0.3%
[CPU0] 528380 5652 522728 38784 507896 7 2 0.3%
[CPU0] 528380 5652 522728 38784 507896 7 2 0.3%
[CPU0] 528380 5652 522728 38784 507896 7 2 0.3%
[CPU0] 528380 5652 522728 38784 507896 7 2 0.3%
[CPU0] 528380 5652 522728 38784 507896 7 2 0.3%
[CPU0] 528380 5652 522728 38784 507896 7 2 0.3%
[CPU0] 528380 5652 522728 38784 507896 7 2 0.3%
[CPU0] 528380 5652 522728 38784 507896 7 2 0.3%
[CPU0] 528380 5652 522728 38784 507896 7 2 0.3%
[CPU0] 528380 5652 522728 38784 507896 7 2 0.3%
[CPU0] 528380 5652 522728 38784 507896 7 2 0.3%
[CPU0] 528380 5652 522728 38784 507896 7 2 0.3%
[CPU0] 528380 5652 522728 38784 507896 7 2 0.3%
[CPU0] 528380 5652 522728 38784 507896 7 2 0.3%
[CPU0] 528380 5652 522728 38784 507896 7 2 0.3%
[CPU0] 528380 5652 522728 38784 507896 7 2 0.3%
[CPU0] 528380 5652 522728 38784 507896 7 2 0.3%
[CPU0] 528380 5652 522728 38784 507896 7 2 0.3%
[CPU0] 528380 5652 522728 38784 507896 7 2 0.3%
[CPU0] 528380 5652 522728 38784 507896 7 2 0.3%
[CPU0] 528380 5652 522728 38784 507896 7 2 0.3%
[CPU0] 528380 5652 522728 38784 507896 7 2 0.3%
[CPU0] 528380 5652 522728 38784 507896 7 2 0.3%
[CPU0] 528380 5652 522728 38784 507896 7 2 0.3%
[CPU0] 528380 5652 522728 38784 507896 7 2 0.3%
[CPU0] 528380 5652 522728 38784 507896 7 2 0.3%
[CPU0] 528380 5652 522728 38784 507896 7 2 0.3%
[CPU0] 528380 5652 522728 38784 507896 7 2 0.3%
[CPU0] 528380 5652 522728 38784 507896 7 2 0.3%
[CPU0] 528380 5652 522728 38784 507896 7 2 0.3%
[CPU0] 528380 5652 522728 38784 507896 7 2 0.3%
[CPU0] 528380 5652 522728 38784 507896 7 2 0.3%
[CPU0] 528380 5652 522728 38784 507896 7 2 0.3%
[CPU0] 528380 5652 522728 38784 507896 7 2 0.3%
[CPU0] 528380 5652 522728 38784 507896 7 2 0.3%
[CPU0] 528380 5652 522728 38784 507896 7 2 0.3%
[CPU0] 528380 5652 522728 38784 507896 7 2 0.3%
[CPU0] 528380 5652 522728 38784 507896 7 2 0.3%
[CPU0] 528380 5652 522728 38784 507896 7 2 0.3%
[CPU0] 528380 5652 522728 38784 507896 7 2 0.3%
[CPU0] 528380 5652 522728 38784 507896 7 2 0.3%
[CPU0] 528380 5652 522728 38784 507896 7 2 0.3%
[CPU0] 528380 5652 522728 38784 507896 7 2 0.3%
[CPU0] 528380 5652 522728 38784 507896 7 2 0.3%
[CPU0] 528380 5652 522728 38784 507896 7 2 0.3%
[CPU0] 528380 5652 522728 38784 507896 7 2 0.3%
[CPU0] 528380 5652 522728 38784 507896 7 2 0.3%
[CPU0] 528380 5652 522728 38784 507896 7 2 0.3%
[CPU0] 528380 5652 522728 38784 507896 7 2 0.3%
[CPU0] 528380 5652 522728 38784 507896 7 2 0.3%
[CPU0] 528380 5652 522728 38784 507896 7 2 0.3%
[CPU0] 528380 5652 522728 38784 507896 7 2 0.3%
[CPU0] 528380 5652 522728 38784 507896 7 2 0.3%
[CPU0] 528380 5652 522728 38784 507896 7 2 0.3%
[CPU0] 528380 5652 522728 38784 507896 7 2 0.3%
[CPU0] 528380 5652 522728 38784 507896 7 2 0.3%
[CPU0] 528380 5652 522728 38784 507896 7 2 0.3%
[CPU0] 528380 5652 522728 38784 507896 7 2 0.3%
[CPU0] 528380 5652 522728 38784 507896 7 2 0.3%
[CPU0] 528380 5652 522728 38784 507896 7 2 0.3%
[CPU0] 528380 5652 522728 38784 507896 7 2 0.3%
[CPU0] 528380 5652 522728 38784 507896 7 2 0.3%
[CPU0] 528380 5652 522728 38784 507896 7 2 0.3%
[CPU0] 528380 5652 522728 38784 507896 7 2 0.3%
[CPU0] 528380 5652 522728 38784 507896 7 2 0.3%
[CPU0] 528380 5652 522728 38784 507896 7 2 0.3%
[CPU0] 528380 5652 522728 38784 507896 7 2 0.3%
[CPU0] 528380 5652 522728 38784 507896 7 2 0.3%
[CPU0] 528380 5652 522728 38784 507896 7 2 0.3%
[CPU0] 528380 5652 522728 38784 507896 7 2 0.3%
[CPU0] 528380 5652 522728 38784 507896 7 2 0.3%
[CPU0] 528380 5652 522728 38784 507896 7 2 0.3%
[CPU0] 528380 5652 522728 38784 507896 7 2 0.3%
[CPU0] 528380 5652 522728 38784 507896 7 2 0.3%
[CPU0] 528380 5652 522728 38784 507896 7 2 0.3%
[CPU0] 528380 5652 522728 38784 507896 7 2 0.3%
[CPU0] 528380 5652 522728 38784 507896 7 2 0.3%
[CPU0] 528380 5652 522728 38784 507896 7 2 0.3%
[CPU0] 528380 5652 522728 38784 507896 7 2 0.3%
[CPU0] 528380 5652 522728 38784 507896 7 2 0.3%
[CPU0] 528380 5652 522728 38784 507896 7 2 0.3%
[CPU0] 528380 5652 522728 38784 507896 7 2 0.3%
[CPU0] 528380 5652 522728 38784 507896 7 2 0.3%
[CPU0] 528380 5652 522728 38784 507896 7 2 0.3%
[CPU0] 528380 5652 522728 38784 507896 7 2 0.3%
[CPU0] 528380 5652 522728 38784 507896 7 2 0.3%
[CPU0] 528380 5652 522728 38784 507896 7 2 0.3%
[CPU0] 528380 5652 522728 38784 507896 7 2 0.3%
[CPU0] 528380 5652 522728 38784 507896 7 2 0.3%
[CPU0] 528380 5652 522728 38784 507896 7 2 0.3%
[CPU0] 528380 5652 522728 38784 507896 7 2 0.3%
[CPU0] 528380 5652 522728 38784 507896 7 2 0.3%
[CPU0] 528380 5652 522728 38784 507896 7 2 0.3%
[CPU0] 528380 5652 522728 38784 507896 7 2 0.3%
[CPU0] 528380 5652 522728 38784 507896 7 2 0.3%
[CPU0] 528380 5652 522728 38784 507896 7 2 0.3%
[CPU0] 528380 5652 522728 38784 507896 7 2 0.3%
[CPU0] 528380 5652 522728 38784 507896 7 2 0.3%
[CPU0] 528380 5652 522728 38784 507896 7 2 0.3%
[CPU0] 528380 5652 522728 38784 507896 7 2 0.3%
[CPU0] 528380 5652 522728 38784 507896 7 2 0.3%
[CPU0] 528380 5652 522728 38784 507896 7 2 0.3%
[CPU0] 528380 5652 522728 38784 507896 7 2 0.3%
[CPU0] 528380 5652 522728 38784 507896 7 2 0.3%
[CPU0] 528380 5652 522728 38784 507896 7 2 0.3%
[CPU0] 528380 5652 522728 38784 507896 7 2 0.3%
[CPU0] 528380 5652 522728 38784 507896 7 2 0.3%
[CPU0] 528380 5652 522728 38784 507896 7 2 0.3%
[CPU0] 528380 5652 522728 38784 507896 7 2 0.3%
[CPU0] 528380 5652 522728 38784 507896 7 2 0.3%
[CPU0] 528380 5652 522728 38784 507896 7 2 0.3%
[CPU0] 528380 5652 522728 38784 507896 7 2 0.3%
[CPU0] 528380 5652 522728 38784 507896 7 2 0.3%
[CPU0] 528380 5652 522728 38784 507896 7 2 0.3%
[CPU0] 528380 5652 522728 38784 507896 7 2 0.3%
[CPU0] 528380 5652 522728 38784 507896 7 2 0.3%

HOST_COMMAND 2026-09-16T02:52:48.101895+00:00 date -u +%Y-%m-%dT%H:%M:%S
2023-11-15T21:05:23
nsh> 
HOST_COMMAND 2026-09-16T02:52:48.102334+00:00 free
OK
nsh> 
HOST_COMMAND 2026-09-16T02:52:48.102381+00:00 ps
7 7 showinfo -i 60
nsh> 