--- CMD: ifconfig ---
ifconfig
wlan0	Link encap:Ethernet HWaddr 30:ed:a0:f3:f7:b0 at RUNNING mtu 1500
	inet addr:192.168.1.60 DRaddr:192.168.1.1 Mask:255.255.255.0

nsh> [K
nsh> [K
--- CMD: wapi scan wlan0 Kal\'tsit ---
wapi scan wlan0 Kal\'tsit
[CPU0] esp_wifi_start_scan: S31 scan request: type=0 channel=0 country_ret=0 first=1 count=11
[CPU0] esp_event_post_wrapper: S31 scan event: status=0 aps=3 id=128
[CPU0] esp_event_post_wrapper: S31 Wi-Fi ISR calls: cpu0=149815 cpu1=0
[CPU0] esp_wifi_scan_event_parse: S31 scan count: ret=0 aps=3
bssid / frequency / signal level / encode / ssid
60:ce:41:46:0e:ec	2437	-71	0800	Kal'tsit
60:ce:41:ab:02:d0	2462	-66	0800	Kal'tsit
7c:39:85:2a:50:04	2462	-64	0800	Kal'tsit
nsh> [K
nsh> [K
ASSOCIATED_SCAN_ROUND=1 PASS
--- CMD: wapi scan wlan0 Kal\'tsit ---
wapi scan wlan0 Kal\'tsit
[CPU0] esp_wifi_start_scan: S31 scan request: type=0 channel=0 country_ret=0 first=1 count=11
[CPU0] esp_event_post_wrapper: S31 scan event: status=0 aps=2 id=129
[CPU0] esp_event_post_wrapper: S31 Wi-Fi ISR calls: cpu0=149979 cpu1=0
[CPU0] esp_wifi_scan_event_parse: S31 scan count: ret=0 aps=2
bssid / frequency / signal level / encode / ssid
7c:39:85:2a:50:04	2462	-71	0800	Kal'tsit
60:ce:41:ab:02:d0	2462	-64	0800	Kal'tsit
nsh> [K
nsh> [K
ASSOCIATED_SCAN_ROUND=2 PASS
--- CMD: wapi scan wlan0 Kal\'tsit ---
wapi scan wlan0 Kal\'tsit
[CPU0] esp_wifi_start_scan: S31 scan request: type=0 channel=0 country_ret=0 first=1 count=11
[CPU0] esp_event_post_wrapper: S31 scan event: status=0 aps=2 id=130
[CPU0] esp_event_post_wrapper: S31 Wi-Fi ISR calls: cpu0=150126 cpu1=0
[CPU0] esp_wifi_scan_event_parse: S31 scan count: ret=0 aps=2
bssid / frequency / signal level / encode / ssid
60:ce:41:ab:02:d0	2462	-74	0800	Kal'tsit
7c:39:85:2a:50:04	2462	-66	0800	Kal'tsit
nsh> [K
nsh> [K
ASSOCIATED_SCAN_ROUND=3 PASS
--- CMD: wapi scan wlan0 Kal\'tsit ---
wapi scan wlan0 Kal\'tsit
[CPU0] esp_wifi_start_scan: S31 scan request: type=0 channel=0 country_ret=0 first=1 count=11
[CPU0] esp_event_post_wrapper: S31 scan event: status=0 aps=3 id=131
[CPU0] esp_event_post_wrapper: S31 Wi-Fi ISR calls: cpu0=150289 cpu1=0
[CPU0] esp_wifi_scan_event_parse: S31 scan count: ret=0 aps=3
bssid / frequency / signal level / encode / ssid
60:ce:41:46:0e:ec	2437	-81	0800	Kal'tsit
7c:39:85:2a:50:04	2462	-66	0800	Kal'tsit
60:ce:41:ab:02:d0	2462	-64	0800	Kal'tsit
nsh> [K
nsh> [K
ASSOCIATED_SCAN_ROUND=4 PASS
--- CMD: wapi scan wlan0 Kal\'tsit ---
wapi scan wlan0 Kal\'tsit
[CPU0] esp_wifi_start_scan: S31 scan request: type=0 channel=0 country_ret=0 first=1 count=11
[CPU0] esp_event_post_wrapper: S31 scan event: status=0 aps=3 id=132
[CPU0] esp_event_post_wrapper: S31 Wi-Fi ISR calls: cpu0=150467 cpu1=0
[CPU0] esp_wifi_scan_event_parse: S31 scan count: ret=0 aps=3
bssid / frequency / signal level / encode / ssid
60:ce:41:46:0e:ec	2437	-71	0800	Kal'tsit
60:ce:41:ab:02:d0	2462	-66	0800	Kal'tsit
7c:39:85:2a:50:04	2462	-59	0800	Kal'tsit
nsh> [K
nsh> [K
ASSOCIATED_SCAN_ROUND=5 PASS
--- CMD: wapi scan wlan0 Kal\'tsit ---
wapi scan wlan0 Kal\'tsit
[CPU1] esp_wifi_start_scan: S31 scan request: type=0 channel=0 country_ret=0 first=1 count=11
[CPU0] esp_event_post_wrapper: S31 scan event: status=0 aps=2 id=133
[CPU0] esp_event_post_wrapper: S31 Wi-Fi ISR calls: cpu0=150604 cpu1=0
[CPU0] esp_wifi_scan_event_parse: S31 scan count: ret=0 aps=2
bssid / frequency / signal level / encode / ssid
60:ce:41:ab:02:d0	2462	-74	0800	Kal'tsit
7c:39:85:2a:50:04	2462	-62	0800	Kal'tsit
nsh> [K
nsh> [K
ASSOCIATED_SCAN_ROUND=6 PASS
--- CMD: wapi scan wlan0 Kal\'tsit ---
wapi scan wlan0 Kal\'tsit
[CPU0] esp_wifi_start_scan: S31 scan request: type=0 channel=0 country_ret=0 first=1 count=11
[CPU0] esp_event_post_wrapper: S31 scan event: status=0 aps=2 id=134
[CPU0] esp_event_post_wrapper: S31 Wi-Fi ISR calls: cpu0=150762 cpu1=0
[CPU0] esp_wifi_scan_event_parse: S31 scan count: ret=0 aps=2
bssid / frequency / signal level / encode / ssid
60:ce:41:ab:02:d0	2462	-63	0800	Kal'tsit
7c:39:85:2a:50:04	2462	-61	0800	Kal'tsit
nsh> [K
nsh> [K
ASSOCIATED_SCAN_ROUND=7 PASS
--- CMD: wapi scan wlan0 Kal\'tsit ---
wapi scan wlan0 Kal\'tsit
[CPU0] esp_wifi_start_scan: S31 scan request: type=0 channel=0 country_ret=0 first=1 count=11
[CPU0] esp_event_post_wrapper: S31 scan event: status=0 aps=2 id=135
[CPU0] esp_event_post_wrapper: S31 Wi-Fi ISR calls: cpu0=150916 cpu1=0
[CPU0] esp_wifi_scan_event_parse: S31 scan count: ret=0 aps=2
bssid / frequency / signal level / encode / ssid
60:ce:41:ab:02:d0	2462	-66	0800	Kal'tsit
7c:39:85:2a:50:04	2462	-63	0800	Kal'tsit
nsh> [K
nsh> [K
ASSOCIATED_SCAN_ROUND=8 PASS
--- CMD: wapi scan wlan0 Kal\'tsit ---
wapi scan wlan0 Kal\'tsit
[CPU0] esp_wifi_start_scan: S31 scan request: type=0 channel=0 country_ret=0 first=1 count=11
[CPU0] esp_event_post_wrapper: S31 scan event: status=0 aps=3 id=136
[CPU0] esp_event_post_wrapper: S31 Wi-Fi ISR calls: cpu0=151086 cpu1=0
[CPU0] esp_wifi_scan_event_parse: S31 scan count: ret=0 aps=3
bssid / frequency / signal level / encode / ssid
60:ce:41:46:0e:ec	2437	-72	0800	Kal'tsit
7c:39:85:2a:50:04	2462	-72	0800	Kal'tsit
60:ce:41:ab:02:d0	2462	-66	0800	Kal'tsit
nsh> [K
nsh> [K
ASSOCIATED_SCAN_ROUND=9 PASS
--- CMD: wapi scan wlan0 Kal\'tsit ---
wapi scan wlan0 Kal\'tsit
[CPU0] esp_wifi_start_scan: S31 scan request: type=0 channel=0 country_ret=0 first=1 count=11
[CPU0] esp_event_post_wrapper: S31 scan event: status=0 aps=2 id=137
[CPU0] esp_event_post_wrapper: S31 Wi-Fi ISR calls: cpu0=151261 cpu1=0
[CPU0] esp_wifi_scan_event_parse: S31 scan count: ret=0 aps=2
bssid / frequency / signal level / encode / ssid
60:ce:41:ab:02:d0	2462	-75	0800	Kal'tsit
7c:39:85:2a:50:04	2462	-63	0800	Kal'tsit
nsh> [K
nsh> [K
ASSOCIATED_SCAN_ROUND=10 PASS
--- CMD: wapi scan wlan0 Kal\'tsit ---
wapi scan wlan0 Kal\'tsit
[CPU0] esp_wifi_start_scan: S31 scan request: type=0 channel=0 country_ret=0 first=1 count=11
[CPU0] esp_event_post_wrapper: S31 scan event: status=0 aps=3 id=138
[CPU0] esp_event_post_wrapper: S31 Wi-Fi ISR calls: cpu0=151425 cpu1=0
[CPU0] esp_wifi_scan_event_parse: S31 scan count: ret=0 aps=3
bssid / frequency / signal level / encode / ssid
60:ce:41:46:0e:ec	2437	-82	0800	Kal'tsit
7c:39:85:2a:50:04	2462	-71	0800	Kal'tsit
60:ce:41:ab:02:d0	2462	-66	0800	Kal'tsit
nsh> [K
nsh> [K
ASSOCIATED_SCAN_ROUND=11 PASS
--- CMD: wapi scan wlan0 Kal\'tsit ---
wapi scan wlan0 Kal\'tsit
[CPU0] esp_wifi_start_scan: S31 scan request: type=0 channel=0 country_ret=0 first=1 count=11
[CPU0] esp_event_post_wrapper: S31 scan event: status=0 aps=3 id=139
[CPU0] esp_event_post_wrapper: S31 Wi-Fi ISR calls: cpu0=151592 cpu1=0
[CPU0] esp_wifi_scan_event_parse: S31 scan count: ret=0 aps=3
bssid / frequency / signal level / encode / ssid
60:ce:41:46:0e:ec	2437	-71	0800	Kal'tsit
60:ce:41:ab:02:d0	2462	-65	0800	Kal'tsit
7c:39:85:2a:50:04	2462	-63	0800	Kal'tsit
nsh> [K
nsh> [K
ASSOCIATED_SCAN_ROUND=12 PASS
--- CMD: wapi scan wlan0 Kal\'tsit ---
wapi scan wlan0 Kal\'tsit
[CPU0] esp_wifi_start_scan: S31 scan request: type=0 channel=0 country_ret=0 first=1 count=11
[CPU0] esp_event_post_wrapper: S31 scan event: status=0 aps=3 id=140
[CPU0] esp_event_post_wrapper: S31 Wi-Fi ISR calls: cpu0=151752 cpu1=0
[CPU0] esp_wifi_scan_event_parse: S31 scan count: ret=0 aps=3
bssid / frequency / signal level / encode / ssid
60:ce:41:ab:02:d0	2462	-76	0800	Kal'tsit
60:ce:41:46:0e:ec	2437	-71	0800	Kal'tsit
7c:39:85:2a:50:04	2462	-58	0800	Kal'tsit
nsh> [K
nsh> [K
ASSOCIATED_SCAN_ROUND=13 PASS
--- CMD: wapi scan wlan0 Kal\'tsit ---
wapi scan wlan0 Kal\'tsit
[CPU0] esp_wifi_start_scan: S31 scan request: type=0 channel=0 country_ret=0 first=1 count=11
[CPU0] esp_event_post_wrapper: S31 scan event: status=0 aps=3 id=141
[CPU0] esp_event_post_wrapper: S31 Wi-Fi ISR calls: cpu0=151968 cpu1=0
[CPU0] esp_wifi_scan_event_parse: S31 scan count: ret=0 aps=3
bssid / frequency / signal level / encode / ssid
60:ce:41:46:0e:ec	2437	-71	0800	Kal'tsit
60:ce:41:ab:02:d0	2462	-65	0800	Kal'tsit
7c:39:85:2a:50:04	2462	-57	0800	Kal'tsit
nsh> [K
nsh> [K
ASSOCIATED_SCAN_ROUND=14 PASS
--- CMD: wapi scan wlan0 Kal\'tsit ---
wapi scan wlan0 Kal\'tsit
[CPU0] esp_wifi_start_scan: S31 scan request: type=0 channel=0 country_ret=0 first=1 count=11
[CPU0] esp_event_post_wrapper: S31 scan event: status=0 aps=3 id=142
[CPU0] esp_event_post_wrapper: S31 Wi-Fi ISR calls: cpu0=152196 cpu1=0
[CPU0] esp_wifi_scan_event_parse: S31 scan count: ret=0 aps=3
bssid / frequency / signal level / encode / ssid
60:ce:41:46:0e:ec	2437	-70	0800	Kal'tsit
60:ce:41:ab:02:d0	2462	-66	0800	Kal'tsit
7c:39:85:2a:50:04	2462	-58	0800	Kal'tsit
nsh> [K
nsh> [K
ASSOCIATED_SCAN_ROUND=15 PASS
--- CMD: wapi scan wlan0 Kal\'tsit ---
wapi scan wlan0 Kal\'tsit
[CPU0] esp_wifi_start_scan: S31 scan request: type=0 channel=0 country_ret=0 first=1 count=11
[CPU0] esp_event_post_wrapper: S31 scan event: status=0 aps=2 id=143
[CPU0] esp_event_post_wrapper: S31 Wi-Fi ISR calls: cpu0=152341 cpu1=0
[CPU0] esp_wifi_scan_event_parse: S31 scan count: ret=0 aps=2
bssid / frequency / signal level / encode / ssid
60:ce:41:ab:02:d0	2462	-65	0800	Kal'tsit
7c:39:85:2a:50:04	2462	-58	0800	Kal'tsit
nsh> [K
nsh> [K
ASSOCIATED_SCAN_ROUND=16 PASS
--- CMD: wapi scan wlan0 Kal\'tsit ---
wapi scan wlan0 Kal\'tsit
[CPU0] esp_wifi_start_scan: S31 scan request: type=0 channel=0 country_ret=0 first=1 count=11
[CPU0] esp_event_post_wrapper: S31 scan event: status=0 aps=3 id=144
[CPU0] esp_event_post_wrapper: S31 Wi-Fi ISR calls: cpu0=152530 cpu1=0
[CPU0] esp_wifi_scan_event_parse: S31 scan count: ret=0 aps=3
bssid / frequency / signal level / encode / ssid
60:ce:41:46:0e:ec	2437	-71	0800	Kal'tsit
60:ce:41:ab:02:d0	2462	-66	0800	Kal'tsit
7c:39:85:2a:50:04	2462	-61	0800	Kal'tsit
nsh> [K
nsh> [K
ASSOCIATED_SCAN_ROUND=17 PASS
--- CMD: wapi scan wlan0 Kal\'tsit ---
wapi scan wlan0 Kal\'tsit
[CPU0] esp_wifi_start_scan: S31 scan request: type=0 channel=0 country_ret=0 first=1 count=11
[CPU0] esp_event_post_wrapper: S31 scan event: status=0 aps=2 id=145
[CPU0] esp_event_post_wrapper: S31 Wi-Fi ISR calls: cpu0=152666 cpu1=0
[CPU0] esp_wifi_scan_event_parse: S31 scan count: ret=0 aps=2
bssid / frequency / signal level / encode / ssid
60:ce:41:ab:02:d0	2462	-74	0800	Kal'tsit
7c:39:85:2a:50:04	2462	-66	0800	Kal'tsit
nsh> [K
nsh> [K
ASSOCIATED_SCAN_ROUND=18 PASS
--- CMD: wapi scan wlan0 Kal\'tsit ---
wapi scan wlan0 Kal\'tsit
[CPU0] esp_wifi_start_scan: S31 scan request: type=0 channel=0 country_ret=0 first=1 count=11
[CPU0] esp_event_post_wrapper: S31 scan event: status=0 aps=3 id=146
[CPU0] esp_event_post_wrapper: S31 Wi-Fi ISR calls: cpu0=152848 cpu1=0
[CPU0] esp_wifi_scan_event_parse: S31 scan count: ret=0 aps=3
bssid / frequency / signal level / encode / ssid
60:ce:41:46:0e:ec	2437	-72	0800	Kal'tsit
60:ce:41:ab:02:d0	2462	-67	0800	Kal'tsit
7c:39:85:2a:50:04	2462	-63	0800	Kal'tsit
nsh> [K
nsh> [K
ASSOCIATED_SCAN_ROUND=19 PASS
--- CMD: wapi scan wlan0 Kal\'tsit ---
wapi scan wlan0 Kal\'tsit
[CPU0] esp_wifi_start_scan: S31 scan request: type=0 channel=0 country_ret=0 first=1 count=11
[CPU0] esp_event_post_wrapper: S31 scan event: status=0 aps=2 id=147
[CPU0] esp_event_post_wrapper: S31 Wi-Fi ISR calls: cpu0=153032 cpu1=0
[CPU0] esp_wifi_scan_event_parse: S31 scan count: ret=0 aps=2
bssid / frequency / signal level / encode / ssid
60:ce:41:ab:02:d0	2462	-66	0800	Kal'tsit
7c:39:85:2a:50:04	2462	-61	0800	Kal'tsit
nsh> [K
nsh> [K
ASSOCIATED_SCAN_ROUND=20 PASS
--- CMD: wapi scan wlan0 Kal\'tsit ---
wapi scan wlan0 Kal\'tsit
[CPU0] esp_wifi_start_scan: S31 scan request: type=0 channel=0 country_ret=0 first=1 count=11
[CPU0] esp_event_post_wrapper: S31 scan event: status=0 aps=2 id=148
[CPU0] esp_event_post_wrapper: S31 Wi-Fi ISR calls: cpu0=153221 cpu1=0
[CPU0] esp_wifi_scan_event_parse: S31 scan count: ret=0 aps=2
bssid / frequency / signal level / encode / ssid
60:ce:41:ab:02:d0	2462	-74	0800	Kal'tsit
7c:39:85:2a:50:04	2462	-55	0800	Kal'tsit
nsh> [K
nsh> [K
ASSOCIATED_SCAN_ROUND=21 PASS
--- CMD: wapi scan wlan0 Kal\'tsit ---
wapi scan wlan0 Kal\'tsit
[CPU0] esp_wifi_start_scan: S31 scan request: type=0 channel=0 country_ret=0 first=1 count=11
[CPU0] esp_event_post_wrapper: S31 scan event: status=0 aps=3 id=149
[CPU0] esp_event_post_wrapper: S31 Wi-Fi ISR calls: cpu0=153396 cpu1=0
[CPU0] esp_wifi_scan_event_parse: S31 scan count: ret=0 aps=3
bssid / frequency / signal level / encode / ssid
60:ce:41:46:0e:ec	2437	-82	0800	Kal'tsit
7c:39:85:2a:50:04	2462	-70	0800	Kal'tsit
60:ce:41:ab:02:d0	2462	-65	0800	Kal'tsit
nsh> [K
nsh> [K
ASSOCIATED_SCAN_ROUND=22 PASS
--- CMD: wapi scan wlan0 Kal\'tsit ---
wapi scan wlan0 Kal\'tsit
[CPU0] esp_wifi_start_scan: S31 scan request: type=0 channel=0 country_ret=0 first=1 count=11
[CPU0] esp_event_post_wrapper: S31 scan event: status=0 aps=2 id=150
[CPU0] esp_event_post_wrapper: S31 Wi-Fi ISR calls: cpu0=153552 cpu1=0
[CPU0] esp_wifi_scan_event_parse: S31 scan count: ret=0 aps=2
bssid / frequency / signal level / encode / ssid
60:ce:41:ab:02:d0	2462	-75	0800	Kal'tsit
7c:39:85:2a:50:04	2462	-62	0800	Kal'tsit
nsh> [K
nsh> [K
ASSOCIATED_SCAN_ROUND=23 PASS
--- CMD: wapi scan wlan0 Kal\'tsit ---
wapi scan wlan0 Kal\'tsit
[CPU0] esp_wifi_start_scan: S31 scan request: type=0 channel=0 country_ret=0 first=1 count=11
[CPU0] esp_event_post_wrapper: S31 scan event: status=0 aps=2 id=151
[CPU0] esp_event_post_wrapper: S31 Wi-Fi ISR calls: cpu0=153685 cpu1=0
[CPU0] esp_wifi_scan_event_parse: S31 scan count: ret=0 aps=2
bssid / frequency / signal level / encode / ssid
7c:39:85:2a:50:04	2462	-70	0800	Kal'tsit
60:ce:41:ab:02:d0	2462	-66	0800	Kal'tsit
nsh> [K
nsh> [K
ASSOCIATED_SCAN_ROUND=24 PASS
--- CMD: wapi scan wlan0 Kal\'tsit ---
wapi scan wlan0 Kal\'tsit
[CPU0] esp_wifi_start_scan: S31 scan request: type=0 channel=0 country_ret=0 first=1 count=11
[CPU0] esp_event_post_wrapper: S31 scan event: status=0 aps=3 id=152
[CPU0] esp_event_post_wrapper: S31 Wi-Fi ISR calls: cpu0=153898 cpu1=0
[CPU0] esp_wifi_scan_event_parse: S31 scan count: ret=0 aps=3
bssid / frequency / signal level / encode / ssid
60:ce:41:46:0e:ec	2437	-72	0800	Kal'tsit
7c:39:85:2a:50:04	2462	-70	0800	Kal'tsit
60:ce:41:ab:02:d0	2462	-65	0800	Kal'tsit
nsh> [K
nsh> [K
ASSOCIATED_SCAN_ROUND=25 PASS
--- CMD: wapi scan wlan0 Kal\'tsit ---
wapi scan wlan0 Kal\'tsit
[CPU0] esp_wifi_start_scan: S31 scan request: type=0 channel=0 country_ret=0 first=1 count=11
[CPU0] esp_event_post_wrapper: S31 scan event: status=0 aps=2 id=153
[CPU0] esp_event_post_wrapper: S31 Wi-Fi ISR calls: cpu0=154044 cpu1=0
[CPU0] esp_wifi_scan_event_parse: S31 scan count: ret=0 aps=2
bssid / frequency / signal level / encode / ssid
60:ce:41:ab:02:d0	2462	-74	0800	Kal'tsit
7c:39:85:2a:50:04	2462	-69	0800	Kal'tsit
nsh> [K
nsh> [K
ASSOCIATED_SCAN_ROUND=26 PASS
--- CMD: wapi scan wlan0 Kal\'tsit ---
wapi scan wlan0 Kal\'tsit
[CPU0] esp_wifi_start_scan: S31 scan request: type=0 channel=0 country_ret=0 first=1 count=11
[CPU0] esp_event_post_wrapper: S31 scan event: status=0 aps=3 id=154
[CPU0] esp_event_post_wrapper: S31 Wi-Fi ISR calls: cpu0=154215 cpu1=0
[CPU0] esp_wifi_scan_event_parse: S31 scan count: ret=0 aps=3
bssid / frequency / signal level / encode / ssid
60:ce:41:46:0e:ec	2437	-73	0800	Kal'tsit
60:ce:41:ab:02:d0	2462	-60	0800	Kal'tsit
7c:39:85:2a:50:04	2462	-55	0800	Kal'tsit
nsh> [K
nsh> [K
ASSOCIATED_SCAN_ROUND=27 PASS
--- CMD: wapi scan wlan0 Kal\'tsit ---
wapi scan wlan0 Kal\'tsit
[CPU0] esp_wifi_start_scan: S31 scan request: type=0 channel=0 country_ret=0 first=1 count=11
[CPU0] esp_event_post_wrapper: S31 scan event: status=0 aps=3 id=155
[CPU0] esp_event_post_wrapper: S31 Wi-Fi ISR calls: cpu0=154392 cpu1=0
[CPU0] esp_wifi_scan_event_parse: S31 scan count: ret=0 aps=3
bssid / frequency / signal level / encode / ssid
60:ce:41:ab:02:d0	2462	-75	0800	Kal'tsit
60:ce:41:46:0e:ec	2437	-72	0800	Kal'tsit
7c:39:85:2a:50:04	2462	-58	0800	Kal'tsit
nsh> [K
nsh> [K
ASSOCIATED_SCAN_ROUND=28 PASS
--- CMD: wapi scan wlan0 Kal\'tsit ---
wapi scan wlan0 Kal\'tsit
[CPU0] esp_wifi_start_scan: S31 scan request: type=0 channel=0 country_ret=0 first=1 count=11
[CPU0] esp_event_post_wrapper: S31 scan event: status=0 aps=2 id=156
[CPU0] esp_event_post_wrapper: S31 Wi-Fi ISR calls: cpu0=154549 cpu1=0
[CPU0] esp_wifi_scan_event_parse: S31 scan count: ret=0 aps=2
bssid / frequency / signal level / encode / ssid
7c:39:85:2a:50:04	2462	-70	0800	Kal'tsit
60:ce:41:ab:02:d0	2462	-64	0800	Kal'tsit
nsh> [K
nsh> [K
ASSOCIATED_SCAN_ROUND=29 PASS
--- CMD: wapi scan wlan0 Kal\'tsit ---
wapi scan wlan0 Kal\'tsit
[CPU0] esp_wifi_start_scan: S31 scan request: type=0 channel=0 country_ret=0 first=1 count=11
[CPU0] esp_event_post_wrapper: S31 scan event: status=0 aps=3 id=157
[CPU0] esp_event_post_wrapper: S31 Wi-Fi ISR calls: cpu0=154687 cpu1=0
[CPU0] esp_wifi_scan_event_parse: S31 scan count: ret=0 aps=3
bssid / frequency / signal level / encode / ssid
60:ce:41:46:0e:ec	2437	-84	0800	Kal'tsit
60:ce:41:ab:02:d0	2462	-71	0800	Kal'tsit
7c:39:85:2a:50:04	2462	-60	0800	Kal'tsit
nsh> [K
nsh> [K
ASSOCIATED_SCAN_ROUND=30 PASS
--- CMD: wapi scan wlan0 Kal\'tsit ---
wapi scan wlan0 Kal\'tsit
[CPU0] esp_wifi_start_scan: S31 scan request: type=0 channel=0 country_ret=0 first=1 count=11
[CPU0] esp_event_post_wrapper: S31 scan event: status=0 aps=2 id=158
[CPU0] esp_event_post_wrapper: S31 Wi-Fi ISR calls: cpu0=154912 cpu1=0
[CPU0] esp_wifi_scan_event_parse: S31 scan count: ret=0 aps=2
bssid / frequency / signal level / encode / ssid
7c:39:85:2a:50:04	2462	-70	0800	Kal'tsit
60:ce:41:ab:02:d0	2462	-58	0800	Kal'tsit
nsh> [K
nsh> [K
ASSOCIATED_SCAN_ROUND=31 PASS
--- CMD: wapi scan wlan0 Kal\'tsit ---
wapi scan wlan0 Kal\'tsit
[CPU0] esp_wifi_start_scan: S31 scan request: type=0 channel=0 country_ret=0 first=1 count=11
[CPU0] esp_event_post_wrapper: S31 scan event: status=0 aps=3 id=159
[CPU0] esp_event_post_wrapper: S31 Wi-Fi ISR calls: cpu0=155057 cpu1=0
[CPU0] esp_wifi_scan_event_parse: S31 scan count: ret=0 aps=3
bssid / frequency / signal level / encode / ssid
60:ce:41:46:0e:ec	2437	-72	0800	Kal'tsit
7c:39:85:2a:50:04	2462	-69	0800	Kal'tsit
60:ce:41:ab:02:d0	2462	-65	0800	Kal'tsit
nsh> [K
nsh> [K
ASSOCIATED_SCAN_ROUND=32 PASS
--- CMD: wapi scan wlan0 Kal\'tsit ---
wapi scan wlan0 Kal\'tsit
[CPU0] esp_wifi_start_scan: S31 scan request: type=0 channel=0 country_ret=0 first=1 count=11
[CPU0] esp_event_post_wrapper: S31 scan event: status=0 aps=3 id=160
[CPU0] esp_event_post_wrapper: S31 Wi-Fi ISR calls: cpu0=155266 cpu1=0
[CPU0] esp_wifi_scan_event_parse: S31 scan count: ret=0 aps=3
bssid / frequency / signal level / encode / ssid
60:ce:41:46:0e:ec	2437	-71	0800	Kal'tsit
7c:39:85:2a:50:04	2462	-66	0800	Kal'tsit
60:ce:41:ab:02:d0	2462	-61	0800	Kal'tsit
nsh> [K
nsh> [K
ASSOCIATED_SCAN_ROUND=33 PASS
--- CMD: wapi scan wlan0 Kal\'tsit ---
wapi scan wlan0 Kal\'tsit
[CPU0] esp_wifi_start_scan: S31 scan request: type=0 channel=0 country_ret=0 first=1 count=11
[CPU0] esp_event_post_wrapper: S31 scan event: status=0 aps=2 id=161
[CPU0] esp_event_post_wrapper: S31 Wi-Fi ISR calls: cpu0=155417 cpu1=0
[CPU0] esp_wifi_scan_event_parse: S31 scan count: ret=0 aps=2
bssid / frequency / signal level / encode / ssid
7c:39:85:2a:50:04	2462	-65	0800	Kal'tsit
60:ce:41:ab:02:d0	2462	-63	0800	Kal'tsit
nsh> [K
nsh> [K
ASSOCIATED_SCAN_ROUND=34 PASS
--- CMD: wapi scan wlan0 Kal\'tsit ---
wapi scan wlan0 Kal\'tsit
[CPU0] esp_wifi_start_scan: S31 scan request: type=0 channel=0 country_ret=0 first=1 count=11
[CPU0] esp_event_post_wrapper: S31 scan event: status=0 aps=2 id=162
[CPU0] esp_event_post_wrapper: S31 Wi-Fi ISR calls: cpu0=155574 cpu1=0
[CPU0] esp_wifi_scan_event_parse: S31 scan count: ret=0 aps=2
bssid / frequency / signal level / encode / ssid
60:ce:41:ab:02:d0	2462	-71	0800	Kal'tsit
7c:39:85:2a:50:04	2462	-57	0800	Kal'tsit
nsh> [K
nsh> [K
ASSOCIATED_SCAN_ROUND=35 PASS
--- CMD: wapi scan wlan0 Kal\'tsit ---
wapi scan wlan0 Kal\'tsit
[CPU0] esp_wifi_start_scan: S31 scan request: type=0 channel=0 country_ret=0 first=1 count=11
[CPU0] esp_event_post_wrapper: S31 scan event: status=0 aps=2 id=163
[CPU0] esp_event_post_wrapper: S31 Wi-Fi ISR calls: cpu0=155767 cpu1=0
[CPU0] esp_wifi_scan_event_parse: S31 scan count: ret=0 aps=2
bssid / frequency / signal level / encode / ssid
60:ce:41:ab:02:d0	2462	-59	0800	Kal'tsit
7c:39:85:2a:50:04	2462	-56	0800	Kal'tsit
nsh> [K
nsh> [K
ASSOCIATED_SCAN_ROUND=36 PASS
--- CMD: wapi scan wlan0 Kal\'tsit ---
wapi scan wlan0 Kal\'tsit
[CPU0] esp_wifi_start_scan: S31 scan request: type=0 channel=0 country_ret=0 first=1 count=11
[CPU0] esp_event_post_wrapper: S31 scan event: status=0 aps=3 id=164
[CPU0] esp_event_post_wrapper: S31 Wi-Fi ISR calls: cpu0=155950 cpu1=0
[CPU0] esp_wifi_scan_event_parse: S31 scan count: ret=0 aps=3
bssid / frequency / signal level / encode / ssid
60:ce:41:46:0e:ec	2437	-74	0800	Kal'tsit
60:ce:41:ab:02:d0	2462	-73	0800	Kal'tsit
7c:39:85:2a:50:04	2462	-60	0800	Kal'tsit
nsh> [K
nsh> [K
ASSOCIATED_SCAN_ROUND=37 PASS
--- CMD: wapi scan wlan0 Kal\'tsit ---
wapi scan wlan0 Kal\'tsit
[CPU0] esp_wifi_start_scan: S31 scan request: type=0 channel=0 country_ret=0 first=1 count=11
[CPU0] esp_event_post_wrapper: S31 scan event: status=0 aps=3 id=165
[CPU0] esp_event_post_wrapper: S31 Wi-Fi ISR calls: cpu0=156117 cpu1=0
[CPU0] esp_wifi_scan_event_parse: S31 scan count: ret=0 aps=3
bssid / frequency / signal level / encode / ssid
60:ce:41:46:0e:ec	2437	-72	0800	Kal'tsit
7c:39:85:2a:50:04	2462	-71	0800	Kal'tsit
60:ce:41:ab:02:d0	2462	-64	0800	Kal'tsit
nsh> [K
nsh> [K
ASSOCIATED_SCAN_ROUND=38 PASS
--- CMD: wapi scan wlan0 Kal\'tsit ---
wapi scan wlan0 Kal\'tsit
[CPU0] esp_wifi_start_scan: S31 scan request: type=0 channel=0 country_ret=0 first=1 count=11
[CPU0] esp_event_post_wrapper: S31 scan event: status=0 aps=3 id=166
[CPU0] esp_event_post_wrapper: S31 Wi-Fi ISR calls: cpu0=156281 cpu1=0
[CPU0] esp_wifi_scan_event_parse: S31 scan count: ret=0 aps=3
bssid / frequency / signal level / encode / ssid
60:ce:41:ab:02:d0	2462	-75	0800	Kal'tsit
60:ce:41:46:0e:ec	2437	-73	0800	Kal'tsit
7c:39:85:2a:50:04	2462	-61	0800	Kal'tsit
nsh> [K
nsh> [K
ASSOCIATED_SCAN_ROUND=39 PASS
--- CMD: wapi scan wlan0 Kal\'tsit ---
wapi scan wlan0 Kal\'tsit
[CPU0] esp_wifi_start_scan: S31 scan request: type=0 channel=0 country_ret=0 first=1 count=11
[CPU0] esp_event_post_wrapper: S31 scan event: status=0 aps=2 id=167
[CPU0] esp_event_post_wrapper: S31 Wi-Fi ISR calls: cpu0=156446 cpu1=0
[CPU0] esp_wifi_scan_event_parse: S31 scan count: ret=0 aps=2
bssid / frequency / signal level / encode / ssid
60:ce:41:ab:02:d0	2462	-65	0800	Kal'tsit
7c:39:85:2a:50:04	2462	-59	0800	Kal'tsit
nsh> [K
nsh> [K
ASSOCIATED_SCAN_ROUND=40 PASS
--- CMD: wapi scan wlan0 Kal\'tsit ---
wapi scan wlan0 Kal\'tsit
[CPU0] esp_wifi_start_scan: S31 scan request: type=0 channel=0 country_ret=0 first=1 count=11
[CPU0] esp_event_post_wrapper: S31 scan event: status=0 aps=3 id=168
[CPU0] esp_event_post_wrapper: S31 Wi-Fi ISR calls: cpu0=156595 cpu1=0
[CPU0] esp_wifi_scan_event_parse: S31 scan count: ret=0 aps=3
bssid / frequency / signal level / encode / ssid
60:ce:41:ab:02:d0	2462	-75	0800	Kal'tsit
60:ce:41:46:0e:ec	2437	-71	0800	Kal'tsit
7c:39:85:2a:50:04	2462	-57	0800	Kal'tsit
nsh> [K
nsh> [K
ASSOCIATED_SCAN_ROUND=41 PASS
--- CMD: wapi scan wlan0 Kal\'tsit ---
wapi scan wlan0 Kal\'tsit
[CPU0] esp_wifi_start_scan: S31 scan request: type=0 channel=0 country_ret=0 first=1 count=11
[CPU0] esp_event_post_wrapper: S31 scan event: status=0 aps=2 id=169
[CPU0] esp_event_post_wrapper: S31 Wi-Fi ISR calls: cpu0=156756 cpu1=0
[CPU0] esp_wifi_scan_event_parse: S31 scan count: ret=0 aps=2
bssid / frequency / signal level / encode / ssid
60:ce:41:ab:02:d0	2462	-67	0800	Kal'tsit
7c:39:85:2a:50:04	2462	-61	0800	Kal'tsit
nsh> [K
nsh> [K
ASSOCIATED_SCAN_ROUND=42 PASS
--- CMD: wapi scan wlan0 Kal\'tsit ---
wapi scan wlan0 Kal\'tsit
[CPU0] esp_wifi_start_scan: S31 scan request: type=0 channel=0 country_ret=0 first=1 count=11
[CPU0] esp_event_post_wrapper: S31 scan event: status=0 aps=3 id=170
[CPU0] esp_event_post_wrapper: S31 Wi-Fi ISR calls: cpu0=156925 cpu1=0
[CPU0] esp_wifi_scan_event_parse: S31 scan count: ret=0 aps=3
bssid / frequency / signal level / encode / ssid
60:ce:41:46:0e:ec	2437	-72	0800	Kal'tsit
7c:39:85:2a:50:04	2462	-71	0800	Kal'tsit
60:ce:41:ab:02:d0	2462	-63	0800	Kal'tsit
nsh> [K
nsh> [K
ASSOCIATED_SCAN_ROUND=43 PASS
--- CMD: wapi scan wlan0 Kal\'tsit ---
wapi scan wlan0 Kal\'tsit
[CPU0] esp_wifi_start_scan: S31 scan request: type=0 channel=0 country_ret=0 first=1 count=11
[CPU0] esp_event_post_wrapper: S31 scan event: status=0 aps=2 id=171
[CPU0] esp_event_post_wrapper: S31 Wi-Fi ISR calls: cpu0=157084 cpu1=0
[CPU0] esp_wifi_scan_event_parse: S31 scan count: ret=0 aps=2
bssid / frequency / signal level / encode / ssid
60:ce:41:ab:02:d0	2462	-65	0800	Kal'tsit
7c:39:85:2a:50:04	2462	-60	0800	Kal'tsit
nsh> [K
nsh> [K
ASSOCIATED_SCAN_ROUND=44 PASS
--- CMD: wapi scan wlan0 Kal\'tsit ---
wapi scan wlan0 Kal\'tsit
[CPU0] esp_wifi_start_scan: S31 scan request: type=0 channel=0 country_ret=0 first=1 count=11
[CPU0] esp_event_post_wrapper: S31 scan event: status=0 aps=3 id=172
[CPU0] esp_event_post_wrapper: S31 Wi-Fi ISR calls: cpu0=157259 cpu1=0
[CPU0] esp_wifi_scan_event_parse: S31 scan count: ret=0 aps=3
bssid / frequency / signal level / encode / ssid
60:ce:41:46:0e:ec	2437	-73	0800	Kal'tsit
7c:39:85:2a:50:04	2462	-70	0800	Kal'tsit
60:ce:41:ab:02:d0	2462	-65	0800	Kal'tsit
nsh> [K
nsh> [K
ASSOCIATED_SCAN_ROUND=45 PASS
--- CMD: wapi scan wlan0 Kal\'tsit ---
wapi scan wlan0 Kal\'tsit
[CPU0] esp_wifi_start_scan: S31 scan request: type=0 channel=0 country_ret=0 first=1 count=11
[CPU0] esp_event_post_wrapper: S31 scan event: status=0 aps=2 id=173
[CPU0] esp_event_post_wrapper: S31 Wi-Fi ISR calls: cpu0=157440 cpu1=0
[CPU0] esp_wifi_scan_event_parse: S31 scan count: ret=0 aps=2
bssid / frequency / signal level / encode / ssid
60:ce:41:ab:02:d0	2462	-73	0800	Kal'tsit
7c:39:85:2a:50:04	2462	-60	0800	Kal'tsit
nsh> [K
nsh> [K
ASSOCIATED_SCAN_ROUND=46 PASS
--- CMD: wapi scan wlan0 Kal\'tsit ---
wapi scan wlan0 Kal\'tsit
[CPU0] esp_wifi_start_scan: S31 scan request: type=0 channel=0 country_ret=0 first=1 count=11
[CPU0] esp_event_post_wrapper: S31 scan event: status=0 aps=3 id=174
[CPU0] esp_event_post_wrapper: S31 Wi-Fi ISR calls: cpu0=157647 cpu1=0
[CPU0] esp_wifi_scan_event_parse: S31 scan count: ret=0 aps=3
bssid / frequency / signal level / encode / ssid
60:ce:41:46:0e:ec	2437	-72	0800	Kal'tsit
60:ce:41:ab:02:d0	2462	-65	0800	Kal'tsit
7c:39:85:2a:50:04	2462	-59	0800	Kal'tsit
nsh> [K
nsh> [K
ASSOCIATED_SCAN_ROUND=47 PASS
--- CMD: wapi scan wlan0 Kal\'tsit ---
wapi scan wlan0 Kal\'tsit
[CPU1] esp_wifi_start_scan: S31 scan request: type=0 channel=0 country_ret=0 first=1 count=11
[CPU0] esp_event_post_wrapper: S31 scan event: status=0 aps=3 id=175
[CPU0] esp_event_post_wrapper: S31 Wi-Fi ISR calls: cpu0=157833 cpu1=0
[CPU0] esp_wifi_scan_event_parse: S31 scan count: ret=0 aps=3
bssid / frequency / signal level / encode / ssid
60:ce:41:46:0e:ec	2437	-72	0800	Kal'tsit
60:ce:41:ab:02:d0	2462	-64	0800	Kal'tsit
7c:39:85:2a:50:04	2462	-57	0800	Kal'tsit
nsh> [K
nsh> [K
ASSOCIATED_SCAN_ROUND=48 PASS
--- CMD: wapi scan wlan0 Kal\'tsit ---
wapi scan wlan0 Kal\'tsit
[CPU0] esp_wifi_start_scan: S31 scan request: type=0 channel=0 country_ret=0 first=1 count=11
[CPU0] esp_event_post_wrapper: S31 scan event: status=0 aps=2 id=176
[CPU0] esp_event_post_wrapper: S31 Wi-Fi ISR calls: cpu0=158009 cpu1=0
[CPU0] esp_wifi_scan_event_parse: S31 scan count: ret=0 aps=2
bssid / frequency / signal level / encode / ssid
60:ce:41:ab:02:d0	2462	-74	0800	Kal'tsit
7c:39:85:2a:50:04	2462	-61	0800	Kal'tsit
nsh> [K
nsh> [K
ASSOCIATED_SCAN_ROUND=49 PASS
--- CMD: wapi scan wlan0 Kal\'tsit ---
wapi scan wlan0 Kal\'tsit
[CPU0] esp_wifi_start_scan: S31 scan request: type=0 channel=0 country_ret=0 first=1 count=11
[CPU0] esp_event_post_wrapper: S31 scan event: status=0 aps=3 id=177
[CPU0] esp_event_post_wrapper: S31 Wi-Fi ISR calls: cpu0=158171 cpu1=0
[CPU0] esp_wifi_scan_event_parse: S31 scan count: ret=0 aps=3
bssid / frequency / signal level / encode / ssid
60:ce:41:46:0e:ec	2437	-72	0800	Kal'tsit
60:ce:41:ab:02:d0	2462	-66	0800	Kal'tsit
7c:39:85:2a:50:04	2462	-58	0800	Kal'tsit
nsh> [K
nsh> [K
ASSOCIATED_SCAN_ROUND=50 PASS
--- CMD: wapi scan wlan0 Kal\'tsit ---
wapi scan wlan0 Kal\'tsit
[CPU0] esp_wifi_start_scan: S31 scan request: type=0 channel=0 country_ret=0 first=1 count=11
[CPU0] esp_event_post_wrapper: S31 scan event: status=0 aps=3 id=178
[CPU0] esp_event_post_wrapper: S31 Wi-Fi ISR calls: cpu0=158294 cpu1=0
[CPU0] esp_wifi_scan_event_parse: S31 scan count: ret=0 aps=3
bssid / frequency / signal level / encode / ssid
60:ce:41:46:0e:ec	2437	-72	0800	Kal'tsit
7c:39:85:2a:50:04	2462	-70	0800	Kal'tsit
60:ce:41:ab:02:d0	2462	-65	0800	Kal'tsit
nsh> [K
nsh> [K
ASSOCIATED_SCAN_ROUND=51 PASS
--- CMD: wapi scan wlan0 Kal\'tsit ---
wapi scan wlan0 Kal\'tsit
[CPU0] esp_wifi_start_scan: S31 scan request: type=0 channel=0 country_ret=0 first=1 count=11
[CPU0] esp_event_post_wrapper: S31 scan event: status=0 aps=2 id=179
[CPU0] esp_event_post_wrapper: S31 Wi-Fi ISR calls: cpu0=158493 cpu1=0
[CPU0] esp_wifi_scan_event_parse: S31 scan count: ret=0 aps=2
bssid / frequency / signal level / encode / ssid
60:ce:41:ab:02:d0	2462	-73	0800	Kal'tsit
7c:39:85:2a:50:04	2462	-59	0800	Kal'tsit
nsh> [K
nsh> [K
ASSOCIATED_SCAN_ROUND=52 PASS
--- CMD: wapi scan wlan0 Kal\'tsit ---
wapi scan wlan0 Kal\'tsit
[CPU0] esp_wifi_start_scan: S31 scan request: type=0 channel=0 country_ret=0 first=1 count=11
[CPU0] esp_event_post_wrapper: S31 scan event: status=0 aps=3 id=180
[CPU0] esp_event_post_wrapper: S31 Wi-Fi ISR calls: cpu0=158667 cpu1=0
[CPU0] esp_wifi_scan_event_parse: S31 scan count: ret=0 aps=3
bssid / frequency / signal level / encode / ssid
60:ce:41:46:0e:ec	2437	-71	0800	Kal'tsit
60:ce:41:ab:02:d0	2462	-64	0800	Kal'tsit
7c:39:85:2a:50:04	2462	-62	0800	Kal'tsit
nsh> [K
nsh> [K
ASSOCIATED_SCAN_ROUND=53 PASS
--- CMD: wapi scan wlan0 Kal\'tsit ---
wapi scan wlan0 Kal\'tsit
[CPU0] esp_wifi_start_scan: S31 scan request: type=0 channel=0 country_ret=0 first=1 count=11
[CPU0] esp_event_post_wrapper: S31 scan event: status=0 aps=3 id=181
[CPU0] esp_event_post_wrapper: S31 Wi-Fi ISR calls: cpu0=158823 cpu1=0
[CPU0] esp_wifi_scan_event_parse: S31 scan count: ret=0 aps=3
bssid / frequency / signal level / encode / ssid
60:ce:41:46:0e:ec	2437	-72	0800	Kal'tsit
60:ce:41:ab:02:d0	2462	-66	0800	Kal'tsit
7c:39:85:2a:50:04	2462	-60	0800	Kal'tsit
nsh> [K
nsh> [K
ASSOCIATED_SCAN_ROUND=54 PASS
--- CMD: wapi scan wlan0 Kal\'tsit ---
wapi scan wlan0 Kal\'tsit
[CPU0] esp_wifi_start_scan: S31 scan request: type=0 channel=0 country_ret=0 first=1 count=11
[CPU0] esp_event_post_wrapper: S31 scan event: status=0 aps=2 id=182
[CPU0] esp_event_post_wrapper: S31 Wi-Fi ISR calls: cpu0=159004 cpu1=0
[CPU0] esp_wifi_scan_event_parse: S31 scan count: ret=0 aps=2
bssid / frequency / signal level / encode / ssid
60:ce:41:ab:02:d0	2462	-65	0800	Kal'tsit
7c:39:85:2a:50:04	2462	-61	0800	Kal'tsit
nsh> [K
nsh> [K
ASSOCIATED_SCAN_ROUND=55 PASS
--- CMD: wapi scan wlan0 Kal\'tsit ---
wapi scan wlan0 Kal\'tsit
[CPU0] esp_wifi_start_scan: S31 scan request: type=0 channel=0 country_ret=0 first=1 count=11
[CPU0] esp_event_post_wrapper: S31 scan event: status=0 aps=2 id=183
[CPU0] esp_event_post_wrapper: S31 Wi-Fi ISR calls: cpu0=159182 cpu1=0
[CPU0] esp_wifi_scan_event_parse: S31 scan count: ret=0 aps=2
bssid / frequency / signal level / encode / ssid
60:ce:41:ab:02:d0	2462	-65	0800	Kal'tsit
7c:39:85:2a:50:04	2462	-56	0800	Kal'tsit
nsh> [K
nsh> [K
ASSOCIATED_SCAN_ROUND=56 PASS
--- CMD: wapi scan wlan0 Kal\'tsit ---
wapi scan wlan0 Kal\'tsit
[CPU0] esp_wifi_start_scan: S31 scan request: type=0 channel=0 country_ret=0 first=1 count=11
[CPU0] esp_event_post_wrapper: S31 scan event: status=0 aps=3 id=184
[CPU0] esp_event_post_wrapper: S31 Wi-Fi ISR calls: cpu0=159336 cpu1=0
[CPU0] esp_wifi_scan_event_parse: S31 scan count: ret=0 aps=3
bssid / frequency / signal level / encode / ssid
60:ce:41:46:0e:ec	2437	-80	0800	Kal'tsit
60:ce:41:ab:02:d0	2462	-74	0800	Kal'tsit
7c:39:85:2a:50:04	2462	-65	0800	Kal'tsit
nsh> [K
nsh> [K
ASSOCIATED_SCAN_ROUND=57 PASS
--- CMD: wapi scan wlan0 Kal\'tsit ---
wapi scan wlan0 Kal\'tsit
[CPU0] esp_wifi_start_scan: S31 scan request: type=0 channel=0 country_ret=0 first=1 count=11
[CPU0] esp_event_post_wrapper: S31 scan event: status=0 aps=3 id=185
[CPU0] esp_event_post_wrapper: S31 Wi-Fi ISR calls: cpu0=159528 cpu1=0
[CPU0] esp_wifi_scan_event_parse: S31 scan count: ret=0 aps=3
bssid / frequency / signal level / encode / ssid
60:ce:41:46:0e:ec	2437	-83	0800	Kal'tsit
60:ce:41:ab:02:d0	2462	-65	0800	Kal'tsit
7c:39:85:2a:50:04	2462	-59	0800	Kal'tsit
nsh> [K
nsh> [K
ASSOCIATED_SCAN_ROUND=58 PASS
--- CMD: wapi scan wlan0 Kal\'tsit ---
wapi scan wlan0 Kal\'tsit
[CPU0] esp_wifi_start_scan: S31 scan request: type=0 channel=0 country_ret=0 first=1 count=11
[CPU0] esp_event_post_wrapper: S31 scan event: status=0 aps=3 id=186
[CPU0] esp_event_post_wrapper: S31 Wi-Fi ISR calls: cpu0=159693 cpu1=0
[CPU0] esp_wifi_scan_event_parse: S31 scan count: ret=0 aps=3
bssid / frequency / signal level / encode / ssid
60:ce:41:ab:02:d0	2462	-76	0800	Kal'tsit
60:ce:41:46:0e:ec	2437	-73	0800	Kal'tsit
7c:39:85:2a:50:04	2462	-55	0800	Kal'tsit
nsh> [K
nsh> [K
ASSOCIATED_SCAN_ROUND=59 PASS
--- CMD: wapi scan wlan0 Kal\'tsit ---
wapi scan wlan0 Kal\'tsit
[CPU0] esp_wifi_start_scan: S31 scan request: type=0 channel=0 country_ret=0 first=1 count=11
[CPU0] esp_event_post_wrapper: S31 scan event: status=0 aps=2 id=187
[CPU0] esp_event_post_wrapper: S31 Wi-Fi ISR calls: cpu0=159894 cpu1=0
[CPU0] esp_wifi_scan_event_parse: S31 scan count: ret=0 aps=2
bssid / frequency / signal level / encode / ssid
7c:39:85:2a:50:04	2462	-69	0800	Kal'tsit
60:ce:41:ab:02:d0	2462	-67	0800	Kal'tsit
nsh> [K
nsh> [K
ASSOCIATED_SCAN_ROUND=60 PASS
--- CMD: wapi scan wlan0 Kal\'tsit ---
wapi scan wlan0 Kal\'tsit
[CPU0] esp_wifi_start_scan: S31 scan request: type=0 channel=0 country_ret=0 first=1 count=11
[CPU0] esp_event_post_wrapper: S31 scan event: status=0 aps=3 id=188
[CPU0] esp_event_post_wrapper: S31 Wi-Fi ISR calls: cpu0=160121 cpu1=0
[CPU0] esp_wifi_scan_event_parse: S31 scan count: ret=0 aps=3
bssid / frequency / signal level / encode / ssid
60:ce:41:46:0e:ec	2437	-83	0800	Kal'tsit
7c:39:85:2a:50:04	2462	-64	0800	Kal'tsit
60:ce:41:ab:02:d0	2462	-55	0800	Kal'tsit
nsh> [K
nsh> [K
ASSOCIATED_SCAN_ROUND=61 PASS
--- CMD: wapi scan wlan0 Kal\'tsit ---
wapi scan wlan0 Kal\'tsit
[CPU0] esp_wifi_start_scan: S31 scan request: type=0 channel=0 country_ret=0 first=1 count=11
[CPU0] esp_event_post_wrapper: S31 scan event: status=0 aps=3 id=189
[CPU0] esp_event_post_wrapper: S31 Wi-Fi ISR calls: cpu0=160285 cpu1=0
[CPU0] esp_wifi_scan_event_parse: S31 scan count: ret=0 aps=3
bssid / frequency / signal level / encode / ssid
60:ce:41:46:0e:ec	2437	-83	0800	Kal'tsit
60:ce:41:ab:02:d0	2462	-77	0800	Kal'tsit
7c:39:85:2a:50:04	2462	-60	0800	Kal'tsit
nsh> [K
nsh> [K
ASSOCIATED_SCAN_ROUND=62 PASS
--- CMD: wapi scan wlan0 Kal\'tsit ---
wapi scan wlan0 Kal\'tsit
[CPU0] esp_wifi_start_scan: S31 scan request: type=0 channel=0 country_ret=0 first=1 count=11
[CPU0] esp_event_post_wrapper: S31 scan event: status=0 aps=3 id=190
[CPU0] esp_event_post_wrapper: S31 Wi-Fi ISR calls: cpu0=160463 cpu1=0
[CPU0] esp_wifi_scan_event_parse: S31 scan count: ret=0 aps=3
bssid / frequency / signal level / encode / ssid
60:ce:41:46:0e:ec	2437	-83	0800	Kal'tsit
60:ce:41:ab:02:d0	2462	-64	0800	Kal'tsit
7c:39:85:2a:50:04	2462	-54	0800	Kal'tsit
nsh> [K
nsh> [K
ASSOCIATED_SCAN_ROUND=63 PASS
--- CMD: wapi scan wlan0 Kal\'tsit ---
wapi scan wlan0 Kal\'tsit
[CPU0] esp_wifi_start_scan: S31 scan request: type=0 channel=0 country_ret=0 first=1 count=11
[CPU0] esp_event_post_wrapper: S31 scan event: status=0 aps=3 id=191
[CPU0] esp_event_post_wrapper: S31 Wi-Fi ISR calls: cpu0=160637 cpu1=0
[CPU0] esp_wifi_scan_event_parse: S31 scan count: ret=0 aps=3
bssid / frequency / signal level / encode / ssid
60:ce:41:46:0e:ec	2437	-69	0800	Kal'tsit
60:ce:41:ab:02:d0	2462	-66	0800	Kal'tsit
7c:39:85:2a:50:04	2462	-60	0800	Kal'tsit
nsh> [K
nsh> [K
ASSOCIATED_SCAN_ROUND=64 PASS
--- CMD: wapi scan wlan0 Kal\'tsit ---
wapi scan wlan0 Kal\'tsit
[CPU0] esp_wifi_start_scan: S31 scan request: type=0 channel=0 country_ret=0 first=1 count=11
[CPU0] esp_event_post_wrapper: S31 scan event: status=0 aps=2 id=192
[CPU0] esp_event_post_wrapper: S31 Wi-Fi ISR calls: cpu0=160793 cpu1=0
[CPU0] esp_wifi_scan_event_parse: S31 scan count: ret=0 aps=2
bssid / frequency / signal level / encode / ssid
60:ce:41:ab:02:d0	2462	-64	0800	Kal'tsit
7c:39:85:2a:50:04	2462	-61	0800	Kal'tsit
nsh> [K
nsh> [K
ASSOCIATED_SCAN_ROUND=65 PASS
--- CMD: wapi scan wlan0 Kal\'tsit ---
wapi scan wlan0 Kal\'tsit
[CPU0] esp_wifi_start_scan: S31 scan request: type=0 channel=0 country_ret=0 first=1 count=11
[CPU0] esp_event_post_wrapper: S31 scan event: status=0 aps=2 id=193
[CPU0] esp_event_post_wrapper: S31 Wi-Fi ISR calls: cpu0=160971 cpu1=0
[CPU0] esp_wifi_scan_event_parse: S31 scan count: ret=0 aps=2
bssid / frequency / signal level / encode / ssid
60:ce:41:ab:02:d0	2462	-66	0800	Kal'tsit
7c:39:85:2a:50:04	2462	-60	0800	Kal'tsit
nsh> [K
nsh> [K
ASSOCIATED_SCAN_ROUND=66 PASS
--- CMD: wapi scan wlan0 Kal\'tsit ---
wapi scan wlan0 Kal\'tsit
[CPU0] esp_wifi_start_scan: S31 scan request: type=0 channel=0 country_ret=0 first=1 count=11
[CPU0] esp_event_post_wrapper: S31 scan event: status=0 aps=2 id=194
[CPU0] esp_event_post_wrapper: S31 Wi-Fi ISR calls: cpu0=161117 cpu1=0
[CPU0] esp_wifi_scan_event_parse: S31 scan count: ret=0 aps=2
bssid / frequency / signal level / encode / ssid
60:ce:41:ab:02:d0	2462	-65	0800	Kal'tsit
7c:39:85:2a:50:04	2462	-61	0800	Kal'tsit
nsh> [K
nsh> [K
ASSOCIATED_SCAN_ROUND=67 PASS
--- CMD: wapi scan wlan0 Kal\'tsit ---
wapi scan wlan0 Kal\'tsit
[CPU0] esp_wifi_start_scan: S31 scan request: type=0 channel=0 country_ret=0 first=1 count=11
[CPU0] esp_event_post_wrapper: S31 scan event: status=0 aps=2 id=195
[CPU0] esp_event_post_wrapper: S31 Wi-Fi ISR calls: cpu0=161258 cpu1=0
[CPU0] esp_wifi_scan_event_parse: S31 scan count: ret=0 aps=2
bssid / frequency / signal level / encode / ssid
60:ce:41:ab:02:d0	2462	-75	0800	Kal'tsit
7c:39:85:2a:50:04	2462	-70	0800	Kal'tsit
nsh> [K
nsh> [K
ASSOCIATED_SCAN_ROUND=68 PASS
--- CMD: wapi scan wlan0 Kal\'tsit ---
wapi scan wlan0 Kal\'tsit
[CPU0] esp_wifi_start_scan: S31 scan request: type=0 channel=0 country_ret=0 first=1 count=11
[CPU0] esp_event_post_wrapper: S31 scan event: status=0 aps=3 id=196
[CPU0] esp_event_post_wrapper: S31 Wi-Fi ISR calls: cpu0=161445 cpu1=0
[CPU0] esp_wifi_scan_event_parse: S31 scan count: ret=0 aps=3
bssid / frequency / signal level / encode / ssid
60:ce:41:46:0e:ec	2437	-85	0800	Kal'tsit
60:ce:41:ab:02:d0	2462	-61	0800	Kal'tsit
7c:39:85:2a:50:04	2462	-59	0800	Kal'tsit
nsh> [K
nsh> [K
ASSOCIATED_SCAN_ROUND=69 PASS
--- CMD: wapi scan wlan0 Kal\'tsit ---
wapi scan wlan0 Kal\'tsit
[CPU1] esp_wifi_start_scan: S31 scan request: type=0 channel=0 country_ret=0 first=1 count=11
[CPU0] esp_event_post_wrapper: S31 scan event: status=0 aps=3 id=197
[CPU0] esp_event_post_wrapper: S31 Wi-Fi ISR calls: cpu0=161608 cpu1=0
[CPU0] esp_wifi_scan_event_parse: S31 scan count: ret=0 aps=3
bssid / frequency / signal level / encode / ssid
60:ce:41:ab:02:d0	2462	-75	0800	Kal'tsit
60:ce:41:46:0e:ec	2437	-71	0800	Kal'tsit
7c:39:85:2a:50:04	2462	-70	0800	Kal'tsit
nsh> [K
nsh> [K
ASSOCIATED_SCAN_ROUND=70 PASS
--- CMD: wapi scan wlan0 Kal\'tsit ---
wapi scan wlan0 Kal\'tsit
[CPU0] esp_wifi_start_scan: S31 scan request: type=0 channel=0 country_ret=0 first=1 count=11
[CPU0] esp_event_post_wrapper: S31 scan event: status=0 aps=2 id=198
[CPU0] esp_event_post_wrapper: S31 Wi-Fi ISR calls: cpu0=161806 cpu1=0
[CPU0] esp_wifi_scan_event_parse: S31 scan count: ret=0 aps=2
bssid / frequency / signal level / encode / ssid
60:ce:41:ab:02:d0	2462	-61	0800	Kal'tsit
7c:39:85:2a:50:04	2462	-58	0800	Kal'tsit
nsh> [K
nsh> [K
ASSOCIATED_SCAN_ROUND=71 PASS
--- CMD: wapi scan wlan0 Kal\'tsit ---
wapi scan wlan0 Kal\'tsit
[CPU0] esp_wifi_start_scan: S31 scan request: type=0 channel=0 country_ret=0 first=1 count=11
[CPU0] esp_event_post_wrapper: S31 scan event: status=0 aps=2 id=199
[CPU0] esp_event_post_wrapper: S31 Wi-Fi ISR calls: cpu0=161958 cpu1=0
[CPU0] esp_wifi_scan_event_parse: S31 scan count: ret=0 aps=2
bssid / frequency / signal level / encode / ssid
60:ce:41:ab:02:d0	2462	-63	0800	Kal'tsit
7c:39:85:2a:50:04	2462	-61	0800	Kal'tsit
nsh> [K
nsh> [K
ASSOCIATED_SCAN_ROUND=72 PASS
--- CMD: wapi scan wlan0 Kal\'tsit ---
wapi scan wlan0 Kal\'tsit
[CPU0] esp_wifi_start_scan: S31 scan request: type=0 channel=0 country_ret=0 first=1 count=11
[CPU0] esp_event_post_wrapper: S31 scan event: status=0 aps=2 id=200
[CPU0] esp_event_post_wrapper: S31 Wi-Fi ISR calls: cpu0=162112 cpu1=0
[CPU0] esp_wifi_scan_event_parse: S31 scan count: ret=0 aps=2
bssid / frequency / signal level / encode / ssid
7c:39:85:2a:50:04	2462	-62	0800	Kal'tsit
60:ce:41:ab:02:d0	2462	-61	0800	Kal'tsit
nsh> [K
nsh> [K
ASSOCIATED_SCAN_ROUND=73 PASS
--- CMD: wapi scan wlan0 Kal\'tsit ---
wapi scan wlan0 Kal\'tsit
[CPU0] esp_wifi_start_scan: S31 scan request: type=0 channel=0 country_ret=0 first=1 count=11
[CPU0] esp_event_post_wrapper: S31 scan event: status=0 aps=3 id=201
[CPU0] esp_event_post_wrapper: S31 Wi-Fi ISR calls: cpu0=162291 cpu1=0
[CPU0] esp_wifi_scan_event_parse: S31 scan count: ret=0 aps=3
bssid / frequency / signal level / encode / ssid
60:ce:41:46:0e:ec	2437	-82	0800	Kal'tsit
60:ce:41:ab:02:d0	2462	-70	0800	Kal'tsit
7c:39:85:2a:50:04	2462	-56	0800	Kal'tsit
nsh> [K
nsh> [K
ASSOCIATED_SCAN_ROUND=74 PASS
--- CMD: wapi scan wlan0 Kal\'tsit ---
wapi scan wlan0 Kal\'tsit
[CPU0] esp_wifi_start_scan: S31 scan request: type=0 channel=0 country_ret=0 first=1 count=11
[CPU0] esp_event_post_wrapper: S31 scan event: status=0 aps=3 id=202
[CPU0] esp_event_post_wrapper: S31 Wi-Fi ISR calls: cpu0=162457 cpu1=0
[CPU0] esp_wifi_scan_event_parse: S31 scan count: ret=0 aps=3
bssid / frequency / signal level / encode / ssid
60:ce:41:46:0e:ec	2437	-73	0800	Kal'tsit
60:ce:41:ab:02:d0	2462	-64	0800	Kal'tsit
7c:39:85:2a:50:04	2462	-59	0800	Kal'tsit
nsh> [K
nsh> [K
ASSOCIATED_SCAN_ROUND=75 PASS
--- CMD: wapi scan wlan0 Kal\'tsit ---
wapi scan wlan0 Kal\'tsit
[CPU0] esp_wifi_start_scan: S31 scan request: type=0 channel=0 country_ret=0 first=1 count=11
[CPU0] esp_event_post_wrapper: S31 scan event: status=0 aps=2 id=203
[CPU0] esp_event_post_wrapper: S31 Wi-Fi ISR calls: cpu0=162625 cpu1=0
[CPU0] esp_wifi_scan_event_parse: S31 scan count: ret=0 aps=2
bssid / frequency / signal level / encode / ssid
60:ce:41:ab:02:d0	2462	-75	0800	Kal'tsit
7c:39:85:2a:50:04	2462	-59	0800	Kal'tsit
nsh> [K
nsh> [K
ASSOCIATED_SCAN_ROUND=76 PASS
--- CMD: wapi scan wlan0 Kal\'tsit ---
wapi scan wlan0 Kal\'tsit
[CPU0] esp_wifi_start_scan: S31 scan request: type=0 channel=0 country_ret=0 first=1 count=11
[CPU0] esp_event_post_wrapper: S31 scan event: status=0 aps=2 id=204
[CPU0] esp_event_post_wrapper: S31 Wi-Fi ISR calls: cpu0=162815 cpu1=0
[CPU0] esp_wifi_scan_event_parse: S31 scan count: ret=0 aps=2
bssid / frequency / signal level / encode / ssid
60:ce:41:ab:02:d0	2462	-65	0800	Kal'tsit
7c:39:85:2a:50:04	2462	-62	0800	Kal'tsit
nsh> [K
nsh> [K
ASSOCIATED_SCAN_ROUND=77 PASS
--- CMD: wapi scan wlan0 Kal\'tsit ---
wapi scan wlan0 Kal\'tsit
[CPU1] esp_wifi_start_scan: S31 scan request: type=0 channel=0 country_ret=0 first=1 count=11
[CPU0] esp_event_post_wrapper: S31 scan event: status=0 aps=2 id=205
[CPU0] esp_event_post_wrapper: S31 Wi-Fi ISR calls: cpu0=163007 cpu1=0
[CPU0] esp_wifi_scan_event_parse: S31 scan count: ret=0 aps=2
bssid / frequency / signal level / encode / ssid
60:ce:41:ab:02:d0	2462	-65	0800	Kal'tsit
7c:39:85:2a:50:04	2462	-63	0800	Kal'tsit
nsh> [K
nsh> [K
ASSOCIATED_SCAN_ROUND=78 PASS
--- CMD: wapi scan wlan0 Kal\'tsit ---
wapi scan wlan0 Kal\'tsit
[CPU1] esp_wifi_start_scan: S31 scan request: type=0 channel=0 country_ret=0 first=1 count=11
[CPU0] esp_event_post_wrapper: S31 scan event: status=0 aps=3 id=206
[CPU0] esp_event_post_wrapper: S31 Wi-Fi ISR calls: cpu0=163171 cpu1=0
[CPU0] esp_wifi_scan_event_parse: S31 scan count: ret=0 aps=3
bssid / frequency / signal level / encode / ssid
60:ce:41:46:0e:ec	2437	-83	0800	Kal'tsit
60:ce:41:ab:02:d0	2462	-75	0800	Kal'tsit
7c:39:85:2a:50:04	2462	-61	0800	Kal'tsit
nsh> [K
nsh> [K
ASSOCIATED_SCAN_ROUND=79 PASS
--- CMD: wapi scan wlan0 Kal\'tsit ---
wapi scan wlan0 Kal\'tsit
[CPU0] esp_wifi_start_scan: S31 scan request: type=0 channel=0 country_ret=0 first=1 count=11
[CPU0] esp_event_post_wrapper: S31 scan event: status=0 aps=3 id=207
[CPU0] esp_event_post_wrapper: S31 Wi-Fi ISR calls: cpu0=163366 cpu1=0
[CPU0] esp_wifi_scan_event_parse: S31 scan count: ret=0 aps=3
bssid / frequency / signal level / encode / ssid
60:ce:41:46:0e:ec	2437	-70	0800	Kal'tsit
60:ce:41:ab:02:d0	2462	-65	0800	Kal'tsit
7c:39:85:2a:50:04	2462	-61	0800	Kal'tsit
nsh> [K
nsh> [K
ASSOCIATED_SCAN_ROUND=80 PASS
--- CMD: wapi scan wlan0 Kal\'tsit ---
wapi scan wlan0 Kal\'tsit
[CPU0] esp_wifi_start_scan: S31 scan request: type=0 channel=0 country_ret=0 first=1 count=11
[CPU0] esp_event_post_wrapper: S31 scan event: status=0 aps=2 id=208
[CPU0] esp_event_post_wrapper: S31 Wi-Fi ISR calls: cpu0=163499 cpu1=0
[CPU0] esp_wifi_scan_event_parse: S31 scan count: ret=0 aps=2
bssid / frequency / signal level / encode / ssid
60:ce:41:ab:02:d0	2462	-67	0800	Kal'tsit
7c:39:85:2a:50:04	2462	-63	0800	Kal'tsit
nsh> [K
nsh> [K
ASSOCIATED_SCAN_ROUND=81 PASS
--- CMD: wapi scan wlan0 Kal\'tsit ---
wapi scan wlan0 Kal\'tsit
[CPU0] esp_wifi_start_scan: S31 scan request: type=0 channel=0 country_ret=0 first=1 count=11
[CPU0] esp_event_post_wrapper: S31 scan event: status=0 aps=3 id=209
[CPU0] esp_event_post_wrapper: S31 Wi-Fi ISR calls: cpu0=163658 cpu1=0
[CPU0] esp_wifi_scan_event_parse: S31 scan count: ret=0 aps=3
bssid / frequency / signal level / encode / ssid
60:ce:41:46:0e:ec	2437	-82	0800	Kal'tsit
60:ce:41:ab:02:d0	2462	-63	0800	Kal'tsit
7c:39:85:2a:50:04	2462	-60	0800	Kal'tsit
nsh> [K
nsh> [K
ASSOCIATED_SCAN_ROUND=82 PASS
--- CMD: wapi scan wlan0 Kal\'tsit ---
wapi scan wlan0 Kal\'tsit
[CPU0] esp_wifi_start_scan: S31 scan request: type=0 channel=0 country_ret=0 first=1 count=11
[CPU0] esp_event_post_wrapper: S31 scan event: status=0 aps=3 id=210
[CPU0] esp_event_post_wrapper: S31 Wi-Fi ISR calls: cpu0=163827 cpu1=0
[CPU0] esp_wifi_scan_event_parse: S31 scan count: ret=0 aps=3
bssid / frequency / signal level / encode / ssid
60:ce:41:ab:02:d0	2462	-76	0800	Kal'tsit
60:ce:41:46:0e:ec	2437	-70	0800	Kal'tsit
7c:39:85:2a:50:04	2462	-59	0800	Kal'tsit
nsh> [K
nsh> [K
ASSOCIATED_SCAN_ROUND=83 PASS
--- CMD: wapi scan wlan0 Kal\'tsit ---
wapi scan wlan0 Kal\'tsit
[CPU0] esp_wifi_start_scan: S31 scan request: type=0 channel=0 country_ret=0 first=1 count=11
[CPU0] esp_event_post_wrapper: S31 scan event: status=0 aps=2 id=211
[CPU0] esp_event_post_wrapper: S31 Wi-Fi ISR calls: cpu0=163989 cpu1=0
[CPU0] esp_wifi_scan_event_parse: S31 scan count: ret=0 aps=2
bssid / frequency / signal level / encode / ssid
7c:39:85:2a:50:04	2462	-71	0800	Kal'tsit
60:ce:41:ab:02:d0	2462	-66	0800	Kal'tsit
nsh> [K
nsh> [K
ASSOCIATED_SCAN_ROUND=84 PASS
--- CMD: wapi scan wlan0 Kal\'tsit ---
wapi scan wlan0 Kal\'tsit
[CPU0] esp_wifi_start_scan: S31 scan request: type=0 channel=0 country_ret=0 first=1 count=11
[CPU0] esp_event_post_wrapper: S31 scan event: status=0 aps=3 id=212
[CPU0] esp_event_post_wrapper: S31 Wi-Fi ISR calls: cpu0=164149 cpu1=0
[CPU0] esp_wifi_scan_event_parse: S31 scan count: ret=0 aps=3
bssid / frequency / signal level / encode / ssid
60:ce:41:46:0e:ec	2437	-81	0800	Kal'tsit
60:ce:41:ab:02:d0	2462	-76	0800	Kal'tsit
7c:39:85:2a:50:04	2462	-61	0800	Kal'tsit
nsh> [K
nsh> [K
ASSOCIATED_SCAN_ROUND=85 PASS
--- CMD: wapi scan wlan0 Kal\'tsit ---
wapi scan wlan0 Kal\'tsit
[CPU0] esp_wifi_start_scan: S31 scan request: type=0 channel=0 country_ret=0 first=1 count=11
[CPU0] esp_event_post_wrapper: S31 scan event: status=0 aps=3 id=213
[CPU0] esp_event_post_wrapper: S31 Wi-Fi ISR calls: cpu0=164303 cpu1=0
[CPU0] esp_wifi_scan_event_parse: S31 scan count: ret=0 aps=3
bssid / frequency / signal level / encode / ssid
60:ce:41:46:0e:ec	2437	-81	0800	Kal'tsit
60:ce:41:ab:02:d0	2462	-66	0800	Kal'tsit
7c:39:85:2a:50:04	2462	-61	0800	Kal'tsit
nsh> [K
nsh> [K
ASSOCIATED_SCAN_ROUND=86 PASS
--- CMD: wapi scan wlan0 Kal\'tsit ---
wapi scan wlan0 Kal\'tsit
[CPU1] esp_wifi_start_scan: S31 scan request: type=0 channel=0 country_ret=0 first=1 count=11
[CPU0] esp_event_post_wrapper: S31 scan event: status=0 aps=2 id=214
[CPU0] esp_event_post_wrapper: S31 Wi-Fi ISR calls: cpu0=164496 cpu1=0
[CPU0] esp_wifi_scan_event_parse: S31 scan count: ret=0 aps=2
bssid / frequency / signal level / encode / ssid
60:ce:41:ab:02:d0	2462	-76	0800	Kal'tsit
7c:39:85:2a:50:04	2462	-60	0800	Kal'tsit
nsh> [K
nsh> [K
ASSOCIATED_SCAN_ROUND=87 PASS
--- CMD: wapi scan wlan0 Kal\'tsit ---
wapi scan wlan0 Kal\'tsit
[CPU0] esp_wifi_start_scan: S31 scan request: type=0 channel=0 country_ret=0 first=1 count=11
[CPU0] esp_event_post_wrapper: S31 scan event: status=0 aps=3 id=215
[CPU0] esp_event_post_wrapper: S31 Wi-Fi ISR calls: cpu0=164656 cpu1=0
[CPU0] esp_wifi_scan_event_parse: S31 scan count: ret=0 aps=3
bssid / frequency / signal level / encode / ssid
60:ce:41:46:0e:ec	2437	-81	0800	Kal'tsit
60:ce:41:ab:02:d0	2462	-61	0800	Kal'tsit
7c:39:85:2a:50:04	2462	-60	0800	Kal'tsit
nsh> [K
nsh> [K
ASSOCIATED_SCAN_ROUND=88 PASS
--- CMD: wapi scan wlan0 Kal\'tsit ---
wapi scan wlan0 Kal\'tsit
[CPU0] esp_wifi_start_scan: S31 scan request: type=0 channel=0 country_ret=0 first=1 count=11
[CPU0] esp_event_post_wrapper: S31 scan event: status=0 aps=3 id=216
[CPU0] esp_event_post_wrapper: S31 Wi-Fi ISR calls: cpu0=164858 cpu1=0
[CPU0] esp_wifi_scan_event_parse: S31 scan count: ret=0 aps=3
bssid / frequency / signal level / encode / ssid
60:ce:41:46:0e:ec	2437	-70	0800	Kal'tsit
60:ce:41:ab:02:d0	2462	-66	0800	Kal'tsit
7c:39:85:2a:50:04	2462	-59	0800	Kal'tsit
nsh> [K
nsh> [K
ASSOCIATED_SCAN_ROUND=89 PASS
--- CMD: wapi scan wlan0 Kal\'tsit ---
wapi scan wlan0 Kal\'tsit
[CPU0] esp_wifi_start_scan: S31 scan request: type=0 channel=0 country_ret=0 first=1 count=11
[CPU0] esp_event_post_wrapper: S31 scan event: status=0 aps=3 id=217
[CPU0] esp_event_post_wrapper: S31 Wi-Fi ISR calls: cpu0=165062 cpu1=0
[CPU0] esp_wifi_scan_event_parse: S31 scan count: ret=0 aps=3
bssid / frequency / signal level / encode / ssid
60:ce:41:46:0e:ec	2437	-69	0800	Kal'tsit
60:ce:41:ab:02:d0	2462	-64	0800	Kal'tsit
7c:39:85:2a:50:04	2462	-62	0800	Kal'tsit
nsh> [K
nsh> [K
ASSOCIATED_SCAN_ROUND=90 PASS
--- CMD: wapi scan wlan0 Kal\'tsit ---
wapi scan wlan0 Kal\'tsit
[CPU0] esp_wifi_start_scan: S31 scan request: type=0 channel=0 country_ret=0 first=1 count=11
[CPU0] esp_event_post_wrapper: S31 scan event: status=0 aps=2 id=218
[CPU0] esp_event_post_wrapper: S31 Wi-Fi ISR calls: cpu0=165289 cpu1=0
[CPU0] esp_wifi_scan_event_parse: S31 scan count: ret=0 aps=2
bssid / frequency / signal level / encode / ssid
60:ce:41:ab:02:d0	2462	-66	0800	Kal'tsit
7c:39:85:2a:50:04	2462	-59	0800	Kal'tsit
nsh> [K
nsh> [K
ASSOCIATED_SCAN_ROUND=91 PASS
--- CMD: wapi scan wlan0 Kal\'tsit ---
wapi scan wlan0 Kal\'tsit
[CPU0] esp_wifi_start_scan: S31 scan request: type=0 channel=0 country_ret=0 first=1 count=11
[CPU0] esp_event_post_wrapper: S31 scan event: status=0 aps=2 id=219
[CPU0] esp_event_post_wrapper: S31 Wi-Fi ISR calls: cpu0=165523 cpu1=0
[CPU0] esp_wifi_scan_event_parse: S31 scan count: ret=0 aps=2
bssid / frequency / signal level / encode / ssid
60:ce:41:ab:02:d0	2462	-67	0800	Kal'tsit
7c:39:85:2a:50:04	2462	-59	0800	Kal'tsit
nsh> [K
nsh> [K
ASSOCIATED_SCAN_ROUND=92 PASS
--- CMD: wapi scan wlan0 Kal\'tsit ---
wapi scan wlan0 Kal\'tsit
[CPU0] esp_wifi_start_scan: S31 scan request: type=0 channel=0 country_ret=0 first=1 count=11
[CPU0] esp_event_post_wrapper: S31 scan event: status=0 aps=2 id=220
[CPU0] esp_event_post_wrapper: S31 Wi-Fi ISR calls: cpu0=165682 cpu1=0
[CPU0] esp_wifi_scan_event_parse: S31 scan count: ret=0 aps=2
bssid / frequency / signal level / encode / ssid
60:ce:41:ab:02:d0	2462	-66	0800	Kal'tsit
7c:39:85:2a:50:04	2462	-64	0800	Kal'tsit
nsh> [K
nsh> [K
ASSOCIATED_SCAN_ROUND=93 PASS
--- CMD: wapi scan wlan0 Kal\'tsit ---
wapi scan wlan0 Kal\'tsit
[CPU0] esp_wifi_start_scan: S31 scan request: type=0 channel=0 country_ret=0 first=1 count=11
[CPU0] esp_event_post_wrapper: S31 scan event: status=0 aps=3 id=221
[CPU0] esp_event_post_wrapper: S31 Wi-Fi ISR calls: cpu0=165867 cpu1=0
[CPU0] esp_wifi_scan_event_parse: S31 scan count: ret=0 aps=3
bssid / frequency / signal level / encode / ssid
60:ce:41:ab:02:d0	2462	-75	0800	Kal'tsit
60:ce:41:46:0e:ec	2437	-69	0800	Kal'tsit
7c:39:85:2a:50:04	2462	-61	0800	Kal'tsit
nsh> [K
nsh> [K
ASSOCIATED_SCAN_ROUND=94 PASS
--- CMD: wapi scan wlan0 Kal\'tsit ---
wapi scan wlan0 Kal\'tsit
[CPU0] esp_wifi_start_scan: S31 scan request: type=0 channel=0 country_ret=0 first=1 count=11
[CPU0] esp_event_post_wrapper: S31 scan event: status=0 aps=2 id=222
[CPU0] esp_event_post_wrapper: S31 Wi-Fi ISR calls: cpu0=166050 cpu1=0
[CPU0] esp_wifi_scan_event_parse: S31 scan count: ret=0 aps=2
bssid / frequency / signal level / encode / ssid
7c:39:85:2a:50:04	2462	-70	0800	Kal'tsit
60:ce:41:ab:02:d0	2462	-66	0800	Kal'tsit
nsh> [K
nsh> [K
ASSOCIATED_SCAN_ROUND=95 PASS
--- CMD: wapi scan wlan0 Kal\'tsit ---
wapi scan wlan0 Kal\'tsit
[CPU0] esp_wifi_start_scan: S31 scan request: type=0 channel=0 country_ret=0 first=1 count=11
[CPU0] esp_event_post_wrapper: S31 scan event: status=0 aps=3 id=223
[CPU0] esp_event_post_wrapper: S31 Wi-Fi ISR calls: cpu0=166238 cpu1=0
[CPU0] esp_wifi_scan_event_parse: S31 scan count: ret=0 aps=3
bssid / frequency / signal level / encode / ssid
60:ce:41:46:0e:ec	2437	-72	0800	Kal'tsit
60:ce:41:ab:02:d0	2462	-66	0800	Kal'tsit
7c:39:85:2a:50:04	2462	-61	0800	Kal'tsit
nsh> [K
nsh> [K
ASSOCIATED_SCAN_ROUND=96 PASS
--- CMD: wapi scan wlan0 Kal\'tsit ---
wapi scan wlan0 Kal\'tsit
[CPU0] esp_wifi_start_scan: S31 scan request: type=0 channel=0 country_ret=0 first=1 count=11
[CPU0] esp_event_post_wrapper: S31 scan event: status=0 aps=3 id=224
[CPU0] esp_event_post_wrapper: S31 Wi-Fi ISR calls: cpu0=166432 cpu1=0
[CPU0] esp_wifi_scan_event_parse: S31 scan count: ret=0 aps=3
bssid / frequency / signal level / encode / ssid
60:ce:41:ab:02:d0	2462	-75	0800	Kal'tsit
60:ce:41:46:0e:ec	2437	-71	0800	Kal'tsit
7c:39:85:2a:50:04	2462	-59	0800	Kal'tsit
nsh> [K
nsh> [K
ASSOCIATED_SCAN_ROUND=97 PASS
--- CMD: wapi scan wlan0 Kal\'tsit ---
wapi scan wlan0 Kal\'tsit
[CPU0] esp_wifi_start_scan: S31 scan request: type=0 channel=0 country_ret=0 first=1 count=11
[CPU0] esp_event_post_wrapper: S31 scan event: status=0 aps=2 id=225
[CPU0] esp_event_post_wrapper: S31 Wi-Fi ISR calls: cpu0=166588 cpu1=0
[CPU0] esp_wifi_scan_event_parse: S31 scan count: ret=0 aps=2
bssid / frequency / signal level / encode / ssid
60:ce:41:ab:02:d0	2462	-66	0800	Kal'tsit
7c:39:85:2a:50:04	2462	-56	0800	Kal'tsit
nsh> [K
nsh> [K
ASSOCIATED_SCAN_ROUND=98 PASS
--- CMD: wapi scan wlan0 Kal\'tsit ---
wapi scan wlan0 Kal\'tsit
[CPU0] esp_wifi_start_scan: S31 scan request: type=0 channel=0 country_ret=0 first=1 count=11
[CPU0] esp_event_post_wrapper: S31 scan event: status=0 aps=2 id=226
[CPU0] esp_event_post_wrapper: S31 Wi-Fi ISR calls: cpu0=166768 cpu1=0
[CPU0] esp_wifi_scan_event_parse: S31 scan count: ret=0 aps=2
bssid / frequency / signal level / encode / ssid
60:ce:41:ab:02:d0	2462	-65	0800	Kal'tsit
7c:39:85:2a:50:04	2462	-56	0800	Kal'tsit
nsh> [K
nsh> [K
ASSOCIATED_SCAN_ROUND=99 PASS
--- CMD: wapi scan wlan0 Kal\'tsit ---
wapi scan wlan0 Kal\'tsit
[CPU0] esp_wifi_start_scan: S31 scan request: type=0 channel=0 country_ret=0 first=1 count=11
[CPU0] esp_event_post_wrapper: S31 scan event: status=0 aps=2 id=227
[CPU0] esp_event_post_wrapper: S31 Wi-Fi ISR calls: cpu0=166960 cpu1=0
[CPU0] esp_wifi_scan_event_parse: S31 scan count: ret=0 aps=2
bssid / frequency / signal level / encode / ssid
60:ce:41:ab:02:d0	2462	-66	0800	Kal'tsit
7c:39:85:2a:50:04	2462	-60	0800	Kal'tsit
nsh> [K
nsh> [K
ASSOCIATED_SCAN_ROUND=100 PASS
--- CMD: ifconfig ---
ifconfig
wlan0	Link encap:Ethernet HWaddr 30:ed:a0:f3:f7:b0 at RUNNING mtu 1500
	inet addr:192.168.1.60 DRaddr:192.168.1.1 Mask:255.255.255.0

nsh> [K
nsh> [K
{"case": "5.1.27", "status": "EXECUTION_COMPLETE_VARIATION_REVIEW_REQUIRED", "receipt": "build1413-tx-backpressure.sha256", "completed": 100, "list_variants": 93, "identity_variants": 2, "elapsed_seconds": 370.1997529200162}
