IMAGE_SHA256=0b6fef7f333db51fcb73dc08040c3cf08aa2bbf790b741910dc419fbf1d5a394
ESP-ROM:esp32s31-20251218
Build:Dec 18 2025
rst:0x1 (POWERON),boot:0x7f (SPI_FAST_FLASH_BOOT)
SPI mode:DIO, clock div:1
load:0x2e000000,len:0x18
load:0x2f000000,len:0x90a4
load:0x2f009100,len:0x1350
entry 0x2f008d1c
*** Booting NuttX ***
rtc: lma 0x00002020 vma 0x2e000000 len 0x18     (24)
dram: lma 0x00002040 vma 0x2f000000 len 0x90a4   (37028)
dram: lma 0x0000b0ec vma 0x2f009100 len 0x1350   (4944)
padd: lma 0x0000c468 vma 0x00000000 len 0x3bb0   (15280)
imap: lma 0x00010020 vma 0x40040020 len 0x86a4   (34468)
padd: lma 0x000186cc vma 0x00000000 len 0x7a2c   (31276)
imap: lma 0x00020100 vma 0x40000100 len 0x32adc  (207580)
total segments stored 7
ABCxTS Flash scratch: /dev/xtsflash offset=0xc00000 size=0x100000
xTS raw Flash: /dev/xtsraw size=0x100000

NuttShell (NSH)
nsh> [K
--- CMD: mount ---
mount
  /proc type procfs
  /tmp type tmpfs
nsh> [K
nsh> [K
--- CMD: ls /dev/xtsraw ---
ls /dev/xtsraw
 /dev/xtsraw
nsh> [K
nsh> [K
--- CMD: free ---
free
      total       used       free    maxused    maxfree  nused  nfree name
   17236640      18480   17218160      25432   16777200     42      3 Umem
nsh> [K
nsh> [K
--- CMD: dd if=/dev/zero of=/dev/xtsraw bs=4096 count=64 ---
dd if=/dev/zero of=/dev/xtsraw bs=4096 count=64
262144bytes copied, 930000 usec, 275 KB/s
nsh> [K
nsh> [K
XTS_5.1.13_WRITE=PASS bytes=262144 usec=930000 KB_per_s=275
--- CMD: dd if=/dev/xtsraw of=/dev/null bs=4096 count=64 ---
dd if=/dev/xtsraw of=/dev/null bs=4096 count=64
262144bytes copied, 100000 usec, 2560 KB/s
nsh> [K
nsh> [K
XTS_5.1.13_READ=PASS bytes=262144 usec=100000 KB_per_s=2560
--- CMD: free ---
free
      total       used       free    maxused    maxfree  nused  nfree name
   17236640      18480   17218160      25432   16777200     42      3 Umem
nsh> [K
nsh> [K
XTS_5.1.13=PASS original_dd_bs4096_count64 no_speed_threshold
