XTS_COMMAND=close 0
[media][media_player_on_event_cb:307] player Music xrun, pause audio output.
Pending command: pause _
process abufsrc@Music0 pause _
cmd:pause args:(null)
abufsrc@Music0 xrun
input 0x501b4b20 blocking, link size:0 fifo size:0 nb_inputs:1
process abufsrc@Music0 resume _
cmd:resume args:(null)
Pending command: resume _
[media][media_player_on_event_cb:307] player Music xrun, pause audio output.
Pending command: pause _
process abufsrc@Music0 pause _
cmd:pause args:(null)
abufsrc@Music0 xrun
input 0x501b4b20 blocking, link size:0 fifo size:0 nb_inputs:1
process abufsrc@Music0 resume _
cmd:resume args:(null)
Pending command: resume _
[media][media_player_on_event_cb:307] player Music xrun, pause audio output.
Pending command: pause _
process abufsrc@Music0 pause _
cmd:pause args:(null)
abufsrc@Music0 xrun
input 0x501b4b20 blocking, link size:0 fifo size:0 nb_inputs:1
process abufsrc@Music0 resume _
cmd:resume args:(null)
Pending command: resume _
[media][media_player_on_event_cb:307] player Music xrun, pause audio output.
Pending command: pause _
process abufsrc@Music0 pause _
cmd:pause args:(null)
abufsrc@Music0 xrun
input 0x501b4b20 blocking, link size:0 fifo size:0 nb_inputs:1
process abufsrc@Music0 resume _
cmd:resume args:(null)
Pending command: resume _
[media][media_player_on_event_cb:307] player Music xrun, pause audio output.
Pending command: pause _
process abufsrc@Music0 pause _
cmd:pause args:(null)
abufsrc@Music0 xrun
input 0x501b4b20 blocking, link size:0 fifo size:0 nb_inputs:1
process abufsrc@Music0 resume _
cmd:resume args:(null)
Pending command: resume _
[media][media_player_on_event_cb:307] player Music xrun, pause audio output.
Pending command: pause _
process abufsrc@Music0 pause _
cmd:pause args:(null)
abufsrc@Music0 xrun
input 0x501b4b20 blocking, link size:0 fifo size:0 nb_inputs:1
process abufsrc@Music0 resume _
cmd:resume args:(null)
Pending command: resume _
[media][media_player_on_event_cb:307] player Music xrun, pause audio output.
Pending command: pause _
process abufsrc@Music0 pause _
cmd:pause args:(null)
abufsrc@Music0 xrun
input 0x501b4b20 blocking, link size:0 fifo size:0 nb_inputs:1
process abufsrc@Music0 resume _
cmd:resume args:(null)
Pending command: resume _
[media][media_player_on_event_cb:307] player Music xrun, pause audio output.
Pending command: pause _
process abufsrc@Music0 pause _
cmd:pause args:(null)
abufsrc@Music0 xrun
input 0x501b4b20 blocking, link size:0 fifo size:0 nb_inputs:1
process abufsrc@Music0 resume _
cmd:resume args:(null)
Pending command: resume _
[media][media_player_on_event_cb:307] player Music xrun, pause audio output.
Pending command: pause _
process abufsrc@Music0 pause _
cmd:pause args:(null)
abufsrc@Music0 xrun
input 0x501b4b20 blocking, link size:0 fifo size:0 nb_inputs:1
process abufsrc@Music0 resume _
cmd:resume args:(null)
Pending command: resume _
[media][media_player_on_event_cb:307] player Music xrun, pause audio output.
Pending command: pause _
process abufsrc@Music0 pause _
cmd:pause args:(null)
abufsrc@Music0 xrun
input 0x501b4b20 blocking, link size:0 fifo size:0 nb_inputs:1
process abufsrc@Music0 resume _
cmd:resume args:(null)
Pending command: resume _
[media][media_player_on_event_cb:307] player Music xrun, pause audio output.
Pending command: pause _
process abufsrc@Music0 pause _
cmd:pause args:(null)
abufsrc@Music0 xrun
input 0x501b4b20 blocking, link size:0 fifo size:0 nb_inputs:1
process abufsrc@Music0 resume _
cmd:resume args:(null)
Pending command: resume _
[media][media_player_on_event_cb:307] player Music xrun, pause audio output.
Pending command: pause _
process abufsrc@Music0 pause _
cmd:pause args:(null)
abufsrc@Music0 xrun
input 0x501b4b20 blocking, link size:0 fifo size:0 nb_inputs:1
process abufsrc@Music0 resume _
cmd:resume args:(null)
Pending command: resume _
[media][media_player_on_event_cb:307] player Music xrun, pause audio output.
Pending command: pause _
process abufsrc@Music0 pause _
cmd:pause args:(null)
abufsrc@Music0 xrun
input 0x501b4b20 blocking, link size:0 fifo size:0 nb_inputs:1
process abufsrc@Music0 resume _
cmd:resume args:(null)
Pending command: resume _
[media][media_player_on_event_cb:307] player Music xrun, pause audio output.
Pending command: pause _
process abufsrc@Music0 pause _
cmd:pause args:(null)
abufsrc@Music0 xrun
input 0x501b4b20 blocking, link size:0 fifo size:0 nb_inputs:1
process abufsrc@Music0 resume _
cmd:resume args:(null)
Pending command: resume _
[media][media_player_on_event_cb:307] player Music xrun, pause audio output.
Pending command: pause _
process abufsrc@Music0 pause _
cmd:pause args:(null)
abufsrc@Music0 xrun
input 0x501b4b20 blocking, link size:0 fifo size:0 nb_inputs:1
process abufsrc@Music0 resume _
cmd:resume args:(null)
Pending command: resume _
[media][media_player_on_event_cb:307] player Music xrun, pause audio output.
Pending command: pause _
process abufsrc@Music0 pause _
cmd:pause args:(null)
abufsrc@Music0 xrun
input 0x501b4b20 blocking, link size:0 fifo size:0 nb_inputs:1
process abufsrc@Music0 resume _
cmd:resume args:(null)
Pending command: resume _
[media][media_player_on_event_cb:307] player Music xrun, pause audio output.
Pending command: pause _
process abufsrc@Music0 pause _
cmd:pause args:(null)
abufsrc@Music0 xrun
input 0x501b4b20 blocking, link size:0 fifo size:0 nb_inputs:1
process abufsrc@Music0 resume _
cmd:resume args:(null)
Pending command: resume _
[media][media_player_on_event_cb:307] player Music xrun, pause audio output.
Pending command: pause _
process abufsrc@Music0 pause _
cmd:pause args:(null)
abufsrc@Music0 xrun
input 0x501b4b20 blocking, link size:0 fifo size:0 nb_inputs:1
process abufsrc@Music0 resume _
cmd:resume args:(null)
Pending command: resume _
[media][media_player_on_event_cb:307] player Music xrun, pause audio output.
Pending command: pause _
process abufsrc@Music0 pause _
cmd:pause args:(null)
abufsrc@Music0 xrun
input 0x501b4b20 blocking, link size:0 fifo size:0 nb_inputs:1
process abufsrc@Music0 resume _
cmd:resume args:(null)
Pending command: resume _
[media][media_player_on_event_cb:307] player Music xrun, pause audio output.
Pending command: pause _
process abufsrc@Music0 pause _
cmd:pause args:(null)
abufsrc@Music0 xrun
input 0x501b4b20 blocking, link size:0 fifo size:0 nb_inputs:1
process abufsrc@Music0 resume _
cmd:resume args:(null)
Pending command: resume _
[media][media_player_on_event_cb:307] player Music xrun, pause audio output.
Pending command: pause _
process abufsrc@Music0 pause _
cmd:pause args:(null)
abufsrc@Music0 xrun
input 0x501b4b20 blocking, link size:0 fifo size:0 nb_inputs:1
process abufsrc@Music0 resume _
cmd:resume args:(null)
Pending command: resume _
[media][media_player_on_event_cb:307] player Music xrun, pause audio output.
Pending command: pause _
process abufsrc@Music0 pause _
cmd:pause args:(null)
abufsrc@Music0 xrun
input 0x501b4b20 blocking, link size:0 fifo size:0 nb_inputs:1
process abufsrc@Music0 resume _
cmd:resume args:(null)
Pending command: resume _
[media][media_player_on_event_cb:307] player Music xrun, pause audio output.
Pending command: pause _
process abufsrc@Music0 pause _
cmd:pause args:(null)
abufsrc@Music0 xrun
input 0x501b4b20 blocking, link size:0 fifo size:0 nb_inputs:1
process abufsrc@Music0 resume _
cmd:resume args:(null)
Pending command: resume _
[media][media_player_on_event_cb:307] player Music xrun, pause audio output.
Pending command: pause _
process abufsrc@Music0 pause _
cmd:pause args:(null)
abufsrc@Music0 xrun
input 0x501b4b20 blocking, link size:0 fifo size:0 nb_inputs:1
process abufsrc@Music0 resume _
cmd:resume args:(null)
Pending command: resume _
[media][media_player_on_event_cb:307] player Music xrun, pause audio output.
Pending command: pause _
process abufsrc@Music0 pause _
cmd:pause args:(null)
abufsrc@Music0 xrun
input 0x501b4b20 blocking, link size:0 fifo size:0 nb_inputs:1
process abufsrc@Music0 resume _
cmd:resume args:(null)
Pending command: resume _
[media][media_player_on_event_cb:307] player Music xrun, pause audio output.
Pending command: pause _
process abufsrc@Music0 pause _
cmd:pause args:(null)
abufsrc@Music0 xrun
input 0x501b4b20 blocking, link size:0 fifo size:0 nb_inputs:1
process abufsrc@Music0 resume _
cmd:resume args:(null)
Pending command: resume _
[media][media_player_on_event_cb:307] player Music xrun, pause audio output.
Pending command: pause _
process abufsrc@Music0 pause _
cmd:pause args:(null)
abufsrc@Music0 xrun
input 0x501b4b20 blocking, link size:0 fifo size:0 nb_inputs:1
process abufsrc@Music0 resume _
cmd:resume args:(null)
Pending command: resume _
[media][media_player_on_event_cb:307] player Music xrun, pause audio output.
Pending command: pause _
process abufsrc@Music0 pause _
cmd:pause args:(null)
abufsrc@Music0 xrun
input 0x501b4b20 blocking, link size:0 fifo size:0 nb_inputs:1
process abufsrc@Music0 resume _
cmd:resume args:(null)
Pending command: resume _
[media][media_player_on_event_cb:307] player Music xrun, pause audio output.
Pending command: pause _
process abufsrc@Music0 pause _
cmd:pause args:(null)
abufsrc@Music0 xrun
input 0x501b4b20 blocking, link size:0 fifo size:0 nb_inputs:1
process abufsrc@Music0 resume _
cmd:resume args:(null)
Pending command: resume _
Traceback (most recent call last):
  File "/home/regex/work/esp32s31-openvela/backups/2026-09-10-scan-stress/stop1210-media.py", line 14, in <module>
    k.require(prompt in out,'cleanup prompt missing; no reset')
  File "/home/regex/work/esp32s31-openvela/backups/2026-09-10-scan-stress/xts-kvdb-suite.py", line 22, in require
    raise RuntimeError(message)
RuntimeError: cleanup prompt missing; no reset
