before-a.bin: OK
before-b.bin: OK
WIFI_ARTIFACT_CONFIG=PASS booleans=1816 protocol=7
+ /home/regex/.espressif/python_env/idf6.1_py3.10_env/bin/esptool --chip esp32s31 --port /dev/serial/by-id/usb-Silicon_Labs_CP2102N_USB_to_UART_Bridge_Controller_f65e4ef67f71f011975a049f1045c30f-if00-port0 --baud 460800 write-flash --flash-size 16MB --flash-mode dio --flash-freq 80m 0x2000 /home/regex/work/esp32s31-openvela/openvela-dev/out/esp32s31-xts-ecc-offline/nuttx.bin 0x200000 /home/regex/work/esp32s31-openvela/openvela-dev/out/esp32s31-xts-ecc-offline/appfs.img
esptool v5.4.0
Serial port /dev/serial/by-id/usb-Silicon_Labs_CP2102N_USB_to_UART_Bridge_Controller_f65e4ef67f71f011975a049f1045c30f-if00-port0:
Connecting....
Connected to ESP32-S31 on /dev/serial/by-id/usb-Silicon_Labs_CP2102N_USB_to_UART_Bridge_Controller_f65e4ef67f71f011975a049f1045c30f-if00-port0:
Chip type:          ESP32-S31 (revision v0.0)
Features:           Wi-Fi 6, BT 5.4 (LE), IEEE802.15.4, Dual Core + LP Core, 300MHz
Crystal frequency:  40MHz
MAC:                30:ed:a0:f3:f7:b0

Uploading stub flasher...
Running stub flasher...
Stub flasher running.
Changing baud rate to 460800...
Changed.

Configuring flash size...

Writing '/home/regex/work/esp32s31-openvela/openvela-dev/out/esp32s31-xts-ecc-offline/nuttx.bin' at 0x00002000...
SHA digest in image updated.
Flash will be erased from 0x00002000 to 0x00127fff...
Compressed 1201560 bytes to 666544...
Writing at 0x00007d10 ╸                                2.5% 16.00kB/650.92kB [0s] 
Writing at 0x0000dee3 ━                                4.9% 32.00kB/650.92kB [0s] 
Writing at 0x00015878 ━━                               7.4% 48.00kB/650.92kB [1s] 
Writing at 0x0002a93c ━━╸                              9.8% 64.00kB/650.92kB [1s] 
Writing at 0x00030e90 ━━━╸                            12.3% 80.00kB/650.92kB [2s] 
Writing at 0x00035580 ━━━━                            14.7% 96.00kB/650.92kB [2s] 
Writing at 0x0003fc92 ━━━━━                           17.2% 112.00kB/650.92kB [2s] 
Writing at 0x000549f0 ━━━━━╸                          19.7% 128.00kB/650.92kB [3s] 
Writing at 0x0005b020 ━━━━━━╸                         22.1% 144.00kB/650.92kB [3s] 
Writing at 0x00061ab9 ━━━━━━━                         24.6% 160.00kB/650.92kB [4s] 
Writing at 0x00069448 ━━━━━━━━                        27.0% 176.00kB/650.92kB [4s] 
Writing at 0x0007229e ━━━━━━━━╸                       29.5% 192.00kB/650.92kB [5s] 
Writing at 0x00078df1 ━━━━━━━━━╸                      32.0% 208.00kB/650.92kB [5s] 
Writing at 0x0008081d ━━━━━━━━━━                      34.4% 224.00kB/650.92kB [5s] 
Writing at 0x000871a3 ━━━━━━━━━━━                     36.9% 240.00kB/650.92kB [6s] 
Writing at 0x0008d504 ━━━━━━━━━━━╸                    39.3% 256.00kB/650.92kB [6s] 
Writing at 0x0009351d ━━━━━━━━━━━━╸                   41.8% 272.00kB/650.92kB [7s] 
Writing at 0x00098d97 ━━━━━━━━━━━━━                   44.2% 288.00kB/650.92kB [7s] 
Writing at 0x0009e515 ━━━━━━━━━━━━━━                  46.7% 304.00kB/650.92kB [7s] 
Writing at 0x000a3fee ━━━━━━━━━━━━━━╸                 49.2% 320.00kB/650.92kB [8s] 
Writing at 0x000a9d07 ━━━━━━━━━━━━━━━                 51.6% 336.00kB/650.92kB [8s] 
Writing at 0x000b1048 ━━━━━━━━━━━━━━━━                54.1% 352.00kB/650.92kB [9s] 
Writing at 0x000b889b ━━━━━━━━━━━━━━━━╸               56.5% 368.00kB/650.92kB [9s] 
Writing at 0x000c0cf7 ━━━━━━━━━━━━━━━━━╸              59.0% 384.00kB/650.92kB [9s] 
Writing at 0x000c748c ━━━━━━━━━━━━━━━━━━              61.5% 400.00kB/650.92kB [10s] 
Writing at 0x000cd1ba ━━━━━━━━━━━━━━━━━━━             63.9% 416.00kB/650.92kB [10s] 
Writing at 0x000d3985 ━━━━━━━━━━━━━━━━━━━╸            66.4% 432.00kB/650.92kB [11s] 
Writing at 0x000da2f3 ━━━━━━━━━━━━━━━━━━━━╸           68.8% 448.00kB/650.92kB [11s] 
Writing at 0x000e0239 ━━━━━━━━━━━━━━━━━━━━━           71.3% 464.00kB/650.92kB [11s] 
Writing at 0x000e5df4 ━━━━━━━━━━━━━━━━━━━━━━          73.7% 480.00kB/650.92kB [12s] 
Writing at 0x000ec257 ━━━━━━━━━━━━━━━━━━━━━━╸         76.2% 496.00kB/650.92kB [12s] 
Writing at 0x000f2a34 ━━━━━━━━━━━━━━━━━━━━━━━╸        78.7% 512.00kB/650.92kB [13s] 
Writing at 0x000f8c4e ━━━━━━━━━━━━━━━━━━━━━━━━        81.1% 528.00kB/650.92kB [13s] 
Writing at 0x000feb82 ━━━━━━━━━━━━━━━━━━━━━━━━━       83.6% 544.00kB/650.92kB [13s] 
Writing at 0x00104bce ━━━━━━━━━━━━━━━━━━━━━━━━━╸      86.0% 560.00kB/650.92kB [14s] 
Writing at 0x0010aa09 ━━━━━━━━━━━━━━━━━━━━━━━━━━╸     88.5% 576.00kB/650.92kB [14s] 
Writing at 0x00110b7e ━━━━━━━━━━━━━━━━━━━━━━━━━━━     90.9% 592.00kB/650.92kB [15s] 
Writing at 0x00116dd1 ━━━━━━━━━━━━━━━━━━━━━━━━━━━━    93.4% 608.00kB/650.92kB [15s] 
Writing at 0x0011d53f ━━━━━━━━━━━━━━━━━━━━━━━━━━━━╸   95.9% 624.00kB/650.92kB [15s] 
Writing at 0x001233c0 ━━━━━━━━━━━━━━━━━━━━━━━━━━━━━   98.3% 640.00kB/650.92kB [16s] 
Writing at 0x00127598 ━━━━━━━━━━━━━━━━━━━━━━━━━━━━━━ 100.0% 650.92kB/650.92kB [16s] 
Wrote 1201560 bytes (666544 compressed) at 0x00002000 in 14.6 seconds (656.6 kbit/s).
Verifying written data...
Hash of data verified.

Writing '/home/regex/work/esp32s31-openvela/openvela-dev/out/esp32s31-xts-ecc-offline/appfs.img' at 0x00200000...
Flash will be erased from 0x00200000 to 0x004bcfff...
Compressed 2870272 bytes to 1664396...
Writing at 0x002064c3                                  1.0% 16.00kB/1.59MB [0s] 
Writing at 0x0020dce9 ╸                                2.0% 32.00kB/1.59MB [0s] 
Writing at 0x002142f9 ╸                                3.0% 48.00kB/1.59MB [1s] 
Writing at 0x0021b930 ━                                3.9% 64.00kB/1.59MB [1s] 
Writing at 0x00221fc2 ━                                4.9% 80.00kB/1.59MB [1s] 
Writing at 0x002279d4 ━╸                               5.9% 96.00kB/1.59MB [2s] 
Writing at 0x0022d606 ━━                               6.9% 112.00kB/1.59MB [2s] 
Writing at 0x00235efb ━━                               7.9% 128.00kB/1.59MB [3s] 
Writing at 0x0023c71d ━━╸                              8.9% 144.00kB/1.59MB [3s] 
Writing at 0x00241ff9 ━━╸                              9.8% 160.00kB/1.59MB [3s] 
Writing at 0x00247af2 ━━━                             10.8% 176.00kB/1.59MB [4s] 
Writing at 0x0024ebb0 ━━━╸                            11.8% 192.00kB/1.59MB [4s] 
Writing at 0x002561df ━━━╸                            12.8% 208.00kB/1.59MB [5s] 
Writing at 0x0025e354 ━━━━                            13.8% 224.00kB/1.59MB [5s] 
Writing at 0x00266846 ━━━━                            14.8% 240.00kB/1.59MB [5s] 
Writing at 0x00276902 ━━━━╸                           15.8% 256.00kB/1.59MB [6s] 
Writing at 0x0027cfe5 ━━━━━                           16.7% 272.00kB/1.59MB [6s] 
Writing at 0x00282935 ━━━━━                           17.7% 288.00kB/1.59MB [7s] 
Writing at 0x0028900d ━━━━━╸                          18.7% 304.00kB/1.59MB [7s] 
Writing at 0x0029019f ━━━━━╸                          19.7% 320.00kB/1.59MB [7s] 
Writing at 0x00296dc4 ━━━━━━                          20.7% 336.00kB/1.59MB [8s] 
Writing at 0x0029c319 ━━━━━━                          21.7% 352.00kB/1.59MB [8s] 
Writing at 0x002a3e21 ━━━━━━╸                         22.6% 368.00kB/1.59MB [9s] 
Writing at 0x002a9bf8 ━━━━━━━                         23.6% 384.00kB/1.59MB [9s] 
Writing at 0x002b17b2 ━━━━━━━                         24.6% 400.00kB/1.59MB [9s] 
Writing at 0x002b907e ━━━━━━━╸                        25.6% 416.00kB/1.59MB [10s] 
Writing at 0x002c0a99 ━━━━━━━╸                        26.6% 432.00kB/1.59MB [10s] 
Writing at 0x002ca94d ━━━━━━━━                        27.6% 448.00kB/1.59MB [11s] 
Writing at 0x002d0888 ━━━━━━━━╸                       28.5% 464.00kB/1.59MB [11s] 
Writing at 0x002d66ab ━━━━━━━━╸                       29.5% 480.00kB/1.59MB [11s] 
Writing at 0x002dbfab ━━━━━━━━━                       30.5% 496.00kB/1.59MB [12s] 
Writing at 0x002e35fc ━━━━━━━━━                       31.5% 512.00kB/1.59MB [12s] 
Writing at 0x002eb1f1 ━━━━━━━━━╸                      32.5% 528.00kB/1.59MB [13s] 
Writing at 0x002f1735 ━━━━━━━━━━                      33.5% 544.00kB/1.59MB [13s] 
Writing at 0x002f6f56 ━━━━━━━━━━                      34.5% 560.00kB/1.59MB [13s] 
Writing at 0x002fef94 ━━━━━━━━━━╸                     35.4% 576.00kB/1.59MB [14s] 
Writing at 0x00305410 ━━━━━━━━━━╸                     36.4% 592.00kB/1.59MB [14s] 
Writing at 0x0030acc9 ━━━━━━━━━━━                     37.4% 608.00kB/1.59MB [15s] 
Writing at 0x00313079 ━━━━━━━━━━━╸                    38.4% 624.00kB/1.59MB [15s] 
Writing at 0x00319f4a ━━━━━━━━━━━╸                    39.4% 640.00kB/1.59MB [15s] 
Writing at 0x00320ba4 ━━━━━━━━━━━━                    40.4% 656.00kB/1.59MB [16s] 
Writing at 0x00328467 ━━━━━━━━━━━━                    41.3% 672.00kB/1.59MB [16s] 
Writing at 0x0032fdea ━━━━━━━━━━━━╸                   42.3% 688.00kB/1.59MB [17s] 
Writing at 0x0033646c ━━━━━━━━━━━━╸                   43.3% 704.00kB/1.59MB [17s] 
Writing at 0x0033cdaf ━━━━━━━━━━━━━                   44.3% 720.00kB/1.59MB [17s] 
Writing at 0x00343168 ━━━━━━━━━━━━━╸                  45.3% 736.00kB/1.59MB [18s] 
Writing at 0x003486a2 ━━━━━━━━━━━━━╸                  46.3% 752.00kB/1.59MB [18s] 
Writing at 0x00353291 ━━━━━━━━━━━━━━                  47.3% 768.00kB/1.59MB [19s] 
Writing at 0x00358b84 ━━━━━━━━━━━━━━                  48.2% 784.00kB/1.59MB [19s] 
Writing at 0x003606c3 ━━━━━━━━━━━━━━╸                 49.2% 800.00kB/1.59MB [19s] 
Writing at 0x00368154 ━━━━━━━━━━━━━━━                 50.2% 816.00kB/1.59MB [20s] 
Writing at 0x0036e76c ━━━━━━━━━━━━━━━                 51.2% 832.00kB/1.59MB [20s] 
Writing at 0x00374901 ━━━━━━━━━━━━━━━╸                52.2% 848.00kB/1.59MB [21s] 
Writing at 0x00379c65 ━━━━━━━━━━━━━━━╸                53.2% 864.00kB/1.59MB [21s] 
Writing at 0x003824bd ━━━━━━━━━━━━━━━━                54.1% 880.00kB/1.59MB [21s] 
Writing at 0x00388ab0 ━━━━━━━━━━━━━━━━╸               55.1% 896.00kB/1.59MB [22s] 
Writing at 0x0038e8fe ━━━━━━━━━━━━━━━━╸               56.1% 912.00kB/1.59MB [22s] 
Writing at 0x00394332 ━━━━━━━━━━━━━━━━━               57.1% 928.00kB/1.59MB [22s] 
Writing at 0x0039c260 ━━━━━━━━━━━━━━━━━               58.1% 944.00kB/1.59MB [23s] 
Writing at 0x003a3c93 ━━━━━━━━━━━━━━━━━╸              59.1% 960.00kB/1.59MB [23s] 
Writing at 0x003abda2 ━━━━━━━━━━━━━━━━━━              60.0% 976.00kB/1.59MB [24s] 
Writing at 0x003b28b8 ━━━━━━━━━━━━━━━━━━              61.0% 992.00kB/1.59MB [24s] 
Writing at 0x003b8550 ━━━━━━━━━━━━━━━━━━╸             62.0% 1008.00kB/1.59MB [24s] 
Writing at 0x003bd93c ━━━━━━━━━━━━━━━━━━╸             63.0% 1.00MB/1.59MB [25s] 
Writing at 0x003c592a ━━━━━━━━━━━━━━━━━━━             64.0% 1.02MB/1.59MB [25s] 
Writing at 0x003cb238 ━━━━━━━━━━━━━━━━━━━             65.0% 1.03MB/1.59MB [26s] 
Writing at 0x003d3a24 ━━━━━━━━━━━━━━━━━━━╸            66.0% 1.05MB/1.59MB [26s] 
Writing at 0x003da4bd ━━━━━━━━━━━━━━━━━━━━            66.9% 1.06MB/1.59MB [26s] 
Writing at 0x003df9e7 ━━━━━━━━━━━━━━━━━━━━            67.9% 1.08MB/1.59MB [27s] 
Writing at 0x003e7e62 ━━━━━━━━━━━━━━━━━━━━╸           68.9% 1.09MB/1.59MB [27s] 
Writing at 0x003ed6ce ━━━━━━━━━━━━━━━━━━━━╸           69.9% 1.11MB/1.59MB [28s] 
Writing at 0x003f4a3a ━━━━━━━━━━━━━━━━━━━━━           70.9% 1.12MB/1.59MB [28s] 
Writing at 0x003ffbd7 ━━━━━━━━━━━━━━━━━━━━━╸          71.9% 1.14MB/1.59MB [28s] 
Writing at 0x00405c2e ━━━━━━━━━━━━━━━━━━━━━╸          72.8% 1.16MB/1.59MB [29s] 
Writing at 0x0040aecf ━━━━━━━━━━━━━━━━━━━━━━          73.8% 1.17MB/1.59MB [29s] 
Writing at 0x00413ff1 ━━━━━━━━━━━━━━━━━━━━━━          74.8% 1.19MB/1.59MB [30s] 
Writing at 0x0041a5f1 ━━━━━━━━━━━━━━━━━━━━━━╸         75.8% 1.20MB/1.59MB [30s] 
Writing at 0x00420201 ━━━━━━━━━━━━━━━━━━━━━━━         76.8% 1.22MB/1.59MB [30s] 
Writing at 0x0042586a ━━━━━━━━━━━━━━━━━━━━━━━         77.8% 1.23MB/1.59MB [31s] 
Writing at 0x0042d4a6 ━━━━━━━━━━━━━━━━━━━━━━━╸        78.8% 1.25MB/1.59MB [31s] 
Writing at 0x00433ba7 ━━━━━━━━━━━━━━━━━━━━━━━╸        79.7% 1.27MB/1.59MB [32s] 
Writing at 0x00439b8a ━━━━━━━━━━━━━━━━━━━━━━━━        80.7% 1.28MB/1.59MB [32s] 
Writing at 0x0043f7f8 ━━━━━━━━━━━━━━━━━━━━━━━━╸       81.7% 1.30MB/1.59MB [32s] 
Writing at 0x00444dc5 ━━━━━━━━━━━━━━━━━━━━━━━━╸       82.7% 1.31MB/1.59MB [33s] 
Writing at 0x0044eb36 ━━━━━━━━━━━━━━━━━━━━━━━━━       83.7% 1.33MB/1.59MB [33s] 
Writing at 0x00455771 ━━━━━━━━━━━━━━━━━━━━━━━━━       84.7% 1.34MB/1.59MB [34s] 
Writing at 0x0045b43b ━━━━━━━━━━━━━━━━━━━━━━━━━╸      85.6% 1.36MB/1.59MB [34s] 
Writing at 0x004607f8 ━━━━━━━━━━━━━━━━━━━━━━━━━╸      86.6% 1.38MB/1.59MB [34s] 
Writing at 0x004685a6 ━━━━━━━━━━━━━━━━━━━━━━━━━━      87.6% 1.39MB/1.59MB [35s] 
Writing at 0x0046f078 ━━━━━━━━━━━━━━━━━━━━━━━━━━╸     88.6% 1.41MB/1.59MB [35s] 
Writing at 0x00474d9f ━━━━━━━━━━━━━━━━━━━━━━━━━━╸     89.6% 1.42MB/1.59MB [35s] 
Writing at 0x0047a4b4 ━━━━━━━━━━━━━━━━━━━━━━━━━━━     90.6% 1.44MB/1.59MB [36s] 
Writing at 0x00483413 ━━━━━━━━━━━━━━━━━━━━━━━━━━━     91.5% 1.45MB/1.59MB [36s] 
Writing at 0x00489b69 ━━━━━━━━━━━━━━━━━━━━━━━━━━━╸    92.5% 1.47MB/1.59MB [37s] 
Writing at 0x0048f4d3 ━━━━━━━━━━━━━━━━━━━━━━━━━━━━    93.5% 1.48MB/1.59MB [37s] 
Writing at 0x00495577 ━━━━━━━━━━━━━━━━━━━━━━━━━━━━    94.5% 1.50MB/1.59MB [38s] 
Writing at 0x0049d25a ━━━━━━━━━━━━━━━━━━━━━━━━━━━━╸   95.5% 1.52MB/1.59MB [38s] 
Writing at 0x004a4fd9 ━━━━━━━━━━━━━━━━━━━━━━━━━━━━╸   96.5% 1.53MB/1.59MB [38s] 
Writing at 0x004ab6a1 ━━━━━━━━━━━━━━━━━━━━━━━━━━━━━   97.5% 1.55MB/1.59MB [39s] 
Writing at 0x004b103a ━━━━━━━━━━━━━━━━━━━━━━━━━━━━━╸  98.4% 1.56MB/1.59MB [39s] 
Writing at 0x004b764a ━━━━━━━━━━━━━━━━━━━━━━━━━━━━━╸  99.4% 1.58MB/1.59MB [40s] 
Writing at 0x004bcc00 ━━━━━━━━━━━━━━━━━━━━━━━━━━━━━━ 100.0% 1.59MB/1.59MB [40s] 
Wrote 2870272 bytes (1664396 compressed) at 0x00200000 in 38.5 seconds (596.9 kbit/s).
Verifying written data...
Hash of data verified.

Hard resetting via RTS pin...
