--- CMD: ps ---
ps
  PID GROUP CPU(AFFINITY)   PRI POLICY   TYPE    NPX STATE    EVENT     SIGMASK            STACK COMMAND
    0     0 000(0x00000003)   0 FIFO     Kthread   - Assigned           0000000000000000 0003024 CPU0 IDLE
    1     0 001(0x00000003)   0 FIFO     Kthread   - Running            0000000000000000 0003024 CPU1 IDLE
    2     0 ---(0x00000003) 100 RR       Kthread   - Waiting  Semaphore 0000000000000000 0001952 lpwork 0x2f011140 0x2f01118c
    4     0 ---(0x00000003) 223 RR       Kthread   - Waiting  Semaphore 0000000000000000 0001968 hr_timer
    5     0 ---(0x00000001) 253 RR       Kthread   - Waiting  MQ empty  0000000000000000 0003520 wifi
    6     6 000(0x00000003) 101 RR       Task      - Running            0000000000000000 0004016 /system/bin/init
   35    35 ---(0x00000003) 100 RR       Task      - Waiting  Signal    0000000000000200 0008080 iperf2 -s -p 5003 -i 1 -u
   44    35 ---(0x00000003) 100 RR       pthread   - Waiting  Semaphore 0000000000000000 0008144 iperf2 0x6100d684 0x6180b2a0
nsh> [K
nsh> [K
--- CMD: kill -9 44 ---
kill -9 44
nsh: kill: no such task: 44
nsh> [K
nsh> [K
--- CMD: ps ---
ps
  PID GROUP CPU(AFFINITY)   PRI POLICY   TYPE    NPX STATE    EVENT     SIGMASK            STACK COMMAND
    0     0 000(0x00000003)   0 FIFO     Kthread   - Assigned           0000000000000000 0003024 CPU0 IDLE
    1     0 001(0x00000003)   0 FIFO     Kthread   - Running            0000000000000000 0003024 CPU1 IDLE
    2     0 ---(0x00000003) 100 RR       Kthread   - Waiting  Semaphore 0000000000000000 0001952 lpwork 0x2f011140 0x2f01118c
    4     0 ---(0x00000003) 223 RR       Kthread   - Waiting  Semaphore 0000000000000000 0001968 hr_timer
    5     0 ---(0x00000001) 253 RR       Kthread   - Waiting  MQ empty  0000000000000000 0003520 wifi
    6     6 000(0x00000003) 101 RR       Task      - Running            0000000000000000 0004016 /system/bin/init
   35    35 ---(0x00000003) 100 RR       Task      - Waiting  Signal    0000000000000200 0008080 iperf2 -s -p 5003 -i 1 -u
   44    35 ---(0x00000003) 100 RR       pthread   - Waiting  Semaphore 0000000000000000 0008144 iperf2 0x6100d684 0x6180b2a0
nsh> [K
nsh> [K
Traceback (most recent call last):
  File "<stdin>", line 11, in <module>
  File "/home/regex/work/esp32s31-openvela/backups/2026-09-10-scan-stress/xts-kvdb-suite.py", line 22, in require
    raise RuntimeError(message)
RuntimeError: iperf task remains
