XTS_RECEIPT=/home/regex/work/esp32s31-openvela/backups/2026-09-10-scan-stress/build1543-ble-kernel-stack-min.sha256
ESP-ROM:esp32s31-20251218
Build:Dec 18 2025
rst:0x1 (POWERON),boot:0x5f (SPI_FAST_FLASH_BOOT)
SPI mode:DIO, clock div:1
load:0x2e000000,len:0x18
load:0x2f000000,len:0x14a38
load:0x2f014a80,len:0x22d8
entry 0x2f0145d0
*** Booting NuttX ***
rtc: lma 0x00002020 vma 0x2e000000 len 0x18     (24)
dram: lma 0x00002040 vma 0x2f000000 len 0x14a38  (84536)
dram: lma 0x00016a80 vma 0x2f014a80 len 0x22d8   (8920)
padd: lma 0x00018d88 vma 0x00000000 len 0x7290   (29328)
imap: lma 0x00020020 vma 0x400c0020 len 0xb0d0   (45264)
padd: lma 0x0002b0f8 vma 0x00000000 len 0x5000   (20480)
imap: lma 0x00030100 vma 0x40000100 len 0xbeddc  (781788)
total segments stored 7
ABC[CPU0] CPU1 SMP online: ipi0=0 timer1=0
[CPU0] AppFS header: 2d726f6d3166732d
[CPU0] AppFS MTD boundary checks: PASS
[CPU0] AppFS writable LittleFS: offset=0x500000 size=0x700000

NuttShell (NSH)
nsh> [K
XTS_COMMAND=ls /dev/ttyHCI0
--- CMD: ls /dev/ttyHCI0 ---
ls /dev/ttyHCI0
 /dev/ttyHCI0
nsh> [K
nsh> [K
ls /dev/ttyHCI0
 /dev/ttyHCI0
nsh> [K
nsh> [K
XTS_COMMAND=mount
--- CMD: mount ---
mount
  /apps type littlefs
  /proc type procfs
  /system/bin type romfs
  /tmp type tmpfs
nsh> [K
nsh> [K
mount
  /apps type littlefs
  /proc type procfs
  /system/bin type romfs
  /tmp type tmpfs
nsh> [K
nsh> [K
XTS_COMMAND=ls /data
--- CMD: ls /data ---
ls /data
nsh: ls: stat failed: No such file or directory
nsh> [K
nsh> [K
ls /data
nsh: ls: stat failed: No such file or directory
nsh> [K
nsh> [K
XTS_COMMAND=mkdir /data
--- CMD: mkdir /data ---
mkdir /data
nsh> [K
nsh> [K
mkdir /data
nsh> [K
nsh> [K
XTS_COMMAND=mount -t tmpfs /data
--- CMD: mount -t tmpfs /data ---
mount -t tmpfs /data
nsh> [K
nsh> [K
mount -t tmpfs /data
nsh> [K
nsh> [K
XTS_COMMAND=mkdir /data/misc
--- CMD: mkdir /data/misc ---
mkdir /data/misc
nsh> [K
nsh> [K
mkdir /data/misc
nsh> [K
nsh> [K
XTS_COMMAND=mkdir /data/misc/bt
--- CMD: mkdir /data/misc/bt ---
mkdir /data/misc/bt
nsh> [K
nsh> [K
mkdir /data/misc/bt
nsh> [K
nsh> [K
XTS_COMMAND=bttool
bttool
[CPU0] /data/misc/bt folder create: 0
[CPU1] [async_queue:91]uv_async_queue_init
bttool> XTS_COMMAND=enable
enable
bttool> [CPU0] S31 BLE: controller open
[CPU0] S31 BLE: public MAC 30:ed:a0:f3:f7:b1
[CPU0] S31 BLE: controller ready, VHCI registered
[CPU0] dev:0: Sending HCI_RESET
[CPU0] S31 BLE host: allocating opcode=0c03
[CPU0] S31 BLE host: opcode=0c03 buffer=0x6140749c
[CPU0] S31 BLE host: opcode=0c03 queued current=0x61408718 syswq=0x61408718
[CPU0] S31 BLE: TX opcode=0c03 len=3
[CPU0] S31 BLE: TX opcode=0c03 result=3
[CPU0] S31 BLE: complete opcode=0c03 status=0 len=7
[CPU1] S31 BLE host: opcode=0c03 wait=0 status=0 ref=1
[CPU1] S31 BLE host: opcode=0c03 returned
[CPU1] S31 BLE host: reset state complete
[CPU1] S31 BLE host: allocating opcode=1003
[CPU1] S31 BLE host: opcode=1003 buffer=0x6140749c
[CPU1] S31 BLE host: opcode=1003 queued current=0x61408718 syswq=0x61408718
[CPU0] S31 BLE: TX opcode=1003 len=3
[CPU0] S31 BLE: TX opcode=1003 result=3
[CPU0] S31 BLE: complete opcode=1003 status=0 len=15
[CPU0] S31 BLE host: opcode=1003 wait=0 status=0 ref=1
[CPU0] S31 BLE host: opcode=1003 returned
[CPU0] S31 BLE host: allocating opcode=1001
[CPU0] S31 BLE host: opcode=1001 buffer=0x6140749c
[CPU0] S31 BLE host: opcode=1001 queued current=0x61408718 syswq=0x61408718
[CPU0] S31 BLE: TX opcode=1001 len=3
[CPU0] S31 BLE: TX opcode=1001 result=3
[CPU0] S31 BLE: complete opcode=1001 status=0 len=15
[CPU1] S31 BLE host: opcode=1001 wait=0 status=0 ref=1
[CPU1] S31 BLE host: opcode=1001 returned
[CPU1] S31 BLE host: allocating opcode=1002
[CPU1] S31 BLE host: opcode=1002 buffer=0x6140749c
[CPU1] S31 BLE host: opcode=1002 queued current=0x61408718 syswq=0x61408718
[CPU0] S31 BLE: TX opcode=1002 len=3
[CPU0] S31 BLE: TX opcode=1002 result=3
[CPU0] S31 BLE: complete opcode=1002 status=0 len=71
[CPU0] S31 BLE host: opcode=1002 wait=0 status=0 ref=1
[CPU0] S31 BLE host: opcode=1002 returned
[CPU0] S31 BLE host: initializing PSA PRNG
[CPU0] S31 BLE host: PSA PRNG result=0
[CPU0] S31 BLE host: buffers ACL=1021/12 SCO=255/0
[CPU0] S31 BLE host: opcode=0c33 queued current=0x61408718 syswq=0x61408718
[CPU0] S31 BLE: TX opcode=0c33 len=10
[CPU0] S31 BLE: TX opcode=0c33 result=10
[CPU0] S31 BLE: complete opcode=0c33 status=0 len=7
[CPU1] S31 BLE host: opcode=0c33 wait=0 status=0 ref=1
[CPU1] S31 BLE host: opcode=0c33 returned
[CPU1] S31 BLE host: opcode=0c31 queued current=0x61408718 syswq=0x61408718
[CPU0] S31 BLE: TX opcode=0c31 len=4
[CPU0] S31 BLE: TX opcode=0c31 result=4
[CPU0] S31 BLE: complete opcode=0c31 status=0 len=7
[CPU0] S31 BLE host: opcode=0c31 wait=0 status=0 ref=1
[CPU0] S31 BLE host: opcode=0c31 returned
[CPU0] S31 BLE host: allocating opcode=2003
[CPU0] S31 BLE host: opcode=2003 buffer=0x6140749c
[CPU0] S31 BLE host: opcode=2003 queued current=0x61408718 syswq=0x61408718
[CPU0] S31 BLE: TX opcode=2003 len=3
[CPU0] S31 BLE: TX opcode=2003 result=3
[CPU0] S31 BLE: complete opcode=2003 status=0 len=15
[CPU1] S31 BLE host: opcode=2003 wait=0 status=0 ref=1
[CPU1] S31 BLE host: opcode=2003 returned
[CPU1] S31 BLE host: allocating opcode=2002
[CPU1] S31 BLE host: opcode=2002 buffer=0x6140749c
[CPU1] S31 BLE host: opcode=2002 queued current=0x61408718 syswq=0x61408718
[CPU0] S31 BLE: TX opcode=2002 len=3
[CPU0] S31 BLE: TX opcode=2002 result=3
[CPU0] S31 BLE: complete opcode=2002 status=0 len=10
[CPU0] S31 BLE host: opcode=2002 wait=0 status=0 ref=1
[CPU0] S31 BLE host: opcode=2002 returned
[CPU0] S31 BLE host: allocating opcode=203a
[CPU0] S31 BLE host: opcode=203a buffer=0x6140749c
[CPU0] S31 BLE host: opcode=203a queued current=0x61408718 syswq=0x61408718
[CPU0] S31 BLE: TX opcode=203a len=3
[CPU0] S31 BLE: TX opcode=203a result=3
[CPU0] S31 BLE: complete opcode=203a status=0 len=9
[CPU1] S31 BLE host: opcode=203a wait=0 status=0 ref=1
[CPU1] S31 BLE host: opcode=203a returned
[CPU1] S31 BLE host: allocating opcode=201c
[CPU1] S31 BLE host: opcode=201c buffer=0x6140749c
[CPU1] S31 BLE host: opcode=201c queued current=0x61408718 syswq=0x61408718
[CPU0] S31 BLE: TX opcode=201c len=3
[CPU0] S31 BLE: TX opcode=201c result=3
[CPU0] S31 BLE: complete opcode=201c status=0 len=15
[CPU0] S31 BLE host: opcode=201c wait=0 status=0 ref=1
[CPU0] S31 BLE host: opcode=201c returned
[CPU0] S31 BLE host: allocating opcode=202f
[CPU0] S31 BLE host: opcode=202f buffer=0x6140749c
[CPU0] S31 BLE host: opcode=202f queued current=0x61408718 syswq=0x61408718
[CPU0] S31 BLE: TX opcode=202f len=3
[CPU0] S31 BLE: TX opcode=202f result=3
[CPU0] S31 BLE: complete opcode=202f status=0 len=15
[CPU1] S31 BLE host: opcode=202f wait=0 status=0 ref=1
[CPU1] S31 BLE host: opcode=202f returned
[CPU1] S31 BLE host: opcode=2024 queued current=0x61408718 syswq=0x61408718
[CPU0] S31 BLE: TX opcode=2024 len=7
[CPU0] S31 BLE: TX opcode=2024 result=7
[CPU0] S31 BLE: complete opcode=2024 status=0 len=7
[CPU0] S31 BLE host: opcode=2024 wait=0 status=0 ref=1
[CPU0] S31 BLE host: opcode=2024 returned
[CPU0] S31 BLE host: opcode=202e queued current=0x61408718 syswq=0x61408718
[CPU0] S31 BLE: TX opcode=202e len=5
[CPU0] S31 BLE: TX opcode=202e result=5
[CPU0] S31 BLE: complete opcode=202e status=0 len=7
[CPU1] S31 BLE host: opcode=202e wait=0 status=0 ref=1
[CPU1] S31 BLE host: opcode=202e returned
[CPU1] S31 BLE host: allocating opcode=202a
[CPU1] S31 BLE host: opcode=202a buffer=0x6140749c
[CPU1] S31 BLE host: opcode=202a queued current=0x61408718 syswq=0x61408718
[CPU0] S31 BLE: TX opcode=202a len=3
[CPU0] S31 BLE: TX opcode=202a result=3
[CPU0] S31 BLE: complete opcode=202a status=0 len=8
[CPU0] S31 BLE host: opcode=202a wait=0 status=0 ref=1
[CPU0] S31 BLE host: opcode=202a returned
[CPU0] S31 BLE host: opcode=2001 queued current=0x61408718 syswq=0x61408718
[CPU0] S31 BLE: TX opcode=2001 len=11
[CPU0] S31 BLE: TX opcode=2001 result=11
[CPU0] S31 BLE: complete opcode=2001 status=0 len=7
[CPU1] S31 BLE host: opcode=2001 wait=0 status=0 ref=1
[CPU1] S31 BLE host: opcode=2001 returned
[CPU1] S31 BLE host: opcode=0c01 queued current=0x61408718 syswq=0x61408718
[CPU0] S31 BLE: TX opcode=0c01 len=11
[CPU0] S31 BLE: TX opcode=0c01 result=11
[CPU0] S31 BLE: complete opcode=0c01 status=0 len=7
[CPU0] S31 BLE host: opcode=0c01 wait=0 status=0 ref=1
[CPU0] S31 BLE host: opcode=0c01 returned
[CPU0] S31 BLE host: allocating opcode=1009
[CPU0] S31 BLE host: opcode=1009 buffer=0x6140749c
[CPU0] S31 BLE host: opcode=1009 queued current=0x61408718 syswq=0x61408718
[CPU0] S31 BLE: TX opcode=1009 len=3
[CPU0] S31 BLE: TX opcode=1009 result=3
[CPU0] S31 BLE: complete opcode=1009 status=0 len=13
[CPU0] S31 BLE host: opcode=1009 wait=0 status=0 ref=1
[CPU0] S31 BLE host: opcode=1009 returned
[CPU0] S31 BLE host: initialization result=0
[bttool] Context:0x61801cc8, Adapter state changed: 1
[bttool] Context:0x61801cc8, Adapter state changed: 2
XTS_COMMAND=gatts register 3
gatts register 3
[bttool] register service successful, service_id: 3
bttool> XTS_COMMAND=gatts start 3
gatts start 3
[bttool] gatts add attribute table complete, handle 0x1, status:0
bttool> XTS_COMMAND=adv start -i 160 -n vela-adv-test -m legacy
adv start -i 160 -n vela-adv-test -m legac[CPU1] AdvType:(Flags)
[CPU1] AdvData: (0x618111fa):
[CPU1] 0000  0a                                               .               
[CPU1] AdvType:(Complete List of 16­bit Service Class UUIDs)
[CPU1] AdvData: (0x618111fd):
[CPU1] 0000  01 11                                            ..              
[CPU1] AdvType:(Complete List of 16­bit Service Class UUIDs)
[CPU1] AdvData: (0x61811201):
[CPU1] 0000  1e 11                                            ..              
[CPU1] AdvType:(Complete Local Name)
[CPU1] AdvData: (0x6180df4a):
[CPU1] 0000  76 65 6c 61 2d 61 64 76 2d 74 65 73 74           vela-adv-test   
[CPU1] S31 BLE host: opcode=[CPU2036 queued 0c] S31 BLE: TX opcode=2036 len=28
[CPU0] S31 BLE: TX opcode=2036 result=28
[CPU0] S31 BLuEr: rcomepnltete opcode=2036 status=0 len=8
=0 syswq=0x61408718
[CPU0] S31 BLE host: opcode=2036 wait=0 status=0 ref=1
[CPU0] S31 BLE host: opcode=2036 returned
[CPU1] S31 BLE h[oCPU0] S31 BLE: TX opcode=2037 len=18
[CPU0] S31 BLE: TX opcode=2037 result=18
[CPU0] S31 BLE:s complete opcode=2037 status=0 len=7
t: opcode=2037 queued current=0 syswq=0x61408718
[CPU0] S31 BLE host: opcode=2037 wait=0 status=0 ref=1
[CPU0] S31 BLE host: opcode=2037 returned
[CPU1] S31 BLE [hCPU0] S31 BLE: TX opcode=2038 len=22
[CPU0] S31 BLE: TX opcode=2038 result=22
[CPU0] S31 BLE:o scto:m ploetep coopcode=2038 status=0 len=7
de=2038 queued current=0 syswq=0x61408718
[CPU0] S31 BLE host: opcode=2038 wait=0 status=0 ref=1
[CPU0] S31 BLE host: opcode=2038 returned
[CPU1] S31 BLE [hCPU0] S31 BLE: TX opcode=2039 len=9
[CPU0] S31 BLE: TX opcode=2039 result=9
ost: opcode=2039 queued curre[nCtPU=0 syswq=0x6140807]1 8S3
1 BLE: complete opcode=2039 status=0 len=7
[CPU1] S31 BLE host: opcode=2039 wait=0 status=0 ref=1
[CPU1] S31 BLE host: opcode=2039 returned
y
[bttool] interval: 100.000000 ms
[bttool] adv name: vela-adv-test 
[bttool] adv type: legacy
bttool> [bttool] Advertising handle:0x6180def8
[bttool] on_advertising_start_cb, handle:0x6180def8, adv_id:1, status:0
[CPU1] S31 BLE host: opcode=2030 queued current=0x61408718 syswq=0x61408718
[CPU0] S31 BLE: TX opcode=2030 len=5
[CPU0] S31 BLE: TX opcode=2030 result=5
[CPU0] S31 BLE: complete opcode=2030 status=0 len=11
[CPU0] S31 BLE host: opcode=2030 wait=0 status=0 ref=1
[CPU0] S31 BLE host: opcode=2030 returned
[CPU0] S31 BLE host: opcode=203c queued current=0x61408718 syswq=0x61408718
[CPU0] S31 BLE: TX opcode=203c len=4
[CPU0] S31 BLE: TX opcode=203c result=4
[CPU0] S31 BLE: complete opcode=203c status=0 len=7
[CPU1] S31 BLE host: opcode=203c wait=0 status=0 ref=1
[CPU1] S31 BLE host: opcode=203c returned
[CPU1] S31 BLE host: opcode=2016 queued current=0x61408718 syswq=0x61408718
[CPU0] S31 BLE: TX opcode=2016 len=5
[CPU0] S31 BLE: TX opcode=2016 result=5
[CPU0] S31 BLE host: opcode=2016 wait=0 status=0 ref=1
[CPU1] S31 BLE host: opcode=2016 returned
[CPU0] S31 BLE: TX opcode=0c35 len=8
[CPU0] S31 BLE: TX opcode=0c35 result=8
[bttool] gatts_mtu_changed_callback, addr:A8:E2:91:97:1C:B5, mtu:20
[bttool] Device [A8:E2:91:97:1C:B5][LE] connection state: 3
[bttool] gatts_connect_callback, addr:A8:E2:91:97:1C:B5
[bttool] on_advertising_stopped_cb, handle:0x6180def8, adv_id:1
[bttool] gatts_mtu_changed_callback, addr:A8:E2:91:97:1C:B5, mtu:62
[CPU0] S31 BLE: TX opcode=0c35 len=8
[CPU0] S31 BLE: TX opcode=0c35 result=8
[CPU0] S31 BLE: TX opcode=0c35 len=8
[CPU0] S31 BLE: TX opcode=0c35 result=8
[CPU0] S31 BLE: TX opcode=0c35 len=8
[CPU0] S31 BLE: TX opcode=0c35 result=8
[CPU0] S31 BLE: TX opcode=0c35 len=8
[CPU0] S31 BLE: TX opcode=0c35 result=8
[CPU0] S31 BLE: TX opcode=0c35 len=8
[CPU0] S31 BLE: TX opcode=0c35 result=8
[CPU0] S31 BLE: TX opcode=0c35 len=8
[CPU0] S31 BLE: TX opcode=0c35 result=8
[CPU0] S31 BLE: TX opcode=0c35 len=8
[CPU0] S31 BLE: TX opcode=0c35 result=8
[CPU0] S31 BLE: TX opcode=0c35 len=8
[CPU0] S31 BLE: TX opcode=0c35 result=8
[CPU0] S31 BLE: TX opcode=0c35 len=8
[CPU0] S31 BLE: TX opcode=0c35 result=8
[CPU0] S31 BLE: TX opcode=0c35 len=8
[CPU0] S31 BLE: TX opcode=0c35 result=8
[bttool] gatts_conn_param_changed_callback, addr:A8:E2:91:97:1C:B5, interval:16, latency:0, timeout:960
[CPU0] S31 BLE: TX opcode=0c35 len=8
[CPU0] S31 BLE: TX opcode=0c35 result=8
[CPU0] S31 BLE: TX opcode=0c35 len=8
[CPU0] S31 BLE: TX opcode=0c35 result=8
[CPU0] S31 BLE: TX opcode=0c35 len=8
[CPU0] S31 BLE: TX opcode=0c35 result=8
[CPU0] S31 BLE: TX opcode=0c35 len=8
[CPU0] S31 BLE: TX opcode=0c35 result=8
[CPU0] S31 BLE: TX opcode=0c35 len=8
[CPU0] S31 BLE: TX opcode=0c35 result=8
[CPU0] S31 BLE: TX opcode=0c35 len=8
[CPU0] S31 BLE: TX opcode=0c35 result=8
[CPU0] S31 BLE: TX opcode=0c35 len=8
[CPU0] S31 BLE: TX opcode=0c35 result=8
[CPU0] S31 BLE: TX opcode=0c35 len=8
[CPU0] S31 BLE: TX opcode=0c35 result=8
[CPU0] S31 BLE: TX opcode=0c35 len=8
[CPU0] S31 BLE: TX opcode=0c35 result=8
[CPU0] S31 BLE: TX opcode=0c35 len=8
[CPU0] S31 BLE: TX opcode=0c35 result=8
[CPU0] S31 BLE: TX opcode=0c35 len=8
[CPU0] S31 BLE: TX opcode=0c35 result=8
[CPU0] S31 BLE: TX opcode=0c35 len=8
[CPU0] S31 BLE: TX opcode=0c35 result=8
[CPU0] S31 BLE: TX opcode=0c35 len=8
[CPU0] S31 BLE: TX opcode=0c35 result=8
[bttool] gatts service RX char received read request, addr:A8:E2:91:97:1C:B5
[bttool] gatts service RX char response. status: 0
[CPU0] S31 BLE: TX opcode=0c35 len=8
[CPU0] S31 BLE: T[XC opcode=PU0c35 result=18] 
write value: (0x6180d5bc):
[CPU1] 0000  53 33 31 2d 47 41 54 54 2d 31 35 31 30           S31-GATT-1510   
[bttool] gatts service RX char received write request, addr:A8:E2:91:97:1C:B5
XTS_COMMAND=gatts stop 3
gatts stop 3
bttool> XTS_COMMAND=gatts unregister 3
[bttool] gatts remove attribute table complete, handle 0x1, status:0
gatts unregister 3
bttool> [bttool] unregister service suXTS_COMMAND=disable
ccessful, service_id: 3
disable
bttool> [CPU1] S31 BLE host: opcode=0406 que[uCePUd current=0] S31 BLE:0 TX opcode=0406 len=6
[CPU0] S31 BLE: TX opcode=0406 result=6
 syswq=0x61408718
[CPU1] S31 BLE host: opcode=0406 wait=0 status=0 ref=1
[CPU0] S31 BLE host: opcode=0406 returned
[bttool] Device [A8:E2:91:97:1C:B5][LE] connection state: 0
[CPU0] S31 BLE host: allocating opcode=0c03
[CPU0] S31 BLE host: opcode=0c03 buffer=0x6140749c
[CPU1] S31 BLE h[oCsPUt: opcode=0] S31 B0LE: TX opcode=0c03 len=3
[CPU0] S31 BLE: TX opcode=0c03 result=3
c03 queued c[uCPU0] S31 BLE: complete opcode=0c03 status=0 len=7
rrent=0 syswq=0x61408718
[CPU0] S31 BLE host: opcode=0c03 wait=0 status=0 ref=1
[CPU0] S31 BLE host: opcode=0c03 returned
[bttool] Context:0x61801cc8, Adapter state changed: 6
[bttool] Context:0x61801cc8, Adapter state changed: 0
XTS_COMMAND=quit
quit
[CPU0] [async_queue:138]uv_async_queue_close
nsh> [K{"status": "GATT_READS_AND_WRITE_CALLBACK_VERIFIED", "scope": "DEVELOPMENT_DIAGNOSTIC_NOT_XTS_PASS", "receipt": "/home/regex/work/esp32s31-openvela/backups/2026-09-10-scan-stress/build1543-ble-kernel-stack-min.sha256", "host_log": "/home/regex/work/esp32s31-openvela/backups/2026-09-10-scan-stress/logs/host1544-ble-observation.log", "board_payload_review": "EXACT_13_BYTES_VERIFIED", "cleanup": "SERVICE_UNREGISTERED_BLE_DISABLED_TOOL_EXITED"}
