before-a.bin: OK
before-b.bin: OK
WIFI_ARTIFACT_CONFIG=PASS booleans=1754 protocol=7
+ /home/regex/.espressif/python_env/idf6.1_py3.10_env/bin/esptool --chip esp32s31 --port /dev/serial/by-id/usb-Silicon_Labs_CP2102N_USB_to_UART_Bridge_Controller_f65e4ef67f71f011975a049f1045c30f-if00-port0 --baud 460800 write-flash --flash-size 16MB --flash-mode dio --flash-freq 80m 0x2000 /home/regex/work/esp32s31-openvela/openvela-dev/out/esp32s31-wifi1078/nuttx.bin 0x200000 /home/regex/work/esp32s31-openvela/openvela-dev/out/esp32s31-wifi1078/appfs.img
esptool v5.4.0
Serial port /dev/serial/by-id/usb-Silicon_Labs_CP2102N_USB_to_UART_Bridge_Controller_f65e4ef67f71f011975a049f1045c30f-if00-port0:
Connecting....
Connected to ESP32-S31 on /dev/serial/by-id/usb-Silicon_Labs_CP2102N_USB_to_UART_Bridge_Controller_f65e4ef67f71f011975a049f1045c30f-if00-port0:
Chip type:          ESP32-S31 (revision v0.0)
Features:           Wi-Fi 6, BT 5.4 (LE), IEEE802.15.4, Dual Core + LP Core, 300MHz
Crystal frequency:  40MHz
MAC:                30:ed:a0:f3:f7:b0

Uploading stub flasher...
Running stub flasher...
Stub flasher running.
Changing baud rate to 460800...
Changed.

Configuring flash size...

Writing '/home/regex/work/esp32s31-openvela/openvela-dev/out/esp32s31-wifi1078/nuttx.bin' at 0x00002000...
SHA digest in image updated.
Flash will be erased from 0x00002000 to 0x00120fff...
Compressed 1174060 bytes to 650442...
Writing at 0x00007d39 ╸                                2.5% 16.00kB/635.20kB [0s] 
Writing at 0x0000debe ━╸                               5.0% 32.00kB/635.20kB [0s] 
Writing at 0x00015885 ━━                               7.6% 48.00kB/635.20kB [1s] 
Writing at 0x0002a221 ━━━                             10.1% 64.00kB/635.20kB [1s] 
Writing at 0x000306b8 ━━━╸                            12.6% 80.00kB/635.20kB [2s] 
Writing at 0x00034e1d ━━━━╸                           15.1% 96.00kB/635.20kB [2s] 
Writing at 0x0003ff27 ━━━━━                           17.6% 112.00kB/635.20kB [3s] 
Writing at 0x000550dc ━━━━━━                          20.2% 128.00kB/635.20kB [3s] 
Writing at 0x0005b4cd ━━━━━━╸                         22.7% 144.00kB/635.20kB [3s] 
Writing at 0x00061fd8 ━━━━━━━╸                        25.2% 160.00kB/635.20kB [4s] 
Writing at 0x0006a71a ━━━━━━━━                        27.7% 176.00kB/635.20kB [4s] 
Writing at 0x000728b0 ━━━━━━━━━                       30.2% 192.00kB/635.20kB [5s] 
Writing at 0x0007a07e ━━━━━━━━━╸                      32.7% 208.00kB/635.20kB [5s] 
Writing at 0x000811ce ━━━━━━━━━━╸                     35.3% 224.00kB/635.20kB [5s] 
Writing at 0x00087774 ━━━━━━━━━━━                     37.8% 240.00kB/635.20kB [6s] 
Writing at 0x0008d7c0 ━━━━━━━━━━━━                    40.3% 256.00kB/635.20kB [6s] 
Writing at 0x000934e7 ━━━━━━━━━━━━╸                   42.8% 272.00kB/635.20kB [7s] 
Writing at 0x00098af6 ━━━━━━━━━━━━━╸                  45.3% 288.00kB/635.20kB [7s] 
Writing at 0x0009e51d ━━━━━━━━━━━━━━                  47.9% 304.00kB/635.20kB [8s] 
Writing at 0x000a4086 ━━━━━━━━━━━━━━━                 50.4% 320.00kB/635.20kB [8s] 
Writing at 0x000a9ffb ━━━━━━━━━━━━━━━╸                52.9% 336.00kB/635.20kB [8s] 
Writing at 0x000b19a4 ━━━━━━━━━━━━━━━━╸               55.4% 352.00kB/635.20kB [9s] 
Writing at 0x000ba13a ━━━━━━━━━━━━━━━━━               57.9% 368.00kB/635.20kB [9s] 
Writing at 0x000c090e ━━━━━━━━━━━━━━━━━━              60.5% 384.00kB/635.20kB [10s] 
Writing at 0x000c65b7 ━━━━━━━━━━━━━━━━━━╸             63.0% 400.00kB/635.20kB [10s] 
Writing at 0x000ccd14 ━━━━━━━━━━━━━━━━━━━╸            65.5% 416.00kB/635.20kB [10s] 
Writing at 0x000d36dc ━━━━━━━━━━━━━━━━━━━━            68.0% 432.00kB/635.20kB [11s] 
Writing at 0x000d9607 ━━━━━━━━━━━━━━━━━━━━━           70.5% 448.00kB/635.20kB [11s] 
Writing at 0x000df20d ━━━━━━━━━━━━━━━━━━━━━╸          73.0% 464.00kB/635.20kB [12s] 
Writing at 0x000e5576 ━━━━━━━━━━━━━━━━━━━━━━╸         75.6% 480.00kB/635.20kB [12s] 
Writing at 0x000ebd9b ━━━━━━━━━━━━━━━━━━━━━━━         78.1% 496.00kB/635.20kB [12s] 
Writing at 0x000f2022 ━━━━━━━━━━━━━━━━━━━━━━━━        80.6% 512.00kB/635.20kB [13s] 
Writing at 0x000f7f11 ━━━━━━━━━━━━━━━━━━━━━━━━╸       83.1% 528.00kB/635.20kB [13s] 
Writing at 0x000fdfa7 ━━━━━━━━━━━━━━━━━━━━━━━━━╸      85.6% 544.00kB/635.20kB [14s] 
Writing at 0x00103ddc ━━━━━━━━━━━━━━━━━━━━━━━━━━      88.2% 560.00kB/635.20kB [14s] 
Writing at 0x00109e5e ━━━━━━━━━━━━━━━━━━━━━━━━━━━     90.7% 576.00kB/635.20kB [14s] 
Writing at 0x001101c0 ━━━━━━━━━━━━━━━━━━━━━━━━━━━╸    93.2% 592.00kB/635.20kB [15s] 
Writing at 0x0011692c ━━━━━━━━━━━━━━━━━━━━━━━━━━━━╸   95.7% 608.00kB/635.20kB [15s] 
Writing at 0x0011c7de ━━━━━━━━━━━━━━━━━━━━━━━━━━━━━   98.2% 624.00kB/635.20kB [16s] 
Writing at 0x00120a2c ━━━━━━━━━━━━━━━━━━━━━━━━━━━━━━ 100.0% 635.20kB/635.20kB [16s] 
Wrote 1174060 bytes (650442 compressed) at 0x00002000 in 14.3 seconds (657.4 kbit/s).
Verifying written data...
Hash of data verified.

Writing '/home/regex/work/esp32s31-openvela/openvela-dev/out/esp32s31-wifi1078/appfs.img' at 0x00200000...
Flash will be erased from 0x00200000 to 0x0043dfff...
Compressed 2348032 bytes to 1381267...
Writing at 0x002073e6                                  1.2% 16.00kB/1.32MB [0s] 
Writing at 0x0020cc41 ╸                                2.4% 32.00kB/1.32MB [0s] 
Writing at 0x00213da2 ━                                3.6% 48.00kB/1.32MB [1s] 
Writing at 0x0021d78c ━                                4.7% 64.00kB/1.32MB [1s] 
Writing at 0x0022351e ━╸                               5.9% 80.00kB/1.32MB [1s] 
Writing at 0x00229442 ━━                               7.1% 96.00kB/1.32MB [2s] 
Writing at 0x0022efe9 ━━                               8.3% 112.00kB/1.32MB [2s] 
Writing at 0x00234d90 ━━╸                              9.5% 128.00kB/1.32MB [3s] 
Writing at 0x0023af00 ━━━                             10.7% 144.00kB/1.32MB [3s] 
Writing at 0x002417a3 ━━━╸                            11.9% 160.00kB/1.32MB [3s] 
Writing at 0x00247208 ━━━╸                            13.0% 176.00kB/1.32MB [4s] 
Writing at 0x0024c53c ━━━━                            14.2% 192.00kB/1.32MB [4s] 
Writing at 0x002522f0 ━━━━╸                           15.4% 208.00kB/1.32MB [5s] 
Writing at 0x00258768 ━━━━╸                           16.6% 224.00kB/1.32MB [5s] 
Writing at 0x0025e39c ━━━━━                           17.8% 240.00kB/1.32MB [5s] 
Writing at 0x002643a8 ━━━━━╸                          19.0% 256.00kB/1.32MB [6s] 
Writing at 0x0026a229 ━━━━━━                          20.2% 272.00kB/1.32MB [6s] 
Writing at 0x00270051 ━━━━━━                          21.4% 288.00kB/1.32MB [7s] 
Writing at 0x00275b59 ━━━━━━╸                         22.5% 304.00kB/1.32MB [7s] 
Writing at 0x0027d3f1 ━━━━━━━                         23.7% 320.00kB/1.32MB [7s] 
Writing at 0x002892ce ━━━━━━━                         24.9% 336.00kB/1.32MB [8s] 
Writing at 0x00293dfd ━━━━━━━╸                        26.1% 352.00kB/1.32MB [8s] 
Writing at 0x002a1c35 ━━━━━━━━                        27.3% 368.00kB/1.32MB [9s] 
Writing at 0x002ab3e1 ━━━━━━━━╸                       28.5% 384.00kB/1.32MB [9s] 
Writing at 0x002b4812 ━━━━━━━━╸                       29.7% 400.00kB/1.32MB [9s] 
Writing at 0x002bde6d ━━━━━━━━━                       30.8% 416.00kB/1.32MB [10s] 
Writing at 0x002c4882 ━━━━━━━━━╸                      32.0% 432.00kB/1.32MB [10s] 
Writing at 0x002c9cff ━━━━━━━━━╸                      33.2% 448.00kB/1.32MB [11s] 
Writing at 0x002cf746 ━━━━━━━━━━                      34.4% 464.00kB/1.32MB [11s] 
Writing at 0x002d5098 ━━━━━━━━━━╸                     35.6% 480.00kB/1.32MB [11s] 
Writing at 0x002da9f2 ━━━━━━━━━━━                     36.8% 496.00kB/1.32MB [12s] 
Writing at 0x002e06e4 ━━━━━━━━━━━                     38.0% 512.00kB/1.32MB [12s] 
Writing at 0x002e5e5f ━━━━━━━━━━━╸                    39.1% 528.00kB/1.32MB [13s] 
Writing at 0x002eba1c ━━━━━━━━━━━━                    40.3% 544.00kB/1.32MB [13s] 
Writing at 0x002f15ea ━━━━━━━━━━━━                    41.5% 560.00kB/1.32MB [14s] 
Writing at 0x002f7034 ━━━━━━━━━━━━╸                   42.7% 576.00kB/1.32MB [14s] 
Writing at 0x002fc814 ━━━━━━━━━━━━━                   43.9% 592.00kB/1.32MB [14s] 
Writing at 0x0030237b ━━━━━━━━━━━━━╸                  45.1% 608.00kB/1.32MB [15s] 
Writing at 0x00307a8c ━━━━━━━━━━━━━╸                  46.3% 624.00kB/1.32MB [15s] 
Writing at 0x0030d700 ━━━━━━━━━━━━━━                  47.4% 640.00kB/1.32MB [16s] 
Writing at 0x003137ee ━━━━━━━━━━━━━━╸                 48.6% 656.00kB/1.32MB [16s] 
Writing at 0x00319767 ━━━━━━━━━━━━━━╸                 49.8% 672.00kB/1.32MB [16s] 
Writing at 0x0031f7c4 ━━━━━━━━━━━━━━━                 51.0% 688.00kB/1.32MB [17s] 
Writing at 0x00324c2e ━━━━━━━━━━━━━━━╸                52.2% 704.00kB/1.32MB [17s] 
Writing at 0x0032a33e ━━━━━━━━━━━━━━━━                53.4% 720.00kB/1.32MB [18s] 
Writing at 0x0032fd4d ━━━━━━━━━━━━━━━━                54.6% 736.00kB/1.32MB [18s] 
Writing at 0x003359cd ━━━━━━━━━━━━━━━━╸               55.7% 752.00kB/1.32MB [18s] 
Writing at 0x0033b846 ━━━━━━━━━━━━━━━━━               56.9% 768.00kB/1.32MB [19s] 
Writing at 0x0034100c ━━━━━━━━━━━━━━━━━               58.1% 784.00kB/1.32MB [19s] 
Writing at 0x003489c5 ━━━━━━━━━━━━━━━━━╸              59.3% 800.00kB/1.32MB [20s] 
Writing at 0x0035413a ━━━━━━━━━━━━━━━━━━              60.5% 816.00kB/1.32MB [20s] 
Writing at 0x0035f32e ━━━━━━━━━━━━━━━━━━╸             61.7% 832.00kB/1.32MB [20s] 
Writing at 0x00365d78 ━━━━━━━━━━━━━━━━━━╸             62.9% 848.00kB/1.32MB [21s] 
Writing at 0x0036cf1d ━━━━━━━━━━━━━━━━━━━             64.1% 864.00kB/1.32MB [21s] 
Writing at 0x00373afd ━━━━━━━━━━━━━━━━━━━╸            65.2% 880.00kB/1.32MB [22s] 
Writing at 0x0037998f ━━━━━━━━━━━━━━━━━━━╸            66.4% 896.00kB/1.32MB [22s] 
Writing at 0x0037fe1e ━━━━━━━━━━━━━━━━━━━━            67.6% 912.00kB/1.32MB [22s] 
Writing at 0x0038660a ━━━━━━━━━━━━━━━━━━━━╸           68.8% 928.00kB/1.32MB [23s] 
Writing at 0x0038c280 ━━━━━━━━━━━━━━━━━━━━╸           70.0% 944.00kB/1.32MB [23s] 
Writing at 0x0039145f ━━━━━━━━━━━━━━━━━━━━━           71.2% 960.00kB/1.32MB [24s] 
Writing at 0x0039ba0d ━━━━━━━━━━━━━━━━━━━━━╸          72.4% 976.00kB/1.32MB [24s] 
Writing at 0x003a4135 ━━━━━━━━━━━━━━━━━━━━━━          73.5% 992.00kB/1.32MB [24s] 
Writing at 0x003adc4e ━━━━━━━━━━━━━━━━━━━━━━          74.7% 1008.00kB/1.32MB [25s] 
Writing at 0x003b3bb4 ━━━━━━━━━━━━━━━━━━━━━━╸         75.9% 1.00MB/1.32MB [25s] 
Writing at 0x003b9b22 ━━━━━━━━━━━━━━━━━━━━━━━         77.1% 1.02MB/1.32MB [26s] 
Writing at 0x003bf140 ━━━━━━━━━━━━━━━━━━━━━━━         78.3% 1.03MB/1.32MB [26s] 
Writing at 0x003c5d86 ━━━━━━━━━━━━━━━━━━━━━━━╸        79.5% 1.05MB/1.32MB [26s] 
Writing at 0x003cd8f6 ━━━━━━━━━━━━━━━━━━━━━━━━        80.7% 1.06MB/1.32MB [27s] 
Writing at 0x003d37e1 ━━━━━━━━━━━━━━━━━━━━━━━━╸       81.8% 1.08MB/1.32MB [27s] 
Writing at 0x003dbf3d ━━━━━━━━━━━━━━━━━━━━━━━━╸       83.0% 1.09MB/1.32MB [28s] 
Writing at 0x003e2a81 ━━━━━━━━━━━━━━━━━━━━━━━━━       84.2% 1.11MB/1.32MB [28s] 
Writing at 0x003e8960 ━━━━━━━━━━━━━━━━━━━━━━━━━╸      85.4% 1.12MB/1.32MB [28s] 
Writing at 0x003ef5df ━━━━━━━━━━━━━━━━━━━━━━━━━╸      86.6% 1.14MB/1.32MB [29s] 
Writing at 0x003f69cc ━━━━━━━━━━━━━━━━━━━━━━━━━━      87.8% 1.16MB/1.32MB [29s] 
Writing at 0x003fde3d ━━━━━━━━━━━━━━━━━━━━━━━━━━╸     89.0% 1.17MB/1.32MB [30s] 
Writing at 0x00405c33 ━━━━━━━━━━━━━━━━━━━━━━━━━━━     90.1% 1.19MB/1.32MB [30s] 
Writing at 0x0040c203 ━━━━━━━━━━━━━━━━━━━━━━━━━━━     91.3% 1.20MB/1.32MB [30s] 
Writing at 0x00413659 ━━━━━━━━━━━━━━━━━━━━━━━━━━━╸    92.5% 1.22MB/1.32MB [31s] 
Writing at 0x0041bae9 ━━━━━━━━━━━━━━━━━━━━━━━━━━━━    93.7% 1.23MB/1.32MB [31s] 
Writing at 0x00421fd2 ━━━━━━━━━━━━━━━━━━━━━━━━━━━━    94.9% 1.25MB/1.32MB [32s] 
Writing at 0x00427ef4 ━━━━━━━━━━━━━━━━━━━━━━━━━━━━╸   96.1% 1.27MB/1.32MB [32s] 
Writing at 0x0042de78 ━━━━━━━━━━━━━━━━━━━━━━━━━━━━━   97.3% 1.28MB/1.32MB [32s] 
Writing at 0x0043342c ━━━━━━━━━━━━━━━━━━━━━━━━━━━━━╸  98.5% 1.30MB/1.32MB [33s] 
Writing at 0x0043a09e ━━━━━━━━━━━━━━━━━━━━━━━━━━━━━╸  99.6% 1.31MB/1.32MB [33s] 
Writing at 0x0043d400 ━━━━━━━━━━━━━━━━━━━━━━━━━━━━━━ 100.0% 1.32MB/1.32MB [33s] 
Wrote 2348032 bytes (1381267 compressed) at 0x00200000 in 31.4 seconds (598.8 kbit/s).
Verifying written data...
Hash of data verified.

Hard resetting via RTS pin...
