cat /dev/s31stat
MONIRQ: cpu=0 defer=63199 replay=63199 ack=69975 drop=0 pending=0x0 sreplay=14
MONLAT: scope=monitor_to_wifi_cb units=cycles cpu=0 input=1 last=1045 max=24568481 samples=12629 over32=6724 over100=5698 over1000=1698 sum=1628995108 direct=237 directmax=30341 deferred=12392 deferredmax=24568481
MONIRQ: cpu=1 defer=21037 replay=21037 ack=21357 drop=0 pending=0x0 sreplay=1
MONLAT: scope=monitor_to_wifi_cb units=cycles cpu=1 input=1 last=0 max=0 samples=0 over32=0 over100=0 over1000=0 sum=0 direct=0 directmax=0 deferred=0 deferredmax=0
ADDRENV: created=8 fail=0 destroyed=7 live=1 livemax=2 pages=1098 pgt=28
WIFIRX: callbacks=13422
WIFIQ: lifetimes=1 untracked=0
WIFIQ: slot=0 active=1 depth=200 size=8 try0=11682 fail0=0
TCPSYNACK: seen=0 queued=0 nomem=0 error=0 badip=0 badtcp=0
TXDONE: total=10 fail=0 invalid=0 nonarp=10
TXSHAPE: snap=10 arphdr=5 arpfail=0 offset=34 len=58
ARPREQ: seen=0 baddst=0 badsrc=0 badsha=0 badspa=0 badtha=0
ARPDIAG: dir=0 frames=5 bad=0 req=0 reply=5 peer=1 peerreply=1 lastlen=44 srcdiff=0 ok=5 drop=0
ARPDIAG: dir=1 frames=21 bad=0 req=21 reply=0 peer=5 peerreply=0 lastlen=44 srcdiff=0 ok=21 drop=0
ARPDIAG: dir=2 frames=0 bad=0 req=0 reply=0 peer=0 peerreply=0 lastlen=0 srcdiff=0 ok=0 drop=0
WAIT: pid=2 object=0x2f018bd4
LPTRACE: 0x2f00c73e
WAIT: pid=4 object=0x2f018c2c
WAIT: pid=5 object=0x2f029194
nsh> [Kifconfig
wlan0	Link encap:Ethernet HWaddr 30:ed:a0:f3:f7:b0 at DOWN mtu 1500
	inet addr:192.168.1.60 DRaddr:192.168.1.1 Mask:255.255.255.0

	RX: Received Fragment Errors   Bytes   
	    00003468 00000000 00000000 1348fb5         
	    IPv4     ARP      Dropped 
	    00000000 00000000 00000006
	TX: Queued   Sent     Errors   Timeouts Bytes   
	    00000008 0000000a 00000000 00000000 3e9              
	Total Errors: 00000000

             IPv4   TCP   UDP  ICMP
Received     3453  0000  344c  0000
Dropped      0007  0000  0372  0000
  IPv4        VHL: 0000   Frg: 0000
  Checksum   0000  0000  0000  0000
  TCP         ACK: 0000   SYN: 0000
              RST: 0000  0000
              HDR: 0000
  Type       0000  ----  ----  0000
Sent         0003  0000  0003  0000
  Rexmit     ----  0000  ----  ----
nsh> [K