--- CMD: ps ---
ps
  PID GROUP CPU(AFFINITY)   PRI POLICY   TYPE    NPX STATE    EVENT     SIGMASK            STACK COMMAND
    0     0 000(0x00000003)   0 FIFO     Kthread   - Assigned           0000000000000000 0003024 CPU0 IDLE
    1     0 001(0x00000003)   0 FIFO     Kthread   - Running            0000000000000000 0003024 CPU1 IDLE
    2     0 ---(0x00000003) 100 RR       Kthread   - Waiting  Semaphore 0000000000000000 0001952 lpwork 0x2f018bc0 0x2f018c0c
    4     0 ---(0x00000003) 223 RR       Kthread   - Waiting  Semaphore 0000000000000000 0001968 hr_timer
    5     0 ---(0x00000001) 124 RR       Kthread   - Waiting  Semaphore 0000000000000000 0004016 ble_ctrl
    6     0 ---(0x00000001) 253 RR       Kthread   - Waiting  MQ empty  0000000000000000 0003520 wifi
    7     7 000(0x00000003) 101 RR       Task      - Running            0000000000000000 0004016 /system/bin/init
nsh> [K
nsh> [K
--- CMD: wapi show wlan0 ---
wapi show wlan0
wlan0 Configuration:
       IP: 192.168.1.60
  NetMask: 255.255.255.0
Frequency: 2462
     Flag: WAPI_FREQ_FIXED
  Channel: 11
Frequency: 2462
    ESSID: Kal'tsit
     Flag: WAPI_ESSID_ON
     Mode: WAPI_MODE_MANAGED
       AP: 60:ce:41:ab:02:d0
  BitRate: 72
     Flag: WAPI_BITRATE_FIXED
  TxPower: 20
     Flag: WAPI_TXPOWER_DBM
    Sense: -67
  Country: 01
 PTA prio: not supported
nsh> [K
nsh> [K
--- CMD: ifconfig ---
ifconfig
wlan0	Link encap:Ethernet HWaddr 30:ed:a0:f3:f7:b0 at RUNNING mtu 1500
	inet addr:192.168.1.60 DRaddr:192.168.1.1 Mask:255.255.255.0

	RX: Received Fragment Errors   Bytes   
	    000a0f71 00000000 00000000 3ab210c7        
	    IPv4     ARP      Dropped 
	    00000000 00000000 0002f1db
	TX: Queued   Sent     Errors   Timeouts Bytes   
	    0001b757 0001b75e 00000000 00000000 7a41911          
	Total Errors: 00000000

             IPv4   TCP   UDP  ICMP
Received     fc29  b033  4703  0393
Dropped      0160  0000  0000  0000
  IPv4        VHL: 0000   Frg: 0000
  Checksum   0000  0000  0000  0000
  TCP         ACK: 0000   SYN: 0000
              RST: 0000  0000
              HDR: 0000
  Type       0000  ----  ----  0000
Sent         b423  6965  472b  0393
  Rexmit     ----  0000  ----  ----
nsh> [K
nsh> [K
--- CMD: arp -a ---
arp -a
nsh: arp: missing required argument(s)
nsh> [K
nsh> [K
