--- CMD: ifconfig ---
ifconfig
wlan0	Link encap:Ethernet HWaddr 30:ed:a0:f3:f7:b0 at RUNNING mtu 1500
	inet addr:192.168.1.60 DRaddr:192.168.1.1 Mask:255.255.255.0

	RX: Received Fragment Errors   Bytes   
	    000a1007 00000000 00000000 3ab273d7        
	    IPv4     ARP      Dropped 
	    00000000 00000000 0002f1db
	TX: Queued   Sent     Errors   Timeouts Bytes   
	    0001b775 0001b77c 00000000 00000000 7a421ed          
	Total Errors: 00000000

             IPv4   TCP   UDP  ICMP
Received     fc6f  b033  4733  03a5
Dropped      0164  0000  0000  0000
  IPv4        VHL: 0000   Frg: 0000
  Checksum   0000  0000  0000  0000
  TCP         ACK: 0000   SYN: 0000
              RST: 0000  0000
              HDR: 0000
  Type       0000  ----  ----  0000
Sent         b438  6965  472b  03a8
  Rexmit     ----  0000  ----  ----
nsh> [K
nsh> [K
--- CMD: cat /proc/uptime ---
cat /proc/uptime
  10530.58
nsh> [K
nsh> [K
--- CMD: iperf2 -c 192.168.1.29 -i 1 -p 5004 -t 20 -u -b 40M > /tmp/y & ---
iperf2 -c 192.168.1.29 -i 1 -p 5004 -t 20 -u -b 40M > /tmp/y &
iperf2 [72:101]
nsh> [K
nsh> [K
--- CMD: ps ---
ps
  PID GROUP CPU(AFFINITY)   PRI POLICY   TYPE    NPX STATE    EVENT     SIGMASK            STACK COMMAND
    0     0 000(0x00000003)   0 FIFO     Kthread   - Assigned           0000000000000000 0003024 CPU0 IDLE
    1     0 001(0x00000003)   0 FIFO     Kthread   - Assigned           0000000000000000 0003024 CPU1 IDLE
    2     0 000(0x00000003) 100 RR       Kthread   - Waiting  Mutex:74  0000000000000000 0001952 lpwork 0x2f018bc0 0x2f018c0c
    4     0 ---(0x00000003) 223 RR       Kthread   - Waiting  Semaphore 0000000000000000 0001968 hr_timer
    5     0 ---(0x00000001) 124 RR       Kthread   - Waiting  Semaphore 0000000000000000 0004016 ble_ctrl
    6     0 ---(0x00000001) 253 RR       Kthread   - Waiting  MQ empty  0000000000000000 0003520 wifi
    7     7 001(0x00000003) 101 RR       Task      - Running            0000000000000000 0004016 /system/bin/init
   72    72 ---(0x00000003) 100 RR       Task      - Waiting  Semaphore 0000000000000000 0008032 iperf2 -c 192.168.1.29 -i 1 -p 5004 -t 20 -u -b 40M
   73    72 ---(0x00000003) 101 RR       pthread   - Waiting  Signal    0000000000000000 0008144 iperf2 0x6100d684 0x61800dd0
   74    72 ---(0x00000003) 100 RR       pthread   - Ready              0000000000000000 0008144 iperf2 0x6100d684 0x61800550
nsh> [K
nsh> [K
--- CMD: ps ---
ps
  PID GROUP CPU(AFFINITY)   PRI POLICY   TYPE    NPX STATE    EVENT     SIGMASK            STACK COMMAND
    0     0 000(0x00000003)   0 FIFO     Kthread   - Assigned           0000000000000000 0003024 CPU0 IDLE
    1     0 001(0x00000003)   0 FIFO     Kthread   - Assigned           0000000000000000 0003024 CPU1 IDLE
    2     0 ---(0x00000003) 100 RR       Kthread   - Waiting  Mutex:74  0000000000000000 0001952 lpwork 0x2f018bc0 0x2f018c0c
    4     0 ---(0x00000003) 223 RR       Kthread   - Waiting  Semaphore 0000000000000000 0001968 hr_timer
    5     0 ---(0x00000001) 124 RR       Kthread   - Waiting  Semaphore 0000000000000000 0004016 ble_ctrl
    6     0 ---(0x00000001) 253 RR       Kthread   - Waiting  MQ empty  0000000000000000 0003520 wifi
    7     7 001(0x00000003) 101 RR       Task      - Running            0000000000000000 0004016 /system/bin/init
   72    72 ---(0x00000003) 100 RR       Task      - Waiting  Semaphore 0000000000000000 0008032 iperf2 -c 192.168.1.29 -i 1 -p 5004 -t 20 -u -b 40M
   73    72 ---(0x00000003) 101 RR       pthread   - Waiting  Signal    0000000000000000 0008144 iperf2 0x6100d684 0x61800dd0
   74    72 ---(0x00000003) 100 RR       pthread   - Ready              0000000000000000 0008144 iperf2 0x6100d684 0x61800550
nsh> [K
nsh> [K
--- CMD: ps ---
ps
  PID GROUP CPU(AFFINITY)   PRI POLICY   TYPE    NPX STATE    EVENT     SIGMASK            STACK COMMAND
    0     0 000(0x00000003)   0 FIFO     Kthread   - Assigned           0000000000000000 0003024 CPU0 IDLE
    1     0 001(0x00000003)   0 FIFO     Kthread   - Assigned           0000000000000000 0003024 CPU1 IDLE
    2     0 ---(0x00000003) 100 RR       Kthread   - Ready              0000000000000000 0001952 lpwork 0x2f018bc0 0x2f018c0c
    4     0 ---(0x00000003) 223 RR       Kthread   - Waiting  Semaphore 0000000000000000 0001968 hr_timer
    5     0 ---(0x00000001) 124 RR       Kthread   - Waiting  Semaphore 0000000000000000 0004016 ble_ctrl
    6     0 ---(0x00000001) 253 RR       Kthread   - Waiting  MQ empty  0000000000000000 0003520 wifi
    7     7 001(0x00000003) 101 RR       Task      - Running            0000000000000000 0004016 /system/bin/init
   72    72 ---(0x00000003) 100 RR       Task      - Waiting  Semaphore 0000000000000000 0008032 iperf2 -c 192.168.1.29 -i 1 -p 5004 -t 20 -u -b 40M
   73    72 ---(0x00000003) 101 RR       pthread   - Waiting  Signal    0000000000000000 0008144 iperf2 0x6100d684 0x61800dd0
   74    72 ---(0x00000003) 100 RR       pthread   - Running            0000000000000000 0008144 iperf2 0x6100d684 0x61800550
nsh> [K
nsh> [K
--- CMD: ps ---
ps
  PID GROUP CPU(AFFINITY)   PRI POLICY   TYPE    NPX STATE    EVENT     SIGMASK            STACK COMMAND
    0     0 000(0x00000003)   0 FIFO     Kthread   - Assigned           0000000000000000 0003024 CPU0 IDLE
    1     0 001(0x00000003)   0 FIFO     Kthread   - Assigned           0000000000000000 0003024 CPU1 IDLE
    2     0 000(0x00000003) 100 RR       Kthread   - Running            0000000000000000 0001952 lpwork 0x2f018bc0 0x2f018c0c
    4     0 ---(0x00000003) 223 RR       Kthread   - Waiting  Semaphore 0000000000000000 0001968 hr_timer
    5     0 ---(0x00000001) 124 RR       Kthread   - Waiting  Semaphore 0000000000000000 0004016 ble_ctrl
    6     0 000(0x00000001) 253 RR       Kthread   - Running            0000000000000000 0003520 wifi
    7     7 000(0x00000003) 101 RR       Task      - Running            0000000000000000 0004016 /system/bin/init
   72    72 ---(0x00000003) 100 RR       Task      - Waiting  Semaphore 0000000000000000 0008032 iperf2 -c 192.168.1.29 -i 1 -p 5004 -t 20 -u -b 40M
   73    72 ---(0x00000003) 101 RR       pthread   - Waiting  Signal    0000000000000000 0008144 iperf2 0x6100d684 0x61800dd0
   74    72 000(0x00000003) 100 RR       pthread   - Running            0000000000000000 0008144 iperf2 0x6100d684 0x61800550
nsh> [K
nsh> [K
--- CMD: ps ---
ps
  PID GROUP CPU(AFFINITY)   PRI POLICY   TYPE    NPX STATE    EVENT     SIGMASK            STACK COMMAND
    0     0 000(0x00000003)   0 FIFO     Kthread   - Assigned           0000000000000000 0003024 CPU0 IDLE
    1     0 001(0x00000003)   0 FIFO     Kthread   - Assigned           0000000000000000 0003024 CPU1 IDLE
    2     0 ---(0x00000003) 100 RR       Kthread   - Ready              0000000000000000 0001952 lpwork 0x2f018bc0 0x2f018c0c
    4     0 ---(0x00000003) 223 RR       Kthread   - Waiting  Semaphore 0000000000000000 0001968 hr_timer
    5     0 ---(0x00000001) 124 RR       Kthread   - Waiting  Semaphore 0000000000000000 0004016 ble_ctrl
    6     0 ---(0x00000001) 253 RR       Kthread   - Waiting  MQ empty  0000000000000000 0003520 wifi
    7     7 000(0x00000003) 101 RR       Task      - Running            0000000000000000 0004016 /system/bin/init
   72    72 ---(0x00000003) 100 RR       Task      - Waiting  Semaphore 0000000000000000 0008032 iperf2 -c 192.168.1.29 -i 1 -p 5004 -t 20 -u -b 40M
   73    72 ---(0x00000003) 101 RR       pthread   - Waiting  Signal    0000000000000000 0008144 iperf2 0x6100d684 0x61800dd0
   74    72 000(0x00000003) 100 RR       pthread   - Running            0000000000000000 0008144 iperf2 0x6100d684 0x61800550
nsh> [K
nsh> [K
--- CMD: ps ---
ps
  PID GROUP CPU(AFFINITY)   PRI POLICY   TYPE    NPX STATE    EVENT     SIGMASK            STACK COMMAND
    0     0 000(0x00000003)   0 FIFO     Kthread   - Assigned           0000000000000000 0003024 CPU0 IDLE
    1     0 001(0x00000003)   0 FIFO     Kthread   - Assigned           0000000000000000 0003024 CPU1 IDLE
    2     0 000(0x00000003) 100 RR       Kthread   - Running            0000000000000000 0001952 lpwork 0x2f018bc0 0x2f018c0c
    4     0 ---(0x00000003) 223 RR       Kthread   - Waiting  Semaphore 0000000000000000 0001968 hr_timer
    5     0 ---(0x00000001) 124 RR       Kthread   - Waiting  Semaphore 0000000000000000 0004016 ble_ctrl
    6     0 ---(0x00000001) 253 RR       Kthread   - Waiting  MQ empty  0000000000000000 0003520 wifi
    7     7 001(0x00000003) 101 RR       Task      - Running            0000000000000000 0004016 /system/bin/init
   72    72 ---(0x00000003) 100 RR       Task      - Waiting  Semaphore 0000000000000000 0008032 iperf2 -c 192.168.1.29 -i 1 -p 5004 -t 20 -u -b 40M
   73    72 ---(0x00000003) 101 RR       pthread   - Waiting  Signal    0000000000000000 0008144 iperf2 0x6100d684 0x61800dd0
   74    72 000(0x00000003) 100 RR       pthread   - Running            0000000000000000 0008144 iperf2 0x6100d684 0x61800550
nsh> [K
nsh> [K
--- CMD: ps ---
ps
  PID GROUP CPU(AFFINITY)   PRI POLICY   TYPE    NPX STATE    EVENT     SIGMASK            STACK COMMAND
    0     0 000(0x00000003)   0 FIFO     Kthread   - Assigned           0000000000000000 0003024 CPU0 IDLE
    1     0 001(0x00000003)   0 FIFO     Kthread   - Assigned           0000000000000000 0003024 CPU1 IDLE
    2     0 ---(0x00000003) 100 RR       Kthread   - Ready              0000000000000000 0001952 lpwork 0x2f018bc0 0x2f018c0c
    4     0 ---(0x00000003) 223 RR       Kthread   - Waiting  Semaphore 0000000000000000 0001968 hr_timer
    5     0 ---(0x00000001) 124 RR       Kthread   - Waiting  Semaphore 0000000000000000 0004016 ble_ctrl
    6     0 000(0x00000001) 253 RR       Kthread   - Running            0000000000000000 0003520 wifi
    7     7 001(0x00000003) 101 RR       Task      - Running            0000000000000000 0004016 /system/bin/init
   72    72 ---(0x00000003) 100 RR       Task      - Waiting  Semaphore 0000000000000000 0008032 iperf2 -c 192.168.1.29 -i 1 -p 5004 -t 20 -u -b 40M
   73    72 ---(0x00000003) 101 RR       pthread   - Waiting  Signal    0000000000000000 0008144 iperf2 0x6100d684 0x61800dd0
   74    72 000(0x00000003) 100 RR       pthread   - Running            0000000000000000 0008144 iperf2 0x6100d684 0x61800550
nsh> [K
nsh> [K
--- CMD: ps ---
ps
  PID GROUP CPU(AFFINITY)   PRI POLICY   TYPE    NPX STATE    EVENT     SIGMASK            STACK COMMAND
    0     0 000(0x00000003)   0 FIFO     Kthread   - Assigned           0000000000000000 0003024 CPU0 IDLE
    1     0 001(0x00000003)   0 FIFO     Kthread   - Assigned           0000000000000000 0003024 CPU1 IDLE
    2     0 ---(0x00000003) 100 RR       Kthread   - Ready              0000000000000000 0001952 lpwork 0x2f018bc0 0x2f018c0c
    4     0 ---(0x00000003) 223 RR       Kthread   - Waiting  Semaphore 0000000000000000 0001968 hr_timer
    5     0 ---(0x00000001) 124 RR       Kthread   - Waiting  Semaphore 0000000000000000 0004016 ble_ctrl
    6     0 ---(0x00000001) 253 RR       Kthread   - Waiting  Mutex:2   0000000000000000 0003520 wifi
    7     7 000(0x00000003) 101 RR       Task      - Running            0000000000000000 0004016 /system/bin/init
   72    72 ---(0x00000003) 100 RR       Task      - Waiting  Semaphore 0000000000000000 0008032 iperf2 -c 192.168.1.29 -i 1 -p 5004 -t 20 -u -b 40M
   73    72 ---(0x00000003) 101 RR       pthread   - Waiting  Signal    0000000000000000 0008144 iperf2 0x6100d684 0x61800dd0
   74    72 ---(0x00000003) 100 RR       pthread   - Ready              0000000000000000 0008144 iperf2 0x6100d684 0x61800550
nsh> [K
nsh> [K
--- CMD: ps ---
ps
  PID GROUP CPU(AFFINITY)   PRI POLICY   TYPE    NPX STATE    EVENT     SIGMASK            STACK COMMAND
    0     0 000(0x00000003)   0 FIFO     Kthread   - Assigned           0000000000000000 0003024 CPU0 IDLE
    1     0 001(0x00000003)   0 FIFO     Kthread   - Running            0000000000000000 0003024 CPU1 IDLE
    2     0 ---(0x00000003) 100 RR       Kthread   - Waiting  Semaphore 0000000000000000 0001952 lpwork 0x2f018bc0 0x2f018c0c
    4     0 ---(0x00000003) 223 RR       Kthread   - Waiting  Semaphore 0000000000000000 0001968 hr_timer
    5     0 ---(0x00000001) 124 RR       Kthread   - Waiting  Semaphore 0000000000000000 0004016 ble_ctrl
    6     0 ---(0x00000001) 253 RR       Kthread   - Waiting  MQ empty  0000000000000000 0003520 wifi
    7     7 000(0x00000003) 101 RR       Task      - Running            0000000000000000 0004016 /system/bin/init
nsh> [K
nsh> [K
--- CMD: cat /proc/uptime ---
cat /proc/uptime
  10552.32
nsh> [K
nsh> [K
--- CMD: cat /tmp/y ---
cat /tmp/y
------------------------------------------------------------
Client connecting to 192.168.1.29, UDP port 5004
Sending 1470 byte datagrams, IPG target: 280.38 us (kalman adjust)
UDP buffer size: 16.0 KByte
------------------------------------------------------------
[  1] local 0.0.0.0 port 18860 connected with 192.168.1.29 port 5004
[ ID] Interval       Transfer     Bandwidth
[  1] 0.00-1.00 sec   508 KBytes  4.16 Mbits/sec
[  1] 1.00-2.00 sec   492 KBytes  4.03 Mbits/sec
[  1] 2.00-3.00 sec   465 KBytes  3.81 Mbits/sec
[  1] 3.00-4.00 sec   492 KBytes  4.03 Mbits/sec
[  1] 4.00-5.00 sec   465 KBytes  3.81 Mbits/sec
[  1] 5.00-6.00 sec   498 KBytes  4.08 Mbits/sec
[  1] 6.00-7.00 sec   462 KBytes  3.79 Mbits/sec
[  1] 7.00-8.00 sec   490 KBytes  4.01 Mbits/sec
[  1] 8.00-9.00 sec   501 KBytes  4.10 Mbits/sec
[  1] 9.00-10.00 sec   469 KBytes  3.85 Mbits/sec
[  1] 10.00-11.00 sec   487 KBytes  3.99 Mbits/sec
[  1] 11.00-12.00 sec   478 KBytes  3.92 Mbits/sec
[  1] 12.00-13.00 sec   491 KBytes  4.02 Mbits/sec
[  1] 13.00-14.00 sec   478 KBytes  3.92 Mbits/sec
[  1] 14.00-15.00 sec   507 KBytes  4.15 Mbits/sec
[  1] 15.00-16.00 sec   501 KBytes  4.10 Mbits/sec
[  1] 16.00-17.00 sec   487 KBytes  3.99 Mbits/sec
[  1] 17.00-18.00 sec   488 KBytes  4.00 Mbits/sec
[  1] 18.00-19.00 sec   478 KBytes  3.92 Mbits/sec
[  1] 19.00-20.00 sec   492 KBytes  4.03 Mbits/sec
[  1] 0.00-20.01 sec  9.50 MBytes  3.99 Mbits/sec
[  1] Sent 6781 datagrams
[  1] Server Report:
[ ID] Interval       Transfer     Bandwidth        Jitter   Lost/Total Datagrams
[  1] 0.00-20.05 sec  9.50 MBytes  3.98 Mbits/sec   5.047 ms 0/6780 (0%)
[  1] 0.00-20.05 sec  2 datagrams received out-of-order
nsh> [K
nsh> [K
--- CMD: ifconfig ---
ifconfig
wlan0	Link encap:Ethernet HWaddr 30:ed:a0:f3:f7:b0 at RUNNING mtu 1500
	inet addr:192.168.1.60 DRaddr:192.168.1.1 Mask:255.255.255.0

	RX: Received Fragment Errors   Bytes   
	    000a1017 00000000 00000000 3ab27ab5        
	    IPv4     ARP      Dropped 
	    00000000 00000000 0002f1db
	TX: Queued   Sent     Errors   Timeouts Bytes   
	    0001d201 0001d208 00000000 00000000 840b779          
	Total Errors: 00000000

             IPv4   TCP   UDP  ICMP
Received     fc78  b033  473a  03a7
Dropped      0164  0000  0000  0000
  IPv4        VHL: 0000   Frg: 0000
  Checksum   0000  0000  0000  0000
  TCP         ACK: 0000   SYN: 0000
              RST: 0000  0000
              HDR: 0000
  Type       0000  ----  ----  0000
Sent         cebc  6965  61ad  03aa
  Rexmit     ----  0000  ----  ----
nsh> [K
nsh> [K
--- CMD: cat /proc/iobinfo ---
cat /proc/iobinfo
    ntotal     nfree     nwait nthrottle
        96        96         0        72
nsh> [K
nsh> [K
--- CMD: rm /tmp/y ---
rm /tmp/y
nsh> [K
nsh> [K
DIAGNOSTIC_COMPLETE
