XTS_RECEIPT=/home/regex/work/esp32s31-openvela/backups/2026-09-10-scan-stress/build1197-duplex-dma.sha256
SCOPE=command bringup; no speaker/listening evidence; NOT category PASS
ESP-ROM:esp32s31-20251218
Build:Dec 18 2025
rst:0x1 (POWERON),boot:0x7f (SPI_FAST_FLASH_BOOT)
SPI mode:DIO, clock div:1
load:0x2e000000,len:0x18
load:0x2f000000,len:0xb498
entry 0x2f008b38
*** Booting NuttX ***
rtc: lma 0x00002020 vma 0x2e000000 len 0x18     (24)
dram: lma 0x00002040 vma 0x2f000000 len 0xb498   (46232)
padd: lma 0x0000d508 vma 0x00000000 len 0x2b10   (11024)
imap: lma 0x00010020 vma 0x40040020 len 0xb80c   (47116)
padd: lma 0x0001b834 vma 0x00000000 len 0x48c4   (18628)
imap: lma 0x00020100 vma 0x40000100 len 0x3fd30  (261424)
total segments stored 6
ABCES8311: pcm0p/pcm0c duplex, 48000/16/2 slots

NuttShell (NSH)
nsh> [K
XTS_COMMAND=ls /dev/audio
--- CMD: ls /dev/audio ---
ls /dev/audio
/dev/audio:
 pcm0c
 pcm0p
nsh> [K
nsh> [K
XTS_COMMAND=free
--- CMD: free ---
free
      total       used       free    maxused    maxfree  nused  nfree name
   17232328      23224   17209104      30176   16777200     45      3 Umem
nsh> [K
nsh> [K
XTS_COMMAND=nxlooper
nxlooper
NxLooper version 1.00
h for commands, q to exit

nxlooper> [K
XTS_COMMAND=device pcm0p
device pcm0p
nxlooper> [K
XTS_COMMAND=device pcm0c
device pcm0c
nxlooper> [K
XTS_COMMAND=loopback 2 16 48000
loopback 2 16 48000
nxlooper> [K

OBSERVATION_SECONDS=15.072
XTS_COMMAND=stop
stop
nxlooper> [K
XTS_COMMAND=q
q
nsh> [K
XTS_COMMAND=ps
--- CMD: ps ---
ps
  PID GROUP PRI POLICY   TYPE    NPX STATE    EVENT     SIGMASK            STACK COMMAND
    0     0   0 FIFO     Kthread   - Ready              0000000000000000 0002016 CPU0 IDLE
    1     0 224 RR       Kthread   - Waiting  Semaphore 0000000000000000 0004016 hpwork 0x2f009340 0x2f009388
    2     0 100 RR       Kthread   - Waiting  Semaphore 0000000000000000 0004016 lpwork 0x2f0092c0 0x2f009308
    4     0 240 RR       Kthread   - Waiting  Semaphore 0000000000000000 0004032 s31_duplex
    5     0 223 RR       Kthread   - Waiting  Semaphore 0000000000000000 0004024 hr_timer
    6     6 100 RR       Task      - Running            0000000000000000 0008120 nsh_main
nsh> [K
nsh> [K
XTS_COMMAND=free
--- CMD: free ---
free
      total       used       free    maxused    maxfree  nused  nfree name
   17232328      23576   17208752      76248   16777200     50      6 Umem
nsh> [K
nsh> [K
NXLOOPER_COMMANDS=PASS AUDIBLE_LOOPBACK=PENDING
