ESP-ROM:esp32s31-20251218
Build:Dec 18 2025
rst:0x1 (POWERON),boot:0x79 (SPI_FAST_FLASH_BOOT)
SPI mode:DIO, clock div:1
load:0x2f000000,len:0x8d9c
load:0x2f008e00,len:0x2ad8
entry 0x2f0089de
*** Booting NuttX ***
dram: lma 0x00002020 vma 0x2f000000 len 0x8d9c   (36252)
dram: lma 0x0000adc4 vma 0x2f008e00 len 0x2ad8   (10968)
padd: lma 0x0000d8c8 vma 0x00000000 len 0x2750   (10064)
imap: lma 0x00010020 vma 0x40030020 len 0x85c4   (34244)
padd: lma 0x000185ec vma 0x00000000 len 0x7b0c   (31500)
imap: lma 0x00020100 vma 0x40000100 len 0x2abd4  (175060)
total segments stored 6
ABCS31 LCD: NuttX framebuffer 800x480 RGB565 pclk=18000000, two DMA scan buffers, raw link-switch polling
OPENVELA_FB_READY /dev/fb0 RGB565 800x480
S31 DVP controller prepared: 640x480 RGB565, 614400 bytes
S31 camera SCCB sensor ID: 0x3660

NuttShell (NSH)
nsh> [Ks31preview --frames 600
s31preview: video=/dev/video0 640x480 RGB565 stride=1280 bytes=614400 buffers=2 fb=/dev/fb0 800x480 stride=1600 x=80 frames=600 timeout_ms=3000
S31 LCD: UPDATE_STAGE=copy
S31 LCD: UPDATE_STAGE=cache-writeback
S31 LCD: UPDATE_STAGE=link-request channel=0
S31 LCD: UPDATE_STAGE=link-wait
S31 LCD: UPDATE_STAGE=complete raw=00000403
s31preview: frame=1 buffer=0 capture_time=10.310000 elapsed_ms=490 bytesused=614400 fnv1a32=e800639a update=OK
s31preview: frame=2 buffer=1 capture_time=10.540000 elapsed_ms=720 bytesused=614400 fnv1a32=0200b642 update=OK
s31preview: frame=3 buffer=0 capture_time=10.750000 elapsed_ms=940 bytesused=614400 fnv1a32=a7871228 update=OK
s31preview: frame=4 buffer=1 capture_time=10.990000 elapsed_ms=1170 bytesused=614400 fnv1a32=342fb297 update=OK
s31preview: frame=5 buffer=0 capture_time=11.200000 elapsed_ms=1390 bytesused=614400 fnv1a32=707d3c9b update=OK
s31preview: frame=6 buffer=1 capture_time=11.440000 elapsed_ms=1620 bytesused=614400 fnv1a32=208d6d20 update=OK
s31preview: frame=7 buffer=0 capture_time=11.650000 elapsed_ms=1840 bytesused=614400 fnv1a32=e9b1b145 update=OK
s31preview: frame=8 buffer=1 capture_time=11.890000 elapsed_ms=2070 bytesused=614400 fnv1a32=04d044f9 update=OK
s31preview: frame=9 buffer=0 capture_time=12.100000 elapsed_ms=2290 bytesused=614400 fnv1a32=b053549f update=OK
s31preview: frame=10 buffer=1 capture_time=12.340000 elapsed_ms=2520 bytesused=614400 fnv1a32=82541c0c update=OK
s31preview: frame=11 buffer=0 capture_time=12.550000 elapsed_ms=2750 bytesused=614400 fnv1a32=780aa28d update=OK
s31preview: frame=12 buffer=1 capture_time=12.790000 elapsed_ms=2970 bytesused=614400 fnv1a32=e0b8c2ab update=OK
s31preview: frame=13 buffer=0 capture_time=13.000000 elapsed_ms=3200 bytesused=614400 fnv1a32=b1e964b8 update=OK
s31preview: frame=14 buffer=1 capture_time=13.240000 elapsed_ms=3420 bytesused=614400 fnv1a32=d68604b4 update=OK
s31preview: frame=15 buffer=0 capture_time=13.450000 elapsed_ms=3650 bytesused=614400 fnv1a32=9ccbcf6b update=OK
s31preview: frame=16 buffer=1 capture_time=13.690000 elapsed_ms=3870 bytesused=614400 fnv1a32=5684c7fa update=OK
s31preview: frame=17 buffer=0 capture_time=13.900000 elapsed_ms=4110 bytesused=614400 fnv1a32=e17ea59c update=OK
s31preview: frame=18 buffer=1 capture_time=14.140000 elapsed_ms=4340 bytesused=614400 fnv1a32=b7b6749e update=OK
s31preview: frame=19 buffer=0 capture_time=14.350000 elapsed_ms=4560 bytesused=614400 fnv1a32=9389c7e1 update=OK
s31preview: frame=20 buffer=1 capture_time=14.590000 elapsed_ms=4790 bytesused=614400 fnv1a32=cca839f0 update=OK
s31preview: frame=21 buffer=0 capture_time=14.800000 elapsed_ms=4990 bytesused=614400 fnv1a32=4cbc4bbd update=OK
s31preview: frame=22 buffer=1 capture_time=15.040000 elapsed_ms=5240 bytesused=614400 fnv1a32=16a7c9dd update=OK
s31preview: frame=23 buffer=0 capture_time=15.250000 elapsed_ms=5440 bytesused=614400 fnv1a32=fa705769 update=OK
s31preview: frame=24 buffer=1 capture_time=15.490000 elapsed_ms=5690 bytesused=614400 fnv1a32=424c4713 update=OK
s31preview: frame=25 buffer=0 capture_time=15.700000 elapsed_ms=5890 bytesused=614400 fnv1a32=36d82a2f update=OK
s31preview: frame=26 buffer=1 capture_time=15.940000 elapsed_ms=6140 bytesused=614400 fnv1a32=d1fa94fb update=OK
s31preview: frame=27 buffer=0 capture_time=16.160000 elapsed_ms=6370 bytesused=614400 fnv1a32=ecf0bb24 update=OK
s31preview: frame=28 buffer=1 capture_time=16.390000 elapsed_ms=6590 bytesused=614400 fnv1a32=47cef418 update=OK
s31preview: frame=29 buffer=0 capture_time=16.610000 elapsed_ms=6820 bytesused=614400 fnv1a32=fe08bf85 update=OK
s31preview: frame=30 buffer=1 capture_time=16.840000 elapsed_ms=7020 bytesused=614400 fnv1a32=4717e14b update=OK
s31preview: frame=31 buffer=0 capture_time=17.060000 elapsed_ms=7250 bytesused=614400 fnv1a32=3086e268 update=OK
s31preview: frame=32 buffer=1 capture_time=17.290000 elapsed_ms=7470 bytesused=614400 fnv1a32=3d6b6c3b update=OK
s31preview: frame=33 buffer=0 capture_time=17.510000 elapsed_ms=7700 bytesused=614400 fnv1a32=975ad011 update=OK
s31preview: frame=34 buffer=1 capture_time=17.740000 elapsed_ms=7920 bytesused=614400 fnv1a32=c8a59600 update=OK
s31preview: frame=35 buffer=0 capture_time=17.960000 elapsed_ms=8150 bytesused=614400 fnv1a32=7d2ce812 update=OK
s31preview: frame=36 buffer=1 capture_time=18.190000 elapsed_ms=8370 bytesused=614400 fnv1a32=f98b17ee update=OK
s31preview: frame=37 buffer=0 capture_time=18.410000 elapsed_ms=8600 bytesused=614400 fnv1a32=b9b7e481 update=OK
s31preview: frame=38 buffer=1 capture_time=18.640000 elapsed_ms=8820 bytesused=614400 fnv1a32=5a922891 update=OK
s31preview: frame=39 buffer=0 capture_time=18.860000 elapsed_ms=9050 bytesused=614400 fnv1a32=62200e43 update=OK
s31preview: frame=40 buffer=1 capture_time=19.090000 elapsed_ms=9270 bytesused=614400 fnv1a32=1f0a7802 update=OK
s31preview: frame=41 buffer=0 capture_time=19.310000 elapsed_ms=9500 bytesused=614400 fnv1a32=46560894 update=OK
s31preview: frame=42 buffer=1 capture_time=19.540000 elapsed_ms=9720 bytesused=614400 fnv1a32=373ed819 update=OK
s31preview: frame=43 buffer=0 capture_time=19.760000 elapsed_ms=9950 bytesused=614400 fnv1a32=946bd043 update=OK
s31preview: frame=44 buffer=1 capture_time=19.990000 elapsed_ms=10190 bytesused=614400 fnv1a32=d6c4082e update=OK
s31preview: frame=45 buffer=0 capture_time=20.210000 elapsed_ms=10400 bytesused=614400 fnv1a32=0cb468e3 update=OK
s31preview: frame=46 buffer=1 capture_time=20.440000 elapsed_ms=10640 bytesused=614400 fnv1a32=9863b2d4 update=OK
s31preview: frame=47 buffer=0 capture_time=20.660000 elapsed_ms=10860 bytesused=614400 fnv1a32=c0daba5e update=OK
s31preview: frame=48 buffer=1 capture_time=20.890000 elapsed_ms=11090 bytesused=614400 fnv1a32=a47b7aa1 update=OK
s31preview: frame=49 buffer=0 capture_time=21.110000 elapsed_ms=11310 bytesused=614400 fnv1a32=c1ba2295 update=OK
s31preview: frame=50 buffer=1 capture_time=21.340000 elapsed_ms=11540 bytesused=614400 fnv1a32=9ac3a218 update=OK
s31preview: frame=51 buffer=0 capture_time=21.560000 elapsed_ms=11760 bytesused=614400 fnv1a32=d79b9779 update=OK
s31preview: frame=52 buffer=1 capture_time=21.790000 elapsed_ms=11990 bytesused=614400 fnv1a32=74ab2ef7 update=OK
s31preview: frame=53 buffer=0 capture_time=22.010000 elapsed_ms=12210 bytesused=614400 fnv1a32=89c05f77 update=OK
s31preview: frame=54 buffer=1 capture_time=22.240000 elapsed_ms=12440 bytesused=614400 fnv1a32=94f74d0d update=OK
s31preview: frame=55 buffer=0 capture_time=22.460000 elapsed_ms=12670 bytesused=614400 fnv1a32=01e29a73 update=OK
s31preview: frame=56 buffer=1 capture_time=22.690000 elapsed_ms=12890 bytesused=614400 fnv1a32=357461ba update=OK
s31preview: frame=57 buffer=0 capture_time=22.910000 elapsed_ms=13120 bytesused=614400 fnv1a32=f0eec838 update=OK
s31preview: frame=58 buffer=1 capture_time=23.140000 elapsed_ms=13320 bytesused=614400 fnv1a32=326a830c update=OK
s31preview: frame=59 buffer=0 capture_time=23.360000 elapsed_ms=13550 bytesused=614400 fnv1a32=9a2a6bac update=OK
s31preview: frame=60 buffer=1 capture_time=23.590000 elapsed_ms=13770 bytesused=614400 fnv1a32=3b049320 update=OK
s31preview: frame=61 buffer=0 capture_time=23.810000 elapsed_ms=14000 bytesused=614400 fnv1a32=336b32a8 update=OK
s31preview: frame=62 buffer=1 capture_time=24.040000 elapsed_ms=14220 bytesused=614400 fnv1a32=a4b62d1f update=OK
s31preview: frame=63 buffer=0 capture_time=24.260000 elapsed_ms=14450 bytesused=614400 fnv1a32=6fffd0e7 update=OK
s31preview: frame=64 buffer=1 capture_time=24.490000 elapsed_ms=14670 bytesused=614400 fnv1a32=2fb9278f update=OK
s31preview: frame=65 buffer=0 capture_time=24.710000 elapsed_ms=14900 bytesused=614400 fnv1a32=ac152b07 update=OK
s31preview: frame=66 buffer=1 capture_time=24.940000 elapsed_ms=15120 bytesused=614400 fnv1a32=68ccf620 update=OK
s31preview: frame=67 buffer=0 capture_time=25.160000 elapsed_ms=15350 bytesused=614400 fnv1a32=fdbcbba7 update=OK
s31preview: frame=68 buffer=1 capture_time=25.390000 elapsed_ms=15570 bytesused=614400 fnv1a32=84faf125 update=OK
s31preview: frame=69 buffer=0 capture_time=25.610000 elapsed_ms=15800 bytesused=614400 fnv1a32=b38d782b update=OK
s31preview: frame=70 buffer=1 capture_time=25.840000 elapsed_ms=16020 bytesused=614400 fnv1a32=523113af update=OK
s31preview: frame=71 buffer=0 capture_time=26.060000 elapsed_ms=16250 bytesused=614400 fnv1a32=91c46a80 update=OK
s31preview: frame=72 buffer=1 capture_time=26.300000 elapsed_ms=16480 bytesused=614400 fnv1a32=d24e91e9 update=OK
s31preview: frame=73 buffer=0 capture_time=26.510000 elapsed_ms=16700 bytesused=614400 fnv1a32=7a1c237c update=OK
s31preview: frame=74 buffer=1 capture_time=26.750000 elapsed_ms=16930 bytesused=614400 fnv1a32=784b27d9 update=OK
s31preview: frame=75 buffer=0 capture_time=26.960000 elapsed_ms=17160 bytesused=614400 fnv1a32=8703e790 update=OK
s31preview: frame=76 buffer=1 capture_time=27.200000 elapsed_ms=17380 bytesused=614400 fnv1a32=ed5a69f9 update=OK
s31preview: frame=77 buffer=0 capture_time=27.410000 elapsed_ms=17610 bytesused=614400 fnv1a32=d536cef7 update=OK
s31preview: frame=78 buffer=1 capture_time=27.650000 elapsed_ms=17830 bytesused=614400 fnv1a32=c2420ede update=OK
s31preview: frame=79 buffer=0 capture_time=27.860000 elapsed_ms=18060 bytesused=614400 fnv1a32=f01d7973 update=OK
s31preview: frame=80 buffer=1 capture_time=28.100000 elapsed_ms=18280 bytesused=614400 fnv1a32=3fc17dd7 update=OK
s31preview: frame=81 buffer=0 capture_time=28.310000 elapsed_ms=18510 bytesused=614400 fnv1a32=ff712d37 update=OK
s31preview: frame=82 buffer=1 capture_time=28.550000 elapsed_ms=18750 bytesused=614400 fnv1a32=305b4dfd update=OK
s31preview: frame=83 buffer=0 capture_time=28.760000 elapsed_ms=18970 bytesused=614400 fnv1a32=7939b739 update=OK
s31preview: frame=84 buffer=1 capture_time=29.000000 elapsed_ms=19200 bytesused=614400 fnv1a32=4e3fcd00 update=OK
s31preview: frame=85 buffer=0 capture_time=29.210000 elapsed_ms=19420 bytesused=614400 fnv1a32=69bfe8f0 update=OK
s31preview: frame=86 buffer=1 capture_time=29.450000 elapsed_ms=19650 bytesused=614400 fnv1a32=d2b94592 update=OK
s31preview: frame=87 buffer=0 capture_time=29.660000 elapsed_ms=19850 bytesused=614400 fnv1a32=77044f97 update=OK
s31preview: frame=88 buffer=1 capture_time=29.900000 elapsed_ms=20100 bytesused=614400 fnv1a32=26342b33 update=OK
s31preview: frame=89 buffer=0 capture_time=30.110000 elapsed_ms=20300 bytesused=614400 fnv1a32=c143e2c5 update=OK
s31preview: frame=90 buffer=1 capture_time=30.350000 elapsed_ms=20550 bytesused=614400 fnv1a32=98e243c4 update=OK
s31preview: frame=91 buffer=0 capture_time=30.560000 elapsed_ms=20750 bytesused=614400 fnv1a32=8c358d56 update=OK
s31preview: frame=92 buffer=1 capture_time=30.800000 elapsed_ms=21000 bytesused=614400 fnv1a32=aaea0f7e update=OK
s31preview: frame=93 buffer=0 capture_time=31.010000 elapsed_ms=21200 bytesused=614400 fnv1a32=5ce09b5b update=OK
s31preview: frame=94 buffer=1 capture_time=31.250000 elapsed_ms=21450 bytesused=614400 fnv1a32=01f0bcf2 update=OK
s31preview: frame=95 buffer=0 capture_time=31.460000 elapsed_ms=21650 bytesused=614400 fnv1a32=2ab92aea update=OK
s31preview: frame=96 buffer=1 capture_time=31.700000 elapsed_ms=21880 bytesused=614400 fnv1a32=c8e36910 update=OK
s31preview: frame=97 buffer=0 capture_time=31.910000 elapsed_ms=22100 bytesused=614400 fnv1a32=ca0a0609 update=OK
s31preview: frame=98 buffer=1 capture_time=32.150000 elapsed_ms=22330 bytesused=614400 fnv1a32=b344d03e update=OK
s31preview: frame=99 buffer=0 capture_time=32.360000 elapsed_ms=22550 bytesused=614400 fnv1a32=f7cb6edd update=OK
s31preview: frame=100 buffer=1 capture_time=32.600000 elapsed_ms=22780 bytesused=614400 fnv1a32=97cfca0a update=OK
s31preview: frame=101 buffer=0 capture_time=32.810000 elapsed_ms=23000 bytesused=614400 fnv1a32=44dc79e8 update=OK
s31preview: frame=102 buffer=1 capture_time=33.050000 elapsed_ms=23230 bytesused=614400 fnv1a32=7dd5d903 update=OK
s31preview: frame=103 buffer=0 capture_time=33.260000 elapsed_ms=23460 bytesused=614400 fnv1a32=413487ab update=OK
s31preview: frame=104 buffer=1 capture_time=33.500000 elapsed_ms=23680 bytesused=614400 fnv1a32=35ad720a update=OK
s31preview: frame=105 buffer=0 capture_time=33.710000 elapsed_ms=23910 bytesused=614400 fnv1a32=5c63df0b update=OK
s31preview: frame=106 buffer=1 capture_time=33.950000 elapsed_ms=24130 bytesused=614400 fnv1a32=f63d1da3 update=OK
s31preview: frame=107 buffer=0 capture_time=34.160000 elapsed_ms=24360 bytesused=614400 fnv1a32=e367868f update=OK
s31preview: frame=108 buffer=1 capture_time=34.400000 elapsed_ms=24580 bytesused=614400 fnv1a32=df417cd3 update=OK
s31preview: frame=109 buffer=0 capture_time=34.610000 elapsed_ms=24810 bytesused=614400 fnv1a32=9fc48b4b update=OK
s31preview: frame=110 buffer=1 capture_time=34.850000 elapsed_ms=25050 bytesused=614400 fnv1a32=eec68fc2 update=OK
s31preview: frame=111 buffer=0 capture_time=35.060000 elapsed_ms=25270 bytesused=614400 fnv1a32=0654c81a update=OK
s31preview: frame=112 buffer=1 capture_time=35.300000 elapsed_ms=25500 bytesused=614400 fnv1a32=5a5b3d3e update=OK
s31preview: frame=113 buffer=0 capture_time=35.510000 elapsed_ms=25720 bytesused=614400 fnv1a32=a98f86e6 update=OK
s31preview: frame=114 buffer=1 capture_time=35.750000 elapsed_ms=25950 bytesused=614400 fnv1a32=bb64d4cb update=OK
s31preview: frame=115 buffer=0 capture_time=35.970000 elapsed_ms=26170 bytesused=614400 fnv1a32=ce87b317 update=OK
s31preview: frame=116 buffer=1 capture_time=36.200000 elapsed_ms=26400 bytesused=614400 fnv1a32=65996e81 update=OK
s31preview: frame=117 buffer=0 capture_time=36.420000 elapsed_ms=26620 bytesused=614400 fnv1a32=dfb10bfb update=OK
s31preview: frame=118 buffer=1 capture_time=36.650000 elapsed_ms=26850 bytesused=614400 fnv1a32=f88093f6 update=OK
s31preview: frame=119 buffer=0 capture_time=36.870000 elapsed_ms=27080 bytesused=614400 fnv1a32=3838ae02 update=OK
s31preview: frame=120 buffer=1 capture_time=37.100000 elapsed_ms=27300 bytesused=614400 fnv1a32=8c95605f update=OK
s31preview: frame=121 buffer=0 capture_time=37.320000 elapsed_ms=27530 bytesused=614400 fnv1a32=b8ff5790 update=OK
s31preview: frame=122 buffer=1 capture_time=37.550000 elapsed_ms=27750 bytesused=614400 fnv1a32=750bd65c update=OK
s31preview: frame=123 buffer=0 capture_time=37.770000 elapsed_ms=27980 bytesused=614400 fnv1a32=dde3bb10 update=OK
s31preview: frame=124 buffer=1 capture_time=38.000000 elapsed_ms=28180 bytesused=614400 fnv1a32=aed65d41 update=OK
s31preview: frame=125 buffer=0 capture_time=38.220000 elapsed_ms=28410 bytesused=614400 fnv1a32=8bd880f8 update=OK
s31preview: frame=126 buffer=1 capture_time=38.450000 elapsed_ms=28630 bytesused=614400 fnv1a32=d5898540 update=OK
s31preview: frame=127 buffer=0 capture_time=38.670000 elapsed_ms=28860 bytesused=614400 fnv1a32=e4015062 update=OK
s31preview: frame=128 buffer=1 capture_time=38.900000 elapsed_ms=29080 bytesused=614400 fnv1a32=a198e951 update=OK
s31preview: frame=129 buffer=0 capture_time=39.120000 elapsed_ms=29310 bytesused=614400 fnv1a32=f7e3620f update=OK
s31preview: frame=130 buffer=1 capture_time=39.350000 elapsed_ms=29530 bytesused=614400 fnv1a32=f43cfdf2 update=OK
s31preview: frame=131 buffer=0 capture_time=39.570000 elapsed_ms=29760 bytesused=614400 fnv1a32=c5ae7b1a update=OK
s31preview: frame=132 buffer=1 capture_time=39.800000 elapsed_ms=29980 bytesused=614400 fnv1a32=62db719c update=OK
s31preview: frame=133 buffer=0 capture_time=40.020000 elapsed_ms=30210 bytesused=614400 fnv1a32=6f5ed5ff update=OK
s31preview: frame=134 buffer=1 capture_time=40.250000 elapsed_ms=30430 bytesused=614400 fnv1a32=c4416913 update=OK
s31preview: frame=135 buffer=0 capture_time=40.470000 elapsed_ms=30660 bytesused=614400 fnv1a32=f0e9c4fa update=OK
s31preview: frame=136 buffer=1 capture_time=40.700000 elapsed_ms=30880 bytesused=614400 fnv1a32=3b317082 update=OK
s31preview: frame=137 buffer=0 capture_time=40.920000 elapsed_ms=31110 bytesused=614400 fnv1a32=620f3c87 update=OK
s31preview: frame=138 buffer=1 capture_time=41.150000 elapsed_ms=31350 bytesused=614400 fnv1a32=01ce5b02 update=OK
s31preview: frame=139 buffer=0 capture_time=41.370000 elapsed_ms=31560 bytesused=614400 fnv1a32=0161b607 update=OK
s31preview: frame=140 buffer=1 capture_time=41.600000 elapsed_ms=31800 bytesused=614400 fnv1a32=9a5b44d0 update=OK
s31preview: frame=141 buffer=0 capture_time=41.820000 elapsed_ms=32020 bytesused=614400 fnv1a32=26ab775e update=OK
s31preview: frame=142 buffer=1 capture_time=42.050000 elapsed_ms=32250 bytesused=614400 fnv1a32=0306b41d update=OK
s31preview: frame=143 buffer=0 capture_time=42.270000 elapsed_ms=32470 bytesused=614400 fnv1a32=86978652 update=OK
s31preview: frame=144 buffer=1 capture_time=42.500000 elapsed_ms=32700 bytesused=614400 fnv1a32=7351b9ba update=OK
s31preview: frame=145 buffer=0 capture_time=42.720000 elapsed_ms=32920 bytesused=614400 fnv1a32=09a7d727 update=OK
s31preview: frame=146 buffer=1 capture_time=42.950000 elapsed_ms=33150 bytesused=614400 fnv1a32=dd59aea1 update=OK
s31preview: frame=147 buffer=0 capture_time=43.170000 elapsed_ms=33380 bytesused=614400 fnv1a32=aa18c50a update=OK
s31preview: frame=148 buffer=1 capture_time=43.400000 elapsed_ms=33600 bytesused=614400 fnv1a32=c301ffb5 update=OK
s31preview: frame=149 buffer=0 capture_time=43.620000 elapsed_ms=33830 bytesused=614400 fnv1a32=172b61a9 update=OK
s31preview: frame=150 buffer=1 capture_time=43.850000 elapsed_ms=34050 bytesused=614400 fnv1a32=1a8418dd update=OK
s31preview: frame=151 buffer=0 capture_time=44.070000 elapsed_ms=34280 bytesused=614400 fnv1a32=170da45b update=OK
s31preview: frame=152 buffer=1 capture_time=44.300000 elapsed_ms=34480 bytesused=614400 fnv1a32=d49fd753 update=OK
s31preview: frame=153 buffer=0 capture_time=44.520000 elapsed_ms=34710 bytesused=614400 fnv1a32=f1df7186 update=OK
s31preview: frame=154 buffer=1 capture_time=44.750000 elapsed_ms=34930 bytesused=614400 fnv1a32=118f7027 update=OK
s31preview: frame=155 buffer=0 capture_time=44.970000 elapsed_ms=35160 bytesused=614400 fnv1a32=13894c12 update=OK
s31preview: frame=156 buffer=1 capture_time=45.200000 elapsed_ms=35380 bytesused=614400 fnv1a32=ac407075 update=OK
s31preview: frame=157 buffer=0 capture_time=45.420000 elapsed_ms=35610 bytesused=614400 fnv1a32=313a11ae update=OK
s31preview: frame=158 buffer=1 capture_time=45.650000 elapsed_ms=35830 bytesused=614400 fnv1a32=f5c2988c update=OK
s31preview: frame=159 buffer=0 capture_time=45.870000 elapsed_ms=36060 bytesused=614400 fnv1a32=090e8aaa update=OK
s31preview: frame=160 buffer=1 capture_time=46.110000 elapsed_ms=36290 bytesused=614400 fnv1a32=65c72a2a update=OK
s31preview: frame=161 buffer=0 capture_time=46.320000 elapsed_ms=36510 bytesused=614400 fnv1a32=9cba6d1f update=OK
s31preview: frame=162 buffer=1 capture_time=46.560000 elapsed_ms=36740 bytesused=614400 fnv1a32=82ece95e update=OK
s31preview: frame=163 buffer=0 capture_time=46.770000 elapsed_ms=36960 bytesused=614400 fnv1a32=acd7daed update=OK
s31preview: frame=164 buffer=1 capture_time=47.010000 elapsed_ms=37190 bytesused=614400 fnv1a32=9fc9373b update=OK
s31preview: frame=165 buffer=0 capture_time=47.220000 elapsed_ms=37410 bytesused=614400 fnv1a32=82f028b2 update=OK
s31preview: frame=166 buffer=1 capture_time=47.460000 elapsed_ms=37640 bytesused=614400 fnv1a32=04b17321 update=OK
s31preview: frame=167 buffer=0 capture_time=47.670000 elapsed_ms=37860 bytesused=614400 fnv1a32=e5f6a4a2 update=OK
s31preview: frame=168 buffer=1 capture_time=47.910000 elapsed_ms=38090 bytesused=614400 fnv1a32=e9088986 update=OK
s31preview: frame=169 buffer=0 capture_time=48.120000 elapsed_ms=38320 bytesused=614400 fnv1a32=e34e0810 update=OK
s31preview: frame=170 buffer=1 capture_time=48.360000 elapsed_ms=38540 bytesused=614400 fnv1a32=c634ee40 update=OK
s31preview: frame=171 buffer=0 capture_time=48.570000 elapsed_ms=38770 bytesused=614400 fnv1a32=b9d8eaad update=OK
s31preview: frame=172 buffer=1 capture_time=48.810000 elapsed_ms=38990 bytesused=614400 fnv1a32=bd4b627f update=OK
s31preview: frame=173 buffer=0 capture_time=49.020000 elapsed_ms=39220 bytesused=614400 fnv1a32=fccbee14 update=OK
s31preview: frame=174 buffer=1 capture_time=49.260000 elapsed_ms=39440 bytesused=614400 fnv1a32=b4236fb6 update=OK
s31preview: frame=175 buffer=0 capture_time=49.470000 elapsed_ms=39680 bytesused=614400 fnv1a32=9125d323 update=OK
s31preview: frame=176 buffer=1 capture_time=49.710000 elapsed_ms=39910 bytesused=614400 fnv1a32=84a15a6c update=OK
s31preview: frame=177 buffer=0 capture_time=49.920000 elapsed_ms=40130 bytesused=614400 fnv1a32=ffe07bd2 update=OK
s31preview: frame=178 buffer=1 capture_time=50.160000 elapsed_ms=40360 bytesused=614400 fnv1a32=3c94b4bf update=OK
s31preview: frame=179 buffer=0 capture_time=50.370000 elapsed_ms=40560 bytesused=614400 fnv1a32=e729e3a3 update=OK
s31preview: frame=180 buffer=1 capture_time=50.610000 elapsed_ms=40810 bytesused=614400 fnv1a32=273061c7 update=OK
s31preview: frame=181 buffer=0 capture_time=50.820000 elapsed_ms=41010 bytesused=614400 fnv1a32=7e137fde update=OK
s31preview: frame=182 buffer=1 capture_time=51.060000 elapsed_ms=41260 bytesused=614400 fnv1a32=13368923 update=OK
s31preview: frame=183 buffer=0 capture_time=51.270000 elapsed_ms=41460 bytesused=614400 fnv1a32=776c024f update=OK
s31preview: frame=184 buffer=1 capture_time=51.510000 elapsed_ms=41710 bytesused=614400 fnv1a32=3ddc8aa3 update=OK
s31preview: frame=185 buffer=0 capture_time=51.720000 elapsed_ms=41910 bytesused=614400 fnv1a32=521c89ae update=OK
s31preview: frame=186 buffer=1 capture_time=51.960000 elapsed_ms=42160 bytesused=614400 fnv1a32=cf0c04ca update=OK
s31preview: frame=187 buffer=0 capture_time=52.170000 elapsed_ms=42360 bytesused=614400 fnv1a32=009f6ca8 update=OK
s31preview: frame=188 buffer=1 capture_time=52.410000 elapsed_ms=42590 bytesused=614400 fnv1a32=b8ef48c9 update=OK
s31preview: frame=189 buffer=0 capture_time=52.620000 elapsed_ms=42810 bytesused=614400 fnv1a32=f99c1239 update=OK
s31preview: frame=190 buffer=1 capture_time=52.860000 elapsed_ms=43040 bytesused=614400 fnv1a32=3ec639d5 update=OK
s31preview: frame=191 buffer=0 capture_time=53.070000 elapsed_ms=43260 bytesused=614400 fnv1a32=af281aa8 update=OK
s31preview: frame=192 buffer=1 capture_time=53.310000 elapsed_ms=43490 bytesused=614400 fnv1a32=be8ea44b update=OK
s31preview: frame=193 buffer=0 capture_time=53.520000 elapsed_ms=43710 bytesused=614400 fnv1a32=20c25c11 update=OK
s31preview: frame=194 buffer=1 capture_time=53.760000 elapsed_ms=43940 bytesused=614400 fnv1a32=9e8dbf40 update=OK
s31preview: frame=195 buffer=0 capture_time=53.970000 elapsed_ms=44160 bytesused=614400 fnv1a32=84306758 update=OK
s31preview: frame=196 buffer=1 capture_time=54.210000 elapsed_ms=44390 bytesused=614400 fnv1a32=710e8bc9 update=OK
s31preview: frame=197 buffer=0 capture_time=54.420000 elapsed_ms=44620 bytesused=614400 fnv1a32=a1e9a9ee update=OK
s31preview: frame=198 buffer=1 capture_time=54.660000 elapsed_ms=44840 bytesused=614400 fnv1a32=1951eab5 update=OK
s31preview: frame=199 buffer=0 capture_time=54.870000 elapsed_ms=45070 bytesused=614400 fnv1a32=53d4680d update=OK
s31preview: frame=200 buffer=1 capture_time=55.110000 elapsed_ms=45290 bytesused=614400 fnv1a32=46ed60e5 update=OK
s31preview: frame=201 buffer=0 capture_time=55.320000 elapsed_ms=45520 bytesused=614400 fnv1a32=0a61f805 update=OK
s31preview: frame=202 buffer=1 capture_time=55.560000 elapsed_ms=45740 bytesused=614400 fnv1a32=50e993fa update=OK
s31preview: frame=203 buffer=0 capture_time=55.770000 elapsed_ms=45980 bytesused=614400 fnv1a32=02d53ae4 update=OK
s31preview: frame=204 buffer=1 capture_time=56.010000 elapsed_ms=46210 bytesused=614400 fnv1a32=715a37b6 update=OK
s31preview: frame=205 buffer=0 capture_time=56.230000 elapsed_ms=46420 bytesused=614400 fnv1a32=572149d6 update=OK
s31preview: frame=206 buffer=1 capture_time=56.460000 elapsed_ms=46660 bytesused=614400 fnv1a32=a59b03c2 update=OK
s31preview: frame=207 buffer=0 capture_time=56.680000 elapsed_ms=46880 bytesused=614400 fnv1a32=026327a8 update=OK
s31preview: frame=208 buffer=1 capture_time=56.910000 elapsed_ms=47110 bytesused=614400 fnv1a32=614f6750 update=OK
s31preview: frame=209 buffer=0 capture_time=57.130000 elapsed_ms=47330 bytesused=614400 fnv1a32=c17afe2c update=OK
s31preview: frame=210 buffer=1 capture_time=57.360000 elapsed_ms=47560 bytesused=614400 fnv1a32=9c6082f8 update=OK
s31preview: frame=211 buffer=0 capture_time=57.580000 elapsed_ms=47780 bytesused=614400 fnv1a32=976cf7e5 update=OK
s31preview: frame=212 buffer=1 capture_time=57.810000 elapsed_ms=48010 bytesused=614400 fnv1a32=b0670ae8 update=OK
s31preview: frame=213 buffer=0 capture_time=58.030000 elapsed_ms=48240 bytesused=614400 fnv1a32=9b6fdb77 update=OK
s31preview: frame=214 buffer=1 capture_time=58.260000 elapsed_ms=48460 bytesused=614400 fnv1a32=827fa391 update=OK
s31preview: frame=215 buffer=0 capture_time=58.480000 elapsed_ms=48690 bytesused=614400 fnv1a32=4e466cb1 update=OK
s31preview: frame=216 buffer=1 capture_time=58.710000 elapsed_ms=48890 bytesused=614400 fnv1a32=83299211 update=OK
s31preview: frame=217 buffer=0 capture_time=58.930000 elapsed_ms=49120 bytesused=614400 fnv1a32=c29bfe85 update=OK
s31preview: frame=218 buffer=1 capture_time=59.160000 elapsed_ms=49340 bytesused=614400 fnv1a32=df1810de update=OK
s31preview: frame=219 buffer=0 capture_time=59.380000 elapsed_ms=49570 bytesused=614400 fnv1a32=303de800 update=OK
s31preview: frame=220 buffer=1 capture_time=59.610000 elapsed_ms=49790 bytesused=614400 fnv1a32=bcc0ca91 update=OK
s31preview: frame=221 buffer=0 capture_time=59.830000 elapsed_ms=50020 bytesused=614400 fnv1a32=144af99a update=OK
s31preview: frame=222 buffer=1 capture_time=60.060000 elapsed_ms=50240 bytesused=614400 fnv1a32=a828421d update=OK
s31preview: frame=223 buffer=0 capture_time=60.280000 elapsed_ms=50470 bytesused=614400 fnv1a32=35d267b9 update=OK
s31preview: frame=224 buffer=1 capture_time=60.510000 elapsed_ms=50690 bytesused=614400 fnv1a32=d90a7f30 update=OK
s31preview: frame=225 buffer=0 capture_time=60.730000 elapsed_ms=50920 bytesused=614400 fnv1a32=96e17122 update=OK
s31preview: frame=226 buffer=1 capture_time=60.960000 elapsed_ms=51140 bytesused=614400 fnv1a32=663d491f update=OK
s31preview: frame=227 buffer=0 capture_time=61.180000 elapsed_ms=51370 bytesused=614400 fnv1a32=f786826b update=OK
s31preview: frame=228 buffer=1 capture_time=61.410000 elapsed_ms=51590 bytesused=614400 fnv1a32=00519b18 update=OK
s31preview: frame=229 buffer=0 capture_time=61.630000 elapsed_ms=51820 bytesused=614400 fnv1a32=111df81a update=OK
s31preview: frame=230 buffer=1 capture_time=61.860000 elapsed_ms=52060 bytesused=614400 fnv1a32=ec5d171f update=OK
s31preview: frame=231 buffer=0 capture_time=62.080000 elapsed_ms=52270 bytesused=614400 fnv1a32=2cc25ce9 update=OK
s31preview: frame=232 buffer=1 capture_time=62.310000 elapsed_ms=52510 bytesused=614400 fnv1a32=fb31e86e update=OK
s31preview: frame=233 buffer=0 capture_time=62.530000 elapsed_ms=52720 bytesused=614400 fnv1a32=fa6e3a73 update=OK
s31preview: frame=234 buffer=1 capture_time=62.760000 elapsed_ms=52960 bytesused=614400 fnv1a32=7a99d9ef update=OK
s31preview: frame=235 buffer=0 capture_time=62.980000 elapsed_ms=53180 bytesused=614400 fnv1a32=03384a18 update=OK
s31preview: frame=236 buffer=1 capture_time=63.210000 elapsed_ms=53410 bytesused=614400 fnv1a32=f9f85b78 update=OK
s31preview: frame=237 buffer=0 capture_time=63.430000 elapsed_ms=53630 bytesused=614400 fnv1a32=411f36a2 update=OK
s31preview: frame=238 buffer=1 capture_time=63.660000 elapsed_ms=53860 bytesused=614400 fnv1a32=9363ba40 update=OK
s31preview: frame=239 buffer=0 capture_time=63.880000 elapsed_ms=54080 bytesused=614400 fnv1a32=f95cef31 update=OK
s31preview: frame=240 buffer=1 capture_time=64.110000 elapsed_ms=54310 bytesused=614400 fnv1a32=d7aa7e63 update=OK
s31preview: frame=241 buffer=0 capture_time=64.330000 elapsed_ms=54540 bytesused=614400 fnv1a32=833b61ed update=OK
s31preview: frame=242 buffer=1 capture_time=64.560000 elapsed_ms=54760 bytesused=614400 fnv1a32=f267c574 update=OK
s31preview: frame=243 buffer=0 capture_time=64.780000 elapsed_ms=54990 bytesused=614400 fnv1a32=cbdfc0ef update=OK
s31preview: frame=244 buffer=1 capture_time=65.010000 elapsed_ms=55190 bytesused=614400 fnv1a32=afceb739 update=OK
s31preview: frame=245 buffer=0 capture_time=65.230000 elapsed_ms=55420 bytesused=614400 fnv1a32=b91f4e40 update=OK
s31preview: frame=246 buffer=1 capture_time=65.460000 elapsed_ms=55640 bytesused=614400 fnv1a32=3bbdb188 update=OK
s31preview: frame=247 buffer=0 capture_time=65.680000 elapsed_ms=55870 bytesused=614400 fnv1a32=6f751244 update=OK
s31preview: frame=248 buffer=1 capture_time=65.910000 elapsed_ms=56090 bytesused=614400 fnv1a32=1d2afdf3 update=OK
s31preview: frame=249 buffer=0 capture_time=66.130000 elapsed_ms=56320 bytesused=614400 fnv1a32=110a44a2 update=OK
s31preview: frame=250 buffer=1 capture_time=66.370000 elapsed_ms=56570 bytesused=614400 fnv1a32=5cf33807 update=OK
s31preview: frame=251 buffer=0 capture_time=66.580000 elapsed_ms=56770 bytesused=614400 fnv1a32=cca7844c update=OK
s31preview: frame=252 buffer=1 capture_time=66.820000 elapsed_ms=57020 bytesused=614400 fnv1a32=cd16cca3 update=OK
s31preview: frame=253 buffer=0 capture_time=67.030000 elapsed_ms=57220 bytesused=614400 fnv1a32=4e14cf19 update=OK
s31preview: frame=254 buffer=1 capture_time=67.270000 elapsed_ms=57450 bytesused=614400 fnv1a32=19c40d4e update=OK
s31preview: frame=255 buffer=0 capture_time=67.480000 elapsed_ms=57670 bytesused=614400 fnv1a32=4b1aa7b4 update=OK
s31preview: frame=256 buffer=1 capture_time=67.720000 elapsed_ms=57900 bytesused=614400 fnv1a32=16137bde update=OK
s31preview: frame=257 buffer=0 capture_time=67.930000 elapsed_ms=58120 bytesused=614400 fnv1a32=d1054a63 update=OK
s31preview: frame=258 buffer=1 capture_time=68.170000 elapsed_ms=58350 bytesused=614400 fnv1a32=40acc84f update=OK
s31preview: frame=259 buffer=0 capture_time=68.380000 elapsed_ms=58570 bytesused=614400 fnv1a32=d01ec701 update=OK
s31preview: frame=260 buffer=1 capture_time=68.620000 elapsed_ms=58800 bytesused=614400 fnv1a32=20dfd223 update=OK
s31preview: frame=261 buffer=0 capture_time=68.830000 elapsed_ms=59030 bytesused=614400 fnv1a32=91fbb0a2 update=OK
s31preview: frame=262 buffer=1 capture_time=69.070000 elapsed_ms=59250 bytesused=614400 fnv1a32=bd1f8f36 update=OK
s31preview: frame=263 buffer=0 capture_time=69.280000 elapsed_ms=59480 bytesused=614400 fnv1a32=472a85da update=OK
s31preview: frame=264 buffer=1 capture_time=69.520000 elapsed_ms=59700 bytesused=614400 fnv1a32=303307e4 update=OK
s31preview: frame=265 buffer=0 capture_time=69.730000 elapsed_ms=59930 bytesused=614400 fnv1a32=52aa9ec5 update=OK
s31preview: frame=266 buffer=1 capture_time=69.970000 elapsed_ms=60150 bytesused=614400 fnv1a32=86b606e6 update=OK
s31preview: frame=267 buffer=0 capture_time=70.180000 elapsed_ms=60380 bytesused=614400 fnv1a32=b89e81dc update=OK
s31preview: frame=268 buffer=1 capture_time=70.420000 elapsed_ms=60620 bytesused=614400 fnv1a32=a7ac1da2 update=OK
s31preview: frame=269 buffer=0 capture_time=70.630000 elapsed_ms=60840 bytesused=614400 fnv1a32=da7a1785 update=OK
s31preview: frame=270 buffer=1 capture_time=70.870000 elapsed_ms=61070 bytesused=614400 fnv1a32=48185401 update=OK
s31preview: frame=271 buffer=0 capture_time=71.080000 elapsed_ms=61290 bytesused=614400 fnv1a32=6494a1ec update=OK
s31preview: frame=272 buffer=1 capture_time=71.320000 elapsed_ms=61520 bytesused=614400 fnv1a32=4c5b90a3 update=OK
s31preview: frame=273 buffer=0 capture_time=71.530000 elapsed_ms=61720 bytesused=614400 fnv1a32=40755f95 update=OK
s31preview: frame=274 buffer=1 capture_time=71.770000 elapsed_ms=61970 bytesused=614400 fnv1a32=1fa0a4c9 update=OK
s31preview: frame=275 buffer=0 capture_time=71.980000 elapsed_ms=62170 bytesused=614400 fnv1a32=3b0cd224 update=OK
s31preview: frame=276 buffer=1 capture_time=72.220000 elapsed_ms=62420 bytesused=614400 fnv1a32=804fa7ac update=OK
s31preview: frame=277 buffer=0 capture_time=72.430000 elapsed_ms=62620 bytesused=614400 fnv1a32=da15032f update=OK
s31preview: frame=278 buffer=1 capture_time=72.670000 elapsed_ms=62870 bytesused=614400 fnv1a32=e6360269 update=OK
s31preview: frame=279 buffer=0 capture_time=72.880000 elapsed_ms=63070 bytesused=614400 fnv1a32=b0b21c32 update=OK
s31preview: frame=280 buffer=1 capture_time=73.120000 elapsed_ms=63320 bytesused=614400 fnv1a32=e06102f5 update=OK
s31preview: frame=281 buffer=0 capture_time=73.330000 elapsed_ms=63520 bytesused=614400 fnv1a32=9dac3023 update=OK
s31preview: frame=282 buffer=1 capture_time=73.570000 elapsed_ms=63750 bytesused=614400 fnv1a32=7f56a4e4 update=OK
s31preview: frame=283 buffer=0 capture_time=73.780000 elapsed_ms=63970 bytesused=614400 fnv1a32=193b71ba update=OK
s31preview: frame=284 buffer=1 capture_time=74.020000 elapsed_ms=64200 bytesused=614400 fnv1a32=8d730b9a update=OK
s31preview: frame=285 buffer=0 capture_time=74.230000 elapsed_ms=64420 bytesused=614400 fnv1a32=92f7aedb update=OK
s31preview: frame=286 buffer=1 capture_time=74.470000 elapsed_ms=64650 bytesused=614400 fnv1a32=6f169852 update=OK
s31preview: frame=287 buffer=0 capture_time=74.680000 elapsed_ms=64870 bytesused=614400 fnv1a32=2bf68da6 update=OK
s31preview: frame=288 buffer=1 capture_time=74.920000 elapsed_ms=65100 bytesused=614400 fnv1a32=fb3a80af update=OK
s31preview: frame=289 buffer=0 capture_time=75.130000 elapsed_ms=65330 bytesused=614400 fnv1a32=ba08dbd7 update=OK
s31preview: frame=290 buffer=1 capture_time=75.370000 elapsed_ms=65550 bytesused=614400 fnv1a32=0d6fce0e update=OK
s31preview: frame=291 buffer=0 capture_time=75.580000 elapsed_ms=65780 bytesused=614400 fnv1a32=3f35f855 update=OK
s31preview: frame=292 buffer=1 capture_time=75.820000 elapsed_ms=66000 bytesused=614400 fnv1a32=4fec1adc update=OK
s31preview: frame=293 buffer=0 capture_time=76.040000 elapsed_ms=66230 bytesused=614400 fnv1a32=ec8e8928 update=OK
s31preview: frame=294 buffer=1 capture_time=76.270000 elapsed_ms=66450 bytesused=614400 fnv1a32=a54868c1 update=OK
s31preview: frame=295 buffer=0 capture_time=76.490000 elapsed_ms=66680 bytesused=614400 fnv1a32=dcedd438 update=OK
s31preview: frame=296 buffer=1 capture_time=76.720000 elapsed_ms=66920 bytesused=614400 fnv1a32=d59110ca update=OK
s31preview: frame=297 buffer=0 capture_time=76.940000 elapsed_ms=67130 bytesused=614400 fnv1a32=04c29433 update=OK
s31preview: frame=298 buffer=1 capture_time=77.170000 elapsed_ms=67370 bytesused=614400 fnv1a32=6842427e update=OK
s31preview: frame=299 buffer=0 capture_time=77.390000 elapsed_ms=67590 bytesused=614400 fnv1a32=4e1505cc update=OK
s31preview: frame=300 buffer=1 capture_time=77.620000 elapsed_ms=67820 bytesused=614400 fnv1a32=083e5f25 update=OK
s31preview: frame=301 buffer=0 capture_time=77.840000 elapsed_ms=68040 bytesused=614400 fnv1a32=1610ffb6 update=OK
s31preview: frame=302 buffer=1 capture_time=78.070000 elapsed_ms=68270 bytesused=614400 fnv1a32=1fe39a34 update=OK
s31preview: frame=303 buffer=0 capture_time=78.290000 elapsed_ms=68490 bytesused=614400 fnv1a32=e85279fb update=OK
s31preview: frame=304 buffer=1 capture_time=78.520000 elapsed_ms=68720 bytesused=614400 fnv1a32=c711c787 update=OK
s31preview: frame=305 buffer=0 capture_time=78.740000 elapsed_ms=68950 bytesused=614400 fnv1a32=43b122fb update=OK
s31preview: frame=306 buffer=1 capture_time=78.970000 elapsed_ms=69170 bytesused=614400 fnv1a32=7de7c7c9 update=OK
s31preview: frame=307 buffer=0 capture_time=79.190000 elapsed_ms=69400 bytesused=614400 fnv1a32=52f3e306 update=OK
s31preview: frame=308 buffer=1 capture_time=79.420000 elapsed_ms=69620 bytesused=614400 fnv1a32=8823eb16 update=OK
s31preview: frame=309 buffer=0 capture_time=79.640000 elapsed_ms=69850 bytesused=614400 fnv1a32=703754ec update=OK
s31preview: frame=310 buffer=1 capture_time=79.870000 elapsed_ms=70050 bytesused=614400 fnv1a32=426c8892 update=OK
s31preview: frame=311 buffer=0 capture_time=80.090000 elapsed_ms=70280 bytesused=614400 fnv1a32=45739f16 update=OK
s31preview: frame=312 buffer=1 capture_time=80.320000 elapsed_ms=70500 bytesused=614400 fnv1a32=0ce1551e update=OK
s31preview: frame=313 buffer=0 capture_time=80.540000 elapsed_ms=70730 bytesused=614400 fnv1a32=7e7416d9 update=OK
s31preview: frame=314 buffer=1 capture_time=80.770000 elapsed_ms=70950 bytesused=614400 fnv1a32=1c48d885 update=OK
s31preview: frame=315 buffer=0 capture_time=80.990000 elapsed_ms=71180 bytesused=614400 fnv1a32=c4901e1b update=OK
s31preview: frame=316 buffer=1 capture_time=81.220000 elapsed_ms=71400 bytesused=614400 fnv1a32=1ca8fc44 update=OK
s31preview: frame=317 buffer=0 capture_time=81.440000 elapsed_ms=71630 bytesused=614400 fnv1a32=88e04516 update=OK
s31preview: frame=318 buffer=1 capture_time=81.670000 elapsed_ms=71850 bytesused=614400 fnv1a32=7f329d21 update=OK
s31preview: frame=319 buffer=0 capture_time=81.890000 elapsed_ms=72080 bytesused=614400 fnv1a32=d1f04e00 update=OK
s31preview: frame=320 buffer=1 capture_time=82.120000 elapsed_ms=72300 bytesused=614400 fnv1a32=0a5b96fd update=OK
s31preview: frame=321 buffer=0 capture_time=82.340000 elapsed_ms=72530 bytesused=614400 fnv1a32=4ae69ed7 update=OK
s31preview: frame=322 buffer=1 capture_time=82.570000 elapsed_ms=72750 bytesused=614400 fnv1a32=35ac918f update=OK
s31preview: frame=323 buffer=0 capture_time=82.790000 elapsed_ms=72980 bytesused=614400 fnv1a32=143272ca update=OK
s31preview: frame=324 buffer=1 capture_time=83.020000 elapsed_ms=73220 bytesused=614400 fnv1a32=9df30c6b update=OK
s31preview: frame=325 buffer=0 capture_time=83.240000 elapsed_ms=73430 bytesused=614400 fnv1a32=8bd39e7a update=OK
s31preview: frame=326 buffer=1 capture_time=83.470000 elapsed_ms=73670 bytesused=614400 fnv1a32=49c4b7b2 update=OK
s31preview: frame=327 buffer=0 capture_time=83.690000 elapsed_ms=73890 bytesused=614400 fnv1a32=28646830 update=OK
s31preview: frame=328 buffer=1 capture_time=83.920000 elapsed_ms=74120 bytesused=614400 fnv1a32=f607140c update=OK
s31preview: frame=329 buffer=0 capture_time=84.140000 elapsed_ms=74340 bytesused=614400 fnv1a32=5143807d update=OK
s31preview: frame=330 buffer=1 capture_time=84.370000 elapsed_ms=74570 bytesused=614400 fnv1a32=23f9c8ed update=OK
s31preview: frame=331 buffer=0 capture_time=84.590000 elapsed_ms=74790 bytesused=614400 fnv1a32=6d4c5ab1 update=OK
s31preview: frame=332 buffer=1 capture_time=84.820000 elapsed_ms=75020 bytesused=614400 fnv1a32=e8d4bc3c update=OK
s31preview: frame=333 buffer=0 capture_time=85.040000 elapsed_ms=75250 bytesused=614400 fnv1a32=c27949a1 update=OK
s31preview: frame=334 buffer=1 capture_time=85.270000 elapsed_ms=75470 bytesused=614400 fnv1a32=4fe32bd0 update=OK
s31preview: frame=335 buffer=0 capture_time=85.490000 elapsed_ms=75700 bytesused=614400 fnv1a32=d24c5ea5 update=OK
s31preview: frame=336 buffer=1 capture_time=85.720000 elapsed_ms=75900 bytesused=614400 fnv1a32=d29dee29 update=OK
s31preview: frame=337 buffer=0 capture_time=85.940000 elapsed_ms=76130 bytesused=614400 fnv1a32=aa7e52d1 update=OK
s31preview: frame=338 buffer=1 capture_time=86.180000 elapsed_ms=76380 bytesused=614400 fnv1a32=3004f40b update=OK
s31preview: frame=339 buffer=0 capture_time=86.390000 elapsed_ms=76580 bytesused=614400 fnv1a32=13535984 update=OK
s31preview: frame=340 buffer=1 capture_time=86.630000 elapsed_ms=76830 bytesused=614400 fnv1a32=b21b21e6 update=OK
s31preview: frame=341 buffer=0 capture_time=86.840000 elapsed_ms=77030 bytesused=614400 fnv1a32=cb15f087 update=OK
s31preview: frame=342 buffer=1 capture_time=87.080000 elapsed_ms=77280 bytesused=614400 fnv1a32=a50af2fd update=OK
s31preview: frame=343 buffer=0 capture_time=87.290000 elapsed_ms=77480 bytesused=614400 fnv1a32=545c38a9 update=OK
s31preview: frame=344 buffer=1 capture_time=87.530000 elapsed_ms=77730 bytesused=614400 fnv1a32=ae4e7a6e update=OK
s31preview: frame=345 buffer=0 capture_time=87.740000 elapsed_ms=77930 bytesused=614400 fnv1a32=efcc366a update=OK
s31preview: frame=346 buffer=1 capture_time=87.980000 elapsed_ms=78160 bytesused=614400 fnv1a32=11dbbd2d update=OK
s31preview: frame=347 buffer=0 capture_time=88.190000 elapsed_ms=78380 bytesused=614400 fnv1a32=cef35bfd update=OK
s31preview: frame=348 buffer=1 capture_time=88.430000 elapsed_ms=78610 bytesused=614400 fnv1a32=167f1f8b update=OK
s31preview: frame=349 buffer=0 capture_time=88.640000 elapsed_ms=78830 bytesused=614400 fnv1a32=2d2ca7f9 update=OK
s31preview: frame=350 buffer=1 capture_time=88.880000 elapsed_ms=79060 bytesused=614400 fnv1a32=38625813 update=OK
s31preview: frame=351 buffer=0 capture_time=89.090000 elapsed_ms=79280 bytesused=614400 fnv1a32=50943d83 update=OK
s31preview: frame=352 buffer=1 capture_time=89.330000 elapsed_ms=79510 bytesused=614400 fnv1a32=f8bfa4a9 update=OK
s31preview: frame=353 buffer=0 capture_time=89.540000 elapsed_ms=79730 bytesused=614400 fnv1a32=fbafbf77 update=OK
s31preview: frame=354 buffer=1 capture_time=89.780000 elapsed_ms=79960 bytesused=614400 fnv1a32=fb6a1095 update=OK
s31preview: frame=355 buffer=0 capture_time=89.990000 elapsed_ms=80190 bytesused=614400 fnv1a32=ac4c49cf update=OK
s31preview: frame=356 buffer=1 capture_time=90.230000 elapsed_ms=80410 bytesused=614400 fnv1a32=5651ff41 update=OK
s31preview: frame=357 buffer=0 capture_time=90.440000 elapsed_ms=80640 bytesused=614400 fnv1a32=9d809cad update=OK
s31preview: frame=358 buffer=1 capture_time=90.680000 elapsed_ms=80860 bytesused=614400 fnv1a32=5af0d823 update=OK
s31preview: frame=359 buffer=0 capture_time=90.890000 elapsed_ms=81090 bytesused=614400 fnv1a32=642d252c update=OK
s31preview: frame=360 buffer=1 capture_time=91.130000 elapsed_ms=81310 bytesused=614400 fnv1a32=9ea7ba63 update=OK
s31preview: frame=361 buffer=0 capture_time=91.340000 elapsed_ms=81550 bytesused=614400 fnv1a32=6c425dc9 update=OK
s31preview: frame=362 buffer=1 capture_time=91.580000 elapsed_ms=81780 bytesused=614400 fnv1a32=f302d3b1 update=OK
s31preview: frame=363 buffer=0 capture_time=91.790000 elapsed_ms=82000 bytesused=614400 fnv1a32=5a8bcee6 update=OK
s31preview: frame=364 buffer=1 capture_time=92.030000 elapsed_ms=82230 bytesused=614400 fnv1a32=649a38e5 update=OK
s31preview: frame=365 buffer=0 capture_time=92.240000 elapsed_ms=82430 bytesused=614400 fnv1a32=ae454150 update=OK
s31preview: frame=366 buffer=1 capture_time=92.480000 elapsed_ms=82680 bytesused=614400 fnv1a32=8b1c6aeb update=OK
s31preview: frame=367 buffer=0 capture_time=92.690000 elapsed_ms=82880 bytesused=614400 fnv1a32=38235a78 update=OK
s31preview: frame=368 buffer=1 capture_time=92.930000 elapsed_ms=83130 bytesused=614400 fnv1a32=a6c95684 update=OK
s31preview: frame=369 buffer=0 capture_time=93.140000 elapsed_ms=83330 bytesused=614400 fnv1a32=16cc1a4e update=OK
s31preview: frame=370 buffer=1 capture_time=93.380000 elapsed_ms=83580 bytesused=614400 fnv1a32=2a995578 update=OK
s31preview: frame=371 buffer=0 capture_time=93.590000 elapsed_ms=83780 bytesused=614400 fnv1a32=4cc24fe3 update=OK
s31preview: frame=372 buffer=1 capture_time=93.830000 elapsed_ms=84030 bytesused=614400 fnv1a32=5664f1ae update=OK
s31preview: frame=373 buffer=0 capture_time=94.040000 elapsed_ms=84230 bytesused=614400 fnv1a32=daa4855c update=OK
s31preview: frame=374 buffer=1 capture_time=94.280000 elapsed_ms=84460 bytesused=614400 fnv1a32=7262ee88 update=OK
s31preview: frame=375 buffer=0 capture_time=94.490000 elapsed_ms=84680 bytesused=614400 fnv1a32=3b3e8a38 update=OK
s31preview: frame=376 buffer=1 capture_time=94.730000 elapsed_ms=84910 bytesused=614400 fnv1a32=1c341d26 update=OK
s31preview: frame=377 buffer=0 capture_time=94.940000 elapsed_ms=85130 bytesused=614400 fnv1a32=c312400b update=OK
s31preview: frame=378 buffer=1 capture_time=95.180000 elapsed_ms=85360 bytesused=614400 fnv1a32=5cbc8396 update=OK
s31preview: frame=379 buffer=0 capture_time=95.390000 elapsed_ms=85580 bytesused=614400 fnv1a32=ec520f06 update=OK
s31preview: frame=380 buffer=1 capture_time=95.630000 elapsed_ms=85810 bytesused=614400 fnv1a32=a03bfe92 update=OK
s31preview: frame=381 buffer=0 capture_time=95.840000 elapsed_ms=86030 bytesused=614400 fnv1a32=039a2383 update=OK
s31preview: frame=382 buffer=1 capture_time=96.080000 elapsed_ms=86260 bytesused=614400 fnv1a32=a20c9609 update=OK
s31preview: frame=383 buffer=0 capture_time=96.300000 elapsed_ms=86490 bytesused=614400 fnv1a32=9ff5230f update=OK
s31preview: frame=384 buffer=1 capture_time=96.530000 elapsed_ms=86710 bytesused=614400 fnv1a32=770a18c7 update=OK
s31preview: frame=385 buffer=0 capture_time=96.750000 elapsed_ms=86940 bytesused=614400 fnv1a32=050159f4 update=OK
s31preview: frame=386 buffer=1 capture_time=96.980000 elapsed_ms=87160 bytesused=614400 fnv1a32=a18089d5 update=OK
s31preview: frame=387 buffer=0 capture_time=97.200000 elapsed_ms=87390 bytesused=614400 fnv1a32=fd37762b update=OK
s31preview: frame=388 buffer=1 capture_time=97.430000 elapsed_ms=87630 bytesused=614400 fnv1a32=8fa0919d update=OK
s31preview: frame=389 buffer=0 capture_time=97.650000 elapsed_ms=87840 bytesused=614400 fnv1a32=9c59b376 update=OK
s31preview: frame=390 buffer=1 capture_time=97.880000 elapsed_ms=88080 bytesused=614400 fnv1a32=94234ef3 update=OK
s31preview: frame=391 buffer=0 capture_time=98.100000 elapsed_ms=88290 bytesused=614400 fnv1a32=67cdd411 update=OK
s31preview: frame=392 buffer=1 capture_time=98.330000 elapsed_ms=88530 bytesused=614400 fnv1a32=d17c4ecf update=OK
s31preview: frame=393 buffer=0 capture_time=98.550000 elapsed_ms=88750 bytesused=614400 fnv1a32=2d4c2354 update=OK
s31preview: frame=394 buffer=1 capture_time=98.780000 elapsed_ms=88980 bytesused=614400 fnv1a32=41cf08f2 update=OK
s31preview: frame=395 buffer=0 capture_time=99.000000 elapsed_ms=89200 bytesused=614400 fnv1a32=8ba38b71 update=OK
s31preview: frame=396 buffer=1 capture_time=99.230000 elapsed_ms=89430 bytesused=614400 fnv1a32=38186f97 update=OK
s31preview: frame=397 buffer=0 capture_time=99.450000 elapsed_ms=89650 bytesused=614400 fnv1a32=3eba10c9 update=OK
s31preview: frame=398 buffer=1 capture_time=99.680000 elapsed_ms=89880 bytesused=614400 fnv1a32=ed9c98f6 update=OK
s31preview: frame=399 buffer=0 capture_time=99.900000 elapsed_ms=90110 bytesused=614400 fnv1a32=d4732ad0 update=OK
s31preview: frame=400 buffer=1 capture_time=100.130000 elapsed_ms=90330 bytesused=614400 fnv1a32=1587b02b update=OK
s31preview: frame=401 buffer=0 capture_time=100.350000 elapsed_ms=90560 bytesused=614400 fnv1a32=a2a0cfaf update=OK
s31preview: frame=402 buffer=1 capture_time=100.580000 elapsed_ms=90760 bytesused=614400 fnv1a32=e8ceceae update=OK
s31preview: frame=403 buffer=0 capture_time=100.800000 elapsed_ms=90990 bytesused=614400 fnv1a32=46ee3802 update=OK
s31preview: frame=404 buffer=1 capture_time=101.030000 elapsed_ms=91210 bytesused=614400 fnv1a32=d2c3f788 update=OK
s31preview: frame=405 buffer=0 capture_time=101.250000 elapsed_ms=91440 bytesused=614400 fnv1a32=3f98ac17 update=OK
s31preview: frame=406 buffer=1 capture_time=101.480000 elapsed_ms=91660 bytesused=614400 fnv1a32=c4e37459 update=OK
s31preview: frame=407 buffer=0 capture_time=101.700000 elapsed_ms=91890 bytesused=614400 fnv1a32=f1c15ee9 update=OK
s31preview: frame=408 buffer=1 capture_time=101.930000 elapsed_ms=92110 bytesused=614400 fnv1a32=c4c9631d update=OK
s31preview: frame=409 buffer=0 capture_time=102.150000 elapsed_ms=92340 bytesused=614400 fnv1a32=008056c9 update=OK
s31preview: frame=410 buffer=1 capture_time=102.380000 elapsed_ms=92560 bytesused=614400 fnv1a32=3db0e1c1 update=OK
s31preview: frame=411 buffer=0 capture_time=102.600000 elapsed_ms=92790 bytesused=614400 fnv1a32=d63dac9c update=OK
s31preview: frame=412 buffer=1 capture_time=102.830000 elapsed_ms=93010 bytesused=614400 fnv1a32=5892a99e update=OK
s31preview: frame=413 buffer=0 capture_time=103.050000 elapsed_ms=93240 bytesused=614400 fnv1a32=12bbad81 update=OK
s31preview: frame=414 buffer=1 capture_time=103.280000 elapsed_ms=93460 bytesused=614400 fnv1a32=36cc04ca update=OK
s31preview: frame=415 buffer=0 capture_time=103.500000 elapsed_ms=93690 bytesused=614400 fnv1a32=7205cd04 update=OK
s31preview: frame=416 buffer=1 capture_time=103.730000 elapsed_ms=93930 bytesused=614400 fnv1a32=52c6d871 update=OK
s31preview: frame=417 buffer=0 capture_time=103.950000 elapsed_ms=94140 bytesused=614400 fnv1a32=60fd110e update=OK
s31preview: frame=418 buffer=1 capture_time=104.180000 elapsed_ms=94380 bytesused=614400 fnv1a32=fd3fdb57 update=OK
s31preview: frame=419 buffer=0 capture_time=104.400000 elapsed_ms=94600 bytesused=614400 fnv1a32=f02e67b0 update=OK
s31preview: frame=420 buffer=1 capture_time=104.630000 elapsed_ms=94830 bytesused=614400 fnv1a32=f7c29c39 update=OK
s31preview: frame=421 buffer=0 capture_time=104.850000 elapsed_ms=95050 bytesused=614400 fnv1a32=5bc97b49 update=OK
s31preview: frame=422 buffer=1 capture_time=105.080000 elapsed_ms=95280 bytesused=614400 fnv1a32=c9155ebd update=OK
s31preview: frame=423 buffer=0 capture_time=105.300000 elapsed_ms=95500 bytesused=614400 fnv1a32=0275cb39 update=OK
s31preview: frame=424 buffer=1 capture_time=105.530000 elapsed_ms=95730 bytesused=614400 fnv1a32=fe977237 update=OK
s31preview: frame=425 buffer=0 capture_time=105.750000 elapsed_ms=95950 bytesused=614400 fnv1a32=f68cd297 update=OK
s31preview: frame=426 buffer=1 capture_time=105.990000 elapsed_ms=96190 bytesused=614400 fnv1a32=98e1c5fb update=OK
s31preview: frame=427 buffer=0 capture_time=106.200000 elapsed_ms=96410 bytesused=614400 fnv1a32=0f854e1a update=OK
s31preview: frame=428 buffer=1 capture_time=106.440000 elapsed_ms=96640 bytesused=614400 fnv1a32=4919723e update=OK
s31preview: frame=429 buffer=0 capture_time=106.650000 elapsed_ms=96860 bytesused=614400 fnv1a32=9555ad72 update=OK
s31preview: frame=430 buffer=1 capture_time=106.890000 elapsed_ms=97090 bytesused=614400 fnv1a32=ba986e48 update=OK
s31preview: frame=431 buffer=0 capture_time=107.100000 elapsed_ms=97290 bytesused=614400 fnv1a32=7d769404 update=OK
s31preview: frame=432 buffer=1 capture_time=107.340000 elapsed_ms=97540 bytesused=614400 fnv1a32=f291b710 update=OK
s31preview: frame=433 buffer=0 capture_time=107.550000 elapsed_ms=97740 bytesused=614400 fnv1a32=d3a923ac update=OK
s31preview: frame=434 buffer=1 capture_time=107.790000 elapsed_ms=97990 bytesused=614400 fnv1a32=8971026f update=OK
s31preview: frame=435 buffer=0 capture_time=108.000000 elapsed_ms=98190 bytesused=614400 fnv1a32=995558e2 update=OK
s31preview: frame=436 buffer=1 capture_time=108.240000 elapsed_ms=98440 bytesused=614400 fnv1a32=775ff4f2 update=OK
s31preview: frame=437 buffer=0 capture_time=108.450000 elapsed_ms=98640 bytesused=614400 fnv1a32=99719b1c update=OK
s31preview: frame=438 buffer=1 capture_time=108.690000 elapsed_ms=98890 bytesused=614400 fnv1a32=53ef62e1 update=OK
s31preview: frame=439 buffer=0 capture_time=108.900000 elapsed_ms=99090 bytesused=614400 fnv1a32=da14c813 update=OK
s31preview: frame=440 buffer=1 capture_time=109.140000 elapsed_ms=99320 bytesused=614400 fnv1a32=56e18522 update=OK
s31preview: frame=441 buffer=0 capture_time=109.350000 elapsed_ms=99540 bytesused=614400 fnv1a32=1afa8c2f update=OK
s31preview: frame=442 buffer=1 capture_time=109.590000 elapsed_ms=99770 bytesused=614400 fnv1a32=f1373e57 update=OK
s31preview: frame=443 buffer=0 capture_time=109.800000 elapsed_ms=99990 bytesused=614400 fnv1a32=178bf92b update=OK
s31preview: frame=444 buffer=1 capture_time=110.040000 elapsed_ms=100220 bytesused=614400 fnv1a32=562c5eca update=OK
s31preview: frame=445 buffer=0 capture_time=110.250000 elapsed_ms=100440 bytesused=614400 fnv1a32=3fddebfe update=OK
s31preview: frame=446 buffer=1 capture_time=110.490000 elapsed_ms=100670 bytesused=614400 fnv1a32=e2b914ff update=OK
s31preview: frame=447 buffer=0 capture_time=110.700000 elapsed_ms=100900 bytesused=614400 fnv1a32=b825c3f3 update=OK
s31preview: frame=448 buffer=1 capture_time=110.940000 elapsed_ms=101120 bytesused=614400 fnv1a32=d9ef2fe2 update=OK
s31preview: frame=449 buffer=0 capture_time=111.150000 elapsed_ms=101350 bytesused=614400 fnv1a32=c4f51e21 update=OK
s31preview: frame=450 buffer=1 capture_time=111.390000 elapsed_ms=101570 bytesused=614400 fnv1a32=b7730484 update=OK
s31preview: frame=451 buffer=0 capture_time=111.600000 elapsed_ms=101800 bytesused=614400 fnv1a32=c15c5305 update=OK
s31preview: frame=452 buffer=1 capture_time=111.840000 elapsed_ms=102020 bytesused=614400 fnv1a32=98b4825b update=OK
s31preview: frame=453 buffer=0 capture_time=112.050000 elapsed_ms=102250 bytesused=614400 fnv1a32=b8f82203 update=OK
s31preview: frame=454 buffer=1 capture_time=112.290000 elapsed_ms=102490 bytesused=614400 fnv1a32=1c4fae36 update=OK
s31preview: frame=455 buffer=0 capture_time=112.500000 elapsed_ms=102710 bytesused=614400 fnv1a32=10efd441 update=OK
s31preview: frame=456 buffer=1 capture_time=112.740000 elapsed_ms=102940 bytesused=614400 fnv1a32=2daff0d2 update=OK
s31preview: frame=457 buffer=0 capture_time=112.950000 elapsed_ms=103160 bytesused=614400 fnv1a32=f3d72675 update=OK
s31preview: frame=458 buffer=1 capture_time=113.190000 elapsed_ms=103390 bytesused=614400 fnv1a32=c6f50a4d update=OK
s31preview: frame=459 buffer=0 capture_time=113.400000 elapsed_ms=103590 bytesused=614400 fnv1a32=af6c52a7 update=OK
s31preview: frame=460 buffer=1 capture_time=113.640000 elapsed_ms=103840 bytesused=614400 fnv1a32=3e175b57 update=OK
s31preview: frame=461 buffer=0 capture_time=113.850000 elapsed_ms=104040 bytesused=614400 fnv1a32=689e5f29 update=OK
s31preview: frame=462 buffer=1 capture_time=114.090000 elapsed_ms=104290 bytesused=614400 fnv1a32=3796a7c5 update=OK
s31preview: frame=463 buffer=0 capture_time=114.300000 elapsed_ms=104490 bytesused=614400 fnv1a32=3edfb288 update=OK
s31preview: frame=464 buffer=1 capture_time=114.540000 elapsed_ms=104740 bytesused=614400 fnv1a32=4093eb90 update=OK
s31preview: frame=465 buffer=0 capture_time=114.750000 elapsed_ms=104940 bytesused=614400 fnv1a32=5aca1a1b update=OK
s31preview: frame=466 buffer=1 capture_time=114.990000 elapsed_ms=105190 bytesused=614400 fnv1a32=6f066864 update=OK
s31preview: frame=467 buffer=0 capture_time=115.200000 elapsed_ms=105390 bytesused=614400 fnv1a32=10190369 update=OK
s31preview: frame=468 buffer=1 capture_time=115.440000 elapsed_ms=105620 bytesused=614400 fnv1a32=728b5650 update=OK
s31preview: frame=469 buffer=0 capture_time=115.650000 elapsed_ms=105840 bytesused=614400 fnv1a32=80bad15d update=OK
s31preview: frame=470 buffer=1 capture_time=115.890000 elapsed_ms=106070 bytesused=614400 fnv1a32=9602db28 update=OK
s31preview: frame=471 buffer=0 capture_time=116.110000 elapsed_ms=106300 bytesused=614400 fnv1a32=1ae00211 update=OK
s31preview: frame=472 buffer=1 capture_time=116.340000 elapsed_ms=106520 bytesused=614400 fnv1a32=7f0bc28c update=OK
s31preview: frame=473 buffer=0 capture_time=116.560000 elapsed_ms=106750 bytesused=614400 fnv1a32=25d9049d update=OK
s31preview: frame=474 buffer=1 capture_time=116.790000 elapsed_ms=106970 bytesused=614400 fnv1a32=ccf2d31e update=OK
s31preview: frame=475 buffer=0 capture_time=117.010000 elapsed_ms=107200 bytesused=614400 fnv1a32=8976ef06 update=OK
s31preview: frame=476 buffer=1 capture_time=117.240000 elapsed_ms=107420 bytesused=614400 fnv1a32=7e211f96 update=OK
s31preview: frame=477 buffer=0 capture_time=117.460000 elapsed_ms=107650 bytesused=614400 fnv1a32=2e8054f3 update=OK
s31preview: frame=478 buffer=1 capture_time=117.690000 elapsed_ms=107870 bytesused=614400 fnv1a32=620246d4 update=OK
s31preview: frame=479 buffer=0 capture_time=117.910000 elapsed_ms=108100 bytesused=614400 fnv1a32=405b9897 update=OK
s31preview: frame=480 buffer=1 capture_time=118.140000 elapsed_ms=108320 bytesused=614400 fnv1a32=533e3d0d update=OK
s31preview: frame=481 buffer=0 capture_time=118.360000 elapsed_ms=108550 bytesused=614400 fnv1a32=e42948ba update=OK
s31preview: frame=482 buffer=1 capture_time=118.590000 elapsed_ms=108790 bytesused=614400 fnv1a32=8e530ef9 update=OK
s31preview: frame=483 buffer=0 capture_time=118.810000 elapsed_ms=109000 bytesused=614400 fnv1a32=57167f18 update=OK
s31preview: frame=484 buffer=1 capture_time=119.040000 elapsed_ms=109240 bytesused=614400 fnv1a32=0ca871ae update=OK
s31preview: frame=485 buffer=0 capture_time=119.260000 elapsed_ms=109460 bytesused=614400 fnv1a32=34fd927b update=OK
s31preview: frame=486 buffer=1 capture_time=119.490000 elapsed_ms=109690 bytesused=614400 fnv1a32=19098210 update=OK
s31preview: frame=487 buffer=0 capture_time=119.710000 elapsed_ms=109910 bytesused=614400 fnv1a32=6b9280da update=OK
s31preview: frame=488 buffer=1 capture_time=119.940000 elapsed_ms=110140 bytesused=614400 fnv1a32=f504c496 update=OK
s31preview: frame=489 buffer=0 capture_time=120.160000 elapsed_ms=110360 bytesused=614400 fnv1a32=259487ec update=OK
s31preview: frame=490 buffer=1 capture_time=120.390000 elapsed_ms=110590 bytesused=614400 fnv1a32=b55aa8c3 update=OK
s31preview: frame=491 buffer=0 capture_time=120.610000 elapsed_ms=110820 bytesused=614400 fnv1a32=0a698b84 update=OK
s31preview: frame=492 buffer=1 capture_time=120.840000 elapsed_ms=111040 bytesused=614400 fnv1a32=4f43e920 update=OK
s31preview: frame=493 buffer=0 capture_time=121.060000 elapsed_ms=111270 bytesused=614400 fnv1a32=f95dc2d5 update=OK
s31preview: frame=494 buffer=1 capture_time=121.290000 elapsed_ms=111490 bytesused=614400 fnv1a32=956561f4 update=OK
s31preview: frame=495 buffer=0 capture_time=121.510000 elapsed_ms=111720 bytesused=614400 fnv1a32=f786edb5 update=OK
s31preview: frame=496 buffer=1 capture_time=121.740000 elapsed_ms=111920 bytesused=614400 fnv1a32=22496826 update=OK
s31preview: frame=497 buffer=0 capture_time=121.960000 elapsed_ms=112150 bytesused=614400 fnv1a32=bf7a84a2 update=OK
s31preview: frame=498 buffer=1 capture_time=122.190000 elapsed_ms=112370 bytesused=614400 fnv1a32=fa94d4c4 update=OK
s31preview: frame=499 buffer=0 capture_time=122.410000 elapsed_ms=112600 bytesused=614400 fnv1a32=81f3360b update=OK
s31preview: frame=500 buffer=1 capture_time=122.640000 elapsed_ms=112820 bytesused=614400 fnv1a32=a41fc660 update=OK
s31preview: frame=501 buffer=0 capture_time=122.860000 elapsed_ms=113050 bytesused=614400 fnv1a32=cd37b5e5 update=OK
s31preview: frame=502 buffer=1 capture_time=123.090000 elapsed_ms=113270 bytesused=614400 fnv1a32=130cee80 update=OK
s31preview: frame=503 buffer=0 capture_time=123.310000 elapsed_ms=113500 bytesused=614400 fnv1a32=3db87dcd update=OK
s31preview: frame=504 buffer=1 capture_time=123.540000 elapsed_ms=113720 bytesused=614400 fnv1a32=a1ade673 update=OK
s31preview: frame=505 buffer=0 capture_time=123.760000 elapsed_ms=113950 bytesused=614400 fnv1a32=30f10533 update=OK
s31preview: frame=506 buffer=1 capture_time=123.990000 elapsed_ms=114170 bytesused=614400 fnv1a32=7aa50e6e update=OK
s31preview: frame=507 buffer=0 capture_time=124.210000 elapsed_ms=114400 bytesused=614400 fnv1a32=47c7ff87 update=OK
s31preview: frame=508 buffer=1 capture_time=124.440000 elapsed_ms=114620 bytesused=614400 fnv1a32=9f9933c6 update=OK
s31preview: frame=509 buffer=0 capture_time=124.660000 elapsed_ms=114850 bytesused=614400 fnv1a32=2e062169 update=OK
s31preview: frame=510 buffer=1 capture_time=124.890000 elapsed_ms=115090 bytesused=614400 fnv1a32=81972691 update=OK
s31preview: frame=511 buffer=0 capture_time=125.110000 elapsed_ms=115300 bytesused=614400 fnv1a32=b477e1c3 update=OK
s31preview: frame=512 buffer=1 capture_time=125.340000 elapsed_ms=115540 bytesused=614400 fnv1a32=d59ff2fb update=OK
s31preview: frame=513 buffer=0 capture_time=125.560000 elapsed_ms=115760 bytesused=614400 fnv1a32=2d011673 update=OK
s31preview: frame=514 buffer=1 capture_time=125.790000 elapsed_ms=115990 bytesused=614400 fnv1a32=b3ef4247 update=OK
s31preview: frame=515 buffer=0 capture_time=126.010000 elapsed_ms=116210 bytesused=614400 fnv1a32=8e08cbb0 update=OK
s31preview: frame=516 buffer=1 capture_time=126.250000 elapsed_ms=116430 bytesused=614400 fnv1a32=42da97a3 update=OK
s31preview: frame=517 buffer=0 capture_time=126.460000 elapsed_ms=116660 bytesused=614400 fnv1a32=f0b750e1 update=OK
s31preview: frame=518 buffer=1 capture_time=126.700000 elapsed_ms=116880 bytesused=614400 fnv1a32=dc3e9c51 update=OK
s31preview: frame=519 buffer=0 capture_time=126.910000 elapsed_ms=117120 bytesused=614400 fnv1a32=3e09b142 update=OK
s31preview: frame=520 buffer=1 capture_time=127.150000 elapsed_ms=117350 bytesused=614400 fnv1a32=48dd17bf update=OK
s31preview: frame=521 buffer=0 capture_time=127.360000 elapsed_ms=117570 bytesused=614400 fnv1a32=42dfa69f update=OK
s31preview: frame=522 buffer=1 capture_time=127.600000 elapsed_ms=117800 bytesused=614400 fnv1a32=08527174 update=OK
s31preview: frame=523 buffer=0 capture_time=127.810000 elapsed_ms=118000 bytesused=614400 fnv1a32=8388a778 update=OK
s31preview: frame=524 buffer=1 capture_time=128.050000 elapsed_ms=118250 bytesused=614400 fnv1a32=e67c02c4 update=OK
s31preview: frame=525 buffer=0 capture_time=128.260000 elapsed_ms=118450 bytesused=614400 fnv1a32=345e84f1 update=OK
s31preview: frame=526 buffer=1 capture_time=128.500000 elapsed_ms=118700 bytesused=614400 fnv1a32=25b19516 update=OK
s31preview: frame=527 buffer=0 capture_time=128.710000 elapsed_ms=118900 bytesused=614400 fnv1a32=88ec6b8b update=OK
s31preview: frame=528 buffer=1 capture_time=128.950000 elapsed_ms=119150 bytesused=614400 fnv1a32=6e43749b update=OK
s31preview: frame=529 buffer=0 capture_time=129.160000 elapsed_ms=119350 bytesused=614400 fnv1a32=e0859a37 update=OK
s31preview: frame=530 buffer=1 capture_time=129.400000 elapsed_ms=119600 bytesused=614400 fnv1a32=12b00f6c update=OK
s31preview: frame=531 buffer=0 capture_time=129.610000 elapsed_ms=119800 bytesused=614400 fnv1a32=679884d5 update=OK
s31preview: frame=532 buffer=1 capture_time=129.850000 elapsed_ms=120030 bytesused=614400 fnv1a32=ec32efd9 update=OK
s31preview: frame=533 buffer=0 capture_time=130.060000 elapsed_ms=120250 bytesused=614400 fnv1a32=3dfd3669 update=OK
s31preview: frame=534 buffer=1 capture_time=130.300000 elapsed_ms=120480 bytesused=614400 fnv1a32=760a4c7d update=OK
s31preview: frame=535 buffer=0 capture_time=130.510000 elapsed_ms=120700 bytesused=614400 fnv1a32=84b0584d update=OK
s31preview: frame=536 buffer=1 capture_time=130.750000 elapsed_ms=120930 bytesused=614400 fnv1a32=62af0fdf update=OK
s31preview: frame=537 buffer=0 capture_time=130.960000 elapsed_ms=121150 bytesused=614400 fnv1a32=4c7abe8f update=OK
s31preview: frame=538 buffer=1 capture_time=131.200000 elapsed_ms=121380 bytesused=614400 fnv1a32=d6753983 update=OK
s31preview: frame=539 buffer=0 capture_time=131.410000 elapsed_ms=121600 bytesused=614400 fnv1a32=33e15929 update=OK
s31preview: frame=540 buffer=1 capture_time=131.650000 elapsed_ms=121830 bytesused=614400 fnv1a32=de183a24 update=OK
s31preview: frame=541 buffer=0 capture_time=131.860000 elapsed_ms=122060 bytesused=614400 fnv1a32=f45e8d86 update=OK
s31preview: frame=542 buffer=1 capture_time=132.100000 elapsed_ms=122280 bytesused=614400 fnv1a32=ee3f34a8 update=OK
s31preview: frame=543 buffer=0 capture_time=132.310000 elapsed_ms=122510 bytesused=614400 fnv1a32=51b6f520 update=OK
s31preview: frame=544 buffer=1 capture_time=132.550000 elapsed_ms=122730 bytesused=614400 fnv1a32=3c785681 update=OK
s31preview: frame=545 buffer=0 capture_time=132.760000 elapsed_ms=122960 bytesused=614400 fnv1a32=63f93f78 update=OK
s31preview: frame=546 buffer=1 capture_time=133.000000 elapsed_ms=123180 bytesused=614400 fnv1a32=604fc089 update=OK
s31preview: frame=547 buffer=0 capture_time=133.210000 elapsed_ms=123420 bytesused=614400 fnv1a32=0b43dcb1 update=OK
s31preview: frame=548 buffer=1 capture_time=133.450000 elapsed_ms=123650 bytesused=614400 fnv1a32=31d0accc update=OK
s31preview: frame=549 buffer=0 capture_time=133.660000 elapsed_ms=123870 bytesused=614400 fnv1a32=828f8e3d update=OK
s31preview: frame=550 buffer=1 capture_time=133.900000 elapsed_ms=124100 bytesused=614400 fnv1a32=d00825e8 update=OK
s31preview: frame=551 buffer=0 capture_time=134.110000 elapsed_ms=124300 bytesused=614400 fnv1a32=7ef65980 update=OK
s31preview: frame=552 buffer=1 capture_time=134.350000 elapsed_ms=124550 bytesused=614400 fnv1a32=3a643d0a update=OK
s31preview: frame=553 buffer=0 capture_time=134.560000 elapsed_ms=124750 bytesused=614400 fnv1a32=7a2a2a21 update=OK
s31preview: frame=554 buffer=1 capture_time=134.800000 elapsed_ms=125000 bytesused=614400 fnv1a32=588cff9a update=OK
s31preview: frame=555 buffer=0 capture_time=135.010000 elapsed_ms=125200 bytesused=614400 fnv1a32=c78ec16e update=OK
s31preview: frame=556 buffer=1 capture_time=135.250000 elapsed_ms=125450 bytesused=614400 fnv1a32=3eda67b7 update=OK
s31preview: frame=557 buffer=0 capture_time=135.460000 elapsed_ms=125650 bytesused=614400 fnv1a32=8532f005 update=OK
s31preview: frame=558 buffer=1 capture_time=135.700000 elapsed_ms=125900 bytesused=614400 fnv1a32=f4d6a640 update=OK
s31preview: frame=559 buffer=0 capture_time=135.910000 elapsed_ms=126100 bytesused=614400 fnv1a32=25ed5635 update=OK
s31preview: frame=560 buffer=1 capture_time=136.150000 elapsed_ms=126330 bytesused=614400 fnv1a32=efc02e39 update=OK
s31preview: frame=561 buffer=0 capture_time=136.370000 elapsed_ms=126560 bytesused=614400 fnv1a32=62dce071 update=OK
s31preview: frame=562 buffer=1 capture_time=136.600000 elapsed_ms=126780 bytesused=614400 fnv1a32=040d6a83 update=OK
s31preview: frame=563 buffer=0 capture_time=136.820000 elapsed_ms=127010 bytesused=614400 fnv1a32=838d3c7e update=OK
s31preview: frame=564 buffer=1 capture_time=137.050000 elapsed_ms=127230 bytesused=614400 fnv1a32=cad343a0 update=OK
s31preview: frame=565 buffer=0 capture_time=137.270000 elapsed_ms=127460 bytesused=614400 fnv1a32=1b92f448 update=OK
s31preview: frame=566 buffer=1 capture_time=137.500000 elapsed_ms=127680 bytesused=614400 fnv1a32=18cc1934 update=OK
s31preview: frame=567 buffer=0 capture_time=137.720000 elapsed_ms=127910 bytesused=614400 fnv1a32=1b507650 update=OK
s31preview: frame=568 buffer=1 capture_time=137.950000 elapsed_ms=128130 bytesused=614400 fnv1a32=7b9036fb update=OK
s31preview: frame=569 buffer=0 capture_time=138.170000 elapsed_ms=128360 bytesused=614400 fnv1a32=6f5c5e24 update=OK
s31preview: frame=570 buffer=1 capture_time=138.400000 elapsed_ms=128580 bytesused=614400 fnv1a32=4f9f4e3c update=OK
s31preview: frame=571 buffer=0 capture_time=138.620000 elapsed_ms=128810 bytesused=614400 fnv1a32=dda00e78 update=OK
s31preview: frame=572 buffer=1 capture_time=138.850000 elapsed_ms=129030 bytesused=614400 fnv1a32=f446921a update=OK
s31preview: frame=573 buffer=0 capture_time=139.070000 elapsed_ms=129260 bytesused=614400 fnv1a32=cc6333e7 update=OK
s31preview: frame=574 buffer=1 capture_time=139.300000 elapsed_ms=129500 bytesused=614400 fnv1a32=d5988a8d update=OK
s31preview: frame=575 buffer=0 capture_time=139.520000 elapsed_ms=129710 bytesused=614400 fnv1a32=9ae82883 update=OK
s31preview: frame=576 buffer=1 capture_time=139.750000 elapsed_ms=129950 bytesused=614400 fnv1a32=59b922d8 update=OK
s31preview: frame=577 buffer=0 capture_time=139.970000 elapsed_ms=130170 bytesused=614400 fnv1a32=40849309 update=OK
s31preview: frame=578 buffer=1 capture_time=140.200000 elapsed_ms=130400 bytesused=614400 fnv1a32=1305e9a7 update=OK
s31preview: frame=579 buffer=0 capture_time=140.420000 elapsed_ms=130620 bytesused=614400 fnv1a32=91bc809f update=OK
s31preview: frame=580 buffer=1 capture_time=140.650000 elapsed_ms=130850 bytesused=614400 fnv1a32=23a9c164 update=OK
s31preview: frame=581 buffer=0 capture_time=140.870000 elapsed_ms=131070 bytesused=614400 fnv1a32=f462f8d7 update=OK
s31preview: frame=582 buffer=1 capture_time=141.100000 elapsed_ms=131300 bytesused=614400 fnv1a32=48e691c7 update=OK
s31preview: frame=583 buffer=0 capture_time=141.320000 elapsed_ms=131520 bytesused=614400 fnv1a32=4041c4c8 update=OK
s31preview: frame=584 buffer=1 capture_time=141.550000 elapsed_ms=131750 bytesused=614400 fnv1a32=ef4dcaef update=OK
s31preview: frame=585 buffer=0 capture_time=141.770000 elapsed_ms=131980 bytesused=614400 fnv1a32=3ed20f1b update=OK
s31preview: frame=586 buffer=1 capture_time=142.000000 elapsed_ms=132200 bytesused=614400 fnv1a32=6da922d7 update=OK
s31preview: frame=587 buffer=0 capture_time=142.220000 elapsed_ms=132430 bytesused=614400 fnv1a32=612ee899 update=OK
s31preview: frame=588 buffer=1 capture_time=142.450000 elapsed_ms=132630 bytesused=614400 fnv1a32=2c469222 update=OK
s31preview: frame=589 buffer=0 capture_time=142.670000 elapsed_ms=132860 bytesused=614400 fnv1a32=04de0803 update=OK
s31preview: frame=590 buffer=1 capture_time=142.900000 elapsed_ms=133080 bytesused=614400 fnv1a32=aa7fa8af update=OK
s31preview: frame=591 buffer=0 capture_time=143.120000 elapsed_ms=133310 bytesused=614400 fnv1a32=fbbf6ec5 update=OK
s31preview: frame=592 buffer=1 capture_time=143.350000 elapsed_ms=133530 bytesused=614400 fnv1a32=eaef98e2 update=OK
s31preview: frame=593 buffer=0 capture_time=143.570000 elapsed_ms=133760 bytesused=614400 fnv1a32=cb03817a update=OK
s31preview: frame=594 buffer=1 capture_time=143.800000 elapsed_ms=133980 bytesused=614400 fnv1a32=364136e4 update=OK
s31preview: frame=595 buffer=0 capture_time=144.020000 elapsed_ms=134210 bytesused=614400 fnv1a32=f1f73024 update=OK
s31preview: frame=596 buffer=1 capture_time=144.250000 elapsed_ms=134430 bytesused=614400 fnv1a32=643e4d3b update=OK
s31preview: frame=597 buffer=0 capture_time=144.470000 elapsed_ms=134660 bytesused=614400 fnv1a32=8ce2fbef update=OK
s31preview: frame=598 buffer=1 capture_time=144.700000 elapsed_ms=134880 bytesused=614400 fnv1a32=ed3333eb update=OK
s31preview: frame=599 buffer=0 capture_time=144.920000 elapsed_ms=135110 bytesused=614400 fnv1a32=a0540649 update=OK
s31preview: frame=600 buffer=1 capture_time=145.150000 elapsed_ms=135330 bytesused=614400 fnv1a32=d9ec6266 update=OK
s31preview: completed=600/600 result=PASS
nsh> [K