esptool v5.4.0
Serial port /dev/ttyUSB0:
Connecting....
Connected to ESP32-S31 on /dev/ttyUSB0:
Chip type:          ESP32-S31 (revision v0.0)
Features:           Wi-Fi 6, BT 5.4 (LE), IEEE802.15.4, Dual Core + LP Core, 300MHz
Crystal frequency:  40MHz
MAC:                30:ed:a0:f3:f7:b0

Uploading stub flasher...
Running stub flasher...
Stub flasher running.
Changing baud rate to 460800...
Changed.

Configuring flash size...

Writing '/home/regex/work/esp32s31-openvela/backups/2026-09-10-scan-stress/network-rate-20260920/arp200/nuttx.bin' at 0x00002000...
SHA digest in image updated.
Flash will be erased from 0x00002000 to 0x0018afff...
Compressed 1606988 bytes to 956946...
Writing at 0x00008290 ╸                                1.7% 16.00kB/934.52kB [0s] 
Writing at 0x0000e167 ━                                3.4% 32.00kB/934.52kB [0s] 
Writing at 0x000141ab ━╸                               5.1% 48.00kB/934.52kB [1s] 
Writing at 0x0001a10f ━━                               6.8% 64.00kB/934.52kB [1s] 
Writing at 0x00028f71 ━━╸                              8.6% 80.00kB/934.52kB [2s] 
Writing at 0x0002fa0e ━━━                             10.3% 96.00kB/934.52kB [2s] 
Writing at 0x00035d31 ━━━╸                            12.0% 112.00kB/934.52kB [2s] 
Writing at 0x0003a4e3 ━━━━                            13.7% 128.00kB/934.52kB [3s] 
Writing at 0x000504df ━━━━╸                           15.4% 144.00kB/934.52kB [3s] 
Writing at 0x00056451 ━━━━━                           17.1% 160.00kB/934.52kB [4s] 
Writing at 0x0005c7f8 ━━━━━╸                          18.8% 176.00kB/934.52kB [4s] 
Writing at 0x00062d8c ━━━━━━                          20.5% 192.00kB/934.52kB [4s] 
Writing at 0x00069eff ━━━━━━╸                         22.3% 208.00kB/934.52kB [5s] 
Writing at 0x00071b16 ━━━━━━━                         24.0% 224.00kB/934.52kB [5s] 
Writing at 0x0007a2bc ━━━━━━━╸                        25.7% 240.00kB/934.52kB [6s] 
Writing at 0x00081935 ━━━━━━━━                        27.4% 256.00kB/934.52kB [6s] 
Writing at 0x00088c56 ━━━━━━━━╸                       29.1% 272.00kB/934.52kB [6s] 
Writing at 0x0008ee17 ━━━━━━━━━                       30.8% 288.00kB/934.52kB [7s] 
Writing at 0x00095481 ━━━━━━━━━╸                      32.5% 304.00kB/934.52kB [7s] 
Writing at 0x0009b5fa ━━━━━━━━━━                      34.2% 320.00kB/934.52kB [8s] 
Writing at 0x000a14ab ━━━━━━━━━━╸                     36.0% 336.00kB/934.52kB [8s] 
Writing at 0x000a6af5 ━━━━━━━━━━━                     37.7% 352.00kB/934.52kB [9s] 
Writing at 0x000ac505 ━━━━━━━━━━━╸                    39.4% 368.00kB/934.52kB [9s] 
Writing at 0x000b1f63 ━━━━━━━━━━━━                    41.1% 384.00kB/934.52kB [9s] 
Writing at 0x000b7d81 ━━━━━━━━━━━━╸                   42.8% 400.00kB/934.52kB [10s] 
Writing at 0x000bf602 ━━━━━━━━━━━━━                   44.5% 416.00kB/934.52kB [10s] 
Writing at 0x000c7ef9 ━━━━━━━━━━━━━╸                  46.2% 432.00kB/934.52kB [11s] 
Writing at 0x000cede2 ━━━━━━━━━━━━━━                  47.9% 448.00kB/934.52kB [11s] 
Writing at 0x000d4c01 ━━━━━━━━━━━━━━╸                 49.7% 464.00kB/934.52kB [11s] 
Writing at 0x000dab4f ━━━━━━━━━━━━━━━                 51.4% 480.00kB/934.52kB [12s] 
Writing at 0x000e1a74 ━━━━━━━━━━━━━━━╸                53.1% 496.00kB/934.52kB [12s] 
Writing at 0x000e7b28 ━━━━━━━━━━━━━━━━                54.8% 512.00kB/934.52kB [13s] 
Writing at 0x000ed9da ━━━━━━━━━━━━━━━━╸               56.5% 528.00kB/934.52kB [13s] 
Writing at 0x000f3cbf ━━━━━━━━━━━━━━━━━               58.2% 544.00kB/934.52kB [13s] 
Writing at 0x000f9e29 ━━━━━━━━━━━━━━━━━╸              59.9% 560.00kB/934.52kB [14s] 
Writing at 0x0010020f ━━━━━━━━━━━━━━━━━━              61.6% 576.00kB/934.52kB [14s] 
Writing at 0x001064e1 ━━━━━━━━━━━━━━━━━━━             63.3% 592.00kB/934.52kB [15s] 
Writing at 0x0010c6a8 ━━━━━━━━━━━━━━━━━━━╸            65.1% 608.00kB/934.52kB [15s] 
Writing at 0x001126e8 ━━━━━━━━━━━━━━━━━━━━            66.8% 624.00kB/934.52kB [16s] 
Writing at 0x00118625 ━━━━━━━━━━━━━━━━━━━━╸           68.5% 640.00kB/934.52kB [16s] 
Writing at 0x0011ee9c ━━━━━━━━━━━━━━━━━━━━━           70.2% 656.00kB/934.52kB [16s] 
Writing at 0x00125967 ━━━━━━━━━━━━━━━━━━━━━╸          71.9% 672.00kB/934.52kB [17s] 
Writing at 0x0012c0ae ━━━━━━━━━━━━━━━━━━━━━━          73.6% 688.00kB/934.52kB [17s] 
Writing at 0x001321c7 ━━━━━━━━━━━━━━━━━━━━━━╸         75.3% 704.00kB/934.52kB [18s] 
Writing at 0x00138a38 ━━━━━━━━━━━━━━━━━━━━━━━         77.0% 720.00kB/934.52kB [18s] 
Writing at 0x0013edcf ━━━━━━━━━━━━━━━━━━━━━━━╸        78.8% 736.00kB/934.52kB [18s] 
Writing at 0x001449bd ━━━━━━━━━━━━━━━━━━━━━━━━        80.5% 752.00kB/934.52kB [19s] 
Writing at 0x0014a55c ━━━━━━━━━━━━━━━━━━━━━━━━╸       82.2% 768.00kB/934.52kB [19s] 
Writing at 0x00150b52 ━━━━━━━━━━━━━━━━━━━━━━━━━       83.9% 784.00kB/934.52kB [20s] 
Writing at 0x001573ed ━━━━━━━━━━━━━━━━━━━━━━━━━╸      85.6% 800.00kB/934.52kB [20s] 
Writing at 0x0015d36c ━━━━━━━━━━━━━━━━━━━━━━━━━━      87.3% 816.00kB/934.52kB [20s] 
Writing at 0x00163357 ━━━━━━━━━━━━━━━━━━━━━━━━━━╸     89.0% 832.00kB/934.52kB [21s] 
Writing at 0x0016939e ━━━━━━━━━━━━━━━━━━━━━━━━━━━     90.7% 848.00kB/934.52kB [21s] 
Writing at 0x0016f082 ━━━━━━━━━━━━━━━━━━━━━━━━━━━╸    92.5% 864.00kB/934.52kB [22s] 
Writing at 0x0017575a ━━━━━━━━━━━━━━━━━━━━━━━━━━━━    94.2% 880.00kB/934.52kB [22s] 
Writing at 0x0017c3da ━━━━━━━━━━━━━━━━━━━━━━━━━━━━╸   95.9% 896.00kB/934.52kB [23s] 
Writing at 0x00181fe2 ━━━━━━━━━━━━━━━━━━━━━━━━━━━━━   97.6% 912.00kB/934.52kB [23s] 
Writing at 0x00187cec ━━━━━━━━━━━━━━━━━━━━━━━━━━━━━╸  99.3% 928.00kB/934.52kB [23s] 
Writing at 0x0018a54c ━━━━━━━━━━━━━━━━━━━━━━━━━━━━━━ 100.0% 934.52kB/934.52kB [24s] 
Wrote 1606988 bytes (956946 compressed) at 0x00002000 in 21.2 seconds (607.4 kbit/s).
Verifying written data...
Hash of data verified.

Writing '/home/regex/work/esp32s31-openvela/backups/2026-09-10-scan-stress/network-rate-20260920/arp200/appfs.img' at 0x00200000...
Flash will be erased from 0x00200000 to 0x004f2fff...
Compressed 3089408 bytes to 1831121...
Writing at 0x002073cf                                  0.9% 16.00kB/1.75MB [0s] 
Writing at 0x0020cbf0 ╸                                1.8% 32.00kB/1.75MB [0s] 
Writing at 0x00213d84 ╸                                2.7% 48.00kB/1.75MB [1s] 
Writing at 0x0021d77e ━                                3.6% 64.00kB/1.75MB [1s] 
Writing at 0x002234d8 ━                                4.5% 80.00kB/1.75MB [2s] 
Writing at 0x002293f4 ━╸                               5.4% 96.00kB/1.75MB [2s] 
Writing at 0x0022efb1 ━╸                               6.3% 112.00kB/1.75MB [2s] 
Writing at 0x00234d45 ━━                               7.2% 128.00kB/1.75MB [3s] 
Writing at 0x0023ae9a ━━                               8.1% 144.00kB/1.75MB [3s] 
Writing at 0x002417a2 ━━╸                              8.9% 160.00kB/1.75MB [4s] 
Writing at 0x002471f0 ━━╸                              9.8% 176.00kB/1.75MB [4s] 
Writing at 0x0024c509 ━━━                             10.7% 192.00kB/1.75MB [4s] 
Writing at 0x0025226e ━━━                             11.6% 208.00kB/1.75MB [5s] 
Writing at 0x00258872 ━━━╸                            12.5% 224.00kB/1.75MB [5s] 
Writing at 0x0025e3bb ━━━━                            13.4% 240.00kB/1.75MB [6s] 
Writing at 0x00264315 ━━━━                            14.3% 256.00kB/1.75MB [6s] 
Writing at 0x0026a35f ━━━━╸                           15.2% 272.00kB/1.75MB [7s] 
Writing at 0x00270192 ━━━━╸                           16.1% 288.00kB/1.75MB [7s] 
Writing at 0x00275c8d ━━━━━                           17.0% 304.00kB/1.75MB [7s] 
Writing at 0x0027d51b ━━━━━                           17.9% 320.00kB/1.75MB [8s] 
Writing at 0x0028940d ━━━━━╸                          18.8% 336.00kB/1.75MB [8s] 
Writing at 0x00293f12 ━━━━━╸                          19.7% 352.00kB/1.75MB [9s] 
Writing at 0x002a1d51 ━━━━━━                          20.6% 368.00kB/1.75MB [9s] 
Writing at 0x002ab4ee ━━━━━━                          21.5% 384.00kB/1.75MB [9s] 
Writing at 0x002b3774 ━━━━━━╸                         22.4% 400.00kB/1.75MB [10s] 
Writing at 0x002bddd2 ━━━━━━╸                         23.3% 416.00kB/1.75MB [10s] 
Writing at 0x002c439e ━━━━━━━                         24.2% 432.00kB/1.75MB [11s] 
Writing at 0x002c9c14 ━━━━━━━╸                        25.1% 448.00kB/1.75MB [11s] 
Writing at 0x002cf2b5 ━━━━━━━╸                        25.9% 464.00kB/1.75MB [11s] 
Writing at 0x002d4f2b ━━━━━━━━                        26.8% 480.00kB/1.75MB [12s] 
Writing at 0x002da9e6 ━━━━━━━━                        27.7% 496.00kB/1.75MB [12s] 
Writing at 0x002e068b ━━━━━━━━╸                       28.6% 512.00kB/1.75MB [13s] 
Writing at 0x002e5cda ━━━━━━━━╸                       29.5% 528.00kB/1.75MB [13s] 
Writing at 0x002eb61e ━━━━━━━━━                       30.4% 544.00kB/1.75MB [14s] 
Writing at 0x002f11fd ━━━━━━━━━                       31.3% 560.00kB/1.75MB [14s] 
Writing at 0x002f6db8 ━━━━━━━━━╸                      32.2% 576.00kB/1.75MB [14s] 
Writing at 0x002fc4cc ━━━━━━━━━╸                      33.1% 592.00kB/1.75MB [15s] 
Writing at 0x00302338 ━━━━━━━━━━                      34.0% 608.00kB/1.75MB [15s] 
Writing at 0x00307bdd ━━━━━━━━━━                      34.9% 624.00kB/1.75MB [16s] 
Writing at 0x0030d07a ━━━━━━━━━━╸                     35.8% 640.00kB/1.75MB [16s] 
Writing at 0x00313628 ━━━━━━━━━━━                     36.7% 656.00kB/1.75MB [16s] 
Writing at 0x003196f1 ━━━━━━━━━━━                     37.6% 672.00kB/1.75MB [17s] 
Writing at 0x0031f534 ━━━━━━━━━━━╸                    38.5% 688.00kB/1.75MB [17s] 
Writing at 0x00324c80 ━━━━━━━━━━━╸                    39.4% 704.00kB/1.75MB [18s] 
Writing at 0x0032a36c ━━━━━━━━━━━━                    40.3% 720.00kB/1.75MB [18s] 
Writing at 0x0032ff8f ━━━━━━━━━━━━                    41.2% 736.00kB/1.75MB [18s] 
Writing at 0x003357a0 ━━━━━━━━━━━━╸                   42.1% 752.00kB/1.75MB [19s] 
Writing at 0x0033b690 ━━━━━━━━━━━━╸                   42.9% 768.00kB/1.75MB [19s] 
Writing at 0x0034103e ━━━━━━━━━━━━━                   43.8% 784.00kB/1.75MB [20s] 
Writing at 0x00346e5e ━━━━━━━━━━━━━                   44.7% 800.00kB/1.75MB [20s] 
Writing at 0x00351dfc ━━━━━━━━━━━━━╸                  45.6% 816.00kB/1.75MB [21s] 
Writing at 0x0035e104 ━━━━━━━━━━━━━╸                  46.5% 832.00kB/1.75MB [21s] 
Writing at 0x0036525d ━━━━━━━━━━━━━━                  47.4% 848.00kB/1.75MB [21s] 
Writing at 0x0036c759 ━━━━━━━━━━━━━━                  48.3% 864.00kB/1.75MB [22s] 
Writing at 0x00376834 ━━━━━━━━━━━━━━╸                 49.2% 880.00kB/1.75MB [22s] 
Writing at 0x0037cf6a ━━━━━━━━━━━━━━━                 50.1% 896.00kB/1.75MB [23s] 
Writing at 0x00382f26 ━━━━━━━━━━━━━━━                 51.0% 912.00kB/1.75MB [23s] 
Writing at 0x00388d24 ━━━━━━━━━━━━━━━╸                51.9% 928.00kB/1.75MB [23s] 
Writing at 0x0038f9fc ━━━━━━━━━━━━━━━╸                52.8% 944.00kB/1.75MB [24s] 
Writing at 0x0039595f ━━━━━━━━━━━━━━━━                53.7% 960.00kB/1.75MB [24s] 
Writing at 0x0039afa6 ━━━━━━━━━━━━━━━━                54.6% 976.00kB/1.75MB [25s] 
Writing at 0x003a2982 ━━━━━━━━━━━━━━━━╸               55.5% 992.00kB/1.75MB [25s] 
Writing at 0x003ad7c2 ━━━━━━━━━━━━━━━━╸               56.4% 1008.00kB/1.75MB [25s] 
Writing at 0x003b74c2 ━━━━━━━━━━━━━━━━━               57.3% 1.00MB/1.75MB [26s] 
Writing at 0x003bce65 ━━━━━━━━━━━━━━━━━               58.2% 1.02MB/1.75MB [26s] 
Writing at 0x003c3184 ━━━━━━━━━━━━━━━━━╸              59.1% 1.03MB/1.75MB [27s] 
Writing at 0x003c8ba2 ━━━━━━━━━━━━━━━━━╸              59.9% 1.05MB/1.75MB [27s] 
Writing at 0x003ce280 ━━━━━━━━━━━━━━━━━━              60.8% 1.06MB/1.75MB [28s] 
Writing at 0x003d6e51 ━━━━━━━━━━━━━━━━━━╸             61.7% 1.08MB/1.75MB [28s] 
Writing at 0x003dcda1 ━━━━━━━━━━━━━━━━━━╸             62.6% 1.09MB/1.75MB [28s] 
Writing at 0x003e4495 ━━━━━━━━━━━━━━━━━━━             63.5% 1.11MB/1.75MB [29s] 
Writing at 0x003ec106 ━━━━━━━━━━━━━━━━━━━             64.4% 1.12MB/1.75MB [29s] 
Writing at 0x003f191c ━━━━━━━━━━━━━━━━━━━╸            65.3% 1.14MB/1.75MB [30s] 
Writing at 0x003f7cb8 ━━━━━━━━━━━━━━━━━━━╸            66.2% 1.16MB/1.75MB [30s] 
Writing at 0x003ffd78 ━━━━━━━━━━━━━━━━━━━━            67.1% 1.17MB/1.75MB [30s] 
Writing at 0x0040732f ━━━━━━━━━━━━━━━━━━━━            68.0% 1.19MB/1.75MB [31s] 
Writing at 0x0040d17b ━━━━━━━━━━━━━━━━━━━━╸           68.9% 1.20MB/1.75MB [31s] 
Writing at 0x00414e0a ━━━━━━━━━━━━━━━━━━━━╸           69.8% 1.22MB/1.75MB [32s] 
Writing at 0x0041cb19 ━━━━━━━━━━━━━━━━━━━━━           70.7% 1.23MB/1.75MB [32s] 
Writing at 0x004227cd ━━━━━━━━━━━━━━━━━━━━━           71.6% 1.25MB/1.75MB [32s] 
Writing at 0x0042ad75 ━━━━━━━━━━━━━━━━━━━━━╸          72.5% 1.27MB/1.75MB [33s] 
Writing at 0x00431a37 ━━━━━━━━━━━━━━━━━━━━━━          73.4% 1.28MB/1.75MB [33s] 
Writing at 0x0043777c ━━━━━━━━━━━━━━━━━━━━━━          74.3% 1.30MB/1.75MB [34s] 
Writing at 0x0043d9df ━━━━━━━━━━━━━━━━━━━━━━╸         75.2% 1.31MB/1.75MB [34s] 
Writing at 0x00443f90 ━━━━━━━━━━━━━━━━━━━━━━╸         76.1% 1.33MB/1.75MB [34s] 
Writing at 0x0044acf0 ━━━━━━━━━━━━━━━━━━━━━━━         76.9% 1.34MB/1.75MB [35s] 
Writing at 0x004512d4 ━━━━━━━━━━━━━━━━━━━━━━━         77.8% 1.36MB/1.75MB [35s] 
Writing at 0x00457305 ━━━━━━━━━━━━━━━━━━━━━━━╸        78.7% 1.38MB/1.75MB [36s] 
Writing at 0x0045caf8 ━━━━━━━━━━━━━━━━━━━━━━━╸        79.6% 1.39MB/1.75MB [36s] 
Writing at 0x00462720 ━━━━━━━━━━━━━━━━━━━━━━━━        80.5% 1.41MB/1.75MB [37s] 
Writing at 0x00467bc8 ━━━━━━━━━━━━━━━━━━━━━━━━        81.4% 1.42MB/1.75MB [37s] 
Writing at 0x0046d8b1 ━━━━━━━━━━━━━━━━━━━━━━━━╸       82.3% 1.44MB/1.75MB [37s] 
Writing at 0x00473dc3 ━━━━━━━━━━━━━━━━━━━━━━━━╸       83.2% 1.45MB/1.75MB [38s] 
Writing at 0x00479d63 ━━━━━━━━━━━━━━━━━━━━━━━━━       84.1% 1.47MB/1.75MB [38s] 
Writing at 0x0047fc69 ━━━━━━━━━━━━━━━━━━━━━━━━━╸      85.0% 1.48MB/1.75MB [39s] 
Writing at 0x00485e0d ━━━━━━━━━━━━━━━━━━━━━━━━━╸      85.9% 1.50MB/1.75MB [39s] 
Writing at 0x0048be88 ━━━━━━━━━━━━━━━━━━━━━━━━━━      86.8% 1.52MB/1.75MB [39s] 
Writing at 0x00491f9b ━━━━━━━━━━━━━━━━━━━━━━━━━━      87.7% 1.53MB/1.75MB [40s] 
Writing at 0x00497bb6 ━━━━━━━━━━━━━━━━━━━━━━━━━━╸     88.6% 1.55MB/1.75MB [40s] 
Writing at 0x0049d31b ━━━━━━━━━━━━━━━━━━━━━━━━━━╸     89.5% 1.56MB/1.75MB [41s] 
Writing at 0x004a3532 ━━━━━━━━━━━━━━━━━━━━━━━━━━━     90.4% 1.58MB/1.75MB [41s] 
Writing at 0x004a94f1 ━━━━━━━━━━━━━━━━━━━━━━━━━━━     91.3% 1.59MB/1.75MB [41s] 
Writing at 0x004af1ad ━━━━━━━━━━━━━━━━━━━━━━━━━━━╸    92.2% 1.61MB/1.75MB [42s] 
Writing at 0x004bae8d ━━━━━━━━━━━━━━━━━━━━━━━━━━━╸    93.1% 1.62MB/1.75MB [42s] 
Writing at 0x004c5881 ━━━━━━━━━━━━━━━━━━━━━━━━━━━━    93.9% 1.64MB/1.75MB [43s] 
Writing at 0x004cc428 ━━━━━━━━━━━━━━━━━━━━━━━━━━━━    94.8% 1.66MB/1.75MB [43s] 
Writing at 0x004d3b58 ━━━━━━━━━━━━━━━━━━━━━━━━━━━━╸   95.7% 1.67MB/1.75MB [43s] 
Writing at 0x004da366 ━━━━━━━━━━━━━━━━━━━━━━━━━━━━╸   96.6% 1.69MB/1.75MB [44s] 
Writing at 0x004e05c8 ━━━━━━━━━━━━━━━━━━━━━━━━━━━━━   97.5% 1.70MB/1.75MB [44s] 
Writing at 0x004e6043 ━━━━━━━━━━━━━━━━━━━━━━━━━━━━━╸  98.4% 1.72MB/1.75MB [45s] 
Writing at 0x004eb51f ━━━━━━━━━━━━━━━━━━━━━━━━━━━━━╸  99.3% 1.73MB/1.75MB [45s] 
Writing at 0x004f2400 ━━━━━━━━━━━━━━━━━━━━━━━━━━━━━━ 100.0% 1.75MB/1.75MB [45s] 
Wrote 3089408 bytes (1831121 compressed) at 0x00200000 in 40.1 seconds (616.5 kbit/s).
Verifying written data...
Hash of data verified.

Hard resetting via RTS pin...
