------------------------------------------------------------
Client connecting to 192.168.1.60, UDP port 5012
Sending 1470 byte datagrams, IPG target: 280.38 us (kalman adjust)
UDP buffer size: 64.0 KByte (default)
------------------------------------------------------------
[  1] local 192.168.1.29 port 54900 connected with 192.168.1.60 port 5012
[ ID] Interval       Transfer     Bandwidth
[  1] 0.00-1.00 sec  4.01 MBytes  33.6 Mbits/sec
[  1] 1.00-2.00 sec  4.06 MBytes  34.1 Mbits/sec
[  1] 2.00-3.00 sec  4.13 MBytes  34.7 Mbits/sec
[  1] 3.00-4.00 sec  4.32 MBytes  36.3 Mbits/sec
[  1] 4.00-5.00 sec  4.65 MBytes  39.0 Mbits/sec
[  1] 5.00-6.00 sec  4.06 MBytes  34.1 Mbits/sec
[  1] 6.00-7.00 sec  4.64 MBytes  38.9 Mbits/sec
[  1] 7.00-8.00 sec  4.90 MBytes  41.1 Mbits/sec
[  1] 8.00-9.00 sec  4.39 MBytes  36.8 Mbits/sec
[  1] 9.00-10.00 sec  4.77 MBytes  40.0 Mbits/sec
[  1] 10.00-11.00 sec  4.64 MBytes  39.0 Mbits/sec
[  1] 11.00-12.00 sec  4.58 MBytes  38.4 Mbits/sec
[  1] 12.00-13.00 sec  3.81 MBytes  32.0 Mbits/sec
[  1] 13.00-14.00 sec  4.19 MBytes  35.2 Mbits/sec
[  1] 14.00-15.00 sec  4.07 MBytes  34.1 Mbits/sec
[  1] 15.00-16.00 sec  4.11 MBytes  34.5 Mbits/sec
[  1] 16.00-17.00 sec  3.55 MBytes  29.8 Mbits/sec
[  1] 17.00-18.00 sec  2.91 MBytes  24.4 Mbits/sec
[  1] 18.00-19.00 sec  4.71 MBytes  39.5 Mbits/sec
[  1] 19.00-20.00 sec  4.03 MBytes  33.8 Mbits/sec
[  1] 20.00-21.00 sec  2.70 MBytes  22.7 Mbits/sec
[  1] 21.00-22.00 sec  4.26 MBytes  35.7 Mbits/sec
[  1] 22.00-23.00 sec  4.65 MBytes  39.0 Mbits/sec
[  1] 23.00-24.00 sec  4.26 MBytes  35.7 Mbits/sec
[  1] 24.00-25.00 sec  4.64 MBytes  39.0 Mbits/sec
[  1] 25.00-26.00 sec  4.58 MBytes  38.5 Mbits/sec
[  1] 26.00-27.00 sec  4.32 MBytes  36.2 Mbits/sec
[  1] 27.00-28.00 sec  4.52 MBytes  37.9 Mbits/sec
[  1] 28.00-29.00 sec  4.36 MBytes  36.5 Mbits/sec
[  1] 29.00-30.00 sec  4.68 MBytes  39.3 Mbits/sec
[  1] 0.00-30.00 sec   128 MBytes  35.6 Mbits/sec
[  1] Sent 90953 datagrams
[364] WARNING: did not receive ack of last datagram after 10 tries.
