esptool v5.4.0
Serial port /dev/ttyUSB0:
Connecting....
Connected to ESP32-S31 on /dev/ttyUSB0:
Chip type:          ESP32-S31 (revision v0.0)
Features:           Wi-Fi 6, BT 5.4 (LE), IEEE802.15.4, Dual Core + LP Core, 300MHz
Crystal frequency:  40MHz
MAC:                30:ed:a0:f3:f7:b0

Uploading stub flasher...
Running stub flasher...
Stub flasher running.
Changing baud rate to 460800...
Changed.

Configuring flash size...
SHA digest in image updated.
Flash will be erased from 0x00002000 to 0x0004ffff...
Compressed 318256 bytes to 166277...
Writing at 0x00007e94 ━━╸                              9.9% 16.00kB/162.38kB [0s] 
Writing at 0x00014b4c ━━━━━╸                          19.7% 32.00kB/162.38kB [0s] 
Writing at 0x00023435 ━━━━━━━━╸                       29.6% 48.00kB/162.38kB [1s] 
Writing at 0x000294e8 ━━━━━━━━━━━╸                    39.4% 64.00kB/162.38kB [1s] 
Writing at 0x0002fa50 ━━━━━━━━━━━━━━╸                 49.3% 80.00kB/162.38kB [2s] 
Writing at 0x00035a59 ━━━━━━━━━━━━━━━━━╸              59.1% 96.00kB/162.38kB [2s] 
Writing at 0x0003c53f ━━━━━━━━━━━━━━━━━━━━╸           69.0% 112.00kB/162.38kB [2s] 
Writing at 0x0004312b ━━━━━━━━━━━━━━━━━━━━━━━╸        78.8% 128.00kB/162.38kB [3s] 
Writing at 0x00048a2b ━━━━━━━━━━━━━━━━━━━━━━━━━━╸     88.7% 144.00kB/162.38kB [3s] 
Writing at 0x0004defa ━━━━━━━━━━━━━━━━━━━━━━━━━━━━━╸  98.5% 160.00kB/162.38kB [3s] 
Writing at 0x0004fb30 ━━━━━━━━━━━━━━━━━━━━━━━━━━━━━━ 100.0% 162.38kB/162.38kB [3s] 
Wrote 318256 bytes (166277 compressed) at 0x00002000 in 4.1 seconds (628.2 kbit/s).
Verifying written data...
Hash of data verified.

Hard resetting via RTS pin...
