XTS_RECEIPT=/home/regex/work/esp32s31-openvela/backups/2026-09-10-scan-stress/build1023-flat-category-fs-name.sha256
XTS_MOUNT_EVIDENCE=/home/regex/work/esp32s31-openvela/backups/2026-09-10-scan-stress/checkpoint1027-fs-name-mount/mount-evidence.log
XTS_MOUNT_EVIDENCE_SHA256=a76991112f894a7035c2f7759c6f751d01853d0ace5e9d60cc512b9875e30e8a
XTS_COMMAND=mount
--- CMD: mount ---
mount
  /data type littlefs
  /proc type procfs
  /tmp type tmpfs
nsh> [K
nsh> [K
XTS_COMMAND=ls /dev/xtsflash
--- CMD: ls /dev/xtsflash ---
ls /dev/xtsflash
 /dev/xtsflash
nsh> [K
nsh> [K
XTS_COMMAND=ps
--- CMD: ps ---
ps
  PID GROUP PRI POLICY   TYPE    NPX STATE    EVENT     SIGMASK            STACK COMMAND
    0     0   0 FIFO     Kthread   - Ready              0000000000000000 0002016 CPU0 IDLE
    1     0 224 RR       Kthread   - Waiting  Semaphore 0000000000000000 0004016 hpwork 0x2f009540 0x2f009588
    2     0 100 RR       Kthread   - Waiting  Semaphore 0000000000000000 0004016 lpwork 0x2f0094c0 0x2f009508
    4     0 223 RR       Kthread   - Waiting  Semaphore 0000000000000000 0004024 hr_timer
    5     5 100 RR       Task      - Running            0000000000000000 0008128 nsh_main
nsh> [K
nsh> [K
XTS_COMMAND=df
--- CMD: df ---
df
  Block    Number
  Size     Blocks       Used   Available Mounted on
  4096        256         26         230 /data
     0          0          0           0 /proc
   512          1          1           0 /tmp
nsh> [K
nsh> [K
XTS_COMMAND=ls -l /data
--- CMD: ls -l /data ---
ls -l /data
/data:
 drwxrwxrwx           0 .
 dr--r--r--           0 ..
 -rw-r--r--       12288 persist.db
 drwxrwxrwx           0 s03/
 drwxrwxrwx           0 s04/
 drwxrwxrwx           0 s05/
 drwxrwxrwx           0 s06/
 drwxrwxrwx           0 s08/
 drwxrwxrwx           0 s09/
 drwxrwxrwx           0 s10/
 -rw-rw-rw-          27 test.prop
nsh> [K
nsh> [K
XTS_COMMAND=mkdir /data/s04r
--- CMD: mkdir /data/s04r ---
mkdir /data/s04r
nsh> [K
nsh> [K
XTS_COMMAND=vela_fs_stress_maximum_file_name_test /data/s04r
--- CMD: vela_fs_stress_maximum_file_name_test /data/s04r ---
vela_fs_stress_maximum_file_name_test /data/s04r
test dir :/data/s04r
new file length 32
new file length 32
new file length 32
new file length 32
new file length 32
new file length 32
new file length 5
The max name length: 32
File path: /data/s04r/testDir/HPDKswX4D9JSlowzBaYMgf1CrK2mk6J6/N89xoPblK036NJ0X4yDi9nhAHPOZLnIS/kZzjxoM9HjTsUxqNO4TgezeEuCl6C0Bt/dR11PgRqs1uA8wKLZqqgMSbq7UtT4jqu/ykDyl0eiUVVSA06ADG6LWWb4W0nl5riq/0E1IwpLwm8ZJq1MybMpch368zY888OMC/J3kdb/4tAhiAzAUTnsxoMrJMyJ7c9igssy7MFG
test completed......
TEST PASSED !
nsh> [K
nsh> [K
XTS_CASE=5.1.4 PASS original_workload=1
XTS_COMMAND=ls -l /data/s04r
--- CMD: ls -l /data/s04r ---
ls -l /data/s04r
/data/s04r:
 drwxrwxrwx           0 .
 drwxrwxrwx           0 ..
nsh> [K
nsh> [K
XTS_COMMAND=df
--- CMD: df ---
df
  Block    Number
  Size     Blocks       Used   Available Mounted on
  4096        256         28         228 /data
     0          0          0           0 /proc
   512          1          1           0 /tmp
nsh> [K
nsh> [K
XTS_CASE_POSTCHECK=COMPLETE retained_directory=/data/s04r
