iperf2 -c 192.168.1.29 -i 1 -p 5002 -t 30
------------------------------------------------------------
Client connecting to 192.168.1.29, TCP port 5002
TCP window size: 16.0 KByte
------------------------------------------------------------
[  1] local 192.168.1.60 port 23650 connected with 192.168.1.29 port 5002
[ ID] Interval       Transfer     Bandwidth
[  1] 0.00-1.00 sec   448 KBytes  3.67 Mbits/sec
[  1] 1.00-2.00 sec   416 KBytes  3.41 Mbits/sec
[  1] 2.00-3.00 sec   416 KBytes  3.41 Mbits/sec
[  1] 3.00-4.00 sec   448 KBytes  3.67 Mbits/sec
[  1] 4.00-5.00 sec   448 KBytes  3.67 Mbits/sec
[  1] 5.00-6.00 sec   336 KBytes  2.75 Mbits/sec
[  1] 6.00-7.00 sec   448 KBytes  3.67 Mbits/sec
[  1] 7.00-8.00 sec   448 KBytes  3.67 Mbits/sec
[  1] 8.00-9.00 sec   400 KBytes  3.28 Mbits/sec
[  1] 9.00-10.00 sec   448 KBytes  3.67 Mbits/sec
[  1] 10.00-11.00 sec  53.7 KBytes   440 Kbits/sec
[  1] 11.00-12.00 sec   267 KBytes  2.19 Mbits/sec
[  1] 12.00-13.00 sec   448 KBytes  3.67 Mbits/sec
[  1] 13.00-14.00 sec   384 KBytes  3.15 Mbits/sec
[  1] 14.00-15.00 sec   432 KBytes  3.54 Mbits/sec
[  1] 15.00-16.00 sec   448 KBytes  3.67 Mbits/sec
[  1] 16.00-17.00 sec   432 KBytes  3.54 Mbits/sec
[  1] 17.00-18.00 sec   432 KBytes  3.54 Mbits/sec
[  1] 18.00-19.00 sec   432 KBytes  3.54 Mbits/sec
[  1] 19.00-20.00 sec   416 KBytes  3.41 Mbits/sec
[  1] 20.00-21.00 sec   448 KBytes  3.67 Mbits/sec
[  1] 21.00-22.00 sec   448 KBytes  3.67 Mbits/sec
[  1] 22.00-23.00 sec   432 KBytes  3.54 Mbits/sec
[  1] 23.00-24.00 sec   464 KBytes  3.80 Mbits/sec
[  1] 24.00-25.00 sec   368 KBytes  3.01 Mbits/sec
[  1] 25.00-26.00 sec   215 KBytes  1.76 Mbits/sec
[  1] 26.00-27.00 sec   448 KBytes  3.67 Mbits/sec
[  1] 27.00-28.00 sec   448 KBytes  3.67 Mbits/sec
[  1] 28.00-29.00 sec   384 KBytes  3.15 Mbits/sec
[  1] 29.00-30.00 sec   448 KBytes  3.67 Mbits/sec
[CPU0] S31_TCP_SHUTDOWN state=4 how=2 write_empty=1 unacked_empty=1 tx_unacked=0 seq=1407615086
[  1] 0.00-30.07 sec  11.8 MBytes  3.30 Mbits/sec
nsh> [Kifconfig
wlan0	Link encap:Ethernet HWaddr 30:ed:a0:f3:f7:b0 at RUNNING mtu 1500
	inet addr:192.168.1.60 DRaddr:192.168.1.1 Mask:255.255.255.0

	RX: Received Fragment Errors   Bytes   
	    00006963 00000000 00000000 228b88e         
	    IPv4     ARP      Dropped 
	    00000000 00000000 0000000b
	TX: Queued   Sent     Errors   Timeouts Bytes   
	    000041e6 000041e8 00000000 00000000 cb7061           
	Total Errors: 00000000

             IPv4   TCP   UDP  ICMP
Received     68de  35c8  3309  000c
Dropped      0001  0000  01ce  0000
  IPv4        VHL: 0000   Frg: 0000
  Checksum   0000  0000  0000  0000
  TCP         ACK: 0000   SYN: 0000
              RST: 0000  0000
              HDR: 0000
  Type       0000  ----  ----  0000
Sent         41dc  41c4  000b  000d
  Rexmit     ----  0002  ----  ----
nsh> [K