ESP-ROM:esp32s31-20251218
Build:Dec 18 2025
rst:0x1 (POWERON),boot:0x79 (SPI_FAST_FLASH_BOOT)
SPI mode:DIO, clock div:1
load:0x2f000000,len:0xb858
entry 0x2f00899c
*** Booting NuttX ***
dram: lma 0x00002020 vma 0x2f000000 len 0xb858   (47192)
padd: lma 0x0000d8a8 vma 0x00000000 len 0x2770   (10096)
imap: lma 0x00010020 vma 0x40030020 len 0x8644   (34372)
padd: lma 0x0001866c vma 0x00000000 len 0x7a8c   (31372)
imap: lma 0x00020100 vma 0x40000100 len 0x2ab44  (174916)
total segments stored 5
ABCS31 LCD: NuttX framebuffer 800x480 RGB565 pclk=18000000, two DMA scan buffers, raw link-switch polling
OPENVELA_FB_READY /dev/fb0 RGB565 800x480
S31 DVP controller prepared: 640x480 RGB565, 614400 bytes
S31 camera SCCB sensor ID: 0x3660

NuttShell (NSH)
nsh> [Kls /dev
/dev:
 console
 fb0
 i2c0
 null
 random
 ttyS0
 video0
 zero
nsh> [Ks31preview
s31preview: video=/dev/video0 640x480 RGB565 stride=1280 bytes=6S31 DVP start: enter controller
14400 buffers=2 fb=/dev/fb0 800x480 stride=1600 x=80 frames=60 timeout_ms=3000
