------------------------------------------------------------
Client connecting to 192.168.1.60, UDP port 5003
Sending 1470 byte datagrams, IPG target: 280.38 us (kalman adjust)
UDP buffer size: 64.0 KByte (default)
------------------------------------------------------------
[  1] local 192.168.1.29 port 49238 connected with 192.168.1.60 port 5003
[ ID] Interval       Transfer     Bandwidth
[  1] 0.00-1.00 sec  1.08 MBytes  9.09 Mbits/sec
[  1] 1.00-2.00 sec   395 KBytes  3.23 Mbits/sec
[  1] 2.00-3.00 sec   736 KBytes  6.03 Mbits/sec
[  1] 3.00-4.00 sec   792 KBytes  6.49 Mbits/sec
[  1] 4.00-5.00 sec   270 KBytes  2.21 Mbits/sec
[  1] 5.00-6.00 sec   594 KBytes  4.87 Mbits/sec
[  1] 6.00-7.00 sec  1.39 MBytes  11.6 Mbits/sec
[  1] 7.00-8.00 sec  1.30 MBytes  10.9 Mbits/sec
[  1] 8.00-9.00 sec   858 KBytes  7.03 Mbits/sec
[  1] 9.00-10.00 sec  1.49 MBytes  12.5 Mbits/sec
[  1] 0.00-10.01 sec  8.82 MBytes  7.40 Mbits/sec
[  1] Sent 6296 datagrams
[356] WARNING: did not receive ack of last datagram after 10 tries.
