before-a.bin: OK
before-b.bin: OK
WIFI_ARTIFACT_CONFIG=PASS booleans=1763 protocol=7
+ /home/regex/.espressif/python_env/idf6.1_py3.10_env/bin/esptool --chip esp32s31 --port /dev/serial/by-id/usb-Silicon_Labs_CP2102N_USB_to_UART_Bridge_Controller_f65e4ef67f71f011975a049f1045c30f-if00-port0 --baud 460800 write-flash --flash-size 16MB --flash-mode dio --flash-freq 80m 0x2000 /home/regex/work/esp32s31-openvela/openvela-dev/out/esp32s31-network1403/nuttx.bin 0x200000 /home/regex/work/esp32s31-openvela/openvela-dev/out/esp32s31-network1403/appfs.img
esptool v5.4.0
Serial port /dev/serial/by-id/usb-Silicon_Labs_CP2102N_USB_to_UART_Bridge_Controller_f65e4ef67f71f011975a049f1045c30f-if00-port0:
Connecting....
Connected to ESP32-S31 on /dev/serial/by-id/usb-Silicon_Labs_CP2102N_USB_to_UART_Bridge_Controller_f65e4ef67f71f011975a049f1045c30f-if00-port0:
Chip type:          ESP32-S31 (revision v0.0)
Features:           Wi-Fi 6, BT 5.4 (LE), IEEE802.15.4, Dual Core + LP Core, 300MHz
Crystal frequency:  40MHz
MAC:                30:ed:a0:f3:f7:b0

Uploading stub flasher...
Running stub flasher...
Stub flasher running.
Changing baud rate to 460800...
Changed.

Configuring flash size...

Writing '/home/regex/work/esp32s31-openvela/openvela-dev/out/esp32s31-network1403/nuttx.bin' at 0x00002000...
SHA digest in image updated.
Flash will be erased from 0x00002000 to 0x00123fff...
Compressed 1187832 bytes to 658691...
Writing at 0x00007d32 ╸                                2.5% 16.00kB/643.25kB [0s] 
Writing at 0x0000deee ━                                5.0% 32.00kB/643.25kB [0s] 
Writing at 0x000158aa ━━                               7.5% 48.00kB/643.25kB [1s] 
Writing at 0x0002a689 ━━╸                              9.9% 64.00kB/643.25kB [1s] 
Writing at 0x00030bc2 ━━━╸                            12.4% 80.00kB/643.25kB [2s] 
Writing at 0x00035303 ━━━━                            14.9% 96.00kB/643.25kB [2s] 
Writing at 0x0003fcf9 ━━━━━                           17.4% 112.00kB/643.25kB [2s] 
Writing at 0x00054b75 ━━━━━╸                          19.9% 128.00kB/643.25kB [3s] 
Writing at 0x0005b143 ━━━━━━╸                         22.4% 144.00kB/643.25kB [3s] 
Writing at 0x00061e4e ━━━━━━━                         24.9% 160.00kB/643.25kB [4s] 
Writing at 0x00069968 ━━━━━━━━                        27.4% 176.00kB/643.25kB [4s] 
Writing at 0x000727b2 ━━━━━━━━╸                       29.8% 192.00kB/643.25kB [5s] 
Writing at 0x0007949e ━━━━━━━━━╸                      32.3% 208.00kB/643.25kB [5s] 
Writing at 0x00080f35 ━━━━━━━━━━                      34.8% 224.00kB/643.25kB [5s] 
Writing at 0x00087938 ━━━━━━━━━━━                     37.3% 240.00kB/643.25kB [6s] 
Writing at 0x0008dc0c ━━━━━━━━━━━╸                    39.8% 256.00kB/643.25kB [6s] 
Writing at 0x00093ce4 ━━━━━━━━━━━━╸                   42.3% 272.00kB/643.25kB [7s] 
Writing at 0x000993db ━━━━━━━━━━━━━                   44.8% 288.00kB/643.25kB [7s] 
Writing at 0x0009ebf2 ━━━━━━━━━━━━━━                  47.3% 304.00kB/643.25kB [7s] 
Writing at 0x000a46e1 ━━━━━━━━━━━━━━╸                 49.7% 320.00kB/643.25kB [8s] 
Writing at 0x000aa3cf ━━━━━━━━━━━━━━━╸                52.2% 336.00kB/643.25kB [8s] 
Writing at 0x000b180c ━━━━━━━━━━━━━━━━                54.7% 352.00kB/643.25kB [9s] 
Writing at 0x000b9312 ━━━━━━━━━━━━━━━━━               57.2% 368.00kB/643.25kB [9s] 
Writing at 0x000c1288 ━━━━━━━━━━━━━━━━━╸              59.7% 384.00kB/643.25kB [9s] 
Writing at 0x000c6cc2 ━━━━━━━━━━━━━━━━━━╸             62.2% 400.00kB/643.25kB [10s] 
Writing at 0x000ccdb4 ━━━━━━━━━━━━━━━━━━━             64.7% 416.00kB/643.25kB [10s] 
Writing at 0x000d3b7c ━━━━━━━━━━━━━━━━━━━━            67.2% 432.00kB/643.25kB [11s] 
Writing at 0x000d9c26 ━━━━━━━━━━━━━━━━━━━━╸           69.6% 448.00kB/643.25kB [11s] 
Writing at 0x000df7cf ━━━━━━━━━━━━━━━━━━━━━╸          72.1% 464.00kB/643.25kB [11s] 
Writing at 0x000e5483 ━━━━━━━━━━━━━━━━━━━━━━          74.6% 480.00kB/643.25kB [12s] 
Writing at 0x000ebaf2 ━━━━━━━━━━━━━━━━━━━━━━━         77.1% 496.00kB/643.25kB [12s] 
Writing at 0x000f23b6 ━━━━━━━━━━━━━━━━━━━━━━━╸        79.6% 512.00kB/643.25kB [13s] 
Writing at 0x000f829d ━━━━━━━━━━━━━━━━━━━━━━━━╸       82.1% 528.00kB/643.25kB [13s] 
Writing at 0x000fe3a6 ━━━━━━━━━━━━━━━━━━━━━━━━━       84.6% 544.00kB/643.25kB [13s] 
Writing at 0x00104456 ━━━━━━━━━━━━━━━━━━━━━━━━━━      87.1% 560.00kB/643.25kB [14s] 
Writing at 0x0010a018 ━━━━━━━━━━━━━━━━━━━━━━━━━━╸     89.5% 576.00kB/643.25kB [14s] 
Writing at 0x00110abb ━━━━━━━━━━━━━━━━━━━━━━━━━━━╸    92.0% 592.00kB/643.25kB [15s] 
Writing at 0x001171e1 ━━━━━━━━━━━━━━━━━━━━━━━━━━━━    94.5% 608.00kB/643.25kB [15s] 
Writing at 0x0011d270 ━━━━━━━━━━━━━━━━━━━━━━━━━━━━━   97.0% 624.00kB/643.25kB [15s] 
Writing at 0x00122d0e ━━━━━━━━━━━━━━━━━━━━━━━━━━━━━╸  99.5% 640.00kB/643.25kB [16s] 
Writing at 0x00123ff8 ━━━━━━━━━━━━━━━━━━━━━━━━━━━━━━ 100.0% 643.25kB/643.25kB [16s] 
Wrote 1187832 bytes (658691 compressed) at 0x00002000 in 14.4 seconds (661.6 kbit/s).
Verifying written data...
Hash of data verified.

Writing '/home/regex/work/esp32s31-openvela/openvela-dev/out/esp32s31-network1403/appfs.img' at 0x00200000...
Flash will be erased from 0x00200000 to 0x0043dfff...
Compressed 2348032 bytes to 1381710...
Writing at 0x002073f0                                  1.2% 16.00kB/1.32MB [0s] 
Writing at 0x0020cc38 ╸                                2.4% 32.00kB/1.32MB [0s] 
Writing at 0x00213d88 ━                                3.6% 48.00kB/1.32MB [1s] 
Writing at 0x0021d782 ━                                4.7% 64.00kB/1.32MB [1s] 
Writing at 0x00223512 ━╸                               5.9% 80.00kB/1.32MB [1s] 
Writing at 0x0022943b ━━                               7.1% 96.00kB/1.32MB [2s] 
Writing at 0x0022efd0 ━━                               8.3% 112.00kB/1.32MB [2s] 
Writing at 0x00234d99 ━━╸                              9.5% 128.00kB/1.32MB [3s] 
Writing at 0x0023aef9 ━━━                             10.7% 144.00kB/1.32MB [3s] 
Writing at 0x002417b2 ━━━╸                            11.9% 160.00kB/1.32MB [3s] 
Writing at 0x0024721a ━━━╸                            13.0% 176.00kB/1.32MB [4s] 
Writing at 0x0024c526 ━━━━                            14.2% 192.00kB/1.32MB [4s] 
Writing at 0x002522c4 ━━━━╸                           15.4% 208.00kB/1.32MB [5s] 
Writing at 0x0025877c ━━━━╸                           16.6% 224.00kB/1.32MB [5s] 
Writing at 0x0025e389 ━━━━━                           17.8% 240.00kB/1.32MB [5s] 
Writing at 0x002643a3 ━━━━━╸                          19.0% 256.00kB/1.32MB [6s] 
Writing at 0x0026a22f ━━━━━━                          20.2% 272.00kB/1.32MB [6s] 
Writing at 0x0027003e ━━━━━━                          21.3% 288.00kB/1.32MB [7s] 
Writing at 0x00275b66 ━━━━━━╸                         22.5% 304.00kB/1.32MB [7s] 
Writing at 0x0027d3b8 ━━━━━━━                         23.7% 320.00kB/1.32MB [7s] 
Writing at 0x0028928c ━━━━━━━                         24.9% 336.00kB/1.32MB [8s] 
Writing at 0x00293d95 ━━━━━━━╸                        26.1% 352.00kB/1.32MB [8s] 
Writing at 0x002a1bca ━━━━━━━━                        27.3% 368.00kB/1.32MB [9s] 
Writing at 0x002ab3cd ━━━━━━━━╸                       28.5% 384.00kB/1.32MB [9s] 
Writing at 0x002b47b4 ━━━━━━━━╸                       29.6% 400.00kB/1.32MB [9s] 
Writing at 0x002bde0f ━━━━━━━━━                       30.8% 416.00kB/1.32MB [10s] 
Writing at 0x002c4827 ━━━━━━━━━╸                      32.0% 432.00kB/1.32MB [10s] 
Writing at 0x002c9c90 ━━━━━━━━━╸                      33.2% 448.00kB/1.32MB [11s] 
Writing at 0x002cf6cf ━━━━━━━━━━                      34.4% 464.00kB/1.32MB [11s] 
Writing at 0x002d5024 ━━━━━━━━━━╸                     35.6% 480.00kB/1.32MB [11s] 
Writing at 0x002da986 ━━━━━━━━━━━                     36.8% 496.00kB/1.32MB [12s] 
Writing at 0x002e067b ━━━━━━━━━━━                     37.9% 512.00kB/1.32MB [12s] 
Writing at 0x002e5df6 ━━━━━━━━━━━╸                    39.1% 528.00kB/1.32MB [13s] 
Writing at 0x002eb9c3 ━━━━━━━━━━━━                    40.3% 544.00kB/1.32MB [13s] 
Writing at 0x002f15e4 ━━━━━━━━━━━━                    41.5% 560.00kB/1.32MB [13s] 
Writing at 0x002f6ff1 ━━━━━━━━━━━━╸                   42.7% 576.00kB/1.32MB [14s] 
Writing at 0x002fc7dd ━━━━━━━━━━━━━                   43.9% 592.00kB/1.32MB [14s] 
Writing at 0x00302359 ━━━━━━━━━━━━━╸                  45.1% 608.00kB/1.32MB [15s] 
Writing at 0x00307a83 ━━━━━━━━━━━━━╸                  46.2% 624.00kB/1.32MB [15s] 
Writing at 0x0030d725 ━━━━━━━━━━━━━━                  47.4% 640.00kB/1.32MB [15s] 
Writing at 0x003137ec ━━━━━━━━━━━━━━╸                 48.6% 656.00kB/1.32MB [16s] 
Writing at 0x00319735 ━━━━━━━━━━━━━━╸                 49.8% 672.00kB/1.32MB [16s] 
Writing at 0x0031f768 ━━━━━━━━━━━━━━━                 51.0% 688.00kB/1.32MB [17s] 
Writing at 0x00324c10 ━━━━━━━━━━━━━━━╸                52.2% 704.00kB/1.32MB [17s] 
Writing at 0x0032a310 ━━━━━━━━━━━━━━━━                53.4% 720.00kB/1.32MB [17s] 
Writing at 0x0032fd11 ━━━━━━━━━━━━━━━━                54.5% 736.00kB/1.32MB [18s] 
Writing at 0x003359db ━━━━━━━━━━━━━━━━╸               55.7% 752.00kB/1.32MB [18s] 
Writing at 0x0033b7ec ━━━━━━━━━━━━━━━━━               56.9% 768.00kB/1.32MB [19s] 
Writing at 0x00340f86 ━━━━━━━━━━━━━━━━━               58.1% 784.00kB/1.32MB [19s] 
Writing at 0x00348a39 ━━━━━━━━━━━━━━━━━╸              59.3% 800.00kB/1.32MB [19s] 
Writing at 0x003542c2 ━━━━━━━━━━━━━━━━━━              60.5% 816.00kB/1.32MB [20s] 
Writing at 0x0035f29d ━━━━━━━━━━━━━━━━━━              61.7% 832.00kB/1.32MB [20s] 
Writing at 0x00365e11 ━━━━━━━━━━━━━━━━━━╸             62.8% 848.00kB/1.32MB [21s] 
Writing at 0x0036cf7f ━━━━━━━━━━━━━━━━━━━             64.0% 864.00kB/1.32MB [21s] 
Writing at 0x00373bb1 ━━━━━━━━━━━━━━━━━━━╸            65.2% 880.00kB/1.32MB [21s] 
Writing at 0x00379a26 ━━━━━━━━━━━━━━━━━━━╸            66.4% 896.00kB/1.32MB [22s] 
Writing at 0x0037fee0 ━━━━━━━━━━━━━━━━━━━━            67.6% 912.00kB/1.32MB [22s] 
Writing at 0x00386698 ━━━━━━━━━━━━━━━━━━━━╸           68.8% 928.00kB/1.32MB [23s] 
Writing at 0x0038c319 ━━━━━━━━━━━━━━━━━━━━╸           70.0% 944.00kB/1.32MB [23s] 
Writing at 0x00391506 ━━━━━━━━━━━━━━━━━━━━━           71.1% 960.00kB/1.32MB [23s] 
Writing at 0x0039ba71 ━━━━━━━━━━━━━━━━━━━━━╸          72.3% 976.00kB/1.32MB [24s] 
Writing at 0x003a40ec ━━━━━━━━━━━━━━━━━━━━━━          73.5% 992.00kB/1.32MB [24s] 
Writing at 0x003adbfd ━━━━━━━━━━━━━━━━━━━━━━          74.7% 1008.00kB/1.32MB [25s] 
Writing at 0x003b3ba7 ━━━━━━━━━━━━━━━━━━━━━━╸         75.9% 1.00MB/1.32MB [25s] 
Writing at 0x003b9b32 ━━━━━━━━━━━━━━━━━━━━━━━         77.1% 1.02MB/1.32MB [25s] 
Writing at 0x003bf157 ━━━━━━━━━━━━━━━━━━━━━━━         78.3% 1.03MB/1.32MB [26s] 
Writing at 0x003c5cad ━━━━━━━━━━━━━━━━━━━━━━━╸        79.4% 1.05MB/1.32MB [26s] 
Writing at 0x003cd6da ━━━━━━━━━━━━━━━━━━━━━━━━        80.6% 1.06MB/1.32MB [27s] 
Writing at 0x003d36b7 ━━━━━━━━━━━━━━━━━━━━━━━━╸       81.8% 1.08MB/1.32MB [27s] 
Writing at 0x003dbdb3 ━━━━━━━━━━━━━━━━━━━━━━━━╸       83.0% 1.09MB/1.32MB [27s] 
Writing at 0x003e28d2 ━━━━━━━━━━━━━━━━━━━━━━━━━       84.2% 1.11MB/1.32MB [28s] 
Writing at 0x003e87ce ━━━━━━━━━━━━━━━━━━━━━━━━━╸      85.4% 1.12MB/1.32MB [28s] 
Writing at 0x003ef3fd ━━━━━━━━━━━━━━━━━━━━━━━━━╸      86.6% 1.14MB/1.32MB [29s] 
Writing at 0x003f6868 ━━━━━━━━━━━━━━━━━━━━━━━━━━      87.7% 1.16MB/1.32MB [29s] 
Writing at 0x003fdc6c ━━━━━━━━━━━━━━━━━━━━━━━━━━╸     88.9% 1.17MB/1.32MB [29s] 
Writing at 0x00405a91 ━━━━━━━━━━━━━━━━━━━━━━━━━━━     90.1% 1.19MB/1.32MB [30s] 
Writing at 0x0040bf44 ━━━━━━━━━━━━━━━━━━━━━━━━━━━     91.3% 1.20MB/1.32MB [30s] 
Writing at 0x004134da ━━━━━━━━━━━━━━━━━━━━━━━━━━━╸    92.5% 1.22MB/1.32MB [31s] 
Writing at 0x0041b93f ━━━━━━━━━━━━━━━━━━━━━━━━━━━━    93.7% 1.23MB/1.32MB [31s] 
Writing at 0x00421de9 ━━━━━━━━━━━━━━━━━━━━━━━━━━━━    94.9% 1.25MB/1.32MB [31s] 
Writing at 0x00427d3a ━━━━━━━━━━━━━━━━━━━━━━━━━━━━╸   96.0% 1.27MB/1.32MB [32s] 
Writing at 0x0042dc15 ━━━━━━━━━━━━━━━━━━━━━━━━━━━━━   97.2% 1.28MB/1.32MB [32s] 
Writing at 0x0043325c ━━━━━━━━━━━━━━━━━━━━━━━━━━━━━╸  98.4% 1.30MB/1.32MB [32s] 
Writing at 0x00439e7d ━━━━━━━━━━━━━━━━━━━━━━━━━━━━━╸  99.6% 1.31MB/1.32MB [33s] 
Writing at 0x0043d400 ━━━━━━━━━━━━━━━━━━━━━━━━━━━━━━ 100.0% 1.32MB/1.32MB [33s] 
Wrote 2348032 bytes (1381710 compressed) at 0x00200000 in 31.8 seconds (591.0 kbit/s).
Verifying written data...
Hash of data verified.

Hard resetting via RTS pin...
