--- CMD: ps ---
ps
  PID GROUP CPU(AFFINITY)   PRI POLICY   TYPE    NPX STATE    EVENT     SIGMASK            STACK COMMAND
    0     0 000(0x00000003)   0 FIFO     Kthread   - Assigned           0000000000000000 0003024 CPU0 IDLE
    1     0 001(0x00000003)   0 FIFO     Kthread   - Running            0000000000000000 0003024 CPU1 IDLE
    2     0 ---(0x00000003) 100 RR       Kthread   - Waiting  Semaphore 0000000000000000 0001952 lpwork 0x2f011140 0x2f01118c
    4     0 ---(0x00000003) 223 RR       Kthread   - Waiting  Semaphore 0000000000000000 0001968 hr_timer
    5     0 ---(0x00000001) 253 RR       Kthread   - Waiting  MQ empty  0000000000000000 0003520 wifi
    6     6 000(0x00000003) 101 RR       Task      - Running            0000000000000000 0004016 /system/bin/init
nsh> [K
nsh> [K
--- CMD: ifconfig ---
ifconfig
wlan0	Link encap:Ethernet HWaddr 30:ed:a0:f3:f7:b0 at RUNNING mtu 1500
	inet addr:192.168.1.60 DRaddr:192.168.1.1 Mask:255.255.255.0

	RX: Received Fragment Errors   Bytes   
	    00000026 00000000 00000000 1b900000000     
	    IPv4     ARP      Dropped 
	    00000000 00000000 00000000
	TX: Queued   Sent     Errors   Timeouts Bytes   
	    00000000 00000000 00000000 00000000 400e7138         
	Total Errors: 00000000

             IPv4   TCP   UDP  ICMP
Received     0007  0000  0005  0002
Dropped      0000  0000  0000  0000
  IPv4        VHL: 0000   Frg: 0000
  Checksum   0000  0000  0000  0000
  TCP         ACK: 0000   SYN: 0000
              RST: 0000  0000
              HDR: 0000
  Type       0000  ----  ----  0000
Sent         0004  0000  0002  0002
  Rexmit     ----  0000  ----  ----
nsh> [K
nsh> [K
--- CMD: iperf2 -s -p 5003 -i 1 -u & ---
iperf2 -s -p 5003 -i 1 -u &
iperf2 [10:101]
nsh> [K
nsh> [K------------------------------------------------------------
Server listening on UDP port 5003
UDP buffer size: -1.00 Byte (WARNING: requested 16.0 KByte)
------------------------------------------------------------
[  1] local 0.0.0.0 port 5003 connected with 192.168.1.29 port 60199
[ ID] Interval       Transfer     Bandwidth        Jitter   Lost/Total Datagrams
[  1] 0.00-1.00 sec   264 KBytes  2.16 Mbits/sec  68.823 ms 0/184 (0%)
[  1] 1.00-2.00 sec   748 KBytes  6.13 Mbits/sec   1.973 ms 0/521 (0%)
[  1] 2.00-3.00 sec   731 KBytes  5.99 Mbits/sec   2.004 ms 0/509 (0%)
[  1] 2.00-3.00 sec  2 datagrams received out-of-order
[  1] 3.00-4.00 sec   879 KBytes  7.20 Mbits/sec   1.745 ms 0/612 (0%)
[  1] 3.00-4.00 sec  1 datagrams received out-of-order
[  1] 4.00-5.00 sec   815 KBytes  6.68 Mbits/sec   2.202 ms 3/571 (0.53%)
[  1] 4.00-5.00 sec  3 datagrams received out-of-order
[  1] 5.00-6.00 sec   757 KBytes  6.20 Mbits/sec   1.123 ms 4/531 (0.75%)
[  1] 5.00-6.00 sec  2 datagrams received out-of-order
[  1] 6.00-7.00 sec   696 KBytes  5.70 Mbits/sec   1.603 ms 0/485 (0%)
[  1] 6.00-7.00 sec  1 datagrams received out-of-order
[  1] 7.00-8.00 sec   762 KBytes  6.24 Mbits/sec   1.243 ms 4/535 (0.75%)
[  1] 7.00-8.00 sec  3 datagrams received out-of-order
[  1] 8.00-9.00 sec   827 KBytes  6.77 Mbits/sec   2.533 ms 1/577 (0.17%)
[  1] 8.00-9.00 sec  3 datagrams received out-of-order
[  1] 9.00-10.00 sec   840 KBytes  6.88 Mbits/sec   1.782 ms 6/591 (1%)
[  1] 9.00-10.00 sec  3 datagrams received out-of-order
[  1] 10.00-11.00 sec   912 KBytes  7.47 Mbits/sec   1.070 ms 3/638 (0.47%)
[  1] 10.00-11.00 sec  4 datagrams received out-of-order
[  1] 11.00-12.00 sec   950 KBytes  7.79 Mbits/sec   1.434 ms 12/674 (1.8%)
[  1] 11.00-12.00 sec  4 datagrams received out-of-order
[  1] 12.00-13.00 sec   916 KBytes  7.50 Mbits/sec   0.847 ms 11/649 (1.7%)
[  1] 12.00-13.00 sec  3 datagrams received out-of-order
[  1] 13.00-14.00 sec   887 KBytes  7.27 Mbits/sec   1.902 ms 2/620 (0.32%)
[  1] 13.00-14.00 sec  3 datagrams received out-of-order
[  1] 14.00-15.00 sec   765 KBytes  6.27 Mbits/sec   1.752 ms 0/533 (0%)
[  1] 14.00-15.00 sec  3 datagrams received out-of-order
--- CMD: ps ---
ps
  PID GROUP CPU(AFFINITY)   PRI POLICY   TYPE    NPX STATE    EVENT     SIGMASK            STACK COMMAND
    0     0 000(0x00000003)   0 FIFO     Kthread   - Assigned           0000000000000000 0003024 CPU0 IDLE
    1     0 001(0x00000003)   0 FIFO     Kthread   - Assigned           0000000000000000 0003024 CPU1 IDLE
    2     0 ---(0x00000003) 100 RR       Kthread   - Ready              0000000000000000 0001952 lpwork 0x2f011140 0x2f01118c
    4     0 ---(0x00000003) 223 RR       Kthread   - Waiting  Semaphore 0000000000000000 0001968 hr_timer
    5     0 ---(0x00000001) 253 RR       Kthread   - Waiting  MQ empty  0000000000000000 0003520 wifi
    6     6 001(0x00000003) 101 RR       Task      - Running            0000000000000000 0004016 /system/bin/init
   10    10 ---(0x00000003) 100 RR       Task      - Waiting  Semaphore 0000000000000000 0008080 iperf2 -s -p 5003 -i 1 -u
   11    10 ---(0x00000003) 101 RR       pthread   - Waiting  Signal    0000000000000000 0008144 iperf2 0x6100d684 0x61800db8
   12    10 ---(0x00000003) 100 RR       pthread   - Waiting  Semaphore 0000000000000000 0008144 iperf2 0x6100d684 0x61800550
   13    10 ---(0x00000003) 100 RR       pthread   - Ready              0000000000000000 0008144 iperf2 0x6100d684 0x6180a298
nsh> [K
nsh> [K[  1] 15.00-16.00 sec   850 KBytes  6.96 Mbits/sec   1.668 ms 85/677 (13%)
[  1] 15.00-16.00 sec  5 datagrams received out-of-order
--- CMD: kill -15 10 ---
kill -15 10
nsh> Waiting for server threads to complete. Interrupt again to force[K quit.

nsh> [K[  1] 0.00-16.22 sec  12.6 MBytes  6.50 Mbits/sec   2.041 ms 172/9141 (1.9%)
[  1] 0.00-16.22 sec  41 datagrams received out-of-order
--- CMD: ifconfig ---
ifconfig
wlan0	Link encap:Ethernet HWaddr 30:ed:a0:f3:f7:b0 at RUNNING mtu 1500
	inet addr:192.168.1.60 DRaddr:192.168.1.1 Mask:255.255.255.0

	RX: Received Fragment Errors   Bytes   
	    00002367 00000000 00000000 1b900000000     
	    IPv4     ARP      Dropped 
	    00000000 00000000 00000160
	TX: Queued   Sent     Errors   Timeouts Bytes   
	    00000000 00000000 00000000 00000000 400e7138         
	Total Errors: 00000000

             IPv4   TCP   UDP  ICMP
Received     2330  0000  232e  0002
Dropped      0000  0000  0000  0000
  IPv4        VHL: 0000   Frg: 0000
  Checksum   0000  0000  0000  0000
  TCP         ACK: 0000   SYN: 0000
              RST: 0000  0000
              HDR: 0000
  Type       0000  ----  ----  0000
Sent         0004  0000  0002  0002
  Rexmit     ----  0000  ----  ----
nsh> [K
nsh> [K
--- CMD: free ---
free
      total       used       free    maxused    maxfree  nused  nfree name
     310628     112708     197920     136648     160104    254     13 Kmem
   16777216    1454080   15323136   15323136 Page
nsh> [K
nsh> [K
{"case": "5.1.24", "scope": "DIAGNOSTIC_ONLY", "status": "DIAGNOSTIC_COMPLETE", "receipt": "build1489-wifi-rx-stats.sha256", "duration_seconds": 10, "offered_load": "40M", "host_topology": "Native Windows iperf2 on WLAN192.168.1.29, direct LAN; diagnostic10s40M", "server_pid": 10, "client_exit": 0, "wall_seconds": 14.525722735997988, "host_full_duration": false, "board_summary_present": true, "rate_acceptance": "DIAGNOSTIC_ONLY; not original acceptance", "board_capture_sha256": "37677e4749a933b7ea3ddcc2ea51b24de3ba296146828e6440da90750e8a4d81"}
