------------------------------------------------------------
Client connecting to 192.168.1.60, UDP port 5003
Sending 1470 byte datagrams, IPG target: 2243.04 us (kalman adjust)
UDP buffer size: 64.0 KByte (default)
------------------------------------------------------------
[  1] local 192.168.1.29 port 51460 connected with 192.168.1.60 port 5003
[ ID] Interval       Transfer     Bandwidth
[  1] 0.00-1.00 sec   636 KBytes  5.21 Mbits/sec
[  1] 1.00-2.00 sec   639 KBytes  5.23 Mbits/sec
[  1] 2.00-3.00 sec   643 KBytes  5.27 Mbits/sec
[  1] 3.00-4.00 sec   639 KBytes  5.23 Mbits/sec
[  1] 4.00-5.00 sec   637 KBytes  5.22 Mbits/sec
[  1] 5.00-6.00 sec   643 KBytes  5.27 Mbits/sec
[  1] 6.00-7.00 sec   339 KBytes  2.78 Mbits/sec
[  1] 7.00-8.00 sec   584 KBytes  4.79 Mbits/sec
[  1] 8.00-9.00 sec   640 KBytes  5.24 Mbits/sec
[  1] 9.00-10.00 sec   645 KBytes  5.28 Mbits/sec
[  1] 10.00-11.00 sec   637 KBytes  5.22 Mbits/sec
[  1] 11.00-12.00 sec   639 KBytes  5.23 Mbits/sec
[  1] 12.00-13.00 sec   642 KBytes  5.26 Mbits/sec
[  1] 13.00-14.00 sec   640 KBytes  5.24 Mbits/sec
[  1] 14.00-15.00 sec   639 KBytes  5.23 Mbits/sec
[  1] 15.00-16.00 sec   646 KBytes  5.29 Mbits/sec
[  1] 16.00-17.00 sec   637 KBytes  5.22 Mbits/sec
[  1] 17.00-18.00 sec   642 KBytes  5.26 Mbits/sec
[  1] 18.00-19.00 sec   635 KBytes  5.20 Mbits/sec
[  1] 19.00-20.00 sec   646 KBytes  5.29 Mbits/sec
[  1] 20.00-21.00 sec   635 KBytes  5.20 Mbits/sec
[  1] 21.00-22.00 sec   645 KBytes  5.28 Mbits/sec
[  1] 22.00-23.00 sec   642 KBytes  5.26 Mbits/sec
[  1] 23.00-24.00 sec   636 KBytes  5.21 Mbits/sec
[  1] 24.00-25.00 sec   639 KBytes  5.23 Mbits/sec
[  1] 25.00-26.00 sec   637 KBytes  5.22 Mbits/sec
[  1] 26.00-27.00 sec   649 KBytes  5.32 Mbits/sec
[  1] 27.00-28.00 sec   636 KBytes  5.21 Mbits/sec
[  1] 28.00-29.00 sec   645 KBytes  5.28 Mbits/sec
[  1] 29.00-30.00 sec   501 KBytes  4.10 Mbits/sec
[  1] 0.00-30.17 sec  18.3 MBytes  5.08 Mbits/sec
[  1] Sent 13037 datagrams
[  1] Server Report:
[ ID] Interval       Transfer     Bandwidth        Jitter   Lost/Total Datagrams
[  1] 0.00-30.37 sec  17.9 MBytes  4.95 Mbits/sec   5.295 ms 242/13036 (1.9%)
[  1] 0.00-30.37 sec  28 datagrams received out-of-order
