esptool v5.4.0
Serial port /dev/ttyUSB0:
Connecting....
Connected to ESP32-S31 on /dev/ttyUSB0:
Chip type:          ESP32-S31 (revision v0.0)
Features:           Wi-Fi 6, BT 5.4 (LE), IEEE802.15.4, Dual Core + LP Core, 300MHz
Crystal frequency:  40MHz
MAC:                30:ed:a0:f3:df:34

Uploading stub flasher...
Running stub flasher...
Stub flasher running.
Changing baud rate to 921600...
Changed.

Configuring flash size...
SHA digest in image updated.
Flash will be erased from 0x00002000 to 0x0004afff...
Compressed 298092 bytes to 155397...
Writing at 0x00007f55 ━━━                             10.5% 16.00kB/151.75kB [0s] 
Writing at 0x00013f8a ━━━━━━                          21.1% 32.00kB/151.75kB [0s] 
Writing at 0x00022b2e ━━━━━━━━━                       31.6% 48.00kB/151.75kB [0s] 
Writing at 0x00028bf8 ━━━━━━━━━━━━╸                   42.2% 64.00kB/151.75kB [1s] 
Writing at 0x0002f202 ━━━━━━━━━━━━━━━╸                52.7% 80.00kB/151.75kB [1s] 
Writing at 0x000352a9 ━━━━━━━━━━━━━━━━━━╸             63.3% 96.00kB/151.75kB [1s] 
Writing at 0x0003b05b ━━━━━━━━━━━━━━━━━━━━━━          73.8% 112.00kB/151.75kB [1s] 
Writing at 0x00041e68 ━━━━━━━━━━━━━━━━━━━━━━━━━       84.3% 128.00kB/151.75kB [1s] 
Writing at 0x000480a0 ━━━━━━━━━━━━━━━━━━━━━━━━━━━━    94.9% 144.00kB/151.75kB [2s] 
Writing at 0x0004ac6c ━━━━━━━━━━━━━━━━━━━━━━━━━━━━━━ 100.0% 151.75kB/151.75kB [2s] 
Wrote 298092 bytes (155397 compressed) at 0x00002000 in 2.3 seconds (1018.3 kbit/s).
Verifying written data...
Hash of data verified.

Hard resetting via RTS pin...
