ESP-ROM:esp32s31-20251218
Build:Dec 18 2025
rst:0x1 (POWERON),boot:0x7f (SPI_FAST_FLASH_BOOT)
SPI mode:DIO, clock div:1
load:0x2e000000,len:0x18
load:0x2f000000,len:0x14178
entry 0x2f0104e6
*** Booting NuttX ***
rtc: lma 0x00002020 vma 0x2e000000 len 0x18     (24)
dram: lma 0x00002040 vma 0x2f000000 len 0x14178  (82296)
padd: lma 0x000161e8 vma 0x00000000 len 0x9e30   (40496)
imap: lma 0x00020020 vma 0x400d0020 len 0x1af40  (110400)
padd: lma 0x0003af68 vma 0x00000000 len 0x5190   (20880)
imap: lma 0x00040100 vma 0x40000100 len 0xc3c04  (801796)
total segments stored 6
ABC[CPU0] CPU1 SMP online: ipi0=0 timer1=0
[CPU1] AppFS header: 2d726f6d3166732d
[CPU1] AppFS MTD boundary checks: PASS
[CPU1] AppFS writable LittleFS: offset=0x500000 size=0x700000
[CPU1] Initializing Wi-Fi station
[CPU0] E1 Wi-Fi station netdev ready
[CPU0] set_intr_wrapper: S31 IRQ route: cpu=0 source=122 vector=1 priority=1
[CPU0] set_intr_wrapper: S31 IRQ route: cpu=0 source=120 vector=1 priority=1
[CPU0] enable_intr_wrapper: S31 IRQ enable: mask=00000002 vector=1 irq=137
[CPU0] esp_wifi_sta_start: S31 frame statistics enable: rx=0 tx=0

NuttShell (NSH)
nsh> [K
XTS_NIST_BOOT=PASS seconds=0.648
--- CMD: ifdown wlan0 ---
ifdown wlan0
[CPU0] s31_wifi_rx_counters: S31 modem clocks stop: conf1=0038e7ff bb=1 bb80x1=1 bb44=1 mac=1 apb=1 fe160=1 sec=0
[CPU0] s31_wifi_rx_counters: S31 RX counters stop: ret=0 mpdu=68 data=0 fcs=9 abort=13 full=0 fifo=0 other=9
[CPU0] s31_wifi_rx_counters: S31 HE counters: power=0 sigb=0 format=0 unsupported=0 siga=0 bboff=0 wdg=0
[CPU0] s31_wifi_rx_counters: S31 radio hangs: rx=0 tx=0 flags=00000000 panic=00000000 bf_timeout=0 bf_error=0
[CPU0] s31_wifi_rx_counters: S31 RX errors: ret=0 total=0 bitmap=0 tkip=0
[CPU0] s31_wifi_rx_counters: S31 RX types: ret=0 legacy=0 ht=0 su=0 ersu=0 mu=0 su_noeb=0 mu_noeb=0 stbc=0 retry=0
[CPU0] s31_wifi_rx_counters: S31 TX stats: ret=0 enable=0 complete=0 succ=0 ack=0 ba=0 retry=0 nomem=0 timeout=0
[CPU0] disable_intr_wrapper: S31 IRQ disable: mask=00000002 vector=1 irq=137
ifdown wlan0...OK
nsh> [K
nsh> [K
--- CMD: mount ---
mount
  /apps type littlefs
  /proc type procfs
  /system/bin type romfs
  /tmp type tmpfs
nsh> [K
nsh> [K
--- CMD: ls /tmp/experiments ---
ls /tmp/experiments
nsh: ls: stat failed: No such file or directory
nsh> [K
nsh> [K
--- CMD: ls /tmp/templates ---
ls /tmp/templates
nsh: ls: stat failed: No such file or directory
nsh> [K
nsh> [K
--- CMD: cd /tmp ---
cd /tmp
nsh> [K
nsh> [K
--- CMD: mkdir -p experiments/AlgorithmTesting/ApproximateEntropy ---
mkdir -p experiments/AlgorithmTesting/ApproximateEntropy
nsh> [K
nsh> [K
--- CMD: mkdir -p experiments/AlgorithmTesting/CumulativeSums ---
mkdir -p experiments/AlgorithmTesting/CumulativeSums
nsh> [K
nsh> [K
--- CMD: mkdir -p experiments/AlgorithmTesting/Frequency ---
mkdir -p experiments/AlgorithmTesting/Frequency
nsh> [K
nsh> [K
--- CMD: mkdir -p experiments/AlgorithmTesting/LongestRun ---
mkdir -p experiments/AlgorithmTesting/LongestRun
nsh> [K
nsh> [K
--- CMD: mkdir -p experiments/AlgorithmTesting/OverlappingTemplate ---
mkdir -p experiments/AlgorithmTesting/OverlappingTemplate
nsh> [K
nsh> [K
--- CMD: mkdir -p experiments/AlgorithmTesting/RandomExcursionsVariant ---
mkdir -p experiments/AlgorithmTesting/RandomExcursionsVariant
nsh> [K
nsh> [K
--- CMD: mkdir -p experiments/AlgorithmTesting/Runs ---
mkdir -p experiments/AlgorithmTesting/Runs
nsh> [K
nsh> [K
--- CMD: mkdir -p experiments/AlgorithmTesting/Universal ---
mkdir -p experiments/AlgorithmTesting/Universal
nsh> [K
nsh> [K
--- CMD: mkdir -p experiments/AlgorithmTesting/BlockFrequency ---
mkdir -p experiments/AlgorithmTesting/BlockFrequency
nsh> [K
nsh> [K
--- CMD: mkdir -p experiments/AlgorithmTesting/FFT ---
mkdir -p experiments/AlgorithmTesting/FFT
nsh> [K
nsh> [K
--- CMD: mkdir -p experiments/AlgorithmTesting/LinearComplexity ---
mkdir -p experiments/AlgorithmTesting/LinearComplexity
nsh> [K
nsh> [K
--- CMD: mkdir -p experiments/AlgorithmTesting/NonOverlappingTemplate ---
mkdir -p experiments/AlgorithmTesting/NonOverlappingTemplate
nsh> [K
nsh> [K
--- CMD: mkdir -p experiments/AlgorithmTesting/RandomExcursions ---
mkdir -p experiments/AlgorithmTesting/RandomExcursions
nsh> [K
nsh> [K
--- CMD: mkdir -p experiments/AlgorithmTesting/Rank ---
mkdir -p experiments/AlgorithmTesting/Rank
nsh> [K
nsh> [K
--- CMD: mkdir -p experiments/AlgorithmTesting/Serial ---
mkdir -p experiments/AlgorithmTesting/Serial
nsh> [K
nsh> [K
--- CMD: mkdir templates ---
mkdir templates
nsh> [K
nsh> [K
--- CMD: cp /system/bin/nist-template9 /tmp/templates/template9 ---
cp /system/bin/nist-template9 /tmp/templates/template9
nsh> [K
nsh> [K
--- CMD: ls -l /tmp/templates/template9 ---
ls -l /tmp/templates/template9
 -rwxrwxrwx   0        2664 /tmp/templates/template9
nsh> [K
nsh> [K
--- CMD: free ---
free
      total       used       free    maxused    maxfree  nused  nfree name
    4194300      11492    4182808      11920    4182744    144      2 heapfs
     304828      69604     235224      84640     209256    118      8 Kmem
   12582912     696320   11886592   11886592 Page
nsh> [K
nsh> [K
XTS_COMMAND=nist_sts 400000; inputs=0,/dev/urandom/,1,0,10,1
XTS_INPUT=nist_sts 400000
nist_sts 400000
           G E N E R A T O R    S E L E C T I O N 
           ______________________________________

    [0] Input File                 [1] Linear Congruential
    [2] Quadratic Congruential I   [3] Quadratic Congruential II
    [4] Cubic Congruential         [5] XOR
    [6] Modular Exponentiation     [7] Blum-Blum-Shub
    [8] Micali-Schnorr             [9] G Using SHA-1

XTS_INPUT=0
XTS_INPUT=/dev/urandom/
XTS_INPUT=1
XTS_INPUT=0
XTS_INPUT=10
XTS_INPUT=1
0
   Enter Choice: 

/dev/urandom/
		User Prescribed Input File: 
                S T A T I S T I C A L   T E S T S
                _________________________________

    [01] Frequency                       [02] Block Frequency
    [03] Cumulative Sums                 [04] Runs
    [05] Longest Run of Ones             [06] Rank
    [07] Discrete Fourier Transform      [08] Nonperiodic Template Matchings
    [09] Overlapping Template Matchings  [10] Universal Statistical
    [11] Approximate Entropy             [12] Random Excursions
    [13] Random Excursions Variant       [14] Serial
    [15] Linear Complexity

         INSTRUCTIONS
            Enter 0 if you DO NOT want to apply all of the
            statistical tests to each sequence and 1 if you DO.

1
   Enter Choice: 
        P a r a m e t e r   A d j u s t m e n t s
        -----------------------------------------
    [1] Block Frequency Test - block length(M):         128
    [2] NonOverlapping Template Test - block length(m): 9
    [3] Overlapping Template Test - block length(m):    9
    [4] Approximate Entropy Test - block length(m):     10
    [5] Serial Test - block length(m):                  16
    [6] Linear Complexity Test - block length(M):       500

0
   Select Test (0 to continue): 
10
   How many bitstreams? 
   Input File Format:
    [0] ASCII - A sequence of ASCII 0's and 1's
    [1] Binary - Each byte in data file contains 8 bits of data

1
   Select input mode:  
     Statistical Testing In Progress.........

     Statistical Testing Complete!!!!!!!!!!!!

nsh> [K--- CMD: cat /tmp/experiments/AlgorithmTesting/finalAnalysisReport.txt ---
cat /tmp/experiments/AlgorithmTesting/finalAnalysisReport.txt
------------------------------------------------------------------------------
RESULTS FOR THE UNIFORMITY OF P-VALUES AND THE PROPORTION OF PASSING SEQUENCES
------------------------------------------------------------------------------
   generator is </dev/urandom/>
------------------------------------------------------------------------------
 C1  C2  C3  C4  C5  C6  C7  C8  C9 C10  P-VALUE  PROPORTION  STATISTICAL TEST
------------------------------------------------------------------------------
  0   2   1   2   0   0   2   2   1   0  0.534146     10/10      Frequency
  2   0   2   0   0   2   0   0   2   2  0.350485     10/10      BlockFrequency
  1   3   1   1   1   1   0   1   1   0  0.739918     10/10      CumulativeSums
  0   1   2   0   0   5   1   1   0   0  0.008878     10/10      CumulativeSums
  2   2   1   1   1   0   1   1   1   0  0.911413     10/10      Runs
  1   1   0   1   1   1   1   2   0   2  0.911413     10/10      LongestRun
  1   1   0   2   0   0   5   0   0   1  0.008878     10/10      Rank
  0   1   0   1   1   0   2   3   0   2  0.350485     10/10      FFT
  0   1   2   1   1   1   0   3   1   0  0.534146     10/10      NonOverlappingTemplate
  1   0   0   2   2   2   0   1   2   0  0.534146      9/10      NonOverlappingTemplate
  1   2   0   0   0   1   2   2   1   1  0.739918     10/10      NonOverlappingTemplate
  3   0   0   2   0   2   3   0   0   0  0.066881     10/10      NonOverlappingTemplate
  1   0   3   0   0   1   3   2   0   0  0.122325     10/10      NonOverlappingTemplate
  2   0   1   0   1   1   0   3   1   1  0.534146      9/10      NonOverlappingTemplate
  1   1   1   0   1   0   1   3   1   1  0.739918     10/10      NonOverlappingTemplate
  2   1   1   2   1   0   0   0   1   2  0.739918     10/10      NonOverlappingTemplate
  0   0   2   3   2   0   1   1   0   1  0.350485     10/10      NonOverlappingTemplate
  0   1   0   1   1   0   1   1   2   3  0.534146     10/10      NonOverlappingTemplate
  1   2   0   2   1   1   0   0   3   0  0.350485     10/10      NonOverlappingTemplate
  1   0   3   2   1   1   1   1   0   0  0.534146     10/10      NonOverlappingTemplate
  1   1   1   0   2   1   1   1   1   1  0.991468     10/10      NonOverlappingTemplate
  1   3   0   1   0   0   1   1   1   2  0.534146      9/10      NonOverlappingTemplate
  1   2   1   0   1   2   0   2   0   1  0.739918     10/10      NonOverlappingTemplate
  1   0   0   3   1   2   2   0   1   0  0.350485     10/10      NonOverlappingTemplate
  0   2   2   1   3   0   2   0   0   0  0.213309     10/10      NonOverlappingTemplate
  2   0   3   0   2   0   0   0   2   1  0.213309     10/10      NonOverlappingTemplate
  2   1   1   0   2   0   2   0   2   0  0.534146     10/10      NonOverlappingTemplate
  0   2   0   1   0   1   1   0   4   1  0.122325     10/10      NonOverlappingTemplate
  1   1   1   1   2   1   2   1   0   0  0.911413      9/10      NonOverlappingTemplate
  2   0   0   2   1   0   0   1   0   4  0.066881      9/10      NonOverlappingTemplate
  2   1   0   1   2   1   1   2   0   0  0.739918     10/10      NonOverlappingTemplate
  2   0   1   1   2   0   1   1   2   0  0.739918      9/10      NonOverlappingTemplate
  0   1   0   2   0   1   2   1   2   1  0.739918     10/10      NonOverlappingTemplate
  1   2   0   2   0   0   3   0   2   0  0.213309     10/10      NonOverlappingTemplate
  1   0   1   1   0   2   0   2   2   1  0.739918     10/10      NonOverlappingTemplate
  1   1   1   3   1   1   1   1   0   0  0.739918     10/10      NonOverlappingTemplate
  1   1   0   2   0   1   0   2   0   3  0.350485     10/10      NonOverlappingTemplate
  1   2   2   0   1   1   2   0   0   1  0.739918     10/10      NonOverlappingTemplate
  2   2   0   1   2   0   0   1   2   0  0.534146     10/10      NonOverlappingTemplate
  0   3   0   1   0   2   0   0   3   1  0.122325     10/10      NonOverlappingTemplate
  1   1   0   2   1   1   2   2   0   0  0.739918     10/10      NonOverlappingTemplate
  0   1   2   0   1   3   2   1   0   0  0.350485     10/10      NonOverlappingTemplate
  0   1   1   2   0   1   4   1   0   0  0.122325     10/10      NonOverlappingTemplate
  1   2   1   1   2   1   1   0   1   0  0.911413     10/10      NonOverlappingTemplate
  0   1   2   0   1   4   0   0   0   2  0.066881     10/10      NonOverlappingTemplate
  1   1   0   1   3   0   1   1   2   0  0.534146     10/10      NonOverlappingTemplate
  3   0   0   0   0   4   1   0   0   2  0.017912      9/10      NonOverlappingTemplate
  1   0   1   2   1   2   0   1   0   2  0.739918     10/10      NonOverlappingTemplate
  2   2   1   1   1   0   0   1   1   1  0.911413     10/10      NonOverlappingTemplate
  2   1   0   1   1   1   3   0   0   1  0.534146     10/10      NonOverlappingTemplate
  1   1   2   0   2   0   1   0   1   2  0.739918     10/10      NonOverlappingTemplate
  2   1   1   2   1   1   1   1   0   0  0.911413     10/10      NonOverlappingTemplate
  1   0   0   1   0   3   4   1   0   0  0.035173     10/10      NonOverlappingTemplate
  0   2   0   1   1   1   3   0   1   1  0.534146     10/10      NonOverlappingTemplate
  2   0   1   1   1   1   1   1   1   1  0.991468     10/10      NonOverlappingTemplate
  0   0   1   0   2   3   1   0   2   1  0.350485     10/10      NonOverlappingTemplate
  0   1   1   1   0   1   1   1   4   0  0.213309     10/10      NonOverlappingTemplate
  1   0   1   0   0   0   0   1   2   5  0.008878     10/10      NonOverlappingTemplate
  1   0   1   0   2   1   1   1   1   2  0.911413     10/10      NonOverlappingTemplate
  2   0   0   3   0   1   1   0   1   2  0.350485     10/10      NonOverlappingTemplate
  0   1   3   0   0   0   1   3   0   2  0.122325     10/10      NonOverlappingTemplate
  1   2   1   0   1   0   1   2   1   1  0.911413     10/10      NonOverlappingTemplate
  2   1   0   0   1   1   2   1   2   0  0.739918     10/10      NonOverlappingTemplate
  1   2   1   1   2   1   0   2   0   0  0.739918     10/10      NonOverlappingTemplate
  0   1   0   1   0   2   1   3   1   1  0.534146     10/10      NonOverlappingTemplate
  1   1   1   2   2   1   0   1   0   1  0.911413     10/10      NonOverlappingTemplate
  1   2   3   2   0   0   0   1   0   1  0.350485     10/10      NonOverlappingTemplate
  1   0   0   1   1   1   5   0   1   0  0.017912     10/10      NonOverlappingTemplate
  0   2   2   0   0   0   2   0   1   3  0.213309     10/10      NonOverlappingTemplate
  1   1   1   1   1   0   1   1   1   2  0.991468     10/10      NonOverlappingTemplate
  1   0   0   1   1   2   1   3   0   1  0.534146     10/10      NonOverlappingTemplate
  0   0   1   1   2   2   1   0   2   1  0.739918     10/10      NonOverlappingTemplate
  1   1   0   2   0   2   0   3   1   0  0.350485     10/10      NonOverlappingTemplate
  1   1   1   2   1   0   2   0   0   2  0.739918     10/10      NonOverlappingTemplate
  1   0   2   2   1   0   1   1   1   1  0.911413     10/10      NonOverlappingTemplate
  1   0   1   2   1   0   1   2   2   0  0.739918      9/10      NonOverlappingTemplate
  2   3   1   0   0   1   1   2   0   0  0.350485      9/10      NonOverlappingTemplate
  2   0   2   0   1   0   1   2   1   1  0.739918      9/10      NonOverlappingTemplate
  2   0   1   1   0   0   0   2   3   1  0.350485     10/10      NonOverlappingTemplate
  1   0   0   1   0   2   0   4   1   1  0.122325     10/10      NonOverlappingTemplate
  2   0   1   0   2   0   1   0   1   3  0.350485     10/10      NonOverlappingTemplate
  3   0   2   1   0   1   1   0   0   2  0.350485     10/10      NonOverlappingTemplate
  0   1   2   1   1   1   0   3   1   0  0.534146     10/10      NonOverlappingTemplate
  1   0   2   0   2   1   2   1   1   0  0.739918     10/10      NonOverlappingTemplate
  0   0   2   0   0   3   0   3   0   2  0.066881     10/10      NonOverlappingTemplate
  1   0   3   1   0   1   1   1   0   2  0.534146     10/10      NonOverlappingTemplate
  1   1   2   1   0   1   1   1   2   0  0.911413     10/10      NonOverlappingTemplate
  1   0   2   1   2   1   1   0   1   1  0.911413     10/10      NonOverlappingTemplate
  2   2   0   2   0   2   0   0   2   0  0.350485     10/10      NonOverlappingTemplate
  1   4   1   0   0   0   0   0   2   2  0.066881     10/10      NonOverlappingTemplate
  1   3   0   1   1   2   1   0   1   0  0.534146     10/10      NonOverlappingTemplate
  3   1   0   2   0   1   2   1   0   0  0.350485     10/10      NonOverlappingTemplate
  1   2   1   2   0   0   0   1   3   0  0.350485     10/10      NonOverlappingTemplate
  1   0   1   1   0   3   1   1   0   2  0.534146     10/10      NonOverlappingTemplate
  3   0   0   1   0   1   1   2   0   2  0.350485     10/10      NonOverlappingTemplate
  2   1   0   0   1   1   0   0   2   3  0.350485      9/10      NonOverlappingTemplate
  0   1   1   0   0   0   2   3   1   2  0.350485     10/10      NonOverlappingTemplate
  0   1   0   0   4   0   0   2   0   3  0.017912     10/10      NonOverlappingTemplate
  1   0   0   1   1   4   2   1   0   0  0.122325     10/10      NonOverlappingTemplate
  2   1   2   2   0   0   0   1   1   1  0.739918     10/10      NonOverlappingTemplate
  0   0   2   1   1   1   2   3   0   0  0.350485     10/10      NonOverlappingTemplate
  1   4   0   0   1   3   1   0   0   0  0.035173     10/10      NonOverlappingTemplate
  2   3   2   1   0   0   0   0   2   0  0.213309      9/10      NonOverlappingTemplate
  2   0   1   2   0   1   0   2   1   1  0.739918     10/10      NonOverlappingTemplate
  0   1   1   0   3   0   0   1   2   2  0.350485     10/10      NonOverlappingTemplate
  0   0   2   0   1   1   2   1   3   0  0.350485     10/10      NonOverlappingTemplate
  3   0   0   2   0   0   2   1   1   1  0.350485     10/10      NonOverlappingTemplate
  1   1   1   0   2   1   2   1   0   1  0.911413     10/10      NonOverlappingTemplate
  2   0   1   1   0   0   0   2   3   1  0.350485      9/10      NonOverlappingTemplate
  0   1   1   0   2   0   3   1   1   1  0.534146     10/10      NonOverlappingTemplate
  1   2   0   0   1   2   2   0   2   0  0.534146     10/10      NonOverlappingTemplate
  1   1   0   1   2   2   0   1   0   2  0.739918     10/10      NonOverlappingTemplate
  1   0   3   1   2   0   1   2   0   0  0.350485     10/10      NonOverlappingTemplate
  2   1   1   1   1   2   1   0   0   1  0.911413     10/10      NonOverlappingTemplate
  4   0   0   2   0   1   0   0   3   0  0.017912     10/10      NonOverlappingTemplate
  1   2   1   0   0   5   0   1   0   0  0.008878     10/10      NonOverlappingTemplate
  0   1   1   1   1   2   1   2   1   0  0.911413     10/10      NonOverlappingTemplate
  1   0   2   2   1   2   1   0   1   0  0.739918     10/10      NonOverlappingTemplate
  0   1   0   0   1   0   6   0   1   1  0.000438     10/10      NonOverlappingTemplate
  1   0   1   2   0   1   0   2   2   1  0.739918      9/10      NonOverlappingTemplate
  0   1   1   0   1   0   2   3   0   2  0.350485     10/10      NonOverlappingTemplate
  0   0   1   0   2   1   0   3   3   0  0.122325     10/10      NonOverlappingTemplate
  1   0   3   2   2   0   1   0   0   1  0.350485     10/10      NonOverlappingTemplate
  0   0   1   4   0   0   1   1   1   2  0.122325     10/10      NonOverlappingTemplate
  0   1   1   0   0   2   3   0   2   1  0.350485     10/10      NonOverlappingTemplate
  2   1   0   0   3   0   0   2   2   0  0.213309     10/10      NonOverlappingTemplate
  2   2   1   1   0   2   0   1   0   1  0.739918     10/10      NonOverlappingTemplate
  3   0   1   1   0   0   1   2   1   1  0.534146     10/10      NonOverlappingTemplate
  2   1   0   2   1   1   1   1   0   1  0.911413     10/10      NonOverlappingTemplate
  1   0   1   1   2   2   1   0   2   0  0.739918     10/10      NonOverlappingTemplate
  0   2   0   1   2   1   2   1   0   1  0.739918     10/10      NonOverlappingTemplate
  1   0   1   2   0   2   1   0   2   1  0.739918     10/10      NonOverlappingTemplate
  2   0   1   1   1   1   1   1   1   1  0.991468     10/10      NonOverlappingTemplate
  1   3   1   0   1   3   0   0   1   0  0.213309     10/10      NonOverlappingTemplate
  2   0   0   0   1   0   3   2   1   1  0.350485     10/10      NonOverlappingTemplate
  1   0   2   1   1   2   2   0   0   1  0.739918     10/10      NonOverlappingTemplate
  0   2   1   1   0   2   1   1   2   0  0.739918     10/10      NonOverlappingTemplate
  0   0   1   2   2   0   3   1   0   1  0.350485     10/10      NonOverlappingTemplate
  1   3   0   0   0   1   2   0   1   2  0.350485     10/10      NonOverlappingTemplate
  0   0   2   1   0   0   2   0   3   2  0.213309     10/10      NonOverlappingTemplate
  3   2   0   0   1   2   0   1   0   1  0.350485     10/10      NonOverlappingTemplate
  1   2   0   1   0   4   0   0   1   1  0.122325      9/10      NonOverlappingTemplate
  1   1   2   0   1   1   1   1   0   2  0.911413     10/10      NonOverlappingTemplate
  1   1   2   1   1   0   0   3   0   1  0.534146     10/10      NonOverlappingTemplate
  0   0   1   2   1   0   0   3   0   3  0.122325     10/10      NonOverlappingTemplate
  1   3   2   0   1   0   1   1   1   0  0.534146     10/10      NonOverlappingTemplate
  0   2   1   2   0   2   0   1   1   1  0.739918     10/10      NonOverlappingTemplate
  0   0   2   1   1   2   1   1   2   0  0.739918     10/10      NonOverlappingTemplate
  2   1   1   3   1   0   1   1   0   0  0.534146     10/10      NonOverlappingTemplate
  1   0   1   1   0   3   0   2   1   1  0.534146     10/10      NonOverlappingTemplate
  0   1   2   0   0   1   3   2   0   1  0.350485     10/10      NonOverlappingTemplate
  1   0   2   1   2   0   2   0   0   2  0.534146      9/10      NonOverlappingTemplate
  0   1   0   3   2   1   1   0   2   0  0.350485     10/10      NonOverlappingTemplate
  0   1   0   1   1   1   2   1   1   2  0.911413     10/10      NonOverlappingTemplate
  0   1   2   1   2   0   1   1   2   0  0.739918     10/10      NonOverlappingTemplate
  3   0   2   1   0   1   1   0   0   2  0.350485     10/10      NonOverlappingTemplate
  2   1   1   0   0   1   1   1   3   0  0.534146      9/10      OverlappingTemplate
  3   1   1   1   1   0   0   2   1   0  0.534146      9/10      Universal
  0   0   1   1   0   3   2   0   3   0  0.122325     10/10      ApproximateEntropy
  0   0   0   0   0   1   0   0   0   0     ----       1/1       RandomExcursions
  0   0   0   0   1   0   0   0   0   0     ----       1/1       RandomExcursions
  0   1   0   0   0   0   0   0   0   0     ----       1/1       RandomExcursions
  0   0   0   1   0   0   0   0   0   0     ----       1/1       RandomExcursions
  0   0   0   0   0   1   0   0   0   0     ----       1/1       RandomExcursions
  0   0   0   0   1   0   0   0   0   0     ----       1/1       RandomExcursions
  0   0   1   0   0   0   0   0   0   0     ----       1/1       RandomExcursions
  0   0   0   0   0   0   0   1   0   0     ----       1/1       RandomExcursions
  0   0   0   0   1   0   0   0   0   0     ----       1/1       RandomExcursionsVariant
  0   0   0   1   0   0   0   0   0   0     ----       1/1       RandomExcursionsVariant
  0   0   1   0   0   0   0   0   0   0     ----       1/1       RandomExcursionsVariant
  0   0   1   0   0   0   0   0   0   0     ----       1/1       RandomExcursionsVariant
  0   0   0   1   0   0   0   0   0   0     ----       1/1       RandomExcursionsVariant
  0   0   1   0   0   0   0   0   0   0     ----       1/1       RandomExcursionsVariant
  0   1   0   0   0   0   0   0   0   0     ----       1/1       RandomExcursionsVariant
  0   1   0   0   0   0   0   0   0   0     ----       1/1       RandomExcursionsVariant
  0   0   0   0   0   0   0   0   0   1     ----       1/1       RandomExcursionsVariant
  1   0   0   0   0   0   0   0   0   0     ----       1/1       RandomExcursionsVariant
  1   0   0   0   0   0   0   0   0   0     ----       1/1       RandomExcursionsVariant
  0   0   1   0   0   0   0   0   0   0     ----       1/1       RandomExcursionsVariant
  0   0   0   0   0   0   0   1   0   0     ----       1/1       RandomExcursionsVariant
  0   0   0   0   0   0   0   0   1   0     ----       1/1       RandomExcursionsVariant
  0   0   0   0   0   0   0   1   0   0     ----       1/1       RandomExcursionsVariant
  0   0   0   0   0   0   0   0   0   1     ----       1/1       RandomExcursionsVariant
  0   0   0   0   0   0   0   0   0   1     ----       1/1       RandomExcursionsVariant
  0   0   0   0   0   0   0   0   1   0     ----       1/1       RandomExcursionsVariant
  0   2   1   1   2   2   0   0   0   2  0.534146     10/10      Serial
  0   1   1   1   3   2   1   0   1   0  0.534146     10/10      Serial
  0   1   0   1   1   1   0   0   3   3  0.213309     10/10      LinearComplexity


- - - - - - - - - - - - - - - - - - - - - - - - - - - - - - - - - - - - - - - - -
The minimum pass rate for each statistical test with the exception of the
random excursion (variant) test is approximately = 8 for a
sample size = 10 binary sequences.

The minimum pass rate for the random excursion (variant) test
is approximately = 0 for a sample size = 1 binary sequences.

For further guidelines construct a probability table using the MAPLE program
provided in the addendum section of the documentation.
- - - - - - - - - - - - - - - - - - - - - - - - - - - - - - - - - - - - - - - - -
nsh> [K
nsh> [K
--- CMD: cat /tmp/experiments/AlgorithmTesting/freq.txt ---
cat /tmp/experiments/AlgorithmTesting/freq.txt
________________________________________________________________________________

		FILE = /dev/urandom/		ALPHA = 0.0100
________________________________________________________________________________

		BITSREAD = 400000 0s = 199939 1s = 200061
		BITSREAD = 400000 0s = 199559 1s = 200441
		BITSREAD = 400000 0s = 200121 1s = 199879
		BITSREAD = 400000 0s = 200324 1s = 199676
		BITSREAD = 400000 0s = 200354 1s = 199646
		BITSREAD = 400000 0s = 200507 1s = 199493
		BITSREAD = 400000 0s = 200123 1s = 199877
		BITSREAD = 400000 0s = 200130 1s = 199870
		BITSREAD = 400000 0s = 199700 1s = 200300
		BITSREAD = 400000 0s = 200093 1s = 199907
nsh> [K
nsh> [K
Traceback (most recent call last):
  File "/home/regex/work/esp32s31-openvela/backups/2026-09-10-scan-stress/xts-nist.py", line 89, in <module>
    production.require(not flagged, 'NIST report contains failed/unavailable statistics')
  File "/home/regex/work/esp32s31-openvela/openvela-dev/nuttx/tools/espressif/esp32s31_production_smoke.py", line 22, in require
    raise RuntimeError(message)
RuntimeError: NIST report contains failed/unavailable statistics
