--- CMD: ifup wlan0 ---
ifup wlan0
[CPU0] set_intr_wrapper: S31 IRQ route: cpu=0 source=122 vector=1 priority=1
[CPU0] set_intr_wrapper: S31 IRQ route: cpu=0 source=120 vector=1 priority=1
[CPU0] enable_intr_wrapper: S31 IRQ enable: mask=00000002 vector=1 irq=137
[CPU0] esp_wifi_sta_start: S31 frame statistics enable: rx=0 tx=0
ifup wlan0...OK
nsh> [K
nsh> [K
--- CMD: wapi mode wlan0 2 ---
wapi mode wlan0 2
nsh> [K
nsh> [K
--- CMD: wapi psk wlan0 <redacted> 3 ---
wapi psk wlan0 <redacted> 3
nsh> [K
nsh> [K
--- CMD: wapi essid wlan0 <redacted> 1 ---
wapi essid wlan0 <redacted> 1
[CPU0] esp_event_post_wrapper: S31 associated: channel=11 auth=3 bssid=7c:39:85:2a:50:04
[CPU0] esp_evt_work_cb: S31 driver STA MAC: 30:ed:a0:f3:f7:b0
[CPU0] esp_evt_work_cb: S31 driver power save: ret=0 mode=0
[CPU0] esp_evt_work_cb: S31 driver protocol: ret=0 bitmap=7
[CPU0] esp_evt_work_cb: S31 negotiated PHY: ret=0 mode=4
[CPU0] esp_evt_work_cb: S31 HE SU beamformee disabled: ret=0 value=0
[CPU0] s31_wifi_rx_counters: S31 modem clocks connected: conf1=0038e7ff bb=1 bb80x1=1 bb44=1 mac=1 apb=1 fe160=1 sec=0
[CPU0] s31_wifi_rx_counters: S31 RX counters connected: ret=0 mpdu=14847 data=18 fcs=470 abort=725 full=0 fifo=0 other=383
[CPU0] s31_wifi_rx_counters: S31 HE counters: power=178 sigb=0 format=0 unsupported=0 siga=0 bboff=0 wdg=0
[CPU0] s31_wifi_rx_counters: S31 radio hangs: rx=0 tx=0 flags=00000000 panic=00000000 bf_timeout=0 bf_error=0
[CPU0] s31_wifi_rx_counters: S31 RX errors: ret=0 total=0 bitmap=0 tkip=0
[CPU0] s31_wifi_rx_counters: S31 RX types: ret=0 legacy=3 ht=0 su=0 ersu=0 mu=0 su_noeb=0 mu_noeb=0 stbc=0 retry=0
[CPU0] s31_wifi_rx_counters: S31 TX stats: ret=0 enable=0 complete=0 succ=0 ack=0 ba=0 retry=0 nomem=0 timeout=0
nsh> [K
nsh> [K
CASE_FAILED: target command failed
