XTS_RECEIPT=/home/regex/work/esp32s31-openvela/backups/2026-09-10-scan-stress/build1032-flat-category-fs-large.sha256
XTS_COMMAND=mount
--- CMD: mount ---
mount
  /data type littlefs
  /proc type procfs
  /tmp type tmpfs
nsh> [K
nsh> [K
XTS_COMMAND=ps
--- CMD: ps ---
ps
  PID GROUP PRI POLICY   TYPE    NPX STATE    EVENT     SIGMASK            STACK COMMAND
    0     0   0 FIFO     Kthread   - Ready              0000000000000000 0002016 CPU0 IDLE
    1     0 224 RR       Kthread   - Waiting  Semaphore 0000000000000000 0004016 hpwork 0x2f009540 0x2f009588
    2     0 100 RR       Kthread   - Waiting  Semaphore 0000000000000000 0004016 lpwork 0x2f0094c0 0x2f009508
    4     0 223 RR       Kthread   - Waiting  Semaphore 0000000000000000 0004024 hr_timer
    5     5 100 RR       Task      - Running            0000000000000000 0008128 nsh_main
nsh> [K
nsh> [K
XTS_COMMAND=df
--- CMD: df ---
df
  Block    Number
  Size     Blocks       Used   Available Mounted on
  4096        768        200         568 /data
     0          0          0           0 /proc
   512          1          1           0 /tmp
nsh> [K
nsh> [K
XTS_COMMAND=mkdir /data/s02
--- CMD: mkdir /data/s02 ---
mkdir /data/s02
nsh> [K
nsh> [K
XTS_COMMAND=vela_fs_stress_write_speed -d /data/s02
--- CMD: vela_fs_stress_write_speed -d /data/s02 ---
vela_fs_stress_write_speed -d /data/s02
test dir :/data/s02
Write success! No.1
Write success! No.2
Write success! No.3
Write success! No.4
Write success! No.5
Write success! No.6
Write success! No.7
Write success! No.8
Write success! No.9
Write success! No.10
Write success! No.11
Write success! No.12
Write success! No.13
Write success! No.14
Write success! No.15
Write success! No.16
Write success! No.17
Write success! No.18
Write success! No.19
Write success! No.20
Write success! No.21
Write success! No.22
Write success! No.23
Write success! No.24
Write success! No.25
Write success! No.26
Write success! No.27
Write success! No.28
Write success! No.29
Write success! No.30
Write success! No.31
Write success! No.32
Write success! No.33
Write success! No.34
Write success! No.35
Write success! No.36
Write success! No.37
Write success! No.38
Write success! No.39
Write success! No.40
Write success! No.41
Write success! No.42
Write success! No.43
Write success! No.44
Write success! No.45
Write success! No.46
Write success! No.47
Write success! No.48
Write success! No.49
Write success! No.50
Write success! No.51
Write success! No.52
Write success! No.53
Write success! No.54
Write success! No.55
Write success! No.56
Write success! No.57
Write success! No.58
Write success! No.59
Write success! No.60
Write success! No.61
Write success! No.62
Write success! No.63
Write success! No.64
Write success! No.65
Write success! No.66
Write success! No.67
Write success! No.68
Write success! No.69
Write success! No.70
Write success! No.71
Write success! No.72
Write success! No.73
Write success! No.74
Write success! No.75
Write success! No.76
Write success! No.77
Write success! No.78
Write success! No.79
Write success! No.80
Write success! No.81
Write success! No.82
Write success! No.83
Write success! No.84
Write success! No.85
Write success! No.86
Write success! No.87
Write success! No.88
Write success! No.89
Write success! No.90
Write success! No.91
Write success! No.92
Write success! No.93
Write success! No.94
Write success! No.95
Write success! No.96
Write success! No.97
Write success! No.98
Write success! No.99
Write success! No.100
Write success! No.101
Write success! No.102
Write success! No.103
Write success! No.104
Write success! No.105
Write success! No.106
Write success! No.107
Write success! No.108
Write success! No.109
Write success! No.110
Write success! No.111
Write success! No.112
Write success! No.113
Write success! No.114
Write success! No.115
Write success! No.116
Write success! No.117
Write success! No.118
Write success! No.119
Write success! No.120
Write success! No.121
Write success! No.122
Write success! No.123
Write success! No.124
Write success! No.125
Write success! No.126
Write success! No.127
Write success! No.128
Write success! No.129
Write success! No.130
Write success! No.131
Write success! No.132
Write success! No.133
Write success! No.134
Write success! No.135
Write success! No.136
Write success! No.137
Write success! No.138
Write success! No.139
Write success! No.140
Write success! No.141
Write success! No.142
Write success! No.143
Write success! No.144
Write success! No.145
Write success! No.146
Write success! No.147
Write success! No.148
Write success! No.149
Write success! No.150
Write success! No.151
Write success! No.152
Write success! No.153
Write success! No.154
Write success! No.155
Write success! No.156
Write success! No.157
Write success! No.158
Write success! No.159
Write success! No.160
Write success! No.161
Write success! No.162
Write success! No.163
Write success! No.164
Write success! No.165
Write success! No.166
Write success! No.167
Write success! No.168
Write success! No.169
Write success! No.170
Write success! No.171
Write success! No.172
Write success! No.173
Write success! No.174
Write success! No.175
Write success! No.176
Write success! No.177
Write success! No.178
Write success! No.179
Write success! No.180
Write success! No.181
Write success! No.182
Write success! No.183
Write success! No.184
Write success! No.185
Write success! No.186
Write success! No.187
Write success! No.188
Write success! No.189
Write success! No.190
Write success! No.191
Write success! No.192
Write success! No.193
Write success! No.194
Write success! No.195
Write success! No.196
Write success! No.197
Write success! No.198
Write success! No.199
Write success! No.200
Write success! No.201
Write success! No.202
Write success! No.203
Write success! No.204
Write success! No.205
Write success! No.206
Write success! No.207
Write success! No.208
Write success! No.209
Write success! No.210
Write success! No.211
Write success! No.212
Write success! No.213
Write success! No.214
Write success! No.215
Write success! No.216
Write success! No.217
Write success! No.218
Write success! No.219
Write success! No.220
Write success! No.221
Write success! No.222
Write success! No.223
Write success! No.224
Write success! No.225
Write success! No.226
Write success! No.227
Write success! No.228
Write success! No.229
Write success! No.230
Write success! No.231
Write success! No.232
Write success! No.233
Write success! No.234
Write success! No.235
Write success! No.236
Write success! No.237
Write success! No.238
Write success! No.239
Write success! No.240
Write success! No.241
Write success! No.242
Write success! No.243
Write success! No.244
Write success! No.245
Write success! No.246
Write success! No.247
Write success! No.248
Write success! No.249
Write success! No.250
Write success! No.251
Write success! No.252
Write success! No.253
Write success! No.254
Write success! No.255
Write success! No.256
Write success! No.257
Write success! No.258
Write success! No.259
Write success! No.260
Write success! No.261
Write success! No.262
Write success! No.263
Write success! No.264
Write success! No.265
Write success! No.266
Write success! No.267
Write success! No.268
Write success! No.269
Write success! No.270
Write success! No.271
Write success! No.272
Write success! No.273
Write success! No.274
Write success! No.275
Write success! No.276
Write success! No.277
Write success! No.278
Write success! No.279
Write success! No.280
Write success! No.281
Write success! No.282
Write success! No.283
Write success! No.284
Write success! No.285
Write success! No.286
Write success! No.287
Write success! No.288
Write success! No.289
Write success! No.290
Write success! No.291
Write success! No.292
Write success! No.293
Write success! No.294
Write success! No.295
Write success! No.296
Write success! No.297
Write success! No.298
Write success! No.299
Write success! No.300
Write success! No.301
Write success! No.302
Write success! No.303
Write success! No.304
Write success! No.305
Write success! No.306
Write success! No.307
Write success! No.308
Write success! No.309
Write success! No.310
Write success! No.311
Write success! No.312
Write success! No.313
Write success! No.314
Write success! No.315
Write success! No.316
Write success! No.317
Write success! No.318
Write success! No.319
Write success! No.320
Write success! No.321
Write success! No.322
Write success! No.323
Write success! No.324
Write success! No.325
Write success! No.326
Write success! No.327
Write success! No.328
Write success! No.329
Write success! No.330
Write success! No.331
Write success! No.332
Write success! No.333
Write success! No.334
Write success! No.335
Write success! No.336
Write success! No.337
Write success! No.338
Write success! No.339
Write success! No.340
Write success! No.341
Write success! No.342
Write success! No.343
Write success! No.344
Write success! No.345
Write success! No.346
Write success! No.347
Write success! No.348
Write success! No.349
Write success! No.350
Write success! No.351
Write success! No.352
Write success! No.353
Write success! No.354
Write success! No.355
Write success! No.356
Write success! No.357
Write success! No.358
Write success! No.359
Write success! No.360
Write success! No.361
Write success! No.362
Write success! No.363
Write success! No.364
Write success! No.365
Write success! No.366
Write success! No.367
Write success! No.368
Write success! No.369
Write success! No.370
Write success! No.371
Write success! No.372
Write success! No.373
Write success! No.374
Write success! No.375
Write success! No.376
Write success! No.377
Write success! No.378
Write success! No.379
Write success! No.380
Write success! No.381
Write success! No.382
Write success! No.383
Write success! No.384
Write success! No.385
Write success! No.386
Write success! No.387
Write success! No.388
Write success! No.389
Write success! No.390
Write success! No.391
Write success! No.392
Write success! No.393
Write success! No.394
Write success! No.395
Write success! No.396
Write success! No.397
Write success! No.398
Write success! No.399
Write success! No.400
Write success! No.401
Write success! No.402
Write success! No.403
Write success! No.404
Write success! No.405
Write success! No.406
Write success! No.407
Write success! No.408
Write success! No.409
Write success! No.410
Write success! No.411
Write success! No.412
Write success! No.413
Write success! No.414
Write success! No.415
Write success! No.416
Write success! No.417
Write success! No.418
Write success! No.419
Write success! No.420
Write success! No.421
Write success! No.422
Write success! No.423
Write success! No.424
Write success! No.425
Write success! No.426
Write success! No.427
Write success! No.428
Write success! No.429
Write success! No.430
Write success! No.431
Write success! No.432
Write success! No.433
Write success! No.434
Write success! No.435
Write success! No.436
Write success! No.437
Write success! No.438
Write success! No.439
Write success! No.440
Write success! No.441
Write success! No.442
Write success! No.443
Write success! No.444
Write success! No.445
Write success! No.446
Write success! No.447
Write success! No.448
Write success! No.449
Write success! No.450
Write success! No.451
Write success! No.452
Write success! No.453
Write success! No.454
Write success! No.455
Write success! No.456
Write success! No.457
Write success! No.458
Write success! No.459
Write success! No.460
Write success! No.461
Write success! No.462
Write success! No.463
Write success! No.464
Write success! No.465
Write success! No.466
Write success! No.467
Write success! No.468
Write success! No.469
Write success! No.470
Write success! No.471
Write success! No.472
Write success! No.473
Write success! No.474
Write success! No.475
Write success! No.476
Write success! No.477
Write success! No.478
Write success! No.479
Write success! No.480
Write success! No.481
Write success! No.482
Write success! No.483
Write success! No.484
Write success! No.485
Write success! No.486
Write success! No.487
Write success! No.488
Write success! No.489
Write success! No.490
Write success! No.491
Write success! No.492
Write success! No.493
Write success! No.494
Write success! No.495
Write success! No.496
Write success! No.497
Write success! No.498
Write success! No.499
Write success! No.500
Write success! No.501
Write success! No.502
Write success! No.503
Write success! No.504
Write success! No.505
Write success! No.506
Write success! No.507
Write success! No.508
Write success! No.509
Write success! No.510
Write success! No.511
Write success! No.512
Write success! No.513
Write success! No.514
Write success! No.515
Write success! No.516
Write success! No.517
Write success! No.518
Write success! No.519
Write success! No.520
Write success! No.521
Write success! No.522
Write success! No.523
Write success! No.524
Write success! No.525
Write success! No.526
Write success! No.527
Write success! No.528
Write success! No.529
Write success! No.530
Write success! No.531
Write success! No.532
Write success! No.533
Write success! No.534
Write success! No.535
Write success! No.536
Write success! No.537
Write success! No.538
Write success! No.539
Write success! No.540
Write success! No.541
Write success! No.542
Write success! No.543
Write success! No.544
Write success! No.545
Write success! No.546
Write success! No.547
Write success! No.548
Write success! No.549
Write success! No.550
Write success! No.551
Write success! No.552
Write success! No.553
Write success! No.554
Write success! No.555
Write success! No.556
Write success! No.557
Write success! No.558
Write success! No.559
Write success! No.560
Write success! No.561
Write success! No.562
Write success! No.563
Write success! No.564
Write success! No.565
Write success! No.566
Write success! No.567
Write success! No.568
Write success! No.569
Write success! No.570
Write success! No.571
Write success! No.572
Write success! No.573
Write success! No.574
Write success! No.575
Write success! No.576
Write success! No.577
Write success! No.578
Write success! No.579
Write success! No.580
Write success! No.581
Write success! No.582
Write success! No.583
Write success! No.584
Write success! No.585
Write success! No.586
Write success! No.587
Write success! No.588
Write success! No.589
Write success! No.590
Write success! No.591
Write success! No.592
Write success! No.593
Write success! No.594
Write success! No.595
Write success! No.596
Write success! No.597
Write success! No.598
Write success! No.599
Write success! No.600
Write success! No.601
Write success! No.602
Write success! No.603
Write success! No.604
Write success! No.605
Write success! No.606
Write success! No.607
Write success! No.608
Write success! No.609
Write success! No.610
Write success! No.611
Write success! No.612
Write success! No.613
Write success! No.614
Write success! No.615
Write success! No.616
Write success! No.617
Write success! No.618
Write success! No.619
Write success! No.620
Write success! No.621
Write success! No.622
Write success! No.623
Write success! No.624
Write success! No.625
Write success! No.626
Write success! No.627
Write success! No.628
Write success! No.629
Write success! No.630
Write success! No.631
Write success! No.632
Write success! No.633
Write success! No.634
Write success! No.635
Write success! No.636
Write success! No.637
Write success! No.638
Write success! No.639
Write success! No.640
Write success! No.641
Write success! No.642
Write success! No.643
Write success! No.644
Write success! No.645
Write success! No.646
Write success! No.647
Write success! No.648
Write success! No.649
Write success! No.650
Write success! No.651
Write success! No.652
Write success! No.653
Write success! No.654
Write success! No.655
Write success! No.656
Write success! No.657
Write success! No.658
Write success! No.659
Write success! No.660
Write success! No.661
Write success! No.662
Write success! No.663
Write success! No.664
Write success! No.665
Write success! No.666
Write success! No.667
Write success! No.668
Write success! No.669
Write success! No.670
Write success! No.671
Write success! No.672
Write success! No.673
Write success! No.674
Write success! No.675
Write success! No.676
Write success! No.677
Write success! No.678
Write success! No.679
Write success! No.680
Write success! No.681
Write success! No.682
Write success! No.683
Write success! No.684
Write success! No.685
Write success! No.686
Write success! No.687
Write success! No.688
Write success! No.689
Write success! No.690
Write success! No.691
Write success! No.692
Write success! No.693
Write success! No.694
Write success! No.695
Write success! No.696
Write success! No.697
Write success! No.698
Write success! No.699
Write success! No.700
Write success! No.701
Write success! No.702
Write success! No.703
Write success! No.704
Write success! No.705
Write success! No.706
Write success! No.707
Write success! No.708
Write success! No.709
Write success! No.710
Write success! No.711
Write success! No.712
Write success! No.713
Write success! No.714
Write success! No.715
Write success! No.716
Write success! No.717
Write success! No.718
Write success! No.719
Write success! No.720
Write success! No.721
Write success! No.722
Write success! No.723
Write success! No.724
Write success! No.725
Write success! No.726
Write success! No.727
Write success! No.728
Write success! No.729
Write success! No.730
Write success! No.731
Write success! No.732
Write success! No.733
Write success! No.734
Write success! No.735
Write success! No.736
Write success! No.737
Write success! No.738
Write success! No.739
Write success! No.740
Write success! No.741
Write success! No.742
Write success! No.743
Write success! No.744
Write success! No.745
Write success! No.746
Write success! No.747
Write success! No.748
Write success! No.749
Write success! No.750
Write success! No.751
Write success! No.752
Write success! No.753
Write success! No.754
Write success! No.755
Write success! No.756
Write success! No.757
Write success! No.758
Write success! No.759
Write success! No.760
Write success! No.761
Write success! No.762
Write success! No.763
Write success! No.764
Write success! No.765
Write success! No.766
Write success! No.767
Write success! No.768
Write success! No.769
Write success! No.770
Write success! No.771
Write success! No.772
Write success! No.773
Write success! No.774
Write success! No.775
Write success! No.776
Write success! No.777
Write success! No.778
Write success! No.779
Write success! No.780
Write success! No.781
Write success! No.782
Write success! No.783
Write success! No.784
Write success! No.785
Write success! No.786
Write success! No.787
Write success! No.788
Write success! No.789
Write success! No.790
Write success! No.791
Write success! No.792
Write success! No.793
Write success! No.794
Write success! No.795
Write success! No.796
Write success! No.797
Write success! No.798
Write success! No.799
Write success! No.800
Write success! No.801
Write success! No.802
Write success! No.803
Write success! No.804
Write success! No.805
Write success! No.806
Write success! No.807
Write success! No.808
Write success! No.809
Write success! No.810
Write success! No.811
Write success! No.812
Write success! No.813
Write success! No.814
Write success! No.815
Write success! No.816
Write success! No.817
Write success! No.818
Write success! No.819
Write success! No.820
Write success! No.821
Write success! No.822
Write success! No.823
Write success! No.824
Write success! No.825
Write success! No.826
Write success! No.827
Write success! No.828
Write success! No.829
Write success! No.830
Write success! No.831
Write success! No.832
Write success! No.833
Write success! No.834
Write success! No.835
Write success! No.836
Write success! No.837
Write success! No.838
Write success! No.839
Write success! No.840
Write success! No.841
Write success! No.842
Write success! No.843
Write success! No.844
Write success! No.845
Write success! No.846
Write success! No.847
Write success! No.848
Write success! No.849
Write success! No.850
Write success! No.851
Write success! No.852
Write success! No.853
Write success! No.854
Write success! No.855
Write success! No.856
Write success! No.857
Write success! No.858
Write success! No.859
Write success! No.860
Write success! No.861
Write success! No.862
Write success! No.863
Write success! No.864
Write success! No.865
Write success! No.866
Write success! No.867
Write success! No.868
Write success! No.869
Write success! No.870
Write success! No.871
Write success! No.872
Write success! No.873
Write success! No.874
Write success! No.875
Write success! No.876
Write success! No.877
Write success! No.878
Write success! No.879
Write success! No.880
Write success! No.881
Write success! No.882
Write success! No.883
Write success! No.884
Write success! No.885
Write success! No.886
Write success! No.887
Write success! No.888
Write success! No.889
Write success! No.890
Write success! No.891
Write success! No.892
Write success! No.893
Write success! No.894
Write success! No.895
Write success! No.896
Write success! No.897
Write success! No.898
Write success! No.899
Write success! No.900
Write success! No.901
Write success! No.902
Write success! No.903
Write success! No.904
Write success! No.905
Write success! No.906
Write success! No.907
Write success! No.908
Write success! No.909
Write success! No.910
Write success! No.911
Write success! No.912
Write success! No.913
Write success! No.914
Write success! No.915
Write success! No.916
Write success! No.917
Write success! No.918
Write success! No.919
Write success! No.920
Write success! No.921
Write success! No.922
Write success! No.923
Write success! No.924
Write success! No.925
Write success! No.926
Write success! No.927
Write success! No.928
Write success! No.929
Write success! No.930
Write success! No.931
Write success! No.932
Write success! No.933
Write success! No.934
Write success! No.935
Write success! No.936
Write success! No.937
Write success! No.938
Write success! No.939
Write success! No.940
Write success! No.941
Write success! No.942
Write success! No.943
Write success! No.944
Write success! No.945
Write success! No.946
Write success! No.947
Write success! No.948
Write success! No.949
Write success! No.950
Write success! No.951
Write success! No.952
Write success! No.953
Write success! No.954
Write success! No.955
Write success! No.956
Write success! No.957
Write success! No.958
Write success! No.959
Write success! No.960
Write success! No.961
Write success! No.962
Write success! No.963
Write success! No.964
Write success! No.965
Write success! No.966
Write success! No.967
Write success! No.968
Write success! No.969
Write success! No.970
Write success! No.971
Write success! No.972
Write success! No.973
Write success! No.974
Write success! No.975
Write success! No.976
Write success! No.977
Write success! No.978
Write success! No.979
Write success! No.980
Write success! No.981
Write success! No.982
Write success! No.983
Write success! No.984
Write success! No.985
Write success! No.986
Write success! No.987
Write success! No.988
Write success! No.989
Write success! No.990
Write success! No.991
Write success! No.992
Write success! No.993
Write success! No.994
Write success! No.995
Write success! No.996
Write success! No.997
Write success! No.998
Write success! No.999
Write success! No.1000
File size: 1000K, takes 21.899 seconds
test completed......
TEST PASSED !
nsh> [K
nsh> [K
XTS_CASE=5.1.2 PASS original_1000x1024 workload timing_in_log
XTS_COMMAND=ls -l /data/s02
--- CMD: ls -l /data/s02 ---
ls -l /data/s02
/data/s02:
 drwxrwxrwx           0 .
 drwxrwxrwx           0 ..
nsh> [K
nsh> [K
XTS_COMMAND=df
--- CMD: df ---
df
  Block    Number
  Size     Blocks       Used   Available Mounted on
  4096        768        202         566 /data
     0          0          0           0 /proc
   512          1          1           0 /tmp
nsh> [K
nsh> [K
