esptool v5.4.0
Serial port /dev/serial/by-id/usb-Silicon_Labs_CP2102N_USB_to_UART_Bridge_Controller_f65e4ef67f71f011975a049f1045c30f-if00-port0:
Connecting....
Connected to ESP32-S31 on /dev/serial/by-id/usb-Silicon_Labs_CP2102N_USB_to_UART_Bridge_Controller_f65e4ef67f71f011975a049f1045c30f-if00-port0:
Chip type:          ESP32-S31 (revision v0.0)
Features:           Wi-Fi 6, BT 5.4 (LE), IEEE802.15.4, Dual Core + LP Core, 300MHz
Crystal frequency:  40MHz
MAC:                30:ed:a0:f3:f7:b0

Uploading stub flasher...
Running stub flasher...
Stub flasher running.
Changing baud rate to 460800...
Changed.

Configuring flash size...

Writing '/home/regex/work/esp32s31-openvela/openvela-dev/out/esp32s31-ble-controller-info1747/nuttx.bin' at 0x00002000...
SHA digest in image updated.
Flash will be erased from 0x00002000 to 0x000effff...
Compressed 970788 bytes to 552513...
Writing at 0x00008203 ╸                                3.0% 16.00kB/539.56kB [0s] 
Writing at 0x0000e274 ━╸                               5.9% 32.00kB/539.56kB [0s] 
Writing at 0x00014473 ━━╸                              8.9% 48.00kB/539.56kB [1s] 
Writing at 0x000254c1 ━━━╸                            11.9% 64.00kB/539.56kB [1s] 
Writing at 0x00031c6a ━━━━                            14.8% 80.00kB/539.56kB [1s] 
Writing at 0x00037c9f ━━━━━                           17.8% 96.00kB/539.56kB [2s] 
Writing at 0x0003e240 ━━━━━━                          20.8% 112.00kB/539.56kB [2s] 
Writing at 0x00044b78 ━━━━━━━                         23.7% 128.00kB/539.56kB [3s] 
Writing at 0x0004c934 ━━━━━━━━                        26.7% 144.00kB/539.56kB [3s] 
Writing at 0x00055386 ━━━━━━━━╸                       29.7% 160.00kB/539.56kB [3s] 
Writing at 0x0005c5e8 ━━━━━━━━━╸                      32.6% 176.00kB/539.56kB [4s] 
Writing at 0x0006359a ━━━━━━━━━━╸                     35.6% 192.00kB/539.56kB [4s] 
Writing at 0x00069a51 ━━━━━━━━━━━╸                    38.5% 208.00kB/539.56kB [5s] 
Writing at 0x00070b2a ━━━━━━━━━━━━                    41.5% 224.00kB/539.56kB [5s] 
Writing at 0x00077eed ━━━━━━━━━━━━━                   44.5% 240.00kB/539.56kB [5s] 
Writing at 0x000811d6 ━━━━━━━━━━━━━━                  47.4% 256.00kB/539.56kB [6s] 
Writing at 0x00086701 ━━━━━━━━━━━━━━━                 50.4% 272.00kB/539.56kB [6s] 
Writing at 0x0008cb33 ━━━━━━━━━━━━━━━━                53.4% 288.00kB/539.56kB [7s] 
Writing at 0x000939f3 ━━━━━━━━━━━━━━━━╸               56.3% 304.00kB/539.56kB [7s] 
Writing at 0x00099aa0 ━━━━━━━━━━━━━━━━━╸              59.3% 320.00kB/539.56kB [7s] 
Writing at 0x0009fa52 ━━━━━━━━━━━━━━━━━━╸             62.3% 336.00kB/539.56kB [8s] 
Writing at 0x000a5c95 ━━━━━━━━━━━━━━━━━━━╸            65.2% 352.00kB/539.56kB [8s] 
Writing at 0x000abeca ━━━━━━━━━━━━━━━━━━━━            68.2% 368.00kB/539.56kB [8s] 
Writing at 0x000b2210 ━━━━━━━━━━━━━━━━━━━━━           71.2% 384.00kB/539.56kB [9s] 
Writing at 0x000b842a ━━━━━━━━━━━━━━━━━━━━━━          74.1% 400.00kB/539.56kB [9s] 
Writing at 0x000be749 ━━━━━━━━━━━━━━━━━━━━━━━         77.1% 416.00kB/539.56kB [10s] 
Writing at 0x000c47d8 ━━━━━━━━━━━━━━━━━━━━━━━━        80.1% 432.00kB/539.56kB [10s] 
Writing at 0x000ca62d ━━━━━━━━━━━━━━━━━━━━━━━━╸       83.0% 448.00kB/539.56kB [10s] 
Writing at 0x000d0fee ━━━━━━━━━━━━━━━━━━━━━━━━━╸      86.0% 464.00kB/539.56kB [11s] 
Writing at 0x000d7982 ━━━━━━━━━━━━━━━━━━━━━━━━━━╸     89.0% 480.00kB/539.56kB [11s] 
Writing at 0x000de071 ━━━━━━━━━━━━━━━━━━━━━━━━━━━╸    91.9% 496.00kB/539.56kB [12s] 
Writing at 0x000e432b ━━━━━━━━━━━━━━━━━━━━━━━━━━━━    94.9% 512.00kB/539.56kB [12s] 
Writing at 0x000eaac1 ━━━━━━━━━━━━━━━━━━━━━━━━━━━━━   97.9% 528.00kB/539.56kB [12s] 
Writing at 0x000ef024 ━━━━━━━━━━━━━━━━━━━━━━━━━━━━━━ 100.0% 539.56kB/539.56kB [13s] 
Wrote 970788 bytes (552513 compressed) at 0x00002000 in 11.6 seconds (668.7 kbit/s).
Verifying written data...
Hash of data verified.

Writing '/home/regex/work/esp32s31-openvela/openvela-dev/out/esp32s31-ble-controller-info1747/appfs.img' at 0x00200000...
Flash will be erased from 0x00200000 to 0x003e9fff...
Compressed 2004992 bytes to 1194520...
Writing at 0x002073cf                                  1.4% 16.00kB/1.14MB [0s] 
Writing at 0x0020cce3 ╸                                2.7% 32.00kB/1.14MB [0s] 
Writing at 0x002144a2 ━                                4.1% 48.00kB/1.14MB [1s] 
Writing at 0x0021ad11 ━╸                               5.5% 64.00kB/1.14MB [1s] 
Writing at 0x0022187c ━━                               6.9% 80.00kB/1.14MB [1s] 
Writing at 0x00227f8a ━━                               8.2% 96.00kB/1.14MB [2s] 
Writing at 0x0022e2be ━━╸                              9.6% 112.00kB/1.14MB [2s] 
Writing at 0x00233d5c ━━━                             11.0% 128.00kB/1.14MB [3s] 
Writing at 0x0023a135 ━━━╸                            12.3% 144.00kB/1.14MB [3s] 
Writing at 0x0023fd07 ━━━━                            13.7% 160.00kB/1.14MB [3s] 
Writing at 0x0024512e ━━━━╸                           15.1% 176.00kB/1.14MB [4s] 
Writing at 0x0024add0 ━━━━╸                           16.5% 192.00kB/1.14MB [4s] 
Writing at 0x00251499 ━━━━━                           17.8% 208.00kB/1.14MB [5s] 
Writing at 0x002573e2 ━━━━━╸                          19.2% 224.00kB/1.14MB [5s] 
Writing at 0x0025d2ea ━━━━━━                          20.6% 240.00kB/1.14MB [5s] 
Writing at 0x00263383 ━━━━━━╸                         21.9% 256.00kB/1.14MB [6s] 
Writing at 0x0026924d ━━━━━━╸                         23.3% 272.00kB/1.14MB [6s] 
Writing at 0x0026f053 ━━━━━━━                         24.7% 288.00kB/1.14MB [7s] 
Writing at 0x002752d2 ━━━━━━━╸                        26.1% 304.00kB/1.14MB [7s] 
Writing at 0x0027ac56 ━━━━━━━━                        27.4% 320.00kB/1.14MB [7s] 
Writing at 0x00280864 ━━━━━━━━╸                       28.8% 336.00kB/1.14MB [8s] 
Writing at 0x0028678f ━━━━━━━━━                       30.2% 352.00kB/1.14MB [8s] 
Writing at 0x0028c71e ━━━━━━━━━                       31.5% 368.00kB/1.14MB [8s] 
Writing at 0x002923a5 ━━━━━━━━━╸                      32.9% 384.00kB/1.14MB [9s] 
Writing at 0x0029e6d4 ━━━━━━━━━━                      34.3% 400.00kB/1.14MB [9s] 
Writing at 0x002a72c5 ━━━━━━━━━━╸                     35.7% 416.00kB/1.14MB [10s] 
Writing at 0x002ae501 ━━━━━━━━━━━                     37.0% 432.00kB/1.14MB [10s] 
Writing at 0x002b64fd ━━━━━━━━━━━╸                    38.4% 448.00kB/1.14MB [10s] 
Writing at 0x002c5a66 ━━━━━━━━━━━╸                    39.8% 464.00kB/1.14MB [11s] 
Writing at 0x002cc166 ━━━━━━━━━━━━                    41.1% 480.00kB/1.14MB [11s] 
Writing at 0x002d2275 ━━━━━━━━━━━━╸                   42.5% 496.00kB/1.14MB [12s] 
Writing at 0x002d7fdf ━━━━━━━━━━━━━                   43.9% 512.00kB/1.14MB [12s] 
Writing at 0x002de0b4 ━━━━━━━━━━━━━╸                  45.3% 528.00kB/1.14MB [12s] 
Writing at 0x002e6707 ━━━━━━━━━━━━━╸                  46.6% 544.00kB/1.14MB [13s] 
Writing at 0x002ed740 ━━━━━━━━━━━━━━                  48.0% 560.00kB/1.14MB [13s] 
Writing at 0x002f3566 ━━━━━━━━━━━━━━╸                 49.4% 576.00kB/1.14MB [14s] 
Writing at 0x002fba54 ━━━━━━━━━━━━━━━                 50.7% 592.00kB/1.14MB [14s] 
Writing at 0x00302f32 ━━━━━━━━━━━━━━━╸                52.1% 608.00kB/1.14MB [14s] 
Writing at 0x0030ace4 ━━━━━━━━━━━━━━━━                53.5% 624.00kB/1.14MB [15s] 
Writing at 0x00310ad1 ━━━━━━━━━━━━━━━━                54.9% 640.00kB/1.14MB [15s] 
Writing at 0x0031870e ━━━━━━━━━━━━━━━━╸               56.2% 656.00kB/1.14MB [16s] 
Writing at 0x0031ea4c ━━━━━━━━━━━━━━━━━               57.6% 672.00kB/1.14MB [16s] 
Writing at 0x00326a66 ━━━━━━━━━━━━━━━━━╸              59.0% 688.00kB/1.14MB [16s] 
Writing at 0x0032d6ec ━━━━━━━━━━━━━━━━━━              60.4% 704.00kB/1.14MB [17s] 
Writing at 0x00333443 ━━━━━━━━━━━━━━━━━━╸             61.7% 720.00kB/1.14MB [17s] 
Writing at 0x00339518 ━━━━━━━━━━━━━━━━━━╸             63.1% 736.00kB/1.14MB [18s] 
Writing at 0x0033fc5a ━━━━━━━━━━━━━━━━━━━             64.5% 752.00kB/1.14MB [18s] 
Writing at 0x00346a60 ━━━━━━━━━━━━━━━━━━━╸            65.8% 768.00kB/1.14MB [18s] 
Writing at 0x0034d189 ━━━━━━━━━━━━━━━━━━━━            67.2% 784.00kB/1.14MB [19s] 
Writing at 0x00352e82 ━━━━━━━━━━━━━━━━━━━━╸           68.6% 800.00kB/1.14MB [19s] 
Writing at 0x00358b5e ━━━━━━━━━━━━━━━━━━━━╸           70.0% 816.00kB/1.14MB [20s] 
Writing at 0x0035e574 ━━━━━━━━━━━━━━━━━━━━━           71.3% 832.00kB/1.14MB [20s] 
Writing at 0x00363d81 ━━━━━━━━━━━━━━━━━━━━━╸          72.7% 848.00kB/1.14MB [20s] 
Writing at 0x00369a01 ━━━━━━━━━━━━━━━━━━━━━━          74.1% 864.00kB/1.14MB [21s] 
Writing at 0x003700f2 ━━━━━━━━━━━━━━━━━━━━━━╸         75.4% 880.00kB/1.14MB [21s] 
Writing at 0x00375ed9 ━━━━━━━━━━━━━━━━━━━━━━━         76.8% 896.00kB/1.14MB [22s] 
Writing at 0x0037be38 ━━━━━━━━━━━━━━━━━━━━━━━         78.2% 912.00kB/1.14MB [22s] 
Writing at 0x00382178 ━━━━━━━━━━━━━━━━━━━━━━━╸        79.6% 928.00kB/1.14MB [22s] 
Writing at 0x0038817f ━━━━━━━━━━━━━━━━━━━━━━━━        80.9% 944.00kB/1.14MB [23s] 
Writing at 0x0038dfba ━━━━━━━━━━━━━━━━━━━━━━━━╸       82.3% 960.00kB/1.14MB [23s] 
Writing at 0x00393819 ━━━━━━━━━━━━━━━━━━━━━━━━━       83.7% 976.00kB/1.14MB [23s] 
Writing at 0x00399802 ━━━━━━━━━━━━━━━━━━━━━━━━━╸      85.0% 992.00kB/1.14MB [24s] 
Writing at 0x0039f892 ━━━━━━━━━━━━━━━━━━━━━━━━━╸      86.4% 1008.00kB/1.14MB [24s] 
Writing at 0x003a57e6 ━━━━━━━━━━━━━━━━━━━━━━━━━━      87.8% 1.00MB/1.14MB [25s] 
Writing at 0x003ac99d ━━━━━━━━━━━━━━━━━━━━━━━━━━╸     89.2% 1.02MB/1.14MB [25s] 
Writing at 0x003b93ae ━━━━━━━━━━━━━━━━━━━━━━━━━━━     90.5% 1.03MB/1.14MB [25s] 
Writing at 0x003c2648 ━━━━━━━━━━━━━━━━━━━━━━━━━━━╸    91.9% 1.05MB/1.14MB [26s] 
Writing at 0x003ca08e ━━━━━━━━━━━━━━━━━━━━━━━━━━━╸    93.3% 1.06MB/1.14MB [26s] 
Writing at 0x003d04db ━━━━━━━━━━━━━━━━━━━━━━━━━━━━    94.6% 1.08MB/1.14MB [27s] 
Writing at 0x003d64d0 ━━━━━━━━━━━━━━━━━━━━━━━━━━━━╸   96.0% 1.09MB/1.14MB [27s] 
Writing at 0x003dc3b5 ━━━━━━━━━━━━━━━━━━━━━━━━━━━━━   97.4% 1.11MB/1.14MB [27s] 
Writing at 0x003e1a65 ━━━━━━━━━━━━━━━━━━━━━━━━━━━━━╸  98.8% 1.12MB/1.14MB [28s] 
Writing at 0x003e9800 ━━━━━━━━━━━━━━━━━━━━━━━━━━━━━━ 100.0% 1.14MB/1.14MB [28s] 
Wrote 2004992 bytes (1194520 compressed) at 0x00200000 in 27.0 seconds (594.2 kbit/s).
Verifying written data...
Hash of data verified.

Hard resetting via RTS pin...
