-- Processing includes: /home/regex/work/esp32s31-openvela/openvela-dev/nuttx/boards/risc-v/esp32s31/esp32s31-core-function-board/configs/xts-flat-ble-audio-shell/defconfig → /home/regex/work/esp32s31-openvela/openvela-dev/out/esp32s31-ble-audio-roles-2/.defconfig.processed
-- NuttX Host Tools
-- Configuring done
-- Generating done
-- Build files have been written to: /home/regex/work/esp32s31-openvela/openvela-dev/out/esp32s31-ble-audio-roles-2/bin_host
CONFIG_ZEPHYR_REPO_DEFAULT
-- Configuring done
-- Generating done
-- Build files have been written to: /home/regex/work/esp32s31-openvela/openvela-dev/out/esp32s31-ble-audio-roles-2
[1/17] cd /home/regex/work/esp32s31-openvela/openvela-dev/out/esp32s31-ble-audio-roles-2/libs/libc/misc && /usr/bin/cmake -E touch /home/regex/work/esp32s31-openvela/openvela-dev/nuttx/libs/libc/misc/lib_utsname.c
[2/17] cd /home/regex/work/esp32s31-openvela/openvela-dev/nuttx && /usr/bin/cmake -DKCONFIG_CONFIG=/home/regex/work/esp32s31-openvela/openvela-dev/out/esp32s31-ble-audio-roles-2/.defconfig.processed -DNUTTX_DIR=/home/regex/work/esp32s31-openvela/openvela-dev/nuttx -DCMAKE_BINARY_DIR=/home/regex/work/esp32s31-openvela/openvela-dev/out/esp32s31-ble-audio-roles-2 -P /home/regex/work/esp32s31-openvela/openvela-dev/nuttx/cmake/nuttx_generate_dts.cmake
[3/17] Building C object apps/CMakeFiles/apps.dir/dummy.c.o
[4/17] Building C object CMakeFiles/nuttx.dir/empty.c.o
[5/17] Building C object apps/external/android/CMakeFiles/android.dir/dummy.c.o
[6/17] Building C object boards/CMakeFiles/board.dir/__/dummy.c.o
[7/17] Linking C static library apps/external/android/libandroid.a
[8/17] Linking C static library boards/libboard.a
[9/17] Building C object libs/libc/CMakeFiles/c.dir/misc/lib_utsname.c.o
[10/17] Linking C static library apps/libapps.a
[11/17] Building C object apps/external/zblue/CMakeFiles/zblue.dir/zblue/port/sections/defines.c.o
[12/17] Linking C static library apps/external/zblue/libzblue.a
[13/17] Linking C static library libs/libc/libc.a
[14/17] Linking C executable nuttx
[15/17] Generating nuttx.hex
[16/17] Generating System.map
[17/17] Generating ESP32-S31 simple-boot image for offset 0x2000
esptool v5.4.0
Creating ESP32-S31 image...
Image has only RAM segments visible. ROM segments are hidden and SHA256 digest is not appended.
NOTE: Inserting 12 bytes padding between .iram0.text and .dram0.data
Merged 2 ELF sections.
Successfully created ESP32-S31 image.
