-- Processing includes: /home/regex/work/esp32s31-openvela/openvela-dev/nuttx/boards/risc-v/esp32s31/esp32s31-core-function-board/configs/xts-flat-ble-audio-shell/defconfig → /home/regex/work/esp32s31-openvela/openvela-dev/out/esp32s31-ble-audio-shell-2/.defconfig.processed
-- NuttX Host Tools
-- Configuring done
-- Generating done
-- Build files have been written to: /home/regex/work/esp32s31-openvela/openvela-dev/out/esp32s31-ble-audio-shell-2/bin_host
CONFIG_ZEPHYR_REPO_DEFAULT
-- Configuring done
-- Generating done
-- Build files have been written to: /home/regex/work/esp32s31-openvela/openvela-dev/out/esp32s31-ble-audio-shell-2
[1/39] cd /home/regex/work/esp32s31-openvela/openvela-dev/out/esp32s31-ble-audio-shell-2/libs/libc/misc && /usr/bin/cmake -E touch /home/regex/work/esp32s31-openvela/openvela-dev/nuttx/libs/libc/misc/lib_utsname.c
[2/39] cd /home/regex/work/esp32s31-openvela/openvela-dev/nuttx && /usr/bin/cmake -DKCONFIG_CONFIG=/home/regex/work/esp32s31-openvela/openvela-dev/out/esp32s31-ble-audio-shell-2/.defconfig.processed -DNUTTX_DIR=/home/regex/work/esp32s31-openvela/openvela-dev/nuttx -DCMAKE_BINARY_DIR=/home/regex/work/esp32s31-openvela/openvela-dev/out/esp32s31-ble-audio-shell-2 -P /home/regex/work/esp32s31-openvela/openvela-dev/nuttx/cmake/nuttx_generate_dts.cmake
[3/39] Building C object apps/CMakeFiles/apps.dir/dummy.c.o
[4/39] Building C object CMakeFiles/nuttx.dir/empty.c.o
[5/39] Building C object apps/external/android/CMakeFiles/android.dir/dummy.c.o
[6/39] Building C object boards/CMakeFiles/board.dir/__/dummy.c.o
[7/39] Linking C static library apps/external/android/libandroid.a
[8/39] Linking C static library boards/libboard.a
[9/39] Linking C static library mm/libmm.a
[10/39] Linking C static library apps/libapps.a
[11/39] Building C object apps/external/zblue/CMakeFiles/zblue.dir/zblue/subsys/bluetooth/mesh/main.c.o
[12/39] Building C object apps/external/zblue/CMakeFiles/zblue.dir/zblue/subsys/bluetooth/mesh/adv.c.o
[13/39] Building C object apps/external/zblue/CMakeFiles/zblue.dir/zblue/subsys/bluetooth/mesh/pb_gatt_srv.c.o
[14/39] Building C object apps/external/zblue/CMakeFiles/zblue.dir/zblue/subsys/bluetooth/host/shell/gatt.c.o
[15/39] Building C object apps/external/zblue/CMakeFiles/zblue.dir/zblue/subsys/bluetooth/mesh/pb_gatt.c.o
[16/39] Building C object apps/external/zblue/CMakeFiles/zblue.dir/zblue/subsys/bluetooth/mesh/provisionee.c.o
[17/39] Building C object apps/external/zblue/CMakeFiles/zblue.dir/zblue/subsys/bluetooth/audio/audio.c.o
[18/39] Building C object apps/external/zblue/CMakeFiles/zblue.dir/zblue/subsys/bluetooth/mesh/proxy_msg.c.o
[19/39] Building C object apps/external/zblue/CMakeFiles/zblue.dir/zblue/subsys/bluetooth/audio/ccid.c.o
[20/39] Linking C static library libs/libc/libc.a
[21/39] Building C object apps/external/zblue/CMakeFiles/zblue.dir/zblue/subsys/bluetooth/mesh/proxy_srv.c.o
[22/39] Building C object apps/external/zblue/CMakeFiles/zblue.dir/zblue/subsys/bluetooth/host/att.c.o
[23/39] Building C object apps/external/zblue/CMakeFiles/zblue.dir/zblue/subsys/bluetooth/audio/bap_iso.c.o
[24/39] Building C object apps/external/zblue/CMakeFiles/zblue.dir/zblue/subsys/bluetooth/audio/bap_stream.c.o
[25/39] Building C object apps/external/zblue/CMakeFiles/zblue.dir/zblue/port/sections/defines.c.o
[26/39] Building C object apps/external/zblue/CMakeFiles/zblue.dir/zblue/subsys/bluetooth/host/shell/bt.c.o
[27/39] Building C object apps/external/zblue/CMakeFiles/zblue.dir/zblue/subsys/bluetooth/host/gatt.c.o
[28/39] Building C object apps/external/zblue/CMakeFiles/zblue.dir/zblue/subsys/bluetooth/audio/bap_broadcast_source.c.o
[29/39] Building C object apps/frameworks/connectivity/bluetooth/CMakeFiles/libbluetooth.dir/service/stacks/zephyr/sal_le_scan_interface.c.o
[30/39] Building C object apps/external/zblue/CMakeFiles/zblue.dir/zblue/subsys/bluetooth/audio/codec.c.o
[31/39] Building C object apps/frameworks/connectivity/bluetooth/CMakeFiles/libbluetooth.dir/service/stacks/zephyr/sal_gatt_server_interface.c.o
[32/39] Building C object apps/external/zblue/CMakeFiles/zblue.dir/zblue/subsys/bluetooth/audio/shell/bap.c.o
[33/39] Building C object apps/external/zblue/CMakeFiles/zblue.dir/zblue/subsys/bluetooth/audio/bap_unicast_client.c.o
[34/39] Linking C static library apps/external/zblue/libzblue.a
[35/39] Linking C static library apps/frameworks/connectivity/bluetooth/liblibbluetooth.a
[36/39] Linking C executable nuttx
[37/39] Generating nuttx.hex
[38/39] Generating System.map
[39/39] Generating ESP32-S31 simple-boot image for offset 0x2000
esptool v5.4.0
Creating ESP32-S31 image...
Image has only RAM segments visible. ROM segments are hidden and SHA256 digest is not appended.
NOTE: Inserting 16 bytes padding between .iram0.text and .dram0.data
Merged 2 ELF sections.
Successfully created ESP32-S31 image.
