esptool v5.4.0
Serial port /dev/ttyUSB0:
Connecting....
Connected to ESP32-S31 on /dev/ttyUSB0:
Chip type:          ESP32-S31 (revision v0.0)
Features:           Wi-Fi 6, BT 5.4 (LE), IEEE802.15.4, Dual Core + LP Core, 300MHz
Crystal frequency:  40MHz
MAC:                30:ed:a0:f3:f7:b0

Uploading stub flasher...
Running stub flasher...
Stub flasher running.
Changing baud rate to 460800...
Changed.

Configuring flash size...
SHA digest in image updated.
Flash will be erased from 0x00002000 to 0x00054fff...
Compressed 336868 bytes to 181406...
Writing at 0x00007eac ━━╸                              9.0% 16.00kB/177.15kB [0s] 
Writing at 0x0001408b ━━━━━                           18.1% 32.00kB/177.15kB [0s] 
Writing at 0x0002224b ━━━━━━━━                        27.1% 48.00kB/177.15kB [1s] 
Writing at 0x00028240 ━━━━━━━━━━╸                     36.1% 64.00kB/177.15kB [1s] 
Writing at 0x0002e824 ━━━━━━━━━━━━━╸                  45.2% 80.00kB/177.15kB [2s] 
Writing at 0x000347cf ━━━━━━━━━━━━━━━━                54.2% 96.00kB/177.15kB [2s] 
Writing at 0x0003af07 ━━━━━━━━━━━━━━━━━━╸             63.2% 112.00kB/177.15kB [2s] 
Writing at 0x0004224d ━━━━━━━━━━━━━━━━━━━━━╸          72.3% 128.00kB/177.15kB [3s] 
Writing at 0x000481d4 ━━━━━━━━━━━━━━━━━━━━━━━━        81.3% 144.00kB/177.15kB [3s] 
Writing at 0x0004d91e ━━━━━━━━━━━━━━━━━━━━━━━━━━━     90.3% 160.00kB/177.15kB [4s] 
Writing at 0x000536e4 ━━━━━━━━━━━━━━━━━━━━━━━━━━━━━╸  99.3% 176.00kB/177.15kB [4s] 
Writing at 0x000543e4 ━━━━━━━━━━━━━━━━━━━━━━━━━━━━━━ 100.0% 177.15kB/177.15kB [4s] 
Wrote 336868 bytes (181406 compressed) at 0x00002000 in 4.5 seconds (598.9 kbit/s).
Verifying written data...
Hash of data verified.

Hard resetting via RTS pin...
