2f019cdc b sar_cfg_cli
400c0074 t bt_mesh_sar_cfg_cli_reset
400c0080 t bt_mesh_sar_cfg_cli_init
400c00d4 T bt_mesh_sar_cfg_cli_transmitter_get
400c017c T bt_mesh_sar_cfg_cli_transmitter_set
400c0230 T bt_mesh_sar_cfg_cli_receiver_get
400c02d8 T bt_mesh_sar_cfg_cli_receiver_set
400c038c t sar_cfg_srv_init
400c03b2 t sar_cfg_srv_reset
400c4c36 t cmd_rx_get
400c4d80 t cmd_tx_get
4012e9b8 R _bt_mesh_sar_cfg_cli_cb
4012e9cc R _bt_mesh_sar_cfg_cli_op
4012e9f0 R bt_mesh_sar_cfg_srv_cb
4012ea04 R bt_mesh_sar_cfg_srv_op
4012ed40 R shell_subcmds_mesh_models_health
4012ee9c R shell_subcmds_mesh_models_cfg
4012f208 R shell_subcmds_mesh_models_sar
4012f21c r sar_cfg_cli_cmds
4012f220 r shell_sar_cfg_cli_cmds
