esptool v5.4.0
Serial port /dev/ttyUSB0:
Connecting....
Connected to ESP32-S31 on /dev/ttyUSB0:
Chip type:          ESP32-S31 (revision v0.0)
Features:           Wi-Fi 6, BT 5.4 (LE), IEEE802.15.4, Dual Core + LP Core, 300MHz
Crystal frequency:  40MHz
MAC:                30:ed:a0:f3:f7:b0

Uploading stub flasher...
Running stub flasher...
Stub flasher running.
Changing baud rate to 460800...
Changed.

Configuring flash size...
SHA digest in image updated.
Flash will be erased from 0x00002000 to 0x00152fff...
Compressed 1379600 bytes to 809390...
Writing at 0x00007d17 ╸                                2.0% 16.00kB/790.42kB [0s] 
Writing at 0x0000dbba ━                                4.0% 32.00kB/790.42kB [0s] 
Writing at 0x00014a39 ━╸                               6.1% 48.00kB/790.42kB [1s] 
Writing at 0x000293ba ━━                               8.1% 64.00kB/790.42kB [1s] 
Writing at 0x00036357 ━━━                             10.1% 80.00kB/790.42kB [2s] 
Writing at 0x0003d889 ━━━╸                            12.1% 96.00kB/790.42kB [2s] 
Writing at 0x0004461b ━━━━                            14.2% 112.00kB/790.42kB [2s] 
Writing at 0x00054976 ━━━━╸                           16.2% 128.00kB/790.42kB [3s] 
Writing at 0x0005a9b4 ━━━━━                           18.2% 144.00kB/790.42kB [3s] 
Writing at 0x0006101f ━━━━━━                          20.2% 160.00kB/790.42kB [4s] 
Writing at 0x00067872 ━━━━━━╸                         22.3% 176.00kB/790.42kB [4s] 
Writing at 0x0006d9b6 ━━━━━━━                         24.3% 192.00kB/790.42kB [4s] 
Writing at 0x00073a4e ━━━━━━━╸                        26.3% 208.00kB/790.42kB [5s] 
Writing at 0x0007a507 ━━━━━━━━╸                       28.3% 224.00kB/790.42kB [5s] 
Writing at 0x00081ab3 ━━━━━━━━━                       30.4% 240.00kB/790.42kB [5s] 
Writing at 0x0008746f ━━━━━━━━━╸                      32.4% 256.00kB/790.42kB [6s] 
Writing at 0x0008decd ━━━━━━━━━━                      34.4% 272.00kB/790.42kB [6s] 
Writing at 0x00093ee8 ━━━━━━━━━━╸                     36.4% 288.00kB/790.42kB [7s] 
Writing at 0x00099ed9 ━━━━━━━━━━━╸                    38.5% 304.00kB/790.42kB [7s] 
Writing at 0x000a0058 ━━━━━━━━━━━━                    40.5% 320.00kB/790.42kB [7s] 
Writing at 0x000a61f5 ━━━━━━━━━━━━╸                   42.5% 336.00kB/790.42kB [8s] 
Writing at 0x000ac6e4 ━━━━━━━━━━━━━                   44.5% 352.00kB/790.42kB [8s] 
Writing at 0x000b298b ━━━━━━━━━━━━━╸                  46.6% 368.00kB/790.42kB [9s] 
Writing at 0x000b899a ━━━━━━━━━━━━━━╸                 48.6% 384.00kB/790.42kB [9s] 
Writing at 0x000bea29 ━━━━━━━━━━━━━━━                 50.6% 400.00kB/790.42kB [9s] 
Writing at 0x000c4971 ━━━━━━━━━━━━━━━╸                52.6% 416.00kB/790.42kB [10s] 
Writing at 0x000cb7ec ━━━━━━━━━━━━━━━━                54.7% 432.00kB/790.42kB [10s] 
Writing at 0x000d1f5c ━━━━━━━━━━━━━━━━━               56.7% 448.00kB/790.42kB [11s] 
Writing at 0x000d826d ━━━━━━━━━━━━━━━━━╸              58.7% 464.00kB/790.42kB [11s] 
Writing at 0x000de673 ━━━━━━━━━━━━━━━━━━              60.7% 480.00kB/790.42kB [11s] 
Writing at 0x000e4d30 ━━━━━━━━━━━━━━━━━━╸             62.8% 496.00kB/790.42kB [12s] 
Writing at 0x000eacf0 ━━━━━━━━━━━━━━━━━━━             64.8% 512.00kB/790.42kB [12s] 
Writing at 0x000f0bb1 ━━━━━━━━━━━━━━━━━━━━            66.8% 528.00kB/790.42kB [13s] 
Writing at 0x000f6a4e ━━━━━━━━━━━━━━━━━━━━╸           68.8% 544.00kB/790.42kB [13s] 
Writing at 0x000fc853 ━━━━━━━━━━━━━━━━━━━━━           70.8% 560.00kB/790.42kB [13s] 
Writing at 0x001028ee ━━━━━━━━━━━━━━━━━━━━━╸          72.9% 576.00kB/790.42kB [14s] 
Writing at 0x00108ac0 ━━━━━━━━━━━━━━━━━━━━━━          74.9% 592.00kB/790.42kB [14s] 
Writing at 0x0010e942 ━━━━━━━━━━━━━━━━━━━━━━━         76.9% 608.00kB/790.42kB [14s] 
Writing at 0x001152b8 ━━━━━━━━━━━━━━━━━━━━━━━╸        78.9% 624.00kB/790.42kB [15s] 
Writing at 0x0011b4ca ━━━━━━━━━━━━━━━━━━━━━━━━        81.0% 640.00kB/790.42kB [15s] 
Writing at 0x00121edc ━━━━━━━━━━━━━━━━━━━━━━━━╸       83.0% 656.00kB/790.42kB [16s] 
Writing at 0x001286ad ━━━━━━━━━━━━━━━━━━━━━━━━━╸      85.0% 672.00kB/790.42kB [16s] 
Writing at 0x0012df2d ━━━━━━━━━━━━━━━━━━━━━━━━━━      87.0% 688.00kB/790.42kB [16s] 
Writing at 0x00133e30 ━━━━━━━━━━━━━━━━━━━━━━━━━━╸     89.1% 704.00kB/790.42kB [17s] 
Writing at 0x0013980c ━━━━━━━━━━━━━━━━━━━━━━━━━━━     91.1% 720.00kB/790.42kB [17s] 
Writing at 0x0013f99d ━━━━━━━━━━━━━━━━━━━━━━━━━━━╸    93.1% 736.00kB/790.42kB [18s] 
Writing at 0x0014543d ━━━━━━━━━━━━━━━━━━━━━━━━━━━━╸   95.1% 752.00kB/790.42kB [18s] 
Writing at 0x0014b312 ━━━━━━━━━━━━━━━━━━━━━━━━━━━━━   97.2% 768.00kB/790.42kB [18s] 
Writing at 0x001509ca ━━━━━━━━━━━━━━━━━━━━━━━━━━━━━╸  99.2% 784.00kB/790.42kB [19s] 
Writing at 0x00152d10 ━━━━━━━━━━━━━━━━━━━━━━━━━━━━━━ 100.0% 790.42kB/790.42kB [19s] 
Wrote 1379600 bytes (809390 compressed) at 0x00002000 in 17.8 seconds (620.2 kbit/s).
Verifying written data...
Hash of data verified.

Hard resetting via RTS pin...
