         U CNNT_PAD_CTRL
         U CNNT_SYS_REG
         U HP_SYS_CLKRST
         U SDMMC
00000000 R SD_CMD_ERR_MASK
00000000 R SD_DATA_ERR_MASK
00000000 R SD_DMA_DONE_MASK
         U __ashldi3
         U __assert
         U __lshrdi3
         U _esp_error_check_failed
         U _lock_acquire
         U _lock_release
         U clock
00000000 t configure_pin.isra.0
00000000 t configure_pin_iomux
         U esp_cache_get_alignment
         U esp_cache_get_line_size_by_addr
         U esp_cache_msync
         U esp_clk_tree_enable_src
         U esp_clk_tree_src_get_freq_hz
         U esp_intr_alloc
         U esp_intr_free
         U esp_ptr_dma_ext_capable
         U esp_ptr_external_ram
         U esp_rom_delay_us
         U esp_rom_gpio_connect_in_signal
         U esp_rom_gpio_connect_out_signal
         U esp_rom_gpio_pad_select_gpio
         U esp_timer_get_time
         U free
         U g_interrupt_context
         U g_readytorun
         U gpio_config
         U gpio_get_level
         U gpio_input_enable
         U gpio_iomux_output
         U gpio_output_disable
         U gpio_pulldown_dis
         U gpio_pullup_en
         U gpio_reset_pin
         U gpio_set_direction
         U gpio_set_drive_capability
         U gpio_set_level
         U heap_caps_calloc
         U heap_caps_free
         U memcpy
         U memset
         U nxsem_destroy
         U nxsem_init
         U nxsem_post_slow
         U nxsem_set_protocol
         U nxsem_tickwait_slow
         U nxsem_wait_slow
         U nxsig_nanosleep
         U periph_rcc_enter
         U periph_rcc_exit
00000000 t process_command_response
00000000 t process_data_status
00000000 b s_ctlr
00000000 b s_platform
00000000 b s_slot0
00000000 b s_slot1
         U sched_yield
00000000 t sd_host_calc_freq
00000000 T sd_host_check_buffer_alignment
00000000 t sd_host_controller_remove_sdmmc_slot
00000000 T sd_host_create_sdmmc_controller
         U sd_host_del_controller
00000000 t sd_host_del_sdmmc_controller
00000000 T sd_host_dma_prepare
00000000 T sd_host_dma_resume
00000000 T sd_host_dma_stop
00000000 T sd_host_fill_dma_descriptors
00000000 T sd_host_get_free_descriptors_count
00000000 t sd_host_isr
         U sd_host_remove_slot
00000000 T sd_host_sdmmc_controller_add_slot
00000000 t sd_host_set_clk_div.isra.0
00000000 T sd_host_set_delay_line
00000000 T sd_host_set_delay_phase
00000000 t sd_host_slot_clock_update_command
         U sd_host_slot_configure
         U sd_host_slot_do_transaction
00000000 T sd_host_slot_enable_clk_cmd11
         U sd_host_slot_enable_io_int
00000000 T sd_host_slot_get_calc_real_freq
00000000 t sd_host_slot_get_clk_dividers.constprop.0
         U sd_host_slot_get_info
00000000 T sd_host_slot_get_real_freq
00000000 t sd_host_slot_sdmmc_configure
00000000 T sd_host_slot_sdmmc_do_transaction
00000000 t sd_host_slot_sdmmc_get_info
00000000 t sd_host_slot_sdmmc_io_int_enable
00000000 t sd_host_slot_sdmmc_io_int_wait
00000000 t sd_host_slot_sdmmc_register_event_callbacks
00000000 t sd_host_slot_sdmmc_set_cclk_always_on
00000000 T sd_host_slot_set_bus_sampling_mode
00000000 T sd_host_slot_set_bus_width
00000000 T sd_host_slot_set_card_clk
         U sd_host_slot_set_cclk_always_on
00000000 T sd_host_slot_set_cclk_always_on_internal
00000000 T sd_host_slot_start_command
         U sd_host_slot_wait_io_int
00000000 t sd_wait
00000000 t sdmmc_dma_accessible
00000000 T sdmmc_get_slot_handle
         U sdmmc_hal_deinit
         U sdmmc_hal_init
00000000 T sdmmc_host_check_buffer_alignment
00000000 T sdmmc_host_deinit
00000000 T sdmmc_host_deinit_slot
00000000 T sdmmc_host_do_transaction
00000000 T sdmmc_host_get_real_freq
00000000 T sdmmc_host_get_slot_width
00000000 T sdmmc_host_get_state
00000000 T sdmmc_host_init
00000000 T sdmmc_host_init_slot
00000000 T sdmmc_host_io_int_enable
00000000 T sdmmc_host_io_int_wait
00000000 T sdmmc_host_is_slot_set_to_uhs1
00000000 T sdmmc_host_set_bus_ddr_mode
00000000 T sdmmc_host_set_bus_width
00000000 T sdmmc_host_set_card_clk
00000000 T sdmmc_host_set_cclk_always_on
00000000 T sdmmc_host_set_input_delay
00000000 T sdmmc_host_set_input_delayline
00000000 t sdmmc_ll_get_clock_div.isra.0
         U sdmmc_slot_gpio_num
         U sdmmc_slot_gpio_sig
         U sdmmc_slot_info
         U usleep
00000000 T vQueueDeleteWithCaps
00000000 T vSemaphoreDeleteWithCaps
00000000 T vTaskDelay
00000000 T xQueueCreateWithCaps
00000000 T xQueueReceive
00000000 T xQueueSendFromISR
00000000 T xSemaphoreCreateBinaryWithCaps
00000000 T xSemaphoreCreateMutexWithCaps
00000000 T xSemaphoreGive
00000000 T xSemaphoreGiveFromISR
00000000 T xSemaphoreTake
