
/tmp/sd_host_sdmmc.o:
         U CNNT_PAD_CTRL
         U CNNT_SYS_REG
         U HP_SYS_CLKRST
         U SDMMC
         U __ashldi3
         U __assert
         U __lshrdi3
         U _esp_error_check_failed
         U _lock_acquire
         U _lock_release
         U esp_cache_get_alignment
         U esp_clk_tree_enable_src
         U esp_clk_tree_src_get_freq_hz
         U esp_intr_alloc
         U esp_intr_free
         U esp_ptr_dma_ext_capable
         U esp_ptr_external_ram
         U esp_rom_delay_us
         U esp_rom_gpio_connect_in_signal
         U esp_rom_gpio_connect_out_signal
         U esp_rom_gpio_pad_select_gpio
         U esp_timer_get_time
         U free
         U gpio_config
         U gpio_get_level
         U gpio_input_enable
         U gpio_iomux_output
         U gpio_output_disable
         U gpio_pulldown_dis
         U gpio_pullup_en
         U gpio_reset_pin
         U gpio_set_direction
         U gpio_set_drive_capability
         U gpio_set_level
         U heap_caps_calloc
         U memcpy
         U periph_rcc_enter
         U periph_rcc_exit
         U sd_host_dma_resume
         U sd_host_fill_dma_descriptors
         U sd_host_get_free_descriptors_count
         U sd_host_slot_sdmmc_do_transaction
         U sdmmc_hal_deinit
         U sdmmc_hal_init
         U sdmmc_slot_gpio_num
         U sdmmc_slot_gpio_sig
         U sdmmc_slot_info
         U vQueueDeleteWithCaps
         U vSemaphoreDeleteWithCaps
         U vTaskDelay
         U xQueueCreateWithCaps
         U xQueueSendFromISR
         U xSemaphoreCreateBinaryWithCaps
         U xSemaphoreCreateMutexWithCaps
         U xSemaphoreGive
         U xSemaphoreGiveFromISR
         U xSemaphoreTake

/tmp/sd_trans_sdmmc.o:
         U SDMMC
         U __assert
         U esp_cache_get_line_size_by_addr
         U esp_cache_msync
         U memcpy
         U memset
         U sd_host_check_buffer_alignment
         U sd_host_set_delay_line
         U sd_host_set_delay_phase
         U sd_host_slot_enable_clk_cmd11
         U sd_host_slot_get_real_freq
         U sd_host_slot_set_bus_sampling_mode
         U sd_host_slot_set_bus_width
         U sd_host_slot_set_card_clk
         U sd_host_slot_set_cclk_always_on_internal
         U sd_host_slot_start_command
         U usleep
         U vTaskDelay
         U xQueueReceive
         U xSemaphoreGive
         U xSemaphoreTake
