iperf2 -c 192.168.1.29 -i 1 -p 5002 -t 300
------------------------------------------------------------
Client connecting to 192.168.1.29, TCP port 5002
TCP window size: 64.0 KByte
------------------------------------------------------------
[  1] local 192.168.1.60 port 30081 connected with 192.168.1.29 port 5002
[CPU0] tcp_wrbuffer_timedalloc: ERROR: Failed to allocate I/O buffer
[CPU0] psock_tcp_send: ERROR: Failed to allocate write buffer
send_hdr failed: Try again
[CPU0] tcp_wrbuffer_timedalloc: ERROR: Failed to allocate I/O buffer
[CPU0] psock_tcp_send: ERROR: Failed to allocate write buffer
[CPU0] tcp_wrbuffer_timedalloc: ERROR: Failed to allocate I/O buffer
[CPU0] psock_tcp_send: ERROR: Failed to allocate write buffer
[ ID] Interval       Transfer     Bandwidth
[  1] 0.00-1.00 sec  0.000 Bytes  0.000 bits/sec
[CPU0] tcp_wrbuffer_timedalloc: ERROR: Failed to allocate I/O buffer
[CPU0] psock_tcp_send: ERROR: Failed to allocate write buffer
[CPU0] tcp_wrbuffer_timedalloc: ERROR: Failed to allocate I/O buffer
[CPU0] psock_tcp_send: ERROR: Failed to allocate write buffer
[  1] 1.00-2.00 sec  0.000 Bytes  0.000 bits/sec
[CPU0] tcp_wrbuffer_timedalloc: ERROR: Failed to allocate I/O buffer
[CPU0] psock_tcp_send: ERROR: Failed to allocate write buffer
[CPU0] tcp_wrbuffer_timedalloc: ERROR: Failed to allocate I/O buffer
[CPU0] psock_tcp_send: ERROR: Failed to allocate write buffer
[  1] 2.00-3.00 sec  0.000 Bytes  0.000 bits/sec
[CPU0] tcp_wrbuffer_timedalloc: ERROR: Failed to allocate I/O buffer
[CPU0] psock_tcp_send: ERROR: Failed to allocate write buffer
[CPU0] tcp_wrbuffer_timedalloc: ERROR: Failed to allocate I/O buffer
[CPU0] psock_tcp_send: ERROR: Failed to allocate write buffer
[  1] 3.00-4.00 sec  0.000 Bytes  0.000 bits/sec
[CPU0] tcp_wrbuffer_timedalloc: ERROR: Failed to allocate I/O buffer
[CPU0] psock_tcp_send: ERROR: Failed to allocate write buffer
[CPU0] tcp_wrbuffer_timedalloc: ERROR: Failed to allocate I/O buffer
[CPU0] psock_tcp_send: ERROR: Failed to allocate write buffer
[  1] 4.00-5.00 sec  0.000 Bytes  0.000 bits/sec
[CPU0] tcp_wrbuffer_timedalloc: ERROR: Failed to allocate I/O buffer
[CPU0] psock_tcp_send: ERROR: Failed to allocate write buffer
[CPU0] tcp_wrbuffer_timedalloc: ERROR: Failed to allocate I/O buffer
[CPU0] psock_tcp_send: ERROR: Failed to allocate write buffer
[  1] 5.00-6.00 sec  0.000 Bytes  0.000 bits/sec
[CPU0] tcp_wrbuffer_timedalloc: ERROR: Failed to allocate I/O buffer
[CPU0] psock_tcp_send: ERROR: Failed to allocate write buffer
[CPU0] tcp_wrbuffer_timedalloc: ERROR: Failed to allocate I/O buffer
[CPU0] psock_tcp_send: ERROR: Failed to allocate write buffer
[  1] 6.00-7.00 sec  0.000 Bytes  0.000 bits/sec
[CPU0] tcp_wrbuffer_timedalloc: ERROR: Failed to allocate I/O buffer
[CPU0] psock_tcp_send: ERROR: Failed to allocate write buffer
[CPU0] tcp_wrbuffer_timedalloc: ERROR: Failed to allocate I/O buffer
[CPU0] psock_tcp_send: ERROR: Failed to allocate write buffer
[  1] 7.00-8.00 sec  0.000 Bytes  0.000 bits/sec
[CPU0] tcp_wrbuffer_timedalloc: ERROR: Failed to allocate I/O buffer
[CPU0] psock_tcp_send: ERROR: Failed to allocate write buffer
[CPU0] tcp_wrbuffer_timedalloc: ERROR: Failed to allocate I/O buffer
[CPU0] psock_tcp_send: ERROR: Failed to allocate write buffer
[  1] 8.00-9.00 sec  0.000 Bytes  0.000 bits/sec
[CPU0] tcp_wrbuffer_timedalloc: ERROR: Failed to allocate I/O buffer
[CPU0] psock_tcp_send: ERROR: Failed to allocate write buffer
[CPU0] tcp_wrbuffer_timedalloc: ERROR: Failed to allocate I/O buffer
[CPU0] psock_tcp_send: ERROR: Failed to allocate write buffer
[  1] 9.00-10.00 sec  0.000 Bytes  0.000 bits/sec
[CPU0] tcp_wrbuffer_timedalloc: ERROR: Failed to allocate I/O buffer
[CPU0] psock_tcp_send: ERROR: Failed to allocate write buffer
[CPU0] tcp_wrbuffer_timedalloc: ERROR: Failed to allocate I/O buffer
[CPU0] psock_tcp_send: ERROR: Failed to allocate write buffer
[  1] 10.00-11.00 sec  0.000 Bytes  0.000 bits/sec
[CPU0] tcp_wrbuffer_timedalloc: ERROR: Failed to allocate I/O buffer
[CPU0] psock_tcp_send: ERROR: Failed to allocate write buffer
[CPU0] tcp_wrbuffer_timedalloc: ERROR: Failed to allocate I/O buffer
[CPU0] psock_tcp_send: ERROR: Failed to allocate write buffer
[  1] 11.00-12.00 sec  0.000 Bytes  0.000 bits/sec
[CPU0] tcp_wrbuffer_timedalloc: ERROR: Failed to allocate I/O buffer
[CPU0] psock_tcp_send: ERROR: Failed to allocate write buffer
[CPU0] tcp_wrbuffer_timedalloc: ERROR: Failed to allocate I/O buffer
[CPU0] psock_tcp_send: ERROR: Failed to allocate write buffer
[  1] 12.00-13.00 sec  0.000 Bytes  0.000 bits/sec
[CPU0] tcp_wrbuffer_timedalloc: ERROR: Failed to allocate I/O buffer
[CPU0] psock_tcp_send: ERROR: Failed to allocate write buffer
[CPU0] tcp_wrbuffer_timedalloc: ERROR: Failed to allocate I/O buffer
[CPU0] psock_tcp_send: ERROR: Failed to allocate write buffer
[  1] 13.00-14.00 sec  0.000 Bytes  0.000 bits/sec
[CPU0] tcp_wrbuffer_timedalloc: ERROR: Failed to allocate I/O buffer
[CPU0] psock_tcp_send: ERROR: Failed to allocate write buffer
[CPU0] tcp_wrbuffer_timedalloc: ERROR: Failed to allocate I/O buffer
[CPU0] psock_tcp_send: ERROR: Failed to allocate write buffer
[  1] 14.00-15.00 sec  0.000 Bytes  0.000 bits/sec
[CPU0] tcp_wrbuffer_timedalloc: ERROR: Failed to allocate I/O buffer
[CPU0] psock_tcp_send: ERROR: Failed to allocate write buffer
[CPU0] tcp_wrbuffer_timedalloc: ERROR: Failed to allocate I/O buffer
[CPU0] psock_tcp_send: ERROR: Failed to allocate write buffer
[  1] 15.00-16.00 sec  0.000 Bytes  0.000 bits/sec
[CPU0] tcp_wrbuffer_timedalloc: ERROR: Failed to allocate I/O buffer
[CPU0] psock_tcp_send: ERROR: Failed to allocate write buffer
[CPU0] tcp_wrbuffer_timedalloc: ERROR: Failed to allocate I/O buffer
[CPU0] psock_tcp_send: ERROR: Failed to allocate write buffer
[  1] 16.00-17.00 sec  0.000 Bytes  0.000 bits/sec
[CPU0] tcp_wrbuffer_timedalloc: ERROR: Failed to allocate I/O buffer
[CPU0] psock_tcp_send: ERROR: Failed to allocate write buffer
[CPU0] tcp_wrbuffer_timedalloc: ERROR: Failed to allocate I/O buffer
[CPU0] psock_tcp_send: ERROR: Failed to allocate write buffer
[  1] 17.00-18.00 sec  0.000 Bytes  0.000 bits/sec
[CPU0] tcp_wrbuffer_timedalloc: ERROR: Failed to allocate I/O buffer
[CPU0] psock_tcp_send: ERROR: Failed to allocate write buffer
[CPU0] tcp_wrbuffer_timedalloc: ERROR: Failed to allocate I/O buffer
[CPU0] psock_tcp_send: ERROR: Failed to allocate write buffer
[  1] 18.00-19.00 sec  0.000 Bytes  0.000 bits/sec
[CPU0] tcp_wrbuffer_timedalloc: ERROR: Failed to allocate I/O buffer
[CPU0] psock_tcp_send: ERROR: Failed to allocate write buffer
[CPU0] tcp_wrbuffer_timedalloc: ERROR: Failed to allocate I/O buffer
[CPU0] psock_tcp_send: ERROR: Failed to allocate write buffer
[  1] 19.00-20.00 sec  0.000 Bytes  0.000 bits/sec
[CPU0] tcp_wrbuffer_timedalloc: ERROR: Failed to allocate I/O buffer
[CPU0] psock_tcp_send: ERROR: Failed to allocate write buffer
[CPU0] tcp_wrbuffer_timedalloc: ERROR: Failed to allocate I/O buffer
[CPU0] psock_tcp_send: ERROR: Failed to allocate write buffer
[  1] 20.00-21.00 sec  0.000 Bytes  0.000 bits/sec
[CPU0] tcp_wrbuffer_timedalloc: ERROR: Failed to allocate I/O buffer
[CPU0] psock_tcp_send: ERROR: Failed to allocate write buffer
[CPU0] tcp_wrbuffer_timedalloc: ERROR: Failed to allocate I/O buffer
[CPU0] psock_tcp_send: ERROR: Failed to allocate write buffer
[  1] 21.00-22.00 sec  0.000 Bytes  0.000 bits/sec
[CPU0] tcp_wrbuffer_timedalloc: ERROR: Failed to allocate I/O buffer
[CPU0] psock_tcp_send: ERROR: Failed to allocate write buffer
[CPU0] tcp_wrbuffer_timedalloc: ERROR: Failed to allocate I/O buffer
[CPU0] psock_tcp_send: ERROR: Failed to allocate write buffer
[  1] 22.00-23.00 sec  0.000 Bytes  0.000 bits/sec
[CPU0] tcp_wrbuffer_timedalloc: ERROR: Failed to allocate I/O buffer
[CPU0] psock_tcp_send: ERROR: Failed to allocate write buffer
[CPU0] tcp_wrbuffer_timedalloc: ERROR: Failed to allocate I/O buffer
[CPU0] psock_tcp_send: ERROR: Failed to allocate write buffer
[  1] 23.00-24.00 sec  0.000 Bytes  0.000 bits/sec
[CPU0] tcp_wrbuffer_timedalloc: ERROR: Failed to allocate I/O buffer
[CPU0] psock_tcp_send: ERROR: Failed to allocate write buffer
[CPU0] tcp_wrbuffer_timedalloc: ERROR: Failed to allocate I/O buffer
[CPU0] psock_tcp_send: ERROR: Failed to allocate write buffer
[  1] 24.00-25.00 sec  0.000 Bytes  0.000 bits/sec
[CPU0] tcp_wrbuffer_timedalloc: ERROR: Failed to allocate I/O buffer
[CPU0] psock_tcp_send: ERROR: Failed to allocate write buffer
[CPU0] tcp_wrbuffer_timedalloc: ERROR: Failed to allocate I/O buffer
[CPU0] psock_tcp_send: ERROR: Failed to allocate write buffer
[  1] 25.00-26.00 sec  0.000 Bytes  0.000 bits/sec
[CPU0] tcp_wrbuffer_timedalloc: ERROR: Failed to allocate I/O buffer
[CPU0] psock_tcp_send: ERROR: Failed to allocate write buffer
[CPU0] tcp_wrbuffer_timedalloc: ERROR: Failed to allocate I/O buffer
[CPU0] psock_tcp_send: ERROR: Failed to allocate write buffer
[  1] 26.00-27.00 sec  0.000 Bytes  0.000 bits/sec
[CPU0] tcp_wrbuffer_timedalloc: ERROR: Failed to allocate I/O buffer
[CPU0] psock_tcp_send: ERROR: Failed to allocate write buffer
[CPU0] tcp_wrbuffer_timedalloc: ERROR: Failed to allocate I/O buffer
[CPU0] psock_tcp_send: ERROR: Failed to allocate write buffer
[  1] 27.00-28.00 sec  0.000 Bytes  0.000 bits/sec
[CPU0] tcp_wrbuffer_timedalloc: ERROR: Failed to allocate I/O buffer
[CPU0] psock_tcp_send: ERROR: Failed to allocate write buffer
[CPU0] tcp_wrbuffer_timedalloc: ERROR: Failed to allocate I/O buffer
[CPU0] psock_tcp_send: ERROR: Failed to allocate write buffer
[  1] 28.00-29.00 sec  0.000 Bytes  0.000 bits/sec
[CPU0] tcp_wrbuffer_timedalloc: ERROR: Failed to allocate I/O buffer
[CPU0] psock_tcp_send: ERROR: Failed to allocate write buffer
[CPU0] tcp_wrbuffer_timedalloc: ERROR: Failed to allocate I/O buffer
[CPU0] psock_tcp_send: ERROR: Failed to allocate write buffer
[  1] 29.00-30.00 sec  0.000 Bytes  0.000 bits/sec
[CPU0] tcp_wrbuffer_timedalloc: ERROR: Failed to allocate I/O buffer
[CPU0] psock_tcp_send: ERROR: Failed to allocate write buffer
[CPU0] tcp_wrbuffer_timedalloc: ERROR: Failed to allocate I/O buffer
[CPU0] psock_tcp_send: ERROR: Failed to allocate write buffer
[  1] 30.00-31.00 sec  0.000 Bytes  0.000 bits/sec
[CPU0] tcp_wrbuffer_timedalloc: ERROR: Failed to allocate I/O buffer
[CPU0] psock_tcp_send: ERROR: Failed to allocate write buffer
[CPU0] tcp_wrbuffer_timedalloc: ERROR: Failed to allocate I/O buffer
[CPU0] psock_tcp_send: ERROR: Failed to allocate write buffer
[  1] 31.00-32.00 sec  0.000 Bytes  0.000 bits/sec
[CPU0] tcp_wrbuffer_timedalloc: ERROR: Failed to allocate I/O buffer
[CPU0] psock_tcp_send: ERROR: Failed to allocate write buffer
[CPU0] tcp_wrbuffer_timedalloc: ERROR: Failed to allocate I/O buffer
[CPU0] psock_tcp_send: ERROR: Failed to allocate write buffer
[  1] 32.00-33.00 sec  0.000 Bytes  0.000 bits/sec
[CPU0] tcp_wrbuffer_timedalloc: ERROR: Failed to allocate I/O buffer
[CPU0] psock_tcp_send: ERROR: Failed to allocate write buffer
[CPU0] tcp_wrbuffer_timedalloc: ERROR: Failed to allocate I/O buffer
[CPU0] psock_tcp_send: ERROR: Failed to allocate write buffer
[  1] 33.00-34.00 sec  0.000 Bytes  0.000 bits/sec
[CPU0] tcp_wrbuffer_timedalloc: ERROR: Failed to allocate I/O buffer
[CPU0] psock_tcp_send: ERROR: Failed to allocate write buffer
[CPU0] tcp_wrbuffer_timedalloc: ERROR: Failed to allocate I/O buffer
[CPU0] psock_tcp_send: ERROR: Failed to allocate write buffer
[  1] 34.00-35.00 sec  0.000 Bytes  0.000 bits/sec
[CPU0] tcp_wrbuffer_timedalloc: ERROR: Failed to allocate I/O buffer
[CPU0] psock_tcp_send: ERROR: Failed to allocate write buffer
[CPU0] tcp_wrbuffer_timedalloc: ERROR: Failed to allocate I/O buffer
[CPU0] psock_tcp_send: ERROR: Failed to allocate write buffer
[  1] 35.00-36.00 sec  0.000 Bytes  0.000 bits/sec
[CPU0] tcp_wrbuffer_timedalloc: ERROR: Failed to allocate I/O buffer
[CPU0] psock_tcp_send: ERROR: Failed to allocate write buffer
[CPU0] tcp_wrbuffer_timedalloc: ERROR: Failed to allocate I/O buffer
[CPU0] psock_tcp_send: ERROR: Failed to allocate write buffer
[  1] 36.00-37.00 sec  0.000 Bytes  0.000 bits/sec
[CPU0] tcp_wrbuffer_timedalloc: ERROR: Failed to allocate I/O buffer
[CPU0] psock_tcp_send: ERROR: Failed to allocate write buffer
[CPU0] tcp_wrbuffer_timedalloc: ERROR: Failed to allocate I/O buffer
[CPU0] psock_tcp_send: ERROR: Failed to allocate write buffer
[  1] 37.00-38.00 sec  0.000 Bytes  0.000 bits/sec
[CPU0] tcp_wrbuffer_timedalloc: ERROR: Failed to allocate I/O buffer
[CPU0] psock_tcp_send: ERROR: Failed to allocate write buffer
[CPU0] tcp_wrbuffer_timedalloc: ERROR: Failed to allocate I/O buffer
[CPU0] psock_tcp_send: ERROR: Failed to allocate write buffer
[  1] 38.00-39.00 sec  0.000 Bytes  0.000 bits/sec
[CPU0] tcp_wrbuffer_timedalloc: ERROR: Failed to allocate I/O buffer
[CPU0] psock_tcp_send: ERROR: Failed to allocate write buffer
[CPU0] tcp_wrbuffer_timedalloc: ERROR: Failed to allocate I/O buffer
[CPU0] psock_tcp_send: ERROR: Failed to allocate write buffer
[  1] 39.00-40.00 sec  0.000 Bytes  0.000 bits/sec
[CPU0] tcp_wrbuffer_timedalloc: ERROR: Failed to allocate I/O buffer
[CPU0] psock_tcp_send: ERROR: Failed to allocate write buffer
[CPU0] tcp_wrbuffer_timedalloc: ERROR: Failed to allocate I/O buffer
[CPU0] psock_tcp_send: ERROR: Failed to allocate write buffer
[  1] 40.00-41.00 sec  0.000 Bytes  0.000 bits/sec
[CPU0] tcp_wrbuffer_timedalloc: ERROR: Failed to allocate I/O buffer
[CPU0] psock_tcp_send: ERROR: Failed to allocate write buffer
[CPU0] tcp_wrbuffer_timedalloc: ERROR: Failed to allocate I/O buffer
[CPU0] psock_tcp_send: ERROR: Failed to allocate write buffer
[  1] 41.00-42.00 sec  0.000 Bytes  0.000 bits/sec
[CPU0] tcp_wrbuffer_timedalloc: ERROR: Failed to allocate I/O buffer
[CPU0] psock_tcp_send: ERROR: Failed to allocate write buffer
[CPU0] tcp_wrbuffer_timedalloc: ERROR: Failed to allocate I/O buffer
[CPU0] psock_tcp_send: ERROR: Failed to allocate write buffer
[  1] 42.00-43.00 sec  0.000 Bytes  0.000 bits/sec
[CPU0] tcp_wrbuffer_timedalloc: ERROR: Failed to allocate I/O buffer
[CPU0] psock_tcp_send: ERROR: Failed to allocate write buffer
[CPU0] tcp_wrbuffer_timedalloc: ERROR: Failed to allocate I/O buffer
[CPU0] psock_tcp_send: ERROR: Failed to allocate write buffer
[  1] 43.00-44.00 sec  0.000 Bytes  0.000 bits/sec
[CPU0] tcp_wrbuffer_timedalloc: ERROR: Failed to allocate I/O buffer
[CPU0] psock_tcp_send: ERROR: Failed to allocate write buffer
[CPU0] tcp_wrbuffer_timedalloc: ERROR: Failed to allocate I/O buffer
[CPU0] psock_tcp_send: ERROR: Failed to allocate write buffer
[  1] 44.00-45.00 sec  0.000 Bytes  0.000 bits/sec
[CPU0] tcp_wrbuffer_timedalloc: ERROR: Failed to allocate I/O buffer
[CPU0] psock_tcp_send: ERROR: Failed to allocate write buffer
[CPU0] tcp_wrbuffer_timedalloc: ERROR: Failed to allocate I/O buffer
[CPU0] psock_tcp_send: ERROR: Failed to allocate write buffer
[  1] 45.00-46.00 sec  0.000 Bytes  0.000 bits/sec
[CPU0] tcp_wrbuffer_timedalloc: ERROR: Failed to allocate I/O buffer
[CPU0] psock_tcp_send: ERROR: Failed to allocate write buffer
[CPU0] tcp_wrbuffer_timedalloc: ERROR: Failed to allocate I/O buffer
[CPU0] psock_tcp_send: ERROR: Failed to allocate write buffer
[  1] 46.00-47.00 sec  0.000 Bytes  0.000 bits/sec
[CPU0] tcp_wrbuffer_timedalloc: ERROR: Failed to allocate I/O buffer
[CPU0] psock_tcp_send: ERROR: Failed to allocate write buffer
[CPU0] tcp_wrbuffer_timedalloc: ERROR: Failed to allocate I/O buffer
[CPU0] psock_tcp_send: ERROR: Failed to allocate write buffer
[  1] 47.00-48.00 sec  0.000 Bytes  0.000 bits/sec
[CPU0] tcp_wrbuffer_timedalloc: ERROR: Failed to allocate I/O buffer
[CPU0] psock_tcp_send: ERROR: Failed to allocate write buffer
[CPU0] tcp_wrbuffer_timedalloc: ERROR: Failed to allocate I/O buffer
[CPU0] psock_tcp_send: ERROR: Failed to allocate write buffer
[  1] 48.00-49.00 sec  0.000 Bytes  0.000 bits/sec
[CPU0] tcp_wrbuffer_timedalloc: ERROR: Failed to allocate I/O buffer
[CPU0] psock_tcp_send: ERROR: Failed to allocate write buffer
[CPU0] tcp_wrbuffer_timedalloc: ERROR: Failed to allocate I/O buffer
[CPU0] psock_tcp_send: ERROR: Failed to allocate write buffer
[  1] 49.00-50.00 sec  0.000 Bytes  0.000 bits/sec
[CPU0] tcp_wrbuffer_timedalloc: ERROR: Failed to allocate I/O buffer
[CPU0] psock_tcp_send: ERROR: Failed to allocate write buffer
[CPU0] tcp_wrbuffer_timedalloc: ERROR: Failed to allocate I/O buffer
[CPU0] psock_tcp_send: ERROR: Failed to allocate write buffer
[  1] 50.00-51.00 sec  0.000 Bytes  0.000 bits/sec
[CPU0] tcp_wrbuffer_timedalloc: ERROR: Failed to allocate I/O buffer
[CPU0] psock_tcp_send: ERROR: Failed to allocate write buffer
[CPU0] tcp_wrbuffer_timedalloc: ERROR: Failed to allocate I/O buffer
[CPU0] psock_tcp_send: ERROR: Failed to allocate write buffer
[  1] 51.00-52.00 sec  0.000 Bytes  0.000 bits/sec
[CPU0] tcp_wrbuffer_timedalloc: ERROR: Failed to allocate I/O buffer
[CPU0] psock_tcp_send: ERROR: Failed to allocate write buffer
[CPU0] tcp_wrbuffer_timedalloc: ERROR: Failed to allocate I/O buffer
[CPU0] psock_tcp_send: ERROR: Failed to allocate write buffer
[  1] 52.00-53.00 sec  0.000 Bytes  0.000 bits/sec
[CPU0] tcp_wrbuffer_timedalloc: ERROR: Failed to allocate I/O buffer
[CPU0] psock_tcp_send: ERROR: Failed to allocate write buffer
[CPU0] tcp_wrbuffer_timedalloc: ERROR: Failed to allocate I/O buffer
[CPU0] psock_tcp_send: ERROR: Failed to allocate write buffer
[  1] 53.00-54.00 sec  0.000 Bytes  0.000 bits/sec
[CPU0] tcp_wrbuffer_timedalloc: ERROR: Failed to allocate I/O buffer
[CPU0] psock_tcp_send: ERROR: Failed to allocate write buffer
[CPU0] tcp_wrbuffer_timedalloc: ERROR: Failed to allocate I/O buffer
[CPU0] psock_tcp_send: ERROR: Failed to allocate write buffer
[  1] 54.00-55.00 sec  0.000 Bytes  0.000 bits/sec
[CPU0] tcp_wrbuffer_timedalloc: ERROR: Failed to allocate I/O buffer
[CPU0] psock_tcp_send: ERROR: Failed to allocate write buffer
[CPU0] tcp_wrbuffer_timedalloc: ERROR: Failed to allocate I/O buffer
[CPU0] psock_tcp_send: ERROR: Failed to allocate write buffer
[  1] 55.00-56.00 sec  0.000 Bytes  0.000 bits/sec
[CPU0] tcp_wrbuffer_timedalloc: ERROR: Failed to allocate I/O buffer
[CPU0] psock_tcp_send: ERROR: Failed to allocate write buffer
[CPU0] tcp_wrbuffer_timedalloc: ERROR: Failed to allocate I/O buffer
[CPU0] psock_tcp_send: ERROR: Failed to allocate write buffer
[  1] 56.00-57.00 sec  0.000 Bytes  0.000 bits/sec
[CPU0] tcp_wrbuffer_timedalloc: ERROR: Failed to allocate I/O buffer
[CPU0] psock_tcp_send: ERROR: Failed to allocate write buffer
[CPU0] tcp_wrbuffer_timedalloc: ERROR: Failed to allocate I/O buffer
[CPU0] psock_tcp_send: ERROR: Failed to allocate write buffer
[  1] 57.00-58.00 sec  0.000 Bytes  0.000 bits/sec
[CPU0] tcp_wrbuffer_timedalloc: ERROR: Failed to allocate I/O buffer
[CPU0] psock_tcp_send: ERROR: Failed to allocate write buffer
[CPU0] tcp_wrbuffer_timedalloc: ERROR: Failed to allocate I/O buffer
[CPU0] psock_tcp_send: ERROR: Failed to allocate write buffer
[  1] 58.00-59.00 sec  0.000 Bytes  0.000 bits/sec
[CPU0] tcp_wrbuffer_timedalloc: ERROR: Failed to allocate I/O buffer
[CPU0] psock_tcp_send: ERROR: Failed to allocate write buffer
[CPU0] tcp_wrbuffer_timedalloc: ERROR: Failed to allocate I/O buffer
[CPU0] psock_tcp_send: ERROR: Failed to allocate write buffer
[  1] 59.00-60.00 sec  0.000 Bytes  0.000 bits/sec
[CPU0] tcp_wrbuffer_timedalloc: ERROR: Failed to allocate I/O buffer
[CPU0] psock_tcp_send: ERROR: Failed to allocate write buffer
[CPU0] tcp_wrbuffer_timedalloc: ERROR: Failed to allocate I/O buffer
[CPU0] psock_tcp_send: ERROR: Failed to allocate write buffer
[  1] 60.00-61.00 sec  0.000 Bytes  0.000 bits/sec
[CPU0] tcp_wrbuffer_timedalloc: ERROR: Failed to allocate I/O buffer
[CPU0] psock_tcp_send: ERROR: Failed to allocate write buffer
[CPU0] tcp_wrbuffer_timedalloc: ERROR: Failed to allocate I/O buffer
[CPU0] psock_tcp_send: ERROR: Failed to allocate write buffer
[  1] 61.00-62.00 sec  0.000 Bytes  0.000 bits/sec
[CPU0] tcp_wrbuffer_timedalloc: ERROR: Failed to allocate I/O buffer
[CPU0] psock_tcp_send: ERROR: Failed to allocate write buffer
[CPU0] tcp_wrbuffer_timedalloc: ERROR: Failed to allocate I/O buffer
[CPU0] psock_tcp_send: ERROR: Failed to allocate write buffer
[  1] 62.00-63.00 sec  0.000 Bytes  0.000 bits/sec
[CPU0] tcp_wrbuffer_timedalloc: ERROR: Failed to allocate I/O buffer
[CPU0] psock_tcp_send: ERROR: Failed to allocate write buffer
[CPU0] tcp_wrbuffer_timedalloc: ERROR: Failed to allocate I/O buffer
[CPU0] psock_tcp_send: ERROR: Failed to allocate write buffer
[  1] 63.00-64.00 sec  0.000 Bytes  0.000 bits/sec
[CPU0] tcp_wrbuffer_timedalloc: ERROR: Failed to allocate I/O buffer
[CPU0] psock_tcp_send: ERROR: Failed to allocate write buffer
[CPU0] tcp_wrbuffer_timedalloc: ERROR: Failed to allocate I/O buffer
[CPU0] psock_tcp_send: ERROR: Failed to allocate write buffer
[  1] 64.00-65.00 sec  0.000 Bytes  0.000 bits/sec
[CPU0] tcp_wrbuffer_timedalloc: ERROR: Failed to allocate I/O buffer
[CPU0] psock_tcp_send: ERROR: Failed to allocate write buffer
[CPU0] tcp_wrbuffer_timedalloc: ERROR: Failed to allocate I/O buffer
[CPU0] psock_tcp_send: ERROR: Failed to allocate write buffer
[  1] 65.00-66.00 sec  0.000 Bytes  0.000 bits/sec
[CPU0] tcp_wrbuffer_timedalloc: ERROR: Failed to allocate I/O buffer
[CPU0] psock_tcp_send: ERROR: Failed to allocate write buffer
[CPU0] tcp_wrbuffer_timedalloc: ERROR: Failed to allocate I/O buffer
[CPU0] psock_tcp_send: ERROR: Failed to allocate write buffer
[  1] 66.00-67.00 sec  0.000 Bytes  0.000 bits/sec
[CPU0] tcp_wrbuffer_timedalloc: ERROR: Failed to allocate I/O buffer
[CPU0] psock_tcp_send: ERROR: Failed to allocate write buffer
[CPU0] tcp_wrbuffer_timedalloc: ERROR: Failed to allocate I/O buffer
[CPU0] psock_tcp_send: ERROR: Failed to allocate write buffer
[  1] 67.00-68.00 sec  0.000 Bytes  0.000 bits/sec
[CPU0] tcp_wrbuffer_timedalloc: ERROR: Failed to allocate I/O buffer
[CPU0] psock_tcp_send: ERROR: Failed to allocate write buffer
[CPU0] tcp_wrbuffer_timedalloc: ERROR: Failed to allocate I/O buffer
[CPU0] psock_tcp_send: ERROR: Failed to allocate write buffer
[  1] 68.00-69.00 sec  0.000 Bytes  0.000 bits/sec
[CPU0] tcp_wrbuffer_timedalloc: ERROR: Failed to allocate I/O buffer
[CPU0] psock_tcp_send: ERROR: Failed to allocate write buffer
[CPU0] tcp_wrbuffer_timedalloc: ERROR: Failed to allocate I/O buffer
[CPU0] psock_tcp_send: ERROR: Failed to allocate write buffer
[  1] 69.00-70.00 sec  0.000 Bytes  0.000 bits/sec
[CPU0] tcp_wrbuffer_timedalloc: ERROR: Failed to allocate I/O buffer
[CPU0] psock_tcp_send: ERROR: Failed to allocate write buffer
[CPU0] tcp_wrbuffer_timedalloc: ERROR: Failed to allocate I/O buffer
[CPU0] psock_tcp_send: ERROR: Failed to allocate write buffer
[  1] 70.00-71.00 sec  0.000 Bytes  0.000 bits/sec
[CPU0] tcp_wrbuffer_timedalloc: ERROR: Failed to allocate I/O buffer
[CPU0] psock_tcp_send: ERROR: Failed to allocate write buffer
[CPU0] tcp_wrbuffer_timedalloc: ERROR: Failed to allocate I/O buffer
[CPU0] psock_tcp_send: ERROR: Failed to allocate write buffer
[  1] 71.00-72.00 sec  0.000 Bytes  0.000 bits/sec
[CPU0] tcp_wrbuffer_timedalloc: ERROR: Failed to allocate I/O buffer
[CPU0] psock_tcp_send: ERROR: Failed to allocate write buffer
[CPU0] tcp_wrbuffer_timedalloc: ERROR: Failed to allocate I/O buffer
[CPU0] psock_tcp_send: ERROR: Failed to allocate write buffer
[  1] 72.00-73.00 sec  0.000 Bytes  0.000 bits/sec
[CPU0] tcp_wrbuffer_timedalloc: ERROR: Failed to allocate I/O buffer
[CPU0] psock_tcp_send: ERROR: Failed to allocate write buffer
[CPU0] tcp_wrbuffer_timedalloc: ERROR: Failed to allocate I/O buffer
[CPU0] psock_tcp_send: ERROR: Failed to allocate write buffer
[  1] 73.00-74.00 sec  0.000 Bytes  0.000 bits/sec
[CPU0] tcp_wrbuffer_timedalloc: ERROR: Failed to allocate I/O buffer
[CPU0] psock_tcp_send: ERROR: Failed to allocate write buffer
[CPU0] tcp_wrbuffer_timedalloc: ERROR: Failed to allocate I/O buffer
[CPU0] psock_tcp_send: ERROR: Failed to allocate write buffer
[  1] 74.00-75.00 sec  0.000 Bytes  0.000 bits/sec
[CPU0] tcp_wrbuffer_timedalloc: ERROR: Failed to allocate I/O buffer
[CPU0] psock_tcp_send: ERROR: Failed to allocate write buffer
[CPU0] tcp_wrbuffer_timedalloc: ERROR: Failed to allocate I/O buffer
[CPU0] psock_tcp_send: ERROR: Failed to allocate write buffer
[  1] 75.00-76.00 sec  0.000 Bytes  0.000 bits/sec
[CPU0] tcp_wrbuffer_timedalloc: ERROR: Failed to allocate I/O buffer
[CPU0] psock_tcp_send: ERROR: Failed to allocate write buffer
[CPU0] tcp_wrbuffer_timedalloc: ERROR: Failed to allocate I/O buffer
[CPU0] psock_tcp_send: ERROR: Failed to allocate write buffer
[  1] 76.00-77.00 sec  0.000 Bytes  0.000 bits/sec
[CPU0] tcp_wrbuffer_timedalloc: ERROR: Failed to allocate I/O buffer
[CPU0] psock_tcp_send: ERROR: Failed to allocate write buffer
[CPU0] tcp_wrbuffer_timedalloc: ERROR: Failed to allocate I/O buffer
[CPU0] psock_tcp_send: ERROR: Failed to allocate write buffer
[  1] 77.00-78.00 sec  0.000 Bytes  0.000 bits/sec
[CPU0] tcp_wrbuffer_timedalloc: ERROR: Failed to allocate I/O buffer
[CPU0] psock_tcp_send: ERROR: Failed to allocate write buffer
[CPU0] tcp_wrbuffer_timedalloc: ERROR: Failed to allocate I/O buffer
[CPU0] psock_tcp_send: ERROR: Failed to allocate write buffer
[  1] 78.00-79.00 sec  0.000 Bytes  0.000 bits/sec
[CPU0] tcp_wrbuffer_timedalloc: ERROR: Failed to allocate I/O buffer
[CPU0] psock_tcp_send: ERROR: Failed to allocate write buffer
[CPU0] tcp_wrbuffer_timedalloc: ERROR: Failed to allocate I/O buffer
[CPU0] psock_tcp_send: ERROR: Failed to allocate write buffer
[  1] 79.00-80.00 sec  0.000 Bytes  0.000 bits/sec
[CPU0] tcp_wrbuffer_timedalloc: ERROR: Failed to allocate I/O buffer
[CPU0] psock_tcp_send: ERROR: Failed to allocate write buffer
[CPU0] tcp_wrbuffer_timedalloc: ERROR: Failed to allocate I/O buffer
[CPU0] psock_tcp_send: ERROR: Failed to allocate write buffer
[  1] 80.00-81.00 sec  0.000 Bytes  0.000 bits/sec
[CPU0] tcp_wrbuffer_timedalloc: ERROR: Failed to allocate I/O buffer
[CPU0] psock_tcp_send: ERROR: Failed to allocate write buffer
[CPU0] tcp_wrbuffer_timedalloc: ERROR: Failed to allocate I/O buffer
[CPU0] psock_tcp_send: ERROR: Failed to allocate write buffer
[  1] 81.00-82.00 sec  0.000 Bytes  0.000 bits/sec
[CPU0] tcp_wrbuffer_timedalloc: ERROR: Failed to allocate I/O buffer
[CPU0] psock_tcp_send: ERROR: Failed to allocate write buffer
[CPU0] tcp_wrbuffer_timedalloc: ERROR: Failed to allocate I/O buffer
[CPU0] psock_tcp_send: ERROR: Failed to allocate write buffer
[  1] 82.00-83.00 sec  0.000 Bytes  0.000 bits/sec
[CPU0] tcp_wrbuffer_timedalloc: ERROR: Failed to allocate I/O buffer
[CPU0] psock_tcp_send: ERROR: Failed to allocate write buffer
[CPU0] tcp_wrbuffer_timedalloc: ERROR: Failed to allocate I/O buffer
[CPU0] psock_tcp_send: ERROR: Failed to allocate write buffer
[  1] 83.00-84.00 sec  0.000 Bytes  0.000 bits/sec
[CPU0] tcp_wrbuffer_timedalloc: ERROR: Failed to allocate I/O buffer
[CPU0] psock_tcp_send: ERROR: Failed to allocate write buffer
[CPU0] tcp_wrbuffer_timedalloc: ERROR: Failed to allocate I/O buffer
[CPU0] psock_tcp_send: ERROR: Failed to allocate write buffer
[  1] 84.00-85.00 sec  0.000 Bytes  0.000 bits/sec
[CPU0] tcp_wrbuffer_timedalloc: ERROR: Failed to allocate I/O buffer
[CPU0] psock_tcp_send: ERROR: Failed to allocate write buffer
[CPU0] tcp_wrbuffer_timedalloc: ERROR: Failed to allocate I/O buffer
[CPU0] psock_tcp_send: ERROR: Failed to allocate write buffer
[  1] 85.00-86.00 sec  0.000 Bytes  0.000 bits/sec
[CPU0] tcp_wrbuffer_timedalloc: ERROR: Failed to allocate I/O buffer
[CPU0] psock_tcp_send: ERROR: Failed to allocate write buffer
[CPU0] tcp_wrbuffer_timedalloc: ERROR: Failed to allocate I/O buffer
[CPU0] psock_tcp_send: ERROR: Failed to allocate write buffer
[  1] 86.00-87.00 sec  0.000 Bytes  0.000 bits/sec
[CPU0] tcp_wrbuffer_timedalloc: ERROR: Failed to allocate I/O buffer
[CPU0] psock_tcp_send: ERROR: Failed to allocate write buffer
[CPU0] tcp_wrbuffer_timedalloc: ERROR: Failed to allocate I/O buffer
[CPU0] psock_tcp_send: ERROR: Failed to allocate write buffer
[  1] 87.00-88.00 sec  0.000 Bytes  0.000 bits/sec
[CPU0] tcp_wrbuffer_timedalloc: ERROR: Failed to allocate I/O buffer
[CPU0] psock_tcp_send: ERROR: Failed to allocate write buffer
[CPU0] tcp_wrbuffer_timedalloc: ERROR: Failed to allocate I/O buffer
[CPU0] psock_tcp_send: ERROR: Failed to allocate write buffer
[  1] 88.00-89.00 sec  0.000 Bytes  0.000 bits/sec
[CPU0] tcp_wrbuffer_timedalloc: ERROR: Failed to allocate I/O buffer
[CPU0] psock_tcp_send: ERROR: Failed to allocate write buffer
[CPU0] tcp_wrbuffer_timedalloc: ERROR: Failed to allocate I/O buffer
[CPU0] psock_tcp_send: ERROR: Failed to allocate write buffer
[  1] 89.00-90.00 sec  0.000 Bytes  0.000 bits/sec
[CPU0] tcp_wrbuffer_timedalloc: ERROR: Failed to allocate I/O buffer
[CPU0] psock_tcp_send: ERROR: Failed to allocate write buffer
[CPU0] tcp_wrbuffer_timedalloc: ERROR: Failed to allocate I/O buffer
[CPU0] psock_tcp_send: ERROR: Failed to allocate write buffer
[  1] 90.00-91.00 sec  0.000 Bytes  0.000 bits/sec
[CPU0] tcp_wrbuffer_timedalloc: ERROR: Failed to allocate I/O buffer
[CPU0] psock_tcp_send: ERROR: Failed to allocate write buffer
[CPU0] tcp_wrbuffer_timedalloc: ERROR: Failed to allocate I/O buffer
[CPU0] psock_tcp_send: ERROR: Failed to allocate write buffer
[  1] 91.00-92.00 sec  0.000 Bytes  0.000 bits/sec
[CPU0] tcp_wrbuffer_timedalloc: ERROR: Failed to allocate I/O buffer
[CPU0] psock_tcp_send: ERROR: Failed to allocate write buffer
[CPU0] tcp_wrbuffer_timedalloc: ERROR: Failed to allocate I/O buffer
[CPU0] psock_tcp_send: ERROR: Failed to allocate write buffer
[  1] 92.00-93.00 sec  0.000 Bytes  0.000 bits/sec
[CPU0] tcp_wrbuffer_timedalloc: ERROR: Failed to allocate I/O buffer
[CPU0] psock_tcp_send: ERROR: Failed to allocate write buffer
[CPU0] tcp_wrbuffer_timedalloc: ERROR: Failed to allocate I/O buffer
[CPU0] psock_tcp_send: ERROR: Failed to allocate write buffer
[  1] 93.00-94.00 sec  0.000 Bytes  0.000 bits/sec
[CPU0] tcp_wrbuffer_timedalloc: ERROR: Failed to allocate I/O buffer
[CPU0] psock_tcp_send: ERROR: Failed to allocate write buffer
[CPU0] tcp_wrbuffer_timedalloc: ERROR: Failed to allocate I/O buffer
[CPU0] psock_tcp_send: ERROR: Failed to allocate write buffer
[  1] 94.00-95.00 sec  0.000 Bytes  0.000 bits/sec
[CPU0] tcp_wrbuffer_timedalloc: ERROR: Failed to allocate I/O buffer
[CPU0] psock_tcp_send: ERROR: Failed to allocate write buffer
[CPU0] tcp_wrbuffer_timedalloc: ERROR: Failed to allocate I/O buffer
[CPU0] psock_tcp_send: ERROR: Failed to allocate write buffer
[  1] 95.00-96.00 sec  0.000 Bytes  0.000 bits/sec
[CPU0] tcp_wrbuffer_timedalloc: ERROR: Failed to allocate I/O buffer
[CPU0] psock_tcp_send: ERROR: Failed to allocate write buffer
[CPU0] tcp_wrbuffer_timedalloc: ERROR: Failed to allocate I/O buffer
[CPU0] psock_tcp_send: ERROR: Failed to allocate write buffer
[  1] 96.00-97.00 sec  0.000 Bytes  0.000 bits/sec
[CPU0] tcp_wrbuffer_timedalloc: ERROR: Failed to allocate I/O buffer
[CPU0] psock_tcp_send: ERROR: Failed to allocate write buffer
[CPU0] tcp_wrbuffer_timedalloc: ERROR: Failed to allocate I/O buffer
[CPU0] psock_tcp_send: ERROR: Failed to allocate write buffer
[  1] 97.00-98.00 sec  0.000 Bytes  0.000 bits/sec
[CPU0] tcp_wrbuffer_timedalloc: ERROR: Failed to allocate I/O buffer
[CPU0] psock_tcp_send: ERROR: Failed to allocate write buffer
[CPU0] tcp_wrbuffer_timedalloc: ERROR: Failed to allocate I/O buffer
[CPU0] psock_tcp_send: ERROR: Failed to allocate write buffer
[  1] 98.00-99.00 sec  0.000 Bytes  0.000 bits/sec
[CPU0] tcp_wrbuffer_timedalloc: ERROR: Failed to allocate I/O buffer
[CPU0] psock_tcp_send: ERROR: Failed to allocate write buffer
[CPU0] tcp_wrbuffer_timedalloc: ERROR: Failed to allocate I/O buffer
[CPU0] psock_tcp_send: ERROR: Failed to allocate write buffer
[  1] 99.00-100.00 sec  0.000 Bytes  0.000 bits/sec
[CPU0] tcp_wrbuffer_timedalloc: ERROR: Failed to allocate I/O buffer
[CPU0] psock_tcp_send: ERROR: Failed to allocate write buffer
[CPU0] tcp_wrbuffer_timedalloc: ERROR: Failed to allocate I/O buffer
[CPU0] psock_tcp_send: ERROR: Failed to allocate write buffer
[  1] 100.00-101.00 sec  0.000 Bytes  0.000 bits/sec
[CPU0] tcp_wrbuffer_timedalloc: ERROR: Failed to allocate I/O buffer
[CPU0] psock_tcp_send: ERROR: Failed to allocate write buffer
[CPU0] tcp_wrbuffer_timedalloc: ERROR: Failed to allocate I/O buffer
[CPU0] psock_tcp_send: ERROR: Failed to allocate write buffer
[  1] 101.00-102.00 sec  0.000 Bytes  0.000 bits/sec
[CPU0] tcp_wrbuffer_timedalloc: ERROR: Failed to allocate I/O buffer
[CPU0] psock_tcp_send: ERROR: Failed to allocate write buffer
[CPU0] tcp_wrbuffer_timedalloc: ERROR: Failed to allocate I/O buffer
[CPU0] psock_tcp_send: ERROR: Failed to allocate write buffer
[  1] 102.00-103.00 sec  0.000 Bytes  0.000 bits/sec
[CPU0] tcp_wrbuffer_timedalloc: ERROR: Failed to allocate I/O buffer
[CPU0] psock_tcp_send: ERROR: Failed to allocate write buffer
[CPU0] tcp_wrbuffer_timedalloc: ERROR: Failed to allocate I/O buffer
[CPU0] psock_tcp_send: ERROR: Failed to allocate write buffer
[  1] 103.00-104.00 sec  0.000 Bytes  0.000 bits/sec
[CPU0] tcp_wrbuffer_timedalloc: ERROR: Failed to allocate I/O buffer
[CPU0] psock_tcp_send: ERROR: Failed to allocate write buffer
[CPU0] tcp_wrbuffer_timedalloc: ERROR: Failed to allocate I/O buffer
[CPU0] psock_tcp_send: ERROR: Failed to allocate write buffer
[  1] 104.00-105.00 sec  0.000 Bytes  0.000 bits/sec
[CPU0] tcp_wrbuffer_timedalloc: ERROR: Failed to allocate I/O buffer
[CPU0] psock_tcp_send: ERROR: Failed to allocate write buffer
[CPU0] tcp_wrbuffer_timedalloc: ERROR: Failed to allocate I/O buffer
[CPU0] psock_tcp_send: ERROR: Failed to allocate write buffer
[  1] 105.00-106.00 sec  0.000 Bytes  0.000 bits/sec
[CPU0] tcp_wrbuffer_timedalloc: ERROR: Failed to allocate I/O buffer
[CPU0] psock_tcp_send: ERROR: Failed to allocate write buffer
[CPU0] tcp_wrbuffer_timedalloc: ERROR: Failed to allocate I/O buffer
[CPU0] psock_tcp_send: ERROR: Failed to allocate write buffer
[  1] 106.00-107.00 sec  0.000 Bytes  0.000 bits/sec
[CPU0] tcp_wrbuffer_timedalloc: ERROR: Failed to allocate I/O buffer
[CPU0] psock_tcp_send: ERROR: Failed to allocate write buffer
[CPU0] tcp_wrbuffer_timedalloc: ERROR: Failed to allocate I/O buffer
[CPU0] psock_tcp_send: ERROR: Failed to allocate write buffer
[  1] 107.00-108.00 sec  0.000 Bytes  0.000 bits/sec
[CPU0] tcp_wrbuffer_timedalloc: ERROR: Failed to allocate I/O buffer
[CPU0] psock_tcp_send: ERROR: Failed to allocate write buffer
[CPU0] tcp_wrbuffer_timedalloc: ERROR: Failed to allocate I/O buffer
[CPU0] psock_tcp_send: ERROR: Failed to allocate write buffer
[  1] 108.00-109.00 sec  0.000 Bytes  0.000 bits/sec
[CPU0] tcp_wrbuffer_timedalloc: ERROR: Failed to allocate I/O buffer
[CPU0] psock_tcp_send: ERROR: Failed to allocate write buffer
[CPU0] tcp_wrbuffer_timedalloc: ERROR: Failed to allocate I/O buffer
[CPU0] psock_tcp_send: ERROR: Failed to allocate write buffer
[  1] 109.00-110.00 sec  0.000 Bytes  0.000 bits/sec
[CPU0] tcp_wrbuffer_timedalloc: ERROR: Failed to allocate I/O buffer
[CPU0] psock_tcp_send: ERROR: Failed to allocate write buffer
[CPU0] tcp_wrbuffer_timedalloc: ERROR: Failed to allocate I/O buffer
[CPU0] psock_tcp_send: ERROR: Failed to allocate write buffer
[  1] 110.00-111.00 sec  0.000 Bytes  0.000 bits/sec
[CPU0] tcp_wrbuffer_timedalloc: ERROR: Failed to allocate I/O buffer
[CPU0] psock_tcp_send: ERROR: Failed to allocate write buffer
[CPU0] tcp_wrbuffer_timedalloc: ERROR: Failed to allocate I/O buffer
[CPU0] psock_tcp_send: ERROR: Failed to allocate write buffer
[  1] 111.00-112.00 sec  0.000 Bytes  0.000 bits/sec
[CPU0] tcp_wrbuffer_timedalloc: ERROR: Failed to allocate I/O buffer
[CPU0] psock_tcp_send: ERROR: Failed to allocate write buffer
[CPU0] tcp_wrbuffer_timedalloc: ERROR: Failed to allocate I/O buffer
[CPU0] psock_tcp_send: ERROR: Failed to allocate write buffer
[  1] 112.00-113.00 sec  0.000 Bytes  0.000 bits/sec
[CPU0] tcp_wrbuffer_timedalloc: ERROR: Failed to allocate I/O buffer
[CPU0] psock_tcp_send: ERROR: Failed to allocate write buffer
[CPU0] tcp_wrbuffer_timedalloc: ERROR: Failed to allocate I/O buffer
[CPU0] psock_tcp_send: ERROR: Failed to allocate write buffer
[  1] 113.00-114.00 sec  0.000 Bytes  0.000 bits/sec
[CPU0] tcp_wrbuffer_timedalloc: ERROR: Failed to allocate I/O buffer
[CPU0] psock_tcp_send: ERROR: Failed to allocate write buffer
[CPU0] tcp_wrbuffer_timedalloc: ERROR: Failed to allocate I/O buffer
[CPU0] psock_tcp_send: ERROR: Failed to allocate write buffer
[  1] 114.00-115.00 sec  0.000 Bytes  0.000 bits/sec
[CPU0] tcp_wrbuffer_timedalloc: ERROR: Failed to allocate I/O buffer
[CPU0] psock_tcp_send: ERROR: Failed to allocate write buffer
[CPU0] tcp_wrbuffer_timedalloc: ERROR: Failed to allocate I/O buffer
[CPU0] psock_tcp_send: ERROR: Failed to allocate write buffer
[  1] 115.00-116.00 sec  0.000 Bytes  0.000 bits/sec
[CPU0] tcp_wrbuffer_timedalloc: ERROR: Failed to allocate I/O buffer
[CPU0] psock_tcp_send: ERROR: Failed to allocate write buffer
[CPU0] tcp_wrbuffer_timedalloc: ERROR: Failed to allocate I/O buffer
[CPU0] psock_tcp_send: ERROR: Failed to allocate write buffer
[  1] 116.00-117.00 sec  0.000 Bytes  0.000 bits/sec
[CPU0] tcp_wrbuffer_timedalloc: ERROR: Failed to allocate I/O buffer
[CPU0] psock_tcp_send: ERROR: Failed to allocate write buffer
[CPU0] tcp_wrbuffer_timedalloc: ERROR: Failed to allocate I/O buffer
[CPU0] psock_tcp_send: ERROR: Failed to allocate write buffer
[  1] 117.00-118.00 sec  0.000 Bytes  0.000 bits/sec
[CPU0] tcp_wrbuffer_timedalloc: ERROR: Failed to allocate I/O buffer
[CPU0] psock_tcp_send: ERROR: Failed to allocate write buffer
[CPU0] tcp_wrbuffer_timedalloc: ERROR: Failed to allocate I/O buffer
[CPU0] psock_tcp_send: ERROR: Failed to allocate write buffer
[  1] 118.00-119.00 sec  0.000 Bytes  0.000 bits/sec
[CPU0] tcp_wrbuffer_timedalloc: ERROR: Failed to allocate I/O buffer
[CPU0] psock_tcp_send: ERROR: Failed to allocate write buffer
[CPU0] tcp_wrbuffer_timedalloc: ERROR: Failed to allocate I/O buffer
[CPU0] psock_tcp_send: ERROR: Failed to allocate write buffer
[  1] 119.00-120.00 sec  0.000 Bytes  0.000 bits/sec
[CPU0] tcp_wrbuffer_timedalloc: ERROR: Failed to allocate I/O buffer
[CPU0] psock_tcp_send: ERROR: Failed to allocate write buffer
[CPU0] tcp_wrbuffer_timedalloc: ERROR: Failed to allocate I/O buffer
[CPU0] psock_tcp_send: ERROR: Failed to allocate write buffer
[  1] 120.00-121.00 sec  0.000 Bytes  0.000 bits/sec
[CPU0] tcp_wrbuffer_timedalloc: ERROR: Failed to allocate I/O buffer
[CPU0] psock_tcp_send: ERROR: Failed to allocate write buffer
[CPU0] tcp_wrbuffer_timedalloc: ERROR: Failed to allocate I/O buffer
[CPU0] psock_tcp_send: ERROR: Failed to allocate write buffer
[  1] 121.00-122.00 sec  0.000 Bytes  0.000 bits/sec
[CPU0] tcp_wrbuffer_timedalloc: ERROR: Failed to allocate I/O buffer
[CPU0] psock_tcp_send: ERROR: Failed to allocate write buffer
[CPU0] tcp_wrbuffer_timedalloc: ERROR: Failed to allocate I/O buffer
[CPU0] psock_tcp_send: ERROR: Failed to allocate write buffer
[  1] 122.00-123.00 sec  0.000 Bytes  0.000 bits/sec
[CPU0] tcp_wrbuffer_timedalloc: ERROR: Failed to allocate I/O buffer
[CPU0] psock_tcp_send: ERROR: Failed to allocate write buffer
[CPU0] tcp_wrbuffer_timedalloc: ERROR: Failed to allocate I/O buffer
[CPU0] psock_tcp_send: ERROR: Failed to allocate write buffer
[CPU0] psock_tcp_send: ERROR: Not connected
[  1] 123.00-124.00 sec  0.000 Bytes  0.000 bits/sec
tcp write failed: Transport endpoint is not connected
[  1] 0.00-124.50 sec  0.000 Bytes  0.000 bits/sec
nsh> [Kifconfig
wlan0	Link encap:Ethernet HWaddr 30:ed:a0:f3:f7:b0 at RUNNING mtu 1500
	inet addr:192.168.1.60 DRaddr:192.168.1.1 Mask:255.255.255.0

	RX: Received Fragment Errors   Bytes   
	    0006783a 00000000 00000000 261fe2fe        
	    IPv4     ARP      Dropped 
	    00000000 00000000 0004c15b
	TX: Queued   Sent     Errors   Timeouts Bytes   
	    00018438 0001843a 00000000 00000000 536dcd           
	Total Errors: 00000000

             IPv4   TCP   UDP  ICMP
Received     757b  903c  e505  0034
Dropped      0006  0000  0000  0000
  IPv4        VHL: 0000   Frg: 0000
  Checksum   0000  0000  0000  0000
  TCP         ACK: 0000   SYN: 0000
              RST: 0000  0000
              HDR: 0000
  Type       0000  ----  ----  0000
Sent         83ff  83c8  0002  0035
  Rexmit     ----  0002  ----  ----
nsh> [K