cat /dev/s31stat
MONIRQ: cpu=0 defer=819782 replay=819782 ack=831435 drop=0 pending=0x0 sreplay=18
MONLAT: scope=monitor_to_wifi_cb units=cycles cpu=0 input=1 last=1235 max=44716829 samples=276587 over32=229203 over100=208096 over1000=73120 sum=3274591156 direct=1895 directmax=31108 deferred=274692 deferredmax=44716829
MONIRQ: cpu=1 defer=212728 replay=212728 ack=213142 drop=0 pending=0x0 sreplay=1
MONLAT: scope=monitor_to_wifi_cb units=cycles cpu=1 input=1 last=0 max=0 samples=0 over32=0 over100=0 over1000=0 sum=0 direct=0 directmax=0 deferred=0 deferredmax=0
ADDRENV: created=11 fail=0 destroyed=9 live=2 livemax=3 pages=1462 pgt=36
WIFIRX: callbacks=735637
WIFIQ: lifetimes=1 untracked=0
WIFIQ: slot=0 active=1 depth=200 size=8 try0=267493 fail0=0
TCPSYNACK: seen=0 queued=0 nomem=0 error=0 badip=0 badtcp=0
TXDONE: total=99386 fail=0 invalid=443 nonarp=98943
TXSHAPE: snap=98943 arphdr=59 arpfail=0 offset=34 len=108
ARPREQ: seen=1 baddst=0 badsrc=0 badsha=0 badspa=0 badtha=0
ARPDIAG: dir=0 frames=59 bad=0 req=1 reply=58 peer=11 peerreply=10 lastlen=44 srcdiff=0 ok=59 drop=0
ARPDIAG: dir=1 frames=341 bad=0 req=341 reply=0 peer=61 peerreply=0 lastlen=44 srcdiff=0 ok=328 drop=13
ARPDIAG: dir=2 frames=0 bad=0 req=0 reply=0 peer=0 peerreply=0 lastlen=0 srcdiff=0 ok=0 drop=0
WAIT: pid=2 object=0x2f018bd4
LPTRACE: 0x2f00c73e
WAIT: pid=4 object=0x2f018c2c
WAIT: pid=5 object=0x2f029194
WAIT: pid=26 object=0x614013e4
WAIT: pid=27 object=0x61401394
WAIT: pid=28 object=0x2f05c874
WAIT: pid=29 object=0x2f02c850
nsh> [Kcat /proc/iobinfo
    ntotal     nfree     nwait nthrottle
       128         1         0         0
nsh> [Kfree
      total       used       free    maxused    maxfree  nused  nfree name
     261660     134580     127080     190352      66456    268     22 Kmem
   16777216    1454080   15323136   15323136 Page
nsh> [K