
HOST_COMMAND mount
mount
  /data type tmpfs
  /proc type procfs
  /tmp type tmpfs
nsh> [K
HOST_COMMAND ls /dev/audio/pcm0p
ls /dev/audio/pcm0p
 /dev/audio/pcm0p
nsh> [K
HOST_COMMAND ls /dev/audio/pcm0c
ls /dev/audio/pcm0c
 /dev/audio/pcm0c
nsh> [K
HOST_COMMAND ls -l /data/settings.pfw
ls -l /data/settings.pfw
 -rwxrwxrwx          93 /data/settings.pfw
nsh> [K
HOST_COMMAND sb /data/settings.pfw
sb /data/settings.pfw
name:settings.pfw size:93
100.00% 93:93 left:00h00m00s
time used:0.0s speed 2.8kB/s

 all time:0.05s average speed:1.75kB/snsh> [K
HOST_COMMAND echo $?
echo $?
0
nsh> [K