esptool v5.4.0
Serial port /dev/serial/by-id/usb-Silicon_Labs_CP2102N_USB_to_UART_Bridge_Controller_f65e4ef67f71f011975a049f1045c30f-if00-port0:
Connecting....
Connected to ESP32-S31 on /dev/serial/by-id/usb-Silicon_Labs_CP2102N_USB_to_UART_Bridge_Controller_f65e4ef67f71f011975a049f1045c30f-if00-port0:
Chip type:          ESP32-S31 (revision v0.0)
Features:           Wi-Fi 6, BT 5.4 (LE), IEEE802.15.4, Dual Core + LP Core, 300MHz
Crystal frequency:  40MHz
MAC:                30:ed:a0:f3:f7:b0

Uploading stub flasher...
Running stub flasher...
Stub flasher running.
Changing baud rate to 460800...
Changed.

Configuring flash size...
Reading from 0x00c01000                                  0.4% 4.00kB/1.00MB [0s] 
Reading from 0x00c02000                                  0.8% 8.00kB/1.00MB [0s] 
Reading from 0x00c03000                                  1.2% 12.00kB/1.00MB [0s] 
Reading from 0x00c04000                                  1.6% 16.00kB/1.00MB [0s] 
Reading from 0x00c05000 ╸                                2.0% 20.00kB/1.00MB [0s] 
Reading from 0x00c06000 ╸                                2.3% 24.00kB/1.00MB [0s] 
Reading from 0x00c07000 ╸                                2.7% 28.00kB/1.00MB [0s] 
Reading from 0x00c08000 ╸                                3.1% 32.00kB/1.00MB [0s] 
Reading from 0x00c09000 ━                                3.5% 36.00kB/1.00MB [0s] 
Reading from 0x00c0a000 ━                                3.9% 40.00kB/1.00MB [1s] 
Reading from 0x00c0b000 ━                                4.3% 44.00kB/1.00MB [1s] 
Reading from 0x00c0c000 ━                                4.7% 48.00kB/1.00MB [1s] 
Reading from 0x00c0d000 ━╸                               5.1% 52.00kB/1.00MB [1s] 
Reading from 0x00c0e000 ━╸                               5.5% 56.00kB/1.00MB [1s] 
Reading from 0x00c0f000 ━╸                               5.9% 60.00kB/1.00MB [1s] 
Reading from 0x00c10000 ━╸                               6.2% 64.00kB/1.00MB [1s] 
Reading from 0x00c11000 ━╸                               6.6% 68.00kB/1.00MB [1s] 
Reading from 0x00c12000 ━━                               7.0% 72.00kB/1.00MB [1s] 
Reading from 0x00c13000 ━━                               7.4% 76.00kB/1.00MB [1s] 
Reading from 0x00c14000 ━━                               7.8% 80.00kB/1.00MB [2s] 
Reading from 0x00c15000 ━━                               8.2% 84.00kB/1.00MB [2s] 
Reading from 0x00c16000 ━━╸                              8.6% 88.00kB/1.00MB [2s] 
Reading from 0x00c17000 ━━╸                              9.0% 92.00kB/1.00MB [2s] 
Reading from 0x00c18000 ━━╸                              9.4% 96.00kB/1.00MB [2s] 
Reading from 0x00c19000 ━━╸                              9.8% 100.00kB/1.00MB [2s] 
Reading from 0x00c1a000 ━━━                             10.2% 104.00kB/1.00MB [2s] 
Reading from 0x00c1b000 ━━━                             10.5% 108.00kB/1.00MB [2s] 
Reading from 0x00c1c000 ━━━                             10.9% 112.00kB/1.00MB [2s] 
Reading from 0x00c1d000 ━━━                             11.3% 116.00kB/1.00MB [3s] 
Reading from 0x00c1e000 ━━━╸                            11.7% 120.00kB/1.00MB [3s] 
Reading from 0x00c1f000 ━━━╸                            12.1% 124.00kB/1.00MB [3s] 
Reading from 0x00c20000 ━━━╸                            12.5% 128.00kB/1.00MB [3s] 
Reading from 0x00c21000 ━━━╸                            12.9% 132.00kB/1.00MB [3s] 
Reading from 0x00c22000 ━━━╸                            13.3% 136.00kB/1.00MB [3s] 
Reading from 0x00c23000 ━━━━                            13.7% 140.00kB/1.00MB [3s] 
Reading from 0x00c24000 ━━━━                            14.1% 144.00kB/1.00MB [3s] 
Reading from 0x00c25000 ━━━━                            14.5% 148.00kB/1.00MB [3s] 
Reading from 0x00c26000 ━━━━                            14.8% 152.00kB/1.00MB [3s] 
Reading from 0x00c27000 ━━━━╸                           15.2% 156.00kB/1.00MB [4s] 
Reading from 0x00c28000 ━━━━╸                           15.6% 160.00kB/1.00MB [4s] 
Reading from 0x00c29000 ━━━━╸                           16.0% 164.00kB/1.00MB [4s] 
Reading from 0x00c2a000 ━━━━╸                           16.4% 168.00kB/1.00MB [4s] 
Reading from 0x00c2b000 ━━━━━                           16.8% 172.00kB/1.00MB [4s] 
Reading from 0x00c2c000 ━━━━━                           17.2% 176.00kB/1.00MB [4s] 
Reading from 0x00c2d000 ━━━━━                           17.6% 180.00kB/1.00MB [4s] 
Reading from 0x00c2e000 ━━━━━                           18.0% 184.00kB/1.00MB [4s] 
Reading from 0x00c2f000 ━━━━━╸                          18.4% 188.00kB/1.00MB [4s] 
Reading from 0x00c30000 ━━━━━╸                          18.8% 192.00kB/1.00MB [4s] 
Reading from 0x00c31000 ━━━━━╸                          19.1% 196.00kB/1.00MB [5s] 
Reading from 0x00c32000 ━━━━━╸                          19.5% 200.00kB/1.00MB [5s] 
Reading from 0x00c33000 ━━━━━╸                          19.9% 204.00kB/1.00MB [5s] 
Reading from 0x00c34000 ━━━━━━                          20.3% 208.00kB/1.00MB [5s] 
Reading from 0x00c35000 ━━━━━━                          20.7% 212.00kB/1.00MB [5s] 
Reading from 0x00c36000 ━━━━━━                          21.1% 216.00kB/1.00MB [5s] 
Reading from 0x00c37000 ━━━━━━                          21.5% 220.00kB/1.00MB [5s] 
Reading from 0x00c38000 ━━━━━━╸                         21.9% 224.00kB/1.00MB [5s] 
Reading from 0x00c39000 ━━━━━━╸                         22.3% 228.00kB/1.00MB [5s] 
Reading from 0x00c3a000 ━━━━━━╸                         22.7% 232.00kB/1.00MB [6s] 
Reading from 0x00c3b000 ━━━━━━╸                         23.0% 236.00kB/1.00MB [6s] 
Reading from 0x00c3c000 ━━━━━━━                         23.4% 240.00kB/1.00MB [6s] 
Reading from 0x00c3d000 ━━━━━━━                         23.8% 244.00kB/1.00MB [6s] 
Reading from 0x00c3e000 ━━━━━━━                         24.2% 248.00kB/1.00MB [6s] 
Reading from 0x00c3f000 ━━━━━━━                         24.6% 252.00kB/1.00MB [6s] 
Reading from 0x00c40000 ━━━━━━━╸                        25.0% 256.00kB/1.00MB [6s] 
Reading from 0x00c41000 ━━━━━━━╸                        25.4% 260.00kB/1.00MB [6s] 
Reading from 0x00c42000 ━━━━━━━╸                        25.8% 264.00kB/1.00MB [6s] 
Reading from 0x00c43000 ━━━━━━━╸                        26.2% 268.00kB/1.00MB [6s] 
Reading from 0x00c44000 ━━━━━━━╸                        26.6% 272.00kB/1.00MB [7s] 
Reading from 0x00c45000 ━━━━━━━━                        27.0% 276.00kB/1.00MB [7s] 
Reading from 0x00c46000 ━━━━━━━━                        27.3% 280.00kB/1.00MB [7s] 
Reading from 0x00c47000 ━━━━━━━━                        27.7% 284.00kB/1.00MB [7s] 
Reading from 0x00c48000 ━━━━━━━━                        28.1% 288.00kB/1.00MB [7s] 
Reading from 0x00c49000 ━━━━━━━━╸                       28.5% 292.00kB/1.00MB [7s] 
Reading from 0x00c4a000 ━━━━━━━━╸                       28.9% 296.00kB/1.00MB [7s] 
Reading from 0x00c4b000 ━━━━━━━━╸                       29.3% 300.00kB/1.00MB [7s] 
Reading from 0x00c4c000 ━━━━━━━━╸                       29.7% 304.00kB/1.00MB [7s] 
Reading from 0x00c4d000 ━━━━━━━━━                       30.1% 308.00kB/1.00MB [7s] 
Reading from 0x00c4e000 ━━━━━━━━━                       30.5% 312.00kB/1.00MB [8s] 
Reading from 0x00c4f000 ━━━━━━━━━                       30.9% 316.00kB/1.00MB [8s] 
Reading from 0x00c50000 ━━━━━━━━━                       31.2% 320.00kB/1.00MB [8s] 
Reading from 0x00c51000 ━━━━━━━━━                       31.6% 324.00kB/1.00MB [8s] 
Reading from 0x00c52000 ━━━━━━━━━╸                      32.0% 328.00kB/1.00MB [8s] 
Reading from 0x00c53000 ━━━━━━━━━╸                      32.4% 332.00kB/1.00MB [8s] 
Reading from 0x00c54000 ━━━━━━━━━╸                      32.8% 336.00kB/1.00MB [8s] 
Reading from 0x00c55000 ━━━━━━━━━╸                      33.2% 340.00kB/1.00MB [8s] 
Reading from 0x00c56000 ━━━━━━━━━━                      33.6% 344.00kB/1.00MB [8s] 
Reading from 0x00c57000 ━━━━━━━━━━                      34.0% 348.00kB/1.00MB [9s] 
Reading from 0x00c58000 ━━━━━━━━━━                      34.4% 352.00kB/1.00MB [9s] 
Reading from 0x00c59000 ━━━━━━━━━━                      34.8% 356.00kB/1.00MB [9s] 
Reading from 0x00c5a000 ━━━━━━━━━━╸                     35.2% 360.00kB/1.00MB [9s] 
Reading from 0x00c5b000 ━━━━━━━━━━╸                     35.5% 364.00kB/1.00MB [9s] 
Reading from 0x00c5c000 ━━━━━━━━━━╸                     35.9% 368.00kB/1.00MB [9s] 
Reading from 0x00c5d000 ━━━━━━━━━━╸                     36.3% 372.00kB/1.00MB [9s] 
Reading from 0x00c5e000 ━━━━━━━━━━━                     36.7% 376.00kB/1.00MB [9s] 
Reading from 0x00c5f000 ━━━━━━━━━━━                     37.1% 380.00kB/1.00MB [9s] 
Reading from 0x00c60000 ━━━━━━━━━━━                     37.5% 384.00kB/1.00MB [9s] 
Reading from 0x00c61000 ━━━━━━━━━━━                     37.9% 388.00kB/1.00MB [10s] 
Reading from 0x00c62000 ━━━━━━━━━━━                     38.3% 392.00kB/1.00MB [10s] 
Reading from 0x00c63000 ━━━━━━━━━━━╸                    38.7% 396.00kB/1.00MB [10s] 
Reading from 0x00c64000 ━━━━━━━━━━━╸                    39.1% 400.00kB/1.00MB [10s] 
Reading from 0x00c65000 ━━━━━━━━━━━╸                    39.5% 404.00kB/1.00MB [10s] 
Reading from 0x00c66000 ━━━━━━━━━━━╸                    39.8% 408.00kB/1.00MB [10s] 
Reading from 0x00c67000 ━━━━━━━━━━━━                    40.2% 412.00kB/1.00MB [10s] 
Reading from 0x00c68000 ━━━━━━━━━━━━                    40.6% 416.00kB/1.00MB [10s] 
Reading from 0x00c69000 ━━━━━━━━━━━━                    41.0% 420.00kB/1.00MB [10s] 
Reading from 0x00c6a000 ━━━━━━━━━━━━                    41.4% 424.00kB/1.00MB [10s] 
Reading from 0x00c6b000 ━━━━━━━━━━━━╸                   41.8% 428.00kB/1.00MB [11s] 
Reading from 0x00c6c000 ━━━━━━━━━━━━╸                   42.2% 432.00kB/1.00MB [11s] 
Reading from 0x00c6d000 ━━━━━━━━━━━━╸                   42.6% 436.00kB/1.00MB [11s] 
Reading from 0x00c6e000 ━━━━━━━━━━━━╸                   43.0% 440.00kB/1.00MB [11s] 
Reading from 0x00c6f000 ━━━━━━━━━━━━━                   43.4% 444.00kB/1.00MB [11s] 
Reading from 0x00c70000 ━━━━━━━━━━━━━                   43.8% 448.00kB/1.00MB [11s] 
Reading from 0x00c71000 ━━━━━━━━━━━━━                   44.1% 452.00kB/1.00MB [11s] 
Reading from 0x00c72000 ━━━━━━━━━━━━━                   44.5% 456.00kB/1.00MB [11s] 
Reading from 0x00c73000 ━━━━━━━━━━━━━                   44.9% 460.00kB/1.00MB [11s] 
Reading from 0x00c74000 ━━━━━━━━━━━━━╸                  45.3% 464.00kB/1.00MB [12s] 
Reading from 0x00c75000 ━━━━━━━━━━━━━╸                  45.7% 468.00kB/1.00MB [12s] 
Reading from 0x00c76000 ━━━━━━━━━━━━━╸                  46.1% 472.00kB/1.00MB [12s] 
Reading from 0x00c77000 ━━━━━━━━━━━━━╸                  46.5% 476.00kB/1.00MB [12s] 
Reading from 0x00c78000 ━━━━━━━━━━━━━━                  46.9% 480.00kB/1.00MB [12s] 
Reading from 0x00c79000 ━━━━━━━━━━━━━━                  47.3% 484.00kB/1.00MB [12s] 
Reading from 0x00c7a000 ━━━━━━━━━━━━━━                  47.7% 488.00kB/1.00MB [12s] 
Reading from 0x00c7b000 ━━━━━━━━━━━━━━                  48.0% 492.00kB/1.00MB [12s] 
Reading from 0x00c7c000 ━━━━━━━━━━━━━━╸                 48.4% 496.00kB/1.00MB [12s] 
Reading from 0x00c7d000 ━━━━━━━━━━━━━━╸                 48.8% 500.00kB/1.00MB [12s] 
Reading from 0x00c7e000 ━━━━━━━━━━━━━━╸                 49.2% 504.00kB/1.00MB [13s] 
Reading from 0x00c7f000 ━━━━━━━━━━━━━━╸                 49.6% 508.00kB/1.00MB [13s] 
Reading from 0x00c80000 ━━━━━━━━━━━━━━━                 50.0% 512.00kB/1.00MB [13s] 
Reading from 0x00c81000 ━━━━━━━━━━━━━━━                 50.4% 516.00kB/1.00MB [13s] 
Reading from 0x00c82000 ━━━━━━━━━━━━━━━                 50.8% 520.00kB/1.00MB [13s] 
Reading from 0x00c83000 ━━━━━━━━━━━━━━━                 51.2% 524.00kB/1.00MB [13s] 
Reading from 0x00c84000 ━━━━━━━━━━━━━━━                 51.6% 528.00kB/1.00MB [13s] 
Reading from 0x00c85000 ━━━━━━━━━━━━━━━╸                52.0% 532.00kB/1.00MB [13s] 
Reading from 0x00c86000 ━━━━━━━━━━━━━━━╸                52.3% 536.00kB/1.00MB [13s] 
Reading from 0x00c87000 ━━━━━━━━━━━━━━━╸                52.7% 540.00kB/1.00MB [13s] 
Reading from 0x00c88000 ━━━━━━━━━━━━━━━╸                53.1% 544.00kB/1.00MB [14s] 
Reading from 0x00c89000 ━━━━━━━━━━━━━━━━                53.5% 548.00kB/1.00MB [14s] 
Reading from 0x00c8a000 ━━━━━━━━━━━━━━━━                53.9% 552.00kB/1.00MB [14s] 
Reading from 0x00c8b000 ━━━━━━━━━━━━━━━━                54.3% 556.00kB/1.00MB [14s] 
Reading from 0x00c8c000 ━━━━━━━━━━━━━━━━                54.7% 560.00kB/1.00MB [14s] 
Reading from 0x00c8d000 ━━━━━━━━━━━━━━━━╸               55.1% 564.00kB/1.00MB [14s] 
Reading from 0x00c8e000 ━━━━━━━━━━━━━━━━╸               55.5% 568.00kB/1.00MB [14s] 
Reading from 0x00c8f000 ━━━━━━━━━━━━━━━━╸               55.9% 572.00kB/1.00MB [14s] 
Reading from 0x00c90000 ━━━━━━━━━━━━━━━━╸               56.2% 576.00kB/1.00MB [14s] 
Reading from 0x00c91000 ━━━━━━━━━━━━━━━━╸               56.6% 580.00kB/1.00MB [15s] 
Reading from 0x00c92000 ━━━━━━━━━━━━━━━━━               57.0% 584.00kB/1.00MB [15s] 
Reading from 0x00c93000 ━━━━━━━━━━━━━━━━━               57.4% 588.00kB/1.00MB [15s] 
Reading from 0x00c94000 ━━━━━━━━━━━━━━━━━               57.8% 592.00kB/1.00MB [15s] 
Reading from 0x00c95000 ━━━━━━━━━━━━━━━━━               58.2% 596.00kB/1.00MB [15s] 
Reading from 0x00c96000 ━━━━━━━━━━━━━━━━━╸              58.6% 600.00kB/1.00MB [15s] 
Reading from 0x00c97000 ━━━━━━━━━━━━━━━━━╸              59.0% 604.00kB/1.00MB [15s] 
Reading from 0x00c98000 ━━━━━━━━━━━━━━━━━╸              59.4% 608.00kB/1.00MB [15s] 
Reading from 0x00c99000 ━━━━━━━━━━━━━━━━━╸              59.8% 612.00kB/1.00MB [15s] 
Reading from 0x00c9a000 ━━━━━━━━━━━━━━━━━━              60.2% 616.00kB/1.00MB [15s] 
Reading from 0x00c9b000 ━━━━━━━━━━━━━━━━━━              60.5% 620.00kB/1.00MB [16s] 
Reading from 0x00c9c000 ━━━━━━━━━━━━━━━━━━              60.9% 624.00kB/1.00MB [16s] 
Reading from 0x00c9d000 ━━━━━━━━━━━━━━━━━━              61.3% 628.00kB/1.00MB [16s] 
Reading from 0x00c9e000 ━━━━━━━━━━━━━━━━━━╸             61.7% 632.00kB/1.00MB [16s] 
Reading from 0x00c9f000 ━━━━━━━━━━━━━━━━━━╸             62.1% 636.00kB/1.00MB [16s] 
Reading from 0x00ca0000 ━━━━━━━━━━━━━━━━━━╸             62.5% 640.00kB/1.00MB [16s] 
Reading from 0x00ca1000 ━━━━━━━━━━━━━━━━━━╸             62.9% 644.00kB/1.00MB [16s] 
Reading from 0x00ca2000 ━━━━━━━━━━━━━━━━━━╸             63.3% 648.00kB/1.00MB [16s] 
Reading from 0x00ca3000 ━━━━━━━━━━━━━━━━━━━             63.7% 652.00kB/1.00MB [16s] 
Reading from 0x00ca4000 ━━━━━━━━━━━━━━━━━━━             64.1% 656.00kB/1.00MB [16s] 
Reading from 0x00ca5000 ━━━━━━━━━━━━━━━━━━━             64.5% 660.00kB/1.00MB [17s] 
Reading from 0x00ca6000 ━━━━━━━━━━━━━━━━━━━             64.8% 664.00kB/1.00MB [17s] 
Reading from 0x00ca7000 ━━━━━━━━━━━━━━━━━━━╸            65.2% 668.00kB/1.00MB [17s] 
Reading from 0x00ca8000 ━━━━━━━━━━━━━━━━━━━╸            65.6% 672.00kB/1.00MB [17s] 
Reading from 0x00ca9000 ━━━━━━━━━━━━━━━━━━━╸            66.0% 676.00kB/1.00MB [17s] 
Reading from 0x00caa000 ━━━━━━━━━━━━━━━━━━━╸            66.4% 680.00kB/1.00MB [17s] 
Reading from 0x00cab000 ━━━━━━━━━━━━━━━━━━━━            66.8% 684.00kB/1.00MB [17s] 
Reading from 0x00cac000 ━━━━━━━━━━━━━━━━━━━━            67.2% 688.00kB/1.00MB [17s] 
Reading from 0x00cad000 ━━━━━━━━━━━━━━━━━━━━            67.6% 692.00kB/1.00MB [17s] 
Reading from 0x00cae000 ━━━━━━━━━━━━━━━━━━━━            68.0% 696.00kB/1.00MB [18s] 
Reading from 0x00caf000 ━━━━━━━━━━━━━━━━━━━━╸           68.4% 700.00kB/1.00MB [18s] 
Reading from 0x00cb0000 ━━━━━━━━━━━━━━━━━━━━╸           68.8% 704.00kB/1.00MB [18s] 
Reading from 0x00cb1000 ━━━━━━━━━━━━━━━━━━━━╸           69.1% 708.00kB/1.00MB [18s] 
Reading from 0x00cb2000 ━━━━━━━━━━━━━━━━━━━━╸           69.5% 712.00kB/1.00MB [18s] 
Reading from 0x00cb3000 ━━━━━━━━━━━━━━━━━━━━╸           69.9% 716.00kB/1.00MB [18s] 
Reading from 0x00cb4000 ━━━━━━━━━━━━━━━━━━━━━           70.3% 720.00kB/1.00MB [18s] 
Reading from 0x00cb5000 ━━━━━━━━━━━━━━━━━━━━━           70.7% 724.00kB/1.00MB [18s] 
Reading from 0x00cb6000 ━━━━━━━━━━━━━━━━━━━━━           71.1% 728.00kB/1.00MB [18s] 
Reading from 0x00cb7000 ━━━━━━━━━━━━━━━━━━━━━           71.5% 732.00kB/1.00MB [18s] 
Reading from 0x00cb8000 ━━━━━━━━━━━━━━━━━━━━━╸          71.9% 736.00kB/1.00MB [19s] 
Reading from 0x00cb9000 ━━━━━━━━━━━━━━━━━━━━━╸          72.3% 740.00kB/1.00MB [19s] 
Reading from 0x00cba000 ━━━━━━━━━━━━━━━━━━━━━╸          72.7% 744.00kB/1.00MB [19s] 
Reading from 0x00cbb000 ━━━━━━━━━━━━━━━━━━━━━╸          73.0% 748.00kB/1.00MB [19s] 
Reading from 0x00cbc000 ━━━━━━━━━━━━━━━━━━━━━━          73.4% 752.00kB/1.00MB [19s] 
Reading from 0x00cbd000 ━━━━━━━━━━━━━━━━━━━━━━          73.8% 756.00kB/1.00MB [19s] 
Reading from 0x00cbe000 ━━━━━━━━━━━━━━━━━━━━━━          74.2% 760.00kB/1.00MB [19s] 
Reading from 0x00cbf000 ━━━━━━━━━━━━━━━━━━━━━━          74.6% 764.00kB/1.00MB [19s] 
Reading from 0x00cc0000 ━━━━━━━━━━━━━━━━━━━━━━╸         75.0% 768.00kB/1.00MB [19s] 
Reading from 0x00cc1000 ━━━━━━━━━━━━━━━━━━━━━━╸         75.4% 772.00kB/1.00MB [19s] 
Reading from 0x00cc2000 ━━━━━━━━━━━━━━━━━━━━━━╸         75.8% 776.00kB/1.00MB [20s] 
Reading from 0x00cc3000 ━━━━━━━━━━━━━━━━━━━━━━╸         76.2% 780.00kB/1.00MB [20s] 
Reading from 0x00cc4000 ━━━━━━━━━━━━━━━━━━━━━━╸         76.6% 784.00kB/1.00MB [20s] 
Reading from 0x00cc5000 ━━━━━━━━━━━━━━━━━━━━━━━         77.0% 788.00kB/1.00MB [20s] 
Reading from 0x00cc6000 ━━━━━━━━━━━━━━━━━━━━━━━         77.3% 792.00kB/1.00MB [20s] 
Reading from 0x00cc7000 ━━━━━━━━━━━━━━━━━━━━━━━         77.7% 796.00kB/1.00MB [20s] 
Reading from 0x00cc8000 ━━━━━━━━━━━━━━━━━━━━━━━         78.1% 800.00kB/1.00MB [20s] 
Reading from 0x00cc9000 ━━━━━━━━━━━━━━━━━━━━━━━╸        78.5% 804.00kB/1.00MB [20s] 
Reading from 0x00cca000 ━━━━━━━━━━━━━━━━━━━━━━━╸        78.9% 808.00kB/1.00MB [20s] 
Reading from 0x00ccb000 ━━━━━━━━━━━━━━━━━━━━━━━╸        79.3% 812.00kB/1.00MB [21s] 
Reading from 0x00ccc000 ━━━━━━━━━━━━━━━━━━━━━━━╸        79.7% 816.00kB/1.00MB [21s] 
Reading from 0x00ccd000 ━━━━━━━━━━━━━━━━━━━━━━━━        80.1% 820.00kB/1.00MB [21s] 
Reading from 0x00cce000 ━━━━━━━━━━━━━━━━━━━━━━━━        80.5% 824.00kB/1.00MB [21s] 
Reading from 0x00ccf000 ━━━━━━━━━━━━━━━━━━━━━━━━        80.9% 828.00kB/1.00MB [21s] 
Reading from 0x00cd0000 ━━━━━━━━━━━━━━━━━━━━━━━━        81.2% 832.00kB/1.00MB [21s] 
Reading from 0x00cd1000 ━━━━━━━━━━━━━━━━━━━━━━━━        81.6% 836.00kB/1.00MB [21s] 
Reading from 0x00cd2000 ━━━━━━━━━━━━━━━━━━━━━━━━╸       82.0% 840.00kB/1.00MB [21s] 
Reading from 0x00cd3000 ━━━━━━━━━━━━━━━━━━━━━━━━╸       82.4% 844.00kB/1.00MB [21s] 
Reading from 0x00cd4000 ━━━━━━━━━━━━━━━━━━━━━━━━╸       82.8% 848.00kB/1.00MB [21s] 
Reading from 0x00cd5000 ━━━━━━━━━━━━━━━━━━━━━━━━╸       83.2% 852.00kB/1.00MB [22s] 
Reading from 0x00cd6000 ━━━━━━━━━━━━━━━━━━━━━━━━━       83.6% 856.00kB/1.00MB [22s] 
Reading from 0x00cd7000 ━━━━━━━━━━━━━━━━━━━━━━━━━       84.0% 860.00kB/1.00MB [22s] 
Reading from 0x00cd8000 ━━━━━━━━━━━━━━━━━━━━━━━━━       84.4% 864.00kB/1.00MB [22s] 
Reading from 0x00cd9000 ━━━━━━━━━━━━━━━━━━━━━━━━━       84.8% 868.00kB/1.00MB [22s] 
Reading from 0x00cda000 ━━━━━━━━━━━━━━━━━━━━━━━━━╸      85.2% 872.00kB/1.00MB [22s] 
Reading from 0x00cdb000 ━━━━━━━━━━━━━━━━━━━━━━━━━╸      85.5% 876.00kB/1.00MB [22s] 
Reading from 0x00cdc000 ━━━━━━━━━━━━━━━━━━━━━━━━━╸      85.9% 880.00kB/1.00MB [22s] 
Reading from 0x00cdd000 ━━━━━━━━━━━━━━━━━━━━━━━━━╸      86.3% 884.00kB/1.00MB [22s] 
Reading from 0x00cde000 ━━━━━━━━━━━━━━━━━━━━━━━━━━      86.7% 888.00kB/1.00MB [23s] 
Reading from 0x00cdf000 ━━━━━━━━━━━━━━━━━━━━━━━━━━      87.1% 892.00kB/1.00MB [23s] 
Reading from 0x00ce0000 ━━━━━━━━━━━━━━━━━━━━━━━━━━      87.5% 896.00kB/1.00MB [23s] 
Reading from 0x00ce1000 ━━━━━━━━━━━━━━━━━━━━━━━━━━      87.9% 900.00kB/1.00MB [23s] 
Reading from 0x00ce2000 ━━━━━━━━━━━━━━━━━━━━━━━━━━      88.3% 904.00kB/1.00MB [23s] 
Reading from 0x00ce3000 ━━━━━━━━━━━━━━━━━━━━━━━━━━╸     88.7% 908.00kB/1.00MB [23s] 
Reading from 0x00ce4000 ━━━━━━━━━━━━━━━━━━━━━━━━━━╸     89.1% 912.00kB/1.00MB [23s] 
Reading from 0x00ce5000 ━━━━━━━━━━━━━━━━━━━━━━━━━━╸     89.5% 916.00kB/1.00MB [23s] 
Reading from 0x00ce6000 ━━━━━━━━━━━━━━━━━━━━━━━━━━╸     89.8% 920.00kB/1.00MB [23s] 
Reading from 0x00ce7000 ━━━━━━━━━━━━━━━━━━━━━━━━━━━     90.2% 924.00kB/1.00MB [23s] 
Reading from 0x00ce8000 ━━━━━━━━━━━━━━━━━━━━━━━━━━━     90.6% 928.00kB/1.00MB [24s] 
Reading from 0x00ce9000 ━━━━━━━━━━━━━━━━━━━━━━━━━━━     91.0% 932.00kB/1.00MB [24s] 
Reading from 0x00cea000 ━━━━━━━━━━━━━━━━━━━━━━━━━━━     91.4% 936.00kB/1.00MB [24s] 
Reading from 0x00ceb000 ━━━━━━━━━━━━━━━━━━━━━━━━━━━╸    91.8% 940.00kB/1.00MB [24s] 
Reading from 0x00cec000 ━━━━━━━━━━━━━━━━━━━━━━━━━━━╸    92.2% 944.00kB/1.00MB [24s] 
Reading from 0x00ced000 ━━━━━━━━━━━━━━━━━━━━━━━━━━━╸    92.6% 948.00kB/1.00MB [24s] 
Reading from 0x00cee000 ━━━━━━━━━━━━━━━━━━━━━━━━━━━╸    93.0% 952.00kB/1.00MB [24s] 
Reading from 0x00cef000 ━━━━━━━━━━━━━━━━━━━━━━━━━━━━    93.4% 956.00kB/1.00MB [24s] 
Reading from 0x00cf0000 ━━━━━━━━━━━━━━━━━━━━━━━━━━━━    93.8% 960.00kB/1.00MB [24s] 
Reading from 0x00cf1000 ━━━━━━━━━━━━━━━━━━━━━━━━━━━━    94.1% 964.00kB/1.00MB [24s] 
Reading from 0x00cf2000 ━━━━━━━━━━━━━━━━━━━━━━━━━━━━    94.5% 968.00kB/1.00MB [25s] 
Reading from 0x00cf3000 ━━━━━━━━━━━━━━━━━━━━━━━━━━━━    94.9% 972.00kB/1.00MB [25s] 
Reading from 0x00cf4000 ━━━━━━━━━━━━━━━━━━━━━━━━━━━━╸   95.3% 976.00kB/1.00MB [25s] 
Reading from 0x00cf5000 ━━━━━━━━━━━━━━━━━━━━━━━━━━━━╸   95.7% 980.00kB/1.00MB [25s] 
Reading from 0x00cf6000 ━━━━━━━━━━━━━━━━━━━━━━━━━━━━╸   96.1% 984.00kB/1.00MB [25s] 
Reading from 0x00cf7000 ━━━━━━━━━━━━━━━━━━━━━━━━━━━━╸   96.5% 988.00kB/1.00MB [25s] 
Reading from 0x00cf8000 ━━━━━━━━━━━━━━━━━━━━━━━━━━━━━   96.9% 992.00kB/1.00MB [25s] 
Reading from 0x00cf9000 ━━━━━━━━━━━━━━━━━━━━━━━━━━━━━   97.3% 996.00kB/1.00MB [25s] 
Reading from 0x00cfa000 ━━━━━━━━━━━━━━━━━━━━━━━━━━━━━   97.7% 1000.00kB/1.00MB [25s] 
Reading from 0x00cfb000 ━━━━━━━━━━━━━━━━━━━━━━━━━━━━━   98.0% 1004.00kB/1.00MB [26s] 
Reading from 0x00cfc000 ━━━━━━━━━━━━━━━━━━━━━━━━━━━━━╸  98.4% 1008.00kB/1.00MB [26s] 
Reading from 0x00cfd000 ━━━━━━━━━━━━━━━━━━━━━━━━━━━━━╸  98.8% 1012.00kB/1.00MB [26s] 
Reading from 0x00cfe000 ━━━━━━━━━━━━━━━━━━━━━━━━━━━━━╸  99.2% 1016.00kB/1.00MB [26s] 
Reading from 0x00cff000 ━━━━━━━━━━━━━━━━━━━━━━━━━━━━━╸  99.6% 1020.00kB/1.00MB [26s] 
Reading from 0x00d00000 ━━━━━━━━━━━━━━━━━━━━━━━━━━━━━━ 100.0% 1.00MB/1.00MB [26s] 
Read 1048576 bytes from 0x00c00000 in 24.7 seconds (339.8 kbit/s) to 'backups/2026-09-10-scan-stress/flash-scratch-before-test/before-a.bin'.

Hard resetting via RTS pin...
esptool v5.4.0
Serial port /dev/serial/by-id/usb-Silicon_Labs_CP2102N_USB_to_UART_Bridge_Controller_f65e4ef67f71f011975a049f1045c30f-if00-port0:
Connecting....
Connected to ESP32-S31 on /dev/serial/by-id/usb-Silicon_Labs_CP2102N_USB_to_UART_Bridge_Controller_f65e4ef67f71f011975a049f1045c30f-if00-port0:
Chip type:          ESP32-S31 (revision v0.0)
Features:           Wi-Fi 6, BT 5.4 (LE), IEEE802.15.4, Dual Core + LP Core, 300MHz
Crystal frequency:  40MHz
MAC:                30:ed:a0:f3:f7:b0

Uploading stub flasher...
Running stub flasher...
Stub flasher running.
Changing baud rate to 460800...
Changed.

Configuring flash size...
Reading from 0x00c01000                                  0.4% 4.00kB/1.00MB [0s] 
Reading from 0x00c02000                                  0.8% 8.00kB/1.00MB [0s] 
Reading from 0x00c03000                                  1.2% 12.00kB/1.00MB [0s] 
Reading from 0x00c04000                                  1.6% 16.00kB/1.00MB [0s] 
Reading from 0x00c05000 ╸                                2.0% 20.00kB/1.00MB [0s] 
Reading from 0x00c06000 ╸                                2.3% 24.00kB/1.00MB [0s] 
Reading from 0x00c07000 ╸                                2.7% 28.00kB/1.00MB [0s] 
Reading from 0x00c08000 ╸                                3.1% 32.00kB/1.00MB [0s] 
Reading from 0x00c09000 ━                                3.5% 36.00kB/1.00MB [0s] 
Reading from 0x00c0a000 ━                                3.9% 40.00kB/1.00MB [1s] 
Reading from 0x00c0b000 ━                                4.3% 44.00kB/1.00MB [1s] 
Reading from 0x00c0c000 ━                                4.7% 48.00kB/1.00MB [1s] 
Reading from 0x00c0d000 ━╸                               5.1% 52.00kB/1.00MB [1s] 
Reading from 0x00c0e000 ━╸                               5.5% 56.00kB/1.00MB [1s] 
Reading from 0x00c0f000 ━╸                               5.9% 60.00kB/1.00MB [1s] 
Reading from 0x00c10000 ━╸                               6.2% 64.00kB/1.00MB [1s] 
Reading from 0x00c11000 ━╸                               6.6% 68.00kB/1.00MB [1s] 
Reading from 0x00c12000 ━━                               7.0% 72.00kB/1.00MB [1s] 
Reading from 0x00c13000 ━━                               7.4% 76.00kB/1.00MB [1s] 
Reading from 0x00c14000 ━━                               7.8% 80.00kB/1.00MB [2s] 
Reading from 0x00c15000 ━━                               8.2% 84.00kB/1.00MB [2s] 
Reading from 0x00c16000 ━━╸                              8.6% 88.00kB/1.00MB [2s] 
Reading from 0x00c17000 ━━╸                              9.0% 92.00kB/1.00MB [2s] 
Reading from 0x00c18000 ━━╸                              9.4% 96.00kB/1.00MB [2s] 
Reading from 0x00c19000 ━━╸                              9.8% 100.00kB/1.00MB [2s] 
Reading from 0x00c1a000 ━━━                             10.2% 104.00kB/1.00MB [2s] 
Reading from 0x00c1b000 ━━━                             10.5% 108.00kB/1.00MB [2s] 
Reading from 0x00c1c000 ━━━                             10.9% 112.00kB/1.00MB [2s] 
Reading from 0x00c1d000 ━━━                             11.3% 116.00kB/1.00MB [3s] 
Reading from 0x00c1e000 ━━━╸                            11.7% 120.00kB/1.00MB [3s] 
Reading from 0x00c1f000 ━━━╸                            12.1% 124.00kB/1.00MB [3s] 
Reading from 0x00c20000 ━━━╸                            12.5% 128.00kB/1.00MB [3s] 
Reading from 0x00c21000 ━━━╸                            12.9% 132.00kB/1.00MB [3s] 
Reading from 0x00c22000 ━━━╸                            13.3% 136.00kB/1.00MB [3s] 
Reading from 0x00c23000 ━━━━                            13.7% 140.00kB/1.00MB [3s] 
Reading from 0x00c24000 ━━━━                            14.1% 144.00kB/1.00MB [3s] 
Reading from 0x00c25000 ━━━━                            14.5% 148.00kB/1.00MB [3s] 
Reading from 0x00c26000 ━━━━                            14.8% 152.00kB/1.00MB [3s] 
Reading from 0x00c27000 ━━━━╸                           15.2% 156.00kB/1.00MB [4s] 
Reading from 0x00c28000 ━━━━╸                           15.6% 160.00kB/1.00MB [4s] 
Reading from 0x00c29000 ━━━━╸                           16.0% 164.00kB/1.00MB [4s] 
Reading from 0x00c2a000 ━━━━╸                           16.4% 168.00kB/1.00MB [4s] 
Reading from 0x00c2b000 ━━━━━                           16.8% 172.00kB/1.00MB [4s] 
Reading from 0x00c2c000 ━━━━━                           17.2% 176.00kB/1.00MB [4s] 
Reading from 0x00c2d000 ━━━━━                           17.6% 180.00kB/1.00MB [4s] 
Reading from 0x00c2e000 ━━━━━                           18.0% 184.00kB/1.00MB [4s] 
Reading from 0x00c2f000 ━━━━━╸                          18.4% 188.00kB/1.00MB [4s] 
Reading from 0x00c30000 ━━━━━╸                          18.8% 192.00kB/1.00MB [4s] 
Reading from 0x00c31000 ━━━━━╸                          19.1% 196.00kB/1.00MB [5s] 
Reading from 0x00c32000 ━━━━━╸                          19.5% 200.00kB/1.00MB [5s] 
Reading from 0x00c33000 ━━━━━╸                          19.9% 204.00kB/1.00MB [5s] 
Reading from 0x00c34000 ━━━━━━                          20.3% 208.00kB/1.00MB [5s] 
Reading from 0x00c35000 ━━━━━━                          20.7% 212.00kB/1.00MB [5s] 
Reading from 0x00c36000 ━━━━━━                          21.1% 216.00kB/1.00MB [5s] 
Reading from 0x00c37000 ━━━━━━                          21.5% 220.00kB/1.00MB [5s] 
Reading from 0x00c38000 ━━━━━━╸                         21.9% 224.00kB/1.00MB [5s] 
Reading from 0x00c39000 ━━━━━━╸                         22.3% 228.00kB/1.00MB [5s] 
Reading from 0x00c3a000 ━━━━━━╸                         22.7% 232.00kB/1.00MB [6s] 
Reading from 0x00c3b000 ━━━━━━╸                         23.0% 236.00kB/1.00MB [6s] 
Reading from 0x00c3c000 ━━━━━━━                         23.4% 240.00kB/1.00MB [6s] 
Reading from 0x00c3d000 ━━━━━━━                         23.8% 244.00kB/1.00MB [6s] 
Reading from 0x00c3e000 ━━━━━━━                         24.2% 248.00kB/1.00MB [6s] 
Reading from 0x00c3f000 ━━━━━━━                         24.6% 252.00kB/1.00MB [6s] 
Reading from 0x00c40000 ━━━━━━━╸                        25.0% 256.00kB/1.00MB [6s] 
Reading from 0x00c41000 ━━━━━━━╸                        25.4% 260.00kB/1.00MB [6s] 
Reading from 0x00c42000 ━━━━━━━╸                        25.8% 264.00kB/1.00MB [6s] 
Reading from 0x00c43000 ━━━━━━━╸                        26.2% 268.00kB/1.00MB [6s] 
Reading from 0x00c44000 ━━━━━━━╸                        26.6% 272.00kB/1.00MB [7s] 
Reading from 0x00c45000 ━━━━━━━━                        27.0% 276.00kB/1.00MB [7s] 
Reading from 0x00c46000 ━━━━━━━━                        27.3% 280.00kB/1.00MB [7s] 
Reading from 0x00c47000 ━━━━━━━━                        27.7% 284.00kB/1.00MB [7s] 
Reading from 0x00c48000 ━━━━━━━━                        28.1% 288.00kB/1.00MB [7s] 
Reading from 0x00c49000 ━━━━━━━━╸                       28.5% 292.00kB/1.00MB [7s] 
Reading from 0x00c4a000 ━━━━━━━━╸                       28.9% 296.00kB/1.00MB [7s] 
Reading from 0x00c4b000 ━━━━━━━━╸                       29.3% 300.00kB/1.00MB [7s] 
Reading from 0x00c4c000 ━━━━━━━━╸                       29.7% 304.00kB/1.00MB [7s] 
Reading from 0x00c4d000 ━━━━━━━━━                       30.1% 308.00kB/1.00MB [8s] 
Reading from 0x00c4e000 ━━━━━━━━━                       30.5% 312.00kB/1.00MB [8s] 
Reading from 0x00c4f000 ━━━━━━━━━                       30.9% 316.00kB/1.00MB [8s] 
Reading from 0x00c50000 ━━━━━━━━━                       31.2% 320.00kB/1.00MB [8s] 
Reading from 0x00c51000 ━━━━━━━━━                       31.6% 324.00kB/1.00MB [8s] 
Reading from 0x00c52000 ━━━━━━━━━╸                      32.0% 328.00kB/1.00MB [8s] 
Reading from 0x00c53000 ━━━━━━━━━╸                      32.4% 332.00kB/1.00MB [8s] 
Reading from 0x00c54000 ━━━━━━━━━╸                      32.8% 336.00kB/1.00MB [8s] 
Reading from 0x00c55000 ━━━━━━━━━╸                      33.2% 340.00kB/1.00MB [8s] 
Reading from 0x00c56000 ━━━━━━━━━━                      33.6% 344.00kB/1.00MB [8s] 
Reading from 0x00c57000 ━━━━━━━━━━                      34.0% 348.00kB/1.00MB [9s] 
Reading from 0x00c58000 ━━━━━━━━━━                      34.4% 352.00kB/1.00MB [9s] 
Reading from 0x00c59000 ━━━━━━━━━━                      34.8% 356.00kB/1.00MB [9s] 
Reading from 0x00c5a000 ━━━━━━━━━━╸                     35.2% 360.00kB/1.00MB [9s] 
Reading from 0x00c5b000 ━━━━━━━━━━╸                     35.5% 364.00kB/1.00MB [9s] 
Reading from 0x00c5c000 ━━━━━━━━━━╸                     35.9% 368.00kB/1.00MB [9s] 
Reading from 0x00c5d000 ━━━━━━━━━━╸                     36.3% 372.00kB/1.00MB [9s] 
Reading from 0x00c5e000 ━━━━━━━━━━━                     36.7% 376.00kB/1.00MB [9s] 
Reading from 0x00c5f000 ━━━━━━━━━━━                     37.1% 380.00kB/1.00MB [9s] 
Reading from 0x00c60000 ━━━━━━━━━━━                     37.5% 384.00kB/1.00MB [9s] 
Reading from 0x00c61000 ━━━━━━━━━━━                     37.9% 388.00kB/1.00MB [10s] 
Reading from 0x00c62000 ━━━━━━━━━━━                     38.3% 392.00kB/1.00MB [10s] 
Reading from 0x00c63000 ━━━━━━━━━━━╸                    38.7% 396.00kB/1.00MB [10s] 
Reading from 0x00c64000 ━━━━━━━━━━━╸                    39.1% 400.00kB/1.00MB [10s] 
Reading from 0x00c65000 ━━━━━━━━━━━╸                    39.5% 404.00kB/1.00MB [10s] 
Reading from 0x00c66000 ━━━━━━━━━━━╸                    39.8% 408.00kB/1.00MB [10s] 
Reading from 0x00c67000 ━━━━━━━━━━━━                    40.2% 412.00kB/1.00MB [10s] 
Reading from 0x00c68000 ━━━━━━━━━━━━                    40.6% 416.00kB/1.00MB [10s] 
Reading from 0x00c69000 ━━━━━━━━━━━━                    41.0% 420.00kB/1.00MB [10s] 
Reading from 0x00c6a000 ━━━━━━━━━━━━                    41.4% 424.00kB/1.00MB [11s] 
Reading from 0x00c6b000 ━━━━━━━━━━━━╸                   41.8% 428.00kB/1.00MB [11s] 
Reading from 0x00c6c000 ━━━━━━━━━━━━╸                   42.2% 432.00kB/1.00MB [11s] 
Reading from 0x00c6d000 ━━━━━━━━━━━━╸                   42.6% 436.00kB/1.00MB [11s] 
Reading from 0x00c6e000 ━━━━━━━━━━━━╸                   43.0% 440.00kB/1.00MB [11s] 
Reading from 0x00c6f000 ━━━━━━━━━━━━━                   43.4% 444.00kB/1.00MB [11s] 
Reading from 0x00c70000 ━━━━━━━━━━━━━                   43.8% 448.00kB/1.00MB [11s] 
Reading from 0x00c71000 ━━━━━━━━━━━━━                   44.1% 452.00kB/1.00MB [11s] 
Reading from 0x00c72000 ━━━━━━━━━━━━━                   44.5% 456.00kB/1.00MB [11s] 
Reading from 0x00c73000 ━━━━━━━━━━━━━                   44.9% 460.00kB/1.00MB [11s] 
Reading from 0x00c74000 ━━━━━━━━━━━━━╸                  45.3% 464.00kB/1.00MB [12s] 
Reading from 0x00c75000 ━━━━━━━━━━━━━╸                  45.7% 468.00kB/1.00MB [12s] 
Reading from 0x00c76000 ━━━━━━━━━━━━━╸                  46.1% 472.00kB/1.00MB [12s] 
Reading from 0x00c77000 ━━━━━━━━━━━━━╸                  46.5% 476.00kB/1.00MB [12s] 
Reading from 0x00c78000 ━━━━━━━━━━━━━━                  46.9% 480.00kB/1.00MB [12s] 
Reading from 0x00c79000 ━━━━━━━━━━━━━━                  47.3% 484.00kB/1.00MB [12s] 
Reading from 0x00c7a000 ━━━━━━━━━━━━━━                  47.7% 488.00kB/1.00MB [12s] 
Reading from 0x00c7b000 ━━━━━━━━━━━━━━                  48.0% 492.00kB/1.00MB [12s] 
Reading from 0x00c7c000 ━━━━━━━━━━━━━━╸                 48.4% 496.00kB/1.00MB [12s] 
Reading from 0x00c7d000 ━━━━━━━━━━━━━━╸                 48.8% 500.00kB/1.00MB [12s] 
Reading from 0x00c7e000 ━━━━━━━━━━━━━━╸                 49.2% 504.00kB/1.00MB [13s] 
Reading from 0x00c7f000 ━━━━━━━━━━━━━━╸                 49.6% 508.00kB/1.00MB [13s] 
Reading from 0x00c80000 ━━━━━━━━━━━━━━━                 50.0% 512.00kB/1.00MB [13s] 
Reading from 0x00c81000 ━━━━━━━━━━━━━━━                 50.4% 516.00kB/1.00MB [13s] 
Reading from 0x00c82000 ━━━━━━━━━━━━━━━                 50.8% 520.00kB/1.00MB [13s] 
Reading from 0x00c83000 ━━━━━━━━━━━━━━━                 51.2% 524.00kB/1.00MB [13s] 
Reading from 0x00c84000 ━━━━━━━━━━━━━━━                 51.6% 528.00kB/1.00MB [13s] 
Reading from 0x00c85000 ━━━━━━━━━━━━━━━╸                52.0% 532.00kB/1.00MB [13s] 
Reading from 0x00c86000 ━━━━━━━━━━━━━━━╸                52.3% 536.00kB/1.00MB [13s] 
Reading from 0x00c87000 ━━━━━━━━━━━━━━━╸                52.7% 540.00kB/1.00MB [14s] 
Reading from 0x00c88000 ━━━━━━━━━━━━━━━╸                53.1% 544.00kB/1.00MB [14s] 
Reading from 0x00c89000 ━━━━━━━━━━━━━━━━                53.5% 548.00kB/1.00MB [14s] 
Reading from 0x00c8a000 ━━━━━━━━━━━━━━━━                53.9% 552.00kB/1.00MB [14s] 
Reading from 0x00c8b000 ━━━━━━━━━━━━━━━━                54.3% 556.00kB/1.00MB [14s] 
Reading from 0x00c8c000 ━━━━━━━━━━━━━━━━                54.7% 560.00kB/1.00MB [14s] 
Reading from 0x00c8d000 ━━━━━━━━━━━━━━━━╸               55.1% 564.00kB/1.00MB [14s] 
Reading from 0x00c8e000 ━━━━━━━━━━━━━━━━╸               55.5% 568.00kB/1.00MB [14s] 
Reading from 0x00c8f000 ━━━━━━━━━━━━━━━━╸               55.9% 572.00kB/1.00MB [14s] 
Reading from 0x00c90000 ━━━━━━━━━━━━━━━━╸               56.2% 576.00kB/1.00MB [14s] 
Reading from 0x00c91000 ━━━━━━━━━━━━━━━━╸               56.6% 580.00kB/1.00MB [15s] 
Reading from 0x00c92000 ━━━━━━━━━━━━━━━━━               57.0% 584.00kB/1.00MB [15s] 
Reading from 0x00c93000 ━━━━━━━━━━━━━━━━━               57.4% 588.00kB/1.00MB [15s] 
Reading from 0x00c94000 ━━━━━━━━━━━━━━━━━               57.8% 592.00kB/1.00MB [15s] 
Reading from 0x00c95000 ━━━━━━━━━━━━━━━━━               58.2% 596.00kB/1.00MB [15s] 
Reading from 0x00c96000 ━━━━━━━━━━━━━━━━━╸              58.6% 600.00kB/1.00MB [15s] 
Reading from 0x00c97000 ━━━━━━━━━━━━━━━━━╸              59.0% 604.00kB/1.00MB [15s] 
Reading from 0x00c98000 ━━━━━━━━━━━━━━━━━╸              59.4% 608.00kB/1.00MB [15s] 
Reading from 0x00c99000 ━━━━━━━━━━━━━━━━━╸              59.8% 612.00kB/1.00MB [15s] 
Reading from 0x00c9a000 ━━━━━━━━━━━━━━━━━━              60.2% 616.00kB/1.00MB [15s] 
Reading from 0x00c9b000 ━━━━━━━━━━━━━━━━━━              60.5% 620.00kB/1.00MB [16s] 
Reading from 0x00c9c000 ━━━━━━━━━━━━━━━━━━              60.9% 624.00kB/1.00MB [16s] 
Reading from 0x00c9d000 ━━━━━━━━━━━━━━━━━━              61.3% 628.00kB/1.00MB [16s] 
Reading from 0x00c9e000 ━━━━━━━━━━━━━━━━━━╸             61.7% 632.00kB/1.00MB [16s] 
Reading from 0x00c9f000 ━━━━━━━━━━━━━━━━━━╸             62.1% 636.00kB/1.00MB [16s] 
Reading from 0x00ca0000 ━━━━━━━━━━━━━━━━━━╸             62.5% 640.00kB/1.00MB [16s] 
Reading from 0x00ca1000 ━━━━━━━━━━━━━━━━━━╸             62.9% 644.00kB/1.00MB [16s] 
Reading from 0x00ca2000 ━━━━━━━━━━━━━━━━━━╸             63.3% 648.00kB/1.00MB [16s] 
Reading from 0x00ca3000 ━━━━━━━━━━━━━━━━━━━             63.7% 652.00kB/1.00MB [16s] 
Reading from 0x00ca4000 ━━━━━━━━━━━━━━━━━━━             64.1% 656.00kB/1.00MB [17s] 
Reading from 0x00ca5000 ━━━━━━━━━━━━━━━━━━━             64.5% 660.00kB/1.00MB [17s] 
Reading from 0x00ca6000 ━━━━━━━━━━━━━━━━━━━             64.8% 664.00kB/1.00MB [17s] 
Reading from 0x00ca7000 ━━━━━━━━━━━━━━━━━━━╸            65.2% 668.00kB/1.00MB [17s] 
Reading from 0x00ca8000 ━━━━━━━━━━━━━━━━━━━╸            65.6% 672.00kB/1.00MB [17s] 
Reading from 0x00ca9000 ━━━━━━━━━━━━━━━━━━━╸            66.0% 676.00kB/1.00MB [17s] 
Reading from 0x00caa000 ━━━━━━━━━━━━━━━━━━━╸            66.4% 680.00kB/1.00MB [17s] 
Reading from 0x00cab000 ━━━━━━━━━━━━━━━━━━━━            66.8% 684.00kB/1.00MB [17s] 
Reading from 0x00cac000 ━━━━━━━━━━━━━━━━━━━━            67.2% 688.00kB/1.00MB [17s] 
Reading from 0x00cad000 ━━━━━━━━━━━━━━━━━━━━            67.6% 692.00kB/1.00MB [17s] 
Reading from 0x00cae000 ━━━━━━━━━━━━━━━━━━━━            68.0% 696.00kB/1.00MB [18s] 
Reading from 0x00caf000 ━━━━━━━━━━━━━━━━━━━━╸           68.4% 700.00kB/1.00MB [18s] 
Reading from 0x00cb0000 ━━━━━━━━━━━━━━━━━━━━╸           68.8% 704.00kB/1.00MB [18s] 
Reading from 0x00cb1000 ━━━━━━━━━━━━━━━━━━━━╸           69.1% 708.00kB/1.00MB [18s] 
Reading from 0x00cb2000 ━━━━━━━━━━━━━━━━━━━━╸           69.5% 712.00kB/1.00MB [18s] 
Reading from 0x00cb3000 ━━━━━━━━━━━━━━━━━━━━╸           69.9% 716.00kB/1.00MB [18s] 
Reading from 0x00cb4000 ━━━━━━━━━━━━━━━━━━━━━           70.3% 720.00kB/1.00MB [18s] 
Reading from 0x00cb5000 ━━━━━━━━━━━━━━━━━━━━━           70.7% 724.00kB/1.00MB [18s] 
Reading from 0x00cb6000 ━━━━━━━━━━━━━━━━━━━━━           71.1% 728.00kB/1.00MB [18s] 
Reading from 0x00cb7000 ━━━━━━━━━━━━━━━━━━━━━           71.5% 732.00kB/1.00MB [18s] 
Reading from 0x00cb8000 ━━━━━━━━━━━━━━━━━━━━━╸          71.9% 736.00kB/1.00MB [19s] 
Reading from 0x00cb9000 ━━━━━━━━━━━━━━━━━━━━━╸          72.3% 740.00kB/1.00MB [19s] 
Reading from 0x00cba000 ━━━━━━━━━━━━━━━━━━━━━╸          72.7% 744.00kB/1.00MB [19s] 
Reading from 0x00cbb000 ━━━━━━━━━━━━━━━━━━━━━╸          73.0% 748.00kB/1.00MB [19s] 
Reading from 0x00cbc000 ━━━━━━━━━━━━━━━━━━━━━━          73.4% 752.00kB/1.00MB [19s] 
Reading from 0x00cbd000 ━━━━━━━━━━━━━━━━━━━━━━          73.8% 756.00kB/1.00MB [19s] 
Reading from 0x00cbe000 ━━━━━━━━━━━━━━━━━━━━━━          74.2% 760.00kB/1.00MB [19s] 
Reading from 0x00cbf000 ━━━━━━━━━━━━━━━━━━━━━━          74.6% 764.00kB/1.00MB [19s] 
Reading from 0x00cc0000 ━━━━━━━━━━━━━━━━━━━━━━╸         75.0% 768.00kB/1.00MB [19s] 
Reading from 0x00cc1000 ━━━━━━━━━━━━━━━━━━━━━━╸         75.4% 772.00kB/1.00MB [20s] 
Reading from 0x00cc2000 ━━━━━━━━━━━━━━━━━━━━━━╸         75.8% 776.00kB/1.00MB [20s] 
Reading from 0x00cc3000 ━━━━━━━━━━━━━━━━━━━━━━╸         76.2% 780.00kB/1.00MB [20s] 
Reading from 0x00cc4000 ━━━━━━━━━━━━━━━━━━━━━━╸         76.6% 784.00kB/1.00MB [20s] 
Reading from 0x00cc5000 ━━━━━━━━━━━━━━━━━━━━━━━         77.0% 788.00kB/1.00MB [20s] 
Reading from 0x00cc6000 ━━━━━━━━━━━━━━━━━━━━━━━         77.3% 792.00kB/1.00MB [20s] 
Reading from 0x00cc7000 ━━━━━━━━━━━━━━━━━━━━━━━         77.7% 796.00kB/1.00MB [20s] 
Reading from 0x00cc8000 ━━━━━━━━━━━━━━━━━━━━━━━         78.1% 800.00kB/1.00MB [20s] 
Reading from 0x00cc9000 ━━━━━━━━━━━━━━━━━━━━━━━╸        78.5% 804.00kB/1.00MB [20s] 
Reading from 0x00cca000 ━━━━━━━━━━━━━━━━━━━━━━━╸        78.9% 808.00kB/1.00MB [20s] 
Reading from 0x00ccb000 ━━━━━━━━━━━━━━━━━━━━━━━╸        79.3% 812.00kB/1.00MB [21s] 
Reading from 0x00ccc000 ━━━━━━━━━━━━━━━━━━━━━━━╸        79.7% 816.00kB/1.00MB [21s] 
Reading from 0x00ccd000 ━━━━━━━━━━━━━━━━━━━━━━━━        80.1% 820.00kB/1.00MB [21s] 
Reading from 0x00cce000 ━━━━━━━━━━━━━━━━━━━━━━━━        80.5% 824.00kB/1.00MB [21s] 
Reading from 0x00ccf000 ━━━━━━━━━━━━━━━━━━━━━━━━        80.9% 828.00kB/1.00MB [21s] 
Reading from 0x00cd0000 ━━━━━━━━━━━━━━━━━━━━━━━━        81.2% 832.00kB/1.00MB [21s] 
Reading from 0x00cd1000 ━━━━━━━━━━━━━━━━━━━━━━━━        81.6% 836.00kB/1.00MB [21s] 
Reading from 0x00cd2000 ━━━━━━━━━━━━━━━━━━━━━━━━╸       82.0% 840.00kB/1.00MB [21s] 
Reading from 0x00cd3000 ━━━━━━━━━━━━━━━━━━━━━━━━╸       82.4% 844.00kB/1.00MB [21s] 
Reading from 0x00cd4000 ━━━━━━━━━━━━━━━━━━━━━━━━╸       82.8% 848.00kB/1.00MB [21s] 
Reading from 0x00cd5000 ━━━━━━━━━━━━━━━━━━━━━━━━╸       83.2% 852.00kB/1.00MB [22s] 
Reading from 0x00cd6000 ━━━━━━━━━━━━━━━━━━━━━━━━━       83.6% 856.00kB/1.00MB [22s] 
Reading from 0x00cd7000 ━━━━━━━━━━━━━━━━━━━━━━━━━       84.0% 860.00kB/1.00MB [22s] 
Reading from 0x00cd8000 ━━━━━━━━━━━━━━━━━━━━━━━━━       84.4% 864.00kB/1.00MB [22s] 
Reading from 0x00cd9000 ━━━━━━━━━━━━━━━━━━━━━━━━━       84.8% 868.00kB/1.00MB [22s] 
Reading from 0x00cda000 ━━━━━━━━━━━━━━━━━━━━━━━━━╸      85.2% 872.00kB/1.00MB [22s] 
Reading from 0x00cdb000 ━━━━━━━━━━━━━━━━━━━━━━━━━╸      85.5% 876.00kB/1.00MB [22s] 
Reading from 0x00cdc000 ━━━━━━━━━━━━━━━━━━━━━━━━━╸      85.9% 880.00kB/1.00MB [22s] 
Reading from 0x00cdd000 ━━━━━━━━━━━━━━━━━━━━━━━━━╸      86.3% 884.00kB/1.00MB [22s] 
Reading from 0x00cde000 ━━━━━━━━━━━━━━━━━━━━━━━━━━      86.7% 888.00kB/1.00MB [23s] 
Reading from 0x00cdf000 ━━━━━━━━━━━━━━━━━━━━━━━━━━      87.1% 892.00kB/1.00MB [23s] 
Reading from 0x00ce0000 ━━━━━━━━━━━━━━━━━━━━━━━━━━      87.5% 896.00kB/1.00MB [23s] 
Reading from 0x00ce1000 ━━━━━━━━━━━━━━━━━━━━━━━━━━      87.9% 900.00kB/1.00MB [23s] 
Reading from 0x00ce2000 ━━━━━━━━━━━━━━━━━━━━━━━━━━      88.3% 904.00kB/1.00MB [23s] 
Reading from 0x00ce3000 ━━━━━━━━━━━━━━━━━━━━━━━━━━╸     88.7% 908.00kB/1.00MB [23s] 
Reading from 0x00ce4000 ━━━━━━━━━━━━━━━━━━━━━━━━━━╸     89.1% 912.00kB/1.00MB [23s] 
Reading from 0x00ce5000 ━━━━━━━━━━━━━━━━━━━━━━━━━━╸     89.5% 916.00kB/1.00MB [23s] 
Reading from 0x00ce6000 ━━━━━━━━━━━━━━━━━━━━━━━━━━╸     89.8% 920.00kB/1.00MB [23s] 
Reading from 0x00ce7000 ━━━━━━━━━━━━━━━━━━━━━━━━━━━     90.2% 924.00kB/1.00MB [23s] 
Reading from 0x00ce8000 ━━━━━━━━━━━━━━━━━━━━━━━━━━━     90.6% 928.00kB/1.00MB [24s] 
Reading from 0x00ce9000 ━━━━━━━━━━━━━━━━━━━━━━━━━━━     91.0% 932.00kB/1.00MB [24s] 
Reading from 0x00cea000 ━━━━━━━━━━━━━━━━━━━━━━━━━━━     91.4% 936.00kB/1.00MB [24s] 
Reading from 0x00ceb000 ━━━━━━━━━━━━━━━━━━━━━━━━━━━╸    91.8% 940.00kB/1.00MB [24s] 
Reading from 0x00cec000 ━━━━━━━━━━━━━━━━━━━━━━━━━━━╸    92.2% 944.00kB/1.00MB [24s] 
Reading from 0x00ced000 ━━━━━━━━━━━━━━━━━━━━━━━━━━━╸    92.6% 948.00kB/1.00MB [24s] 
Reading from 0x00cee000 ━━━━━━━━━━━━━━━━━━━━━━━━━━━╸    93.0% 952.00kB/1.00MB [24s] 
Reading from 0x00cef000 ━━━━━━━━━━━━━━━━━━━━━━━━━━━━    93.4% 956.00kB/1.00MB [24s] 
Reading from 0x00cf0000 ━━━━━━━━━━━━━━━━━━━━━━━━━━━━    93.8% 960.00kB/1.00MB [24s] 
Reading from 0x00cf1000 ━━━━━━━━━━━━━━━━━━━━━━━━━━━━    94.1% 964.00kB/1.00MB [25s] 
Reading from 0x00cf2000 ━━━━━━━━━━━━━━━━━━━━━━━━━━━━    94.5% 968.00kB/1.00MB [25s] 
Reading from 0x00cf3000 ━━━━━━━━━━━━━━━━━━━━━━━━━━━━    94.9% 972.00kB/1.00MB [25s] 
Reading from 0x00cf4000 ━━━━━━━━━━━━━━━━━━━━━━━━━━━━╸   95.3% 976.00kB/1.00MB [25s] 
Reading from 0x00cf5000 ━━━━━━━━━━━━━━━━━━━━━━━━━━━━╸   95.7% 980.00kB/1.00MB [25s] 
Reading from 0x00cf6000 ━━━━━━━━━━━━━━━━━━━━━━━━━━━━╸   96.1% 984.00kB/1.00MB [25s] 
Reading from 0x00cf7000 ━━━━━━━━━━━━━━━━━━━━━━━━━━━━╸   96.5% 988.00kB/1.00MB [25s] 
Reading from 0x00cf8000 ━━━━━━━━━━━━━━━━━━━━━━━━━━━━━   96.9% 992.00kB/1.00MB [25s] 
Reading from 0x00cf9000 ━━━━━━━━━━━━━━━━━━━━━━━━━━━━━   97.3% 996.00kB/1.00MB [25s] 
Reading from 0x00cfa000 ━━━━━━━━━━━━━━━━━━━━━━━━━━━━━   97.7% 1000.00kB/1.00MB [25s] 
Reading from 0x00cfb000 ━━━━━━━━━━━━━━━━━━━━━━━━━━━━━   98.0% 1004.00kB/1.00MB [26s] 
Reading from 0x00cfc000 ━━━━━━━━━━━━━━━━━━━━━━━━━━━━━╸  98.4% 1008.00kB/1.00MB [26s] 
Reading from 0x00cfd000 ━━━━━━━━━━━━━━━━━━━━━━━━━━━━━╸  98.8% 1012.00kB/1.00MB [26s] 
Reading from 0x00cfe000 ━━━━━━━━━━━━━━━━━━━━━━━━━━━━━╸  99.2% 1016.00kB/1.00MB [26s] 
Reading from 0x00cff000 ━━━━━━━━━━━━━━━━━━━━━━━━━━━━━╸  99.6% 1020.00kB/1.00MB [26s] 
Reading from 0x00d00000 ━━━━━━━━━━━━━━━━━━━━━━━━━━━━━━ 100.0% 1.00MB/1.00MB [26s] 
Read 1048576 bytes from 0x00c00000 in 24.6 seconds (340.8 kbit/s) to 'backups/2026-09-10-scan-stress/flash-scratch-before-test/before-b.bin'.

Hard resetting via RTS pin...
XTS_FLASH_SCRATCH_BACKUP=PASS blank=true offset=0xc00000 size=0x100000
