before-a.bin: OK
before-b.bin: OK
+ /home/regex/.espressif/python_env/idf6.1_py3.10_env/bin/esptool --chip esp32s31 --port /dev/serial/by-id/usb-Silicon_Labs_CP2102N_USB_to_UART_Bridge_Controller_f65e4ef67f71f011975a049f1045c30f-if00-port0 --baud 460800 write-flash --flash-size 16MB --flash-mode dio --flash-freq 80m 0x2000 /home/regex/work/esp32s31-openvela/openvela-dev/out/esp32s31-ble-kernel1550/nuttx.bin 0x200000 /home/regex/work/esp32s31-openvela/openvela-dev/out/esp32s31-ble-kernel1550/appfs.img
esptool v5.4.0
Serial port /dev/serial/by-id/usb-Silicon_Labs_CP2102N_USB_to_UART_Bridge_Controller_f65e4ef67f71f011975a049f1045c30f-if00-port0:
Connecting....
Connected to ESP32-S31 on /dev/serial/by-id/usb-Silicon_Labs_CP2102N_USB_to_UART_Bridge_Controller_f65e4ef67f71f011975a049f1045c30f-if00-port0:
Chip type:          ESP32-S31 (revision v0.0)
Features:           Wi-Fi 6, BT 5.4 (LE), IEEE802.15.4, Dual Core + LP Core, 300MHz
Crystal frequency:  40MHz
MAC:                30:ed:a0:f3:f7:b0

Uploading stub flasher...
Running stub flasher...
Stub flasher running.
Changing baud rate to 460800...
Changed.

Configuring flash size...

Writing '/home/regex/work/esp32s31-openvela/openvela-dev/out/esp32s31-ble-kernel1550/nuttx.bin' at 0x00002000...
SHA digest in image updated.
Flash will be erased from 0x00002000 to 0x00188fff...
Compressed 1597560 bytes to 949450...
Writing at 0x0000829b ╸                                1.7% 16.00kB/927.20kB [0s] 
Writing at 0x0000e24c ━                                3.5% 32.00kB/927.20kB [0s] 
Writing at 0x000141cf ━╸                               5.2% 48.00kB/927.20kB [1s] 
Writing at 0x0001a0a5 ━━                               6.9% 64.00kB/927.20kB [1s] 
Writing at 0x00029216 ━━╸                              8.6% 80.00kB/927.20kB [2s] 
Writing at 0x0002fc90 ━━━                             10.4% 96.00kB/927.20kB [2s] 
Writing at 0x00035b0b ━━━╸                            12.1% 112.00kB/927.20kB [2s] 
Writing at 0x0003a892 ━━━━                            13.8% 128.00kB/927.20kB [3s] 
Writing at 0x00050b35 ━━━━╸                           15.5% 144.00kB/927.20kB [3s] 
Writing at 0x00056aa0 ━━━━━                           17.3% 160.00kB/927.20kB [4s] 
Writing at 0x0005cdf8 ━━━━━╸                          19.0% 176.00kB/927.20kB [4s] 
Writing at 0x000633ba ━━━━━━                          20.7% 192.00kB/927.20kB [4s] 
Writing at 0x0006a4ca ━━━━━━╸                         22.4% 208.00kB/927.20kB [5s] 
Writing at 0x00073296 ━━━━━━━                         24.2% 224.00kB/927.20kB [5s] 
Writing at 0x0007adde ━━━━━━━╸                        25.9% 240.00kB/927.20kB [6s] 
Writing at 0x00082608 ━━━━━━━━                        27.6% 256.00kB/927.20kB [6s] 
Writing at 0x000894ee ━━━━━━━━╸                       29.3% 272.00kB/927.20kB [6s] 
Writing at 0x0008f963 ━━━━━━━━━                       31.1% 288.00kB/927.20kB [7s] 
Writing at 0x000960a0 ━━━━━━━━━╸                      32.8% 304.00kB/927.20kB [7s] 
Writing at 0x0009bfbc ━━━━━━━━━━                      34.5% 320.00kB/927.20kB [8s] 
Writing at 0x000a1c60 ━━━━━━━━━━╸                     36.2% 336.00kB/927.20kB [8s] 
Writing at 0x000a72a1 ━━━━━━━━━━━                     38.0% 352.00kB/927.20kB [9s] 
Writing at 0x000acdac ━━━━━━━━━━━╸                    39.7% 368.00kB/927.20kB [9s] 
Writing at 0x000b27f2 ━━━━━━━━━━━━                    41.4% 384.00kB/927.20kB [9s] 
Writing at 0x000b93a5 ━━━━━━━━━━━━╸                   43.1% 400.00kB/927.20kB [10s] 
Writing at 0x000c0e3d ━━━━━━━━━━━━━                   44.9% 416.00kB/927.20kB [10s] 
Writing at 0x000c9149 ━━━━━━━━━━━━━╸                  46.6% 432.00kB/927.20kB [11s] 
Writing at 0x000cf66e ━━━━━━━━━━━━━━                  48.3% 448.00kB/927.20kB [11s] 
Writing at 0x000d52de ━━━━━━━━━━━━━━━                 50.0% 464.00kB/927.20kB [11s] 
Writing at 0x000dbd96 ━━━━━━━━━━━━━━━╸                51.8% 480.00kB/927.20kB [12s] 
Writing at 0x000e22b8 ━━━━━━━━━━━━━━━━                53.5% 496.00kB/927.20kB [12s] 
Writing at 0x000e8384 ━━━━━━━━━━━━━━━━╸               55.2% 512.00kB/927.20kB [13s] 
Writing at 0x000ee453 ━━━━━━━━━━━━━━━━━               56.9% 528.00kB/927.20kB [13s] 
Writing at 0x000f4677 ━━━━━━━━━━━━━━━━━╸              58.7% 544.00kB/927.20kB [13s] 
Writing at 0x000fa690 ━━━━━━━━━━━━━━━━━━              60.4% 560.00kB/927.20kB [14s] 
Writing at 0x001009d0 ━━━━━━━━━━━━━━━━━━╸             62.1% 576.00kB/927.20kB [14s] 
Writing at 0x00106daf ━━━━━━━━━━━━━━━━━━━             63.8% 592.00kB/927.20kB [15s] 
Writing at 0x0010cf6c ━━━━━━━━━━━━━━━━━━━╸            65.6% 608.00kB/927.20kB [15s] 
Writing at 0x00112d7e ━━━━━━━━━━━━━━━━━━━━            67.3% 624.00kB/927.20kB [16s] 
Writing at 0x00118e2f ━━━━━━━━━━━━━━━━━━━━╸           69.0% 640.00kB/927.20kB [16s] 
Writing at 0x0011fc54 ━━━━━━━━━━━━━━━━━━━━━           70.8% 656.00kB/927.20kB [16s] 
Writing at 0x00126502 ━━━━━━━━━━━━━━━━━━━━━╸          72.5% 672.00kB/927.20kB [17s] 
Writing at 0x0012c6e8 ━━━━━━━━━━━━━━━━━━━━━━          74.2% 688.00kB/927.20kB [17s] 
Writing at 0x00132d1a ━━━━━━━━━━━━━━━━━━━━━━╸         75.9% 704.00kB/927.20kB [18s] 
Writing at 0x00139215 ━━━━━━━━━━━━━━━━━━━━━━━         77.7% 720.00kB/927.20kB [18s] 
Writing at 0x0013f346 ━━━━━━━━━━━━━━━━━━━━━━━╸        79.4% 736.00kB/927.20kB [18s] 
Writing at 0x0014511d ━━━━━━━━━━━━━━━━━━━━━━━━        81.1% 752.00kB/927.20kB [19s] 
Writing at 0x0014b256 ━━━━━━━━━━━━━━━━━━━━━━━━╸       82.8% 768.00kB/927.20kB [19s] 
Writing at 0x0015175c ━━━━━━━━━━━━━━━━━━━━━━━━━       84.6% 784.00kB/927.20kB [20s] 
Writing at 0x00157be2 ━━━━━━━━━━━━━━━━━━━━━━━━━╸      86.3% 800.00kB/927.20kB [20s] 
Writing at 0x0015dae0 ━━━━━━━━━━━━━━━━━━━━━━━━━━      88.0% 816.00kB/927.20kB [20s] 
Writing at 0x00163ba5 ━━━━━━━━━━━━━━━━━━━━━━━━━━╸     89.7% 832.00kB/927.20kB [21s] 
Writing at 0x00169c4d ━━━━━━━━━━━━━━━━━━━━━━━━━━━     91.5% 848.00kB/927.20kB [21s] 
Writing at 0x0016fbaf ━━━━━━━━━━━━━━━━━━━━━━━━━━━╸    93.2% 864.00kB/927.20kB [22s] 
Writing at 0x00176019 ━━━━━━━━━━━━━━━━━━━━━━━━━━━━    94.9% 880.00kB/927.20kB [22s] 
Writing at 0x0017c866 ━━━━━━━━━━━━━━━━━━━━━━━━━━━━╸   96.6% 896.00kB/927.20kB [23s] 
Writing at 0x001828ea ━━━━━━━━━━━━━━━━━━━━━━━━━━━━━╸  98.4% 912.00kB/927.20kB [23s] 
Writing at 0x00188078 ━━━━━━━━━━━━━━━━━━━━━━━━━━━━━━ 100.0% 927.20kB/927.20kB [23s] 
Wrote 1597560 bytes (949450 compressed) at 0x00002000 in 23.9 seconds (535.6 kbit/s).
Verifying written data...
Hash of data verified.

Writing '/home/regex/work/esp32s31-openvela/openvela-dev/out/esp32s31-ble-kernel1550/appfs.img' at 0x00200000...
Flash will be erased from 0x00200000 to 0x004eafff...
Compressed 3059712 bytes to 1822076...
Writing at 0x002073cc                                  0.9% 16.00kB/1.74MB [0s] 
Writing at 0x0020cbeb ╸                                1.8% 32.00kB/1.74MB [0s] 
Writing at 0x00213d81 ╸                                2.7% 48.00kB/1.74MB [1s] 
Writing at 0x0021d77d ━                                3.6% 64.00kB/1.74MB [1s] 
Writing at 0x002234d8 ━                                4.5% 80.00kB/1.74MB [2s] 
Writing at 0x002293f2 ━╸                               5.4% 96.00kB/1.74MB [2s] 
Writing at 0x0022efac ━╸                               6.3% 112.00kB/1.74MB [2s] 
Writing at 0x00234d42 ━━                               7.2% 128.00kB/1.74MB [3s] 
Writing at 0x0023ae98 ━━                               8.1% 144.00kB/1.74MB [3s] 
Writing at 0x002417a2 ━━╸                              9.0% 160.00kB/1.74MB [4s] 
Writing at 0x002471ee ━━╸                              9.9% 176.00kB/1.74MB [4s] 
Writing at 0x0024c507 ━━━                             10.8% 192.00kB/1.74MB [4s] 
Writing at 0x0025226e ━━━╸                            11.7% 208.00kB/1.74MB [5s] 
Writing at 0x0025886f ━━━╸                            12.6% 224.00kB/1.74MB [5s] 
Writing at 0x0025e3b9 ━━━━                            13.5% 240.00kB/1.74MB [6s] 
Writing at 0x00264312 ━━━━                            14.4% 256.00kB/1.74MB [6s] 
Writing at 0x0026a35d ━━━━╸                           15.3% 272.00kB/1.74MB [6s] 
Writing at 0x00270190 ━━━━╸                           16.2% 288.00kB/1.74MB [7s] 
Writing at 0x00275c8c ━━━━━                           17.1% 304.00kB/1.74MB [7s] 
Writing at 0x0027d511 ━━━━━                           18.0% 320.00kB/1.74MB [8s] 
Writing at 0x0028940c ━━━━━╸                          18.9% 336.00kB/1.74MB [8s] 
Writing at 0x00293f12 ━━━━━╸                          19.8% 352.00kB/1.74MB [8s] 
Writing at 0x002a1d50 ━━━━━━                          20.7% 368.00kB/1.74MB [9s] 
Writing at 0x002ab4ec ━━━━━━                          21.6% 384.00kB/1.74MB [9s] 
Writing at 0x002b376a ━━━━━━╸                         22.5% 400.00kB/1.74MB [10s] 
Writing at 0x002bddc4 ━━━━━━━                         23.4% 416.00kB/1.74MB [10s] 
Writing at 0x002c439a ━━━━━━━                         24.3% 432.00kB/1.74MB [10s] 
Writing at 0x002c9c10 ━━━━━━━╸                        25.2% 448.00kB/1.74MB [11s] 
Writing at 0x002cf2b2 ━━━━━━━╸                        26.1% 464.00kB/1.74MB [11s] 
Writing at 0x002d4f2b ━━━━━━━━                        27.0% 480.00kB/1.74MB [12s] 
Writing at 0x002da9e4 ━━━━━━━━                        27.9% 496.00kB/1.74MB [12s] 
Writing at 0x002e0688 ━━━━━━━━╸                       28.8% 512.00kB/1.74MB [12s] 
Writing at 0x002e5cd7 ━━━━━━━━╸                       29.7% 528.00kB/1.74MB [13s] 
Writing at 0x002eb61c ━━━━━━━━━                       30.6% 544.00kB/1.74MB [13s] 
Writing at 0x002f11fb ━━━━━━━━━                       31.5% 560.00kB/1.74MB [14s] 
Writing at 0x002f6db6 ━━━━━━━━━╸                      32.4% 576.00kB/1.74MB [14s] 
Writing at 0x002fc4c6 ━━━━━━━━━╸                      33.3% 592.00kB/1.74MB [14s] 
Writing at 0x0030232a ━━━━━━━━━━                      34.2% 608.00kB/1.74MB [15s] 
Writing at 0x00307bdb ━━━━━━━━━━╸                     35.1% 624.00kB/1.74MB [15s] 
Writing at 0x0030d077 ━━━━━━━━━━╸                     36.0% 640.00kB/1.74MB [16s] 
Writing at 0x00313623 ━━━━━━━━━━━                     36.9% 656.00kB/1.74MB [16s] 
Writing at 0x003196ec ━━━━━━━━━━━                     37.8% 672.00kB/1.74MB [17s] 
Writing at 0x0031f532 ━━━━━━━━━━━╸                    38.7% 688.00kB/1.74MB [17s] 
Writing at 0x00324c7b ━━━━━━━━━━━╸                    39.6% 704.00kB/1.74MB [17s] 
Writing at 0x0032a364 ━━━━━━━━━━━━                    40.5% 720.00kB/1.74MB [18s] 
Writing at 0x0032ff8d ━━━━━━━━━━━━                    41.4% 736.00kB/1.74MB [18s] 
Writing at 0x0033579c ━━━━━━━━━━━━╸                   42.3% 752.00kB/1.74MB [19s] 
Writing at 0x0033b68c ━━━━━━━━━━━━╸                   43.2% 768.00kB/1.74MB [19s] 
Writing at 0x0034103a ━━━━━━━━━━━━━                   44.1% 784.00kB/1.74MB [19s] 
Writing at 0x00346e58 ━━━━━━━━━━━━━                   45.0% 800.00kB/1.74MB [20s] 
Writing at 0x00351dfb ━━━━━━━━━━━━━╸                  45.9% 816.00kB/1.74MB [20s] 
Writing at 0x0035e0fe ━━━━━━━━━━━━━━                  46.8% 832.00kB/1.74MB [21s] 
Writing at 0x00365251 ━━━━━━━━━━━━━━                  47.7% 848.00kB/1.74MB [21s] 
Writing at 0x0036c756 ━━━━━━━━━━━━━━╸                 48.6% 864.00kB/1.74MB [21s] 
Writing at 0x003734e2 ━━━━━━━━━━━━━━╸                 49.5% 880.00kB/1.74MB [22s] 
Writing at 0x0037951b ━━━━━━━━━━━━━━━                 50.4% 896.00kB/1.74MB [22s] 
Writing at 0x0037f272 ━━━━━━━━━━━━━━━                 51.3% 912.00kB/1.74MB [23s] 
Writing at 0x003858dc ━━━━━━━━━━━━━━━╸                52.2% 928.00kB/1.74MB [23s] 
Writing at 0x0038bc7e ━━━━━━━━━━━━━━━╸                53.1% 944.00kB/1.74MB [24s] 
Writing at 0x00391777 ━━━━━━━━━━━━━━━━                54.0% 960.00kB/1.74MB [24s] 
Writing at 0x00396e8c ━━━━━━━━━━━━━━━━                54.9% 976.00kB/1.74MB [24s] 
Writing at 0x003a30b8 ━━━━━━━━━━━━━━━━╸               55.8% 992.00kB/1.74MB [25s] 
Writing at 0x003aca9c ━━━━━━━━━━━━━━━━╸               56.6% 1008.00kB/1.74MB [25s] 
Writing at 0x003b3096 ━━━━━━━━━━━━━━━━━               57.5% 1.00MB/1.74MB [26s] 
Writing at 0x003b917e ━━━━━━━━━━━━━━━━━╸              58.4% 1.02MB/1.74MB [26s] 
Writing at 0x003bf0ed ━━━━━━━━━━━━━━━━━╸              59.3% 1.03MB/1.74MB [26s] 
Writing at 0x003c4727 ━━━━━━━━━━━━━━━━━━              60.2% 1.05MB/1.74MB [27s] 
Writing at 0x003cbe81 ━━━━━━━━━━━━━━━━━━              61.1% 1.06MB/1.74MB [27s] 
Writing at 0x003d2bfa ━━━━━━━━━━━━━━━━━━╸             62.0% 1.08MB/1.74MB [28s] 
Writing at 0x003d8968 ━━━━━━━━━━━━━━━━━━╸             62.9% 1.09MB/1.74MB [28s] 
Writing at 0x003e1854 ━━━━━━━━━━━━━━━━━━━             63.8% 1.11MB/1.74MB [28s] 
Writing at 0x003e8154 ━━━━━━━━━━━━━━━━━━━             64.7% 1.12MB/1.74MB [29s] 
Writing at 0x003edc7b ━━━━━━━━━━━━━━━━━━━╸            65.6% 1.14MB/1.74MB [29s] 
Writing at 0x003f533d ━━━━━━━━━━━━━━━━━━━╸            66.5% 1.16MB/1.74MB [30s] 
Writing at 0x003fbdb7 ━━━━━━━━━━━━━━━━━━━━            67.4% 1.17MB/1.74MB [30s] 
Writing at 0x004030be ━━━━━━━━━━━━━━━━━━━━╸           68.3% 1.19MB/1.74MB [31s] 
Writing at 0x0040af88 ━━━━━━━━━━━━━━━━━━━━╸           69.2% 1.20MB/1.74MB [31s] 
Writing at 0x00413088 ━━━━━━━━━━━━━━━━━━━━━           70.1% 1.22MB/1.74MB [31s] 
Writing at 0x0041883a ━━━━━━━━━━━━━━━━━━━━━           71.0% 1.23MB/1.74MB [32s] 
Writing at 0x00420d81 ━━━━━━━━━━━━━━━━━━━━━╸          71.9% 1.25MB/1.74MB [32s] 
Writing at 0x004279ce ━━━━━━━━━━━━━━━━━━━━━╸          72.8% 1.27MB/1.74MB [33s] 
Writing at 0x0042dc12 ━━━━━━━━━━━━━━━━━━━━━━          73.7% 1.28MB/1.74MB [33s] 
Writing at 0x00433f0e ━━━━━━━━━━━━━━━━━━━━━━          74.6% 1.30MB/1.74MB [33s] 
Writing at 0x004399b7 ━━━━━━━━━━━━━━━━━━━━━━╸         75.5% 1.31MB/1.74MB [34s] 
Writing at 0x0044093c ━━━━━━━━━━━━━━━━━━━━━━╸         76.4% 1.33MB/1.74MB [34s] 
Writing at 0x004472d7 ━━━━━━━━━━━━━━━━━━━━━━━         77.3% 1.34MB/1.74MB [35s] 
Writing at 0x0044da70 ━━━━━━━━━━━━━━━━━━━━━━━         78.2% 1.36MB/1.74MB [35s] 
Writing at 0x00452f62 ━━━━━━━━━━━━━━━━━━━━━━━╸        79.1% 1.38MB/1.74MB [35s] 
Writing at 0x00458a70 ━━━━━━━━━━━━━━━━━━━━━━━━        80.0% 1.39MB/1.74MB [36s] 
Writing at 0x0045e30e ━━━━━━━━━━━━━━━━━━━━━━━━        80.9% 1.41MB/1.74MB [36s] 
Writing at 0x00463c1b ━━━━━━━━━━━━━━━━━━━━━━━━╸       81.8% 1.42MB/1.74MB [37s] 
Writing at 0x00469a1c ━━━━━━━━━━━━━━━━━━━━━━━━╸       82.7% 1.44MB/1.74MB [37s] 
Writing at 0x00470061 ━━━━━━━━━━━━━━━━━━━━━━━━━       83.6% 1.45MB/1.74MB [37s] 
Writing at 0x00475f56 ━━━━━━━━━━━━━━━━━━━━━━━━━       84.5% 1.47MB/1.74MB [38s] 
Writing at 0x0047bf16 ━━━━━━━━━━━━━━━━━━━━━━━━━╸      85.4% 1.48MB/1.74MB [38s] 
Writing at 0x0048208f ━━━━━━━━━━━━━━━━━━━━━━━━━╸      86.3% 1.50MB/1.74MB [39s] 
Writing at 0x0048811c ━━━━━━━━━━━━━━━━━━━━━━━━━━      87.2% 1.52MB/1.74MB [39s] 
Writing at 0x0048dffd ━━━━━━━━━━━━━━━━━━━━━━━━━━      88.1% 1.53MB/1.74MB [39s] 
Writing at 0x0049372f ━━━━━━━━━━━━━━━━━━━━━━━━━━╸     89.0% 1.55MB/1.74MB [40s] 
Writing at 0x0049977e ━━━━━━━━━━━━━━━━━━━━━━━━━━╸     89.9% 1.56MB/1.74MB [40s] 
Writing at 0x0049f8fd ━━━━━━━━━━━━━━━━━━━━━━━━━━━     90.8% 1.58MB/1.74MB [41s] 
Writing at 0x004a5884 ━━━━━━━━━━━━━━━━━━━━━━━━━━━╸    91.7% 1.59MB/1.74MB [41s] 
Writing at 0x004ad7e4 ━━━━━━━━━━━━━━━━━━━━━━━━━━━╸    92.6% 1.61MB/1.74MB [41s] 
Writing at 0x004b9d40 ━━━━━━━━━━━━━━━━━━━━━━━━━━━━    93.5% 1.62MB/1.74MB [42s] 
Writing at 0x004c2ad8 ━━━━━━━━━━━━━━━━━━━━━━━━━━━━    94.4% 1.64MB/1.74MB [42s] 
Writing at 0x004ca1e1 ━━━━━━━━━━━━━━━━━━━━━━━━━━━━╸   95.3% 1.66MB/1.74MB [43s] 
Writing at 0x004d0750 ━━━━━━━━━━━━━━━━━━━━━━━━━━━━╸   96.2% 1.67MB/1.74MB [43s] 
Writing at 0x004d666c ━━━━━━━━━━━━━━━━━━━━━━━━━━━━━   97.1% 1.69MB/1.74MB [44s] 
Writing at 0x004dc540 ━━━━━━━━━━━━━━━━━━━━━━━━━━━━━   98.0% 1.70MB/1.74MB [44s] 
Writing at 0x004e1b78 ━━━━━━━━━━━━━━━━━━━━━━━━━━━━━╸  98.9% 1.72MB/1.74MB [44s] 
Writing at 0x004e8be5 ━━━━━━━━━━━━━━━━━━━━━━━━━━━━━╸  99.8% 1.73MB/1.74MB [45s] 
Writing at 0x004eb000 ━━━━━━━━━━━━━━━━━━━━━━━━━━━━━━ 100.0% 1.74MB/1.74MB [45s] 
Wrote 3059712 bytes (1822076 compressed) at 0x00200000 in 42.7 seconds (573.3 kbit/s).
Verifying written data...
Hash of data verified.

Hard resetting via RTS pin...
