CPU1 SMP online
NuttShell (NSH)
nsh> 
HOST_COMMAND 2026-09-16T02:52:48.111559+00:00 ifdown wlan0
OK
nsh> 
HOST_COMMAND 2026-09-16T02:52:48.111608+00:00 ifconfig
wlan0 at DOWN inet addr:0.0.0.0
nsh> 
HOST_COMMAND 2026-09-16T02:52:48.111628+00:00 uname -a
OK
nsh> 
HOST_COMMAND 2026-09-16T02:52:48.111645+00:00 ps
7 7 showinfo -i 60
nsh> 
HOST_COMMAND 2026-09-16T02:52:48.111657+00:00 free
OK
nsh> 
HOST_SET_TIME date -u -s "Nov 14 22:13:22 2023"
time set
nsh> 
HOST_COMMAND 2026-09-16T02:52:48.111756+00:00 showinfo -i 60 &
showinfo [7:100]
nsh> 
HOST_COMMAND 2026-09-16T02:52:48.111782+00:00 date -u +%Y-%m-%dT%H:%M:%S
2023-11-14T22:13:22
nsh> 
HOST_COMMAND 2026-09-16T02:52:48.112067+00:00 free
OK
nsh> [CPU0] 528380 5652 522728 38784 507896 7 2 0.3%
[CPU0] 528380 5652 522728 38784 507896 7 2 0.3%
[CPU0] 528380 5652 522728 38784 507896 7 2 0.3%
[CPU0] 528380 5652 522728 38784 507896 7 2 0.3%
[CPU0] 528380 5652 522728 38784 507896 7 2 0.3%
[CPU0] 528380 5652 522728 38784 507896 7 2 0.3%
[CPU0] 528380 5652 522728 38784 507896 7 2 0.3%
[CPU0] 528380 5652 522728 38784 507896 7 2 0.3%
[CPU0] 528380 5652 522728 38784 507896 7 2 0.3%
[CPU0] 528380 5652 522728 38784 507896 7 2 0.3%
[CPU0] 528380 5652 522728 38784 507896 7 2 0.3%
[CPU0] 528380 5652 522728 38784 507896 7 2 0.3%
[CPU0] 528380 5652 522728 38784 507896 7 2 0.3%
[CPU0] 528380 5652 522728 38784 507896 7 2 0.3%
[CPU0] 528380 5652 522728 38784 507896 7 2 0.3%
[CPU0] 528380 5652 522728 38784 507896 7 2 0.3%
[CPU0] 528380 5652 522728 38784 507896 7 2 0.3%
[CPU0] 528380 5652 522728 38784 507896 7 2 0.3%
[CPU0] 528380 5652 522728 38784 507896 7 2 0.3%
[CPU0] 528380 5652 522728 38784 507896 7 2 0.3%
[CPU0] 528380 5652 522728 38784 507896 7 2 0.3%
[CPU0] 528380 5652 522728 38784 507896 7 2 0.3%
[CPU0] 528380 5652 522728 38784 507896 7 2 0.3%
[CPU0] 528380 5652 522728 38784 507896 7 2 0.3%
[CPU0] 528380 5652 522728 38784 507896 7 2 0.3%
[CPU0] 528380 5652 522728 38784 507896 7 2 0.3%
[CPU0] 528380 5652 522728 38784 507896 7 2 0.3%
[CPU0] 528380 5652 522728 38784 507896 7 2 0.3%
[CPU0] 528380 5652 522728 38784 507896 7 2 0.3%
[CPU0] 528380 5652 522728 38784 507896 7 2 0.3%
[CPU0] 528380 5652 522728 38784 507896 7 2 0.3%
[CPU0] 528380 5652 522728 38784 507896 7 2 0.3%
[CPU0] 528380 5652 522728 38784 507896 7 2 0.3%
[CPU0] 528380 5652 522728 38784 507896 7 2 0.3%
[CPU0] 528380 5652 522728 38784 507896 7 2 0.3%
[CPU0] 528380 5652 522728 38784 507896 7 2 0.3%
[CPU0] 528380 5652 522728 38784 507896 7 2 0.3%
[CPU0] 528380 5652 522728 38784 507896 7 2 0.3%
[CPU0] 528380 5652 522728 38784 507896 7 2 0.3%
[CPU0] 528380 5652 522728 38784 507896 7 2 0.3%
[CPU0] 528380 5652 522728 38784 507896 7 2 0.3%
[CPU0] 528380 5652 522728 38784 507896 7 2 0.3%
[CPU0] 528380 5652 522728 38784 507896 7 2 0.3%
[CPU0] 528380 5652 522728 38784 507896 7 2 0.3%
[CPU0] 528380 5652 522728 38784 507896 7 2 0.3%
[CPU0] 528380 5652 522728 38784 507896 7 2 0.3%
[CPU0] 528380 5652 522728 38784 507896 7 2 0.3%
[CPU0] 528380 5652 522728 38784 507896 7 2 0.3%
[CPU0] 528380 5652 522728 38784 507896 7 2 0.3%
[CPU0] 528380 5652 522728 38784 507896 7 2 0.3%
[CPU0] 528380 5652 522728 38784 507896 7 2 0.3%
[CPU0] 528380 5652 522728 38784 507896 7 2 0.3%
[CPU0] 528380 5652 522728 38784 507896 7 2 0.3%
[CPU0] 528380 5652 522728 38784 507896 7 2 0.3%
[CPU0] 528380 5652 522728 38784 507896 7 2 0.3%
[CPU0] 528380 5652 522728 38784 507896 7 2 0.3%
[CPU0] 528380 5652 522728 38784 507896 7 2 0.3%
[CPU0] 528380 5652 522728 38784 507896 7 2 0.3%
[CPU0] 528380 5652 522728 38784 507896 7 2 0.3%
[CPU0] 528380 5652 522728 38784 507896 7 2 0.3%
[CPU0] 528380 5652 522728 38784 507896 7 2 0.3%
[CPU0] 528380 5652 522728 38784 507896 7 2 0.3%
[CPU0] 528380 5652 522728 38784 507896 7 2 0.3%
[CPU0] 528380 5652 522728 38784 507896 7 2 0.3%
[CPU0] 528380 5652 522728 38784 507896 7 2 0.3%
[CPU0] 528380 5652 522728 38784 507896 7 2 0.3%
[CPU0] 528380 5652 522728 38784 507896 7 2 0.3%
[CPU0] 528380 5652 522728 38784 507896 7 2 0.3%
[CPU0] 528380 5652 522728 38784 507896 7 2 0.3%
[CPU0] 528380 5652 522728 38784 507896 7 2 0.3%
[CPU0] 528380 5652 522728 38784 507896 7 2 0.3%
[CPU0] 528380 5652 522728 38784 507896 7 2 0.3%
[CPU0] 528380 5652 522728 38784 507896 7 2 0.3%
[CPU0] 528380 5652 522728 38784 507896 7 2 0.3%
[CPU0] 528380 5652 522728 38784 507896 7 2 0.3%
[CPU0] 528380 5652 522728 38784 507896 7 2 0.3%
[CPU0] 528380 5652 522728 38784 507896 7 2 0.3%
[CPU0] 528380 5652 522728 38784 507896 7 2 0.3%
[CPU0] 528380 5652 522728 38784 507896 7 2 0.3%
[CPU0] 528380 5652 522728 38784 507896 7 2 0.3%
[CPU0] 528380 5652 522728 38784 507896 7 2 0.3%
[CPU0] 528380 5652 522728 38784 507896 7 2 0.3%
[CPU0] 528380 5652 522728 38784 507896 7 2 0.3%
[CPU0] 528380 5652 522728 38784 507896 7 2 0.3%
[CPU0] 528380 5652 522728 38784 507896 7 2 0.3%
[CPU0] 528380 5652 522728 38784 507896 7 2 0.3%
[CPU0] 528380 5652 522728 38784 507896 7 2 0.3%
[CPU0] 528380 5652 522728 38784 507896 7 2 0.3%
[CPU0] 528380 5652 522728 38784 507896 7 2 0.3%
[CPU0] 528380 5652 522728 38784 507896 7 2 0.3%
[CPU0] 528380 5652 522728 38784 507896 7 2 0.3%
[CPU0] 528380 5652 522728 38784 507896 7 2 0.3%
[CPU0] 528380 5652 522728 38784 507896 7 2 0.3%
[CPU0] 528380 5652 522728 38784 507896 7 2 0.3%
[CPU0] 528380 5652 522728 38784 507896 7 2 0.3%
[CPU0] 528380 5652 522728 38784 507896 7 2 0.3%
[CPU0] 528380 5652 522728 38784 507896 7 2 0.3%
[CPU0] 528380 5652 522728 38784 507896 7 2 0.3%
[CPU0] 528380 5652 522728 38784 507896 7 2 0.3%
[CPU0] 528380 5652 522728 38784 507896 7 2 0.3%
[CPU0] 528380 5652 522728 38784 507896 7 2 0.3%
[CPU0] 528380 5652 522728 38784 507896 7 2 0.3%
[CPU0] 528380 5652 522728 38784 507896 7 2 0.3%
[CPU0] 528380 5652 522728 38784 507896 7 2 0.3%
[CPU0] 528380 5652 522728 38784 507896 7 2 0.3%
[CPU0] 528380 5652 522728 38784 507896 7 2 0.3%
[CPU0] 528380 5652 522728 38784 507896 7 2 0.3%
[CPU0] 528380 5652 522728 38784 507896 7 2 0.3%
[CPU0] 528380 5652 522728 38784 507896 7 2 0.3%
[CPU0] 528380 5652 522728 38784 507896 7 2 0.3%
[CPU0] 528380 5652 522728 38784 507896 7 2 0.3%
[CPU0] 528380 5652 522728 38784 507896 7 2 0.3%
[CPU0] 528380 5652 522728 38784 507896 7 2 0.3%
[CPU0] 528380 5652 522728 38784 507896 7 2 0.3%
[CPU0] 528380 5652 522728 38784 507896 7 2 0.3%
[CPU0] 528380 5652 522728 38784 507896 7 2 0.3%
[CPU0] 528380 5652 522728 38784 507896 7 2 0.3%
[CPU0] 528380 5652 522728 38784 507896 7 2 0.3%
[CPU0] 528380 5652 522728 38784 507896 7 2 0.3%
[CPU0] 528380 5652 522728 38784 507896 7 2 0.3%
[CPU0] 528380 5652 522728 38784 507896 7 2 0.3%
[CPU0] 528380 5652 522728 38784 507896 7 2 0.3%
[CPU0] 528380 5652 522728 38784 507896 7 2 0.3%
[CPU0] 528380 5652 522728 38784 507896 7 2 0.3%
[CPU0] 528380 5652 522728 38784 507896 7 2 0.3%
[CPU0] 528380 5652 522728 38784 507896 7 2 0.3%
[CPU0] 528380 5652 522728 38784 507896 7 2 0.3%
[CPU0] 528380 5652 522728 38784 507896 7 2 0.3%
[CPU0] 528380 5652 522728 38784 507896 7 2 0.3%
[CPU0] 528380 5652 522728 38784 507896 7 2 0.3%
[CPU0] 528380 5652 522728 38784 507896 7 2 0.3%
[CPU0] 528380 5652 522728 38784 507896 7 2 0.3%
[CPU0] 528380 5652 522728 38784 507896 7 2 0.3%
[CPU0] 528380 5652 522728 38784 507896 7 2 0.3%
[CPU0] 528380 5652 522728 38784 507896 7 2 0.3%
[CPU0] 528380 5652 522728 38784 507896 7 2 0.3%
[CPU0] 528380 5652 522728 38784 507896 7 2 0.3%
[CPU0] 528380 5652 522728 38784 507896 7 2 0.3%
[CPU0] 528380 5652 522728 38784 507896 7 2 0.3%
[CPU0] 528380 5652 522728 38784 507896 7 2 0.3%
[CPU0] 528380 5652 522728 38784 507896 7 2 0.3%
[CPU0] 528380 5652 522728 38784 507896 7 2 0.3%
[CPU0] 528380 5652 522728 38784 507896 7 2 0.3%
[CPU0] 528380 5652 522728 38784 507896 7 2 0.3%
[CPU0] 528380 5652 522728 38784 507896 7 2 0.3%
[CPU0] 528380 5652 522728 38784 507896 7 2 0.3%
[CPU0] 528380 5652 522728 38784 507896 7 2 0.3%
[CPU0] 528380 5652 522728 38784 507896 7 2 0.3%
[CPU0] 528380 5652 522728 38784 507896 7 2 0.3%
[CPU0] 528380 5652 522728 38784 507896 7 2 0.3%
[CPU0] 528380 5652 522728 38784 507896 7 2 0.3%
[CPU0] 528380 5652 522728 38784 507896 7 2 0.3%
[CPU0] 528380 5652 522728 38784 507896 7 2 0.3%
[CPU0] 528380 5652 522728 38784 507896 7 2 0.3%
[CPU0] 528380 5652 522728 38784 507896 7 2 0.3%
[CPU0] 528380 5652 522728 38784 507896 7 2 0.3%
[CPU0] 528380 5652 522728 38784 507896 7 2 0.3%
[CPU0] 528380 5652 522728 38784 507896 7 2 0.3%
[CPU0] 528380 5652 522728 38784 507896 7 2 0.3%
[CPU0] 528380 5652 522728 38784 507896 7 2 0.3%
[CPU0] 528380 5652 522728 38784 507896 7 2 0.3%
[CPU0] 528380 5652 522728 38784 507896 7 2 0.3%
[CPU0] 528380 5652 522728 38784 507896 7 2 0.3%
[CPU0] 528380 5652 522728 38784 507896 7 2 0.3%
[CPU0] 528380 5652 522728 38784 507896 7 2 0.3%
[CPU0] 528380 5652 522728 38784 507896 7 2 0.3%
[CPU0] 528380 5652 522728 38784 507896 7 2 0.3%
[CPU0] 528380 5652 522728 38784 507896 7 2 0.3%
[CPU0] 528380 5652 522728 38784 507896 7 2 0.3%
[CPU0] 528380 5652 522728 38784 507896 7 2 0.3%
[CPU0] 528380 5652 522728 38784 507896 7 2 0.3%
[CPU0] 528380 5652 522728 38784 507896 7 2 0.3%
[CPU0] 528380 5652 522728 38784 507896 7 2 0.3%
[CPU0] 528380 5652 522728 38784 507896 7 2 0.3%
[CPU0] 528380 5652 522728 38784 507896 7 2 0.3%
[CPU0] 528380 5652 522728 38784 507896 7 2 0.3%
[CPU0] 528380 5652 522728 38784 507896 7 2 0.3%
[CPU0] 528380 5652 522728 38784 507896 7 2 0.3%
[CPU0] 528380 5652 522728 38784 507896 7 2 0.3%
[CPU0] 528380 5652 522728 38784 507896 7 2 0.3%
[CPU0] 528380 5652 522728 38784 507896 7 2 0.3%
[CPU0] 528380 5652 522728 38784 507896 7 2 0.3%
[CPU0] 528380 5652 522728 38784 507896 7 2 0.3%
[CPU0] 528380 5652 522728 38784 507896 7 2 0.3%
[CPU0] 528380 5652 522728 38784 507896 7 2 0.3%
[CPU0] 528380 5652 522728 38784 507896 7 2 0.3%
[CPU0] 528380 5652 522728 38784 507896 7 2 0.3%
[CPU0] 528380 5652 522728 38784 507896 7 2 0.3%
[CPU0] 528380 5652 522728 38784 507896 7 2 0.3%
[CPU0] 528380 5652 522728 38784 507896 7 2 0.3%
[CPU0] 528380 5652 522728 38784 507896 7 2 0.3%
[CPU0] 528380 5652 522728 38784 507896 7 2 0.3%
[CPU0] 528380 5652 522728 38784 507896 7 2 0.3%
[CPU0] 528380 5652 522728 38784 507896 7 2 0.3%
[CPU0] 528380 5652 522728 38784 507896 7 2 0.3%
[CPU0] 528380 5652 522728 38784 507896 7 2 0.3%
[CPU0] 528380 5652 522728 38784 507896 7 2 0.3%
[CPU0] 528380 5652 522728 38784 507896 7 2 0.3%
[CPU0] 528380 5652 522728 38784 507896 7 2 0.3%
[CPU0] 528380 5652 522728 38784 507896 7 2 0.3%
[CPU0] 528380 5652 522728 38784 507896 7 2 0.3%
[CPU0] 528380 5652 522728 38784 507896 7 2 0.3%
[CPU0] 528380 5652 522728 38784 507896 7 2 0.3%
[CPU0] 528380 5652 522728 38784 507896 7 2 0.3%
[CPU0] 528380 5652 522728 38784 507896 7 2 0.3%
[CPU0] 528380 5652 522728 38784 507896 7 2 0.3%
[CPU0] 528380 5652 522728 38784 507896 7 2 0.3%
[CPU0] 528380 5652 522728 38784 507896 7 2 0.3%
[CPU0] 528380 5652 522728 38784 507896 7 2 0.3%
[CPU0] 528380 5652 522728 38784 507896 7 2 0.3%
[CPU0] 528380 5652 522728 38784 507896 7 2 0.3%
[CPU0] 528380 5652 522728 38784 507896 7 2 0.3%
[CPU0] 528380 5652 522728 38784 507896 7 2 0.3%
[CPU0] 528380 5652 522728 38784 507896 7 2 0.3%
[CPU0] 528380 5652 522728 38784 507896 7 2 0.3%
[CPU0] 528380 5652 522728 38784 507896 7 2 0.3%
[CPU0] 528380 5652 522728 38784 507896 7 2 0.3%
[CPU0] 528380 5652 522728 38784 507896 7 2 0.3%
[CPU0] 528380 5652 522728 38784 507896 7 2 0.3%
[CPU0] 528380 5652 522728 38784 507896 7 2 0.3%
[CPU0] 528380 5652 522728 38784 507896 7 2 0.3%
[CPU0] 528380 5652 522728 38784 507896 7 2 0.3%
[CPU0] 528380 5652 522728 38784 507896 7 2 0.3%
[CPU0] 528380 5652 522728 38784 507896 7 2 0.3%
[CPU0] 528380 5652 522728 38784 507896 7 2 0.3%
[CPU0] 528380 5652 522728 38784 507896 7 2 0.3%
[CPU0] 528380 5652 522728 38784 507896 7 2 0.3%
[CPU0] 528380 5652 522728 38784 507896 7 2 0.3%
[CPU0] 528380 5652 522728 38784 507896 7 2 0.3%
[CPU0] 528380 5652 522728 38784 507896 7 2 0.3%
[CPU0] 528380 5652 522728 38784 507896 7 2 0.3%
[CPU0] 528380 5652 522728 38784 507896 7 2 0.3%
[CPU0] 528380 5652 522728 38784 507896 7 2 0.3%
[CPU0] 528380 5652 522728 38784 507896 7 2 0.3%
[CPU0] 528380 5652 522728 38784 507896 7 2 0.3%
[CPU0] 528380 5652 522728 38784 507896 7 2 0.3%
[CPU0] 528380 5652 522728 38784 507896 7 2 0.3%
[CPU0] 528380 5652 522728 38784 507896 7 2 0.3%
[CPU0] 528380 5652 522728 38784 507896 7 2 0.3%
[CPU0] 528380 5652 522728 38784 507896 7 2 0.3%
[CPU0] 528380 5652 522728 38784 507896 7 2 0.3%
[CPU0] 528380 5652 522728 38784 507896 7 2 0.3%
[CPU0] 528380 5652 522728 38784 507896 7 2 0.3%
[CPU0] 528380 5652 522728 38784 507896 7 2 0.3%
[CPU0] 528380 5652 522728 38784 507896 7 2 0.3%
[CPU0] 528380 5652 522728 38784 507896 7 2 0.3%
[CPU0] 528380 5652 522728 38784 507896 7 2 0.3%
[CPU0] 528380 5652 522728 38784 507896 7 2 0.3%
[CPU0] 528380 5652 522728 38784 507896 7 2 0.3%
[CPU0] 528380 5652 522728 38784 507896 7 2 0.3%
[CPU0] 528380 5652 522728 38784 507896 7 2 0.3%
[CPU0] 528380 5652 522728 38784 507896 7 2 0.3%
[CPU0] 528380 5652 522728 38784 507896 7 2 0.3%
[CPU0] 528380 5652 522728 38784 507896 7 2 0.3%
[CPU0] 528380 5652 522728 38784 507896 7 2 0.3%
[CPU0] 528380 5652 522728 38784 507896 7 2 0.3%
[CPU0] 528380 5652 522728 38784 507896 7 2 0.3%
[CPU0] 528380 5652 522728 38784 507896 7 2 0.3%
[CPU0] 528380 5652 522728 38784 507896 7 2 0.3%
[CPU0] 528380 5652 522728 38784 507896 7 2 0.3%
[CPU0] 528380 5652 522728 38784 507896 7 2 0.3%
[CPU0] 528380 5652 522728 38784 507896 7 2 0.3%
[CPU0] 528380 5652 522728 38784 507896 7 2 0.3%
[CPU0] 528380 5652 522728 38784 507896 7 2 0.3%
[CPU0] 528380 5652 522728 38784 507896 7 2 0.3%
[CPU0] 528380 5652 522728 38784 507896 7 2 0.3%
[CPU0] 528380 5652 522728 38784 507896 7 2 0.3%
[CPU0] 528380 5652 522728 38784 507896 7 2 0.3%
[CPU0] 528380 5652 522728 38784 507896 7 2 0.3%
[CPU0] 528380 5652 522728 38784 507896 7 2 0.3%
[CPU0] 528380 5652 522728 38784 507896 7 2 0.3%
[CPU0] 528380 5652 522728 38784 507896 7 2 0.3%
[CPU0] 528380 5652 522728 38784 507896 7 2 0.3%
[CPU0] 528380 5652 522728 38784 507896 7 2 0.3%
[CPU0] 528380 5652 522728 38784 507896 7 2 0.3%
[CPU0] 528380 5652 522728 38784 507896 7 2 0.3%
[CPU0] 528380 5652 522728 38784 507896 7 2 0.3%
[CPU0] 528380 5652 522728 38784 507896 7 2 0.3%
[CPU0] 528380 5652 522728 38784 507896 7 2 0.3%
[CPU0] 528380 5652 522728 38784 507896 7 2 0.3%
[CPU0] 528380 5652 522728 38784 507896 7 2 0.3%
[CPU0] 528380 5652 522728 38784 507896 7 2 0.3%
[CPU0] 528380 5652 522728 38784 507896 7 2 0.3%
[CPU0] 528380 5652 522728 38784 507896 7 2 0.3%
[CPU0] 528380 5652 522728 38784 507896 7 2 0.3%
[CPU0] 528380 5652 522728 38784 507896 7 2 0.3%
[CPU0] 528380 5652 522728 38784 507896 7 2 0.3%
[CPU0] 528380 5652 522728 38784 507896 7 2 0.3%
[CPU0] 528380 5652 522728 38784 507896 7 2 0.3%
[CPU0] 528380 5652 522728 38784 507896 7 2 0.3%
[CPU0] 528380 5652 522728 38784 507896 7 2 0.3%
[CPU0] 528380 5652 522728 38784 507896 7 2 0.3%
[CPU0] 528380 5652 522728 38784 507896 7 2 0.3%
[CPU0] 528380 5652 522728 38784 507896 7 2 0.3%
[CPU0] 528380 5652 522728 38784 507896 7 2 0.3%
[CPU0] 528380 5652 522728 38784 507896 7 2 0.3%
[CPU0] 528380 5652 522728 38784 507896 7 2 0.3%
[CPU0] 528380 5652 522728 38784 507896 7 2 0.3%
[CPU0] 528380 5652 522728 38784 507896 7 2 0.3%
[CPU0] 528380 5652 522728 38784 507896 7 2 0.3%
[CPU0] 528380 5652 522728 38784 507896 7 2 0.3%
[CPU0] 528380 5652 522728 38784 507896 7 2 0.3%
[CPU0] 528380 5652 522728 38784 507896 7 2 0.3%
[CPU0] 528380 5652 522728 38784 507896 7 2 0.3%
[CPU0] 528380 5652 522728 38784 507896 7 2 0.3%
[CPU0] 528380 5652 522728 38784 507896 7 2 0.3%
[CPU0] 528380 5652 522728 38784 507896 7 2 0.3%
[CPU0] 528380 5652 522728 38784 507896 7 2 0.3%
[CPU0] 528380 5652 522728 38784 507896 7 2 0.3%
[CPU0] 528380 5652 522728 38784 507896 7 2 0.3%
[CPU0] 528380 5652 522728 38784 507896 7 2 0.3%
[CPU0] 528380 5652 522728 38784 507896 7 2 0.3%
[CPU0] 528380 5652 522728 38784 507896 7 2 0.3%
[CPU0] 528380 5652 522728 38784 507896 7 2 0.3%
[CPU0] 528380 5652 522728 38784 507896 7 2 0.3%
[CPU0] 528380 5652 522728 38784 507896 7 2 0.3%
[CPU0] 528380 5652 522728 38784 507896 7 2 0.3%
[CPU0] 528380 5652 522728 38784 507896 7 2 0.3%
[CPU0] 528380 5652 522728 38784 507896 7 2 0.3%
[CPU0] 528380 5652 522728 38784 507896 7 2 0.3%
[CPU0] 528380 5652 522728 38784 507896 7 2 0.3%
[CPU0] 528380 5652 522728 38784 507896 7 2 0.3%
[CPU0] 528380 5652 522728 38784 507896 7 2 0.3%
[CPU0] 528380 5652 522728 38784 507896 7 2 0.3%
[CPU0] 528380 5652 522728 38784 507896 7 2 0.3%
[CPU0] 528380 5652 522728 38784 507896 7 2 0.3%
[CPU0] 528380 5652 522728 38784 507896 7 2 0.3%
[CPU0] 528380 5652 522728 38784 507896 7 2 0.3%
[CPU0] 528380 5652 522728 38784 507896 7 2 0.3%
[CPU0] 528380 5652 522728 38784 507896 7 2 0.3%
[CPU0] 528380 5652 522728 38784 507896 7 2 0.3%
[CPU0] 528380 5652 522728 38784 507896 7 2 0.3%
[CPU0] 528380 5652 522728 38784 507896 7 2 0.3%
[CPU0] 528380 5652 522728 38784 507896 7 2 0.3%
[CPU0] 528380 5652 522728 38784 507896 7 2 0.3%
[CPU0] 528380 5652 522728 38784 507896 7 2 0.3%
[CPU0] 528380 5652 522728 38784 507896 7 2 0.3%
[CPU0] 528380 5652 522728 38784 507896 7 2 0.3%
[CPU0] 528380 5652 522728 38784 507896 7 2 0.3%
[CPU0] 528380 5652 522728 38784 507896 7 2 0.3%
[CPU0] 528380 5652 522728 38784 507896 7 2 0.3%
[CPU0] 528380 5652 522728 38784 507896 7 2 0.3%
[CPU0] 528380 5652 522728 38784 507896 7 2 0.3%
[CPU0] 528380 5652 522728 38784 507896 7 2 0.3%
[CPU0] 528380 5652 522728 38784 507896 7 2 0.3%
[CPU0] 528380 5652 522728 38784 507896 7 2 0.3%
[CPU0] 528380 5652 522728 38784 507896 7 2 0.3%
[CPU0] 528380 5652 522728 38784 507896 7 2 0.3%
[CPU0] 528380 5652 522728 38784 507896 7 2 0.3%
[CPU0] 528380 5652 522728 38784 507896 7 2 0.3%
[CPU0] 528380 5652 522728 38784 507896 7 2 0.3%
[CPU0] 528380 5652 522728 38784 507896 7 2 0.3%
[CPU0] 528380 5652 522728 38784 507896 7 2 0.3%
[CPU0] 528380 5652 522728 38784 507896 7 2 0.3%
[CPU0] 528380 5652 522728 38784 507896 7 2 0.3%
[CPU0] 528380 5652 522728 38784 507896 7 2 0.3%
[CPU0] 528380 5652 522728 38784 507896 7 2 0.3%
[CPU0] 528380 5652 522728 38784 507896 7 2 0.3%
[CPU0] 528380 5652 522728 38784 507896 7 2 0.3%
[CPU0] 528380 5652 522728 38784 507896 7 2 0.3%
[CPU0] 528380 5652 522728 38784 507896 7 2 0.3%

HOST_COMMAND 2026-09-16T02:52:48.173690+00:00 date -u +%Y-%m-%dT%H:%M:%S
2023-11-15T04:14:22
nsh> 
HOST_COMMAND 2026-09-16T02:52:48.174526+00:00 free
OK
nsh> 
HOST_COMMAND 2026-09-16T02:52:48.174827+00:00 ps
7 7 showinfo -i 60
nsh> [CPU0] 528380 5652 522728 38784 507896 7 2 0.3%
[CPU0] 528380 5652 522728 38784 507896 7 2 0.3%
[CPU0] 528380 5652 522728 38784 507896 7 2 0.3%
[CPU0] 528380 5652 522728 38784 507896 7 2 0.3%
[CPU0] 528380 5652 522728 38784 507896 7 2 0.3%
[CPU0] 528380 5652 522728 38784 507896 7 2 0.3%
[CPU0] 528380 5652 522728 38784 507896 7 2 0.3%
[CPU0] 528380 5652 522728 38784 507896 7 2 0.3%
[CPU0] 528380 5652 522728 38784 507896 7 2 0.3%
[CPU0] 528380 5652 522728 38784 507896 7 2 0.3%
[CPU0] 528380 5652 522728 38784 507896 7 2 0.3%
[CPU0] 528380 5652 522728 38784 507896 7 2 0.3%
[CPU0] 528380 5652 522728 38784 507896 7 2 0.3%
[CPU0] 528380 5652 522728 38784 507896 7 2 0.3%
[CPU0] 528380 5652 522728 38784 507896 7 2 0.3%
[CPU0] 528380 5652 522728 38784 507896 7 2 0.3%
[CPU0] 528380 5652 522728 38784 507896 7 2 0.3%
[CPU0] 528380 5652 522728 38784 507896 7 2 0.3%
[CPU0] 528380 5652 522728 38784 507896 7 2 0.3%
[CPU0] 528380 5652 522728 38784 507896 7 2 0.3%
[CPU0] 528380 5652 522728 38784 507896 7 2 0.3%
[CPU0] 528380 5652 522728 38784 507896 7 2 0.3%
[CPU0] 528380 5652 522728 38784 507896 7 2 0.3%
[CPU0] 528380 5652 522728 38784 507896 7 2 0.3%
[CPU0] 528380 5652 522728 38784 507896 7 2 0.3%
[CPU0] 528380 5652 522728 38784 507896 7 2 0.3%
[CPU0] 528380 5652 522728 38784 507896 7 2 0.3%
[CPU0] 528380 5652 522728 38784 507896 7 2 0.3%
[CPU0] 528380 5652 522728 38784 507896 7 2 0.3%
[CPU0] 528380 5652 522728 38784 507896 7 2 0.3%
[CPU0] 528380 5652 522728 38784 507896 7 2 0.3%
[CPU0] 528380 5652 522728 38784 507896 7 2 0.3%
[CPU0] 528380 5652 522728 38784 507896 7 2 0.3%
[CPU0] 528380 5652 522728 38784 507896 7 2 0.3%
[CPU0] 528380 5652 522728 38784 507896 7 2 0.3%
[CPU0] 528380 5652 522728 38784 507896 7 2 0.3%
[CPU0] 528380 5652 522728 38784 507896 7 2 0.3%
[CPU0] 528380 5652 522728 38784 507896 7 2 0.3%
[CPU0] 528380 5652 522728 38784 507896 7 2 0.3%
[CPU0] 528380 5652 522728 38784 507896 7 2 0.3%
[CPU0] 528380 5652 522728 38784 507896 7 2 0.3%
[CPU0] 528380 5652 522728 38784 507896 7 2 0.3%
[CPU0] 528380 5652 522728 38784 507896 7 2 0.3%
[CPU0] 528380 5652 522728 38784 507896 7 2 0.3%
[CPU0] 528380 5652 522728 38784 507896 7 2 0.3%
[CPU0] 528380 5652 522728 38784 507896 7 2 0.3%
[CPU0] 528380 5652 522728 38784 507896 7 2 0.3%
[CPU0] 528380 5652 522728 38784 507896 7 2 0.3%
[CPU0] 528380 5652 522728 38784 507896 7 2 0.3%
[CPU0] 528380 5652 522728 38784 507896 7 2 0.3%
[CPU0] 528380 5652 522728 38784 507896 7 2 0.3%
[CPU0] 528380 5652 522728 38784 507896 7 2 0.3%
[CPU0] 528380 5652 522728 38784 507896 7 2 0.3%
[CPU0] 528380 5652 522728 38784 507896 7 2 0.3%
[CPU0] 528380 5652 522728 38784 507896 7 2 0.3%
[CPU0] 528380 5652 522728 38784 507896 7 2 0.3%
[CPU0] 528380 5652 522728 38784 507896 7 2 0.3%
[CPU0] 528380 5652 522728 38784 507896 7 2 0.3%
[CPU0] 528380 5652 522728 38784 507896 7 2 0.3%
[CPU0] 528380 5652 522728 38784 507896 7 2 0.3%
[CPU0] 528380 5652 522728 38784 507896 7 2 0.3%
[CPU0] 528380 5652 522728 38784 507896 7 2 0.3%
[CPU0] 528380 5652 522728 38784 507896 7 2 0.3%
[CPU0] 528380 5652 522728 38784 507896 7 2 0.3%
[CPU0] 528380 5652 522728 38784 507896 7 2 0.3%
[CPU0] 528380 5652 522728 38784 507896 7 2 0.3%
[CPU0] 528380 5652 522728 38784 507896 7 2 0.3%
[CPU0] 528380 5652 522728 38784 507896 7 2 0.3%
[CPU0] 528380 5652 522728 38784 507896 7 2 0.3%
[CPU0] 528380 5652 522728 38784 507896 7 2 0.3%
[CPU0] 528380 5652 522728 38784 507896 7 2 0.3%
[CPU0] 528380 5652 522728 38784 507896 7 2 0.3%
[CPU0] 528380 5652 522728 38784 507896 7 2 0.3%
[CPU0] 528380 5652 522728 38784 507896 7 2 0.3%
[CPU0] 528380 5652 522728 38784 507896 7 2 0.3%
[CPU0] 528380 5652 522728 38784 507896 7 2 0.3%
[CPU0] 528380 5652 522728 38784 507896 7 2 0.3%
[CPU0] 528380 5652 522728 38784 507896 7 2 0.3%
[CPU0] 528380 5652 522728 38784 507896 7 2 0.3%
[CPU0] 528380 5652 522728 38784 507896 7 2 0.3%
[CPU0] 528380 5652 522728 38784 507896 7 2 0.3%
[CPU0] 528380 5652 522728 38784 507896 7 2 0.3%
[CPU0] 528380 5652 522728 38784 507896 7 2 0.3%
[CPU0] 528380 5652 522728 38784 507896 7 2 0.3%
[CPU0] 528380 5652 522728 38784 507896 7 2 0.3%
[CPU0] 528380 5652 522728 38784 507896 7 2 0.3%
[CPU0] 528380 5652 522728 38784 507896 7 2 0.3%
[CPU0] 528380 5652 522728 38784 507896 7 2 0.3%
[CPU0] 528380 5652 522728 38784 507896 7 2 0.3%
[CPU0] 528380 5652 522728 38784 507896 7 2 0.3%
[CPU0] 528380 5652 522728 38784 507896 7 2 0.3%
[CPU0] 528380 5652 522728 38784 507896 7 2 0.3%
[CPU0] 528380 5652 522728 38784 507896 7 2 0.3%
[CPU0] 528380 5652 522728 38784 507896 7 2 0.3%
[CPU0] 528380 5652 522728 38784 507896 7 2 0.3%
[CPU0] 528380 5652 522728 38784 507896 7 2 0.3%
[CPU0] 528380 5652 522728 38784 507896 7 2 0.3%
[CPU0] 528380 5652 522728 38784 507896 7 2 0.3%
[CPU0] 528380 5652 522728 38784 507896 7 2 0.3%
[CPU0] 528380 5652 522728 38784 507896 7 2 0.3%
[CPU0] 528380 5652 522728 38784 507896 7 2 0.3%
[CPU0] 528380 5652 522728 38784 507896 7 2 0.3%
[CPU0] 528380 5652 522728 38784 507896 7 2 0.3%
[CPU0] 528380 5652 522728 38784 507896 7 2 0.3%
[CPU0] 528380 5652 522728 38784 507896 7 2 0.3%
[CPU0] 528380 5652 522728 38784 507896 7 2 0.3%
[CPU0] 528380 5652 522728 38784 507896 7 2 0.3%
[CPU0] 528380 5652 522728 38784 507896 7 2 0.3%
[CPU0] 528380 5652 522728 38784 507896 7 2 0.3%
[CPU0] 528380 5652 522728 38784 507896 7 2 0.3%
[CPU0] 528380 5652 522728 38784 507896 7 2 0.3%
[CPU0] 528380 5652 522728 38784 507896 7 2 0.3%
[CPU0] 528380 5652 522728 38784 507896 7 2 0.3%
[CPU0] 528380 5652 522728 38784 507896 7 2 0.3%
[CPU0] 528380 5652 522728 38784 507896 7 2 0.3%
[CPU0] 528380 5652 522728 38784 507896 7 2 0.3%
[CPU0] 528380 5652 522728 38784 507896 7 2 0.3%
[CPU0] 528380 5652 522728 38784 507896 7 2 0.3%
[CPU0] 528380 5652 522728 38784 507896 7 2 0.3%
[CPU0] 528380 5652 522728 38784 507896 7 2 0.3%
[CPU0] 528380 5652 522728 38784 507896 7 2 0.3%
[CPU0] 528380 5652 522728 38784 507896 7 2 0.3%
[CPU0] 528380 5652 522728 38784 507896 7 2 0.3%
[CPU0] 528380 5652 522728 38784 507896 7 2 0.3%
[CPU0] 528380 5652 522728 38784 507896 7 2 0.3%
[CPU0] 528380 5652 522728 38784 507896 7 2 0.3%
[CPU0] 528380 5652 522728 38784 507896 7 2 0.3%
[CPU0] 528380 5652 522728 38784 507896 7 2 0.3%
[CPU0] 528380 5652 522728 38784 507896 7 2 0.3%
[CPU0] 528380 5652 522728 38784 507896 7 2 0.3%
[CPU0] 528380 5652 522728 38784 507896 7 2 0.3%
[CPU0] 528380 5652 522728 38784 507896 7 2 0.3%
[CPU0] 528380 5652 522728 38784 507896 7 2 0.3%
[CPU0] 528380 5652 522728 38784 507896 7 2 0.3%
[CPU0] 528380 5652 522728 38784 507896 7 2 0.3%
[CPU0] 528380 5652 522728 38784 507896 7 2 0.3%
[CPU0] 528380 5652 522728 38784 507896 7 2 0.3%
[CPU0] 528380 5652 522728 38784 507896 7 2 0.3%
[CPU0] 528380 5652 522728 38784 507896 7 2 0.3%
[CPU0] 528380 5652 522728 38784 507896 7 2 0.3%
[CPU0] 528380 5652 522728 38784 507896 7 2 0.3%
[CPU0] 528380 5652 522728 38784 507896 7 2 0.3%
[CPU0] 528380 5652 522728 38784 507896 7 2 0.3%
[CPU0] 528380 5652 522728 38784 507896 7 2 0.3%
[CPU0] 528380 5652 522728 38784 507896 7 2 0.3%
[CPU0] 528380 5652 522728 38784 507896 7 2 0.3%
[CPU0] 528380 5652 522728 38784 507896 7 2 0.3%
[CPU0] 528380 5652 522728 38784 507896 7 2 0.3%
[CPU0] 528380 5652 522728 38784 507896 7 2 0.3%
[CPU0] 528380 5652 522728 38784 507896 7 2 0.3%
[CPU0] 528380 5652 522728 38784 507896 7 2 0.3%
[CPU0] 528380 5652 522728 38784 507896 7 2 0.3%
[CPU0] 528380 5652 522728 38784 507896 7 2 0.3%
[CPU0] 528380 5652 522728 38784 507896 7 2 0.3%
[CPU0] 528380 5652 522728 38784 507896 7 2 0.3%
[CPU0] 528380 5652 522728 38784 507896 7 2 0.3%
[CPU0] 528380 5652 522728 38784 507896 7 2 0.3%
[CPU0] 528380 5652 522728 38784 507896 7 2 0.3%
[CPU0] 528380 5652 522728 38784 507896 7 2 0.3%
[CPU0] 528380 5652 522728 38784 507896 7 2 0.3%
[CPU0] 528380 5652 522728 38784 507896 7 2 0.3%
[CPU0] 528380 5652 522728 38784 507896 7 2 0.3%
[CPU0] 528380 5652 522728 38784 507896 7 2 0.3%
[CPU0] 528380 5652 522728 38784 507896 7 2 0.3%
[CPU0] 528380 5652 522728 38784 507896 7 2 0.3%
[CPU0] 528380 5652 522728 38784 507896 7 2 0.3%
[CPU0] 528380 5652 522728 38784 507896 7 2 0.3%
[CPU0] 528380 5652 522728 38784 507896 7 2 0.3%
[CPU0] 528380 5652 522728 38784 507896 7 2 0.3%
[CPU0] 528380 5652 522728 38784 507896 7 2 0.3%
[CPU0] 528380 5652 522728 38784 507896 7 2 0.3%
[CPU0] 528380 5652 522728 38784 507896 7 2 0.3%
[CPU0] 528380 5652 522728 38784 507896 7 2 0.3%
[CPU0] 528380 5652 522728 38784 507896 7 2 0.3%
[CPU0] 528380 5652 522728 38784 507896 7 2 0.3%
[CPU0] 528380 5652 522728 38784 507896 7 2 0.3%
[CPU0] 528380 5652 522728 38784 507896 7 2 0.3%
[CPU0] 528380 5652 522728 38784 507896 7 2 0.3%
[CPU0] 528380 5652 522728 38784 507896 7 2 0.3%
[CPU0] 528380 5652 522728 38784 507896 7 2 0.3%
[CPU0] 528380 5652 522728 38784 507896 7 2 0.3%
[CPU0] 528380 5652 522728 38784 507896 7 2 0.3%
[CPU0] 528380 5652 522728 38784 507896 7 2 0.3%
[CPU0] 528380 5652 522728 38784 507896 7 2 0.3%
[CPU0] 528380 5652 522728 38784 507896 7 2 0.3%
[CPU0] 528380 5652 522728 38784 507896 7 2 0.3%
[CPU0] 528380 5652 522728 38784 507896 7 2 0.3%
[CPU0] 528380 5652 522728 38784 507896 7 2 0.3%
[CPU0] 528380 5652 522728 38784 507896 7 2 0.3%
[CPU0] 528380 5652 522728 38784 507896 7 2 0.3%
[CPU0] 528380 5652 522728 38784 507896 7 2 0.3%
[CPU0] 528380 5652 522728 38784 507896 7 2 0.3%
[CPU0] 528380 5652 522728 38784 507896 7 2 0.3%
[CPU0] 528380 5652 522728 38784 507896 7 2 0.3%
[CPU0] 528380 5652 522728 38784 507896 7 2 0.3%
[CPU0] 528380 5652 522728 38784 507896 7 2 0.3%
[CPU0] 528380 5652 522728 38784 507896 7 2 0.3%
[CPU0] 528380 5652 522728 38784 507896 7 2 0.3%
[CPU0] 528380 5652 522728 38784 507896 7 2 0.3%
[CPU0] 528380 5652 522728 38784 507896 7 2 0.3%
[CPU0] 528380 5652 522728 38784 507896 7 2 0.3%
[CPU0] 528380 5652 522728 38784 507896 7 2 0.3%
[CPU0] 528380 5652 522728 38784 507896 7 2 0.3%
[CPU0] 528380 5652 522728 38784 507896 7 2 0.3%
[CPU0] 528380 5652 522728 38784 507896 7 2 0.3%
[CPU0] 528380 5652 522728 38784 507896 7 2 0.3%
[CPU0] 528380 5652 522728 38784 507896 7 2 0.3%
[CPU0] 528380 5652 522728 38784 507896 7 2 0.3%
[CPU0] 528380 5652 522728 38784 507896 7 2 0.3%
[CPU0] 528380 5652 522728 38784 507896 7 2 0.3%
[CPU0] 528380 5652 522728 38784 507896 7 2 0.3%
[CPU0] 528380 5652 522728 38784 507896 7 2 0.3%
[CPU0] 528380 5652 522728 38784 507896 7 2 0.3%
[CPU0] 528380 5652 522728 38784 507896 7 2 0.3%
[CPU0] 528380 5652 522728 38784 507896 7 2 0.3%
[CPU0] 528380 5652 522728 38784 507896 7 2 0.3%
[CPU0] 528380 5652 522728 38784 507896 7 2 0.3%
[CPU0] 528380 5652 522728 38784 507896 7 2 0.3%
[CPU0] 528380 5652 522728 38784 507896 7 2 0.3%
[CPU0] 528380 5652 522728 38784 507896 7 2 0.3%
[CPU0] 528380 5652 522728 38784 507896 7 2 0.3%
[CPU0] 528380 5652 522728 38784 507896 7 2 0.3%
[CPU0] 528380 5652 522728 38784 507896 7 2 0.3%
[CPU0] 528380 5652 522728 38784 507896 7 2 0.3%
[CPU0] 528380 5652 522728 38784 507896 7 2 0.3%
[CPU0] 528380 5652 522728 38784 507896 7 2 0.3%
[CPU0] 528380 5652 522728 38784 507896 7 2 0.3%
[CPU0] 528380 5652 522728 38784 507896 7 2 0.3%
[CPU0] 528380 5652 522728 38784 507896 7 2 0.3%
[CPU0] 528380 5652 522728 38784 507896 7 2 0.3%
[CPU0] 528380 5652 522728 38784 507896 7 2 0.3%
[CPU0] 528380 5652 522728 38784 507896 7 2 0.3%
[CPU0] 528380 5652 522728 38784 507896 7 2 0.3%
[CPU0] 528380 5652 522728 38784 507896 7 2 0.3%
[CPU0] 528380 5652 522728 38784 507896 7 2 0.3%
[CPU0] 528380 5652 522728 38784 507896 7 2 0.3%
[CPU0] 528380 5652 522728 38784 507896 7 2 0.3%
[CPU0] 528380 5652 522728 38784 507896 7 2 0.3%
[CPU0] 528380 5652 522728 38784 507896 7 2 0.3%
[CPU0] 528380 5652 522728 38784 507896 7 2 0.3%
[CPU0] 528380 5652 522728 38784 507896 7 2 0.3%
[CPU0] 528380 5652 522728 38784 507896 7 2 0.3%
[CPU0] 528380 5652 522728 38784 507896 7 2 0.3%
[CPU0] 528380 5652 522728 38784 507896 7 2 0.3%
[CPU0] 528380 5652 522728 38784 507896 7 2 0.3%
[CPU0] 528380 5652 522728 38784 507896 7 2 0.3%
[CPU0] 528380 5652 522728 38784 507896 7 2 0.3%
[CPU0] 528380 5652 522728 38784 507896 7 2 0.3%
[CPU0] 528380 5652 522728 38784 507896 7 2 0.3%
[CPU0] 528380 5652 522728 38784 507896 7 2 0.3%
[CPU0] 528380 5652 522728 38784 507896 7 2 0.3%
[CPU0] 528380 5652 522728 38784 507896 7 2 0.3%
[CPU0] 528380 5652 522728 38784 507896 7 2 0.3%
[CPU0] 528380 5652 522728 38784 507896 7 2 0.3%
[CPU0] 528380 5652 522728 38784 507896 7 2 0.3%
[CPU0] 528380 5652 522728 38784 507896 7 2 0.3%
[CPU0] 528380 5652 522728 38784 507896 7 2 0.3%
[CPU0] 528380 5652 522728 38784 507896 7 2 0.3%
[CPU0] 528380 5652 522728 38784 507896 7 2 0.3%
[CPU0] 528380 5652 522728 38784 507896 7 2 0.3%
[CPU0] 528380 5652 522728 38784 507896 7 2 0.3%
[CPU0] 528380 5652 522728 38784 507896 7 2 0.3%
[CPU0] 528380 5652 522728 38784 507896 7 2 0.3%
[CPU0] 528380 5652 522728 38784 507896 7 2 0.3%
[CPU0] 528380 5652 522728 38784 507896 7 2 0.3%
[CPU0] 528380 5652 522728 38784 507896 7 2 0.3%
[CPU0] 528380 5652 522728 38784 507896 7 2 0.3%
[CPU0] 528380 5652 522728 38784 507896 7 2 0.3%
[CPU0] 528380 5652 522728 38784 507896 7 2 0.3%
[CPU0] 528380 5652 522728 38784 507896 7 2 0.3%
[CPU0] 528380 5652 522728 38784 507896 7 2 0.3%
[CPU0] 528380 5652 522728 38784 507896 7 2 0.3%
[CPU0] 528380 5652 522728 38784 507896 7 2 0.3%
[CPU0] 528380 5652 522728 38784 507896 7 2 0.3%
[CPU0] 528380 5652 522728 38784 507896 7 2 0.3%
[CPU0] 528380 5652 522728 38784 507896 7 2 0.3%
[CPU0] 528380 5652 522728 38784 507896 7 2 0.3%
[CPU0] 528380 5652 522728 38784 507896 7 2 0.3%
[CPU0] 528380 5652 522728 38784 507896 7 2 0.3%
[CPU0] 528380 5652 522728 38784 507896 7 2 0.3%
[CPU0] 528380 5652 522728 38784 507896 7 2 0.3%
[CPU0] 528380 5652 522728 38784 507896 7 2 0.3%
[CPU0] 528380 5652 522728 38784 507896 7 2 0.3%
[CPU0] 528380 5652 522728 38784 507896 7 2 0.3%
[CPU0] 528380 5652 522728 38784 507896 7 2 0.3%
[CPU0] 528380 5652 522728 38784 507896 7 2 0.3%
[CPU0] 528380 5652 522728 38784 507896 7 2 0.3%
[CPU0] 528380 5652 522728 38784 507896 7 2 0.3%
[CPU0] 528380 5652 522728 38784 507896 7 2 0.3%
[CPU0] 528380 5652 522728 38784 507896 7 2 0.3%
[CPU0] 528380 5652 522728 38784 507896 7 2 0.3%
[CPU0] 528380 5652 522728 38784 507896 7 2 0.3%
[CPU0] 528380 5652 522728 38784 507896 7 2 0.3%
[CPU0] 528380 5652 522728 38784 507896 7 2 0.3%
[CPU0] 528380 5652 522728 38784 507896 7 2 0.3%
[CPU0] 528380 5652 522728 38784 507896 7 2 0.3%
[CPU0] 528380 5652 522728 38784 507896 7 2 0.3%
[CPU0] 528380 5652 522728 38784 507896 7 2 0.3%
[CPU0] 528380 5652 522728 38784 507896 7 2 0.3%
[CPU0] 528380 5652 522728 38784 507896 7 2 0.3%
[CPU0] 528380 5652 522728 38784 507896 7 2 0.3%
[CPU0] 528380 5652 522728 38784 507896 7 2 0.3%
[CPU0] 528380 5652 522728 38784 507896 7 2 0.3%
[CPU0] 528380 5652 522728 38784 507896 7 2 0.3%
[CPU0] 528380 5652 522728 38784 507896 7 2 0.3%
[CPU0] 528380 5652 522728 38784 507896 7 2 0.3%
[CPU0] 528380 5652 522728 38784 507896 7 2 0.3%
[CPU0] 528380 5652 522728 38784 507896 7 2 0.3%
[CPU0] 528380 5652 522728 38784 507896 7 2 0.3%
[CPU0] 528380 5652 522728 38784 507896 7 2 0.3%
[CPU0] 528380 5652 522728 38784 507896 7 2 0.3%
[CPU0] 528380 5652 522728 38784 507896 7 2 0.3%
[CPU0] 528380 5652 522728 38784 507896 7 2 0.3%
[CPU0] 528380 5652 522728 38784 507896 7 2 0.3%
[CPU0] 528380 5652 522728 38784 507896 7 2 0.3%
[CPU0] 528380 5652 522728 38784 507896 7 2 0.3%
[CPU0] 528380 5652 522728 38784 507896 7 2 0.3%
[CPU0] 528380 5652 522728 38784 507896 7 2 0.3%
[CPU0] 528380 5652 522728 38784 507896 7 2 0.3%
[CPU0] 528380 5652 522728 38784 507896 7 2 0.3%
[CPU0] 528380 5652 522728 38784 507896 7 2 0.3%
[CPU0] 528380 5652 522728 38784 507896 7 2 0.3%
[CPU0] 528380 5652 522728 38784 507896 7 2 0.3%
[CPU0] 528380 5652 522728 38784 507896 7 2 0.3%
[CPU0] 528380 5652 522728 38784 507896 7 2 0.3%
[CPU0] 528380 5652 522728 38784 507896 7 2 0.3%
[CPU0] 528380 5652 522728 38784 507896 7 2 0.3%
[CPU0] 528380 5652 522728 38784 507896 7 2 0.3%
[CPU0] 528380 5652 522728 38784 507896 7 2 0.3%
[CPU0] 528380 5652 522728 38784 507896 7 2 0.3%
[CPU0] 528380 5652 522728 38784 507896 7 2 0.3%
[CPU0] 528380 5652 522728 38784 507896 7 2 0.3%
[CPU0] 528380 5652 522728 38784 507896 7 2 0.3%
[CPU0] 528380 5652 522728 38784 507896 7 2 0.3%
[CPU0] 528380 5652 522728 38784 507896 7 2 0.3%
[CPU0] 528380 5652 522728 38784 507896 7 2 0.3%
[CPU0] 528380 5652 522728 38784 507896 7 2 0.3%
[CPU0] 528380 5652 522728 38784 507896 7 2 0.3%
[CPU0] 528380 5652 522728 38784 507896 7 2 0.3%
[CPU0] 528380 5652 522728 38784 507896 7 2 0.3%
[CPU0] 528380 5652 522728 38784 507896 7 2 0.3%
[CPU0] 528380 5652 522728 38784 507896 7 2 0.3%
[CPU0] 528380 5652 522728 38784 507896 7 2 0.3%
[CPU0] 528380 5652 522728 38784 507896 7 2 0.3%
[CPU0] 528380 5652 522728 38784 507896 7 2 0.3%
[CPU0] 528380 5652 522728 38784 507896 7 2 0.3%
[CPU0] 528380 5652 522728 38784 507896 7 2 0.3%
[CPU0] 528380 5652 522728 38784 507896 7 2 0.3%
[CPU0] 528380 5652 522728 38784 507896 7 2 0.3%
[CPU0] 528380 5652 522728 38784 507896 7 2 0.3%
[CPU0] 528380 5652 522728 38784 507896 7 2 0.3%
[CPU0] 528380 5652 522728 38784 507896 7 2 0.3%
[CPU0] 528380 5652 522728 38784 507896 7 2 0.3%
[CPU0] 528380 5652 522728 38784 507896 7 2 0.3%
[CPU0] 528380 5652 522728 38784 507896 7 2 0.3%
[CPU0] 528380 5652 522728 38784 507896 7 2 0.3%
[CPU0] 528380 5652 522728 38784 507896 7 2 0.3%
[CPU0] 528380 5652 522728 38784 507896 7 2 0.3%
[CPU0] 528380 5652 522728 38784 507896 7 2 0.3%
[CPU0] 528380 5652 522728 38784 507896 7 2 0.3%

HOST_COMMAND 2026-09-16T02:52:48.254068+00:00 date -u +%Y-%m-%dT%H:%M:%S
2023-11-15T10:14:23
nsh> 
HOST_COMMAND 2026-09-16T02:52:48.254872+00:00 free
OK
nsh> 
HOST_COMMAND 2026-09-16T02:52:48.255145+00:00 ps
7 7 showinfo -i 60
nsh> [CPU0] 528380 5652 522728 38784 507896 7 2 0.3%
[CPU0] 528380 5652 522728 38784 507896 7 2 0.3%
[CPU0] 528380 5652 522728 38784 507896 7 2 0.3%
[CPU0] 528380 5652 522728 38784 507896 7 2 0.3%
[CPU0] 528380 5652 522728 38784 507896 7 2 0.3%
[CPU0] 528380 5652 522728 38784 507896 7 2 0.3%
[CPU0] 528380 5652 522728 38784 507896 7 2 0.3%
[CPU0] 528380 5652 522728 38784 507896 7 2 0.3%
[CPU0] 528380 5652 522728 38784 507896 7 2 0.3%
[CPU0] 528380 5652 522728 38784 507896 7 2 0.3%
[CPU0] 528380 5652 522728 38784 507896 7 2 0.3%
[CPU0] 528380 5652 522728 38784 507896 7 2 0.3%
[CPU0] 528380 5652 522728 38784 507896 7 2 0.3%
[CPU0] 528380 5652 522728 38784 507896 7 2 0.3%
[CPU0] 528380 5652 522728 38784 507896 7 2 0.3%
[CPU0] 528380 5652 522728 38784 507896 7 2 0.3%
[CPU0] 528380 5652 522728 38784 507896 7 2 0.3%
[CPU0] 528380 5652 522728 38784 507896 7 2 0.3%
[CPU0] 528380 5652 522728 38784 507896 7 2 0.3%
[CPU0] 528380 5652 522728 38784 507896 7 2 0.3%
[CPU0] 528380 5652 522728 38784 507896 7 2 0.3%
[CPU0] 528380 5652 522728 38784 507896 7 2 0.3%
[CPU0] 528380 5652 522728 38784 507896 7 2 0.3%
[CPU0] 528380 5652 522728 38784 507896 7 2 0.3%
[CPU0] 528380 5652 522728 38784 507896 7 2 0.3%
[CPU0] 528380 5652 522728 38784 507896 7 2 0.3%
[CPU0] 528380 5652 522728 38784 507896 7 2 0.3%
[CPU0] 528380 5652 522728 38784 507896 7 2 0.3%
[CPU0] 528380 5652 522728 38784 507896 7 2 0.3%
[CPU0] 528380 5652 522728 38784 507896 7 2 0.3%
[CPU0] 528380 5652 522728 38784 507896 7 2 0.3%
[CPU0] 528380 5652 522728 38784 507896 7 2 0.3%
[CPU0] 528380 5652 522728 38784 507896 7 2 0.3%
[CPU0] 528380 5652 522728 38784 507896 7 2 0.3%
[CPU0] 528380 5652 522728 38784 507896 7 2 0.3%
[CPU0] 528380 5652 522728 38784 507896 7 2 0.3%
[CPU0] 528380 5652 522728 38784 507896 7 2 0.3%
[CPU0] 528380 5652 522728 38784 507896 7 2 0.3%
[CPU0] 528380 5652 522728 38784 507896 7 2 0.3%
[CPU0] 528380 5652 522728 38784 507896 7 2 0.3%
[CPU0] 528380 5652 522728 38784 507896 7 2 0.3%
[CPU0] 528380 5652 522728 38784 507896 7 2 0.3%
[CPU0] 528380 5652 522728 38784 507896 7 2 0.3%
[CPU0] 528380 5652 522728 38784 507896 7 2 0.3%
[CPU0] 528380 5652 522728 38784 507896 7 2 0.3%
[CPU0] 528380 5652 522728 38784 507896 7 2 0.3%
[CPU0] 528380 5652 522728 38784 507896 7 2 0.3%
[CPU0] 528380 5652 522728 38784 507896 7 2 0.3%
[CPU0] 528380 5652 522728 38784 507896 7 2 0.3%
[CPU0] 528380 5652 522728 38784 507896 7 2 0.3%
[CPU0] 528380 5652 522728 38784 507896 7 2 0.3%
[CPU0] 528380 5652 522728 38784 507896 7 2 0.3%
[CPU0] 528380 5652 522728 38784 507896 7 2 0.3%
[CPU0] 528380 5652 522728 38784 507896 7 2 0.3%
[CPU0] 528380 5652 522728 38784 507896 7 2 0.3%
[CPU0] 528380 5652 522728 38784 507896 7 2 0.3%
[CPU0] 528380 5652 522728 38784 507896 7 2 0.3%
[CPU0] 528380 5652 522728 38784 507896 7 2 0.3%
[CPU0] 528380 5652 522728 38784 507896 7 2 0.3%
[CPU0] 528380 5652 522728 38784 507896 7 2 0.3%
[CPU0] 528380 5652 522728 38784 507896 7 2 0.3%
[CPU0] 528380 5652 522728 38784 507896 7 2 0.3%
[CPU0] 528380 5652 522728 38784 507896 7 2 0.3%
[CPU0] 528380 5652 522728 38784 507896 7 2 0.3%
[CPU0] 528380 5652 522728 38784 507896 7 2 0.3%
[CPU0] 528380 5652 522728 38784 507896 7 2 0.3%
[CPU0] 528380 5652 522728 38784 507896 7 2 0.3%
[CPU0] 528380 5652 522728 38784 507896 7 2 0.3%
[CPU0] 528380 5652 522728 38784 507896 7 2 0.3%
[CPU0] 528380 5652 522728 38784 507896 7 2 0.3%
[CPU0] 528380 5652 522728 38784 507896 7 2 0.3%
[CPU0] 528380 5652 522728 38784 507896 7 2 0.3%
[CPU0] 528380 5652 522728 38784 507896 7 2 0.3%
[CPU0] 528380 5652 522728 38784 507896 7 2 0.3%
[CPU0] 528380 5652 522728 38784 507896 7 2 0.3%
[CPU0] 528380 5652 522728 38784 507896 7 2 0.3%
[CPU0] 528380 5652 522728 38784 507896 7 2 0.3%
[CPU0] 528380 5652 522728 38784 507896 7 2 0.3%
[CPU0] 528380 5652 522728 38784 507896 7 2 0.3%
[CPU0] 528380 5652 522728 38784 507896 7 2 0.3%
[CPU0] 528380 5652 522728 38784 507896 7 2 0.3%
[CPU0] 528380 5652 522728 38784 507896 7 2 0.3%
[CPU0] 528380 5652 522728 38784 507896 7 2 0.3%
[CPU0] 528380 5652 522728 38784 507896 7 2 0.3%
[CPU0] 528380 5652 522728 38784 507896 7 2 0.3%
[CPU0] 528380 5652 522728 38784 507896 7 2 0.3%
[CPU0] 528380 5652 522728 38784 507896 7 2 0.3%
[CPU0] 528380 5652 522728 38784 507896 7 2 0.3%
[CPU0] 528380 5652 522728 38784 507896 7 2 0.3%
[CPU0] 528380 5652 522728 38784 507896 7 2 0.3%
[CPU0] 528380 5652 522728 38784 507896 7 2 0.3%
[CPU0] 528380 5652 522728 38784 507896 7 2 0.3%
[CPU0] 528380 5652 522728 38784 507896 7 2 0.3%
[CPU0] 528380 5652 522728 38784 507896 7 2 0.3%
[CPU0] 528380 5652 522728 38784 507896 7 2 0.3%
[CPU0] 528380 5652 522728 38784 507896 7 2 0.3%
[CPU0] 528380 5652 522728 38784 507896 7 2 0.3%
[CPU0] 528380 5652 522728 38784 507896 7 2 0.3%
[CPU0] 528380 5652 522728 38784 507896 7 2 0.3%
[CPU0] 528380 5652 522728 38784 507896 7 2 0.3%
[CPU0] 528380 5652 522728 38784 507896 7 2 0.3%
[CPU0] 528380 5652 522728 38784 507896 7 2 0.3%
[CPU0] 528380 5652 522728 38784 507896 7 2 0.3%
[CPU0] 528380 5652 522728 38784 507896 7 2 0.3%
[CPU0] 528380 5652 522728 38784 507896 7 2 0.3%
[CPU0] 528380 5652 522728 38784 507896 7 2 0.3%
[CPU0] 528380 5652 522728 38784 507896 7 2 0.3%
[CPU0] 528380 5652 522728 38784 507896 7 2 0.3%
[CPU0] 528380 5652 522728 38784 507896 7 2 0.3%
[CPU0] 528380 5652 522728 38784 507896 7 2 0.3%
[CPU0] 528380 5652 522728 38784 507896 7 2 0.3%
[CPU0] 528380 5652 522728 38784 507896 7 2 0.3%
[CPU0] 528380 5652 522728 38784 507896 7 2 0.3%
[CPU0] 528380 5652 522728 38784 507896 7 2 0.3%
[CPU0] 528380 5652 522728 38784 507896 7 2 0.3%
[CPU0] 528380 5652 522728 38784 507896 7 2 0.3%
[CPU0] 528380 5652 522728 38784 507896 7 2 0.3%
[CPU0] 528380 5652 522728 38784 507896 7 2 0.3%
[CPU0] 528380 5652 522728 38784 507896 7 2 0.3%
[CPU0] 528380 5652 522728 38784 507896 7 2 0.3%
[CPU0] 528380 5652 522728 38784 507896 7 2 0.3%
[CPU0] 528380 5652 522728 38784 507896 7 2 0.3%
[CPU0] 528380 5652 522728 38784 507896 7 2 0.3%
[CPU0] 528380 5652 522728 38784 507896 7 2 0.3%
[CPU0] 528380 5652 522728 38784 507896 7 2 0.3%
[CPU0] 528380 5652 522728 38784 507896 7 2 0.3%
[CPU0] 528380 5652 522728 38784 507896 7 2 0.3%
[CPU0] 528380 5652 522728 38784 507896 7 2 0.3%
[CPU0] 528380 5652 522728 38784 507896 7 2 0.3%
[CPU0] 528380 5652 522728 38784 507896 7 2 0.3%
[CPU0] 528380 5652 522728 38784 507896 7 2 0.3%
[CPU0] 528380 5652 522728 38784 507896 7 2 0.3%
[CPU0] 528380 5652 522728 38784 507896 7 2 0.3%
[CPU0] 528380 5652 522728 38784 507896 7 2 0.3%
[CPU0] 528380 5652 522728 38784 507896 7 2 0.3%
[CPU0] 528380 5652 522728 38784 507896 7 2 0.3%
[CPU0] 528380 5652 522728 38784 507896 7 2 0.3%
[CPU0] 528380 5652 522728 38784 507896 7 2 0.3%
[CPU0] 528380 5652 522728 38784 507896 7 2 0.3%
[CPU0] 528380 5652 522728 38784 507896 7 2 0.3%
[CPU0] 528380 5652 522728 38784 507896 7 2 0.3%
[CPU0] 528380 5652 522728 38784 507896 7 2 0.3%
[CPU0] 528380 5652 522728 38784 507896 7 2 0.3%
[CPU0] 528380 5652 522728 38784 507896 7 2 0.3%
[CPU0] 528380 5652 522728 38784 507896 7 2 0.3%
[CPU0] 528380 5652 522728 38784 507896 7 2 0.3%
[CPU0] 528380 5652 522728 38784 507896 7 2 0.3%
[CPU0] 528380 5652 522728 38784 507896 7 2 0.3%
[CPU0] 528380 5652 522728 38784 507896 7 2 0.3%
[CPU0] 528380 5652 522728 38784 507896 7 2 0.3%
[CPU0] 528380 5652 522728 38784 507896 7 2 0.3%
[CPU0] 528380 5652 522728 38784 507896 7 2 0.3%
[CPU0] 528380 5652 522728 38784 507896 7 2 0.3%
[CPU0] 528380 5652 522728 38784 507896 7 2 0.3%
[CPU0] 528380 5652 522728 38784 507896 7 2 0.3%
[CPU0] 528380 5652 522728 38784 507896 7 2 0.3%
[CPU0] 528380 5652 522728 38784 507896 7 2 0.3%
[CPU0] 528380 5652 522728 38784 507896 7 2 0.3%
[CPU0] 528380 5652 522728 38784 507896 7 2 0.3%
[CPU0] 528380 5652 522728 38784 507896 7 2 0.3%
[CPU0] 528380 5652 522728 38784 507896 7 2 0.3%
[CPU0] 528380 5652 522728 38784 507896 7 2 0.3%
[CPU0] 528380 5652 522728 38784 507896 7 2 0.3%
[CPU0] 528380 5652 522728 38784 507896 7 2 0.3%
[CPU0] 528380 5652 522728 38784 507896 7 2 0.3%
[CPU0] 528380 5652 522728 38784 507896 7 2 0.3%
[CPU0] 528380 5652 522728 38784 507896 7 2 0.3%
[CPU0] 528380 5652 522728 38784 507896 7 2 0.3%
[CPU0] 528380 5652 522728 38784 507896 7 2 0.3%
[CPU0] 528380 5652 522728 38784 507896 7 2 0.3%
[CPU0] 528380 5652 522728 38784 507896 7 2 0.3%
[CPU0] 528380 5652 522728 38784 507896 7 2 0.3%
[CPU0] 528380 5652 522728 38784 507896 7 2 0.3%
[CPU0] 528380 5652 522728 38784 507896 7 2 0.3%
[CPU0] 528380 5652 522728 38784 507896 7 2 0.3%
[CPU0] 528380 5652 522728 38784 507896 7 2 0.3%
[CPU0] 528380 5652 522728 38784 507896 7 2 0.3%
[CPU0] 528380 5652 522728 38784 507896 7 2 0.3%
[CPU0] 528380 5652 522728 38784 507896 7 2 0.3%
[CPU0] 528380 5652 522728 38784 507896 7 2 0.3%
[CPU0] 528380 5652 522728 38784 507896 7 2 0.3%
[CPU0] 528380 5652 522728 38784 507896 7 2 0.3%
[CPU0] 528380 5652 522728 38784 507896 7 2 0.3%
[CPU0] 528380 5652 522728 38784 507896 7 2 0.3%
[CPU0] 528380 5652 522728 38784 507896 7 2 0.3%
[CPU0] 528380 5652 522728 38784 507896 7 2 0.3%
[CPU0] 528380 5652 522728 38784 507896 7 2 0.3%
[CPU0] 528380 5652 522728 38784 507896 7 2 0.3%
[CPU0] 528380 5652 522728 38784 507896 7 2 0.3%
[CPU0] 528380 5652 522728 38784 507896 7 2 0.3%
[CPU0] 528380 5652 522728 38784 507896 7 2 0.3%
[CPU0] 528380 5652 522728 38784 507896 7 2 0.3%
[CPU0] 528380 5652 522728 38784 507896 7 2 0.3%
[CPU0] 528380 5652 522728 38784 507896 7 2 0.3%
[CPU0] 528380 5652 522728 38784 507896 7 2 0.3%
[CPU0] 528380 5652 522728 38784 507896 7 2 0.3%
[CPU0] 528380 5652 522728 38784 507896 7 2 0.3%
[CPU0] 528380 5652 522728 38784 507896 7 2 0.3%
[CPU0] 528380 5652 522728 38784 507896 7 2 0.3%
[CPU0] 528380 5652 522728 38784 507896 7 2 0.3%
[CPU0] 528380 5652 522728 38784 507896 7 2 0.3%
[CPU0] 528380 5652 522728 38784 507896 7 2 0.3%
[CPU0] 528380 5652 522728 38784 507896 7 2 0.3%
[CPU0] 528380 5652 522728 38784 507896 7 2 0.3%
[CPU0] 528380 5652 522728 38784 507896 7 2 0.3%
[CPU0] 528380 5652 522728 38784 507896 7 2 0.3%
[CPU0] 528380 5652 522728 38784 507896 7 2 0.3%
[CPU0] 528380 5652 522728 38784 507896 7 2 0.3%
[CPU0] 528380 5652 522728 38784 507896 7 2 0.3%
[CPU0] 528380 5652 522728 38784 507896 7 2 0.3%
[CPU0] 528380 5652 522728 38784 507896 7 2 0.3%
[CPU0] 528380 5652 522728 38784 507896 7 2 0.3%
[CPU0] 528380 5652 522728 38784 507896 7 2 0.3%
[CPU0] 528380 5652 522728 38784 507896 7 2 0.3%
[CPU0] 528380 5652 522728 38784 507896 7 2 0.3%
[CPU0] 528380 5652 522728 38784 507896 7 2 0.3%
[CPU0] 528380 5652 522728 38784 507896 7 2 0.3%
[CPU0] 528380 5652 522728 38784 507896 7 2 0.3%
[CPU0] 528380 5652 522728 38784 507896 7 2 0.3%
[CPU0] 528380 5652 522728 38784 507896 7 2 0.3%
[CPU0] 528380 5652 522728 38784 507896 7 2 0.3%
[CPU0] 528380 5652 522728 38784 507896 7 2 0.3%
[CPU0] 528380 5652 522728 38784 507896 7 2 0.3%
[CPU0] 528380 5652 522728 38784 507896 7 2 0.3%
[CPU0] 528380 5652 522728 38784 507896 7 2 0.3%
[CPU0] 528380 5652 522728 38784 507896 7 2 0.3%
[CPU0] 528380 5652 522728 38784 507896 7 2 0.3%
[CPU0] 528380 5652 522728 38784 507896 7 2 0.3%
[CPU0] 528380 5652 522728 38784 507896 7 2 0.3%
[CPU0] 528380 5652 522728 38784 507896 7 2 0.3%
[CPU0] 528380 5652 522728 38784 507896 7 2 0.3%
[CPU0] 528380 5652 522728 38784 507896 7 2 0.3%
[CPU0] 528380 5652 522728 38784 507896 7 2 0.3%
[CPU0] 528380 5652 522728 38784 507896 7 2 0.3%
[CPU0] 528380 5652 522728 38784 507896 7 2 0.3%
[CPU0] 528380 5652 522728 38784 507896 7 2 0.3%
[CPU0] 528380 5652 522728 38784 507896 7 2 0.3%
[CPU0] 528380 5652 522728 38784 507896 7 2 0.3%
[CPU0] 528380 5652 522728 38784 507896 7 2 0.3%
[CPU0] 528380 5652 522728 38784 507896 7 2 0.3%
[CPU0] 528380 5652 522728 38784 507896 7 2 0.3%
[CPU0] 528380 5652 522728 38784 507896 7 2 0.3%
[CPU0] 528380 5652 522728 38784 507896 7 2 0.3%
[CPU0] 528380 5652 522728 38784 507896 7 2 0.3%
[CPU0] 528380 5652 522728 38784 507896 7 2 0.3%
[CPU0] 528380 5652 522728 38784 507896 7 2 0.3%
[CPU0] 528380 5652 522728 38784 507896 7 2 0.3%
[CPU0] 528380 5652 522728 38784 507896 7 2 0.3%
[CPU0] 528380 5652 522728 38784 507896 7 2 0.3%
[CPU0] 528380 5652 522728 38784 507896 7 2 0.3%
[CPU0] 528380 5652 522728 38784 507896 7 2 0.3%
[CPU0] 528380 5652 522728 38784 507896 7 2 0.3%
[CPU0] 528380 5652 522728 38784 507896 7 2 0.3%
[CPU0] 528380 5652 522728 38784 507896 7 2 0.3%
[CPU0] 528380 5652 522728 38784 507896 7 2 0.3%
[CPU0] 528380 5652 522728 38784 507896 7 2 0.3%
[CPU0] 528380 5652 522728 38784 507896 7 2 0.3%
[CPU0] 528380 5652 522728 38784 507896 7 2 0.3%
[CPU0] 528380 5652 522728 38784 507896 7 2 0.3%
[CPU0] 528380 5652 522728 38784 507896 7 2 0.3%
[CPU0] 528380 5652 522728 38784 507896 7 2 0.3%
[CPU0] 528380 5652 522728 38784 507896 7 2 0.3%
[CPU0] 528380 5652 522728 38784 507896 7 2 0.3%
[CPU0] 528380 5652 522728 38784 507896 7 2 0.3%
[CPU0] 528380 5652 522728 38784 507896 7 2 0.3%
[CPU0] 528380 5652 522728 38784 507896 7 2 0.3%
[CPU0] 528380 5652 522728 38784 507896 7 2 0.3%
[CPU0] 528380 5652 522728 38784 507896 7 2 0.3%
[CPU0] 528380 5652 522728 38784 507896 7 2 0.3%
[CPU0] 528380 5652 522728 38784 507896 7 2 0.3%
[CPU0] 528380 5652 522728 38784 507896 7 2 0.3%
[CPU0] 528380 5652 522728 38784 507896 7 2 0.3%
[CPU0] 528380 5652 522728 38784 507896 7 2 0.3%
[CPU0] 528380 5652 522728 38784 507896 7 2 0.3%
[CPU0] 528380 5652 522728 38784 507896 7 2 0.3%
[CPU0] 528380 5652 522728 38784 507896 7 2 0.3%
[CPU0] 528380 5652 522728 38784 507896 7 2 0.3%
[CPU0] 528380 5652 522728 38784 507896 7 2 0.3%
[CPU0] 528380 5652 522728 38784 507896 7 2 0.3%
[CPU0] 528380 5652 522728 38784 507896 7 2 0.3%
[CPU0] 528380 5652 522728 38784 507896 7 2 0.3%
[CPU0] 528380 5652 522728 38784 507896 7 2 0.3%
[CPU0] 528380 5652 522728 38784 507896 7 2 0.3%
[CPU0] 528380 5652 522728 38784 507896 7 2 0.3%
[CPU0] 528380 5652 522728 38784 507896 7 2 0.3%
[CPU0] 528380 5652 522728 38784 507896 7 2 0.3%
[CPU0] 528380 5652 522728 38784 507896 7 2 0.3%
[CPU0] 528380 5652 522728 38784 507896 7 2 0.3%
[CPU0] 528380 5652 522728 38784 507896 7 2 0.3%
[CPU0] 528380 5652 522728 38784 507896 7 2 0.3%
[CPU0] 528380 5652 522728 38784 507896 7 2 0.3%
[CPU0] 528380 5652 522728 38784 507896 7 2 0.3%
[CPU0] 528380 5652 522728 38784 507896 7 2 0.3%
[CPU0] 528380 5652 522728 38784 507896 7 2 0.3%
[CPU0] 528380 5652 522728 38784 507896 7 2 0.3%
[CPU0] 528380 5652 522728 38784 507896 7 2 0.3%
[CPU0] 528380 5652 522728 38784 507896 7 2 0.3%
[CPU0] 528380 5652 522728 38784 507896 7 2 0.3%
[CPU0] 528380 5652 522728 38784 507896 7 2 0.3%
[CPU0] 528380 5652 522728 38784 507896 7 2 0.3%
[CPU0] 528380 5652 522728 38784 507896 7 2 0.3%
[CPU0] 528380 5652 522728 38784 507896 7 2 0.3%
[CPU0] 528380 5652 522728 38784 507896 7 2 0.3%
[CPU0] 528380 5652 522728 38784 507896 7 2 0.3%
[CPU0] 528380 5652 522728 38784 507896 7 2 0.3%
[CPU0] 528380 5652 522728 38784 507896 7 2 0.3%
[CPU0] 528380 5652 522728 38784 507896 7 2 0.3%
[CPU0] 528380 5652 522728 38784 507896 7 2 0.3%
[CPU0] 528380 5652 522728 38784 507896 7 2 0.3%
[CPU0] 528380 5652 522728 38784 507896 7 2 0.3%
[CPU0] 528380 5652 522728 38784 507896 7 2 0.3%
[CPU0] 528380 5652 522728 38784 507896 7 2 0.3%
[CPU0] 528380 5652 522728 38784 507896 7 2 0.3%
[CPU0] 528380 5652 522728 38784 507896 7 2 0.3%
[CPU0] 528380 5652 522728 38784 507896 7 2 0.3%
[CPU0] 528380 5652 522728 38784 507896 7 2 0.3%
[CPU0] 528380 5652 522728 38784 507896 7 2 0.3%
[CPU0] 528380 5652 522728 38784 507896 7 2 0.3%
[CPU0] 528380 5652 522728 38784 507896 7 2 0.3%
[CPU0] 528380 5652 522728 38784 507896 7 2 0.3%
[CPU0] 528380 5652 522728 38784 507896 7 2 0.3%
[CPU0] 528380 5652 522728 38784 507896 7 2 0.3%
[CPU0] 528380 5652 522728 38784 507896 7 2 0.3%
[CPU0] 528380 5652 522728 38784 507896 7 2 0.3%
[CPU0] 528380 5652 522728 38784 507896 7 2 0.3%
[CPU0] 528380 5652 522728 38784 507896 7 2 0.3%
[CPU0] 528380 5652 522728 38784 507896 7 2 0.3%
[CPU0] 528380 5652 522728 38784 507896 7 2 0.3%
[CPU0] 528380 5652 522728 38784 507896 7 2 0.3%
[CPU0] 528380 5652 522728 38784 507896 7 2 0.3%
[CPU0] 528380 5652 522728 38784 507896 7 2 0.3%
[CPU0] 528380 5652 522728 38784 507896 7 2 0.3%
[CPU0] 528380 5652 522728 38784 507896 7 2 0.3%
[CPU0] 528380 5652 522728 38784 507896 7 2 0.3%
[CPU0] 528380 5652 522728 38784 507896 7 2 0.3%
[CPU0] 528380 5652 522728 38784 507896 7 2 0.3%
[CPU0] 528380 5652 522728 38784 507896 7 2 0.3%
[CPU0] 528380 5652 522728 38784 507896 7 2 0.3%
[CPU0] 528380 5652 522728 38784 507896 7 2 0.3%
[CPU0] 528380 5652 522728 38784 507896 7 2 0.3%
[CPU0] 528380 5652 522728 38784 507896 7 2 0.3%
[CPU0] 528380 5652 522728 38784 507896 7 2 0.3%
[CPU0] 528380 5652 522728 38784 507896 7 2 0.3%
[CPU0] 528380 5652 522728 38784 507896 7 2 0.3%
[CPU0] 528380 5652 522728 38784 507896 7 2 0.3%
[CPU0] 528380 5652 522728 38784 507896 7 2 0.3%
[CPU0] 528380 5652 522728 38784 507896 7 2 0.3%
[CPU0] 528380 5652 522728 38784 507896 7 2 0.3%
[CPU0] 528380 5652 522728 38784 507896 7 2 0.3%
[CPU0] 528380 5652 522728 38784 507896 7 2 0.3%
[CPU0] 528380 5652 522728 38784 507896 7 2 0.3%
[CPU0] 528380 5652 522728 38784 507896 7 2 0.3%
[CPU0] 528380 5652 522728 38784 507896 7 2 0.3%
[CPU0] 528380 5652 522728 38784 507896 7 2 0.3%
[CPU0] 528380 5652 522728 38784 507896 7 2 0.3%
[CPU0] 528380 5652 522728 38784 507896 7 2 0.3%
[CPU0] 528380 5652 522728 38784 507896 7 2 0.3%
[CPU0] 528380 5652 522728 38784 507896 7 2 0.3%
[CPU0] 528380 5652 522728 38784 507896 7 2 0.3%
[CPU0] 528380 5652 522728 38784 507896 7 2 0.3%

HOST_COMMAND 2026-09-16T02:52:48.332516+00:00 date -u +%Y-%m-%dT%H:%M:%S
2023-11-15T16:14:23
nsh> 
HOST_COMMAND 2026-09-16T02:52:48.333228+00:00 free
OK
nsh> 
HOST_COMMAND 2026-09-16T02:52:48.333484+00:00 ps
7 7 showinfo -i 60
nsh> [CPU0] 528380 5652 522728 38784 507896 7 2 0.3%
[CPU0] 528380 5652 522728 38784 507896 7 2 0.3%
[CPU0] 528380 5652 522728 38784 507896 7 2 0.3%
[CPU0] 528380 5652 522728 38784 507896 7 2 0.3%
[CPU0] 528380 5652 522728 38784 507896 7 2 0.3%
[CPU0] 528380 5652 522728 38784 507896 7 2 0.3%
[CPU0] 528380 5652 522728 38784 507896 7 2 0.3%
[CPU0] 528380 5652 522728 38784 507896 7 2 0.3%
[CPU0] 528380 5652 522728 38784 507896 7 2 0.3%
[CPU0] 528380 5652 522728 38784 507896 7 2 0.3%
[CPU0] 528380 5652 522728 38784 507896 7 2 0.3%
[CPU0] 528380 5652 522728 38784 507896 7 2 0.3%
[CPU0] 528380 5652 522728 38784 507896 7 2 0.3%
[CPU0] 528380 5652 522728 38784 507896 7 2 0.3%
[CPU0] 528380 5652 522728 38784 507896 7 2 0.3%
[CPU0] 528380 5652 522728 38784 507896 7 2 0.3%
[CPU0] 528380 5652 522728 38784 507896 7 2 0.3%
[CPU0] 528380 5652 522728 38784 507896 7 2 0.3%
[CPU0] 528380 5652 522728 38784 507896 7 2 0.3%
[CPU0] 528380 5652 522728 38784 507896 7 2 0.3%
[CPU0] 528380 5652 522728 38784 507896 7 2 0.3%
[CPU0] 528380 5652 522728 38784 507896 7 2 0.3%
[CPU0] 528380 5652 522728 38784 507896 7 2 0.3%
[CPU0] 528380 5652 522728 38784 507896 7 2 0.3%
[CPU0] 528380 5652 522728 38784 507896 7 2 0.3%
[CPU0] 528380 5652 522728 38784 507896 7 2 0.3%
[CPU0] 528380 5652 522728 38784 507896 7 2 0.3%
[CPU0] 528380 5652 522728 38784 507896 7 2 0.3%
[CPU0] 528380 5652 522728 38784 507896 7 2 0.3%
[CPU0] 528380 5652 522728 38784 507896 7 2 0.3%
[CPU0] 528380 5652 522728 38784 507896 7 2 0.3%
[CPU0] 528380 5652 522728 38784 507896 7 2 0.3%
[CPU0] 528380 5652 522728 38784 507896 7 2 0.3%
[CPU0] 528380 5652 522728 38784 507896 7 2 0.3%
[CPU0] 528380 5652 522728 38784 507896 7 2 0.3%
[CPU0] 528380 5652 522728 38784 507896 7 2 0.3%
[CPU0] 528380 5652 522728 38784 507896 7 2 0.3%
[CPU0] 528380 5652 522728 38784 507896 7 2 0.3%
[CPU0] 528380 5652 522728 38784 507896 7 2 0.3%
[CPU0] 528380 5652 522728 38784 507896 7 2 0.3%
[CPU0] 528380 5652 522728 38784 507896 7 2 0.3%
[CPU0] 528380 5652 522728 38784 507896 7 2 0.3%
[CPU0] 528380 5652 522728 38784 507896 7 2 0.3%
[CPU0] 528380 5652 522728 38784 507896 7 2 0.3%
[CPU0] 528380 5652 522728 38784 507896 7 2 0.3%
[CPU0] 528380 5652 522728 38784 507896 7 2 0.3%
[CPU0] 528380 5652 522728 38784 507896 7 2 0.3%
[CPU0] 528380 5652 522728 38784 507896 7 2 0.3%
[CPU0] 528380 5652 522728 38784 507896 7 2 0.3%
[CPU0] 528380 5652 522728 38784 507896 7 2 0.3%
[CPU0] 528380 5652 522728 38784 507896 7 2 0.3%
[CPU0] 528380 5652 522728 38784 507896 7 2 0.3%
[CPU0] 528380 5652 522728 38784 507896 7 2 0.3%
[CPU0] 528380 5652 522728 38784 507896 7 2 0.3%
[CPU0] 528380 5652 522728 38784 507896 7 2 0.3%
[CPU0] 528380 5652 522728 38784 507896 7 2 0.3%
[CPU0] 528380 5652 522728 38784 507896 7 2 0.3%
[CPU0] 528380 5652 522728 38784 507896 7 2 0.3%
[CPU0] 528380 5652 522728 38784 507896 7 2 0.3%
[CPU0] 528380 5652 522728 38784 507896 7 2 0.3%
[CPU0] 528380 5652 522728 38784 507896 7 2 0.3%
[CPU0] 528380 5652 522728 38784 507896 7 2 0.3%
[CPU0] 528380 5652 522728 38784 507896 7 2 0.3%
[CPU0] 528380 5652 522728 38784 507896 7 2 0.3%
[CPU0] 528380 5652 522728 38784 507896 7 2 0.3%
[CPU0] 528380 5652 522728 38784 507896 7 2 0.3%
[CPU0] 528380 5652 522728 38784 507896 7 2 0.3%
[CPU0] 528380 5652 522728 38784 507896 7 2 0.3%
[CPU0] 528380 5652 522728 38784 507896 7 2 0.3%
[CPU0] 528380 5652 522728 38784 507896 7 2 0.3%
[CPU0] 528380 5652 522728 38784 507896 7 2 0.3%
[CPU0] 528380 5652 522728 38784 507896 7 2 0.3%
[CPU0] 528380 5652 522728 38784 507896 7 2 0.3%
[CPU0] 528380 5652 522728 38784 507896 7 2 0.3%
[CPU0] 528380 5652 522728 38784 507896 7 2 0.3%
[CPU0] 528380 5652 522728 38784 507896 7 2 0.3%
[CPU0] 528380 5652 522728 38784 507896 7 2 0.3%
[CPU0] 528380 5652 522728 38784 507896 7 2 0.3%
[CPU0] 528380 5652 522728 38784 507896 7 2 0.3%
[CPU0] 528380 5652 522728 38784 507896 7 2 0.3%
[CPU0] 528380 5652 522728 38784 507896 7 2 0.3%
[CPU0] 528380 5652 522728 38784 507896 7 2 0.3%
[CPU0] 528380 5652 522728 38784 507896 7 2 0.3%
[CPU0] 528380 5652 522728 38784 507896 7 2 0.3%
[CPU0] 528380 5652 522728 38784 507896 7 2 0.3%
[CPU0] 528380 5652 522728 38784 507896 7 2 0.3%
[CPU0] 528380 5652 522728 38784 507896 7 2 0.3%
[CPU0] 528380 5652 522728 38784 507896 7 2 0.3%
[CPU0] 528380 5652 522728 38784 507896 7 2 0.3%
[CPU0] 528380 5652 522728 38784 507896 7 2 0.3%
[CPU0] 528380 5652 522728 38784 507896 7 2 0.3%
[CPU0] 528380 5652 522728 38784 507896 7 2 0.3%
[CPU0] 528380 5652 522728 38784 507896 7 2 0.3%
[CPU0] 528380 5652 522728 38784 507896 7 2 0.3%
[CPU0] 528380 5652 522728 38784 507896 7 2 0.3%
[CPU0] 528380 5652 522728 38784 507896 7 2 0.3%
[CPU0] 528380 5652 522728 38784 507896 7 2 0.3%
[CPU0] 528380 5652 522728 38784 507896 7 2 0.3%
[CPU0] 528380 5652 522728 38784 507896 7 2 0.3%
[CPU0] 528380 5652 522728 38784 507896 7 2 0.3%
[CPU0] 528380 5652 522728 38784 507896 7 2 0.3%
[CPU0] 528380 5652 522728 38784 507896 7 2 0.3%
[CPU0] 528380 5652 522728 38784 507896 7 2 0.3%
[CPU0] 528380 5652 522728 38784 507896 7 2 0.3%
[CPU0] 528380 5652 522728 38784 507896 7 2 0.3%
[CPU0] 528380 5652 522728 38784 507896 7 2 0.3%
[CPU0] 528380 5652 522728 38784 507896 7 2 0.3%
[CPU0] 528380 5652 522728 38784 507896 7 2 0.3%
[CPU0] 528380 5652 522728 38784 507896 7 2 0.3%
[CPU0] 528380 5652 522728 38784 507896 7 2 0.3%
[CPU0] 528380 5652 522728 38784 507896 7 2 0.3%
[CPU0] 528380 5652 522728 38784 507896 7 2 0.3%
[CPU0] 528380 5652 522728 38784 507896 7 2 0.3%
[CPU0] 528380 5652 522728 38784 507896 7 2 0.3%
[CPU0] 528380 5652 522728 38784 507896 7 2 0.3%
[CPU0] 528380 5652 522728 38784 507896 7 2 0.3%
[CPU0] 528380 5652 522728 38784 507896 7 2 0.3%
[CPU0] 528380 5652 522728 38784 507896 7 2 0.3%
[CPU0] 528380 5652 522728 38784 507896 7 2 0.3%
[CPU0] 528380 5652 522728 38784 507896 7 2 0.3%
[CPU0] 528380 5652 522728 38784 507896 7 2 0.3%
[CPU0] 528380 5652 522728 38784 507896 7 2 0.3%
[CPU0] 528380 5652 522728 38784 507896 7 2 0.3%
[CPU0] 528380 5652 522728 38784 507896 7 2 0.3%
[CPU0] 528380 5652 522728 38784 507896 7 2 0.3%
[CPU0] 528380 5652 522728 38784 507896 7 2 0.3%
[CPU0] 528380 5652 522728 38784 507896 7 2 0.3%
[CPU0] 528380 5652 522728 38784 507896 7 2 0.3%
[CPU0] 528380 5652 522728 38784 507896 7 2 0.3%
[CPU0] 528380 5652 522728 38784 507896 7 2 0.3%
[CPU0] 528380 5652 522728 38784 507896 7 2 0.3%
[CPU0] 528380 5652 522728 38784 507896 7 2 0.3%
[CPU0] 528380 5652 522728 38784 507896 7 2 0.3%
[CPU0] 528380 5652 522728 38784 507896 7 2 0.3%
[CPU0] 528380 5652 522728 38784 507896 7 2 0.3%
[CPU0] 528380 5652 522728 38784 507896 7 2 0.3%
[CPU0] 528380 5652 522728 38784 507896 7 2 0.3%
[CPU0] 528380 5652 522728 38784 507896 7 2 0.3%
[CPU0] 528380 5652 522728 38784 507896 7 2 0.3%
[CPU0] 528380 5652 522728 38784 507896 7 2 0.3%
[CPU0] 528380 5652 522728 38784 507896 7 2 0.3%
[CPU0] 528380 5652 522728 38784 507896 7 2 0.3%
[CPU0] 528380 5652 522728 38784 507896 7 2 0.3%
[CPU0] 528380 5652 522728 38784 507896 7 2 0.3%
[CPU0] 528380 5652 522728 38784 507896 7 2 0.3%
[CPU0] 528380 5652 522728 38784 507896 7 2 0.3%
[CPU0] 528380 5652 522728 38784 507896 7 2 0.3%
[CPU0] 528380 5652 522728 38784 507896 7 2 0.3%
[CPU0] 528380 5652 522728 38784 507896 7 2 0.3%
[CPU0] 528380 5652 522728 38784 507896 7 2 0.3%
[CPU0] 528380 5652 522728 38784 507896 7 2 0.3%
[CPU0] 528380 5652 522728 38784 507896 7 2 0.3%
[CPU0] 528380 5652 522728 38784 507896 7 2 0.3%
[CPU0] 528380 5652 522728 38784 507896 7 2 0.3%
[CPU0] 528380 5652 522728 38784 507896 7 2 0.3%
[CPU0] 528380 5652 522728 38784 507896 7 2 0.3%
[CPU0] 528380 5652 522728 38784 507896 7 2 0.3%
[CPU0] 528380 5652 522728 38784 507896 7 2 0.3%
[CPU0] 528380 5652 522728 38784 507896 7 2 0.3%
[CPU0] 528380 5652 522728 38784 507896 7 2 0.3%
[CPU0] 528380 5652 522728 38784 507896 7 2 0.3%
[CPU0] 528380 5652 522728 38784 507896 7 2 0.3%
[CPU0] 528380 5652 522728 38784 507896 7 2 0.3%
[CPU0] 528380 5652 522728 38784 507896 7 2 0.3%
[CPU0] 528380 5652 522728 38784 507896 7 2 0.3%
[CPU0] 528380 5652 522728 38784 507896 7 2 0.3%
[CPU0] 528380 5652 522728 38784 507896 7 2 0.3%
[CPU0] 528380 5652 522728 38784 507896 7 2 0.3%
[CPU0] 528380 5652 522728 38784 507896 7 2 0.3%
[CPU0] 528380 5652 522728 38784 507896 7 2 0.3%
[CPU0] 528380 5652 522728 38784 507896 7 2 0.3%
[CPU0] 528380 5652 522728 38784 507896 7 2 0.3%
[CPU0] 528380 5652 522728 38784 507896 7 2 0.3%
[CPU0] 528380 5652 522728 38784 507896 7 2 0.3%
[CPU0] 528380 5652 522728 38784 507896 7 2 0.3%
[CPU0] 528380 5652 522728 38784 507896 7 2 0.3%
[CPU0] 528380 5652 522728 38784 507896 7 2 0.3%
[CPU0] 528380 5652 522728 38784 507896 7 2 0.3%
[CPU0] 528380 5652 522728 38784 507896 7 2 0.3%
[CPU0] 528380 5652 522728 38784 507896 7 2 0.3%
[CPU0] 528380 5652 522728 38784 507896 7 2 0.3%
[CPU0] 528380 5652 522728 38784 507896 7 2 0.3%
[CPU0] 528380 5652 522728 38784 507896 7 2 0.3%
[CPU0] 528380 5652 522728 38784 507896 7 2 0.3%
[CPU0] 528380 5652 522728 38784 507896 7 2 0.3%
[CPU0] 528380 5652 522728 38784 507896 7 2 0.3%
[CPU0] 528380 5652 522728 38784 507896 7 2 0.3%
[CPU0] 528380 5652 522728 38784 507896 7 2 0.3%
[CPU0] 528380 5652 522728 38784 507896 7 2 0.3%
[CPU0] 528380 5652 522728 38784 507896 7 2 0.3%
[CPU0] 528380 5652 522728 38784 507896 7 2 0.3%
[CPU0] 528380 5652 522728 38784 507896 7 2 0.3%
[CPU0] 528380 5652 522728 38784 507896 7 2 0.3%
[CPU0] 528380 5652 522728 38784 507896 7 2 0.3%
[CPU0] 528380 5652 522728 38784 507896 7 2 0.3%
[CPU0] 528380 5652 522728 38784 507896 7 2 0.3%
[CPU0] 528380 5652 522728 38784 507896 7 2 0.3%
[CPU0] 528380 5652 522728 38784 507896 7 2 0.3%
[CPU0] 528380 5652 522728 38784 507896 7 2 0.3%
[CPU0] 528380 5652 522728 38784 507896 7 2 0.3%
[CPU0] 528380 5652 522728 38784 507896 7 2 0.3%
[CPU0] 528380 5652 522728 38784 507896 7 2 0.3%
[CPU0] 528380 5652 522728 38784 507896 7 2 0.3%
[CPU0] 528380 5652 522728 38784 507896 7 2 0.3%
[CPU0] 528380 5652 522728 38784 507896 7 2 0.3%
[CPU0] 528380 5652 522728 38784 507896 7 2 0.3%
[CPU0] 528380 5652 522728 38784 507896 7 2 0.3%
[CPU0] 528380 5652 522728 38784 507896 7 2 0.3%
[CPU0] 528380 5652 522728 38784 507896 7 2 0.3%
[CPU0] 528380 5652 522728 38784 507896 7 2 0.3%
[CPU0] 528380 5652 522728 38784 507896 7 2 0.3%
[CPU0] 528380 5652 522728 38784 507896 7 2 0.3%
[CPU0] 528380 5652 522728 38784 507896 7 2 0.3%
[CPU0] 528380 5652 522728 38784 507896 7 2 0.3%
[CPU0] 528380 5652 522728 38784 507896 7 2 0.3%
[CPU0] 528380 5652 522728 38784 507896 7 2 0.3%
[CPU0] 528380 5652 522728 38784 507896 7 2 0.3%
[CPU0] 528380 5652 522728 38784 507896 7 2 0.3%
[CPU0] 528380 5652 522728 38784 507896 7 2 0.3%
[CPU0] 528380 5652 522728 38784 507896 7 2 0.3%
[CPU0] 528380 5652 522728 38784 507896 7 2 0.3%
[CPU0] 528380 5652 522728 38784 507896 7 2 0.3%
[CPU0] 528380 5652 522728 38784 507896 7 2 0.3%
[CPU0] 528380 5652 522728 38784 507896 7 2 0.3%
[CPU0] 528380 5652 522728 38784 507896 7 2 0.3%
[CPU0] 528380 5652 522728 38784 507896 7 2 0.3%
[CPU0] 528380 5652 522728 38784 507896 7 2 0.3%
[CPU0] 528380 5652 522728 38784 507896 7 2 0.3%
[CPU0] 528380 5652 522728 38784 507896 7 2 0.3%
[CPU0] 528380 5652 522728 38784 507896 7 2 0.3%
[CPU0] 528380 5652 522728 38784 507896 7 2 0.3%
[CPU0] 528380 5652 522728 38784 507896 7 2 0.3%
[CPU0] 528380 5652 522728 38784 507896 7 2 0.3%
[CPU0] 528380 5652 522728 38784 507896 7 2 0.3%
[CPU0] 528380 5652 522728 38784 507896 7 2 0.3%
[CPU0] 528380 5652 522728 38784 507896 7 2 0.3%
[CPU0] 528380 5652 522728 38784 507896 7 2 0.3%
[CPU0] 528380 5652 522728 38784 507896 7 2 0.3%
[CPU0] 528380 5652 522728 38784 507896 7 2 0.3%
[CPU0] 528380 5652 522728 38784 507896 7 2 0.3%
[CPU0] 528380 5652 522728 38784 507896 7 2 0.3%
[CPU0] 528380 5652 522728 38784 507896 7 2 0.3%
[CPU0] 528380 5652 522728 38784 507896 7 2 0.3%
[CPU0] 528380 5652 522728 38784 507896 7 2 0.3%
[CPU0] 528380 5652 522728 38784 507896 7 2 0.3%
[CPU0] 528380 5652 522728 38784 507896 7 2 0.3%
[CPU0] 528380 5652 522728 38784 507896 7 2 0.3%
[CPU0] 528380 5652 522728 38784 507896 7 2 0.3%
[CPU0] 528380 5652 522728 38784 507896 7 2 0.3%
[CPU0] 528380 5652 522728 38784 507896 7 2 0.3%
[CPU0] 528380 5652 522728 38784 507896 7 2 0.3%
[CPU0] 528380 5652 522728 38784 507896 7 2 0.3%
[CPU0] 528380 5652 522728 38784 507896 7 2 0.3%
[CPU0] 528380 5652 522728 38784 507896 7 2 0.3%
[CPU0] 528380 5652 522728 38784 507896 7 2 0.3%
[CPU0] 528380 5652 522728 38784 507896 7 2 0.3%
[CPU0] 528380 5652 522728 38784 507896 7 2 0.3%
[CPU0] 528380 5652 522728 38784 507896 7 2 0.3%
[CPU0] 528380 5652 522728 38784 507896 7 2 0.3%
[CPU0] 528380 5652 522728 38784 507896 7 2 0.3%
[CPU0] 528380 5652 522728 38784 507896 7 2 0.3%
[CPU0] 528380 5652 522728 38784 507896 7 2 0.3%
[CPU0] 528380 5652 522728 38784 507896 7 2 0.3%
[CPU0] 528380 5652 522728 38784 507896 7 2 0.3%
[CPU0] 528380 5652 522728 38784 507896 7 2 0.3%
[CPU0] 528380 5652 522728 38784 507896 7 2 0.3%
[CPU0] 528380 5652 522728 38784 507896 7 2 0.3%
[CPU0] 528380 5652 522728 38784 507896 7 2 0.3%
[CPU0] 528380 5652 522728 38784 507896 7 2 0.3%
[CPU0] 528380 5652 522728 38784 507896 7 2 0.3%
[CPU0] 528380 5652 522728 38784 507896 7 2 0.3%
[CPU0] 528380 5652 522728 38784 507896 7 2 0.3%
[CPU0] 528380 5652 522728 38784 507896 7 2 0.3%
[CPU0] 528380 5652 522728 38784 507896 7 2 0.3%
[CPU0] 528380 5652 522728 38784 507896 7 2 0.3%
[CPU0] 528380 5652 522728 38784 507896 7 2 0.3%
[CPU0] 528380 5652 522728 38784 507896 7 2 0.3%
[CPU0] 528380 5652 522728 38784 507896 7 2 0.3%
[CPU0] 528380 5652 522728 38784 507896 7 2 0.3%
[CPU0] 528380 5652 522728 38784 507896 7 2 0.3%
[CPU0] 528380 5652 522728 38784 507896 7 2 0.3%
[CPU0] 528380 5652 522728 38784 507896 7 2 0.3%
[CPU0] 528380 5652 522728 38784 507896 7 2 0.3%
[CPU0] 528380 5652 522728 38784 507896 7 2 0.3%
[CPU0] 528380 5652 522728 38784 507896 7 2 0.3%
[CPU0] 528380 5652 522728 38784 507896 7 2 0.3%
[CPU0] 528380 5652 522728 38784 507896 7 2 0.3%
[CPU0] 528380 5652 522728 38784 507896 7 2 0.3%
[CPU0] 528380 5652 522728 38784 507896 7 2 0.3%
[CPU0] 528380 5652 522728 38784 507896 7 2 0.3%
[CPU0] 528380 5652 522728 38784 507896 7 2 0.3%
[CPU0] 528380 5652 522728 38784 507896 7 2 0.3%
[CPU0] 528380 5652 522728 38784 507896 7 2 0.3%
[CPU0] 528380 5652 522728 38784 507896 7 2 0.3%
[CPU0] 528380 5652 522728 38784 507896 7 2 0.3%
[CPU0] 528380 5652 522728 38784 507896 7 2 0.3%
[CPU0] 528380 5652 522728 38784 507896 7 2 0.3%
[CPU0] 528380 5652 522728 38784 507896 7 2 0.3%
[CPU0] 528380 5652 522728 38784 507896 7 2 0.3%
[CPU0] 528380 5652 522728 38784 507896 7 2 0.3%
[CPU0] 528380 5652 522728 38784 507896 7 2 0.3%
[CPU0] 528380 5652 522728 38784 507896 7 2 0.3%
[CPU0] 528380 5652 522728 38784 507896 7 2 0.3%
[CPU0] 528380 5652 522728 38784 507896 7 2 0.3%
[CPU0] 528380 5652 522728 38784 507896 7 2 0.3%
[CPU0] 528380 5652 522728 38784 507896 7 2 0.3%
[CPU0] 528380 5652 522728 38784 507896 7 2 0.3%
[CPU0] 528380 5652 522728 38784 507896 7 2 0.3%
[CPU0] 528380 5652 522728 38784 507896 7 2 0.3%
[CPU0] 528380 5652 522728 38784 507896 7 2 0.3%
[CPU0] 528380 5652 522728 38784 507896 7 2 0.3%
[CPU0] 528380 5652 522728 38784 507896 7 2 0.3%
[CPU0] 528380 5652 522728 38784 507896 7 2 0.3%
[CPU0] 528380 5652 522728 38784 507896 7 2 0.3%
[CPU0] 528380 5652 522728 38784 507896 7 2 0.3%
[CPU0] 528380 5652 522728 38784 507896 7 2 0.3%
[CPU0] 528380 5652 522728 38784 507896 7 2 0.3%
[CPU0] 528380 5652 522728 38784 507896 7 2 0.3%
[CPU0] 528380 5652 522728 38784 507896 7 2 0.3%
[CPU0] 528380 5652 522728 38784 507896 7 2 0.3%
[CPU0] 528380 5652 522728 38784 507896 7 2 0.3%
[CPU0] 528380 5652 522728 38784 507896 7 2 0.3%
[CPU0] 528380 5652 522728 38784 507896 7 2 0.3%
[CPU0] 528380 5652 522728 38784 507896 7 2 0.3%
[CPU0] 528380 5652 522728 38784 507896 7 2 0.3%
[CPU0] 528380 5652 522728 38784 507896 7 2 0.3%
[CPU0] 528380 5652 522728 38784 507896 7 2 0.3%
[CPU0] 528380 5652 522728 38784 507896 7 2 0.3%
[CPU0] 528380 5652 522728 38784 507896 7 2 0.3%
[CPU0] 528380 5652 522728 38784 507896 7 2 0.3%
[CPU0] 528380 5652 522728 38784 507896 7 2 0.3%
[CPU0] 528380 5652 522728 38784 507896 7 2 0.3%
[CPU0] 528380 5652 522728 38784 507896 7 2 0.3%
[CPU0] 528380 5652 522728 38784 507896 7 2 0.3%
[CPU0] 528380 5652 522728 38784 507896 7 2 0.3%
[CPU0] 528380 5652 522728 38784 507896 7 2 0.3%
[CPU0] 528380 5652 522728 38784 507896 7 2 0.3%
[CPU0] 528380 5652 522728 38784 507896 7 2 0.3%
[CPU0] 528380 5652 522728 38784 507896 7 2 0.3%
[CPU0] 528380 5652 522728 38784 507896 7 2 0.3%
[CPU0] 528380 5652 522728 38784 507896 7 2 0.3%
[CPU0] 528380 5652 522728 38784 507896 7 2 0.3%
[CPU0] 528380 5652 522728 38784 507896 7 2 0.3%
[CPU0] 528380 5652 522728 38784 507896 7 2 0.3%
[CPU0] 528380 5652 522728 38784 507896 7 2 0.3%
[CPU0] 528380 5652 522728 38784 507896 7 2 0.3%
[CPU0] 528380 5652 522728 38784 507896 7 2 0.3%
[CPU0] 528380 5652 522728 38784 507896 7 2 0.3%
[CPU0] 528380 5652 522728 38784 507896 7 2 0.3%
[CPU0] 528380 5652 522728 38784 507896 7 2 0.3%
[CPU0] 528380 5652 522728 38784 507896 7 2 0.3%
[CPU0] 528380 5652 522728 38784 507896 7 2 0.3%
[CPU0] 528380 5652 522728 38784 507896 7 2 0.3%
[CPU0] 528380 5652 522728 38784 507896 7 2 0.3%
[CPU0] 528380 5652 522728 38784 507896 7 2 0.3%
[CPU0] 528380 5652 522728 38784 507896 7 2 0.3%
[CPU0] 528380 5652 522728 38784 507896 7 2 0.3%
[CPU0] 528380 5652 522728 38784 507896 7 2 0.3%
[CPU0] 528380 5652 522728 38784 507896 7 2 0.3%
[CPU0] 528380 5652 522728 38784 507896 7 2 0.3%

HOST_COMMAND 2026-09-16T02:52:48.410357+00:00 date -u +%Y-%m-%dT%H:%M:%S
2023-11-15T22:14:23
nsh> 
HOST_COMMAND 2026-09-16T02:52:48.411068+00:00 free
OK
nsh> 
HOST_COMMAND 2026-09-16T02:52:48.411364+00:00 ps
7 7 showinfo -i 60
nsh> 