iperf2 -c 192.168.1.29 -p 5101 -i 1 -t 30 -l 16384 -w 16k
------------------------------------------------------------
Client connecting to 192.168.1.29, TCP port 5101
TCP window size: 15.6 KByte
------------------------------------------------------------
[  1] local 192.168.1.60 port 4742 connected with 192.168.1.29 port 5101
[ ID] Interval       Transfer     Bandwidth
[  1] 0.00-1.00 sec   400 KBytes  3.28 Mbits/sec
[  1] 1.00-2.00 sec   448 KBytes  3.67 Mbits/sec
[  1] 2.00-3.00 sec   144 KBytes  1.18 Mbits/sec
[  1] 3.00-4.00 sec   448 KBytes  3.67 Mbits/sec
[  1] 4.00-5.00 sec   384 KBytes  3.15 Mbits/sec
[  1] 5.00-6.00 sec   432 KBytes  3.54 Mbits/sec
[  1] 6.00-7.00 sec   416 KBytes  3.41 Mbits/sec
[  1] 7.00-8.00 sec   448 KBytes  3.67 Mbits/sec
[  1] 8.00-9.00 sec   448 KBytes  3.67 Mbits/sec
[  1] 9.00-10.00 sec   368 KBytes  3.01 Mbits/sec
[  1] 10.00-11.00 sec   448 KBytes  3.67 Mbits/sec
[  1] 11.00-12.00 sec   432 KBytes  3.54 Mbits/sec
[  1] 12.00-13.00 sec   448 KBytes  3.67 Mbits/sec
[  1] 13.00-14.00 sec   416 KBytes  3.41 Mbits/sec
[  1] 14.00-15.00 sec   448 KBytes  3.67 Mbits/sec
[  1] 15.00-16.00 sec   448 KBytes  3.67 Mbits/sec
[  1] 16.00-17.00 sec   176 KBytes  1.44 Mbits/sec
[  1] 17.00-18.00 sec   384 KBytes  3.15 Mbits/sec
[  1] 18.00-19.00 sec   448 KBytes  3.67 Mbits/sec
[  1] 19.00-20.00 sec   448 KBytes  3.67 Mbits/sec
[  1] 20.00-21.00 sec   416 KBytes  3.41 Mbits/sec
[  1] 21.00-22.00 sec   464 KBytes  3.80 Mbits/sec
[  1] 22.00-23.00 sec   464 KBytes  3.80 Mbits/sec
[  1] 23.00-24.00 sec   400 KBytes  3.28 Mbits/sec
[  1] 24.00-25.00 sec   432 KBytes  3.54 Mbits/sec
[  1] 25.00-26.00 sec   432 KBytes  3.54 Mbits/sec
[  1] 26.00-27.00 sec   432 KBytes  3.54 Mbits/sec
[  1] 27.00-28.00 sec   448 KBytes  3.67 Mbits/sec
[  1] 28.00-29.00 sec   448 KBytes  3.67 Mbits/sec
[  1] 29.00-30.00 sec   416 KBytes  3.41 Mbits/sec
[CPU0] S31_TCP_SHUTDOWN state=4 how=2 write_empty=1 unacked_empty=1 tx_unacked=0 seq=1689326869
[  1] 0.00-30.25 sec  12.1 MBytes  3.36 Mbits/sec
nsh> [K