esptool v5.4.0
Serial port /dev/ttyUSB0:
Connecting....
Connected to ESP32-S31 on /dev/ttyUSB0:
Chip type:          ESP32-S31 (revision v0.0)
Features:           Wi-Fi 6, BT 5.4 (LE), IEEE802.15.4, Dual Core + LP Core, 300MHz
Crystal frequency:  40MHz
MAC:                30:ed:a0:f3:df:34

Uploading stub flasher...
Running stub flasher...
Stub flasher running.
Changing baud rate to 921600...
Changed.

Configuring flash size...
SHA digest in image updated.
Flash will be erased from 0x00002000 to 0x0004afff...
Compressed 298052 bytes to 155290...
Writing at 0x00007f44 ━━━                             10.6% 16.00kB/151.65kB [0s] 
Writing at 0x00013fe4 ━━━━━━                          21.1% 32.00kB/151.65kB [0s] 
Writing at 0x00022b83 ━━━━━━━━━                       31.7% 48.00kB/151.65kB [0s] 
Writing at 0x00028c49 ━━━━━━━━━━━━╸                   42.2% 64.00kB/151.65kB [1s] 
Writing at 0x0002f25f ━━━━━━━━━━━━━━━╸                52.8% 80.00kB/151.65kB [1s] 
Writing at 0x00035325 ━━━━━━━━━━━━━━━━━━╸             63.3% 96.00kB/151.65kB [1s] 
Writing at 0x0003b0c2 ━━━━━━━━━━━━━━━━━━━━━━          73.9% 112.00kB/151.65kB [1s] 
Writing at 0x00041ec3 ━━━━━━━━━━━━━━━━━━━━━━━━━       84.4% 128.00kB/151.65kB [1s] 
Writing at 0x00048120 ━━━━━━━━━━━━━━━━━━━━━━━━━━━━    95.0% 144.00kB/151.65kB [2s] 
Writing at 0x0004ac44 ━━━━━━━━━━━━━━━━━━━━━━━━━━━━━━ 100.0% 151.65kB/151.65kB [2s] 
Wrote 298052 bytes (155290 compressed) at 0x00002000 in 2.3 seconds (1052.0 kbit/s).
Verifying written data...
Hash of data verified.

Hard resetting via RTS pin...
