ESP-ROM:esp32s31-20251218
Build:Dec 18 2025
rst:0x1 (POWERON),boot:0x7f (SPI_FAST_FLASH_BOOT)
SPI mode:DIO, clock div:1
load:0x2e000000,len:0x18
load:0x2f000000,len:0xb498
entry 0x2f008b38
*** Booting NuttX ***
rtc: lma 0x00002020 vma 0x2e000000 len 0x18     (24)
dram: lma 0x00002040 vma 0x2f000000 len 0xb498   (46232)
padd: lma 0x0000d508 vma 0x00000000 len 0x2b10   (11024)
imap: lma 0x00010020 vma 0x40040020 len 0xab84   (43908)
padd: lma 0x0001abac vma 0x00000000 len 0x554c   (21836)
imap: lma 0x00020100 vma 0x40000100 len 0x3f514  (259348)
total segments stored 6
ABCES8311: pcm0p/pcm0c continuous, 44100/16/2 slots

NuttShell (NSH)
nsh> [K
HOST_COMMAND ls /dev/audio
ls /dev/audio
/dev/audio:
 pcm0c
 pcm0p
nsh> [K
nsh> [K
HOST_COMMAND nxlooper
nxlooper
NxLooper version 1.00
h for commands, q to exit

nxlooper> 
HOST_COMMAND device pcm0p
[Kdevice pcm0p
nxlooper> [K
HOST_COMMAND device pcm0c
device pcm0c
nxlooper> [K
HOST_COMMAND loopback 2 16 48000
loopback 2 16 48000

OBSERVATION_SECONDS=15.070
HOST_COMMAND stop
