before-a.bin: OK
before-b.bin: OK
+ /home/regex/.espressif/python_env/idf6.1_py3.10_env/bin/esptool --chip esp32s31 --port /dev/serial/by-id/usb-Silicon_Labs_CP2102N_USB_to_UART_Bridge_Controller_f65e4ef67f71f011975a049f1045c30f-if00-port0 --baud 460800 write-flash --flash-size 16MB --flash-mode dio --flash-freq 80m 0x2000 /home/regex/work/esp32s31-openvela/openvela-dev/out/esp32s31-spawn-kernel1623/nuttx.bin 0x200000 /home/regex/work/esp32s31-openvela/openvela-dev/out/esp32s31-spawn-kernel1623/appfs.img
esptool v5.4.0
Serial port /dev/serial/by-id/usb-Silicon_Labs_CP2102N_USB_to_UART_Bridge_Controller_f65e4ef67f71f011975a049f1045c30f-if00-port0:
Connecting....
Connected to ESP32-S31 on /dev/serial/by-id/usb-Silicon_Labs_CP2102N_USB_to_UART_Bridge_Controller_f65e4ef67f71f011975a049f1045c30f-if00-port0:
Chip type:          ESP32-S31 (revision v0.0)
Features:           Wi-Fi 6, BT 5.4 (LE), IEEE802.15.4, Dual Core + LP Core, 300MHz
Crystal frequency:  40MHz
MAC:                30:ed:a0:f3:f7:b0

Uploading stub flasher...
Running stub flasher...
Stub flasher running.
Changing baud rate to 460800...
Changed.

Configuring flash size...

Writing '/home/regex/work/esp32s31-openvela/openvela-dev/out/esp32s31-spawn-kernel1623/nuttx.bin' at 0x00002000...
SHA digest in image updated.
Flash will be erased from 0x00002000 to 0x00189fff...
Compressed 1604048 bytes to 954391...
Writing at 0x00008290 ╸                                1.7% 16.00kB/932.02kB [0s] 
Writing at 0x0000e184 ━                                3.4% 32.00kB/932.02kB [0s] 
Writing at 0x000141c2 ━╸                               5.2% 48.00kB/932.02kB [1s] 
Writing at 0x0001a118 ━━                               6.9% 64.00kB/932.02kB [1s] 
Writing at 0x00029033 ━━╸                              8.6% 80.00kB/932.02kB [2s] 
Writing at 0x0002fb38 ━━━                             10.3% 96.00kB/932.02kB [2s] 
Writing at 0x00035d41 ━━━╸                            12.0% 112.00kB/932.02kB [2s] 
Writing at 0x0003a4cf ━━━━                            13.7% 128.00kB/932.02kB [3s] 
Writing at 0x000505be ━━━━╸                           15.5% 144.00kB/932.02kB [3s] 
Writing at 0x0005651c ━━━━━                           17.2% 160.00kB/932.02kB [4s] 
Writing at 0x0005c8dd ━━━━━╸                          18.9% 176.00kB/932.02kB [4s] 
Writing at 0x00062e4f ━━━━━━                          20.6% 192.00kB/932.02kB [4s] 
Writing at 0x0006a00a ━━━━━━╸                         22.3% 208.00kB/932.02kB [5s] 
Writing at 0x00072c79 ━━━━━━━                         24.0% 224.00kB/932.02kB [5s] 
Writing at 0x0007a7cb ━━━━━━━╸                        25.8% 240.00kB/932.02kB [6s] 
Writing at 0x00081fde ━━━━━━━━                        27.5% 256.00kB/932.02kB [6s] 
Writing at 0x00088fb7 ━━━━━━━━╸                       29.2% 272.00kB/932.02kB [6s] 
Writing at 0x0008f0fe ━━━━━━━━━                       30.9% 288.00kB/932.02kB [7s] 
Writing at 0x0009585a ━━━━━━━━━╸                      32.6% 304.00kB/932.02kB [7s] 
Writing at 0x0009bab0 ━━━━━━━━━━                      34.3% 320.00kB/932.02kB [8s] 
Writing at 0x000a180f ━━━━━━━━━━╸                     36.1% 336.00kB/932.02kB [8s] 
Writing at 0x000a6e11 ━━━━━━━━━━━                     37.8% 352.00kB/932.02kB [8s] 
Writing at 0x000ac878 ━━━━━━━━━━━╸                    39.5% 368.00kB/932.02kB [9s] 
Writing at 0x000b2377 ━━━━━━━━━━━━                    41.2% 384.00kB/932.02kB [9s] 
Writing at 0x000b8438 ━━━━━━━━━━━━╸                   42.9% 400.00kB/932.02kB [10s] 
Writing at 0x000bfc34 ━━━━━━━━━━━━━                   44.6% 416.00kB/932.02kB [10s] 
Writing at 0x000c87bc ━━━━━━━━━━━━━╸                  46.4% 432.00kB/932.02kB [11s] 
Writing at 0x000cf142 ━━━━━━━━━━━━━━                  48.1% 448.00kB/932.02kB [11s] 
Writing at 0x000d4fda ━━━━━━━━━━━━━━╸                 49.8% 464.00kB/932.02kB [11s] 
Writing at 0x000db4ae ━━━━━━━━━━━━━━━                 51.5% 480.00kB/932.02kB [12s] 
Writing at 0x000e2024 ━━━━━━━━━━━━━━━╸                53.2% 496.00kB/932.02kB [12s] 
Writing at 0x000e7fc6 ━━━━━━━━━━━━━━━━                54.9% 512.00kB/932.02kB [13s] 
Writing at 0x000edef5 ━━━━━━━━━━━━━━━━╸               56.7% 528.00kB/932.02kB [13s] 
Writing at 0x000f40dc ━━━━━━━━━━━━━━━━━╸              58.4% 544.00kB/932.02kB [13s] 
Writing at 0x000fa2dd ━━━━━━━━━━━━━━━━━━              60.1% 560.00kB/932.02kB [14s] 
Writing at 0x00100839 ━━━━━━━━━━━━━━━━━━╸             61.8% 576.00kB/932.02kB [14s] 
Writing at 0x00106b01 ━━━━━━━━━━━━━━━━━━━             63.5% 592.00kB/932.02kB [15s] 
Writing at 0x0010cafc ━━━━━━━━━━━━━━━━━━━╸            65.2% 608.00kB/932.02kB [15s] 
Writing at 0x00112b0d ━━━━━━━━━━━━━━━━━━━━            67.0% 624.00kB/932.02kB [15s] 
Writing at 0x001189f5 ━━━━━━━━━━━━━━━━━━━━╸           68.7% 640.00kB/932.02kB [16s] 
Writing at 0x0011f57a ━━━━━━━━━━━━━━━━━━━━━           70.4% 656.00kB/932.02kB [16s] 
Writing at 0x00125e40 ━━━━━━━━━━━━━━━━━━━━━╸          72.1% 672.00kB/932.02kB [17s] 
Writing at 0x0012c42a ━━━━━━━━━━━━━━━━━━━━━━          73.8% 688.00kB/932.02kB [17s] 
Writing at 0x0013280d ━━━━━━━━━━━━━━━━━━━━━━╸         75.5% 704.00kB/932.02kB [17s] 
Writing at 0x00138dfa ━━━━━━━━━━━━━━━━━━━━━━━         77.3% 720.00kB/932.02kB [18s] 
Writing at 0x0013f14c ━━━━━━━━━━━━━━━━━━━━━━━╸        79.0% 736.00kB/932.02kB [18s] 
Writing at 0x00144cd6 ━━━━━━━━━━━━━━━━━━━━━━━━        80.7% 752.00kB/932.02kB [19s] 
Writing at 0x0014a9b4 ━━━━━━━━━━━━━━━━━━━━━━━━╸       82.4% 768.00kB/932.02kB [19s] 
Writing at 0x00150f8e ━━━━━━━━━━━━━━━━━━━━━━━━━       84.1% 784.00kB/932.02kB [20s] 
Writing at 0x001577cb ━━━━━━━━━━━━━━━━━━━━━━━━━╸      85.8% 800.00kB/932.02kB [20s] 
Writing at 0x0015d6f6 ━━━━━━━━━━━━━━━━━━━━━━━━━━      87.6% 816.00kB/932.02kB [20s] 
Writing at 0x001637cd ━━━━━━━━━━━━━━━━━━━━━━━━━━╸     89.3% 832.00kB/932.02kB [21s] 
Writing at 0x001698d5 ━━━━━━━━━━━━━━━━━━━━━━━━━━━     91.0% 848.00kB/932.02kB [21s] 
Writing at 0x0016f45a ━━━━━━━━━━━━━━━━━━━━━━━━━━━╸    92.7% 864.00kB/932.02kB [22s] 
Writing at 0x00175e28 ━━━━━━━━━━━━━━━━━━━━━━━━━━━━    94.4% 880.00kB/932.02kB [22s] 
Writing at 0x0017c775 ━━━━━━━━━━━━━━━━━━━━━━━━━━━━╸   96.1% 896.00kB/932.02kB [22s] 
Writing at 0x001824c5 ━━━━━━━━━━━━━━━━━━━━━━━━━━━━━   97.9% 912.00kB/932.02kB [23s] 
Writing at 0x0018811c ━━━━━━━━━━━━━━━━━━━━━━━━━━━━━╸  99.6% 928.00kB/932.02kB [23s] 
Writing at 0x001899d0 ━━━━━━━━━━━━━━━━━━━━━━━━━━━━━━ 100.0% 932.02kB/932.02kB [23s] 
Wrote 1604048 bytes (954391 compressed) at 0x00002000 in 23.9 seconds (537.1 kbit/s).
Verifying written data...
Hash of data verified.

Writing '/home/regex/work/esp32s31-openvela/openvela-dev/out/esp32s31-spawn-kernel1623/appfs.img' at 0x00200000...
Flash will be erased from 0x00200000 to 0x004f2fff...
Compressed 3089408 bytes to 1831026...
Writing at 0x002073d0                                  0.9% 16.00kB/1.75MB [0s] 
Writing at 0x0020cbf3 ╸                                1.8% 32.00kB/1.75MB [0s] 
Writing at 0x00213d88 ╸                                2.7% 48.00kB/1.75MB [1s] 
Writing at 0x0021d785 ━                                3.6% 64.00kB/1.75MB [1s] 
Writing at 0x002234e7 ━                                4.5% 80.00kB/1.75MB [2s] 
Writing at 0x002293fd ━╸                               5.4% 96.00kB/1.75MB [2s] 
Writing at 0x0022efb6 ━╸                               6.3% 112.00kB/1.75MB [2s] 
Writing at 0x00234d4a ━━                               7.2% 128.00kB/1.75MB [3s] 
Writing at 0x0023aea2 ━━                               8.1% 144.00kB/1.75MB [3s] 
Writing at 0x002417ab ━━╸                              8.9% 160.00kB/1.75MB [4s] 
Writing at 0x002471f5 ━━╸                              9.8% 176.00kB/1.75MB [4s] 
Writing at 0x0024c510 ━━━                             10.7% 192.00kB/1.75MB [4s] 
Writing at 0x00252284 ━━━                             11.6% 208.00kB/1.75MB [5s] 
Writing at 0x00258879 ━━━╸                            12.5% 224.00kB/1.75MB [5s] 
Writing at 0x0025e3c1 ━━━━                            13.4% 240.00kB/1.75MB [6s] 
Writing at 0x0026431e ━━━━                            14.3% 256.00kB/1.75MB [6s] 
Writing at 0x0026a364 ━━━━╸                           15.2% 272.00kB/1.75MB [6s] 
Writing at 0x0027019b ━━━━╸                           16.1% 288.00kB/1.75MB [7s] 
Writing at 0x00275c94 ━━━━━                           17.0% 304.00kB/1.75MB [7s] 
Writing at 0x0027d524 ━━━━━                           17.9% 320.00kB/1.75MB [8s] 
Writing at 0x00289429 ━━━━━╸                          18.8% 336.00kB/1.75MB [8s] 
Writing at 0x00293f24 ━━━━━╸                          19.7% 352.00kB/1.75MB [9s] 
Writing at 0x002a1d68 ━━━━━━                          20.6% 368.00kB/1.75MB [9s] 
Writing at 0x002ab4f2 ━━━━━━                          21.5% 384.00kB/1.75MB [9s] 
Writing at 0x002b3788 ━━━━━━╸                         22.4% 400.00kB/1.75MB [10s] 
Writing at 0x002bdddc ━━━━━━╸                         23.3% 416.00kB/1.75MB [10s] 
Writing at 0x002c43a5 ━━━━━━━                         24.2% 432.00kB/1.75MB [11s] 
Writing at 0x002c9c1c ━━━━━━━╸                        25.1% 448.00kB/1.75MB [11s] 
Writing at 0x002cf2bb ━━━━━━━╸                        25.9% 464.00kB/1.75MB [11s] 
Writing at 0x002d4f38 ━━━━━━━━                        26.8% 480.00kB/1.75MB [12s] 
Writing at 0x002da9ef ━━━━━━━━                        27.7% 496.00kB/1.75MB [12s] 
Writing at 0x002e0695 ━━━━━━━━╸                       28.6% 512.00kB/1.75MB [13s] 
Writing at 0x002e5ce3 ━━━━━━━━╸                       29.5% 528.00kB/1.75MB [13s] 
Writing at 0x002eb62b ━━━━━━━━━                       30.4% 544.00kB/1.75MB [13s] 
Writing at 0x002f1205 ━━━━━━━━━                       31.3% 560.00kB/1.75MB [14s] 
Writing at 0x002f6dc2 ━━━━━━━━━╸                      32.2% 576.00kB/1.75MB [14s] 
Writing at 0x002fc4d2 ━━━━━━━━━╸                      33.1% 592.00kB/1.75MB [15s] 
Writing at 0x0030233e ━━━━━━━━━━                      34.0% 608.00kB/1.75MB [15s] 
Writing at 0x00307be9 ━━━━━━━━━━                      34.9% 624.00kB/1.75MB [15s] 
Writing at 0x0030d080 ━━━━━━━━━━╸                     35.8% 640.00kB/1.75MB [16s] 
Writing at 0x00313630 ━━━━━━━━━━━                     36.7% 656.00kB/1.75MB [16s] 
Writing at 0x003196fb ━━━━━━━━━━━                     37.6% 672.00kB/1.75MB [17s] 
Writing at 0x0031f53e ━━━━━━━━━━━╸                    38.5% 688.00kB/1.75MB [17s] 
Writing at 0x00324c88 ━━━━━━━━━━━╸                    39.4% 704.00kB/1.75MB [18s] 
Writing at 0x0032a373 ━━━━━━━━━━━━                    40.3% 720.00kB/1.75MB [18s] 
Writing at 0x0032ff95 ━━━━━━━━━━━━                    41.2% 736.00kB/1.75MB [18s] 
Writing at 0x003357a7 ━━━━━━━━━━━━╸                   42.1% 752.00kB/1.75MB [19s] 
Writing at 0x0033b697 ━━━━━━━━━━━━╸                   43.0% 768.00kB/1.75MB [19s] 
Writing at 0x00341044 ━━━━━━━━━━━━━                   43.8% 784.00kB/1.75MB [20s] 
Writing at 0x00346e69 ━━━━━━━━━━━━━                   44.7% 800.00kB/1.75MB [20s] 
Writing at 0x00351e1e ━━━━━━━━━━━━━╸                  45.6% 816.00kB/1.75MB [20s] 
Writing at 0x0035e11d ━━━━━━━━━━━━━╸                  46.5% 832.00kB/1.75MB [21s] 
Writing at 0x00365268 ━━━━━━━━━━━━━━                  47.4% 848.00kB/1.75MB [21s] 
Writing at 0x0036c760 ━━━━━━━━━━━━━━                  48.3% 864.00kB/1.75MB [22s] 
Writing at 0x0037683c ━━━━━━━━━━━━━━╸                 49.2% 880.00kB/1.75MB [22s] 
Writing at 0x0037cf68 ━━━━━━━━━━━━━━━                 50.1% 896.00kB/1.75MB [22s] 
Writing at 0x00382f29 ━━━━━━━━━━━━━━━                 51.0% 912.00kB/1.75MB [23s] 
Writing at 0x00388d26 ━━━━━━━━━━━━━━━╸                51.9% 928.00kB/1.75MB [23s] 
Writing at 0x0038fa02 ━━━━━━━━━━━━━━━╸                52.8% 944.00kB/1.75MB [24s] 
Writing at 0x00395960 ━━━━━━━━━━━━━━━━                53.7% 960.00kB/1.75MB [24s] 
Writing at 0x0039afaa ━━━━━━━━━━━━━━━━                54.6% 976.00kB/1.75MB [24s] 
Writing at 0x003a2985 ━━━━━━━━━━━━━━━━╸               55.5% 992.00kB/1.75MB [25s] 
Writing at 0x003ad7c4 ━━━━━━━━━━━━━━━━╸               56.4% 1008.00kB/1.75MB [25s] 
Writing at 0x003b74c2 ━━━━━━━━━━━━━━━━━               57.3% 1.00MB/1.75MB [26s] 
Writing at 0x003bce66 ━━━━━━━━━━━━━━━━━               58.2% 1.02MB/1.75MB [26s] 
Writing at 0x003c3185 ━━━━━━━━━━━━━━━━━╸              59.1% 1.03MB/1.75MB [26s] 
Writing at 0x003c8ba3 ━━━━━━━━━━━━━━━━━╸              60.0% 1.05MB/1.75MB [27s] 
Writing at 0x003ce284 ━━━━━━━━━━━━━━━━━━              60.8% 1.06MB/1.75MB [27s] 
Writing at 0x003d6e4e ━━━━━━━━━━━━━━━━━━╸             61.7% 1.08MB/1.75MB [28s] 
Writing at 0x003dcda2 ━━━━━━━━━━━━━━━━━━╸             62.6% 1.09MB/1.75MB [28s] 
Writing at 0x003e4498 ━━━━━━━━━━━━━━━━━━━             63.5% 1.11MB/1.75MB [29s] 
Writing at 0x003ec10a ━━━━━━━━━━━━━━━━━━━             64.4% 1.12MB/1.75MB [29s] 
Writing at 0x003f1920 ━━━━━━━━━━━━━━━━━━━╸            65.3% 1.14MB/1.75MB [29s] 
Writing at 0x003f7cba ━━━━━━━━━━━━━━━━━━━╸            66.2% 1.16MB/1.75MB [30s] 
Writing at 0x003ffd7c ━━━━━━━━━━━━━━━━━━━━            67.1% 1.17MB/1.75MB [30s] 
Writing at 0x00407333 ━━━━━━━━━━━━━━━━━━━━            68.0% 1.19MB/1.75MB [31s] 
Writing at 0x0040d180 ━━━━━━━━━━━━━━━━━━━━╸           68.9% 1.20MB/1.75MB [31s] 
Writing at 0x00414e0e ━━━━━━━━━━━━━━━━━━━━╸           69.8% 1.22MB/1.75MB [31s] 
Writing at 0x0041cb1d ━━━━━━━━━━━━━━━━━━━━━           70.7% 1.23MB/1.75MB [32s] 
Writing at 0x004227db ━━━━━━━━━━━━━━━━━━━━━           71.6% 1.25MB/1.75MB [32s] 
Writing at 0x0042ad7e ━━━━━━━━━━━━━━━━━━━━━╸          72.5% 1.27MB/1.75MB [33s] 
Writing at 0x00431a37 ━━━━━━━━━━━━━━━━━━━━━━          73.4% 1.28MB/1.75MB [33s] 
Writing at 0x00437778 ━━━━━━━━━━━━━━━━━━━━━━          74.3% 1.30MB/1.75MB [33s] 
Writing at 0x0043d9df ━━━━━━━━━━━━━━━━━━━━━━╸         75.2% 1.31MB/1.75MB [34s] 
Writing at 0x00443f94 ━━━━━━━━━━━━━━━━━━━━━━╸         76.1% 1.33MB/1.75MB [34s] 
Writing at 0x0044ace8 ━━━━━━━━━━━━━━━━━━━━━━━         77.0% 1.34MB/1.75MB [35s] 
Writing at 0x004512aa ━━━━━━━━━━━━━━━━━━━━━━━         77.8% 1.36MB/1.75MB [35s] 
Writing at 0x004572e0 ━━━━━━━━━━━━━━━━━━━━━━━╸        78.7% 1.38MB/1.75MB [35s] 
Writing at 0x0045cacd ━━━━━━━━━━━━━━━━━━━━━━━╸        79.6% 1.39MB/1.75MB [36s] 
Writing at 0x004626fb ━━━━━━━━━━━━━━━━━━━━━━━━        80.5% 1.41MB/1.75MB [36s] 
Writing at 0x00467ba8 ━━━━━━━━━━━━━━━━━━━━━━━━        81.4% 1.42MB/1.75MB [37s] 
Writing at 0x0046d89c ━━━━━━━━━━━━━━━━━━━━━━━━╸       82.3% 1.44MB/1.75MB [37s] 
Writing at 0x00473dbe ━━━━━━━━━━━━━━━━━━━━━━━━╸       83.2% 1.45MB/1.75MB [38s] 
Writing at 0x00479d66 ━━━━━━━━━━━━━━━━━━━━━━━━━       84.1% 1.47MB/1.75MB [38s] 
Writing at 0x0047fc82 ━━━━━━━━━━━━━━━━━━━━━━━━━╸      85.0% 1.48MB/1.75MB [38s] 
Writing at 0x00485e1a ━━━━━━━━━━━━━━━━━━━━━━━━━╸      85.9% 1.50MB/1.75MB [39s] 
Writing at 0x0048be84 ━━━━━━━━━━━━━━━━━━━━━━━━━━      86.8% 1.52MB/1.75MB [39s] 
Writing at 0x00491f95 ━━━━━━━━━━━━━━━━━━━━━━━━━━      87.7% 1.53MB/1.75MB [40s] 
Writing at 0x00497baf ━━━━━━━━━━━━━━━━━━━━━━━━━━╸     88.6% 1.55MB/1.75MB [40s] 
Writing at 0x0049d31a ━━━━━━━━━━━━━━━━━━━━━━━━━━╸     89.5% 1.56MB/1.75MB [40s] 
Writing at 0x004a3514 ━━━━━━━━━━━━━━━━━━━━━━━━━━━     90.4% 1.58MB/1.75MB [41s] 
Writing at 0x004a94d0 ━━━━━━━━━━━━━━━━━━━━━━━━━━━     91.3% 1.59MB/1.75MB [41s] 
Writing at 0x004af180 ━━━━━━━━━━━━━━━━━━━━━━━━━━━╸    92.2% 1.61MB/1.75MB [42s] 
Writing at 0x004baeaf ━━━━━━━━━━━━━━━━━━━━━━━━━━━╸    93.1% 1.62MB/1.75MB [42s] 
Writing at 0x004c5885 ━━━━━━━━━━━━━━━━━━━━━━━━━━━━    94.0% 1.64MB/1.75MB [42s] 
Writing at 0x004cc410 ━━━━━━━━━━━━━━━━━━━━━━━━━━━━    94.8% 1.66MB/1.75MB [43s] 
Writing at 0x004d3bb8 ━━━━━━━━━━━━━━━━━━━━━━━━━━━━╸   95.7% 1.67MB/1.75MB [43s] 
Writing at 0x004da3e9 ━━━━━━━━━━━━━━━━━━━━━━━━━━━━╸   96.6% 1.69MB/1.75MB [44s] 
Writing at 0x004e06ac ━━━━━━━━━━━━━━━━━━━━━━━━━━━━━   97.5% 1.70MB/1.75MB [44s] 
Writing at 0x004e60c1 ━━━━━━━━━━━━━━━━━━━━━━━━━━━━━╸  98.4% 1.72MB/1.75MB [44s] 
Writing at 0x004eb5c9 ━━━━━━━━━━━━━━━━━━━━━━━━━━━━━╸  99.3% 1.73MB/1.75MB [45s] 
Writing at 0x004f2400 ━━━━━━━━━━━━━━━━━━━━━━━━━━━━━━ 100.0% 1.75MB/1.75MB [45s] 
Wrote 3089408 bytes (1831026 compressed) at 0x00200000 in 42.9 seconds (576.0 kbit/s).
Verifying written data...
Hash of data verified.

Hard resetting via RTS pin...
