[  2] local 192.168.1.29 port 5002 connected with 192.168.1.60 port 28386
[ ID] Interval       Transfer     Bandwidth
[  2] 0.00-1.00 sec  42.8 KBytes   350 Kbits/sec
[  2] 1.00-2.00 sec  31.4 KBytes   257 Kbits/sec
[  2] 2.00-3.00 sec  28.5 KBytes   234 Kbits/sec
[  2] 3.00-4.00 sec  41.3 KBytes   339 Kbits/sec
[  2] 4.00-5.00 sec  28.5 KBytes   234 Kbits/sec
[  2] 5.00-6.00 sec  34.2 KBytes   280 Kbits/sec
[  2] 6.00-7.00 sec  39.9 KBytes   327 Kbits/sec
[  2] 7.00-8.00 sec  38.5 KBytes   315 Kbits/sec
[  2] 8.00-9.00 sec  32.8 KBytes   269 Kbits/sec
[  2] 9.00-10.00 sec  28.5 KBytes   234 Kbits/sec
[  2] 10.00-11.00 sec  31.4 KBytes   257 Kbits/sec
[  2] 11.00-12.00 sec  38.5 KBytes   315 Kbits/sec
[  2] 12.00-13.00 sec  34.2 KBytes   280 Kbits/sec
[  2] 13.00-14.00 sec  35.6 KBytes   292 Kbits/sec
[  2] 14.00-15.00 sec  37.1 KBytes   304 Kbits/sec
[  2] 15.00-16.00 sec  31.4 KBytes   257 Kbits/sec
[  2] 16.00-17.00 sec  34.2 KBytes   280 Kbits/sec
[  2] 17.00-18.00 sec  45.6 KBytes   374 Kbits/sec
[  2] 18.00-19.00 sec  37.1 KBytes   304 Kbits/sec
[  2] 19.00-20.00 sec  29.9 KBytes   245 Kbits/sec
[  2] 20.00-21.00 sec  34.2 KBytes   280 Kbits/sec
[  2] 21.00-22.00 sec  41.3 KBytes   339 Kbits/sec
[  2] 22.00-23.00 sec  39.9 KBytes   327 Kbits/sec
[  2] 23.00-24.00 sec  39.9 KBytes   327 Kbits/sec
[  2] 24.00-25.00 sec  37.1 KBytes   304 Kbits/sec
[  2] 25.00-26.00 sec  31.4 KBytes   257 Kbits/sec
[  2] 26.00-27.00 sec  31.4 KBytes   257 Kbits/sec
[  2] 27.00-28.00 sec  29.9 KBytes   245 Kbits/sec
[  2] 28.00-29.00 sec  32.8 KBytes   269 Kbits/sec
[  2] 29.00-30.00 sec  31.4 KBytes   257 Kbits/sec
recv failed: Connection timed out.
[  2] 30.00-30.54 sec  2.85 KBytes  43.3 Kbits/sec
[  2] 0.00-30.54 sec  1.03 MBytes   283 Kbits/sec
