esptool v5.4.0
Serial port /dev/ttyUSB0:
Connecting....
Connected to ESP32-S31 on /dev/ttyUSB0:
Chip type:          ESP32-S31 (revision v0.0)
Features:           Wi-Fi 6, BT 5.4 (LE), IEEE802.15.4, Dual Core + LP Core, 300MHz
Crystal frequency:  40MHz
MAC:                30:ed:a0:f3:df:34

Uploading stub flasher...
Running stub flasher...
Stub flasher running.
Changing baud rate to 921600...
Changed.

Configuring flash size...
SHA digest in image updated.
Flash will be erased from 0x00002000 to 0x0004afff...
Compressed 298052 bytes to 155174...
Writing at 0x00007f26 ━━━                             10.6% 16.00kB/151.54kB [0s] 
Writing at 0x000140ad ━━━━━━                          21.1% 32.00kB/151.54kB [0s] 
Writing at 0x00022c5c ━━━━━━━━━╸                      31.7% 48.00kB/151.54kB [0s] 
Writing at 0x00028cf6 ━━━━━━━━━━━━╸                   42.2% 64.00kB/151.54kB [1s] 
Writing at 0x0002f311 ━━━━━━━━━━━━━━━╸                52.8% 80.00kB/151.54kB [1s] 
Writing at 0x000353ca ━━━━━━━━━━━━━━━━━━━             63.4% 96.00kB/151.54kB [1s] 
Writing at 0x0003b154 ━━━━━━━━━━━━━━━━━━━━━━          73.9% 112.00kB/151.54kB [1s] 
Writing at 0x00041f4f ━━━━━━━━━━━━━━━━━━━━━━━━━       84.5% 128.00kB/151.54kB [1s] 
Writing at 0x000481c3 ━━━━━━━━━━━━━━━━━━━━━━━━━━━━╸   95.0% 144.00kB/151.54kB [2s] 
Writing at 0x0004ac44 ━━━━━━━━━━━━━━━━━━━━━━━━━━━━━━ 100.0% 151.54kB/151.54kB [2s] 
Wrote 298052 bytes (155174 compressed) at 0x00002000 in 2.3 seconds (1058.8 kbit/s).
Verifying written data...
Hash of data verified.

Hard resetting via RTS pin...
