XTS_RECEIPT=/home/regex/work/esp32s31-openvela/backups/2026-09-10-scan-stress/build1575-audio-kernel.sha256
XTS_COMMAND=ps
--- CMD: ps ---
ps
  PID GROUP CPU(AFFINITY)   PRI POLICY   TYPE    NPX STATE    EVENT     SIGMASK            STACK COMMAND
    0     0 000(0x00000003)   0 FIFO     Kthread   - Assigned           0000000000000000 0003024 CPU0 IDLE
    1     0 001(0x00000003)   0 FIFO     Kthread   - Running            0000000000000000 0003024 CPU1 IDLE
    2     0 ---(0x00000003) 100 RR       Kthread   - Waiting  Semaphore 0000000000000000 0001952 lpwork 0x2f018dc0 0x2f018e0c
    4     0 ---(0x00000003) 240 RR       Kthread   - Waiting  Semaphore 0000000000000000 0004016 s31_duplex
    5     0 ---(0x00000003) 223 RR       Kthread   - Waiting  Semaphore 0000000000000000 0001968 hr_timer
    6     0 ---(0x00000001) 124 RR       Kthread   - Waiting  Semaphore 0000000000000000 0004016 ble_ctrl
    7     0 ---(0x00000001) 253 RR       Kthread   - Waiting  MQ empty  0000000000000000 0003520 wifi
    8     8 000(0x00000003) 101 RR       Task      - Running            0000000000000000 0004016 /system/bin/init
nsh> [K
nsh> [K
PHYSICAL_RESET_CAPTURE=READY; press RESET, not BOOT; no host reset
ESP-ROM:esp32s31-20251218
Build:Dec 18 2025
rst:0x1 (POWERON),boot:0x7f (SPI_FAST_FLASH_BOOT)
SPI mode:DIO, clock div:1
load:0x2e000000,len:0x18
load:0x2f000000,len:0x185a8
load:0x2f018600,len:0x4f80
entry 0x2f0180f4
*** Booting NuttX ***
rtc: lma 0x00002020 vma 0x2e000000 len 0x18     (24)
dram: lma 0x00002040 vma 0x2f000000 len 0x185a8  (99752)
dram: lma 0x0001a5f0 vma 0x2f018600 len 0x4f80   (20352)
padd: lma 0x0001f5a8 vma 0x00000000 len 0xa70    (2672)
imap: lma 0x00020020 vma 0x40140020 len 0x261b4  (156084)
padd: lma 0x000461dc vma 0x00000000 len 0x9f1c   (40732)
imap: lma 0x00050100 vma 0x40000100 len 0x13ed98 (1306008)
total segments stored 7
ABC[CPU0] S31 hardware crypto: SHA1/SHA256/SHA512 PIO
[CPU0] S31 hardware crypto: HMAC-SHA1/256 via SHA PIO
[CPU0] S31 hardware crypto: ECDSA P256 verify only
[CPU0] S31 hardware crypto: AES-CBC 128/256-bit PIO
[CPU0] S31 hardware crypto: AES-CTR/XTS full-block PIO
[CPU0] CPU1 SMP online: ipi0=0 timer1=0
[CPU0] ES8311: pcm0p/pcm0c continuous, 44100/16/2 slots
[CPU1] AppFS header: 2d726f6d3166732d
[CPU1] AppFS MTD boundary checks: PASS
[CPU1] AppFS writable LittleFS: offset=0x500000 size=0x700000
[CPU1] Initializing Wi-Fi station
[CPU0] E1 Wi-Fi station netdev ready

NuttShell (NSH)
nsh> [KXTS_COMMAND=ps
--- CMD: ps ---
ps
  PID GROUP CPU(AFFINITY)   PRI POLICY   TYPE    NPX STATE    EVENT     SIGMASK            STACK COMMAND
    0     0 000(0x00000003)   0 FIFO     Kthread   - Assigned           0000000000000000 0003024 CPU0 IDLE
    1     0 001(0x00000003)   0 FIFO     Kthread   - Running            0000000000000000 0003024 CPU1 IDLE
    2     0 ---(0x00000003) 100 RR       Kthread   - Waiting  Semaphore 0000000000000000 0001952 lpwork 0x2f018dc0 0x2f018e0c
    4     0 ---(0x00000003) 240 RR       Kthread   - Waiting  Semaphore 0000000000000000 0004016 s31_duplex
    5     0 ---(0x00000003) 223 RR       Kthread   - Waiting  Semaphore 0000000000000000 0001968 hr_timer
    6     0 ---(0x00000001) 124 RR       Kthread   - Waiting  Semaphore 0000000000000000 0004016 ble_ctrl
    7     0 ---(0x00000001) 253 RR       Kthread   - Waiting  MQ empty  0000000000000000 0003520 wifi
    8     8 000(0x00000003) 101 RR       Task      - Running            0000000000000000 0004016 /system/bin/init
nsh> [K
nsh> [K
XTS_COMMAND=free
--- CMD: free ---
free
      total       used       free    maxused    maxfree  nused  nfree name
     277412      94108     183304     107824     151912    200     11 Kmem
   16777216     684032   16093184   16093184 Page
nsh> [K
nsh> [K
PHYSICAL_RESET_BOOT=OK; user physical-action confirmation still required
