ESP-ROM:esp32s31-20251218
Build:Dec 18 2025
rst:0x1 (POWERON),boot:0x5f (SPI_FAST_FLASH_BOOT)
SPI mode:DIO, clock div:1
load:0x2e000000,len:0x18
load:0x2f000000,len:0x16d58
entry 0x2f0145f8
*** Booting NuttX ***
rtc: lma 0x00002020 vma 0x2e000000 len 0x18     (24)
dram: lma 0x00002040 vma 0x2f000000 len 0x16d58  (93528)
padd: lma 0x00018dc8 vma 0x00000000 len 0x7250   (29264)
imap: lma 0x00020020 vma 0x400c0020 len 0xb108   (45320)
padd: lma 0x0002b130 vma 0x00000000 len 0x4fc8   (20424)
imap: lma 0x00030100 vma 0x40000100 len 0xbef24  (782116)
total segments stored 6
ABC[CPU0] CPU1 SMP online: ipi0=0 timer1=0
[CPU0] AppFS header: 2d726f6d3166732d
[CPU0] AppFS MTD boundary checks: PASS
[CPU0] AppFS writable LittleFS: offset=0x500000 size=0x700000

NuttShell (NSH)
nsh> [K
HOST_COMMAND mkdir /data
mkdir /data
nsh> [K
nsh> [K
HOST_COMMAND mount -t tmpfs /data
mount -t tmpfs /data
nsh> [K
nsh> [K
HOST_COMMAND mkdir /data/misc
mkdir /data/misc
nsh> [K
nsh> [K
HOST_COMMAND mkdir /data/misc/bt
mkdir /data/misc/bt
nsh> [K
nsh> [K
BTTOOL bttool
bttool
[CPU0] /data/misc/bt folder create: 0
[CPU1] [async_queue:91]uv_async_queue_init
bttool> 
bttool> 
BTTOOL enable
enable
bttool> 
bttool> [CPU0] S31 BLE: controller open
[CPU0] S31 BLE: public MAC 30:ed:a0:f3:f7:b1
[CPU0] S31 BLE: controller ready, VHCI registered
[CPU1] dev:0: Sending HCI_RESET
[CPU1] S31 BLE host: allocating opcode=0c03
[CPU1] S31 BLE host: opcode=0c03 buffer=0x6140749c
[CPU1] S31 BLE host: opcode=0c03 queued current=0x61408718 syswq=0x61408718
[CPU0] S31 BLE: TX opcode=0c03 len=3
[CPU0] S31 BLE: TX opcode=0c03 result=3
[CPU0] S31 BLE: complete opcode=0c03 status=0 len=7
[CPU0] S31 BLE host: opcode=0c03 wait=0 status=0 ref=1
[CPU0] S31 BLE host: opcode=0c03 returned
[CPU0] S31 BLE host: reset state complete
[CPU0] S31 BLE host: allocating opcode=1003
[CPU0] S31 BLE host: opcode=1003 buffer=0x6140749c
[CPU0] S31 BLE host: opcode=1003 queued current=0x61408718 syswq=0x61408718
[CPU0] S31 BLE: TX opcode=1003 len=3
[CPU0] S31 BLE: TX opcode=1003 result=3
[CPU0] S31 BLE: complete opcode=1003 status=0 len=15
[CPU1] S31 BLE host: opcode=1003 wait=0 status=0 ref=1
[CPU1] S31 BLE host: opcode=1003 returned
[CPU1] S31 BLE host: allocating opcode=1001
[CPU1] S31 BLE host: opcode=1001 buffer=0x6140749c
[CPU1] S31 BLE host: opcode=1001 queued current=0x61408718 syswq=0x61408718
[CPU0] S31 BLE: TX opcode=1001 len=3
[CPU0] S31 BLE: TX opcode=1001 result=3
[CPU0] S31 BLE: complete opcode=1001 status=0 len=15
[CPU0] S31 BLE host: opcode=1001 wait=0 status=0 ref=1
[CPU0] S31 BLE host: opcode=1001 returned
[CPU0] S31 BLE host: allocating opcode=1002
[CPU0] S31 BLE host: opcode=1002 buffer=0x6140749c
[CPU0] S31 BLE host: opcode=1002 queued current=0x61408718 syswq=0x61408718
[CPU0] S31 BLE: TX opcode=1002 len=3
[CPU0] S31 BLE: TX opcode=1002 result=3
[CPU0] S31 BLE: complete opcode=1002 status=0 len=71
[CPU1] S31 BLE host: opcode=1002 wait=0 status=0 ref=1
[CPU1] S31 BLE host: opcode=1002 returned
[CPU1] S31 BLE host: initializing PSA PRNG
[CPU1] S31 BLE host: PSA PRNG result=0
[CPU1] S31 BLE host: buffers ACL=1021/12 SCO=255/0
[CPU1] S31 BLE host: opcode=0c33 queued current=0x61408718 syswq=0x61408718
[CPU0] S31 BLE: TX opcode=0c33 len=10
[CPU0] S31 BLE: TX opcode=0c33 result=10
[CPU0] S31 BLE: complete opcode=0c33 status=0 len=7
[CPU0] S31 BLE host: opcode=0c33 wait=0 status=0 ref=1
[CPU0] S31 BLE host: opcode=0c33 returned
[CPU0] S31 BLE host: opcode=0c31 queued current=0x61408718 syswq=0x61408718
[CPU0] S31 BLE: TX opcode=0c31 len=4
[CPU0] S31 BLE: TX opcode=0c31 result=4
[CPU0] S31 BLE: complete opcode=0c31 status=0 len=7
[CPU0] S31 BLE host: opcode=0c31 wait=0 status=0 ref=1
[CPU0] S31 BLE host: opcode=0c31 returned
[CPU0] S31 BLE host: allocating opcode=2003
[CPU0] S31 BLE host: opcode=2003 buffer=0x6140749c
[CPU0] S31 BLE host: opcode=2003 queued current=0x61408718 syswq=0x61408718
[CPU0] S31 BLE: TX opcode=2003 len=3
[CPU0] S31 BLE: TX opcode=2003 result=3
[CPU0] S31 BLE: complete opcode=2003 status=0 len=15
[CPU1] S31 BLE host: opcode=2003 wait=0 status=0 ref=1
[CPU1] S31 BLE host: opcode=2003 returned
[CPU1] S31 BLE host: allocating opcode=2002
[CPU1] S31 BLE host: opcode=2002 buffer=0x6140749c
[CPU1] S31 BLE host: opcode=2002 queued current=0x61408718 syswq=0x61408718
[CPU0] S31 BLE: TX opcode=2002 len=3
[CPU0] S31 BLE: TX opcode=2002 result=3
[CPU0] S31 BLE: complete opcode=2002 status=0 len=10
[CPU0] S31 BLE host: opcode=2002 wait=0 status=0 ref=1
[CPU0] S31 BLE host: opcode=2002 returned
[CPU0] S31 BLE host: allocating opcode=203a
[CPU0] S31 BLE host: opcode=203a buffer=0x6140749c
[CPU0] S31 BLE host: opcode=203a queued current=0x61408718 syswq=0x61408718
[CPU0] S31 BLE: TX opcode=203a len=3
[CPU0] S31 BLE: TX opcode=203a result=3
[CPU0] S31 BLE: complete opcode=203a status=0 len=9
[CPU1] S31 BLE host: opcode=203a wait=0 status=0 ref=1
[CPU1] S31 BLE host: opcode=203a returned
[CPU1] S31 BLE host: allocating opcode=201c
[CPU1] S31 BLE host: opcode=201c buffer=0x6140749c
[CPU1] S31 BLE host: opcode=201c queued current=0x61408718 syswq=0x61408718
[CPU0] S31 BLE: TX opcode=201c len=3
[CPU0] S31 BLE: TX opcode=201c result=3
[CPU0] S31 BLE: complete opcode=201c status=0 len=15
[CPU0] S31 BLE host: opcode=201c wait=0 status=0 ref=1
[CPU0] S31 BLE host: opcode=201c returned
[CPU0] S31 BLE host: allocating opcode=202f
[CPU0] S31 BLE host: opcode=202f buffer=0x6140749c
[CPU0] S31 BLE host: opcode=202f queued current=0x61408718 syswq=0x61408718
[CPU0] S31 BLE: TX opcode=202f len=3
[CPU0] S31 BLE: TX opcode=202f result=3
[CPU0] S31 BLE: complete opcode=202f status=0 len=15
[CPU1] S31 BLE host: opcode=202f wait=0 status=0 ref=1
[CPU1] S31 BLE host: opcode=202f returned
[CPU1] S31 BLE host: opcode=2024 queued current=0x61408718 syswq=0x61408718
[CPU0] S31 BLE: TX opcode=2024 len=7
[CPU0] S31 BLE: TX opcode=2024 result=7
[CPU0] S31 BLE: complete opcode=2024 status=0 len=7
[CPU0] S31 BLE host: opcode=2024 wait=0 status=0 ref=1
[CPU0] S31 BLE host: opcode=2024 returned
[CPU0] S31 BLE host: opcode=202e queued current=0x61408718 syswq=0x61408718
[CPU0] S31 BLE: TX opcode=202e len=5
[CPU0] S31 BLE: TX opcode=202e result=5
[CPU0] S31 BLE: complete opcode=202e status=0 len=7
[CPU0] S31 BLE host: opcode=202e wait=0 status=0 ref=1
[CPU0] S31 BLE host: opcode=202e returned
[CPU0] S31 BLE host: allocating opcode=202a
[CPU0] S31 BLE host: opcode=202a buffer=0x6140749c
[CPU0] S31 BLE host: opcode=202a queued current=0x61408718 syswq=0x61408718
[CPU0] S31 BLE: TX opcode=202a len=3
[CPU0] S31 BLE: TX opcode=202a result=3
[CPU0] S31 BLE: complete opcode=202a status=0 len=8
[CPU1] S31 BLE host: opcode=202a wait=0 status=0 ref=1
[CPU1] S31 BLE host: opcode=202a returned
[CPU1] S31 BLE host: opcode=2001 queued current=0x61408718 syswq=0x61408718
[CPU0] S31 BLE: TX opcode=2001 len=11
[CPU0] S31 BLE: TX opcode=2001 result=11
[CPU0] S31 BLE: complete opcode=2001 status=0 len=7
[CPU0] S31 BLE host: opcode=2001 wait=0 status=0 ref=1
[CPU0] S31 BLE host: opcode=2001 returned
[CPU0] S31 BLE host: opcode=0c01 queued current=0x61408718 syswq=0x61408718
[CPU0] S31 BLE: TX opcode=0c01 len=11
[CPU0] S31 BLE: TX opcode=0c01 result=11
[CPU0] S31 BLE: complete opcode=0c01 status=0 len=7
[CPU1] S31 BLE host: opcode=0c01 wait=0 status=0 ref=1
[CPU1] S31 BLE host: opcode=0c01 returned
[CPU1] S31 BLE host: allocating opcode=1009
[CPU1] S31 BLE host: opcode=1009 buffer=0x6140749c
[CPU1] S31 BLE host: opcode=1009 queued current=0x61408718 syswq=0x61408718
[CPU0] S31 BLE: TX opcode=1009 len=3
[CPU0] S31 BLE: TX opcode=1009 result=3
[CPU0] S31 BLE: complete opcode=1009 status=0 len=13
[CPU0] S31 BLE host: opcode=1009 wait=0 status=0 ref=1
[CPU0] S31 BLE host: opcode=1009 returned
[CPU0] S31 BLE host: initialization result=0
[bttool] Context:0x61801cc8, Adapter state changed: 1
[bttool] Context:0x61801cc8, Adapter state changed: 2

BTTOOL state
state
[bttool] Adapter State: 2
bttool> 
bttool> 
BTTOOL scan start -p 1M -m 0 -f 65535
scan start -p 1M -m 0 -f 65535
[bttool] uuid: 0xffff 
[bttool] on_scan_start_status_cb, scanner:0x61805610, status:0
[CPU1] S
BTTOOL scan stop
31 BLE host: opcode=2005 queued current=0 syswq=0x61408718
bttool> 
bttool> [CPU0] S31 BLE: TX opcode=2005 len=9
[CPU0] S31 BLE: TX opcode=2005 result=9
[CPU0] S31 BLE: complete opcode=2005 status=0 len=7
[CPU0] S31 BLE host: opcode=2005 wait=0 status=0 ref=1
[CPU0] S31 BLE host: opcode=2005 returned
[CPU0] S31 BLE host: opcode=2041 queued current=0 syswq=0x61408718
[CPU0] S31 BLE: TX opcode=2041 len=11
[CPU0] S31 BLE: TX opcode=2041 result=11
[CPU0] S31 BLE: complete opcode=2041 status=0 len=7
[CPU1] S31 BLE host: opcode=2041 wait=0 status=0 ref=1
[CPU1] S31 BLE host: opcode=2041 returned
[CPU0] S31 BLE host: opcode=2042 queued current=0 syswq=0x61408718
[CPU0] S31 BLE: TX opcode=2042 len=9
[CPU0] S31 BLE: TX opcode=2042 result=9
[CPU0] S31 BLE: complete opcode=2042 status=0 len=7
[CPU1] S31 BLE host: opcode=2042 wait=0 status=0 ref=1
[CPU0] S31 BLE host: opcode=2042 returned
scan stop
bttool> 
[bttool] on_scan_stopped_cb, scanner:0x6180
BTTOOL scan start -p 1M -m 1 -f 65535
5610
[CPU1] S31 BLE host: opcode=2042 queue[dCPU0] S31 BLE: TX opcode=2042 len=9
[CPU0] S31 BLE: TX opcode=2042 result=9
 current=0 syswq=0x614[0CPU8718
0] S31 BLE: complete opcode=2042 status=0 len=7
[CPU1] S31 BLE host: opcode=2042 wait=0 status=0 ref=1
[CPU1] S31 BLE host: opcode=2042 returned
[CPU0] S31 BLE: TX opcode[=C2041 lePnU=111]
 [CPUS31 BLE ho0[]s CSt3P1: UB L0E]:  ST3X1  oBpLcEo:d ec=o2m0p4l1e tree souplcto=d1e1=2
0o4p1 status=0 len=7
code=2041 queued current=0 syswq=0x61408718
[CPU1] S31 BLE host: opcode=2041 wait=0 status=0 ref=1
[CPU1] S31 BLE host: opcode=2041 returned
[CPU0] S31 BLE host: opcode=2042 queued current=0 syswq=0x61408718
[CPU0] S31 BLE: TX opcode=2042 len=9
[CPU0] S31 BLE: TX opcode=2042 result=9
[CPU0] S31 BLE: complete opcode=2042 status=0 len=7
[CPU1] S31 BLE host: opcode=2042 wait=0 status=0 ref=1
[CPU1] S31 BLE host: opcode=2042 returned
bttool> scan start -p 1M -m 1 -f 65535
[bttool] uuid: 0xffff 
[bttool] on_scan_start_status_cb, scanner:0x61805480, status:0
bttool> 
bttool> 
BTTOOL scan stop
scan stop
bttool> 
[bttool] on_scan_stopped_cb, scanner:0x6180
BTTOOL scan start -p 1M -m 2 -f 65535
5480
[CPU1] S31 BLE h[oCPU0] S31 BLE: TX opcode=2042 len=9
[CPU0] S31 BLE: TX opcode=2042 result=9
st: opcode=[CPU0] S31 BL20E4: complete opcode=2042 status=0 len=7
2 queued current=0 syswq=0x61408718
[CPU0] S31 BLE host: opcode=2042 wait=0 status=0 ref=1
[CPU0] S31 BLE host: opcode=2042 returned
[CPU0] S31 BLE host: opcode=2041 queued current=0 syswq=0x61408718
[CPU0] S31 BLE: TX opcode=2041 len=11
[CPU0] S31 BLE: TX opcode=2041 result=11
[CPU0] S31 BLE: complete opcode=2041 status=0 len=7
[CPU1] S31 BLE host: opcode=2041 wait=0 status=0 ref=1
[CPU1] S31 BLE host: opcode=2041 returned
[CPU0] S31 BLE host: opcode=2042 queued current=0 syswq=0x61408718
[CPU0] S31 BLE: TX opcode=2042 len=9
[CPU0] S31 BLE: TX opcode=2042 result=9
[CPU0] S31 BLE: complete opcode=2042 status=0 len=7
[CPU0] S31 BLE host: opcode=2042 wait=0 status=0 ref=1
[CPU0] S31 BLE host: opcode=2042 returned
bttool> scan start -p 1M -m 2 -f 65535
[bttool] uuid: 0xffff 
[bttool] on_scan_start_status_cb, scanner:0x61805480, status:0
bttool> 
bttool> 
BTTOOL scan stop
scan stop
bttool> 
[bttool] on_scan_stopped_cb, scanner:0x6180
BTTOOL scan start -p 2M -m 0 -f 65535
5480
[CPU0] S31 BLE host: opcode=2042 queued current=0 syswq=0x61408718
[CPU0] S31 BLE: TX opcode=2042 len=9
[CPU0] S31 BLE: TX opcode=2042 result=9
[CPU0] S31 BLE: complete opcode=2042 status=0 len=7
[CPU0] S31 BLE host: opcode=2042 wait=0 status=0 ref=1
[CPU0] S31 BLE host: opcode=2042 returned
[CPU0] S31 BLE host: opcode=2041 queued current=0 syswq=0x61408718
[CPU0] S31 BLE: TX opcode=2041 len=11
[CPU0] S31 BLE: TX opcode=2041 result=11
[CPU0] S31 BLE: complete opcode=2041 status=0 len=7
[CPU0] S31 BLE host: opcode=2041 wait=0 status=0 ref=1
[CPU0] S31 BLE host: opcode=2041 returned
[CPU1] S31 BLE [hCPU0] S31 BLE: TX opcode=2042 len=9
[CPU0] S31 BLE: TX opcode=2042 result=9
ost: opcode=2042 queued[ CPUcurrent=00]  sSy31 BLE: csowmplete opcode=q=2042 st0atus=0 len=7
x61408718
[CPU0] S31 BLE host: opcode=2042 wait=0 status=0 ref=1
[CPU0] S31 BLE host: opcode=2042 returned
bttool> scan start -p 2M -m 0 -f 65535
[bttool] uuid: 0xffff 
[bttool] on_scan_start_status_cb, scanner:0x61805fd8, status:0
bttool> 
bttool> 
BTTOOL scan stop
scan stop
bttool> 
[bttool] on_scan_stopped_cb, scanner:0x6180
BTTOOL scan start -p 2M -m 1 -f 65535
5fd8
[CPU1] [SCPU0] S31 BLE: TX opcode=2042 len=9
[CPU0] S31 BLE: TX opcode=2042 result=9
31 BLE host: opcode=[CPU0] S31 BLE: comple2te opcode=2042 status=0 len=7
042 queued current=0 syswq=0x61408718
[CPU0] S31 BLE host: opcode=2042 wait=0 status=0 ref=1
[CPU0] S31 BLE host: opcode=2042 returned
[CPU0] S31 BLE host: opcode=2041 queued current=0 syswq=0x61408718
[CPU0] S31 BLE: TX opcode=2041 len=11
[CPU0] S31 BLE: TX opcode=2041 result=11
[CPU0] S31 BLE: complete opcode=2041 status=0 len=7
[CPU1] S31 BLE host: opcode=2041 wait=0 status=0 ref=1
[CPU1] S31 BLE host: opcode=2041 returned
[CPU0] S31 BLE host: opcode=2042 queued current=0 syswq=0x61408718
[CPU0] S31 BLE: TX opcode=2042 len=9
[CPU0] S31 BLE: TX opcode=2042 result=9
[CPU0] S31 BLE: complete opcode=2042 status=0 len=7
[CPU0] S31 BLE host: opcode=2042 wait=0 status=0 ref=1
[CPU0] S31 BLE host: opcode=2042 returned
bttool> scan start -p 2M -m 1 -f 65535
[bttool] uuid: 0xffff 
[bttool] on_scan_start_status_cb, scanner:0x61805fd8, status:0
bttool> 
bttool> 
BTTOOL scan stop
scan stop
bttool> 
[bttool] on_scan_stopped_cb, scanner:0x6180
BTTOOL scan start -p 2M -m 2 -f 65535
5fd8
[CPU1] [SCPU0] S31 BLE: TX opcode=2042 len=9
[CPU0] S31 BLE: TX opcode=2042 result=9
31 BLE host: opcode=[CPU0] S31 BLE: comple2te opcode=2042 status=0 len=7
042 queued current=0 syswq=0x61408718
[CPU0] S31 BLE host: opcode=2042 wait=0 status=0 ref=1
[CPU0] S31 BLE host: opcode=2042 returned
[CPU0] S31 BLE host: opcode=2041 queued current=0 syswq=0x61408718
[CPU0] S31 BLE: TX opcode=2041 len=11
[CPU0] S31 BLE: TX opcode=2041 result=11
[CPU0] S31 BLE: complete opcode=2041 status=0 len=7
[CPU1] S31 BLE host: opcode=2041 wait=0 status=0 ref=1
[CPU1] S31 BLE host: opcode=2041 returned
[CPU0] S31 BLE host: opcode=2042 queued current=0 syswq=0x61408718
[CPU0] S31 BLE: TX opcode=2042 len=9
[CPU0] S31 BLE: TX opcode=2042 result=9
[CPU0] S31 BLE: complete opcode=2042 status=0 len=7
[CPU1] S31 BLE host: opcode=2042 wait=0 status=0 ref=1
[CPU1] S31 BLE host: opcode=2042 returned
bttool> scan start -p 2M -m 2 -f 65535
[bttool] uuid: 0xffff 
[bttool] on_scan_start_status_cb, scanner:0x61805fd8, status:0
bttool> 
bttool> 
BTTOOL scan stop
scan stop
bttool> 
[bttool] on_scan_stopped_cb, scanner:0x6180
BTTOOL scan start -p Coded -m 0 -f 65535
5fd8
[CPU1] [SCPU0] S31 BLE: TX opcode=2042 len=9
[CPU0] S31 BLE: TX opcode=2042 result=9
31 BLE host: opcode=[CPU0] S31 BLE: comple2te opcode=2042 status=0 len=7
042 queued current=0 syswq=0x61408718
[CPU0] S31 BLE host: opcode=2042 wait=0 status=0 ref=1
[CPU0] S31 BLE host: opcode=2042 returned
[CPU0] S31 BLE host: opcode=2041 queued current=0 syswq=0x61408718
[CPU0] S31 BLE: TX opcode=2041 len=11
[CPU0] S31 BLE: TX opcode=2041 result=11
[CPU0] S31 BLE: complete opcode=2041 status=0 len=7
[CPU0] S31 BLE host: opcode=2041 wait=0 status=0 ref=1
[CPU0] S31 BLE host: opcode=2041 returned
[CPU1] S31 BLE [hCPU0] S31 BLE: TX opcode=2042 len=9
[CPU0] S31 BLE: TX opcode=2042 result=9
ost: opcode=2042 queued[ CPUcurrent=00]  sSy3s1 BLE: complete opcode=2042 status=0 len=7
wq=0x61408718
[CPU0] S31 BLE host: opcode=2042 wait=0 status=0 ref=1
[CPU0] S31 BLE host: opcode=2042 returned
bttool> scan start -p Coded -m 0 -f 65535
[bttool] uuid: 0xffff 
[bttool] on_scan_start_status_cb, scanner:0x61805fd8, status:0
bttool> 
bttool> 
BTTOOL scan stop
scan stop
bttool> 
[bttool] on_scan_stopped_cb, scanner:0x6180
BTTOOL scan start -p Coded -m 1 -f 65535
5fd8
[CPU1[]CPU0] S31 BLE: TX  Sopcode=31 BLE host: opcode=2042 len=9
2042 queued current=0 sy[[CCPPUU00]]  SS3311  BBLLEE::  TcXo mopplceotdee =o2p0c4o2d er=e2s0u4l2t =s9ta
tsuws=0 len=7
q=0x61408718
[CPU1] S31 BLE host: opcode=2042 wait=0 status=0 ref=1
[CPU1] S31 BLE host: opcode=2042 returned
[CPU1] S31 BLE host: opcode=[2CPU0] S31 BLE: TX opcode=2041 len=11
[CPU0] S31 BLE: TX opcode=2041 result=11
[CPU0] S31 B0L4E: comple1te opcode=2041 status=0 len=7
 queued current=0 syswq=0x61408718
[CPU0] S31 BLE host: opcode=2041 wait=0 status=0 ref=1
[CPU0] S31 BLE host: opcode=2041 returned
[CPU1] S31 BLE [hCPU0] S31 BLE: TX opcode=2042 len=9
[CPU0] S31 BLE: TX opcode=2042 result=9
ost: opcode=2042 queued[ CPUcurrent=00] S31 BLE: complete opcode=2042 status=0 len=7
 syswq=0x61408718
[CPU0] S31 BLE host: opcode=2042 wait=0 status=0 ref=1
[CPU0] S31 BLE host: opcode=2042 returned
bttool> scan start -p Coded -m 1 -f 65535
[bttool] uuid: 0xffff 
[bttool] on_scan_start_status_cb, scanner:0x61805fd8, status:0
bttool> 
bttool> 
BTTOOL scan stop
scan stop
bttool> 
[bttool] on_scan_stopped_cb, scanner:0x6180
BTTOOL scan start -p Coded -m 2 -f 65535
5fd8
[CPU1] [SCPU0] S31 BLE: TX opcode=2042 len=9
[CPU0] S31 BLE: TX opcode=2042 result=9
31 BLE host: opcode=[CPU0] S31 BLE: comple2te opcode=2042 status=0 len=7
042 queued current=0 syswq=0x61408718
[CPU0] S31 BLE host: opcode=2042 wait=0 status=0 ref=1
[CPU0] S31 BLE host: opcode=2042 returned
[CPU0] S31 BLE host: opcode=2041 queued current=0 syswq=0x61408718
[CPU0] S31 BLE: TX opcode=2041 len=11
[CPU0] S31 BLE: TX opcode=2041 result=11
[CPU0] S31 BLE: complete opcode=2041 status=0 len=7
[CPU0] S31 BLE host: opcode=2041 wait=0 status=0 ref=1
[CPU0] S31 BLE host: opcode=2041 returned
[CPU1] S31 BLE [hCPU0] S31 BLE: TX opcode=2042 len=9
[CPU0] S31 BLE: TX opcode=2042 result=9
ost: opcode=2042 queued[ CPUcurrent0=]0  sysS31w qBLE: complete opcode=2042 status=0 len=7
=0x61408718
[CPU0] S31 BLE host: opcode=2042 wait=0 status=0 ref=1
[CPU0] S31 BLE host: opcode=2042 returned
bttool> scan start -p Coded -m 2 -f 65535
[bttool] uuid: 0xffff 
[bttool] on_scan_start_status_cb, scanner:0x61805fd8, status:0
bttool> 
bttool> 
BTTOOL scan stop
scan stop
bttool> 
[bttool] on_scan_stopped_cb, scanner:0x6180
BTTOOL disable
5fd8
[CPU1] [SCPU0] S31 BLE: TX opcode=2042 len=9
[CPU0] S31 BLE: TX opcode=2042 result=9
31 BLE host: opcode=[CPU0] S31 BLE: complet2e opcode=2042 status=0 len=7
042 queued current=0 syswq=0x61408718
[CPU0] S31 BLE host: opcode=2042 wait=0 status=0 ref=1
[CPU0] S31 BLE host: opcode=2042 returned
[CPU1] S31 BLE host: allocating opcode=0c03
[CPU1] S31 BLE host: opcode=0c03 buffer=0x6140749c
[CPU0] S31 BLE host: opcode=0c03 queued current=0 syswq=0x61408718
[CPU0] S31 BLE: TX opcode=0c03 len=3
[CPU0] S31 BLE: TX opcode=0c03 result=3
[CPU0] S31 BLE: complete opcode=0c03 status=0 len=7
[CPU1] S31 BLE host: opcode=0c03 wait=0 status=0 ref=1
[CPU1] S31 BLE host: opcode=0c03 returned
bttool> disable
[bttool] Context:0x61801cc8, Adapter state changed: 6
bttool> 
bttool> [bttool] Context:0x61801cc8, Adapter state changed: 0

BTTOOL quit
quit
[CPU0] [async_queue:138]uv_async_queue_close
nsh> [K
nsh> [K
QUIT_CALLBACK_MISSING
