------------------------------------------------------------
Server listening on TCP port 5102
TCP window size: 64.0 KByte (default)
------------------------------------------------------------
[  1] local 192.168.1.29 port 5102 connected with 192.168.1.60 port 4743
[ ID] Interval       Transfer     Bandwidth
[  1] 0.00-1.00 sec   761 KBytes  6.24 Mbits/sec
[  1] 1.00-2.00 sec   734 KBytes  6.01 Mbits/sec
[  1] 2.00-3.00 sec   776 KBytes  6.36 Mbits/sec
[  1] 3.00-4.00 sec   764 KBytes  6.26 Mbits/sec
[  1] 4.00-5.00 sec   788 KBytes  6.46 Mbits/sec
[  1] 5.00-6.00 sec   742 KBytes  6.08 Mbits/sec
[  1] 6.00-7.00 sec   806 KBytes  6.60 Mbits/sec
[  1] 7.00-8.00 sec   737 KBytes  6.04 Mbits/sec
[  1] 8.00-9.00 sec   770 KBytes  6.31 Mbits/sec
[  1] 9.00-10.00 sec   833 KBytes  6.82 Mbits/sec
[  1] 10.00-11.00 sec   809 KBytes  6.63 Mbits/sec
[  1] 11.00-12.00 sec   394 KBytes  3.22 Mbits/sec
[  1] 12.00-13.00 sec   654 KBytes  5.36 Mbits/sec
[  1] 13.00-14.00 sec   708 KBytes  5.80 Mbits/sec
[  1] 14.00-15.00 sec   795 KBytes  6.52 Mbits/sec
[  1] 15.00-16.00 sec   788 KBytes  6.46 Mbits/sec
[  1] 16.00-17.00 sec   733 KBytes  6.01 Mbits/sec
[  1] 17.00-18.00 sec   807 KBytes  6.61 Mbits/sec
[  1] 18.00-19.00 sec   795 KBytes  6.51 Mbits/sec
[  1] 19.00-20.00 sec   796 KBytes  6.52 Mbits/sec
[  1] 20.00-21.00 sec   804 KBytes  6.59 Mbits/sec
[  1] 21.00-22.00 sec   798 KBytes  6.54 Mbits/sec
[  1] 22.00-23.00 sec   691 KBytes  5.66 Mbits/sec
[  1] 23.00-24.00 sec   794 KBytes  6.51 Mbits/sec
[  1] 24.00-25.00 sec   771 KBytes  6.32 Mbits/sec
[  1] 25.00-26.00 sec   752 KBytes  6.16 Mbits/sec
[  1] 26.00-27.00 sec   741 KBytes  6.07 Mbits/sec
[  1] 27.00-28.00 sec   767 KBytes  6.28 Mbits/sec
[  1] 28.00-29.00 sec   836 KBytes  6.85 Mbits/sec
[  1] 29.00-30.00 sec   719 KBytes  5.89 Mbits/sec
[  1] 0.00-30.04 sec  22.2 MBytes  6.19 Mbits/sec
