iperf2 -c 192.168.1.29 -p 5102 -i 1 -t 30 -l 16384 -w 64k
------------------------------------------------------------
Client connecting to 192.168.1.29, TCP port 5102
TCP window size: 62.5 KByte
------------------------------------------------------------
[  1] local 192.168.1.60 port 4743 connected with 192.168.1.29 port 5102
[ ID] Interval       Transfer     Bandwidth
[  1] 0.00-1.00 sec   752 KBytes  6.16 Mbits/sec
[  1] 1.00-2.00 sec   736 KBytes  6.03 Mbits/sec
[  1] 2.00-3.00 sec   800 KBytes  6.55 Mbits/sec
[  1] 3.00-4.00 sec   752 KBytes  6.16 Mbits/sec
[  1] 4.00-5.00 sec   800 KBytes  6.55 Mbits/sec
[  1] 5.00-6.00 sec   752 KBytes  6.16 Mbits/sec
[  1] 6.00-7.00 sec   800 KBytes  6.55 Mbits/sec
[  1] 7.00-8.00 sec   720 KBytes  5.90 Mbits/sec
[  1] 8.00-9.00 sec   784 KBytes  6.42 Mbits/sec
[  1] 9.00-10.00 sec   848 KBytes  6.95 Mbits/sec
[  1] 10.00-11.00 sec   800 KBytes  6.55 Mbits/sec
[  1] 11.00-12.00 sec   368 KBytes  3.01 Mbits/sec
[  1] 12.00-13.00 sec   672 KBytes  5.51 Mbits/sec
[  1] 13.00-14.00 sec   704 KBytes  5.77 Mbits/sec
[  1] 14.00-15.00 sec   784 KBytes  6.42 Mbits/sec
[  1] 15.00-16.00 sec   816 KBytes  6.68 Mbits/sec
[  1] 16.00-17.00 sec   704 KBytes  5.77 Mbits/sec
[  1] 17.00-18.00 sec   816 KBytes  6.68 Mbits/sec
[  1] 18.00-19.00 sec   816 KBytes  6.68 Mbits/sec
[  1] 19.00-20.00 sec   784 KBytes  6.42 Mbits/sec
[  1] 20.00-21.00 sec   816 KBytes  6.68 Mbits/sec
[  1] 21.00-22.00 sec   768 KBytes  6.29 Mbits/sec
[  1] 22.00-23.00 sec   720 KBytes  5.90 Mbits/sec
[  1] 23.00-24.00 sec   800 KBytes  6.55 Mbits/sec
[  1] 24.00-25.00 sec   768 KBytes  6.29 Mbits/sec
[  1] 25.00-26.00 sec   736 KBytes  6.03 Mbits/sec
[  1] 26.00-27.00 sec   752 KBytes  6.16 Mbits/sec
[  1] 27.00-28.00 sec   752 KBytes  6.16 Mbits/sec
[  1] 28.00-29.00 sec   816 KBytes  6.68 Mbits/sec
[  1] 29.00-30.00 sec   736 KBytes  6.03 Mbits/sec
[CPU0] S31_TCP_SHUTDOWN state=4 how=2 write_empty=1 unacked_empty=1 tx_unacked=0 seq=1699861782
[  1] 0.00-30.07 sec  22.2 MBytes  6.18 Mbits/sec
nsh> [K