------------------------------------------------------------
Server listening on TCP port 5103
TCP window size: 64.0 KByte (default)
------------------------------------------------------------
[  1] local 192.168.1.29 port 5103 connected with 192.168.1.60 port 4744
[ ID] Interval       Transfer     Bandwidth
[  1] 0.00-1.00 sec   391 KBytes  3.20 Mbits/sec
[  1] 1.00-2.00 sec   445 KBytes  3.64 Mbits/sec
[  1] 2.00-3.00 sec   396 KBytes  3.24 Mbits/sec
[  1] 3.00-4.00 sec   407 KBytes  3.33 Mbits/sec
[  1] 4.00-5.00 sec   431 KBytes  3.53 Mbits/sec
[  1] 5.00-6.00 sec   431 KBytes  3.53 Mbits/sec
[  1] 6.00-7.00 sec   395 KBytes  3.23 Mbits/sec
[  1] 7.00-8.00 sec   428 KBytes  3.50 Mbits/sec
[  1] 8.00-9.00 sec   448 KBytes  3.67 Mbits/sec
[  1] 9.00-10.00 sec   443 KBytes  3.63 Mbits/sec
[  1] 10.00-11.00 sec   438 KBytes  3.59 Mbits/sec
[  1] 11.00-12.00 sec   444 KBytes  3.63 Mbits/sec
[  1] 12.00-13.00 sec  87.4 KBytes   716 Kbits/sec
[  1] 13.00-14.00 sec   424 KBytes  3.48 Mbits/sec
[  1] 14.00-15.00 sec   427 KBytes  3.49 Mbits/sec
[  1] 15.00-16.00 sec   441 KBytes  3.61 Mbits/sec
[  1] 16.00-17.00 sec   433 KBytes  3.55 Mbits/sec
[  1] 17.00-18.00 sec   430 KBytes  3.52 Mbits/sec
[  1] 18.00-19.00 sec   438 KBytes  3.58 Mbits/sec
[  1] 19.00-20.00 sec   427 KBytes  3.50 Mbits/sec
[  1] 20.00-21.00 sec   404 KBytes  3.31 Mbits/sec
[  1] 21.00-22.00 sec   437 KBytes  3.58 Mbits/sec
[  1] 22.00-23.00 sec   412 KBytes  3.37 Mbits/sec
[  1] 23.00-24.00 sec   420 KBytes  3.44 Mbits/sec
[  1] 24.00-25.00 sec   452 KBytes  3.71 Mbits/sec
[  1] 25.00-26.00 sec   419 KBytes  3.43 Mbits/sec
[  1] 26.00-27.00 sec   421 KBytes  3.45 Mbits/sec
[  1] 27.00-28.00 sec   448 KBytes  3.67 Mbits/sec
[  1] 28.00-29.00 sec   426 KBytes  3.49 Mbits/sec
[  1] 29.00-30.00 sec   182 KBytes  1.49 Mbits/sec
[  1] 0.00-30.31 sec  11.9 MBytes  3.30 Mbits/sec
