XTS_RECEIPT=/home/regex/work/esp32s31-openvela/backups/2026-09-10-scan-stress/build1071-flat-bttool-identity.sha256
ESP-ROM:esp32s31-20251218
Build:Dec 18 2025
rst:0x1 (POWERON),boot:0x7f (SPI_FAST_FLASH_BOOT)
SPI mode:DIO, clock div:1
load:0x2e000000,len:0x18
load:0x2f000000,len:0x11134
load:0x2f011180,len:0x28fc
entry 0x2f010dac
*** Booting NuttX ***
rtc: lma 0x00002020 vma 0x2e000000 len 0x18     (24)
dram: lma 0x00002040 vma 0x2f000000 len 0x11134  (69940)
dram: lma 0x0001317c vma 0x2f011180 len 0x28fc   (10492)
padd: lma 0x00015aa8 vma 0x00000000 len 0xa570   (42352)
imap: lma 0x00020020 vma 0x400f0020 len 0x1f0fc  (127228)
padd: lma 0x0003f124 vma 0x00000000 len 0xfd4    (4052)
imap: lma 0x00040100 vma 0x40000100 len 0xe98d4  (956628)
total segments stored 7
ABC
NuttShell (NSH)
nsh> [K
XTS_COMMAND=ls /dev/ttyHCI0
--- CMD: ls /dev/ttyHCI0 ---
ls /dev/ttyHCI0
 /dev/ttyHCI0
nsh> [K
nsh> [K
ls /dev/ttyHCI0
 /dev/ttyHCI0
nsh> [K
nsh> [K
XTS_COMMAND=mount
--- CMD: mount ---
mount
  /proc type procfs
  /tmp type tmpfs
nsh> [K
nsh> [K
mount
  /proc type procfs
  /tmp type tmpfs
nsh> [K
nsh> [K
XTS_COMMAND=ls /data
--- CMD: ls /data ---
ls /data
nsh: ls: stat failed: No such file or directory
nsh> [K
nsh> [K
ls /data
nsh: ls: stat failed: No such file or directory
nsh> [K
nsh> [K
XTS_COMMAND=mkdir /data
--- CMD: mkdir /data ---
mkdir /data
nsh> [K
nsh> [K
mkdir /data
nsh> [K
nsh> [K
XTS_COMMAND=mount -t tmpfs /data
--- CMD: mount -t tmpfs /data ---
mount -t tmpfs /data
nsh> [K
nsh> [K
mount -t tmpfs /data
nsh> [K
nsh> [K
XTS_COMMAND=mkdir /data/misc
--- CMD: mkdir /data/misc ---
mkdir /data/misc
nsh> [K
nsh> [K
mkdir /data/misc
nsh> [K
nsh> [K
XTS_COMMAND=mkdir /data/misc/bt
--- CMD: mkdir /data/misc/bt ---
mkdir /data/misc/bt
nsh> [K
nsh> [K
mkdir /data/misc/bt
nsh> [K
nsh> [K
XTS_COMMAND=bttool
bttool
/data/misc/bt folder create: 0
[async_queue:91]uv_async_queue_init
bttool> XTS_COMMAND=enable
enable
S31 BLE: controller open
S31 BLE: public MAC 30:ed:a0:f3:f7:b1
S31 BLE: controller ready, VHCI registered
dev:0: Sending HCI_RESET
S31 BLE host: allocating opcode=0c03
S31 BLE host: opcode=0c03 buffer=0x2f01d22c
S31 BLE host: opcode=0c03 queued current=0x2f01e590 syswq=0x2f01e590
S31 BLE: TX opcode=0c03 len=3
S31 BLE: complete opcode=0c03 status=0 len=7
S31 BLE: TX opcode=0c03 result=3
S31 BLE host: opcode=0c03 wait=0 status=0 ref=1
S31 BLE host: opcode=0c03 returned
S31 BLE host: reset state complete
S31 BLE host: allocating opcode=1003
S31 BLE host: opcode=1003 buffer=0x2f01d22c
S31 BLE host: opcode=1003 queued current=0x2f01e590 syswq=0x2f01e590
S31 BLE: TX opcode=1003 len=3
S31 BLE: complete opcode=1003 status=0 len=15
S31 BLE: TX opcode=1003 result=3
S31 BLE host: opcode=1003 wait=0 status=0 ref=1
S31 BLE host: opcode=1003 returned
S31 BLE host: allocating opcode=1001
S31 BLE host: opcode=1001 buffer=0x2f01d22c
S31 BLE host: opcode=1001 queued current=0x2f01e590 syswq=0x2f01e590
S31 BLE: TX opcode=1001 len=3
S31 BLE: complete opcode=1001 status=0 len=15
S31 BLE: TX opcode=1001 result=3
S31 BLE host: opcode=1001 wait=0 status=0 ref=1
S31 BLE host: opcode=1001 returned
S31 BLE host: allocating opcode=1002
S31 BLE host: opcode=1002 buffer=0x2f01d22c
S31 BLE host: opcode=1002 queued current=0x2f01e590 syswq=0x2f01e590
S31 BLE: TX opcode=1002 len=3
S31 BLE: complete opcode=1002 status=0 len=71
S31 BLE: TX opcode=1002 result=3
S31 BLE host: opcode=1002 wait=0 status=0 ref=1
S31 BLE host: opcode=1002 returned
S31 BLE host: initializing PSA PRNG
S31 BLE host: PSA PRNG result=0
S31 BLE host: buffers ACL=1021/12 SCO=255/0
S31 BLE host: opcode=0c33 queued current=0x2f01e590 syswq=0x2f01e590
S31 BLE: TX opcode=0c33 len=10
S31 BLE: complete opcode=0c33 status=0 len=7
S31 BLE: TX opcode=0c33 result=10
S31 BLE host: opcode=0c33 wait=0 status=0 ref=1
S31 BLE host: opcode=0c33 returned
S31 BLE host: opcode=0c31 queued current=0x2f01e590 syswq=0x2f01e590
S31 BLE: TX opcode=0c31 len=4
S31 BLE: complete opcode=0c31 status=0 len=7
S31 BLE: TX opcode=0c31 result=4
S31 BLE host: opcode=0c31 wait=0 status=0 ref=1
S31 BLE host: opcode=0c31 returned
S31 BLE host: allocating opcode=2003
S31 BLE host: opcode=2003 buffer=0x2f01d22c
S31 BLE host: opcode=2003 queued current=0x2f01e590 syswq=0x2f01e590
S31 BLE: TX opcode=2003 len=3
S31 BLE: complete opcode=2003 status=0 len=15
S31 BLE: TX opcode=2003 result=3
S31 BLE host: opcode=2003 wait=0 status=0 ref=1
S31 BLE host: opcode=2003 returned
S31 BLE host: allocating opcode=2002
S31 BLE host: opcode=2002 buffer=0x2f01d22c
S31 BLE host: opcode=2002 queued current=0x2f01e590 syswq=0x2f01e590
S31 BLE: TX opcode=2002 len=3
S31 BLE: complete opcode=2002 status=0 len=10
S31 BLE: TX opcode=2002 result=3
S31 BLE host: opcode=2002 wait=0 status=0 ref=1
S31 BLE host: opcode=2002 returned
S31 BLE host: allocating opcode=203a
S31 BLE host: opcode=203a buffer=0x2f01d22c
S31 BLE host: opcode=203a queued current=0x2f01e590 syswq=0x2f01e590
S31 BLE: TX opcode=203a len=3
S31 BLE: complete opcode=203a status=0 len=9
S31 BLE: TX opcode=203a result=3
S31 BLE host: opcode=203a wait=0 status=0 ref=1
S31 BLE host: opcode=203a returned
S31 BLE host: allocating opcode=201c
S31 BLE host: opcode=201c buffer=0x2f01d22c
S31 BLE host: opcode=201c queued current=0x2f01e590 syswq=0x2f01e590
S31 BLE: TX opcode=201c len=3
S31 BLE: complete opcode=201c status=0 len=15
S31 BLE: TX opcode=201c result=3
S31 BLE host: opcode=201c wait=0 status=0 ref=1
S31 BLE host: opcode=201c returned
S31 BLE host: allocating opcode=202f
S31 BLE host: opcode=202f buffer=0x2f01d22c
S31 BLE host: opcode=202f queued current=0x2f01e590 syswq=0x2f01e590
S31 BLE: TX opcode=202f len=3
S31 BLE: complete opcode=202f status=0 len=15
S31 BLE: TX opcode=202f result=3
S31 BLE host: opcode=202f wait=0 status=0 ref=1
S31 BLE host: opcode=202f returned
S31 BLE host: opcode=2024 queued current=0x2f01e590 syswq=0x2f01e590
S31 BLE: TX opcode=2024 len=7
S31 BLE: complete opcode=2024 status=0 len=7
S31 BLE: TX opcode=2024 result=7
S31 BLE host: opcode=2024 wait=0 status=0 ref=1
S31 BLE host: opcode=2024 returned
S31 BLE host: opcode=202e queued current=0x2f01e590 syswq=0x2f01e590
S31 BLE: TX opcode=202e len=5
S31 BLE: complete opcode=202e status=0 len=7
S31 BLE: TX opcode=202e result=5
S31 BLE host: opcode=202e wait=0 status=0 ref=1
S31 BLE host: opcode=202e returned
S31 BLE host: allocating opcode=202a
S31 BLE host: opcode=202a buffer=0x2f01d22c
S31 BLE host: opcode=202a queued current=0x2f01e590 syswq=0x2f01e590
S31 BLE: TX opcode=202a len=3
S31 BLE: complete opcode=202a status=0 len=8
S31 BLE: TX opcode=202a result=3
S31 BLE host: opcode=202a wait=0 status=0 ref=1
S31 BLE host: opcode=202a returned
S31 BLE host: opcode=2001 queued current=0x2f01e590 syswq=0x2f01e590
S31 BLE: TX opcode=2001 len=11
S31 BLE: complete opcode=2001 status=0 len=7
S31 BLE: TX opcode=2001 result=11
S31 BLE host: opcode=2001 wait=0 status=0 ref=1
S31 BLE host: opcode=2001 returned
S31 BLE host: opcode=0c01 queued current=0x2f01e590 syswq=0x2f01e590
S31 BLE: TX opcode=0c01 len=11
S31 BLE: complete opcode=0c01 status=0 len=7
S31 BLE: TX opcode=0c01 result=11
S31 BLE host: opcode=0c01 wait=0 status=0 ref=1
S31 BLE host: opcode=0c01 returned
S31 BLE host: allocating opcode=1009
S31 BLE host: opcode=1009 buffer=0x2f01d22c
S31 BLE host: opcode=1009 queued current=0x2f01e590 syswq=0x2f01e590
S31 BLE: TX opcode=1009 len=3
S31 BLE: complete opcode=1009 status=0 len=13
S31 BLE: TX opcode=1009 result=3
S31 BLE host: opcode=1009 wait=0 status=0 ref=1
S31 BLE host: opcode=1009 returned
S31 BLE host: initialization result=0
[bttool] Context:0x2f033c48, Adapter state changed: 1
bttool> [bttool] Context:0x2f033c48, Adapter state changed: 2
XTS_COMMAND=state
state
[bttool] Adapter State: 2
bttool> XTS_COMMAND=disable
disable
[bttool] Context:0x2f033c48, Adapter state changed: 6
S31 BLE host: allocating opcode=0c03
S31 BLE host: opcode=0c03 buffer=0x2f01d22c
S31 BLE: TX opcode=0c03 len=3
S31 BLE: complete opcode=0c03 status=0 len=7
S31 BLE: TX opcode=0c03 result=3
S31 BLE host: opcode=0c03 queued current=0 syswq=0x2f01e590
S31 BLE host: opcode=0c03 wait=0 status=0 ref=1
S31 BLE host: opcode=0c03 returned
riscv_exception: EXCEPTION: Load access fault. MCAUSE: 00000005, EPC: 400c1c2e, MTVAL: 0000010c
riscv_exception: PANIC!!! Exception = 00000005
dump_assert_info: Current Version: NuttX  0.0.0 428252a08db-dirty Sep 16 2026 19:33:53 risc-v
dump_assert_info: Assertion failed panic: at file: /arch/risc-v/src/common/riscv_exception.c:131 task: sysworkq process: bttool 0x4009fe36
up_dump_register: PC: 40013b56
up_dump_register: A0: 2f015580 A1: 00000083 A2: 400f03f4 A3: 2f042f18
up_dump_register: A4: 00000001 A5: 2f014000 A6: 20810000 A7: 2038a000
up_dump_register: T0: 2f014510 T1: 00000000 T2: 00000020 T3: 00000000
up_dump_register: T4: 00000000 T5: 22280000 T6: 00e00000
up_dump_register: S0: 2f040b88 S1: 2f042f18 S2: 400f03f4 S3: 400f04dc
up_dump_register: S4: 00000000 S5: 00000005 S6: 2f014000 S7: 00000006
up_dump_register: S8: 2f014000 S9: 2f015000 S10: 00000000 S11: 00000083
up_dump_register: SP: 2f0143b8 FP: 2f040b88 TP: 00000000 RA: 40013b56
dump_stackinfo: IRQ Stack:
dump_stackinfo:   base: 0x2f013d10
dump_stackinfo:   size: 00002048
dump_stackinfo:     sp: 0x2f0143b8
stack_dump:  2f014398: 2f015000 00000000 40103758 00000000 2f013d10 2f0410e0 00001fe0 40013d30
stack_dump:  2f0143b8: 4009fe36 2f0143f0 00000281 0a000000 0000002f 00000000 2f014460 2f0143b8
stack_dump:  2f0143d8: 00000000 00000000 2f040b88 2f015580 400f03f4 400f04dc 00000083 7474754e
stack_dump:  2f0143f8: 00000058 00000000 00000000 00000000 00000000 00000000 00000000 00000000
stack_dump:  2f014418: 00000000 00000000 00000000 00000000 302e3000 0000302e 00000000 2f014000
stack_dump:  2f014438: 2f012648 32342f18 32353238 64383061 69642d62 20797472 20706553 32203631
stack_dump:  2f014458: 20363230 333a3931 33353a33 4000d400 4000d49c 2f0111a4 736972f6 00762d63
stack_dump:  2f014478: 00005880 2f0111a4 40102000 40008b7e 00003880 00000037 2f0111a4 00000000
stack_dump:  2f014498: 00000000 00000000 00000000 00000000 00000000 00000005 00000000 2f014000
stack_dump:  2f0144b8: 2f012648 2f042f18 40102000 40006b02 2f012648 2f014000 2f042e58 00000005
stack_dump:  2f0144d8: 2f012648 2f014000 2f042f18 2f009236 00000000 00000000 00000000 2f043020
stack_dump:  2f0144f8: 38000005 400c1c2e 2f014510 2f000182 2f042f18 400c2cc0 00000000 00000000
dump_stackinfo: User Stack:
dump_stackinfo:   base: 0x2f0410e0
dump_stackinfo:   size: 00008160
dump_stackinfo:     sp: 0x2f043020
stack_dump:  2f043000: 2f01d3ec 2f02e660 2f012204 400ac6e6 00000000 00000000 2f040cd8 400c2ca6
stack_dump:  2f043020: 2f01d3ec 00000000 2f01d278 2f011edc 00000000 2f040c58 2f040cd8 400a8836
stack_dump:  2f043040: 00000000 00000000 00000000 4009ec16 00000000 00000000 00000000 400a8664
stack_dump:  2f043060: 00000000 2f043170 2f040cd8 2f043198 00000000 2f043170 2f040cd8 4009ffb8
stack_dump:  2f043080: 4009fe36 400ade7e 400ff000 400ade9c 00000000 00000000 00000000 400b300c
stack_dump:  2f0430a0: 00000000 00000000 00000000 00000000 00000000 00000000 00000000 00000000
stack_dump:  2f0430c0: 00000000 00000000 00000000 00000000 00000000 00000000 00000000 00000000
dump_tasks:    PID GROUP PRI POLICY   TYPE    NPX STATE   EVENT      SIGMASK          STACKBASE  STACKSIZE   COMMAND
dump_tasks:   ----   --- --- -------- ------- --- ------- ---------- ---------------- 0x2f013d10      2048   irq
dump_task:       0     0   0 FIFO     Kthread -   Ready              0000000000000000 0x2f0204ac      2016   CPU0 IDLE
dump_task:       1     0 224 RR       Kthread -   Waiting Semaphore  0000000000000000 0x2f016ef0      4016   hpwork 0x2f011680 0x2f0116c8
dump_task:       2     0 100 RR       Kthread -   Waiting Semaphore  0000000000000000 0x2f015ef0      4016   lpwork 0x2f011600 0x2f011648
dump_task:       4     0 223 RR       Kthread -   Waiting Semaphore  0000000000000000 0x2f023910      4032   hr_timer
dump_task:       5     5 100 RR       Task    -   Waiting Semaphore  0000000000000000 0x2f0276a8      8120   nsh_main
dump_task:       6     6 100 RR       Task    -   Waiting Semaphore  0000000000000000 0x2f0296a0      8144   bttool
dump_task:       7     6 103 RR       pthread -   Waiting Semaphore  0000000000000000 0x2f02baa0      8160   bttool-cmd-exec 0x4009bec0 0x2f02b594
dump_task:       8     6 110 FIFO     pthread -   Waiting Semaphore  0000000000000000 0x2f01e5f0      4064   sysworkq 0x400cc294 0x2f02f8c8
dump_task:       9     6  10 FIFO     pthread -   Waiting Semaphore  0000000000000000 0x2f02fae0      8160   BT LW WQ 0x400cc294 0x2f02f8c8
dump_task:      10     6 103 RR       pthread -   Waiting Semaphore  0000000000000000 0x2f031bd8      8152   bt_service_6 0x400a340e 0x2f02e660
dump_task:      11     0 124 RR       Kthread -   Waiting Semaphore  0000000000000000 0x2f0353e0      3008   btdm_timer
dump_task:      13     6 100 RR       pthread -   Running            0000000000000000 0x2f0410e0      8160   sysworkq 0x4009fe36 0x2f01f390
Traceback (most recent call last):
  File "/home/regex/work/esp32s31-openvela/backups/2026-09-10-scan-stress/xts-ble-switch.py", line 118, in <module>
    main()
  File "/home/regex/work/esp32s31-openvela/backups/2026-09-10-scan-stress/xts-ble-switch.py", line 105, in main
    interactive('disable', r'Adapter state changed:\s*0\b')
  File "/home/regex/work/esp32s31-openvela/backups/2026-09-10-scan-stress/xts-ble-switch.py", line 94, in interactive
    raise RuntimeError('target fault/reset; panic retained, no retry')
RuntimeError: target fault/reset; panic retained, no retry
