--- CMD: ps ---
ps
  PID GROUP CPU(AFFINITY)   PRI POLICY   TYPE    NPX STATE    EVENT     SIGMASK            STACK COMMAND
    0     0 000(0x00000003)   0 FIFO     Kthread   - Assigned           0000000000000000 0003024 CPU0 IDLE
    1     0 001(0x00000003)   0 FIFO     Kthread   - Running            0000000000000000 0003024 CPU1 IDLE
    2     0 ---(0x00000003) 100 RR       Kthread   - Waiting  Semaphore 0000000000000000 0001952 lpwork 0x2f018bc0 0x2f018c0c
    4     0 ---(0x00000003) 223 RR       Kthread   - Waiting  Semaphore 0000000000000000 0001968 hr_timer
    5     0 ---(0x00000001) 124 RR       Kthread   - Waiting  Semaphore 0000000000000000 0004016 ble_ctrl
    6     0 ---(0x00000001) 253 RR       Kthread   - Waiting  MQ empty  0000000000000000 0003520 wifi
    7     7 000(0x00000003) 101 RR       Task      - Running            0000000000000000 0004016 /system/bin/init
nsh> [K
nsh> [K
--- CMD: ifconfig ---
ifconfig
wlan0	Link encap:Ethernet HWaddr 30:ed:a0:f3:f7:b0 at RUNNING mtu 1500
	inet addr:192.168.1.60 DRaddr:192.168.1.1 Mask:255.255.255.0

	RX: Received Fragment Errors   Bytes   
	    00045c28 00000000 00000000 19ba1e4b        
	    IPv4     ARP      Dropped 
	    00000000 00000000 0001623e
	TX: Queued   Sent     Errors   Timeouts Bytes   
	    00000054 00000058 00000000 00000000 1ba9             
	Total Errors: 00000000

             IPv4   TCP   UDP  ICMP
Received     5b84  0000  5b5a  001f
Dropped      000b  0000  0000  0000
  IPv4        VHL: 0000   Frg: 0000
  Checksum   0000  0000  0000  0000
  TCP         ACK: 0000   SYN: 0000
              RST: 0000  0000
              HDR: 0000
  Type       0000  ----  ----  0000
Sent         002b  0000  000c  001f
  Rexmit     ----  0000  ----  ----
nsh> [K
nsh> [K
--- CMD: iperf2 -s -p 5001 -i 1 -f b > /tmp/r1658 & ---
iperf2 -s -p 5001 -i 1 -f b > /tmp/r1658 &
iperf2 [26:101]
nsh> [K
nsh> [K
[CPU0] tcp_setsockopt: ERROR: TCP_NODELAY not supported
tcpnodelay failed: Invalid system call number
--- CMD: cat /tmp/r1658 ---
cat /tmp/r1658
------------------------------------------------------------
Server listening on TCP port 5001
TCP window size: -1.00 Byte (WARNING: requested 16384 Byte)
------------------------------------------------------------
[  1] local 192.168.1.60 port 5001 connected with 192.168.1.29 port 11029
[ ID] Interval       Transfer     Bandwidth
[  1] 0.00-1.00 sec  226360 Bytes  1810880 bits/sec
[  1] 1.00-2.00 sec  1460 Bytes  11680 bits/sec
[  1] 2.00-3.00 sec  435080 Bytes  3480640 bits/sec
[  1] 3.00-3.60 sec  385676 Bytes  5176859 bits/sec
[  1] 0.00-3.60 sec  1048576 Bytes  2332761 bits/sec
nsh> [K
nsh> [K
--- CMD: ps ---
ps
  PID GROUP CPU(AFFINITY)   PRI POLICY   TYPE    NPX STATE    EVENT     SIGMASK            STACK COMMAND
    0     0 000(0x00000003)   0 FIFO     Kthread   - Assigned           0000000000000000 0003024 CPU0 IDLE
    1     0 001(0x00000003)   0 FIFO     Kthread   - Running            0000000000000000 0003024 CPU1 IDLE
    2     0 ---(0x00000003) 100 RR       Kthread   - Waiting  Semaphore 0000000000000000 0001952 lpwork 0x2f018bc0 0x2f018c0c
    4     0 ---(0x00000003) 223 RR       Kthread   - Waiting  Semaphore 0000000000000000 0001968 hr_timer
    5     0 ---(0x00000001) 124 RR       Kthread   - Waiting  Semaphore 0000000000000000 0004016 ble_ctrl
    6     0 ---(0x00000001) 253 RR       Kthread   - Waiting  MQ empty  0000000000000000 0003520 wifi
    7     7 000(0x00000003) 101 RR       Task      - Running            0000000000000000 0004016 /system/bin/init
   26    26 ---(0x00000003) 100 RR       Task      - Waiting  Semaphore 0000000000000000 0008080 iperf2 -s -p 5001 -i 1 -f b
   27    26 ---(0x00000003) 101 RR       pthread   - Waiting  Semaphore 0000000000000000 0008144 iperf2 0x6100d684 0x618007f0
   28    26 ---(0x00000003) 100 RR       pthread   - Waiting  Semaphore 0000000000000000 0008144 iperf2 0x6100d684 0x61800550
nsh> [K
nsh> [K
--- CMD: kill -15 26 ---
kill -15 26
nsh> [K
nsh> [K
--- CMD: ps ---
ps
  PID GROUP CPU(AFFINITY)   PRI POLICY   TYPE    NPX STATE    EVENT     SIGMASK            STACK COMMAND
    0     0 000(0x00000003)   0 FIFO     Kthread   - Assigned           0000000000000000 0003024 CPU0 IDLE
    1     0 001(0x00000003)   0 FIFO     Kthread   - Running            0000000000000000 0003024 CPU1 IDLE
    2     0 ---(0x00000003) 100 RR       Kthread   - Waiting  Semaphore 0000000000000000 0001952 lpwork 0x2f018bc0 0x2f018c0c
    4     0 ---(0x00000003) 223 RR       Kthread   - Waiting  Semaphore 0000000000000000 0001968 hr_timer
    5     0 ---(0x00000001) 124 RR       Kthread   - Waiting  Semaphore 0000000000000000 0004016 ble_ctrl
    6     0 ---(0x00000001) 253 RR       Kthread   - Waiting  MQ empty  0000000000000000 0003520 wifi
    7     7 000(0x00000003) 101 RR       Task      - Running            0000000000000000 0004016 /system/bin/init
   26    26 ---(0x00000003) 100 RR       Task      - Waiting  Semaphore 0000000000000000 0008080 iperf2 -s -p 5001 -i 1 -f b
   27    26 ---(0x00000003) 101 RR       pthread   - Waiting  Semaphore 0000000000000000 0008144 iperf2 0x6100d684 0x618007f0
   28    26 ---(0x00000003) 100 RR       pthread   - Waiting  Semaphore 0000000000000000 0008144 iperf2 0x6100d684 0x61800550
nsh> [K
nsh> [K
--- CMD: ps ---
[CPU0] inet_accept: ERROR: psock_tcp_accept failed: -4
[CPU0] psock_accept: ERROR: si_accept failed: -4
ps
  PID GROUP CPU(AFFINITY)   PRI POLICY   TYPE    NPX STATE    EVENT     SIGMASK            STACK COMMAND
    0     0 000(0x00000003)   0 FIFO     Kthread   - Assigned           0000000000000000 0003024 CPU0 IDLE
    1     0 001(0x00000003)   0 FIFO     Kthread   - Running            0000000000000000 0003024 CPU1 IDLE
    2     0 ---(0x00000003) 100 RR       Kthread   - Waiting  Semaphore 0000000000000000 0001952 lpwork 0x2f018bc0 0x2f018c0c
    4     0 ---(0x00000003) 223 RR       Kthread   - Waiting  Semaphore 0000000000000000 0001968 hr_timer
    5     0 ---(0x00000001) 124 RR       Kthread   - Waiting  Semaphore 0000000000000000 0004016 ble_ctrl
    6     0 ---(0x00000001) 253 RR       Kthread   - Waiting  MQ empty  0000000000000000 0003520 wifi
    7     7 000(0x00000003) 101 RR       Task      - Running            0000000000000000 0004016 /system/bin/init
nsh> [K
nsh> [K
--- CMD: cat /tmp/r1658 ---
cat /tmp/r1658
------------------------------------------------------------
Server listening on TCP port 5001
TCP window size: -1.00 Byte (WARNING: requested 16384 Byte)
------------------------------------------------------------
[  1] local 192.168.1.60 port 5001 connected with 192.168.1.29 port 11029
[ ID] Interval       Transfer     Bandwidth
[  1] 0.00-1.00 sec  226360 Bytes  1810880 bits/sec
[  1] 1.00-2.00 sec  1460 Bytes  11680 bits/sec
[  1] 2.00-3.00 sec  435080 Bytes  3480640 bits/sec
[  1] 3.00-3.60 sec  385676 Bytes  5176859 bits/sec
[  1] 0.00-3.60 sec  1048576 Bytes  2332761 bits/sec
nsh> [K
nsh> [K
--- CMD: ifconfig ---
ifconfig
wlan0	Link encap:Ethernet HWaddr 30:ed:a0:f3:f7:b0 at RUNNING mtu 1500
	inet addr:192.168.1.60 DRaddr:192.168.1.1 Mask:255.255.255.0

	RX: Received Fragment Errors   Bytes   
	    00045f12 00000000 00000000 19cb33db        
	    IPv4     ARP      Dropped 
	    00000000 00000000 0001623e
	TX: Queued   Sent     Errors   Timeouts Bytes   
	    0000020f 00000213 00000000 00000000 7993             
	Total Errors: 00000000

             IPv4   TCP   UDP  ICMP
Received     5e6e  02e8  5b5a  0021
Dropped      000b  0000  0000  0000
  IPv4        VHL: 0000   Frg: 0000
  Checksum   0000  0000  0000  0000
  TCP         ACK: 0000   SYN: 0000
              RST: 0000  0000
              HDR: 0000
  Type       0000  ----  ----  0000
Sent         01e6  01b9  000c  0021
  Rexmit     ----  0000  ----  ----
nsh> [K
nsh> [K
--- CMD: cat /proc/iobinfo ---
cat /proc/iobinfo
    ntotal     nfree     nwait nthrottle
        96        96         0        72
nsh> [K
nsh> [K
--- CMD: rm /tmp/r1658 ---
rm /tmp/r1658
nsh> [K
nsh> [K
DIAGNOSTIC_BYTE_ACCOUNTING_MATCH
