--- CMD: s31simd > /tmp/simd1611.log & ---
s31simd > /tmp/simd1611.log &
s31simd [8:101]
nsh> [K
nsh> [K
--- CMD: cat /tmp/simd1611.log ---
cat /tmp/simd1611.log
SIMD worker=1 initial_cpu=0
SIMD worker=2 initial_cpu=0
SIMD worker=1 affinity_switches=20 PASS
SIMD worker=1 cpu=1
SIMD worker=2 affinity_switches=20 PASS
SIMD worker=2 cpu=1
SIMD INT8 dot16 worker=1 checked=100 PASS
SIMD CPU1 worker=1 completed=100 error=0
SIMD INT8 dot16 worker=2 checked=100 PASS
SIMD CPU1 worker=2 completed=100 error=0
SIMD arithmetic and full-bank sleep-switch: PASS
nsh> [K
nsh> [K
FAIL
