--- CMD: ls /apps ---
ls /apps
/apps:
 .
 ..
 s31-wapi-xts.conf
nsh> [K
nsh> [K
--- CMD: cp /apps/s31-wapi-xts.conf /apps/s31-wapi-before1436.conf ---
cp /apps/s31-wapi-xts.conf /apps/s31-wapi-before1436.conf
nsh> [K
nsh> [K
--- CMD: wapi save_config wlan0 ---
wapi save_config wlan0
nsh> [K
nsh> [K
--- CMD: wapi reconnect wlan0 ---
wapi reconnect wlan0
[CPU0] esp_event_post_wrapper: S31 associated: channel=11 auth=3 bssid=7c:39:85:2a:50:04
[CPU0] esp_evt_work_cb: S31 driver STA MAC: 30:ed:a0:f3:f7:b0
[CPU0] esp_evt_work_cb: S31 driver power save: ret=0 mode=0
[CPU0] esp_evt_work_cb: S31 driver protocol: ret=0 bitmap=7
[CPU0] esp_evt_work_cb: S31 negotiated PHY: ret=0 mode=4
[CPU1] esp_evt_work_cb: S31 HE SU beamformee disabled: ret=0 value=0
[CPU1] s31_wifi_rx_counters: S31 modem clocks connected: conf1=0038e7ff bb=1 bb80x1=1 bb44=1 mac=1 apb=1 fe160=1 sec=0
[CPU1] s31_wifi_rx_counters: S31 RX counters connected: ret=0 mpdu=16772 data=655 fcs=5498 abort=18618 full=0 fifo=0 other=9557
[CPU1] s31_wifi_rx_counters: S31 HE counters: power=1023 sigb=0 format=0 unsupported=0 siga=11 bboff=0 wdg=0
[CPU1] s31_wifi_rx_counters: S31 radio hangs: rx=0 tx=0 flags=00000000 panic=00000000 bf_timeout=0 bf_error=0
[CPU1] s31_wifi_rx_counters: S31 RX errors: ret=0 total=4 bitmap=4 tkip=0
[CPU0] s31_wifi_rx_counters: S31 RX types: ret=0 legacy=144 ht=51 su=0 ersu=0 mu=0 su_noeb=0 mu_noeb=0 stbc=0 retry=0
[CPU0] s31_wifi_rx_counters: S31 TX stats: ret=0 enable=30 complete=30 succ=14 ack=7 ba=7 retry=13 nomem=0 timeout=0
[CPU0] esp_event_post_wrapper: Station disconnected: reason=2 rssi=-59
[CPU0] esp_event_post_wrapper: S31 associated: channel=1 auth=3 bssid=60:ce:41:46:0e:ec
[CPU1] esp_evt_work_cb: S31 driver STA MAC: 30:ed:a0:f3:f7:b0
[CPU1] esp_evt_work_cb: S31 driver power save: ret=0 mode=0
[CPU0] esp_evt_work_cb: S31 driver protocol: ret=0 bitmap=7
[CPU0] esp_evt_work_cb: S31 negotiated PHY: ret=0 mode=4
[CPU0] esp_evt_work_cb: S31 HE SU beamformee disabled: ret=0 value=0
[CPU0] s31_wifi_rx_counters: S31 modem clocks connected: conf1=0038e7ff bb=1 bb80x1=1 bb44=1 mac=1 apb=1 fe160=1 sec=0
[CPU0] s31_wifi_rx_counters: S31 RX counters connected: ret=0 mpdu=17470 data=673 fcs=5542 abort=18835 full=0 fifo=0 other=9744
[CPU0] s31_wifi_rx_counters: S31 HE counters: power=1023 sigb=0 format=0 unsupported=0 siga=11 bboff=0 wdg=0
[CPU0] s31_wifi_rx_counters: S31 radio hangs: rx=0 tx=0 flags=00000000 panic=00000000 bf_timeout=0 bf_error=0
[CPU0] s31_wifi_rx_counters: S31 RX errors: ret=0 total=4 bitmap=4 tkip=0
[CPU0] s31_wifi_rx_counters: S31 RX types: ret=0 legacy=147 ht=51 su=0 ersu=0 mu=0 su_noeb=0 mu_noeb=0 stbc=0 retry=0
[CPU0] s31_wifi_rx_counters: S31 TX stats: ret=0 enable=30 complete=30 succ=14 ack=7 ba=7 retry=13 nomem=0 timeout=0
[CPU0] esp_event_post_wrapper: S31 associated: channel=11 auth=3 bssid=60:ce:41:ab:02:d0
[CPU1] esp_evt_work_cb: S31 driver STA MAC: 30:ed:a0:f3:f7:b0
[CPU1] esp_evt_work_cb: S31 driver power save: ret=0 mode=0
[CPU0] esp_evt_work_cb: S31 driver protocol: ret=0 bitmap=7
[CPU0] esp_evt_work_cb: S31 negotiated PHY: ret=0 mode=4
[CPU0] esp_evt_work_cb: S31 HE SU beamformee disabled: ret=0 value=0
[CPU0] s31_wifi_rx_counters: S31 modem clocks connected: conf1=0038e7ff bb=1 bb80x1=1 bb44=1 mac=1 apb=1 fe160=1 sec=0
[CPU0] s31_wifi_rx_counters: S31 RX counters connected: ret=0 mpdu=27465 data=688 fcs=5748 abort=19272 full=0 fifo=0 other=10020
[CPU0] s31_wifi_rx_counters: S31 HE counters: power=1023 sigb=0 format=0 unsupported=0 siga=11 bboff=0 wdg=0
[CPU0] s31_wifi_rx_counters: S31 radio hangs: rx=0 tx=0 flags=00000000 panic=00000000 bf_timeout=0 bf_error=0
[CPU0] s31_wifi_rx_counters: S31 RX errors: ret=0 total=4 bitmap=4 tkip=0
[CPU0] s31_wifi_rx_counters: S31 RX types: ret=0 legacy=150 ht=51 su=0 ersu=0 mu=0 su_noeb=0 mu_noeb=0 stbc=0 retry=0
[CPU0] s31_wifi_rx_counters: S31 TX stats: ret=0 enable=30 complete=30 succ=14 ack=7 ba=7 retry=13 nomem=0 timeout=0
[CPU0] esp_event_post_wrapper: S31 associated: channel=11 auth=3 bssid=7c:39:85:2a:50:04
[CPU0] esp_evt_work_cb: S31 driver STA MAC: 30:ed:a0:f3:f7:b0
[CPU0] esp_evt_work_cb: S31 driver power save: ret=0 mode=0
[CPU0] esp_evt_work_cb: S31 driver protocol: ret=0 bitmap=7
[CPU0] esp_evt_work_cb: S31 negotiated PHY: ret=0 mode=4
[CPU0] esp_evt_work_cb: S31 HE SU beamformee disabled: ret=0 value=0
[CPU0] s31_wifi_rx_counters: S31 modem clocks connected: conf1=0038e7ff bb=1 bb80x1=1 bb44=1 mac=1 apb=1 fe160=1 sec=0
[CPU0] s31_wifi_rx_counters: S31 RX counters connected: ret=0 mpdu=27734 data=704 fcs=5765 abort=19380 full=0 fifo=0 other=10117
[CPU0] s31_wifi_rx_counters: S31 HE counters: power=1023 sigb=0 format=0 unsupported=0 siga=11 bboff=0 wdg=0
[CPU0] s31_wifi_rx_counters: S31 radio hangs: rx=0 tx=0 flags=00000000 panic=00000000 bf_timeout=0 bf_error=0
[CPU0] s31_wifi_rx_counters: S31 RX errors: ret=0 total=4 bitmap=4 tkip=0
[CPU0] s31_wifi_rx_counters: S31 RX types: ret=0 legacy=153 ht=51 su=0 ersu=0 mu=0 su_noeb=0 mu_noeb=0 stbc=0 retry=0
[CPU0] s31_wifi_rx_counters: S31 TX stats: ret=0 enable=30 complete=30 succ=14 ack=7 ba=7 retry=13 nomem=0 timeout=0
nsh> [K
nsh> [K
--- CMD: renew wlan0 ---
renew wlan0
nsh> [K
nsh> [K
--- CMD: ifconfig ---
ifconfig
wlan0	Link encap:Ethernet HWaddr 30:ed:a0:f3:f7:b0 at RUNNING mtu 1500
	inet addr:192.168.1.60 DRaddr:192.168.1.1 Mask:255.255.255.0

nsh> [K
nsh> [K
--- CMD: ping 192.168.1.1 ---
ping 192.168.1.1
PING 192.168.1.1 56 bytes of data
56 bytes from 192.168.1.1: icmp_seq=0 time=20.0 ms
56 bytes from 192.168.1.1: icmp_seq=1 time=30.0 ms
56 bytes from 192.168.1.1: icmp_seq=2 time=20.0 ms
56 bytes from 192.168.1.1: icmp_seq=3 time=30.0 ms
56 bytes from 192.168.1.1: icmp_seq=4 time=30.0 ms
56 bytes from 192.168.1.1: icmp_seq=5 time=20.0 ms
56 bytes from 192.168.1.1: icmp_seq=6 time=20.0 ms
56 bytes from 192.168.1.1: icmp_seq=7 time=20.0 ms
56 bytes from 192.168.1.1: icmp_seq=8 time=20.0 ms
56 bytes from 192.168.1.1: icmp_seq=9 time=30.0 ms
10 packets transmitted, 10 received, 0% packet loss, time 10100 ms
rtt min/avg/max/mdev = 20.000/24.000/30.000/4.898 ms
nsh> [K
nsh> [K
--- CMD: cp /apps/s31-wapi-before1436.conf /apps/s31-wapi-xts.conf ---
cp /apps/s31-wapi-before1436.conf /apps/s31-wapi-xts.conf
nsh> [K
nsh> [K
{"status": "PASS", "case": "REGRESSION_ONLY", "receipt": "build1430-wapi-info.sha256", "original_profile_restored": true}
