+ '[' apps = configure ']'
+ '[' apps = export ']'
+ '[' apps = apps ']'
+ make -C ../apps -j8 import
make: Entering directory '/home/regex/work/esp32s31-openvela/openvela-dev/out/esp32s31-make-rmt420/apps'
cc  -O2 -Wall -Wstrict-prototypes -Wshadow -DHAVE_STRTOK_C=1 /home/regex/work/esp32s31-openvela/openvela-dev/out/esp32s31-make-rmt420/apps/import/tools/incdir.c -o "/home/regex/work/esp32s31-openvela/openvela-dev/out/esp32s31-make-rmt420/apps/import/tools/incdir"
make[1]: Entering directory '/home/regex/work/esp32s31-openvela/openvela-dev/out/esp32s31-make-rmt420/apps'
make[2]: Entering directory '/home/regex/work/esp32s31-openvela/openvela-dev/out/esp32s31-make-rmt420/apps'
make[3]: Entering directory '/home/regex/work/esp32s31-openvela/openvela-dev/out/esp32s31-make-rmt420/apps/crypto/mbedtls'
make[3]: Entering directory '/home/regex/work/esp32s31-openvela/openvela-dev/out/esp32s31-make-rmt420/apps/examples/buttons'
make[3]: Entering directory '/home/regex/work/esp32s31-openvela/openvela-dev/out/esp32s31-make-rmt420/apps/examples/s31demo'
make[3]: Entering directory '/home/regex/work/esp32s31-openvela/openvela-dev/out/esp32s31-make-rmt420/apps/examples/nettest'
make[3]: Entering directory '/home/regex/work/esp32s31-openvela/openvela-dev/out/esp32s31-make-rmt420/apps/examples/s31led'
make[3]: Entering directory '/home/regex/work/esp32s31-openvela/openvela-dev/out/esp32s31-make-rmt420/apps/examples/udp'
make[3]: Entering directory '/home/regex/work/esp32s31-openvela/openvela-dev/out/esp32s31-make-rmt420/apps/netutils/dhcpc'
make[3]: Entering directory '/home/regex/work/esp32s31-openvela/openvela-dev/out/esp32s31-make-rmt420/apps/netutils/netinit'
make[3]: Leaving directory '/home/regex/work/esp32s31-openvela/openvela-dev/out/esp32s31-make-rmt420/apps/examples/buttons'
make[3]: Leaving directory '/home/regex/work/esp32s31-openvela/openvela-dev/out/esp32s31-make-rmt420/apps/netutils/netinit'
make[3]: Leaving directory '/home/regex/work/esp32s31-openvela/openvela-dev/out/esp32s31-make-rmt420/apps/examples/s31demo'
make[3]: Leaving directory '/home/regex/work/esp32s31-openvela/openvela-dev/out/esp32s31-make-rmt420/apps/examples/nettest'
make[3]: Leaving directory '/home/regex/work/esp32s31-openvela/openvela-dev/out/esp32s31-make-rmt420/apps/examples/s31led'
make[3]: Leaving directory '/home/regex/work/esp32s31-openvela/openvela-dev/out/esp32s31-make-rmt420/apps/netutils/dhcpc'
make[3]: Leaving directory '/home/regex/work/esp32s31-openvela/openvela-dev/out/esp32s31-make-rmt420/apps/examples/udp'
make[3]: Entering directory '/home/regex/work/esp32s31-openvela/openvela-dev/out/esp32s31-make-rmt420/apps/netutils/netlib'
make[3]: Entering directory '/home/regex/work/esp32s31-openvela/openvela-dev/out/esp32s31-make-rmt420/apps/netutils/ping'
make[3]: Entering directory '/home/regex/work/esp32s31-openvela/openvela-dev/out/esp32s31-make-rmt420/apps/netutils/webclient'
make[3]: Entering directory '/home/regex/work/esp32s31-openvela/openvela-dev/out/esp32s31-make-rmt420/apps/nshlib'
make[3]: Entering directory '/home/regex/work/esp32s31-openvela/openvela-dev/out/esp32s31-make-rmt420/apps/platform'
make[3]: Entering directory '/home/regex/work/esp32s31-openvela/openvela-dev/out/esp32s31-make-rmt420/apps/system/dhcpc'
make[3]: Entering directory '/home/regex/work/esp32s31-openvela/openvela-dev/out/esp32s31-make-rmt420/apps/system/i2c'
make[3]: Leaving directory '/home/regex/work/esp32s31-openvela/openvela-dev/out/esp32s31-make-rmt420/apps/crypto/mbedtls'
make[3]: Entering directory '/home/regex/work/esp32s31-openvela/openvela-dev/out/esp32s31-make-rmt420/apps/system/nsh'
make[3]: Leaving directory '/home/regex/work/esp32s31-openvela/openvela-dev/out/esp32s31-make-rmt420/apps/netutils/ping'
make[3]: Leaving directory '/home/regex/work/esp32s31-openvela/openvela-dev/out/esp32s31-make-rmt420/apps/netutils/webclient'
make[3]: Leaving directory '/home/regex/work/esp32s31-openvela/openvela-dev/out/esp32s31-make-rmt420/apps/netutils/netlib'
LN: platform/board to /home/regex/work/esp32s31-openvela/openvela-dev/out/esp32s31-make-rmt420/apps/platform/dummy
make[3]: Leaving directory '/home/regex/work/esp32s31-openvela/openvela-dev/out/esp32s31-make-rmt420/apps/nshlib'
make[3]: Leaving directory '/home/regex/work/esp32s31-openvela/openvela-dev/out/esp32s31-make-rmt420/apps/system/dhcpc'
make[3]: Entering directory '/home/regex/work/esp32s31-openvela/openvela-dev/out/esp32s31-make-rmt420/apps/system/ping'
make[3]: Entering directory '/home/regex/work/esp32s31-openvela/openvela-dev/out/esp32s31-make-rmt420/apps/system/readline'
make[3]: Entering directory '/home/regex/work/esp32s31-openvela/openvela-dev/out/esp32s31-make-rmt420/apps/wireless/wapi'
make[3]: Leaving directory '/home/regex/work/esp32s31-openvela/openvela-dev/out/esp32s31-make-rmt420/apps/system/i2c'
make[3]: Leaving directory '/home/regex/work/esp32s31-openvela/openvela-dev/out/esp32s31-make-rmt420/apps/platform'
make[3]: Leaving directory '/home/regex/work/esp32s31-openvela/openvela-dev/out/esp32s31-make-rmt420/apps/system/nsh'
make[3]: Leaving directory '/home/regex/work/esp32s31-openvela/openvela-dev/out/esp32s31-make-rmt420/apps/system/readline'
make[3]: Leaving directory '/home/regex/work/esp32s31-openvela/openvela-dev/out/esp32s31-make-rmt420/apps/system/ping'
make[3]: Leaving directory '/home/regex/work/esp32s31-openvela/openvela-dev/out/esp32s31-make-rmt420/apps/wireless/wapi'
make[2]: Leaving directory '/home/regex/work/esp32s31-openvela/openvela-dev/out/esp32s31-make-rmt420/apps'
make[2]: Entering directory '/home/regex/work/esp32s31-openvela/openvela-dev/out/esp32s31-make-rmt420/apps'
make[3]: Entering directory '/home/regex/work/esp32s31-openvela/openvela-dev/out/esp32s31-make-rmt420/apps/crypto/mbedtls'
make[3]: Entering directory '/home/regex/work/esp32s31-openvela/openvela-dev/out/esp32s31-make-rmt420/apps/examples/buttons'
make[3]: Entering directory '/home/regex/work/esp32s31-openvela/openvela-dev/out/esp32s31-make-rmt420/apps/examples/nettest'
make[3]: Entering directory '/home/regex/work/esp32s31-openvela/openvela-dev/out/esp32s31-make-rmt420/apps/examples/s31demo'
make[3]: Entering directory '/home/regex/work/esp32s31-openvela/openvela-dev/out/esp32s31-make-rmt420/apps/examples/s31led'
make[3]: Entering directory '/home/regex/work/esp32s31-openvela/openvela-dev/out/esp32s31-make-rmt420/apps/examples/udp'
make[3]: Entering directory '/home/regex/work/esp32s31-openvela/openvela-dev/out/esp32s31-make-rmt420/apps/netutils/dhcpc'
make[3]: Entering directory '/home/regex/work/esp32s31-openvela/openvela-dev/out/esp32s31-make-rmt420/apps/netutils/netinit'
make[3]: Leaving directory '/home/regex/work/esp32s31-openvela/openvela-dev/out/esp32s31-make-rmt420/apps/netutils/dhcpc'
make[3]: Leaving directory '/home/regex/work/esp32s31-openvela/openvela-dev/out/esp32s31-make-rmt420/apps/examples/buttons'
make[3]: Leaving directory '/home/regex/work/esp32s31-openvela/openvela-dev/out/esp32s31-make-rmt420/apps/netutils/netinit'
make[3]: Leaving directory '/home/regex/work/esp32s31-openvela/openvela-dev/out/esp32s31-make-rmt420/apps/examples/s31demo'
make[3]: Leaving directory '/home/regex/work/esp32s31-openvela/openvela-dev/out/esp32s31-make-rmt420/apps/examples/s31led'
make[3]: Leaving directory '/home/regex/work/esp32s31-openvela/openvela-dev/out/esp32s31-make-rmt420/apps/examples/nettest'
make[3]: Leaving directory '/home/regex/work/esp32s31-openvela/openvela-dev/out/esp32s31-make-rmt420/apps/examples/udp'
make[3]: Entering directory '/home/regex/work/esp32s31-openvela/openvela-dev/out/esp32s31-make-rmt420/apps/netutils/netlib'
make[3]: Entering directory '/home/regex/work/esp32s31-openvela/openvela-dev/out/esp32s31-make-rmt420/apps/netutils/ping'
make[3]: Entering directory '/home/regex/work/esp32s31-openvela/openvela-dev/out/esp32s31-make-rmt420/apps/netutils/webclient'
make[3]: Entering directory '/home/regex/work/esp32s31-openvela/openvela-dev/out/esp32s31-make-rmt420/apps/nshlib'
make[3]: Entering directory '/home/regex/work/esp32s31-openvela/openvela-dev/out/esp32s31-make-rmt420/apps/platform'
make[3]: Entering directory '/home/regex/work/esp32s31-openvela/openvela-dev/out/esp32s31-make-rmt420/apps/system/dhcpc'
make[3]: Entering directory '/home/regex/work/esp32s31-openvela/openvela-dev/out/esp32s31-make-rmt420/apps/system/i2c'
make[3]: Leaving directory '/home/regex/work/esp32s31-openvela/openvela-dev/out/esp32s31-make-rmt420/apps/crypto/mbedtls'
make[3]: Entering directory '/home/regex/work/esp32s31-openvela/openvela-dev/out/esp32s31-make-rmt420/apps/system/nsh'
make[3]: Leaving directory '/home/regex/work/esp32s31-openvela/openvela-dev/out/esp32s31-make-rmt420/apps/netutils/webclient'
make[3]: Leaving directory '/home/regex/work/esp32s31-openvela/openvela-dev/out/esp32s31-make-rmt420/apps/netutils/ping'
make[3]: Leaving directory '/home/regex/work/esp32s31-openvela/openvela-dev/out/esp32s31-make-rmt420/apps/platform'
make[3]: Leaving directory '/home/regex/work/esp32s31-openvela/openvela-dev/out/esp32s31-make-rmt420/apps/system/dhcpc'
make[3]: Leaving directory '/home/regex/work/esp32s31-openvela/openvela-dev/out/esp32s31-make-rmt420/apps/nshlib'
make[3]: Leaving directory '/home/regex/work/esp32s31-openvela/openvela-dev/out/esp32s31-make-rmt420/apps/netutils/netlib'
make[3]: Leaving directory '/home/regex/work/esp32s31-openvela/openvela-dev/out/esp32s31-make-rmt420/apps/system/i2c'
make[3]: Entering directory '/home/regex/work/esp32s31-openvela/openvela-dev/out/esp32s31-make-rmt420/apps/system/readline'
make[3]: Entering directory '/home/regex/work/esp32s31-openvela/openvela-dev/out/esp32s31-make-rmt420/apps/system/ping'
make[3]: Entering directory '/home/regex/work/esp32s31-openvela/openvela-dev/out/esp32s31-make-rmt420/apps/wireless/wapi'
make[3]: Leaving directory '/home/regex/work/esp32s31-openvela/openvela-dev/out/esp32s31-make-rmt420/apps/system/nsh'
make[3]: Leaving directory '/home/regex/work/esp32s31-openvela/openvela-dev/out/esp32s31-make-rmt420/apps/system/readline'
make[3]: Leaving directory '/home/regex/work/esp32s31-openvela/openvela-dev/out/esp32s31-make-rmt420/apps/system/ping'
make[3]: Leaving directory '/home/regex/work/esp32s31-openvela/openvela-dev/out/esp32s31-make-rmt420/apps/wireless/wapi'
make[2]: Leaving directory '/home/regex/work/esp32s31-openvela/openvela-dev/out/esp32s31-make-rmt420/apps'
make[2]: Entering directory '/home/regex/work/esp32s31-openvela/openvela-dev/out/esp32s31-make-rmt420/apps'
make[2]: Nothing to be done for 'context_wasm'.
make[2]: Leaving directory '/home/regex/work/esp32s31-openvela/openvela-dev/out/esp32s31-make-rmt420/apps'
make[2]: Entering directory '/home/regex/work/esp32s31-openvela/openvela-dev/out/esp32s31-make-rmt420/apps'
Generating unified Rust library from registered crates...
# Collect crate names and build arguments in one pass (deferred execution)
No valid Rust crates found to build
make[2]: Leaving directory '/home/regex/work/esp32s31-openvela/openvela-dev/out/esp32s31-make-rmt420/apps'
make[1]: Leaving directory '/home/regex/work/esp32s31-openvela/openvela-dev/out/esp32s31-make-rmt420/apps'
make[1]: Entering directory '/home/regex/work/esp32s31-openvela/openvela-dev/out/esp32s31-make-rmt420/apps'
make[1]: Nothing to be done for 'register'.
make[1]: Leaving directory '/home/regex/work/esp32s31-openvela/openvela-dev/out/esp32s31-make-rmt420/apps'
make[1]: Entering directory '/home/regex/work/esp32s31-openvela/openvela-dev/out/esp32s31-make-rmt420/apps'
make[2]: Entering directory '/home/regex/work/esp32s31-openvela/openvela-dev/out/esp32s31-make-rmt420/apps/crypto/mbedtls'
make[2]: Entering directory '/home/regex/work/esp32s31-openvela/openvela-dev/out/esp32s31-make-rmt420/apps/examples/buttons'
make[2]: Entering directory '/home/regex/work/esp32s31-openvela/openvela-dev/out/esp32s31-make-rmt420/apps/examples/nettest'
make[2]: Entering directory '/home/regex/work/esp32s31-openvela/openvela-dev/out/esp32s31-make-rmt420/apps/examples/s31demo'
make[2]: Entering directory '/home/regex/work/esp32s31-openvela/openvela-dev/out/esp32s31-make-rmt420/apps/examples/udp'
make[2]: Entering directory '/home/regex/work/esp32s31-openvela/openvela-dev/out/esp32s31-make-rmt420/apps/examples/s31led'
make[2]: Entering directory '/home/regex/work/esp32s31-openvela/openvela-dev/out/esp32s31-make-rmt420/apps/netutils/dhcpc'
make[2]: Entering directory '/home/regex/work/esp32s31-openvela/openvela-dev/out/esp32s31-make-rmt420/apps/netutils/netinit'
make[2]: Leaving directory '/home/regex/work/esp32s31-openvela/openvela-dev/out/esp32s31-make-rmt420/apps/netutils/dhcpc'
make[2]: Leaving directory '/home/regex/work/esp32s31-openvela/openvela-dev/out/esp32s31-make-rmt420/apps/examples/udp'
make[2]: Leaving directory '/home/regex/work/esp32s31-openvela/openvela-dev/out/esp32s31-make-rmt420/apps/examples/buttons'
make[2]: Leaving directory '/home/regex/work/esp32s31-openvela/openvela-dev/out/esp32s31-make-rmt420/apps/examples/s31demo'
make[2]: Leaving directory '/home/regex/work/esp32s31-openvela/openvela-dev/out/esp32s31-make-rmt420/apps/examples/nettest'
make[2]: Leaving directory '/home/regex/work/esp32s31-openvela/openvela-dev/out/esp32s31-make-rmt420/apps/netutils/netinit'
make[2]: Entering directory '/home/regex/work/esp32s31-openvela/openvela-dev/out/esp32s31-make-rmt420/apps/netutils/netlib'
make[2]: Entering directory '/home/regex/work/esp32s31-openvela/openvela-dev/out/esp32s31-make-rmt420/apps/netutils/ping'
make[2]: Entering directory '/home/regex/work/esp32s31-openvela/openvela-dev/out/esp32s31-make-rmt420/apps/netutils/webclient'
make[2]: Entering directory '/home/regex/work/esp32s31-openvela/openvela-dev/out/esp32s31-make-rmt420/apps/nshlib'
make[2]: Entering directory '/home/regex/work/esp32s31-openvela/openvela-dev/out/esp32s31-make-rmt420/apps/platform'
make[2]: Entering directory '/home/regex/work/esp32s31-openvela/openvela-dev/out/esp32s31-make-rmt420/apps/system/dhcpc'
make[2]: Leaving directory '/home/regex/work/esp32s31-openvela/openvela-dev/out/esp32s31-make-rmt420/apps/crypto/mbedtls'
make[2]: Entering directory '/home/regex/work/esp32s31-openvela/openvela-dev/out/esp32s31-make-rmt420/apps/system/i2c'
make[2]: Leaving directory '/home/regex/work/esp32s31-openvela/openvela-dev/out/esp32s31-make-rmt420/apps/examples/s31led'
make[2]: Entering directory '/home/regex/work/esp32s31-openvela/openvela-dev/out/esp32s31-make-rmt420/apps/system/nsh'
make[2]: Leaving directory '/home/regex/work/esp32s31-openvela/openvela-dev/out/esp32s31-make-rmt420/apps/platform'
make[2]: Leaving directory '/home/regex/work/esp32s31-openvela/openvela-dev/out/esp32s31-make-rmt420/apps/netutils/ping'
make[2]: Leaving directory '/home/regex/work/esp32s31-openvela/openvela-dev/out/esp32s31-make-rmt420/apps/netutils/webclient'
make[2]: Leaving directory '/home/regex/work/esp32s31-openvela/openvela-dev/out/esp32s31-make-rmt420/apps/system/dhcpc'
make[2]: Leaving directory '/home/regex/work/esp32s31-openvela/openvela-dev/out/esp32s31-make-rmt420/apps/nshlib'
make[2]: Leaving directory '/home/regex/work/esp32s31-openvela/openvela-dev/out/esp32s31-make-rmt420/apps/netutils/netlib'
make[2]: Entering directory '/home/regex/work/esp32s31-openvela/openvela-dev/out/esp32s31-make-rmt420/apps/system/ping'
make[2]: Entering directory '/home/regex/work/esp32s31-openvela/openvela-dev/out/esp32s31-make-rmt420/apps/system/readline'
make[2]: Entering directory '/home/regex/work/esp32s31-openvela/openvela-dev/out/esp32s31-make-rmt420/apps/wireless/wapi'
make[2]: Leaving directory '/home/regex/work/esp32s31-openvela/openvela-dev/out/esp32s31-make-rmt420/apps/system/i2c'
make[2]: Leaving directory '/home/regex/work/esp32s31-openvela/openvela-dev/out/esp32s31-make-rmt420/apps/system/nsh'
make[2]: Leaving directory '/home/regex/work/esp32s31-openvela/openvela-dev/out/esp32s31-make-rmt420/apps/system/readline'
make[2]: Leaving directory '/home/regex/work/esp32s31-openvela/openvela-dev/out/esp32s31-make-rmt420/apps/system/ping'
make[2]: Leaving directory '/home/regex/work/esp32s31-openvela/openvela-dev/out/esp32s31-make-rmt420/apps/wireless/wapi'
make[1]: Leaving directory '/home/regex/work/esp32s31-openvela/openvela-dev/out/esp32s31-make-rmt420/apps'
make[1]: Entering directory '/home/regex/work/esp32s31-openvela/openvela-dev/out/esp32s31-make-rmt420/apps'
make[2]: Entering directory '/home/regex/work/esp32s31-openvela/openvela-dev/out/esp32s31-make-rmt420/apps/crypto/mbedtls'
make[2]: Entering directory '/home/regex/work/esp32s31-openvela/openvela-dev/out/esp32s31-make-rmt420/apps/examples/buttons'
make[2]: Entering directory '/home/regex/work/esp32s31-openvela/openvela-dev/out/esp32s31-make-rmt420/apps/examples/nettest'
make[2]: Entering directory '/home/regex/work/esp32s31-openvela/openvela-dev/out/esp32s31-make-rmt420/apps/examples/s31demo'
make[2]: Entering directory '/home/regex/work/esp32s31-openvela/openvela-dev/out/esp32s31-make-rmt420/apps/examples/s31led'
make[2]: Entering directory '/home/regex/work/esp32s31-openvela/openvela-dev/out/esp32s31-make-rmt420/apps/examples/udp'
make[2]: Entering directory '/home/regex/work/esp32s31-openvela/openvela-dev/out/esp32s31-make-rmt420/apps/netutils/dhcpc'
make[2]: Entering directory '/home/regex/work/esp32s31-openvela/openvela-dev/out/esp32s31-make-rmt420/apps/netutils/netinit'
make[2]: Leaving directory '/home/regex/work/esp32s31-openvela/openvela-dev/out/esp32s31-make-rmt420/apps/examples/buttons'
make[2]: Leaving directory '/home/regex/work/esp32s31-openvela/openvela-dev/out/esp32s31-make-rmt420/apps/netutils/dhcpc'
make[2]: Leaving directory '/home/regex/work/esp32s31-openvela/openvela-dev/out/esp32s31-make-rmt420/apps/examples/s31demo'
make[2]: Leaving directory '/home/regex/work/esp32s31-openvela/openvela-dev/out/esp32s31-make-rmt420/apps/examples/nettest'
make[2]: Entering directory '/home/regex/work/esp32s31-openvela/openvela-dev/out/esp32s31-make-rmt420/apps/netutils/netlib'
make[2]: Leaving directory '/home/regex/work/esp32s31-openvela/openvela-dev/out/esp32s31-make-rmt420/apps/netutils/netinit'
make[2]: Leaving directory '/home/regex/work/esp32s31-openvela/openvela-dev/out/esp32s31-make-rmt420/apps/examples/udp'
make[2]: Entering directory '/home/regex/work/esp32s31-openvela/openvela-dev/out/esp32s31-make-rmt420/apps/netutils/ping'
make[2]: Entering directory '/home/regex/work/esp32s31-openvela/openvela-dev/out/esp32s31-make-rmt420/apps/netutils/webclient'
make[2]: Entering directory '/home/regex/work/esp32s31-openvela/openvela-dev/out/esp32s31-make-rmt420/apps/nshlib'
make[2]: Entering directory '/home/regex/work/esp32s31-openvela/openvela-dev/out/esp32s31-make-rmt420/apps/platform'
make[2]: Entering directory '/home/regex/work/esp32s31-openvela/openvela-dev/out/esp32s31-make-rmt420/apps/system/dhcpc'
make[2]: Leaving directory '/home/regex/work/esp32s31-openvela/openvela-dev/out/esp32s31-make-rmt420/apps/crypto/mbedtls'
make[2]: Leaving directory '/home/regex/work/esp32s31-openvela/openvela-dev/out/esp32s31-make-rmt420/apps/examples/s31led'
make[2]: Entering directory '/home/regex/work/esp32s31-openvela/openvela-dev/out/esp32s31-make-rmt420/apps/system/i2c'
make[2]: Entering directory '/home/regex/work/esp32s31-openvela/openvela-dev/out/esp32s31-make-rmt420/apps/system/nsh'
make[2]: Leaving directory '/home/regex/work/esp32s31-openvela/openvela-dev/out/esp32s31-make-rmt420/apps/platform'
make[2]: Leaving directory '/home/regex/work/esp32s31-openvela/openvela-dev/out/esp32s31-make-rmt420/apps/netutils/ping'
make[2]: Leaving directory '/home/regex/work/esp32s31-openvela/openvela-dev/out/esp32s31-make-rmt420/apps/netutils/webclient'
make[2]: Leaving directory '/home/regex/work/esp32s31-openvela/openvela-dev/out/esp32s31-make-rmt420/apps/netutils/netlib'
make[2]: Leaving directory '/home/regex/work/esp32s31-openvela/openvela-dev/out/esp32s31-make-rmt420/apps/system/dhcpc'
make[2]: Leaving directory '/home/regex/work/esp32s31-openvela/openvela-dev/out/esp32s31-make-rmt420/apps/nshlib'
make[2]: Entering directory '/home/regex/work/esp32s31-openvela/openvela-dev/out/esp32s31-make-rmt420/apps/system/ping'
make[2]: Entering directory '/home/regex/work/esp32s31-openvela/openvela-dev/out/esp32s31-make-rmt420/apps/system/readline'
make[2]: Entering directory '/home/regex/work/esp32s31-openvela/openvela-dev/out/esp32s31-make-rmt420/apps/wireless/wapi'
make[2]: Leaving directory '/home/regex/work/esp32s31-openvela/openvela-dev/out/esp32s31-make-rmt420/apps/system/nsh'
make[2]: Leaving directory '/home/regex/work/esp32s31-openvela/openvela-dev/out/esp32s31-make-rmt420/apps/system/i2c'
make[2]: Leaving directory '/home/regex/work/esp32s31-openvela/openvela-dev/out/esp32s31-make-rmt420/apps/system/ping'
make[2]: Leaving directory '/home/regex/work/esp32s31-openvela/openvela-dev/out/esp32s31-make-rmt420/apps/system/readline'
make[2]: Leaving directory '/home/regex/work/esp32s31-openvela/openvela-dev/out/esp32s31-make-rmt420/apps/wireless/wapi'
make[2]: Entering directory '/home/regex/work/esp32s31-openvela/openvela-dev/out/esp32s31-make-rmt420/apps'
make[3]: Entering directory '/home/regex/work/esp32s31-openvela/openvela-dev/out/esp32s31-make-rmt420/apps/crypto/mbedtls'
make[3]: Entering directory '/home/regex/work/esp32s31-openvela/openvela-dev/out/esp32s31-make-rmt420/apps/examples/buttons'
make[3]: Entering directory '/home/regex/work/esp32s31-openvela/openvela-dev/out/esp32s31-make-rmt420/apps/examples/nettest'
make[3]: Entering directory '/home/regex/work/esp32s31-openvela/openvela-dev/out/esp32s31-make-rmt420/apps/examples/s31demo'
make[3]: Entering directory '/home/regex/work/esp32s31-openvela/openvela-dev/out/esp32s31-make-rmt420/apps/examples/s31led'
make[3]: Entering directory '/home/regex/work/esp32s31-openvela/openvela-dev/out/esp32s31-make-rmt420/apps/examples/udp'
make[3]: Entering directory '/home/regex/work/esp32s31-openvela/openvela-dev/out/esp32s31-make-rmt420/apps/netutils/dhcpc'
make[3]: Entering directory '/home/regex/work/esp32s31-openvela/openvela-dev/out/esp32s31-make-rmt420/apps/netutils/netinit'
make[3]: Leaving directory '/home/regex/work/esp32s31-openvela/openvela-dev/out/esp32s31-make-rmt420/apps/netutils/dhcpc'
make[3]: Leaving directory '/home/regex/work/esp32s31-openvela/openvela-dev/out/esp32s31-make-rmt420/apps/netutils/netinit'
make[3]: Leaving directory '/home/regex/work/esp32s31-openvela/openvela-dev/out/esp32s31-make-rmt420/apps/examples/nettest'
make[3]: Leaving directory '/home/regex/work/esp32s31-openvela/openvela-dev/out/esp32s31-make-rmt420/apps/examples/udp'
make[3]: Entering directory '/home/regex/work/esp32s31-openvela/openvela-dev/out/esp32s31-make-rmt420/apps/netutils/netlib'
make[3]: Entering directory '/home/regex/work/esp32s31-openvela/openvela-dev/out/esp32s31-make-rmt420/apps/netutils/ping'
make[3]: Leaving directory '/home/regex/work/esp32s31-openvela/openvela-dev/out/esp32s31-make-rmt420/apps/examples/s31demo'
make[3]: Leaving directory '/home/regex/work/esp32s31-openvela/openvela-dev/out/esp32s31-make-rmt420/apps/examples/buttons'
[1KCC:  s31led_main.c make[3]: Entering directory '/home/regex/work/esp32s31-openvela/openvela-dev/out/esp32s31-make-rmt420/apps/netutils/webclient'
make[3]: Entering directory '/home/regex/work/esp32s31-openvela/openvela-dev/out/esp32s31-make-rmt420/apps/nshlib'
make[3]: Entering directory '/home/regex/work/esp32s31-openvela/openvela-dev/out/esp32s31-make-rmt420/apps/platform'
make[3]: Entering directory '/home/regex/work/esp32s31-openvela/openvela-dev/out/esp32s31-make-rmt420/apps/system/dhcpc'
make[3]: Leaving directory '/home/regex/work/esp32s31-openvela/openvela-dev/out/esp32s31-make-rmt420/apps/crypto/mbedtls'
make[3]: Entering directory '/home/regex/work/esp32s31-openvela/openvela-dev/out/esp32s31-make-rmt420/apps/system/i2c'
make[3]: Leaving directory '/home/regex/work/esp32s31-openvela/openvela-dev/out/esp32s31-make-rmt420/apps/netutils/ping'
make[3]: Leaving directory '/home/regex/work/esp32s31-openvela/openvela-dev/out/esp32s31-make-rmt420/apps/platform'
make[3]: Leaving directory '/home/regex/work/esp32s31-openvela/openvela-dev/out/esp32s31-make-rmt420/apps/netutils/netlib'
make[3]: Leaving directory '/home/regex/work/esp32s31-openvela/openvela-dev/out/esp32s31-make-rmt420/apps/netutils/webclient'
make[3]: Entering directory '/home/regex/work/esp32s31-openvela/openvela-dev/out/esp32s31-make-rmt420/apps/system/nsh'
make[3]: Leaving directory '/home/regex/work/esp32s31-openvela/openvela-dev/out/esp32s31-make-rmt420/apps/nshlib'
make[3]: Entering directory '/home/regex/work/esp32s31-openvela/openvela-dev/out/esp32s31-make-rmt420/apps/system/ping'
make[3]: Entering directory '/home/regex/work/esp32s31-openvela/openvela-dev/out/esp32s31-make-rmt420/apps/system/readline'
make[3]: Entering directory '/home/regex/work/esp32s31-openvela/openvela-dev/out/esp32s31-make-rmt420/apps/wireless/wapi'
make[3]: Leaving directory '/home/regex/work/esp32s31-openvela/openvela-dev/out/esp32s31-make-rmt420/apps/system/dhcpc'
[1Kmake[3]: Leaving directory '/home/regex/work/esp32s31-openvela/openvela-dev/out/esp32s31-make-rmt420/apps/system/i2c'
[1KLD:  /home/regex/work/esp32s31-openvela/openvela-dev/out/esp32s31-make-rmt420/apps/bin/s31led [1Kmake[3]: Leaving directory '/home/regex/work/esp32s31-openvela/openvela-dev/out/esp32s31-make-rmt420/apps/examples/s31led'
make[3]: Leaving directory '/home/regex/work/esp32s31-openvela/openvela-dev/out/esp32s31-make-rmt420/apps/system/readline'
make[3]: Leaving directory '/home/regex/work/esp32s31-openvela/openvela-dev/out/esp32s31-make-rmt420/apps/system/nsh'
make[3]: Leaving directory '/home/regex/work/esp32s31-openvela/openvela-dev/out/esp32s31-make-rmt420/apps/system/ping'
make[3]: Leaving directory '/home/regex/work/esp32s31-openvela/openvela-dev/out/esp32s31-make-rmt420/apps/wireless/wapi'
make[2]: Leaving directory '/home/regex/work/esp32s31-openvela/openvela-dev/out/esp32s31-make-rmt420/apps'
make[2]: Entering directory '/home/regex/work/esp32s31-openvela/openvela-dev/out/esp32s31-make-rmt420/apps'
make[2]: Nothing to be done for 'postinstall'.
make[2]: Leaving directory '/home/regex/work/esp32s31-openvela/openvela-dev/out/esp32s31-make-rmt420/apps'
make[1]: Leaving directory '/home/regex/work/esp32s31-openvela/openvela-dev/out/esp32s31-make-rmt420/apps'
make: Leaving directory '/home/regex/work/esp32s31-openvela/openvela-dev/out/esp32s31-make-rmt420/apps'
