ESP-ROM:esp32s31-20251218
Build:Dec 18 2025
rst:0x1 (POWERON),boot:0x7d (SPI_FAST_FLASH_BOOT)
SPI mode:DIO, clock div:1
load:0x2e000000,len:0x18
load:0x2f000000,len:0x12658
entry 0x2f00eada
*** Booting NuttX ***
rtc: lma 0x00002020 vma 0x2e000000 len 0x18     (24)
dram: lma 0x00002040 vma 0x2f000000 len 0x12658  (75352)
padd: lma 0x000146c8 vma 0x00000000 len 0xb950   (47440)
imap: lma 0x00020020 vma 0x400c0020 len 0x198cc  (104652)
padd: lma 0x000398f4 vma 0x00000000 len 0x6804   (26628)
imap: lma 0x00040100 vma 0x40000100 len 0xb2a54  (731732)
total segments stored 6
ABC[CPU0] CPU1 SMP online: ipi0=0 timer1=0
[CPU1] AppFS header: 2d726f6d3166732d
[CPU1] AppFS MTD boundary checks: PASS
[CPU1] AppFS writable LittleFS: offset=0x500000 size=0x700000
[CPU1] Initializing Wi-Fi station
[CPU0] E1 Wi-Fi station netdev ready
[CPU0] set_intr_wrapper: S31 IRQ route: cpu=0 source=122 vector=1 priority=1
[CPU0] set_intr_wrapper: S31 IRQ route: cpu=0 source=120 vector=1 priority=1
[CPU0] enable_intr_wrapper: S31 IRQ enable: mask=00000002 vector=1 irq=137
[CPU0] esp_wifi_sta_start: S31 frame statistics enable: rx=0 tx=0

NuttShell (NSH)
nsh> [K
BACKGROUND_SCAN_BOOT=PASS seconds=0.602
--- CMD: ifup wlan0 ---
ifup wlan0
ifup wlan0...OK
nsh> [K
nsh> [K
--- CMD: ps ---
ps
  PID GROUP CPU(AFFINITY)   PRI POLICY   TYPE    NPX STATE    EVENT     SIGMASK            STACK COMMAND
    0     0 000(0x00000003)   0 FIFO     Kthread   - Assigned           0000000000000000 0003024 CPU0 IDLE
    1     0 001(0x00000003)   0 FIFO     Kthread   - Running            0000000000000000 0003024 CPU1 IDLE
    2     0 ---(0x00000003) 100 RR       Kthread   - Waiting  Semaphore 0000000000000000 0001952 lpwork 0x2f00f700 0x2f00f74c
    4     0 ---(0x00000003) 223 RR       Kthread   - Waiting  Semaphore 0000000000000000 0001968 hr_timer
    5     0 ---(0x00000001) 253 RR       Kthread   - Waiting  MQ empty  0000000000000000 0003520 wifi
    6     6 000(0x00000003) 101 RR       Task      - Running            0000000000000000 0004016 /system/bin/init
nsh> [K
nsh> [K
--- CMD: wapi scan wlan0 & ---
wapi scan wlan0 &
wapi [7:101]
nsh> [K
nsh> [K[CPU1] esp_wifi_start_scan: S31 scan request: type=0 channel=0 country_ret=0 first=1 count=11
NET_LEAK_LOAD_SCAN_DIAGNOSTIC_PID=7
--- CMD: sleep 5 ---
sleep 5
nsh> [K
nsh> [K
--- CMD: ps ---
ps
  PID GROUP CPU(AFFINITY)   PRI POLICY   TYPE    NPX STATE    EVENT     SIGMASK            STACK COMMAND
    0     0 000(0x00000003)   0 FIFO     Kthread   - Assigned           0000000000000000 0003024 CPU0 IDLE
    1     0 001(0x00000003)   0 FIFO     Kthread   - Running            0000000000000000 0003024 CPU1 IDLE
    2     0 ---(0x00000003) 100 RR       Kthread   - Waiting  Semaphore 0000000000000000 0001952 lpwork 0x2f00f700 0x2f00f74c
    4     0 ---(0x00000003) 223 RR       Kthread   - Waiting  Semaphore 0000000000000000 0001968 hr_timer
    5     0 ---(0x00000001) 253 RR       Kthread   - Waiting  MQ empty  0000000000000000 0003520 wifi
    6     6 000(0x00000003) 101 RR       Task      - Running            0000000000000000 0004016 /system/bin/init
    7     7 ---(0x00000003) 100 RR       Task      - Waiting  Semaphore 0000000000000000 0001968 wapi scan wlan0
nsh> [K
nsh> [K
--- CMD: cat /dev/s31stat ---
cat /dev/s31stat
MONIRQ: cpu=0 defer=909 replay=909 ack=1158 drop=0 pending=0x0 sreplay=1
MONIRQ: cpu=1 defer=4496 replay=4496 ack=4497 drop=0 pending=0x0 sreplay=1
ADDRENV: created=2 fail=0 destroyed=0 live=2 livemax=2 pages=0 pgt=0
WAIT: pid=2 object=0x2f00f714
LPTRACE: 0x40024596
WAIT: pid=4 object=0x2f00f76c
WAIT: pid=7 object=0x2f01b008
nsh> [K
nsh> [K
--- CMD: cat /proc/2/status ---
cat /proc/2/status
Name:       lpwork
Type:       Kthread
Group:      0
CPU:        ---(0x00000003)
State:      Waiting,Semaphore
Flags:      -
Priority:   100
Scheduler:  SCHED_RR
SigMask:    0000000000000000
nsh> [K
nsh> [K
--- CMD: cat /proc/5/status ---
cat /proc/5/status
Name:       wifi
Type:       Kthread
Group:      0
CPU:        ---(0x00000001)
State:      Waiting,MQ empty
Flags:      -
Priority:   253
Scheduler:  SCHED_RR
SigMask:    0000000000000000
nsh> [K
nsh> [K
BACKGROUND_SCAN_CAPTURE=COMPLETE; not a functional pass
ESP-ROM:esp32s31-20251218
Build:Dec 18 2025
rst:0x1 (POWERON),boot:0x7d (SPI_FAST_FLASH_BOOT)
SPI mode:DIO, clock div:1
load:0x2e000000,len:0x18
load:0x2f000000,len:0x12658
entry 0x2f00eada
*** Booting NuttX ***
rtc: lma 0x00002020 vma 0x2e000000 len 0x18     (24)
dram: lma 0x00002040 vma 0x2f000000 len 0x12658  (75352)
padd: lma 0x000146c8 vma 0x00000000 len 0xb950   (47440)
imap: lma 0x00020020 vma 0x400c0020 len 0x198cc  (104652)
padd: lma 0x000398f4 vma 0x00000000 len 0x6804   (26628)
imap: lma 0x00040100 vma 0x40000100 len 0xb2a54  (731732)
total segments stored 6
ABC[CPU0] CPU1 SMP online: ipi0=0 timer1=0
[CPU1] AppFS header: 2d726f6d3166732d
[CPU1] AppFS MTD boundary checks: PASS
[CPU1] AppFS writable LittleFS: offset=0x500000 size=0x700000
[CPU1] Initializing Wi-Fi station
[CPU0] E1 Wi-Fi station netdev ready
[CPU0] set_intr_wrapper: S31 IRQ route: cpu=0 source=122 vector=1 priority=1
[CPU0] set_intr_wrapper: S31 IRQ route: cpu=0 source=120 vector=1 priority=1
[CPU0] enable_intr_wrapper: S31 IRQ enable: mask=00000002 vector=1 irq=137
[CPU0] esp_wifi_sta_start: S31 frame statistics enable: rx=0 tx=0

NuttShell (NSH)
nsh> [K
BACKGROUND_SCAN_CLEANUP=PASS seconds=0.597
--- CMD: ifdown wlan0 ---
ifdown wlan0
[CPU0] s31_wifi_rx_counters: S31 modem clocks stop: conf1=0038e7ff bb=1 bb80x1=1 bb44=1 mac=1 apb=1 fe160=1 sec=0
[CPU0] s31_wifi_rx_counters: S31 RX counters stop: ret=0 mpdu=55 data=0 fcs=6 abort=11 full=0 fifo=0 other=6
[CPU0] s31_wifi_rx_counters: S31 HE counters: power=0 sigb=0 format=0 unsupported=0 siga=0 bboff=0 wdg=0
[CPU0] s31_wifi_rx_counters: S31 radio hangs: rx=0 tx=0 flags=00000000 panic=00000000 bf_timeout=0 bf_error=0
[CPU0] s31_wifi_rx_counters: S31 RX errors: ret=0 total=0 bitmap=0 tkip=0
[CPU0] s31_wifi_rx_counters: S31 RX types: ret=0 legacy=0 ht=0 su=0 ersu=0 mu=0 su_noeb=0 mu_noeb=0 stbc=0 retry=0
[CPU0] s31_wifi_rx_counters: S31 TX stats: ret=0 enable=0 complete=0 succ=0 ack=0 ba=0 retry=0 nomem=0 timeout=0
[CPU0] disable_intr_wrapper: S31 IRQ disable: mask=00000002 vector=1 irq=137
ifdown wlan0...OK
nsh> [K
nsh> [K
