XTS_RECEIPT=/home/regex/work/esp32s31-openvela/backups/2026-09-10-scan-stress/build1547-ble-wifi-coex.sha256
ESP-ROM:esp32s31-20251218
Build:Dec 18 2025
rst:0x1 (POWERON),boot:0x7f (SPI_FAST_FLASH_BOOT)
SPI mode:DIO, clock div:1
load:0x2e000000,len:0x18
load:0x2f000000,len:0x1828c
load:0x2f018300,len:0x3d50
entry 0x2f017e20
*** Booting NuttX ***
rtc: lma 0x00002020 vma 0x2e000000 len 0x18     (24)
dram: lma 0x00002040 vma 0x2f000000 len 0x1828c  (98956)
dram: lma 0x0001a2d4 vma 0x2f018300 len 0x3d50   (15696)
padd: lma 0x0001e058 vma 0x00000000 len 0x1fc0   (8128)
imap: lma 0x00020020 vma 0x40140020 len 0x2589c  (153756)
padd: lma 0x000458c4 vma 0x00000000 len 0xa834   (43060)
imap: lma 0x00050100 vma 0x40000100 len 0x137e78 (1277560)
total segments stored 7
ABC[CPU0] S31 hardware crypto: SHA1/SHA256/SHA512 PIO
[CPU0] S31 hardware crypto: HMAC-SHA1/256 via SHA PIO
[CPU0] S31 hardware crypto: ECDSA P256 verify only
[CPU0] S31 hardware crypto: AES-CBC 128/256-bit PIO
[CPU0] S31 hardware crypto: AES-CTR/XTS full-block PIO
[CPU0] CPU1 SMP online: ipi0=0 timer1=0
[CPU1] AppFS header: 2d726f6d3166732d
[CPU1] AppFS MTD boundary checks: PASS
[CPU1] AppFS writable LittleFS: offset=0x500000 size=0x700000
[CPU1] Initializing Wi-Fi station
[CPU0] E1 Wi-Fi station netdev ready

NuttShell (NSH)
nsh> [K
XTS_COMMAND=ls /dev/ttyHCI0
--- CMD: ls /dev/ttyHCI0 ---
ls /dev/ttyHCI0
 /dev/ttyHCI0
nsh> [K
nsh> [K
ls /dev/ttyHCI0
 /dev/ttyHCI0
nsh> [K
nsh> [K
XTS_COMMAND=mount
--- CMD: mount ---
mount
  /apps type littlefs
  /proc type procfs
  /system/bin type romfs
  /tmp type tmpfs
nsh> [K
nsh> [K
mount
  /apps type littlefs
  /proc type procfs
  /system/bin type romfs
  /tmp type tmpfs
nsh> [K
nsh> [K
XTS_COMMAND=ls /data
--- CMD: ls /data ---
ls /data
nsh: ls: stat failed: No such file or directory
nsh> [K
nsh> [K
ls /data
nsh: ls: stat failed: No such file or directory
nsh> [K
nsh> [K
XTS_COMMAND=mkdir /data
--- CMD: mkdir /data ---
mkdir /data
nsh> [K
nsh> [K
mkdir /data
nsh> [K
nsh> [K
XTS_COMMAND=mount -t tmpfs /data
--- CMD: mount -t tmpfs /data ---
mount -t tmpfs /data
nsh> [K
nsh> [K
mount -t tmpfs /data
nsh> [K
nsh> [K
XTS_COMMAND=mkdir /data/misc
--- CMD: mkdir /data/misc ---
mkdir /data/misc
nsh> [K
nsh> [K
mkdir /data/misc
nsh> [K
nsh> [K
XTS_COMMAND=mkdir /data/misc/bt
--- CMD: mkdir /data/misc/bt ---
mkdir /data/misc/bt
nsh> [K
nsh> [K
mkdir /data/misc/bt
nsh> [K
nsh> [K
XTS_COMMAND=ifup wlan0
--- CMD: ifup wlan0 ---
ifup wlan0
[CPU0] set_intr_wrapper: S31 IRQ route: cpu=0 source=122 vector=1 priority=1
[CPU0] set_intr_wrapper: S31 IRQ route: cpu=0 source=120 vector=1 priority=1
[CPU0] enable_intr_wrapper: S31 IRQ enable: mask=00000002 vector=1 irq=137
[CPU0] esp_wifi_sta_start: S31 frame statistics enable: rx=0 tx=0
ifup wlan0...OK
nsh> [K
nsh> [K
ifup wlan0
[CPU0] set_intr_wrapper: S31 IRQ route: cpu=0 source=122 vector=1 priority=1
[CPU0] set_intr_wrapper: S31 IRQ route: cpu=0 source=120 vector=1 priority=1
[CPU0] enable_intr_wrapper: S31 IRQ enable: mask=00000002 vector=1 irq=137
[CPU0] esp_wifi_sta_start: S31 frame statistics enable: rx=0 tx=0
ifup wlan0...OK
nsh> [K
nsh> [K
XTS_COMMAND=wapi reconnect wlan0
--- CMD: wapi reconnect wlan0 ---
wapi reconnect wlan0
[CPU0] esp_event_post_wrapper: S31 associated: channel=1 auth=3 bssid=60:ce:41:46:0e:ec
[CPU1] esp_evt_work_cb: S31 driver STA MAC: 30:ed:a0:f3:f7:b0
[CPU1] esp_evt_work_cb: S31 driver power save: ret=0 mode=0
[CPU0] esp_evt_work_cb: S31 driver protocol: ret=0 bitmap=7
[CPU0] esp_evt_work_cb: S31 negotiated PHY: ret=0 mode=4
[CPU1] esp_evt_work_cb: S31 HE SU beamformee disabled: ret=0 value=0
[CPU1] s31_wifi_rx_counters: S31 modem clocks connected: conf1=0038e7ff bb=1 bb80x1=1 bb44=1 mac=1 apb=1 fe160=1 sec=0
[CPU1] s31_wifi_rx_counters: S31 RX counters connected: ret=0 mpdu=2183 data=12 fcs=64 abort=155 full=0 fifo=0 other=84
[CPU1] s31_wifi_rx_counters: S31 HE counters: power=82 sigb=0 format=0 unsupported=0 siga=0 bboff=0 wdg=0
[CPU1] s31_wifi_rx_counters: S31 radio hangs: rx=0 tx=0 flags=00000000 panic=00000000 bf_timeout=0 bf_error=0
[CPU1] s31_wifi_rx_counters: S31 RX errors: ret=0 total=0 bitmap=0 tkip=0
[CPU0] s31_wifi_rx_counters: S31 RX types: ret=0 legacy=2 ht=0 su=0 ersu=0 mu=0 su_noeb=0 mu_noeb=0 stbc=0 retry=0
[CPU1] s31_wifi_rx_counters: S31 TX stats: ret=0 enable=0 complete=0 succ=0 ack=0 ba=0 retry=0 nomem=0 timeout=0
nsh> [K
nsh> [K
wapi reconnect wlan0
[CPU0] esp_event_post_wrapper: S31 associated: channel=1 auth=3 bssid=60:ce:41:46:0e:ec
[CPU1] esp_evt_work_cb: S31 driver STA MAC: 30:ed:a0:f3:f7:b0
[CPU1] esp_evt_work_cb: S31 driver power save: ret=0 mode=0
[CPU0] esp_evt_work_cb: S31 driver protocol: ret=0 bitmap=7
[CPU0] esp_evt_work_cb: S31 negotiated PHY: ret=0 mode=4
[CPU1] esp_evt_work_cb: S31 HE SU beamformee disabled: ret=0 value=0
[CPU1] s31_wifi_rx_counters: S31 modem clocks connected: conf1=0038e7ff bb=1 bb80x1=1 bb44=1 mac=1 apb=1 fe160=1 sec=0
[CPU1] s31_wifi_rx_counters: S31 RX counters connected: ret=0 mpdu=2183 data=12 fcs=64 abort=155 full=0 fifo=0 other=84
[CPU1] s31_wifi_rx_counters: S31 HE counters: power=82 sigb=0 format=0 unsupported=0 siga=0 bboff=0 wdg=0
[CPU1] s31_wifi_rx_counters: S31 radio hangs: rx=0 tx=0 flags=00000000 panic=00000000 bf_timeout=0 bf_error=0
[CPU1] s31_wifi_rx_counters: S31 RX errors: ret=0 total=0 bitmap=0 tkip=0
[CPU0] s31_wifi_rx_counters: S31 RX types: ret=0 legacy=2 ht=0 su=0 ersu=0 mu=0 su_noeb=0 mu_noeb=0 stbc=0 retry=0
[CPU1] s31_wifi_rx_counters: S31 TX stats: ret=0 enable=0 complete=0 succ=0 ack=0 ba=0 retry=0 nomem=0 timeout=0
nsh> [K
nsh> [K
XTS_COMMAND=renew wlan0
--- CMD: renew wlan0 ---
renew wlan0
nsh> [K
nsh> [K
renew wlan0
nsh> [K
nsh> [K
XTS_COMMAND=ifconfig
--- CMD: ifconfig ---
ifconfig
wlan0	Link encap:Ethernet HWaddr 30:ed:a0:f3:f7:b0 at RUNNING mtu 1500
	inet addr:192.168.1.60 DRaddr:192.168.1.1 Mask:255.255.255.0

nsh> [K
nsh> [K
ifconfig
wlan0	Link encap:Ethernet HWaddr 30:ed:a0:f3:f7:b0 at RUNNING mtu 1500
	inet addr:192.168.1.60 DRaddr:192.168.1.1 Mask:255.255.255.0

nsh> [K
nsh> [K
XTS_COMMAND=ping -c 3 192.168.1.1
--- CMD: ping -c 3 192.168.1.1 ---
ping -c 3 192.168.1.1
PING 192.168.1.1 56 bytes of data
56 bytes from 192.168.1.1: icmp_seq=0 time=29.0 ms
56 bytes from 192.168.1.1: icmp_seq=1 time=15.0 ms
56 bytes from 192.168.1.1: icmp_seq=2 time=21.0 ms
3 packets transmitted, 3 received, 0% packet loss, time 3003 ms
rtt min/avg/max/mdev = 15.000/21.666/29.000/5.737 ms
nsh> [K
nsh> [K
ping -c 3 192.168.1.1
PING 192.168.1.1 56 bytes of data
56 bytes from 192.168.1.1: icmp_seq=0 time=29.0 ms
56 bytes from 192.168.1.1: icmp_seq=1 time=15.0 ms
56 bytes from 192.168.1.1: icmp_seq=2 time=21.0 ms
3 packets transmitted, 3 received, 0% packet loss, time 3003 ms
rtt min/avg/max/mdev = 15.000/21.666/29.000/5.737 ms
nsh> [K
nsh> [K
XTS_COMMAND=ping -c 20 192.168.1.1 &
--- CMD: ping -c 20 192.168.1.1 & ---
ping -c 20 192.168.1.1 &
ping [11:101]
nsh> [K
nsh> [KPING 192.168.1.1 56 bytes of data
56 bytes from 192.168.1.1: icmp_seq=0 time=14.0 ms
ping -c 20 192.168.1.1 &
ping [11:101]
nsh> [K
nsh> [KPING 192.168.1.1 56 bytes of data
56 bytes from 192.168.1.1: icmp_seq=0 time=14.0 ms

XTS_COMMAND=bttool
bttool
[CPU0] /data/misc/bt folder create: 0
[CPU1] [async_queue:91]uv_async_queue_init
bttool> XTS_COMMAND=enable
enable
bttool> [CPU0] S31 BLE: controller open
[CPU0] S31 BLE: public MAC 30:ed:a0:f3:f7:b1
[CPU0] S31 BLE: controller ready, VHCI registered
[CPU1] dev:0: Sending HCI_RESET
[CPU1] S31 BLE host: allocating opcode=0c03
[CPU1] S31 BLE host: opcode=0c03 buffer=0x61408f18
[CPU1] S31 BLE host: opcode=0c03 queued current=0x6140a190 syswq=0x6140a190
[CPU0] S31 BLE: TX opcode=0c03 len=3
[CPU0] S31 BLE: TX opcode=0c03 result=3
[CPU0] S31 BLE: complete opcode=0c03 status=0 len=7
[CPU1] S31 BLE host: opcode=0c03 wait=0 status=0 ref=1
[CPU1] S31 BLE host: opcode=0c03 returned
[CPU1] S31 BLE host: reset state complete
[CPU1] S31 BLE host: allocating opcode=1003
[CPU1] S31 BLE host: opcode=1003 buffer=0x61408f18
[CPU1] S31 BLE host: opcode=1003 queued current=0x6140a190 syswq=0x6140a190
[CPU0] S31 BLE: TX opcode=1003 len=3
[CPU0] S31 BLE: TX opcode=1003 result=3
[CPU0] S31 BLE: complete opcode=1003 status=0 len=15
[CPU0] S31 BLE host: opcode=1003 wait=0 status=0 ref=1
[CPU0] S31 BLE host: opcode=1003 returned
[CPU0] S31 BLE host: allocating opcode=1001
[CPU0] S31 BLE host: opcode=1001 buffer=0x61408f18
[CPU0] S31 BLE host: opcode=1001 queued current=0x6140a190 syswq=0x6140a190
[CPU0] S31 BLE: TX opcode=1001 len=3
[CPU0] S31 BLE: TX opcode=1001 result=3
[CPU0] S31 BLE: complete opcode=1001 status=0 len=15
[CPU0] S31 BLE host: opcode=1001 wait=0 status=0 ref=1
[CPU0] S31 BLE host: opcode=1001 returned
[CPU0] S31 BLE host: allocating opcode=1002
[CPU0] S31 BLE host: opcode=1002 buffer=0x61408f18
[CPU0] S31 BLE host: opcode=1002 queued current=0x6140a190 syswq=0x6140a190
[CPU0] S31 BLE: TX opcode=1002 len=3
[CPU0] S31 BLE: TX opcode=1002 result=3
[CPU0] S31 BLE: complete opcode=1002 status=0 len=71
[CPU1] S31 BLE host: opcode=1002 wait=0 status=0 ref=1
[CPU1] S31 BLE host: opcode=1002 returned
[CPU1] S31 BLE host: initializing PSA PRNG
[CPU1] S31 BLE host: PSA PRNG result=0
[CPU1] S31 BLE host: buffers ACL=1021/12 SCO=255/0
[CPU1] S31 BLE host: opcode=0c33 queued current=0x6140a190 syswq=0x6140a190
[CPU0] S31 BLE: TX opcode=0c33 len=10
[CPU0] S31 BLE: TX opcode=0c33 result=10
[CPU0] S31 BLE: complete opcode=0c33 status=0 len=7
[CPU1] S31 BLE host: opcode=0c33 wait=0 status=0 ref=1
[CPU1] S31 BLE host: opcode=0c33 returned
[CPU1] S31 BLE host: opcode=0c31 queued current=0x6140a190 syswq=0x6140a190
[CPU0] S31 BLE: TX opcode=0c31 len=4
[CPU0] S31 BLE: TX opcode=0c31 result=4
[CPU0] S31 BLE: complete opcode=0c31 status=0 len=7
[CPU0] S31 BLE host: opcode=0c31 wait=0 status=0 ref=1
[CPU0] S31 BLE host: opcode=0c31 returned
[CPU0] S31 BLE host: allocating opcode=2003
[CPU0] S31 BLE host: opcode=2003 buffer=0x61408f18
[CPU0] S31 BLE host: opcode=2003 queued current=0x6140a190 syswq=0x6140a190
[CPU0] S31 BLE: TX opcode=2003 len=3
[CPU0] S31 BLE: TX opcode=2003 result=3
[CPU0] S31 BLE: complete opcode=2003 status=0 len=15
[CPU0] S31 BLE host: opcode=2003 wait=0 status=0 ref=1
[CPU0] S31 BLE host: opcode=2003 returned
[CPU0] S31 BLE host: allocating opcode=2002
[CPU0] S31 BLE host: opcode=2002 buffer=0x61408f18
[CPU0] S31 BLE host: opcode=2002 queued current=0x6140a190 syswq=0x6140a190
[CPU0] S31 BLE: TX opcode=2002 len=3
[CPU0] S31 BLE: TX opcode=2002 result=3
[CPU0] S31 BLE: complete opcode=2002 status=0 len=10
[CPU0] S31 BLE host: opcode=2002 wait=0 status=0 ref=1
[CPU0] S31 BLE host: opcode=2002 returned
[CPU0] S31 BLE host: allocating opcode=203a
[CPU0] S31 BLE host: opcode=203a buffer=0x61408f18
[CPU0] S31 BLE host: opcode=203a queued current=0x6140a190 syswq=0x6140a190
[CPU0] S31 BLE: TX opcode=203a len=3
[CPU0] S31 BLE: TX opcode=203a result=3
[CPU0] S31 BLE: complete opcode=203a status=0 len=9
[CPU1] S31 BLE host: opcode=203a wait=0 status=0 ref=1
[CPU1] S31 BLE host: opcode=203a returned
[CPU1] S31 BLE host: allocating opcode=201c
[CPU1] S31 BLE host: opcode=201c buffer=0x61408f18
[CPU1] S31 BLE host: opcode=201c queued current=0x6140a190 syswq=0x6140a190
[CPU0] S31 BLE: TX opcode=201c len=3
[CPU0] S31 BLE: TX opcode=201c result=3
[CPU0] S31 BLE: complete opcode=201c status=0 len=15
[CPU0] S31 BLE host: opcode=201c wait=0 status=0 ref=1
[CPU0] S31 BLE host: opcode=201c returned
[CPU0] S31 BLE host: allocating opcode=202f
[CPU0] S31 BLE host: opcode=202f buffer=0x61408f18
[CPU0] S31 BLE host: opcode=202f queued current=0x6140a190 syswq=0x6140a190
[CPU0] S31 BLE: TX opcode=202f len=3
[CPU0] S31 BLE: TX opcode=202f result=3
[CPU0] S31 BLE: complete opcode=202f status=0 len=15
[CPU1] S31 BLE host: opcode=202f wait=0 status=0 ref=1
[CPU1] S31 BLE host: opcode=202f returned
[CPU1] S31 BLE host: opcode=2024 queued current=0x6140a190 syswq=0x6140a190
[CPU0] S31 BLE: TX opcode=2024 len=7
[CPU0] S31 BLE: TX opcode=2024 result=7
[CPU0] S31 BLE: complete opcode=2024 status=0 len=7
[CPU0] S31 BLE host: opcode=2024 wait=0 status=0 ref=1
[CPU0] S31 BLE host: opcode=2024 returned
[CPU0] S31 BLE host: opcode=202e queued current=0x6140a190 syswq=0x6140a190
[CPU0] S31 BLE: TX opcode=202e len=5
[CPU0] S31 BLE: TX opcode=202e result=5
[CPU0] S31 BLE: complete opcode=202e status=0 len=7
[CPU1] S31 BLE host: opcode=202e wait=0 status=0 ref=1
[CPU1] S31 BLE host: opcode=202e returned
[CPU1] S31 BLE host: allocating opcode=202a
[CPU1] S31 BLE host: opcode=202a buffer=0x61408f18
[CPU1] S31 BLE host: opcode=202a queued current=0x6140a190 syswq=0x6140a190
[CPU0] S31 BLE: TX opcode=202a len=3
[CPU0] S31 BLE: TX opcode=202a result=3
[CPU0] S31 BLE: complete opcode=202a status=0 len=8
[CPU0] S31 BLE host: opcode=202a wait=0 status=0 ref=1
[CPU0] S31 BLE host: opcode=202a returned
[CPU0] S31 BLE host: opcode=2001 queued current=0x6140a190 syswq=0x6140a190
[CPU0] S31 BLE: TX opcode=2001 len=11
[CPU0] S31 BLE: TX opcode=2001 result=11
[CPU0] S31 BLE: complete opcode=2001 status=0 len=7
[CPU1] S31 BLE host: opcode=2001 wait=0 status=0 ref=1
[CPU1] S31 BLE host: opcode=2001 returned
[CPU1] S31 BLE host: opcode=0c01 queued current=0x6140a190 syswq=0x6140a190
[CPU0] S31 BLE: TX opcode=0c01 len=11
[CPU0] S31 BLE: TX opcode=0c01 result=11
[CPU0] S31 BLE: complete opcode=0c01 status=0 len=7
[CPU0] S31 BLE host: opcode=0c01 wait=0 status=0 ref=1
[CPU0] S31 BLE host: opcode=0c01 returned
[CPU0] S31 BLE host: allocating opcode=1009
[CPU0] S31 BLE host: opcode=1009 buffer=0x61408f18
[CPU0] S31 BLE host: opcode=1009 queued current=0x6140a190 syswq=0x6140a190
[CPU0] S31 BLE: TX opcode=1009 len=3
[CPU0] S31 BLE: TX opcode=1009 result=3
[CPU0] S31 BLE: complete opcode=1009 status=0 len=13
[CPU1] S31 BLE host: opcode=1009 wait=0 status=0 ref=1
[CPU1] S31 BLE host: opcode=1009 returned
[CPU1] S31 BLE host: initialization result=0
[bttool] Context:0x618073d0, Adapter state changed: 1
[bttool] Context:0x618073d0, Adapter state changed: 2
XTS_COMMAND=gatts register 3
gatts register 3
[bttool] register service successful, service_id: 3
bttool> XTS_COMMAND=gatts start 3
gatts start 3
[bttool] gatts add attribute table complete, handle 0x1, status:0
bttool> XTS_COMMAND=adv start -i 160 -n vela-adv-test -m legacy
adv start -i 160 -n vela-adv-test -m legacy
[CPU0] AdvType:(Flags)
[CPU0] AdvData: (0x61807962):
[CPU0] 0000  0a                                               .               
[CPU0] AdvType:(Complete List of 16­bit Service Class UUIDs)
[CPU0] AdvData: (0x61807965):
[CPU0] 0000  01 11                                            ..              
[CPU0] AdvType:(Complete List of 16­bit Service Class UUIDs)
[CPU0] AdvData: (0x61807969):
[CPU0] 0000  1e 11                                            ..              
[CPU0] AdvType:(Complete Local Name)
[CPU0] AdvData: (0x6180799a):
[CPU0] 0000  76 65 6c 61 2d 61 64 76 2d 74 65 73 74           vela-adv-test   
[CPU[0] CSPU0] S31 BLE: TX opcode=2036 len=28
[CPU0] S31 BLE: TX opcode=2036 result=28
[CPU0] S31 BLE3: complete opcode=2036 status=0 len=8
1 BLE host: opcode=2036 queued current=0 syswq=0x6140a190
[CPU0] S31 BLE host: opcode=2036 wait=0 status=0 ref=1
[CPU0] S31 BLE host: opcode=2036 returned
[CPU0] S31 BLE host: opcode=2037 queued current=0 syswq=0x6140a190
[CPU0] S31 BLE: TX opcode=2037 len=18
[CPU0] S31 BLE: TX opcode=2037 result=18
[CPU0] S31 BLE: complete opcode=2037 status=0 len=7
[CPU0] S31 BLE host: opcode=2037 wait=0 status=0 ref=1
[CPU0] S31 BLE host: opcode=2037 returned
[CPU0] S31 BLE host: opcode=2038 queued current=0 syswq=0x6140a190
[CPU0] S31 BLE: TX opcode=2038 len=22
[CPU0] S31 BLE: TX opcode=2038 result=22
[CPU0] S31 BLE: complete opcode=2038 status=0 len=7
[CPU0] S31 BLE host: opcode=2038 wait=0 status=0 ref=1
[CPU0] S31 BLE host: opcode=2038 returned
[CPU0] S31 BLE host: opcode=2039 queued current=0 syswq=0x6140a190
[CPU0] S31 BLE: TX opcode=2039 len=9
[CPU0] S31 BLE: TX opcode=2039 result=9
[CPU0] S31 BLE: complete opcode=2039 status=0 len=7
[CPU1] S31 BLE host: opcode=2039 wait=0 status=0 ref=1
[CPU1] S31 BLE host: opcode=2039 returned
[bttool] interval: 100.000000 ms
[bttool] adv name: vela-adv-test 
[bttool] adv type: legacy
bttool> [bttool] Advertising handle:0x61807d28
[bttool] on_advertising_start_cb, handle:0x61807d28, adv_id:1, status:0
56 bytes from 192.168.1.1: icmp_seq=1 time=44.0 ms
[CPU0] S31 BLE host: opcode=2030 queued current=0x6140a190 syswq=0x6140a190
[CPU0] S31 BLE: TX opcode=2030 len=5
[CPU0] S31 BLE: TX opcode=2030 result=5
[CPU0] S31 BLE: complete opcode=2030 status=0 len=11
[CPU1] S31 BLE host: opcode=2030 wait=0 status=0 ref=1
[CPU1] S31 BLE host: opcode=2030 returned
[CPU1] S31 BLE host: opcode=203c queued current=0x6140a190 syswq=0x6140a190
[CPU0] S31 BLE: TX opcode=203c len=4
[CPU0] S31 BLE: TX opcode=203c result=4
[CPU0] S31 BLE: complete opcode=203c status=0 len=7
[CPU1] S31 BLE host: opcode=203c wait=0 status=0 ref=1
[CPU1] S31 BLE host: opcode=203c returned
[CPU1] S31 BLE host: opcode=2016 queued current=0x6140a190 syswq=0x6140a190
[CPU0] S31 BLE: TX opcode=2016 len=5
[CPU0] S31 BLE: TX opcode=2016 result=5
[CPU0] S31 BLE host: opcode=2016 wait=0 status=0 ref=1
[CPU0] S31 BLE host: opcode=2016 returned
[bttool] gatts_mtu_changed_callback, addr:A8:E2:91:97:1C:B5, mtu:20
[bttool] Device [A8:E2:91:97:1C:B5][LE] connection state: 3
[bttool] gatts_connect_callback, addr:A8:E2:91:97:1C:B5
[bttool] on_advertising_stopped_cb, handle:0x61807d28, adv_id:1
[bttool] gatts_disconnect_callback, addr:A8:E2:91:97:1C:B5
[bttool] Device [A8:E2:91:97:1C:B5][LE] connection state: 0
56 bytes from 192.168.1.1: icmp_seq=2 time=19.0 ms
56 bytes from 192.168.1.1: icmp_seq=3 time=12.0 ms
56 bytes from 192.168.1.1: icmp_seq=4 time=9.0 ms
56 bytes from 192.168.1.1: icmp_seq=5 time=34.0 ms
56 bytes from 192.168.1.1: icmp_seq=6 time=15.0 ms
56 bytes from 192.168.1.1: icmp_seq=7 time=21.0 ms
56 bytes from 192.168.1.1: icmp_seq=8 time=9.0 ms
XTS_COMMAND=gatts stop 3
gatts stop 3
bttool> XTS_COMMAND=gatts unregister 3
[bttool] gatts remove attribute table complete, handle 0x1, status:0
gatts unregister 3
bttool> [bttool] unregister service suXTS_COMMAND=disable
ccessful, service_id: 3
disable
bttool> [bttool] Context:0x618073d0, Adapter state changed: 6
[CPU0] S31 BLE host: allocating opcode=0c03
[CPU0] S31 BLE host: opcode=0c03 buffer=0x61408f18
[CPU0] S31 BLE host: opcode=0c03 queued current=0 syswq=0x6140a190
[CPU0] S31 BLE: TX opcode=0c03 len=3
[CPU0] S31 BLE: TX opcode=0c03 result=3
[CPU0] S31 BLE: complete opcode=0c03 status=0 len=7
[CPU0] S31 BLE host: opcode=0c03 wait=0 status=0 ref=1
[CPU0] S31 BLE host: opcode=0c03 returned
[bttool] Context:0x618073d0, Adapter state changed: 0
XTS_COMMAND=quit
quit
[CPU1] [async_queue:138]uv_async_queue_close
nsh> [K56 bytes from 192.168.1.1: icmp_seq=9 time=15.0 ms
56 bytes from 192.168.1.1: icmp_seq=10 time=5.0 ms
56 bytes from 192.168.1.1: icmp_seq=11 time=5.0 ms
56 bytes from 192.168.1.1: icmp_seq=12 time=14.0 ms
56 bytes from 192.168.1.1: icmp_seq=13 time=9.0 ms
56 bytes from 192.168.1.1: icmp_seq=14 time=5.0 ms
56 bytes from 192.168.1.1: icmp_seq=15 time=11.0 ms
56 bytes from 192.168.1.1: icmp_seq=16 time=5.0 ms
56 bytes from 192.168.1.1: icmp_seq=17 time=8.0 ms
56 bytes from 192.168.1.1: icmp_seq=18 time=8.0 ms
56 bytes from 192.168.1.1: icmp_seq=19 time=26.0 ms
20 packets transmitted, 20 received, 0% packet loss, time 20020 XTS_COMMAND=ping -c 3 192.168.1.1
--- CMD: ping -c 3 192.168.1.1 ---
ms
rtt min/avg/max/mdev = 5.000/14.400/44.000/10.001 ms
ping -c 3 192.168.1.1
PING 192.168.1.1 56 bytes of data
56 bytes from 192.168.1.1: icmp_seq=0 time=13.0 ms
56 bytes from 192.168.1.1: icmp_seq=1 time=5.0 ms
56 bytes from 192.168.1.1: icmp_seq=2 time=18.0 ms
3 packets transmitted, 3 received, 0% packet loss, time 3003 ms
rtt min/avg/max/mdev = 5.000/12.000/18.000/5.354 ms
nsh> [K
nsh> [K
ms
rtt min/avg/max/mdev = 5.000/14.400/44.000/10.001 ms
ping -c 3 192.168.1.1
PING 192.168.1.1 56 bytes of data
56 bytes from 192.168.1.1: icmp_seq=0 time=13.0 ms
56 bytes from 192.168.1.1: icmp_seq=1 time=5.0 ms
56 bytes from 192.168.1.1: icmp_seq=2 time=18.0 ms
3 packets transmitted, 3 received, 0% packet loss, time 3003 ms
rtt min/avg/max/mdev = 5.000/12.000/18.000/5.354 ms
nsh> [K
nsh> [K
XTS_COMMAND=ifconfig
--- CMD: ifconfig ---
ifconfig
wlan0	Link encap:Ethernet HWaddr 30:ed:a0:f3:f7:b0 at RUNNING mtu 1500
	inet addr:192.168.1.60 DRaddr:192.168.1.1 Mask:255.255.255.0

nsh> [K
nsh> [K
ifconfig
wlan0	Link encap:Ethernet HWaddr 30:ed:a0:f3:f7:b0 at RUNNING mtu 1500
	inet addr:192.168.1.60 DRaddr:192.168.1.1 Mask:255.255.255.0

nsh> [K
nsh> [K
{"status": "FAIL", "error": "RuntimeError('host GATT client failed')", "scope": "DEVELOPMENT_DIAGNOSTIC_NOT_XTS_PASS"}
