progress587-594.tar.gz: OK
/home/regex/work/esp32s31-openvela/openvela-dev/out/esp32s31-cmake-demo/nuttx.bin: OK
/home/regex/work/esp32s31-openvela/openvela-dev/out/esp32s31-cmake-demo/appfs.img: OK
progress595-599.tar.gz: OK
progress595-same-ap.md
checkpoint599.sh
SHA256SUMS-progress594
build551-clean.sha256
build591-arp-callback.sha256
network-repeat.py
network-probe.py
tcp-nettest-client.py
flash-clean551.sh
flash-demo-pair.sh
logs/flash595-clean-same-ap.log
logs/host596-same-ap.log
logs/network596-clean-same-ap-cold-1-redacted.log
logs/network596-clean-same-ap-cold-2-redacted.log
logs/network596-clean-same-ap-cold-3-redacted.log
logs/flash597-restore-demo.log
logs/demo598-same-ap.log
logs/http599-same-ap.log
