--- CMD: ps ---
ESP-ROM:esp32s31-20251218
Build:Dec 18 2025
rst:0x1 (POWERON),boot:0x5f (SPI_FAST_FLASH_BOOT)
SPI mode:DIO, clock div:1
load:0x2e000000,len:0x18
load:0x2f000000,len:0x102c0
load:0x2f010300,len:0x36d8
entry 0x2f00fe56
*** Booting NuttX ***
rtc: lma 0x00002020 vma 0x2e000000 len 0x18     (24)
dram: lma 0x00002040 vma 0x2f000000 len 0x102c0  (66240)
dram: lma 0x00012308 vma 0x2f010300 len 0x36d8   (14040)
padd: lma 0x00015a18 vma 0x00000000 len 0xa600   (42496)
imap: lma 0x00020020 vma 0x400c0020 len 0x19904  (104708)
padd: lma 0x0003992c vma 0x00000000 len 0x67cc   (26572)
imap: lma 0x00040100 vma 0x40000100 len 0xb1b18  (727832)
total segments stored 7
ABC[CPU0] CPU1 SMP online: ipi0=0 timer1=0
[CPU0] AppFS header: 2d726f6d3166732d
[CPU0] AppFS MTD boundary checks: PASS
[CPU0] AppFS writable LittleFS: offset=0x500000 size=0x700000
[CPU0] Initializing Wi-Fi station
[CPU0] E1 Wi-Fi station netdev ready
[CPU0] set_intr_wrapper: S31 IRQ route: cpu=0 source=122 vector=1 priority=1
[CPU0] set_intr_wrapper: S31 IRQ route: cpu=0 source=120 vector=1 priority=1
[CPU0] enable_intr_wrapper: S31 IRQ enable: mask=00000002 vector=1 irq=137
[CPU0] esp_wifi_sta_start: S31 frame statistics enable: rx=0 tx=0

NuttShell (NSH)
nsh> [K
Unexpected demo task; no changes made
