before-a.bin: OK
before-b.bin: OK
WIFI_ARTIFACT_CONFIG=PASS booleans=1602 protocol=7
+ /home/regex/.espressif/python_env/idf6.1_py3.10_env/bin/esptool --chip esp32s31 --port /dev/serial/by-id/usb-Silicon_Labs_CP2102N_USB_to_UART_Bridge_Controller_f65e4ef67f71f011975a049f1045c30f-if00-port0 --baud 460800 write-flash --flash-size 16MB --flash-mode dio --flash-freq 80m 0x2000 /home/regex/work/esp32s31-openvela/openvela-dev/out/esp32s31-cmake-demo/nuttx.bin 0x200000 /home/regex/work/esp32s31-openvela/openvela-dev/out/esp32s31-cmake-demo/appfs.img
esptool v5.4.0
Serial port /dev/serial/by-id/usb-Silicon_Labs_CP2102N_USB_to_UART_Bridge_Controller_f65e4ef67f71f011975a049f1045c30f-if00-port0:
Connecting....
Connected to ESP32-S31 on /dev/serial/by-id/usb-Silicon_Labs_CP2102N_USB_to_UART_Bridge_Controller_f65e4ef67f71f011975a049f1045c30f-if00-port0:
Chip type:          ESP32-S31 (revision v0.0)
Features:           Wi-Fi 6, BT 5.4 (LE), IEEE802.15.4, Dual Core + LP Core, 300MHz
Crystal frequency:  40MHz
MAC:                30:ed:a0:f3:f7:b0

Uploading stub flasher...
Running stub flasher...
Stub flasher running.
Changing baud rate to 460800...
Changed.

Configuring flash size...

Writing '/home/regex/work/esp32s31-openvela/openvela-dev/out/esp32s31-cmake-demo/nuttx.bin' at 0x00002000...
SHA digest in image updated.
Flash will be erased from 0x00002000 to 0x000f1fff...
Compressed 982040 bytes to 544356...
Writing at 0x00007f28 ╸                                3.0% 16.00kB/531.60kB [0s] 
Writing at 0x0000e0d7 ━╸                               6.0% 32.00kB/531.60kB [0s] 
Writing at 0x00020790 ━━╸                              9.0% 48.00kB/531.60kB [1s] 
Writing at 0x0002a106 ━━━╸                            12.0% 64.00kB/531.60kB [1s] 
Writing at 0x000323d6 ━━━━╸                           15.0% 80.00kB/531.60kB [2s] 
Writing at 0x00042d98 ━━━━━                           18.1% 96.00kB/531.60kB [2s] 
Writing at 0x00048ee7 ━━━━━━                          21.1% 112.00kB/531.60kB [2s] 
Writing at 0x0004f37e ━━━━━━━                         24.1% 128.00kB/531.60kB [3s] 
Writing at 0x0005719e ━━━━━━━━                        27.1% 144.00kB/531.60kB [3s] 
Writing at 0x0005fed4 ━━━━━━━━━                       30.1% 160.00kB/531.60kB [3s] 
Writing at 0x00066f0c ━━━━━━━━━╸                      33.1% 176.00kB/531.60kB [4s] 
Writing at 0x0006e728 ━━━━━━━━━━╸                     36.1% 192.00kB/531.60kB [4s] 
Writing at 0x00074c4c ━━━━━━━━━━━╸                    39.1% 208.00kB/531.60kB [5s] 
Writing at 0x0007ac91 ━━━━━━━━━━━━╸                   42.1% 224.00kB/531.60kB [5s] 
Writing at 0x0008064d ━━━━━━━━━━━━━╸                  45.1% 240.00kB/531.60kB [5s] 
Writing at 0x00085d33 ━━━━━━━━━━━━━━                  48.2% 256.00kB/531.60kB [6s] 
Writing at 0x0008b890 ━━━━━━━━━━━━━━━                 51.2% 272.00kB/531.60kB [6s] 
Writing at 0x00091557 ━━━━━━━━━━━━━━━━                54.2% 288.00kB/531.60kB [6s] 
Writing at 0x00097569 ━━━━━━━━━━━━━━━━━               57.2% 304.00kB/531.60kB [7s] 
Writing at 0x000a00ef ━━━━━━━━━━━━━━━━━━              60.2% 320.00kB/531.60kB [7s] 
Writing at 0x000a69fa ━━━━━━━━━━━━━━━━━━╸             63.2% 336.00kB/531.60kB [8s] 
Writing at 0x000ac9bf ━━━━━━━━━━━━━━━━━━━╸            66.2% 352.00kB/531.60kB [8s] 
Writing at 0x000b370d ━━━━━━━━━━━━━━━━━━━━╸           69.2% 368.00kB/531.60kB [8s] 
Writing at 0x000b9ca5 ━━━━━━━━━━━━━━━━━━━━━╸          72.2% 384.00kB/531.60kB [9s] 
Writing at 0x000bf8ad ━━━━━━━━━━━━━━━━━━━━━━╸         75.2% 400.00kB/531.60kB [9s] 
Writing at 0x000c54de ━━━━━━━━━━━━━━━━━━━━━━━         78.3% 416.00kB/531.60kB [10s] 
Writing at 0x000cba90 ━━━━━━━━━━━━━━━━━━━━━━━━        81.3% 432.00kB/531.60kB [10s] 
Writing at 0x000d22ea ━━━━━━━━━━━━━━━━━━━━━━━━━       84.3% 448.00kB/531.60kB [10s] 
Writing at 0x000d82de ━━━━━━━━━━━━━━━━━━━━━━━━━━      87.3% 464.00kB/531.60kB [11s] 
Writing at 0x000de2a0 ━━━━━━━━━━━━━━━━━━━━━━━━━━━     90.3% 480.00kB/531.60kB [11s] 
Writing at 0x000e431d ━━━━━━━━━━━━━━━━━━━━━━━━━━━╸    93.3% 496.00kB/531.60kB [11s] 
Writing at 0x000e9ffd ━━━━━━━━━━━━━━━━━━━━━━━━━━━━╸   96.3% 512.00kB/531.60kB [12s] 
Writing at 0x000f0717 ━━━━━━━━━━━━━━━━━━━━━━━━━━━━━╸  99.3% 528.00kB/531.60kB [12s] 
Writing at 0x000f1c18 ━━━━━━━━━━━━━━━━━━━━━━━━━━━━━━ 100.0% 531.60kB/531.60kB [12s] 
Wrote 982040 bytes (544356 compressed) at 0x00002000 in 12.0 seconds (653.6 kbit/s).
Verifying written data...
Hash of data verified.

Writing '/home/regex/work/esp32s31-openvela/openvela-dev/out/esp32s31-cmake-demo/appfs.img' at 0x00200000...
Flash will be erased from 0x00200000 to 0x00293fff...
Compressed 605184 bytes to 343061...
Writing at 0x002073d4 ━                                4.8% 16.00kB/335.02kB [0s] 
Writing at 0x0020ced2 ━━╸                              9.6% 32.00kB/335.02kB [0s] 
Writing at 0x002141c2 ━━━━                            14.3% 48.00kB/335.02kB [1s] 
Writing at 0x0021e932 ━━━━━╸                          19.1% 64.00kB/335.02kB [1s] 
Writing at 0x0022483d ━━━━━━━                         23.9% 80.00kB/335.02kB [1s] 
Writing at 0x0022a818 ━━━━━━━━╸                       28.7% 96.00kB/335.02kB [2s] 
Writing at 0x0023002e ━━━━━━━━━━                      33.4% 112.00kB/335.02kB [2s] 
Writing at 0x00239b67 ━━━━━━━━━━━                     38.2% 128.00kB/335.02kB [3s] 
Writing at 0x002406b2 ━━━━━━━━━━━━╸                   43.0% 144.00kB/335.02kB [3s] 
Writing at 0x0024629d ━━━━━━━━━━━━━━                  47.8% 160.00kB/335.02kB [3s] 
Writing at 0x0024ed8e ━━━━━━━━━━━━━━━╸                52.5% 176.00kB/335.02kB [4s] 
Writing at 0x00254cfe ━━━━━━━━━━━━━━━━━               57.3% 192.00kB/335.02kB [4s] 
Writing at 0x0025c4b3 ━━━━━━━━━━━━━━━━━━╸             62.1% 208.00kB/335.02kB [4s] 
Writing at 0x00264193 ━━━━━━━━━━━━━━━━━━━━            66.9% 224.00kB/335.02kB [5s] 
Writing at 0x00269e1f ━━━━━━━━━━━━━━━━━━━━━           71.6% 240.00kB/335.02kB [5s] 
Writing at 0x002724a3 ━━━━━━━━━━━━━━━━━━━━━━╸         76.4% 256.00kB/335.02kB [6s] 
Writing at 0x00278e32 ━━━━━━━━━━━━━━━━━━━━━━━━        81.2% 272.00kB/335.02kB [6s] 
Writing at 0x0027ef87 ━━━━━━━━━━━━━━━━━━━━━━━━━╸      86.0% 288.00kB/335.02kB [6s] 
Writing at 0x002851fa ━━━━━━━━━━━━━━━━━━━━━━━━━━━     90.7% 304.00kB/335.02kB [7s] 
Writing at 0x0028a99e ━━━━━━━━━━━━━━━━━━━━━━━━━━━━╸   95.5% 320.00kB/335.02kB [7s] 
Writing at 0x00293c00 ━━━━━━━━━━━━━━━━━━━━━━━━━━━━━━ 100.0% 335.02kB/335.02kB [8s] 
Wrote 605184 bytes (343061 compressed) at 0x00200000 in 8.1 seconds (596.1 kbit/s).
Verifying written data...
Hash of data verified.

Hard resetting via RTS pin...
