esptool v5.4.0
Serial port /dev/serial/by-id/usb-Silicon_Labs_CP2102N_USB_to_UART_Bridge_Controller_f65e4ef67f71f011975a049f1045c30f-if00-port0:
Connecting....
Connected to ESP32-S31 on /dev/serial/by-id/usb-Silicon_Labs_CP2102N_USB_to_UART_Bridge_Controller_f65e4ef67f71f011975a049f1045c30f-if00-port0:
Chip type:          ESP32-S31 (revision v0.0)
Features:           Wi-Fi 6, BT 5.4 (LE), IEEE802.15.4, Dual Core + LP Core, 300MHz
Crystal frequency:  40MHz
MAC:                30:ed:a0:f3:f7:b0

Uploading stub flasher...
Running stub flasher...
Stub flasher running.
Changing baud rate to 460800...
Changed.

Configuring flash size...

Writing '/home/regex/work/esp32s31-openvela/openvela-dev/out/esp32s31-cmake-wifi-regression209/nuttx.bin' at 0x00002000...
SHA digest in image updated.
Flash will be erased from 0x00002000 to 0x000f2fff...
Compressed 986024 bytes to 543726...
Writing at 0x00007e13 ╸                                3.0% 16.00kB/530.98kB [0s] 
Writing at 0x0000e041 ━╸                               6.0% 32.00kB/530.98kB [0s] 
Writing at 0x00022f4d ━━╸                              9.0% 48.00kB/530.98kB [1s] 
Writing at 0x0002b07a ━━━╸                            12.1% 64.00kB/530.98kB [1s] 
Writing at 0x00034f38 ━━━━╸                           15.1% 80.00kB/530.98kB [2s] 
Writing at 0x00043daf ━━━━━                           18.1% 96.00kB/530.98kB [2s] 
Writing at 0x0004a412 ━━━━━━                          21.1% 112.00kB/530.98kB [2s] 
Writing at 0x00050c38 ━━━━━━━                         24.1% 128.00kB/530.98kB [3s] 
Writing at 0x00058dcf ━━━━━━━━                        27.1% 144.00kB/530.98kB [3s] 
Writing at 0x0006124b ━━━━━━━━━                       30.1% 160.00kB/530.98kB [3s] 
Writing at 0x00068932 ━━━━━━━━━╸                      33.1% 176.00kB/530.98kB [4s] 
Writing at 0x0006fbbd ━━━━━━━━━━╸                     36.2% 192.00kB/530.98kB [4s] 
Writing at 0x00075e37 ━━━━━━━━━━━╸                    39.2% 208.00kB/530.98kB [4s] 
Writing at 0x0007bf75 ━━━━━━━━━━━━╸                   42.2% 224.00kB/530.98kB [5s] 
Writing at 0x00081666 ━━━━━━━━━━━━━╸                  45.2% 240.00kB/530.98kB [5s] 
Writing at 0x00086f54 ━━━━━━━━━━━━━━                  48.2% 256.00kB/530.98kB [5s] 
Writing at 0x0008ca1a ━━━━━━━━━━━━━━━                 51.2% 272.00kB/530.98kB [6s] 
Writing at 0x0009263c ━━━━━━━━━━━━━━━━                54.2% 288.00kB/530.98kB [6s] 
Writing at 0x00099389 ━━━━━━━━━━━━━━━━━               57.3% 304.00kB/530.98kB [7s] 
Writing at 0x000a18c8 ━━━━━━━━━━━━━━━━━━              60.3% 320.00kB/530.98kB [7s] 
Writing at 0x000a7bc4 ━━━━━━━━━━━━━━━━━━╸             63.3% 336.00kB/530.98kB [7s] 
Writing at 0x000ae031 ━━━━━━━━━━━━━━━━━━━╸            66.3% 352.00kB/530.98kB [8s] 
Writing at 0x000b4dae ━━━━━━━━━━━━━━━━━━━━╸           69.3% 368.00kB/530.98kB [8s] 
Writing at 0x000bae81 ━━━━━━━━━━━━━━━━━━━━━╸          72.3% 384.00kB/530.98kB [8s] 
Writing at 0x000c0a6a ━━━━━━━━━━━━━━━━━━━━━━╸         75.3% 400.00kB/530.98kB [9s] 
Writing at 0x000c67c5 ━━━━━━━━━━━━━━━━━━━━━━━╸        78.3% 416.00kB/530.98kB [9s] 
Writing at 0x000ccd9c ━━━━━━━━━━━━━━━━━━━━━━━━        81.4% 432.00kB/530.98kB [9s] 
Writing at 0x000d366a ━━━━━━━━━━━━━━━━━━━━━━━━━       84.4% 448.00kB/530.98kB [10s] 
Writing at 0x000d9540 ━━━━━━━━━━━━━━━━━━━━━━━━━━      87.4% 464.00kB/530.98kB [10s] 
Writing at 0x000df65c ━━━━━━━━━━━━━━━━━━━━━━━━━━━     90.4% 480.00kB/530.98kB [10s] 
Writing at 0x000e5771 ━━━━━━━━━━━━━━━━━━━━━━━━━━━━    93.4% 496.00kB/530.98kB [11s] 
Writing at 0x000eb300 ━━━━━━━━━━━━━━━━━━━━━━━━━━━━╸   96.4% 512.00kB/530.98kB [11s] 
Writing at 0x000f190d ━━━━━━━━━━━━━━━━━━━━━━━━━━━━━╸  99.4% 528.00kB/530.98kB [12s] 
Writing at 0x000f2ba8 ━━━━━━━━━━━━━━━━━━━━━━━━━━━━━━ 100.0% 530.98kB/530.98kB [12s] 
Wrote 986024 bytes (543726 compressed) at 0x00002000 in 12.2 seconds (648.0 kbit/s).
Verifying written data...
Hash of data verified.

Writing '/home/regex/work/esp32s31-openvela/openvela-dev/out/esp32s31-cmake-wifi-regression209/appfs.img' at 0x00200000...
Flash will be erased from 0x00200000 to 0x00284fff...
Compressed 541696 bytes to 307711...
Writing at 0x002076af ━╸                               5.3% 16.00kB/300.50kB [0s] 
Writing at 0x0021099d ━━━                             10.6% 32.00kB/300.50kB [0s] 
Writing at 0x00216872 ━━━━╸                           16.0% 48.00kB/300.50kB [1s] 
Writing at 0x0021c82c ━━━━━━                          21.3% 64.00kB/300.50kB [1s] 
Writing at 0x00221f34 ━━━━━━━╸                        26.6% 80.00kB/300.50kB [1s] 
Writing at 0x0022b62e ━━━━━━━━━╸                      31.9% 96.00kB/300.50kB [2s] 
Writing at 0x00232374 ━━━━━━━━━━━                     37.3% 112.00kB/300.50kB [2s] 
Writing at 0x002382d5 ━━━━━━━━━━━━╸                   42.6% 128.00kB/300.50kB [2s] 
Writing at 0x00240aa5 ━━━━━━━━━━━━━━                  47.9% 144.00kB/300.50kB [3s] 
Writing at 0x00248320 ━━━━━━━━━━━━━━━╸                53.2% 160.00kB/300.50kB [3s] 
Writing at 0x0024e21a ━━━━━━━━━━━━━━━━━╸              58.6% 176.00kB/300.50kB [3s] 
Writing at 0x00255caa ━━━━━━━━━━━━━━━━━━━             63.9% 192.00kB/300.50kB [4s] 
Writing at 0x0025d23f ━━━━━━━━━━━━━━━━━━━━╸           69.2% 208.00kB/300.50kB [4s] 
Writing at 0x00264fa8 ━━━━━━━━━━━━━━━━━━━━━━          74.5% 224.00kB/300.50kB [5s] 
Writing at 0x0026abed ━━━━━━━━━━━━━━━━━━━━━━━╸        79.9% 240.00kB/300.50kB [5s] 
Writing at 0x00270efc ━━━━━━━━━━━━━━━━━━━━━━━━━╸      85.2% 256.00kB/300.50kB [5s] 
Writing at 0x00276f08 ━━━━━━━━━━━━━━━━━━━━━━━━━━━     90.5% 272.00kB/300.50kB [6s] 
Writing at 0x0027c5ff ━━━━━━━━━━━━━━━━━━━━━━━━━━━━╸   95.8% 288.00kB/300.50kB [6s] 
Writing at 0x00284400 ━━━━━━━━━━━━━━━━━━━━━━━━━━━━━━ 100.0% 300.50kB/300.50kB [6s] 
Wrote 541696 bytes (307711 compressed) at 0x00200000 in 6.8 seconds (633.4 kbit/s).
Verifying written data...
Hash of data verified.

Hard resetting via RTS pin...
