esptool v5.4.0
Serial port /dev/serial/by-id/usb-Silicon_Labs_CP2102N_USB_to_UART_Bridge_Controller_f65e4ef67f71f011975a049f1045c30f-if00-port0:
Connecting....
Connected to ESP32-S31 on /dev/serial/by-id/usb-Silicon_Labs_CP2102N_USB_to_UART_Bridge_Controller_f65e4ef67f71f011975a049f1045c30f-if00-port0:
Chip type:          ESP32-S31 (revision v0.0)
Features:           Wi-Fi 6, BT 5.4 (LE), IEEE802.15.4, Dual Core + LP Core, 300MHz
Crystal frequency:  40MHz
MAC:                30:ed:a0:f3:f7:b0

Uploading stub flasher...
Running stub flasher...
Stub flasher running.
Changing baud rate to 460800...
Changed.

Configuring flash size...
SHA digest in image updated.
Flash will be erased from 0x00002000 to 0x000defff...
Compressed 903524 bytes to 506058...
Writing at 0x00007a76 ╸                                3.2% 16.00kB/494.20kB [0s] 
Writing at 0x0000db19 ━╸                               6.5% 32.00kB/494.20kB [0s] 
Writing at 0x0002739d ━━╸                              9.7% 48.00kB/494.20kB [1s] 
Writing at 0x0002dcb8 ━━━╸                            13.0% 64.00kB/494.20kB [1s] 
Writing at 0x00038cd7 ━━━━╸                           16.2% 80.00kB/494.20kB [2s] 
Writing at 0x00044a5c ━━━━━╸                          19.4% 96.00kB/494.20kB [2s] 
Writing at 0x0004abcd ━━━━━━╸                         22.7% 112.00kB/494.20kB [2s] 
Writing at 0x00052283 ━━━━━━━╸                        25.9% 128.00kB/494.20kB [3s] 
Writing at 0x00059f72 ━━━━━━━━╸                       29.1% 144.00kB/494.20kB [3s] 
Writing at 0x00060323 ━━━━━━━━━╸                      32.4% 160.00kB/494.20kB [3s] 
Writing at 0x000662f0 ━━━━━━━━━━╸                     35.6% 176.00kB/494.20kB [4s] 
Writing at 0x0006c6a6 ━━━━━━━━━━━╸                    38.9% 192.00kB/494.20kB [4s] 
Writing at 0x000723b6 ━━━━━━━━━━━━╸                   42.1% 208.00kB/494.20kB [4s] 
Writing at 0x00078040 ━━━━━━━━━━━━━╸                  45.3% 224.00kB/494.20kB [5s] 
Writing at 0x0007d727 ━━━━━━━━━━━━━━╸                 48.6% 240.00kB/494.20kB [5s] 
Writing at 0x00083243 ━━━━━━━━━━━━━━━╸                51.8% 256.00kB/494.20kB [5s] 
Writing at 0x00088bfc ━━━━━━━━━━━━━━━━╸               55.0% 272.00kB/494.20kB [6s] 
Writing at 0x0008f689 ━━━━━━━━━━━━━━━━━               58.3% 288.00kB/494.20kB [6s] 
Writing at 0x00095e2e ━━━━━━━━━━━━━━━━━━              61.5% 304.00kB/494.20kB [7s] 
Writing at 0x0009b9be ━━━━━━━━━━━━━━━━━━━             64.8% 320.00kB/494.20kB [7s] 
Writing at 0x000a26aa ━━━━━━━━━━━━━━━━━━━━            68.0% 336.00kB/494.20kB [7s] 
Writing at 0x000a86ce ━━━━━━━━━━━━━━━━━━━━━           71.2% 352.00kB/494.20kB [8s] 
Writing at 0x000ae3fd ━━━━━━━━━━━━━━━━━━━━━━          74.5% 368.00kB/494.20kB [8s] 
Writing at 0x000b45b4 ━━━━━━━━━━━━━━━━━━━━━━━         77.7% 384.00kB/494.20kB [8s] 
Writing at 0x000baad2 ━━━━━━━━━━━━━━━━━━━━━━━━        80.9% 400.00kB/494.20kB [9s] 
Writing at 0x000c0f5e ━━━━━━━━━━━━━━━━━━━━━━━━━       84.2% 416.00kB/494.20kB [9s] 
Writing at 0x000c700f ━━━━━━━━━━━━━━━━━━━━━━━━━━      87.4% 432.00kB/494.20kB [9s] 
Writing at 0x000cd084 ━━━━━━━━━━━━━━━━━━━━━━━━━━━     90.7% 448.00kB/494.20kB [10s] 
Writing at 0x000d301f ━━━━━━━━━━━━━━━━━━━━━━━━━━━━    93.9% 464.00kB/494.20kB [10s] 
Writing at 0x000d900a ━━━━━━━━━━━━━━━━━━━━━━━━━━━━━   97.1% 480.00kB/494.20kB [11s] 
Writing at 0x000de964 ━━━━━━━━━━━━━━━━━━━━━━━━━━━━━━ 100.0% 494.20kB/494.20kB [11s] 
Wrote 903524 bytes (506058 compressed) at 0x00002000 in 11.5 seconds (630.6 kbit/s).
Verifying written data...
Hash of data verified.

Hard resetting via RTS pin...
