before-a.bin: OK
before-b.bin: OK
WIFI_ARTIFACT_CONFIG=PASS booleans=1793 protocol=7
+ /home/regex/.espressif/python_env/idf6.1_py3.10_env/bin/esptool --chip esp32s31 --port /dev/serial/by-id/usb-Silicon_Labs_CP2102N_USB_to_UART_Bridge_Controller_f65e4ef67f71f011975a049f1045c30f-if00-port0 --baud 460800 write-flash --flash-size 16MB --flash-mode dio --flash-freq 80m 0x2000 /home/regex/work/esp32s31-openvela/openvela-dev/out/esp32s31-xts-standby/nuttx.bin 0x200000 /home/regex/work/esp32s31-openvela/openvela-dev/out/esp32s31-xts-standby/appfs.img
esptool v5.4.0
Serial port /dev/serial/by-id/usb-Silicon_Labs_CP2102N_USB_to_UART_Bridge_Controller_f65e4ef67f71f011975a049f1045c30f-if00-port0:
Connecting....
Connected to ESP32-S31 on /dev/serial/by-id/usb-Silicon_Labs_CP2102N_USB_to_UART_Bridge_Controller_f65e4ef67f71f011975a049f1045c30f-if00-port0:
Chip type:          ESP32-S31 (revision v0.0)
Features:           Wi-Fi 6, BT 5.4 (LE), IEEE802.15.4, Dual Core + LP Core, 300MHz
Crystal frequency:  40MHz
MAC:                30:ed:a0:f3:f7:b0

Uploading stub flasher...
Running stub flasher...
Stub flasher running.
Changing baud rate to 460800...
Changed.

Configuring flash size...

Writing '/home/regex/work/esp32s31-openvela/openvela-dev/out/esp32s31-xts-standby/nuttx.bin' at 0x00002000...
SHA digest in image updated.
Flash will be erased from 0x00002000 to 0x00146fff...
Compressed 1329240 bytes to 733170...
Writing at 0x00008104 ╸                                2.2% 16.00kB/715.99kB [0s] 
Writing at 0x0000df6c ━                                4.5% 32.00kB/715.99kB [0s] 
Writing at 0x00014542 ━━                               6.7% 48.00kB/715.99kB [1s] 
Writing at 0x00023170 ━━╸                              8.9% 64.00kB/715.99kB [1s] 
Writing at 0x0002be28 ━━━                             11.2% 80.00kB/715.99kB [1s] 
Writing at 0x00034862 ━━━━                            13.4% 96.00kB/715.99kB [2s] 
Writing at 0x0004397a ━━━━╸                           15.6% 112.00kB/715.99kB [2s] 
Writing at 0x0004a91c ━━━━━                           17.9% 128.00kB/715.99kB [3s] 
Writing at 0x00051701 ━━━━━━                          20.1% 144.00kB/715.99kB [3s] 
Writing at 0x00058119 ━━━━━━╸                         22.3% 160.00kB/715.99kB [3s] 
Writing at 0x0005fa6e ━━━━━━━                         24.6% 176.00kB/715.99kB [4s] 
Writing at 0x00067a19 ━━━━━━━━                        26.8% 192.00kB/715.99kB [4s] 
Writing at 0x0006fe24 ━━━━━━━━╸                       29.1% 208.00kB/715.99kB [4s] 
Writing at 0x00077ea4 ━━━━━━━━━                       31.3% 224.00kB/715.99kB [5s] 
Writing at 0x0007f2cb ━━━━━━━━━━                      33.5% 240.00kB/715.99kB [5s] 
Writing at 0x00087425 ━━━━━━━━━━╸                     35.8% 256.00kB/715.99kB [5s] 
Writing at 0x0008efb5 ━━━━━━━━━━━                     38.0% 272.00kB/715.99kB [6s] 
Writing at 0x00095be8 ━━━━━━━━━━━━                    40.2% 288.00kB/715.99kB [6s] 
Writing at 0x0009c2f9 ━━━━━━━━━━━━╸                   42.5% 304.00kB/715.99kB [7s] 
Writing at 0x000a279b ━━━━━━━━━━━━━                   44.7% 320.00kB/715.99kB [7s] 
Writing at 0x000a9197 ━━━━━━━━━━━━━━                  46.9% 336.00kB/715.99kB [7s] 
Writing at 0x000af849 ━━━━━━━━━━━━━━╸                 49.2% 352.00kB/715.99kB [8s] 
Writing at 0x000b5a92 ━━━━━━━━━━━━━━━                 51.4% 368.00kB/715.99kB [8s] 
Writing at 0x000bc192 ━━━━━━━━━━━━━━━━                53.6% 384.00kB/715.99kB [8s] 
Writing at 0x000c21b1 ━━━━━━━━━━━━━━━━╸               55.9% 400.00kB/715.99kB [9s] 
Writing at 0x000c9289 ━━━━━━━━━━━━━━━━━               58.1% 416.00kB/715.99kB [9s] 
Writing at 0x000d12b4 ━━━━━━━━━━━━━━━━━━              60.3% 432.00kB/715.99kB [10s] 
Writing at 0x000d8b82 ━━━━━━━━━━━━━━━━━━╸             62.6% 448.00kB/715.99kB [10s] 
Writing at 0x000e1497 ━━━━━━━━━━━━━━━━━━━             64.8% 464.00kB/715.99kB [10s] 
Writing at 0x000e9006 ━━━━━━━━━━━━━━━━━━━━            67.0% 480.00kB/715.99kB [11s] 
Writing at 0x000f0a15 ━━━━━━━━━━━━━━━━━━━━╸           69.3% 496.00kB/715.99kB [11s] 
Writing at 0x000f6c5d ━━━━━━━━━━━━━━━━━━━━━           71.5% 512.00kB/715.99kB [11s] 
Writing at 0x000fd8a1 ━━━━━━━━━━━━━━━━━━━━━━          73.7% 528.00kB/715.99kB [12s] 
Writing at 0x001042ce ━━━━━━━━━━━━━━━━━━━━━━╸         76.0% 544.00kB/715.99kB [12s] 
Writing at 0x0010b316 ━━━━━━━━━━━━━━━━━━━━━━━         78.2% 560.00kB/715.99kB [13s] 
Writing at 0x00111342 ━━━━━━━━━━━━━━━━━━━━━━━━        80.4% 576.00kB/715.99kB [13s] 
Writing at 0x0011707b ━━━━━━━━━━━━━━━━━━━━━━━━╸       82.7% 592.00kB/715.99kB [13s] 
Writing at 0x0011d212 ━━━━━━━━━━━━━━━━━━━━━━━━━       84.9% 608.00kB/715.99kB [14s] 
Writing at 0x00123705 ━━━━━━━━━━━━━━━━━━━━━━━━━━      87.2% 624.00kB/715.99kB [14s] 
Writing at 0x00129c08 ━━━━━━━━━━━━━━━━━━━━━━━━━━╸     89.4% 640.00kB/715.99kB [14s] 
Writing at 0x0012fb4d ━━━━━━━━━━━━━━━━━━━━━━━━━━━     91.6% 656.00kB/715.99kB [15s] 
Writing at 0x00135c68 ━━━━━━━━━━━━━━━━━━━━━━━━━━━━    93.9% 672.00kB/715.99kB [15s] 
Writing at 0x0013bc15 ━━━━━━━━━━━━━━━━━━━━━━━━━━━━╸   96.1% 688.00kB/715.99kB [16s] 
Writing at 0x00141be4 ━━━━━━━━━━━━━━━━━━━━━━━━━━━━━   98.3% 704.00kB/715.99kB [16s] 
Writing at 0x00146858 ━━━━━━━━━━━━━━━━━━━━━━━━━━━━━━ 100.0% 715.99kB/715.99kB [16s] 
Wrote 1329240 bytes (733170 compressed) at 0x00002000 in 16.8 seconds (633.9 kbit/s).
Verifying written data...
Hash of data verified.

Writing '/home/regex/work/esp32s31-openvela/openvela-dev/out/esp32s31-xts-standby/appfs.img' at 0x00200000...
Flash will be erased from 0x00200000 to 0x0047afff...
Compressed 2599936 bytes to 1531610...
Writing at 0x002067a4                                  1.1% 16.00kB/1.46MB [0s] 
Writing at 0x0020e417 ╸                                2.1% 32.00kB/1.46MB [0s] 
Writing at 0x00214947 ╸                                3.2% 48.00kB/1.46MB [1s] 
Writing at 0x0021a9c1 ━                                4.3% 64.00kB/1.46MB [1s] 
Writing at 0x00222fc8 ━╸                               5.3% 80.00kB/1.46MB [1s] 
Writing at 0x00228a51 ━╸                               6.4% 96.00kB/1.46MB [2s] 
Writing at 0x0022e8b4 ━━                               7.5% 112.00kB/1.46MB [2s] 
Writing at 0x00233f66 ━━╸                              8.6% 128.00kB/1.46MB [2s] 
Writing at 0x0023c0a9 ━━╸                              9.6% 144.00kB/1.46MB [3s] 
Writing at 0x00242869 ━━━                             10.7% 160.00kB/1.46MB [3s] 
Writing at 0x0024850a ━━━╸                            11.8% 176.00kB/1.46MB [4s] 
Writing at 0x0024e138 ━━━╸                            12.8% 192.00kB/1.46MB [4s] 
Writing at 0x00253c92 ━━━━                            13.9% 208.00kB/1.46MB [4s] 
Writing at 0x0025b6ad ━━━━                            15.0% 224.00kB/1.46MB [5s] 
Writing at 0x0026232c ━━━━╸                           16.0% 240.00kB/1.46MB [5s] 
Writing at 0x00269ede ━━━━━                           17.1% 256.00kB/1.46MB [5s] 
Writing at 0x002711c8 ━━━━━                           18.2% 272.00kB/1.46MB [6s] 
Writing at 0x002786c3 ━━━━━╸                          19.3% 288.00kB/1.46MB [6s] 
Writing at 0x00285c19 ━━━━━━                          20.3% 304.00kB/1.46MB [7s] 
Writing at 0x0028df94 ━━━━━━                          21.4% 320.00kB/1.46MB [7s] 
Writing at 0x002939d8 ━━━━━━╸                         22.5% 336.00kB/1.46MB [7s] 
Writing at 0x0029b704 ━━━━━━━                         23.5% 352.00kB/1.46MB [8s] 
Writing at 0x002a3302 ━━━━━━━                         24.6% 368.00kB/1.46MB [8s] 
Writing at 0x002a9b5b ━━━━━━━╸                        25.7% 384.00kB/1.46MB [8s] 
Writing at 0x002afc2c ━━━━━━━━                        26.7% 400.00kB/1.46MB [9s] 
Writing at 0x002b5ca5 ━━━━━━━━                        27.8% 416.00kB/1.46MB [9s] 
Writing at 0x002bba79 ━━━━━━━━╸                       28.9% 432.00kB/1.46MB [10s] 
Writing at 0x002c129f ━━━━━━━━╸                       30.0% 448.00kB/1.46MB [10s] 
Writing at 0x002c8bb0 ━━━━━━━━━                       31.0% 464.00kB/1.46MB [10s] 
Writing at 0x002d12a0 ━━━━━━━━━╸                      32.1% 480.00kB/1.46MB [11s] 
Writing at 0x002d6e68 ━━━━━━━━━╸                      33.2% 496.00kB/1.46MB [11s] 
Writing at 0x002df2f2 ━━━━━━━━━━                      34.2% 512.00kB/1.46MB [11s] 
Writing at 0x002e5fc4 ━━━━━━━━━━╸                     35.3% 528.00kB/1.46MB [12s] 
Writing at 0x002ebcab ━━━━━━━━━━╸                     36.4% 544.00kB/1.46MB [12s] 
Writing at 0x002f3070 ━━━━━━━━━━━                     37.4% 560.00kB/1.46MB [13s] 
Writing at 0x002fac50 ━━━━━━━━━━━╸                    38.5% 576.00kB/1.46MB [13s] 
Writing at 0x00302cf5 ━━━━━━━━━━━╸                    39.6% 592.00kB/1.46MB [13s] 
Writing at 0x00309159 ━━━━━━━━━━━━                    40.6% 608.00kB/1.46MB [14s] 
Writing at 0x0030f894 ━━━━━━━━━━━━╸                   41.7% 624.00kB/1.46MB [14s] 
Writing at 0x00315a50 ━━━━━━━━━━━━╸                   42.8% 640.00kB/1.46MB [14s] 
Writing at 0x0031bc4a ━━━━━━━━━━━━━                   43.9% 656.00kB/1.46MB [15s] 
Writing at 0x003213a8 ━━━━━━━━━━━━━                   44.9% 672.00kB/1.46MB [15s] 
Writing at 0x0032c498 ━━━━━━━━━━━━━╸                  46.0% 688.00kB/1.46MB [15s] 
Writing at 0x00331e97 ━━━━━━━━━━━━━━                  47.1% 704.00kB/1.46MB [16s] 
Writing at 0x00339bc4 ━━━━━━━━━━━━━━                  48.1% 720.00kB/1.46MB [16s] 
Writing at 0x0033f89d ━━━━━━━━━━━━━━╸                 49.2% 736.00kB/1.46MB [17s] 
Writing at 0x0034735c ━━━━━━━━━━━━━━━                 50.3% 752.00kB/1.46MB [17s] 
Writing at 0x0034dc38 ━━━━━━━━━━━━━━━                 51.3% 768.00kB/1.46MB [17s] 
Writing at 0x00354092 ━━━━━━━━━━━━━━━╸                52.4% 784.00kB/1.46MB [18s] 
Writing at 0x003597ef ━━━━━━━━━━━━━━━━                53.5% 800.00kB/1.46MB [18s] 
Writing at 0x003620dc ━━━━━━━━━━━━━━━━                54.6% 816.00kB/1.46MB [18s] 
Writing at 0x00368b4c ━━━━━━━━━━━━━━━━╸               55.6% 832.00kB/1.46MB [19s] 
Writing at 0x0036e998 ━━━━━━━━━━━━━━━━━               56.7% 848.00kB/1.46MB [19s] 
Writing at 0x003748e6 ━━━━━━━━━━━━━━━━━               57.8% 864.00kB/1.46MB [19s] 
Writing at 0x00379f74 ━━━━━━━━━━━━━━━━━╸              58.8% 880.00kB/1.46MB [20s] 
Writing at 0x00381792 ━━━━━━━━━━━━━━━━━╸              59.9% 896.00kB/1.46MB [20s] 
Writing at 0x00388a44 ━━━━━━━━━━━━━━━━━━              61.0% 912.00kB/1.46MB [21s] 
Writing at 0x0038e6d5 ━━━━━━━━━━━━━━━━━━╸             62.0% 928.00kB/1.46MB [21s] 
Writing at 0x0039645c ━━━━━━━━━━━━━━━━━━╸             63.1% 944.00kB/1.46MB [21s] 
Writing at 0x0039c03c ━━━━━━━━━━━━━━━━━━━             64.2% 960.00kB/1.46MB [22s] 
Writing at 0x003a3dd7 ━━━━━━━━━━━━━━━━━━━╸            65.3% 976.00kB/1.46MB [22s] 
Writing at 0x003aa92c ━━━━━━━━━━━━━━━━━━━╸            66.3% 992.00kB/1.46MB [22s] 
Writing at 0x003b093d ━━━━━━━━━━━━━━━━━━━━            67.4% 1008.00kB/1.46MB [23s] 
Writing at 0x003b60f0 ━━━━━━━━━━━━━━━━━━━━╸           68.5% 1.00MB/1.46MB [23s] 
Writing at 0x003bc2b1 ━━━━━━━━━━━━━━━━━━━━╸           69.5% 1.02MB/1.46MB [23s] 
Writing at 0x003c43cc ━━━━━━━━━━━━━━━━━━━━━           70.6% 1.03MB/1.46MB [24s] 
Writing at 0x003cbdc1 ━━━━━━━━━━━━━━━━━━━━━╸          71.7% 1.05MB/1.46MB [24s] 
Writing at 0x003d3da6 ━━━━━━━━━━━━━━━━━━━━━╸          72.7% 1.06MB/1.46MB [25s] 
Writing at 0x003da895 ━━━━━━━━━━━━━━━━━━━━━━          73.8% 1.08MB/1.46MB [25s] 
Writing at 0x003e01de ━━━━━━━━━━━━━━━━━━━━━━          74.9% 1.09MB/1.46MB [25s] 
Writing at 0x003e6272 ━━━━━━━━━━━━━━━━━━━━━━╸         76.0% 1.11MB/1.46MB [26s] 
Writing at 0x003eba8e ━━━━━━━━━━━━━━━━━━━━━━━         77.0% 1.12MB/1.46MB [26s] 
Writing at 0x003f3aa9 ━━━━━━━━━━━━━━━━━━━━━━━         78.1% 1.14MB/1.46MB [26s] 
Writing at 0x003fa6ec ━━━━━━━━━━━━━━━━━━━━━━━╸        79.2% 1.16MB/1.46MB [27s] 
Writing at 0x00400755 ━━━━━━━━━━━━━━━━━━━━━━━━        80.2% 1.17MB/1.46MB [27s] 
Writing at 0x004069a4 ━━━━━━━━━━━━━━━━━━━━━━━━        81.3% 1.19MB/1.46MB [28s] 
Writing at 0x0040cae0 ━━━━━━━━━━━━━━━━━━━━━━━━╸       82.4% 1.20MB/1.46MB [28s] 
Writing at 0x0041299e ━━━━━━━━━━━━━━━━━━━━━━━━━       83.4% 1.22MB/1.46MB [28s] 
Writing at 0x0041811a ━━━━━━━━━━━━━━━━━━━━━━━━━       84.5% 1.23MB/1.46MB [29s] 
Writing at 0x00420395 ━━━━━━━━━━━━━━━━━━━━━━━━━╸      85.6% 1.25MB/1.46MB [29s] 
Writing at 0x00428a08 ━━━━━━━━━━━━━━━━━━━━━━━━━╸      86.6% 1.27MB/1.46MB [29s] 
Writing at 0x0042e9b7 ━━━━━━━━━━━━━━━━━━━━━━━━━━      87.7% 1.28MB/1.46MB [30s] 
Writing at 0x00434575 ━━━━━━━━━━━━━━━━━━━━━━━━━━╸     88.8% 1.30MB/1.46MB [30s] 
Writing at 0x00439ca2 ━━━━━━━━━━━━━━━━━━━━━━━━━━╸     89.9% 1.31MB/1.46MB [31s] 
Writing at 0x004423ba ━━━━━━━━━━━━━━━━━━━━━━━━━━━     90.9% 1.33MB/1.46MB [31s] 
Writing at 0x004487e7 ━━━━━━━━━━━━━━━━━━━━━━━━━━━╸    92.0% 1.34MB/1.46MB [31s] 
Writing at 0x0044e557 ━━━━━━━━━━━━━━━━━━━━━━━━━━━╸    93.1% 1.36MB/1.46MB [32s] 
Writing at 0x004544a6 ━━━━━━━━━━━━━━━━━━━━━━━━━━━━    94.1% 1.38MB/1.46MB [32s] 
Writing at 0x0045a807 ━━━━━━━━━━━━━━━━━━━━━━━━━━━━╸   95.2% 1.39MB/1.46MB [32s] 
Writing at 0x00462492 ━━━━━━━━━━━━━━━━━━━━━━━━━━━━╸   96.3% 1.41MB/1.46MB [33s] 
Writing at 0x0046a5aa ━━━━━━━━━━━━━━━━━━━━━━━━━━━━━   97.3% 1.42MB/1.46MB [33s] 
Writing at 0x00470c36 ━━━━━━━━━━━━━━━━━━━━━━━━━━━━━╸  98.4% 1.44MB/1.46MB [34s] 
Writing at 0x0047657a ━━━━━━━━━━━━━━━━━━━━━━━━━━━━━╸  99.5% 1.45MB/1.46MB [34s] 
Writing at 0x0047ac00 ━━━━━━━━━━━━━━━━━━━━━━━━━━━━━━ 100.0% 1.46MB/1.46MB [34s] 
Wrote 2599936 bytes (1531610 compressed) at 0x00200000 in 34.7 seconds (599.0 kbit/s).
Verifying written data...
Hash of data verified.

Hard resetting via RTS pin...
