+ receipt=/home/regex/work/esp32s31-openvela/backups/2026-09-10-scan-stress/logs/build162.sha256
+ flash_mode=kernel
+ case "$flash_mode" in
+ firmware_dir=/home/regex/work/esp32s31-openvela/openvela-dev/out/esp32s31-cmake-production6
+ sha256sum /home/regex/work/esp32s31-openvela/openvela-dev/out/esp32s31-cmake-production6/nuttx.bin /home/regex/work/esp32s31-openvela/openvela-dev/out/esp32s31-cmake-production6/appfs.img
+ cmp -s - /home/regex/work/esp32s31-openvela/backups/2026-09-10-scan-stress/logs/build162.sha256
+ flash_args=(0x2000 "$firmware_dir/nuttx.bin")
+ '[' kernel = appfs ']'
+ /home/regex/.espressif/python_env/idf6.1_py3.10_env/bin/esptool --chip esp32s31 --port /dev/ttyUSB0 --baud 460800 write-flash --flash-size 16MB --flash-mode dio --flash-freq 80m 0x2000 /home/regex/work/esp32s31-openvela/openvela-dev/out/esp32s31-cmake-production6/nuttx.bin
esptool v5.4.0
Serial port /dev/ttyUSB0:
Connecting....
Connected to ESP32-S31 on /dev/ttyUSB0:
Chip type:          ESP32-S31 (revision v0.0)
Features:           Wi-Fi 6, BT 5.4 (LE), IEEE802.15.4, Dual Core + LP Core, 300MHz
Crystal frequency:  40MHz
MAC:                30:ed:a0:f3:f7:b0

Uploading stub flasher...
Running stub flasher...
Stub flasher running.
Changing baud rate to 460800...
Changed.

Configuring flash size...
SHA digest in image updated.
Flash will be erased from 0x00002000 to 0x000f2fff...
Compressed 985172 bytes to 542902...
Writing at 0x00007e0b ╸                                3.0% 16.00kB/530.18kB [0s] 
Writing at 0x0000e034 ━╸                               6.0% 32.00kB/530.18kB [0s] 
Writing at 0x00023102 ━━╸                              9.1% 48.00kB/530.18kB [1s] 
Writing at 0x0002b0ca ━━━╸                            12.1% 64.00kB/530.18kB [1s] 
Writing at 0x00034ffd ━━━━╸                           15.1% 80.00kB/530.18kB [1s] 
Writing at 0x00043e9b ━━━━━                           18.1% 96.00kB/530.18kB [2s] 
Writing at 0x0004a50c ━━━━━━                          21.1% 112.00kB/530.18kB [2s] 
Writing at 0x00050d47 ━━━━━━━                         24.1% 128.00kB/530.18kB [3s] 
Writing at 0x00058fdf ━━━━━━━━                        27.2% 144.00kB/530.18kB [3s] 
Writing at 0x00061385 ━━━━━━━━━                       30.2% 160.00kB/530.18kB [3s] 
Writing at 0x00068ae0 ━━━━━━━━━╸                      33.2% 176.00kB/530.18kB [4s] 
Writing at 0x0006fd02 ━━━━━━━━━━╸                     36.2% 192.00kB/530.18kB [4s] 
Writing at 0x00075f7f ━━━━━━━━━━━╸                    39.2% 208.00kB/530.18kB [4s] 
Writing at 0x0007c062 ━━━━━━━━━━━━╸                   42.2% 224.00kB/530.18kB [5s] 
Writing at 0x00081750 ━━━━━━━━━━━━━╸                  45.3% 240.00kB/530.18kB [5s] 
Writing at 0x000870a8 ━━━━━━━━━━━━━━                  48.3% 256.00kB/530.18kB [5s] 
Writing at 0x0008cb3c ━━━━━━━━━━━━━━━                 51.3% 272.00kB/530.18kB [6s] 
Writing at 0x00092753 ━━━━━━━━━━━━━━━━                54.3% 288.00kB/530.18kB [6s] 
Writing at 0x000994e7 ━━━━━━━━━━━━━━━━━               57.3% 304.00kB/530.18kB [6s] 
Writing at 0x000a19f1 ━━━━━━━━━━━━━━━━━━              60.4% 320.00kB/530.18kB [7s] 
Writing at 0x000a7d28 ━━━━━━━━━━━━━━━━━━━             63.4% 336.00kB/530.18kB [7s] 
Writing at 0x000ae168 ━━━━━━━━━━━━━━━━━━━╸            66.4% 352.00kB/530.18kB [8s] 
Writing at 0x000b4dcc ━━━━━━━━━━━━━━━━━━━━╸           69.4% 368.00kB/530.18kB [8s] 
Writing at 0x000baf89 ━━━━━━━━━━━━━━━━━━━━━╸          72.4% 384.00kB/530.18kB [8s] 
Writing at 0x000c0bd6 ━━━━━━━━━━━━━━━━━━━━━━╸         75.4% 400.00kB/530.18kB [9s] 
Writing at 0x000c6991 ━━━━━━━━━━━━━━━━━━━━━━━╸        78.5% 416.00kB/530.18kB [9s] 
Writing at 0x000ccf6a ━━━━━━━━━━━━━━━━━━━━━━━━        81.5% 432.00kB/530.18kB [9s] 
Writing at 0x000d37d9 ━━━━━━━━━━━━━━━━━━━━━━━━━       84.5% 448.00kB/530.18kB [10s] 
Writing at 0x000d974e ━━━━━━━━━━━━━━━━━━━━━━━━━━      87.5% 464.00kB/530.18kB [10s] 
Writing at 0x000df851 ━━━━━━━━━━━━━━━━━━━━━━━━━━━     90.5% 480.00kB/530.18kB [11s] 
Writing at 0x000e5933 ━━━━━━━━━━━━━━━━━━━━━━━━━━━━    93.6% 496.00kB/530.18kB [11s] 
Writing at 0x000eb435 ━━━━━━━━━━━━━━━━━━━━━━━━━━━━╸   96.6% 512.00kB/530.18kB [11s] 
Writing at 0x000f1ae4 ━━━━━━━━━━━━━━━━━━━━━━━━━━━━━╸  99.6% 528.00kB/530.18kB [12s] 
Writing at 0x000f2854 ━━━━━━━━━━━━━━━━━━━━━━━━━━━━━━ 100.0% 530.18kB/530.18kB [12s] 
Wrote 985172 bytes (542902 compressed) at 0x00002000 in 12.3 seconds (641.0 kbit/s).
Verifying written data...
Hash of data verified.

Hard resetting via RTS pin...
