before-a.bin: OK
before-b.bin: OK
WIFI_ARTIFACT_CONFIG=PASS booleans=1756 protocol=7
+ /home/regex/.espressif/python_env/idf6.1_py3.10_env/bin/esptool --chip esp32s31 --port /dev/serial/by-id/usb-Silicon_Labs_CP2102N_USB_to_UART_Bridge_Controller_f65e4ef67f71f011975a049f1045c30f-if00-port0 --baud 460800 write-flash --flash-size 16MB --flash-mode dio --flash-freq 80m 0x2000 /home/regex/work/esp32s31-openvela/openvela-dev/out/esp32s31-cmake-demo/nuttx.bin 0x200000 /home/regex/work/esp32s31-openvela/openvela-dev/out/esp32s31-cmake-demo/appfs.img
esptool v5.4.0
Serial port /dev/serial/by-id/usb-Silicon_Labs_CP2102N_USB_to_UART_Bridge_Controller_f65e4ef67f71f011975a049f1045c30f-if00-port0:
Connecting....
Connected to ESP32-S31 on /dev/serial/by-id/usb-Silicon_Labs_CP2102N_USB_to_UART_Bridge_Controller_f65e4ef67f71f011975a049f1045c30f-if00-port0:
Chip type:          ESP32-S31 (revision v0.0)
Features:           Wi-Fi 6, BT 5.4 (LE), IEEE802.15.4, Dual Core + LP Core, 300MHz
Crystal frequency:  40MHz
MAC:                30:ed:a0:f3:f7:b0

Uploading stub flasher...
Running stub flasher...
Stub flasher running.
Changing baud rate to 460800...
Changed.

Configuring flash size...

Writing '/home/regex/work/esp32s31-openvela/openvela-dev/out/esp32s31-cmake-demo/nuttx.bin' at 0x00002000...
SHA digest in image updated.
Flash will be erased from 0x00002000 to 0x00102fff...
Compressed 1051528 bytes to 586710...
Writing at 0x00007d34 ╸                                2.8% 16.00kB/572.96kB [0s] 
Writing at 0x0000debc ━╸                               5.6% 32.00kB/572.96kB [0s] 
Writing at 0x00015c5a ━━╸                              8.4% 48.00kB/572.96kB [1s] 
Writing at 0x0002a845 ━━━                             11.2% 64.00kB/572.96kB [1s] 
Writing at 0x000317f3 ━━━━                            14.0% 80.00kB/572.96kB [2s] 
Writing at 0x00041ed7 ━━━━━                           16.8% 96.00kB/572.96kB [2s] 
Writing at 0x00047dee ━━━━━╸                          19.5% 112.00kB/572.96kB [3s] 
Writing at 0x0004e330 ━━━━━━╸                         22.3% 128.00kB/572.96kB [3s] 
Writing at 0x00055217 ━━━━━━━╸                        25.1% 144.00kB/572.96kB [3s] 
Writing at 0x0005df12 ━━━━━━━━                        27.9% 160.00kB/572.96kB [4s] 
Writing at 0x000656b1 ━━━━━━━━━                       30.7% 176.00kB/572.96kB [4s] 
Writing at 0x0006ce81 ━━━━━━━━━━                      33.5% 192.00kB/572.96kB [5s] 
Writing at 0x00073fc4 ━━━━━━━━━━╸                     36.3% 208.00kB/572.96kB [5s] 
Writing at 0x0007a54b ━━━━━━━━━━━╸                    39.1% 224.00kB/572.96kB [5s] 
Writing at 0x000804d2 ━━━━━━━━━━━━╸                   41.9% 240.00kB/572.96kB [6s] 
Writing at 0x000861f5 ━━━━━━━━━━━━━                   44.7% 256.00kB/572.96kB [6s] 
Writing at 0x0008b7e8 ━━━━━━━━━━━━━━                  47.5% 272.00kB/572.96kB [7s] 
Writing at 0x00091253 ━━━━━━━━━━━━━━━                 50.3% 288.00kB/572.96kB [7s] 
Writing at 0x00096d73 ━━━━━━━━━━━━━━━╸                53.1% 304.00kB/572.96kB [7s] 
Writing at 0x0009d2d1 ━━━━━━━━━━━━━━━━╸               55.9% 320.00kB/572.96kB [8s] 
Writing at 0x000a4ebd ━━━━━━━━━━━━━━━━━╸              58.6% 336.00kB/572.96kB [8s] 
Writing at 0x000ad05e ━━━━━━━━━━━━━━━━━━              61.4% 352.00kB/572.96kB [9s] 
Writing at 0x000b477b ━━━━━━━━━━━━━━━━━━━             64.2% 368.00kB/572.96kB [9s] 
Writing at 0x000b9d1f ━━━━━━━━━━━━━━━━━━━━            67.0% 384.00kB/572.96kB [9s] 
Writing at 0x000c04ed ━━━━━━━━━━━━━━━━━━━━╸           69.8% 400.00kB/572.96kB [10s] 
Writing at 0x000c71d3 ━━━━━━━━━━━━━━━━━━━━━╸          72.6% 416.00kB/572.96kB [10s] 
Writing at 0x000cd19e ━━━━━━━━━━━━━━━━━━━━━━╸         75.4% 432.00kB/572.96kB [11s] 
Writing at 0x000d2e8e ━━━━━━━━━━━━━━━━━━━━━━━         78.2% 448.00kB/572.96kB [11s] 
Writing at 0x000d8ecc ━━━━━━━━━━━━━━━━━━━━━━━━        81.0% 464.00kB/572.96kB [11s] 
Writing at 0x000df4fc ━━━━━━━━━━━━━━━━━━━━━━━━━       83.8% 480.00kB/572.96kB [12s] 
Writing at 0x000e5a4e ━━━━━━━━━━━━━━━━━━━━━━━━━╸      86.6% 496.00kB/572.96kB [12s] 
Writing at 0x000eb995 ━━━━━━━━━━━━━━━━━━━━━━━━━━╸     89.4% 512.00kB/572.96kB [13s] 
Writing at 0x000f1a18 ━━━━━━━━━━━━━━━━━━━━━━━━━━━╸    92.2% 528.00kB/572.96kB [13s] 
Writing at 0x000f7ae8 ━━━━━━━━━━━━━━━━━━━━━━━━━━━━    94.9% 544.00kB/572.96kB [13s] 
Writing at 0x000fda5f ━━━━━━━━━━━━━━━━━━━━━━━━━━━━━   97.7% 560.00kB/572.96kB [14s] 
Writing at 0x00102b88 ━━━━━━━━━━━━━━━━━━━━━━━━━━━━━━ 100.0% 572.96kB/572.96kB [14s] 
Wrote 1051528 bytes (586710 compressed) at 0x00002000 in 14.8 seconds (567.7 kbit/s).
Verifying written data...
Hash of data verified.

Writing '/home/regex/work/esp32s31-openvela/openvela-dev/out/esp32s31-cmake-demo/appfs.img' at 0x00200000...
Flash will be erased from 0x00200000 to 0x003abfff...
Compressed 1751040 bytes to 1005015...
Writing at 0x002073f7                                  1.6% 16.00kB/981.46kB [0s] 
Writing at 0x0020c88f ╸                                3.3% 32.00kB/981.46kB [0s] 
Writing at 0x002146f9 ━                                4.9% 48.00kB/981.46kB [1s] 
Writing at 0x0021bdfb ━╸                               6.5% 64.00kB/981.46kB [1s] 
Writing at 0x00223af2 ━━                               8.2% 80.00kB/981.46kB [2s] 
Writing at 0x0022981b ━━╸                              9.8% 96.00kB/981.46kB [2s] 
Writing at 0x00231a04 ━━━                             11.4% 112.00kB/981.46kB [2s] 
Writing at 0x00237e1b ━━━╸                            13.0% 128.00kB/981.46kB [3s] 
Writing at 0x002417fb ━━━━                            14.7% 144.00kB/981.46kB [3s] 
Writing at 0x00249568 ━━━━╸                           16.3% 160.00kB/981.46kB [4s] 
Writing at 0x0024f0ed ━━━━━                           17.9% 176.00kB/981.46kB [4s] 
Writing at 0x00255e58 ━━━━━╸                          19.6% 192.00kB/981.46kB [4s] 
Writing at 0x0025c7eb ━━━━━━                          21.2% 208.00kB/981.46kB [5s] 
Writing at 0x00268adb ━━━━━━╸                         22.8% 224.00kB/981.46kB [5s] 
Writing at 0x0026e3ea ━━━━━━━                         24.5% 240.00kB/981.46kB [6s] 
Writing at 0x002755ce ━━━━━━━╸                        26.1% 256.00kB/981.46kB [6s] 
Writing at 0x0027bfcf ━━━━━━━━                        27.7% 272.00kB/981.46kB [6s] 
Writing at 0x0028214d ━━━━━━━━╸                       29.3% 288.00kB/981.46kB [7s] 
Writing at 0x00287e8a ━━━━━━━━━                       31.0% 304.00kB/981.46kB [7s] 
Writing at 0x0028d747 ━━━━━━━━━╸                      32.6% 320.00kB/981.46kB [8s] 
Writing at 0x00296a39 ━━━━━━━━━━                      34.2% 336.00kB/981.46kB [8s] 
Writing at 0x0029cdee ━━━━━━━━━━╸                     35.9% 352.00kB/981.46kB [9s] 
Writing at 0x002a3609 ━━━━━━━━━━━                     37.5% 368.00kB/981.46kB [9s] 
Writing at 0x002ab101 ━━━━━━━━━━━╸                    39.1% 384.00kB/981.46kB [9s] 
Writing at 0x002b202d ━━━━━━━━━━━━                    40.8% 400.00kB/981.46kB [10s] 
Writing at 0x002b8f21 ━━━━━━━━━━━━╸                   42.4% 416.00kB/981.46kB [10s] 
Writing at 0x002c0a9e ━━━━━━━━━━━━━                   44.0% 432.00kB/981.46kB [11s] 
Writing at 0x002c8488 ━━━━━━━━━━━━━╸                  45.6% 448.00kB/981.46kB [11s] 
Writing at 0x002cf00e ━━━━━━━━━━━━━━                  47.3% 464.00kB/981.46kB [11s] 
Writing at 0x002d581d ━━━━━━━━━━━━━━╸                 48.9% 480.00kB/981.46kB [12s] 
Writing at 0x002dbe18 ━━━━━━━━━━━━━━━                 50.5% 496.00kB/981.46kB [12s] 
Writing at 0x002e143e ━━━━━━━━━━━━━━━╸                52.2% 512.00kB/981.46kB [13s] 
Writing at 0x002ea4a4 ━━━━━━━━━━━━━━━━                53.8% 528.00kB/981.46kB [13s] 
Writing at 0x002f1df1 ━━━━━━━━━━━━━━━━╸               55.4% 544.00kB/981.46kB [13s] 
Writing at 0x002f9081 ━━━━━━━━━━━━━━━━━               57.1% 560.00kB/981.46kB [14s] 
Writing at 0x002ff0bc ━━━━━━━━━━━━━━━━━╸              58.7% 576.00kB/981.46kB [14s] 
Writing at 0x00306ac7 ━━━━━━━━━━━━━━━━━━              60.3% 592.00kB/981.46kB [15s] 
Writing at 0x0030d666 ━━━━━━━━━━━━━━━━━━╸             61.9% 608.00kB/981.46kB [15s] 
Writing at 0x003130d0 ━━━━━━━━━━━━━━━━━━━             63.6% 624.00kB/981.46kB [15s] 
Writing at 0x00319860 ━━━━━━━━━━━━━━━━━━━╸            65.2% 640.00kB/981.46kB [16s] 
Writing at 0x00321185 ━━━━━━━━━━━━━━━━━━━━            66.8% 656.00kB/981.46kB [16s] 
Writing at 0x00328eda ━━━━━━━━━━━━━━━━━━━━╸           68.5% 672.00kB/981.46kB [17s] 
Writing at 0x003315bc ━━━━━━━━━━━━━━━━━━━━━           70.1% 688.00kB/981.46kB [17s] 
Writing at 0x00336e38 ━━━━━━━━━━━━━━━━━━━━━╸          71.7% 704.00kB/981.46kB [17s] 
Writing at 0x0033e856 ━━━━━━━━━━━━━━━━━━━━━━          73.4% 720.00kB/981.46kB [18s] 
Writing at 0x00344bcb ━━━━━━━━━━━━━━━━━━━━━━          75.0% 736.00kB/981.46kB [18s] 
Writing at 0x0034c8eb ━━━━━━━━━━━━━━━━━━━━━━╸         76.6% 752.00kB/981.46kB [19s] 
Writing at 0x0035262e ━━━━━━━━━━━━━━━━━━━━━━━         78.3% 768.00kB/981.46kB [19s] 
Writing at 0x003586f0 ━━━━━━━━━━━━━━━━━━━━━━━╸        79.9% 784.00kB/981.46kB [19s] 
Writing at 0x0035e72b ━━━━━━━━━━━━━━━━━━━━━━━━        81.5% 800.00kB/981.46kB [20s] 
Writing at 0x00364267 ━━━━━━━━━━━━━━━━━━━━━━━━╸       83.1% 816.00kB/981.46kB [20s] 
Writing at 0x0036ba84 ━━━━━━━━━━━━━━━━━━━━━━━━━       84.8% 832.00kB/981.46kB [21s] 
Writing at 0x00373ace ━━━━━━━━━━━━━━━━━━━━━━━━━╸      86.4% 848.00kB/981.46kB [21s] 
Writing at 0x0037a73e ━━━━━━━━━━━━━━━━━━━━━━━━━━      88.0% 864.00kB/981.46kB [21s] 
Writing at 0x003800e7 ━━━━━━━━━━━━━━━━━━━━━━━━━━╸     89.7% 880.00kB/981.46kB [22s] 
Writing at 0x0038682d ━━━━━━━━━━━━━━━━━━━━━━━━━━━     91.3% 896.00kB/981.46kB [22s] 
Writing at 0x0038da51 ━━━━━━━━━━━━━━━━━━━━━━━━━━━╸    92.9% 912.00kB/981.46kB [23s] 
Writing at 0x00394190 ━━━━━━━━━━━━━━━━━━━━━━━━━━━━    94.6% 928.00kB/981.46kB [23s] 
Writing at 0x0039a002 ━━━━━━━━━━━━━━━━━━━━━━━━━━━━╸   96.2% 944.00kB/981.46kB [23s] 
Writing at 0x003a07b8 ━━━━━━━━━━━━━━━━━━━━━━━━━━━━━   97.8% 960.00kB/981.46kB [24s] 
Writing at 0x003a8055 ━━━━━━━━━━━━━━━━━━━━━━━━━━━━━╸  99.4% 976.00kB/981.46kB [24s] 
Writing at 0x003ab800 ━━━━━━━━━━━━━━━━━━━━━━━━━━━━━━ 100.0% 981.46kB/981.46kB [24s] 
Wrote 1751040 bytes (1005015 compressed) at 0x00200000 in 22.2 seconds (631.6 kbit/s).
Verifying written data...
Hash of data verified.

Hard resetting via RTS pin...
