+ receipt=/home/regex/work/esp32s31-openvela/backups/2026-09-10-scan-stress/logs/build164.sha256
+ flash_mode=kernel
+ case "$flash_mode" in
+ firmware_dir=/home/regex/work/esp32s31-openvela/openvela-dev/out/esp32s31-cmake-production6
+ sha256sum /home/regex/work/esp32s31-openvela/openvela-dev/out/esp32s31-cmake-production6/nuttx.bin /home/regex/work/esp32s31-openvela/openvela-dev/out/esp32s31-cmake-production6/appfs.img
+ cmp -s - /home/regex/work/esp32s31-openvela/backups/2026-09-10-scan-stress/logs/build164.sha256
+ flash_args=(0x2000 "$firmware_dir/nuttx.bin")
+ '[' kernel = appfs ']'
+ /home/regex/.espressif/python_env/idf6.1_py3.10_env/bin/esptool --chip esp32s31 --port /dev/ttyUSB0 --baud 460800 write-flash --flash-size 16MB --flash-mode dio --flash-freq 80m 0x2000 /home/regex/work/esp32s31-openvela/openvela-dev/out/esp32s31-cmake-production6/nuttx.bin
esptool v5.4.0
Serial port /dev/ttyUSB0:
Connecting....
Connected to ESP32-S31 on /dev/ttyUSB0:
Chip type:          ESP32-S31 (revision v0.0)
Features:           Wi-Fi 6, BT 5.4 (LE), IEEE802.15.4, Dual Core + LP Core, 300MHz
Crystal frequency:  40MHz
MAC:                30:ed:a0:f3:f7:b0

Uploading stub flasher...
Running stub flasher...
Stub flasher running.
Changing baud rate to 460800...
Changed.

Configuring flash size...
SHA digest in image updated.
Flash will be erased from 0x00002000 to 0x000f2fff...
Compressed 985192 bytes to 542940...
Writing at 0x00007e08 ╸                                3.0% 16.00kB/530.21kB [0s] 
Writing at 0x0000e021 ━╸                               6.0% 32.00kB/530.21kB [0s] 
Writing at 0x00022ff7 ━━╸                              9.1% 48.00kB/530.21kB [1s] 
Writing at 0x0002b098 ━━━╸                            12.1% 64.00kB/530.21kB [1s] 
Writing at 0x00034fb2 ━━━━╸                           15.1% 80.00kB/530.21kB [1s] 
Writing at 0x00043e5e ━━━━━                           18.1% 96.00kB/530.21kB [2s] 
Writing at 0x0004a4ce ━━━━━━                          21.1% 112.00kB/530.21kB [2s] 
Writing at 0x00050d03 ━━━━━━━                         24.1% 128.00kB/530.21kB [3s] 
Writing at 0x00058f5e ━━━━━━━━                        27.2% 144.00kB/530.21kB [3s] 
Writing at 0x00061346 ━━━━━━━━━                       30.2% 160.00kB/530.21kB [3s] 
Writing at 0x00068a9b ━━━━━━━━━╸                      33.2% 176.00kB/530.21kB [4s] 
Writing at 0x0006fcb2 ━━━━━━━━━━╸                     36.2% 192.00kB/530.21kB [4s] 
Writing at 0x00075f3c ━━━━━━━━━━━╸                    39.2% 208.00kB/530.21kB [4s] 
Writing at 0x0007c026 ━━━━━━━━━━━━╸                   42.2% 224.00kB/530.21kB [5s] 
Writing at 0x00081720 ━━━━━━━━━━━━━╸                  45.3% 240.00kB/530.21kB [5s] 
Writing at 0x0008707b ━━━━━━━━━━━━━━                  48.3% 256.00kB/530.21kB [5s] 
Writing at 0x0008cb0b ━━━━━━━━━━━━━━━                 51.3% 272.00kB/530.21kB [6s] 
Writing at 0x00092725 ━━━━━━━━━━━━━━━━                54.3% 288.00kB/530.21kB [6s] 
Writing at 0x000994a2 ━━━━━━━━━━━━━━━━━               57.3% 304.00kB/530.21kB [6s] 
Writing at 0x000a19c5 ━━━━━━━━━━━━━━━━━━              60.4% 320.00kB/530.21kB [7s] 
Writing at 0x000a7cf0 ━━━━━━━━━━━━━━━━━━━             63.4% 336.00kB/530.21kB [7s] 
Writing at 0x000ae127 ━━━━━━━━━━━━━━━━━━━╸            66.4% 352.00kB/530.21kB [7s] 
Writing at 0x000b4d9f ━━━━━━━━━━━━━━━━━━━━╸           69.4% 368.00kB/530.21kB [8s] 
Writing at 0x000baf63 ━━━━━━━━━━━━━━━━━━━━━╸          72.4% 384.00kB/530.21kB [8s] 
Writing at 0x000c0ba2 ━━━━━━━━━━━━━━━━━━━━━━╸         75.4% 400.00kB/530.21kB [9s] 
Writing at 0x000c6930 ━━━━━━━━━━━━━━━━━━━━━━━╸        78.5% 416.00kB/530.21kB [9s] 
Writing at 0x000ccf42 ━━━━━━━━━━━━━━━━━━━━━━━━        81.5% 432.00kB/530.21kB [9s] 
Writing at 0x000d37b0 ━━━━━━━━━━━━━━━━━━━━━━━━━       84.5% 448.00kB/530.21kB [10s] 
Writing at 0x000d96e5 ━━━━━━━━━━━━━━━━━━━━━━━━━━      87.5% 464.00kB/530.21kB [10s] 
Writing at 0x000df835 ━━━━━━━━━━━━━━━━━━━━━━━━━━━     90.5% 480.00kB/530.21kB [10s] 
Writing at 0x000e590c ━━━━━━━━━━━━━━━━━━━━━━━━━━━━    93.5% 496.00kB/530.21kB [11s] 
Writing at 0x000eb410 ━━━━━━━━━━━━━━━━━━━━━━━━━━━━╸   96.6% 512.00kB/530.21kB [11s] 
Writing at 0x000f1acd ━━━━━━━━━━━━━━━━━━━━━━━━━━━━━╸  99.6% 528.00kB/530.21kB [11s] 
Writing at 0x000f2868 ━━━━━━━━━━━━━━━━━━━━━━━━━━━━━━ 100.0% 530.21kB/530.21kB [11s] 
Wrote 985192 bytes (542940 compressed) at 0x00002000 in 13.8 seconds (569.3 kbit/s).
Verifying written data...
Hash of data verified.

Hard resetting via RTS pin...
