before-a.bin: OK
before-b.bin: OK
WIFI_ARTIFACT_CONFIG=PASS booleans=1775 protocol=7
+ /home/regex/.espressif/python_env/idf6.1_py3.10_env/bin/esptool --chip esp32s31 --port /dev/serial/by-id/usb-Silicon_Labs_CP2102N_USB_to_UART_Bridge_Controller_f65e4ef67f71f011975a049f1045c30f-if00-port0 --baud 460800 write-flash --flash-size 16MB --flash-mode dio --flash-freq 80m 0x2000 /home/regex/work/esp32s31-openvela/openvela-dev/out/esp32s31-cmake-demo/nuttx.bin 0x200000 /home/regex/work/esp32s31-openvela/openvela-dev/out/esp32s31-cmake-demo/appfs.img
esptool v5.4.0
Serial port /dev/serial/by-id/usb-Silicon_Labs_CP2102N_USB_to_UART_Bridge_Controller_f65e4ef67f71f011975a049f1045c30f-if00-port0:
Connecting....
Connected to ESP32-S31 on /dev/serial/by-id/usb-Silicon_Labs_CP2102N_USB_to_UART_Bridge_Controller_f65e4ef67f71f011975a049f1045c30f-if00-port0:
Chip type:          ESP32-S31 (revision v0.0)
Features:           Wi-Fi 6, BT 5.4 (LE), IEEE802.15.4, Dual Core + LP Core, 300MHz
Crystal frequency:  40MHz
MAC:                30:ed:a0:f3:f7:b0

Uploading stub flasher...
Running stub flasher...
Stub flasher running.
Changing baud rate to 460800...
Changed.

Configuring flash size...

Writing '/home/regex/work/esp32s31-openvela/openvela-dev/out/esp32s31-cmake-demo/nuttx.bin' at 0x00002000...
SHA digest in image updated.
Flash will be erased from 0x00002000 to 0x00103fff...
Compressed 1055168 bytes to 589104...
Writing at 0x00007d1e ╸                                2.8% 16.00kB/575.30kB [0s] 
Writing at 0x0000dee7 ━╸                               5.6% 32.00kB/575.30kB [0s] 
Writing at 0x00015747 ━━╸                              8.3% 48.00kB/575.30kB [1s] 
Writing at 0x0002a78c ━━━                             11.1% 64.00kB/575.30kB [1s] 
Writing at 0x0003146e ━━━━                            13.9% 80.00kB/575.30kB [2s] 
Writing at 0x00041d2d ━━━━━                           16.7% 96.00kB/575.30kB [2s] 
Writing at 0x00047bb9 ━━━━━╸                          19.5% 112.00kB/575.30kB [3s] 
Writing at 0x0004e0ed ━━━━━━╸                         22.2% 128.00kB/575.30kB [3s] 
Writing at 0x00054ee7 ━━━━━━━╸                        25.0% 144.00kB/575.30kB [3s] 
Writing at 0x0005db8b ━━━━━━━━                        27.8% 160.00kB/575.30kB [4s] 
Writing at 0x000654bc ━━━━━━━━━                       30.6% 176.00kB/575.30kB [4s] 
Writing at 0x0006cbdc ━━━━━━━━━━                      33.4% 192.00kB/575.30kB [5s] 
Writing at 0x00073dbf ━━━━━━━━━━╸                     36.2% 208.00kB/575.30kB [5s] 
Writing at 0x0007a1f2 ━━━━━━━━━━━╸                    38.9% 224.00kB/575.30kB [5s] 
Writing at 0x000802a3 ━━━━━━━━━━━━╸                   41.7% 240.00kB/575.30kB [6s] 
Writing at 0x00086094 ━━━━━━━━━━━━━                   44.5% 256.00kB/575.30kB [6s] 
Writing at 0x0008b6a6 ━━━━━━━━━━━━━━                  47.3% 272.00kB/575.30kB [7s] 
Writing at 0x000910c9 ━━━━━━━━━━━━━━━                 50.1% 288.00kB/575.30kB [7s] 
Writing at 0x00096c32 ━━━━━━━━━━━━━━━╸                52.8% 304.00kB/575.30kB [7s] 
Writing at 0x0009d08d ━━━━━━━━━━━━━━━━╸               55.6% 320.00kB/575.30kB [8s] 
Writing at 0x000a44c0 ━━━━━━━━━━━━━━━━━╸              58.4% 336.00kB/575.30kB [8s] 
Writing at 0x000acfd6 ━━━━━━━━━━━━━━━━━━              61.2% 352.00kB/575.30kB [9s] 
Writing at 0x000b42f6 ━━━━━━━━━━━━━━━━━━━             64.0% 368.00kB/575.30kB [9s] 
Writing at 0x000b9e36 ━━━━━━━━━━━━━━━━━━━━            66.7% 384.00kB/575.30kB [10s] 
Writing at 0x000c04e2 ━━━━━━━━━━━━━━━━━━━━╸           69.5% 400.00kB/575.30kB [10s] 
Writing at 0x000c719a ━━━━━━━━━━━━━━━━━━━━━╸          72.3% 416.00kB/575.30kB [10s] 
Writing at 0x000cd203 ━━━━━━━━━━━━━━━━━━━━━━╸         75.1% 432.00kB/575.30kB [11s] 
Writing at 0x000d2e72 ━━━━━━━━━━━━━━━━━━━━━━━         77.9% 448.00kB/575.30kB [11s] 
Writing at 0x000d8bf8 ━━━━━━━━━━━━━━━━━━━━━━━━        80.7% 464.00kB/575.30kB [12s] 
Writing at 0x000df13c ━━━━━━━━━━━━━━━━━━━━━━━━━       83.4% 480.00kB/575.30kB [12s] 
Writing at 0x000e59f2 ━━━━━━━━━━━━━━━━━━━━━━━━━╸      86.2% 496.00kB/575.30kB [12s] 
Writing at 0x000eb9f7 ━━━━━━━━━━━━━━━━━━━━━━━━━━╸     89.0% 512.00kB/575.30kB [13s] 
Writing at 0x000f1abd ━━━━━━━━━━━━━━━━━━━━━━━━━━━╸    91.8% 528.00kB/575.30kB [13s] 
Writing at 0x000f7b1e ━━━━━━━━━━━━━━━━━━━━━━━━━━━━    94.6% 544.00kB/575.30kB [14s] 
Writing at 0x000fd669 ━━━━━━━━━━━━━━━━━━━━━━━━━━━━━   97.3% 560.00kB/575.30kB [14s] 
Writing at 0x001039c0 ━━━━━━━━━━━━━━━━━━━━━━━━━━━━━━ 100.0% 575.30kB/575.30kB [14s] 
Wrote 1055168 bytes (589104 compressed) at 0x00002000 in 12.3 seconds (686.6 kbit/s).
Verifying written data...
Hash of data verified.

Writing '/home/regex/work/esp32s31-openvela/openvela-dev/out/esp32s31-cmake-demo/appfs.img' at 0x00200000...
Flash will be erased from 0x00200000 to 0x0043efff...
Compressed 2353152 bytes to 1335382...
Writing at 0x002064c3                                  1.2% 16.00kB/1.27MB [0s] 
Writing at 0x0020dd7c ╸                                2.5% 32.00kB/1.27MB [0s] 
Writing at 0x00214364 ━                                3.7% 48.00kB/1.27MB [1s] 
Writing at 0x0021bdb7 ━                                4.9% 64.00kB/1.27MB [1s] 
Writing at 0x00222441 ━╸                               6.1% 80.00kB/1.27MB [2s] 
Writing at 0x00227e33 ━━                               7.4% 96.00kB/1.27MB [2s] 
Writing at 0x0022dc1b ━━╸                              8.6% 112.00kB/1.27MB [2s] 
Writing at 0x0023647f ━━╸                              9.8% 128.00kB/1.27MB [3s] 
Writing at 0x0023ccdf ━━━                             11.0% 144.00kB/1.27MB [3s] 
Writing at 0x002425b9 ━━━╸                            12.3% 160.00kB/1.27MB [4s] 
Writing at 0x00248072 ━━━━                            13.5% 176.00kB/1.27MB [4s] 
Writing at 0x0024f366 ━━━━                            14.7% 192.00kB/1.27MB [4s] 
Writing at 0x0025693c ━━━━╸                           15.9% 208.00kB/1.27MB [5s] 
Writing at 0x0025eadb ━━━━━                           17.2% 224.00kB/1.27MB [5s] 
Writing at 0x0026702e ━━━━━╸                          18.4% 240.00kB/1.27MB [6s] 
Writing at 0x00276e58 ━━━━━╸                          19.6% 256.00kB/1.27MB [6s] 
Writing at 0x0027ca2c ━━━━━━                          20.9% 272.00kB/1.27MB [6s] 
Writing at 0x00286f30 ━━━━━━╸                         22.1% 288.00kB/1.27MB [7s] 
Writing at 0x0028e6fd ━━━━━━╸                         23.3% 304.00kB/1.27MB [7s] 
Writing at 0x00294357 ━━━━━━━                         24.5% 320.00kB/1.27MB [8s] 
Writing at 0x0029af29 ━━━━━━━╸                        25.8% 336.00kB/1.27MB [8s] 
Writing at 0x002a1bfb ━━━━━━━━                        27.0% 352.00kB/1.27MB [8s] 
Writing at 0x002ac0fd ━━━━━━━━                        28.2% 368.00kB/1.27MB [9s] 
Writing at 0x002b3195 ━━━━━━━━╸                       29.4% 384.00kB/1.27MB [9s] 
Writing at 0x002bab25 ━━━━━━━━━                       30.7% 400.00kB/1.27MB [10s] 
Writing at 0x002c4a91 ━━━━━━━━━╸                      31.9% 416.00kB/1.27MB [10s] 
Writing at 0x002caa3c ━━━━━━━━━╸                      33.1% 432.00kB/1.27MB [10s] 
Writing at 0x002d0778 ━━━━━━━━━━                      34.4% 448.00kB/1.27MB [11s] 
Writing at 0x002d617c ━━━━━━━━━━╸                     35.6% 464.00kB/1.27MB [11s] 
Writing at 0x002dd6ed ━━━━━━━━━━━                     36.8% 480.00kB/1.27MB [12s] 
Writing at 0x002e4c92 ━━━━━━━━━━━                     38.0% 496.00kB/1.27MB [12s] 
Writing at 0x002eafb4 ━━━━━━━━━━━╸                    39.3% 512.00kB/1.27MB [13s] 
Writing at 0x002f36ed ━━━━━━━━━━━━                    40.5% 528.00kB/1.27MB [13s] 
Writing at 0x002fa74c ━━━━━━━━━━━━╸                   41.7% 544.00kB/1.27MB [13s] 
Writing at 0x00300571 ━━━━━━━━━━━━╸                   42.9% 560.00kB/1.27MB [14s] 
Writing at 0x00308a3c ━━━━━━━━━━━━━                   44.2% 576.00kB/1.27MB [14s] 
Writing at 0x0030fe1f ━━━━━━━━━━━━━╸                  45.4% 592.00kB/1.27MB [15s] 
Writing at 0x00316a33 ━━━━━━━━━━━━━╸                  46.6% 608.00kB/1.27MB [15s] 
Writing at 0x0031d22e ━━━━━━━━━━━━━━                  47.8% 624.00kB/1.27MB [15s] 
Writing at 0x003238aa ━━━━━━━━━━━━━━╸                 49.1% 640.00kB/1.27MB [16s] 
Writing at 0x00328ddd ━━━━━━━━━━━━━━━                 50.3% 656.00kB/1.27MB [16s] 
Writing at 0x00331ccb ━━━━━━━━━━━━━━━                 51.5% 672.00kB/1.27MB [17s] 
Writing at 0x003390f0 ━━━━━━━━━━━━━━━╸                52.8% 688.00kB/1.27MB [17s] 
Writing at 0x00340e72 ━━━━━━━━━━━━━━━━                54.0% 704.00kB/1.27MB [17s] 
Writing at 0x003483a6 ━━━━━━━━━━━━━━━━╸               55.2% 720.00kB/1.27MB [18s] 
Writing at 0x0034ef70 ━━━━━━━━━━━━━━━━╸               56.4% 736.00kB/1.27MB [18s] 
Writing at 0x00355099 ━━━━━━━━━━━━━━━━━               57.7% 752.00kB/1.27MB [19s] 
Writing at 0x0035a589 ━━━━━━━━━━━━━━━━━╸              58.9% 768.00kB/1.27MB [19s] 
Writing at 0x00362760 ━━━━━━━━━━━━━━━━━━              60.1% 784.00kB/1.27MB [20s] 
Writing at 0x003692ea ━━━━━━━━━━━━━━━━━━              61.3% 800.00kB/1.27MB [20s] 
Writing at 0x0036f450 ━━━━━━━━━━━━━━━━━━╸             62.6% 816.00kB/1.27MB [20s] 
Writing at 0x00374899 ━━━━━━━━━━━━━━━━━━━             63.8% 832.00kB/1.27MB [21s] 
Writing at 0x0037cd15 ━━━━━━━━━━━━━━━━━━━╸            65.0% 848.00kB/1.27MB [21s] 
Writing at 0x00384681 ━━━━━━━━━━━━━━━━━━━╸            66.3% 864.00kB/1.27MB [22s] 
Writing at 0x0038a822 ━━━━━━━━━━━━━━━━━━━━            67.5% 880.00kB/1.27MB [22s] 
Writing at 0x00392046 ━━━━━━━━━━━━━━━━━━━━╸           68.7% 896.00kB/1.27MB [22s] 
Writing at 0x0039a497 ━━━━━━━━━━━━━━━━━━━━╸           69.9% 912.00kB/1.27MB [23s] 
Writing at 0x003a104b ━━━━━━━━━━━━━━━━━━━━━           71.2% 928.00kB/1.27MB [23s] 
Writing at 0x003a6b54 ━━━━━━━━━━━━━━━━━━━━━╸          72.4% 944.00kB/1.27MB [24s] 
Writing at 0x003abf44 ━━━━━━━━━━━━━━━━━━━━━━          73.6% 960.00kB/1.27MB [24s] 
Writing at 0x003b4573 ━━━━━━━━━━━━━━━━━━━━━━          74.8% 976.00kB/1.27MB [24s] 
Writing at 0x003bb90a ━━━━━━━━━━━━━━━━━━━━━━╸         76.1% 992.00kB/1.27MB [25s] 
Writing at 0x003c43ec ━━━━━━━━━━━━━━━━━━━━━━━         77.3% 1008.00kB/1.27MB [25s] 
Writing at 0x003caf93 ━━━━━━━━━━━━━━━━━━━━━━━╸        78.5% 1.00MB/1.27MB [26s] 
Writing at 0x003d0ac2 ━━━━━━━━━━━━━━━━━━━━━━━╸        79.7% 1.02MB/1.27MB [26s] 
Writing at 0x003d6233 ━━━━━━━━━━━━━━━━━━━━━━━━        81.0% 1.03MB/1.27MB [26s] 
Writing at 0x003ddfa4 ━━━━━━━━━━━━━━━━━━━━━━━━╸       82.2% 1.05MB/1.27MB [27s] 
Writing at 0x003e4df3 ━━━━━━━━━━━━━━━━━━━━━━━━━       83.4% 1.06MB/1.27MB [27s] 
Writing at 0x003eacfe ━━━━━━━━━━━━━━━━━━━━━━━━━       84.7% 1.08MB/1.27MB [28s] 
Writing at 0x003f0ef5 ━━━━━━━━━━━━━━━━━━━━━━━━━╸      85.9% 1.09MB/1.27MB [28s] 
Writing at 0x003f6bec ━━━━━━━━━━━━━━━━━━━━━━━━━━      87.1% 1.11MB/1.27MB [29s] 
Writing at 0x003fc934 ━━━━━━━━━━━━━━━━━━━━━━━━━━╸     88.3% 1.12MB/1.27MB [29s] 
Writing at 0x00405aea ━━━━━━━━━━━━━━━━━━━━━━━━━━╸     89.6% 1.14MB/1.27MB [29s] 
Writing at 0x0040c628 ━━━━━━━━━━━━━━━━━━━━━━━━━━━     90.8% 1.16MB/1.27MB [30s] 
Writing at 0x004123af ━━━━━━━━━━━━━━━━━━━━━━━━━━━╸    92.0% 1.17MB/1.27MB [30s] 
Writing at 0x0041796d ━━━━━━━━━━━━━━━━━━━━━━━━━━━╸    93.2% 1.19MB/1.27MB [31s] 
Writing at 0x00420a38 ━━━━━━━━━━━━━━━━━━━━━━━━━━━━    94.5% 1.20MB/1.27MB [31s] 
Writing at 0x0042725f ━━━━━━━━━━━━━━━━━━━━━━━━━━━━╸   95.7% 1.22MB/1.27MB [31s] 
Writing at 0x0042cac9 ━━━━━━━━━━━━━━━━━━━━━━━━━━━━━   96.9% 1.23MB/1.27MB [32s] 
Writing at 0x004327ad ━━━━━━━━━━━━━━━━━━━━━━━━━━━━━   98.2% 1.25MB/1.27MB [32s] 
Writing at 0x0043a897 ━━━━━━━━━━━━━━━━━━━━━━━━━━━━━╸  99.4% 1.27MB/1.27MB [33s] 
Writing at 0x0043e800 ━━━━━━━━━━━━━━━━━━━━━━━━━━━━━━ 100.0% 1.27MB/1.27MB [33s] 
Wrote 2353152 bytes (1335382 compressed) at 0x00200000 in 30.6 seconds (616.1 kbit/s).
Verifying written data...
Hash of data verified.

Hard resetting via RTS pin...
