before-a.bin: OK
before-b.bin: OK
WIFI_ARTIFACT_CONFIG=PASS booleans=1763 protocol=7
+ /home/regex/.espressif/python_env/idf6.1_py3.10_env/bin/esptool --chip esp32s31 --port /dev/serial/by-id/usb-Silicon_Labs_CP2102N_USB_to_UART_Bridge_Controller_f65e4ef67f71f011975a049f1045c30f-if00-port0 --baud 460800 write-flash --flash-size 16MB --flash-mode dio --flash-freq 80m 0x2000 /home/regex/work/esp32s31-openvela/openvela-dev/out/esp32s31-network1408/nuttx.bin 0x200000 /home/regex/work/esp32s31-openvela/openvela-dev/out/esp32s31-network1408/appfs.img
esptool v5.4.0
Serial port /dev/serial/by-id/usb-Silicon_Labs_CP2102N_USB_to_UART_Bridge_Controller_f65e4ef67f71f011975a049f1045c30f-if00-port0:
Connecting....
Connected to ESP32-S31 on /dev/serial/by-id/usb-Silicon_Labs_CP2102N_USB_to_UART_Bridge_Controller_f65e4ef67f71f011975a049f1045c30f-if00-port0:
Chip type:          ESP32-S31 (revision v0.0)
Features:           Wi-Fi 6, BT 5.4 (LE), IEEE802.15.4, Dual Core + LP Core, 300MHz
Crystal frequency:  40MHz
MAC:                30:ed:a0:f3:f7:b0

Uploading stub flasher...
Running stub flasher...
Stub flasher running.
Changing baud rate to 460800...
Changed.

Configuring flash size...

Writing '/home/regex/work/esp32s31-openvela/openvela-dev/out/esp32s31-network1408/nuttx.bin' at 0x00002000...
SHA digest in image updated.
Flash will be erased from 0x00002000 to 0x00123fff...
Compressed 1187832 bytes to 658752...
Writing at 0x00007d36 ╸                                2.5% 16.00kB/643.31kB [0s] 
Writing at 0x0000def3 ━                                5.0% 32.00kB/643.31kB [0s] 
Writing at 0x000158a8 ━━                               7.5% 48.00kB/643.31kB [1s] 
Writing at 0x0002a6d7 ━━╸                              9.9% 64.00kB/643.31kB [1s] 
Writing at 0x00030bc8 ━━━╸                            12.4% 80.00kB/643.31kB [2s] 
Writing at 0x00035303 ━━━━                            14.9% 96.00kB/643.31kB [2s] 
Writing at 0x0003fcc4 ━━━━━                           17.4% 112.00kB/643.31kB [2s] 
Writing at 0x00054b4e ━━━━━╸                          19.9% 128.00kB/643.31kB [3s] 
Writing at 0x0005b12e ━━━━━━╸                         22.4% 144.00kB/643.31kB [3s] 
Writing at 0x00061e0c ━━━━━━━                         24.9% 160.00kB/643.31kB [4s] 
Writing at 0x00069903 ━━━━━━━━                        27.4% 176.00kB/643.31kB [4s] 
Writing at 0x00072792 ━━━━━━━━╸                       29.8% 192.00kB/643.31kB [5s] 
Writing at 0x00079485 ━━━━━━━━━╸                      32.3% 208.00kB/643.31kB [5s] 
Writing at 0x00080f17 ━━━━━━━━━━                      34.8% 224.00kB/643.31kB [5s] 
Writing at 0x000878e4 ━━━━━━━━━━━                     37.3% 240.00kB/643.31kB [6s] 
Writing at 0x0008dbdb ━━━━━━━━━━━╸                    39.8% 256.00kB/643.31kB [6s] 
Writing at 0x00093cae ━━━━━━━━━━━━╸                   42.3% 272.00kB/643.31kB [7s] 
Writing at 0x000993a2 ━━━━━━━━━━━━━                   44.8% 288.00kB/643.31kB [7s] 
Writing at 0x0009ebbf ━━━━━━━━━━━━━━                  47.3% 304.00kB/643.31kB [7s] 
Writing at 0x000a46ae ━━━━━━━━━━━━━━╸                 49.7% 320.00kB/643.31kB [8s] 
Writing at 0x000aa3a2 ━━━━━━━━━━━━━━━╸                52.2% 336.00kB/643.31kB [8s] 
Writing at 0x000b1788 ━━━━━━━━━━━━━━━━                54.7% 352.00kB/643.31kB [9s] 
Writing at 0x000b927c ━━━━━━━━━━━━━━━━━               57.2% 368.00kB/643.31kB [9s] 
Writing at 0x000c125e ━━━━━━━━━━━━━━━━━╸              59.7% 384.00kB/643.31kB [9s] 
Writing at 0x000c6c7c ━━━━━━━━━━━━━━━━━━╸             62.2% 400.00kB/643.31kB [10s] 
Writing at 0x000ccd7e ━━━━━━━━━━━━━━━━━━━             64.7% 416.00kB/643.31kB [10s] 
Writing at 0x000d3b42 ━━━━━━━━━━━━━━━━━━━━            67.2% 432.00kB/643.31kB [11s] 
Writing at 0x000d9c00 ━━━━━━━━━━━━━━━━━━━━╸           69.6% 448.00kB/643.31kB [11s] 
Writing at 0x000df7a7 ━━━━━━━━━━━━━━━━━━━━━╸          72.1% 464.00kB/643.31kB [11s] 
Writing at 0x000e5440 ━━━━━━━━━━━━━━━━━━━━━━          74.6% 480.00kB/643.31kB [12s] 
Writing at 0x000ebab7 ━━━━━━━━━━━━━━━━━━━━━━━         77.1% 496.00kB/643.31kB [12s] 
Writing at 0x000f236e ━━━━━━━━━━━━━━━━━━━━━━━╸        79.6% 512.00kB/643.31kB [13s] 
Writing at 0x000f825a ━━━━━━━━━━━━━━━━━━━━━━━━╸       82.1% 528.00kB/643.31kB [13s] 
Writing at 0x000fe36e ━━━━━━━━━━━━━━━━━━━━━━━━━       84.6% 544.00kB/643.31kB [13s] 
Writing at 0x001043e6 ━━━━━━━━━━━━━━━━━━━━━━━━━━      87.0% 560.00kB/643.31kB [14s] 
Writing at 0x00109fc7 ━━━━━━━━━━━━━━━━━━━━━━━━━━╸     89.5% 576.00kB/643.31kB [14s] 
Writing at 0x00110a79 ━━━━━━━━━━━━━━━━━━━━━━━━━━━╸    92.0% 592.00kB/643.31kB [14s] 
Writing at 0x001171b2 ━━━━━━━━━━━━━━━━━━━━━━━━━━━━    94.5% 608.00kB/643.31kB [15s] 
Writing at 0x0011d214 ━━━━━━━━━━━━━━━━━━━━━━━━━━━━━   97.0% 624.00kB/643.31kB [15s] 
Writing at 0x00122c99 ━━━━━━━━━━━━━━━━━━━━━━━━━━━━━╸  99.5% 640.00kB/643.31kB [16s] 
Writing at 0x00123ff8 ━━━━━━━━━━━━━━━━━━━━━━━━━━━━━━ 100.0% 643.31kB/643.31kB [16s] 
Wrote 1187832 bytes (658752 compressed) at 0x00002000 in 16.3 seconds (583.4 kbit/s).
Verifying written data...
Hash of data verified.

Writing '/home/regex/work/esp32s31-openvela/openvela-dev/out/esp32s31-network1408/appfs.img' at 0x00200000...
Flash will be erased from 0x00200000 to 0x0043dfff...
Compressed 2348032 bytes to 1381714...
Writing at 0x002073f0                                  1.2% 16.00kB/1.32MB [0s] 
Writing at 0x0020cc38 ╸                                2.4% 32.00kB/1.32MB [0s] 
Writing at 0x00213d88 ━                                3.6% 48.00kB/1.32MB [1s] 
Writing at 0x0021d77c ━                                4.7% 64.00kB/1.32MB [1s] 
Writing at 0x00223511 ━╸                               5.9% 80.00kB/1.32MB [1s] 
Writing at 0x00229434 ━━                               7.1% 96.00kB/1.32MB [2s] 
Writing at 0x0022efd0 ━━                               8.3% 112.00kB/1.32MB [2s] 
Writing at 0x00234d99 ━━╸                              9.5% 128.00kB/1.32MB [3s] 
Writing at 0x0023aefc ━━━                             10.7% 144.00kB/1.32MB [3s] 
Writing at 0x002417b1 ━━━╸                            11.9% 160.00kB/1.32MB [3s] 
Writing at 0x00247217 ━━━╸                            13.0% 176.00kB/1.32MB [4s] 
Writing at 0x0024c525 ━━━━                            14.2% 192.00kB/1.32MB [4s] 
Writing at 0x002522c4 ━━━━╸                           15.4% 208.00kB/1.32MB [5s] 
Writing at 0x0025877a ━━━━╸                           16.6% 224.00kB/1.32MB [5s] 
Writing at 0x0025e388 ━━━━━                           17.8% 240.00kB/1.32MB [5s] 
Writing at 0x002643a3 ━━━━━╸                          19.0% 256.00kB/1.32MB [6s] 
Writing at 0x0026a22e ━━━━━━                          20.2% 272.00kB/1.32MB [6s] 
Writing at 0x0027003e ━━━━━━                          21.3% 288.00kB/1.32MB [7s] 
Writing at 0x00275b66 ━━━━━━╸                         22.5% 304.00kB/1.32MB [7s] 
Writing at 0x0027d3b0 ━━━━━━━                         23.7% 320.00kB/1.32MB [7s] 
Writing at 0x00289289 ━━━━━━━                         24.9% 336.00kB/1.32MB [8s] 
Writing at 0x00293d94 ━━━━━━━╸                        26.1% 352.00kB/1.32MB [8s] 
Writing at 0x002a1bca ━━━━━━━━                        27.3% 368.00kB/1.32MB [9s] 
Writing at 0x002ab3cc ━━━━━━━━╸                       28.5% 384.00kB/1.32MB [9s] 
Writing at 0x002b47b3 ━━━━━━━━╸                       29.6% 400.00kB/1.32MB [9s] 
Writing at 0x002bde0f ━━━━━━━━━                       30.8% 416.00kB/1.32MB [10s] 
Writing at 0x002c4826 ━━━━━━━━━╸                      32.0% 432.00kB/1.32MB [10s] 
Writing at 0x002c9c8f ━━━━━━━━━╸                      33.2% 448.00kB/1.32MB [11s] 
Writing at 0x002cf6ce ━━━━━━━━━━                      34.4% 464.00kB/1.32MB [11s] 
Writing at 0x002d5023 ━━━━━━━━━━╸                     35.6% 480.00kB/1.32MB [11s] 
Writing at 0x002da985 ━━━━━━━━━━━                     36.8% 496.00kB/1.32MB [12s] 
Writing at 0x002e067a ━━━━━━━━━━━                     37.9% 512.00kB/1.32MB [12s] 
Writing at 0x002e5df3 ━━━━━━━━━━━╸                    39.1% 528.00kB/1.32MB [13s] 
Writing at 0x002eb9c3 ━━━━━━━━━━━━                    40.3% 544.00kB/1.32MB [13s] 
Writing at 0x002f15e3 ━━━━━━━━━━━━                    41.5% 560.00kB/1.32MB [13s] 
Writing at 0x002f6ff0 ━━━━━━━━━━━━╸                   42.7% 576.00kB/1.32MB [14s] 
Writing at 0x002fc7dc ━━━━━━━━━━━━━                   43.9% 592.00kB/1.32MB [14s] 
Writing at 0x00302359 ━━━━━━━━━━━━━╸                  45.1% 608.00kB/1.32MB [15s] 
Writing at 0x00307a82 ━━━━━━━━━━━━━╸                  46.2% 624.00kB/1.32MB [15s] 
Writing at 0x0030d724 ━━━━━━━━━━━━━━                  47.4% 640.00kB/1.32MB [15s] 
Writing at 0x003137e6 ━━━━━━━━━━━━━━╸                 48.6% 656.00kB/1.32MB [16s] 
Writing at 0x00319734 ━━━━━━━━━━━━━━╸                 49.8% 672.00kB/1.32MB [16s] 
Writing at 0x0031f765 ━━━━━━━━━━━━━━━                 51.0% 688.00kB/1.32MB [17s] 
Writing at 0x00324c0f ━━━━━━━━━━━━━━━╸                52.2% 704.00kB/1.32MB [17s] 
Writing at 0x0032a30f ━━━━━━━━━━━━━━━━                53.4% 720.00kB/1.32MB [17s] 
Writing at 0x0032fd10 ━━━━━━━━━━━━━━━━                54.5% 736.00kB/1.32MB [18s] 
Writing at 0x003359da ━━━━━━━━━━━━━━━━╸               55.7% 752.00kB/1.32MB [18s] 
Writing at 0x0033b7ec ━━━━━━━━━━━━━━━━━               56.9% 768.00kB/1.32MB [19s] 
Writing at 0x00340f83 ━━━━━━━━━━━━━━━━━               58.1% 784.00kB/1.32MB [19s] 
Writing at 0x00348a39 ━━━━━━━━━━━━━━━━━╸              59.3% 800.00kB/1.32MB [19s] 
Writing at 0x003542c2 ━━━━━━━━━━━━━━━━━━              60.5% 816.00kB/1.32MB [20s] 
Writing at 0x0035f29d ━━━━━━━━━━━━━━━━━━              61.7% 832.00kB/1.32MB [20s] 
Writing at 0x00365e11 ━━━━━━━━━━━━━━━━━━╸             62.8% 848.00kB/1.32MB [21s] 
Writing at 0x0036cf7e ━━━━━━━━━━━━━━━━━━━             64.0% 864.00kB/1.32MB [21s] 
Writing at 0x00373bb0 ━━━━━━━━━━━━━━━━━━━╸            65.2% 880.00kB/1.32MB [21s] 
Writing at 0x00379a26 ━━━━━━━━━━━━━━━━━━━╸            66.4% 896.00kB/1.32MB [22s] 
Writing at 0x0037fee0 ━━━━━━━━━━━━━━━━━━━━            67.6% 912.00kB/1.32MB [22s] 
Writing at 0x00386698 ━━━━━━━━━━━━━━━━━━━━╸           68.8% 928.00kB/1.32MB [22s] 
Writing at 0x0038c318 ━━━━━━━━━━━━━━━━━━━━╸           70.0% 944.00kB/1.32MB [23s] 
Writing at 0x00391506 ━━━━━━━━━━━━━━━━━━━━━           71.1% 960.00kB/1.32MB [23s] 
Writing at 0x0039ba70 ━━━━━━━━━━━━━━━━━━━━━╸          72.3% 976.00kB/1.32MB [24s] 
Writing at 0x003a40ec ━━━━━━━━━━━━━━━━━━━━━━          73.5% 992.00kB/1.32MB [24s] 
Writing at 0x003adbfd ━━━━━━━━━━━━━━━━━━━━━━          74.7% 1008.00kB/1.32MB [24s] 
Writing at 0x003b3ba7 ━━━━━━━━━━━━━━━━━━━━━━╸         75.9% 1.00MB/1.32MB [25s] 
Writing at 0x003b9b32 ━━━━━━━━━━━━━━━━━━━━━━━         77.1% 1.02MB/1.32MB [25s] 
Writing at 0x003bf157 ━━━━━━━━━━━━━━━━━━━━━━━         78.3% 1.03MB/1.32MB [26s] 
Writing at 0x003c5cae ━━━━━━━━━━━━━━━━━━━━━━━╸        79.4% 1.05MB/1.32MB [26s] 
Writing at 0x003cd6d2 ━━━━━━━━━━━━━━━━━━━━━━━━        80.6% 1.06MB/1.32MB [26s] 
Writing at 0x003d36b6 ━━━━━━━━━━━━━━━━━━━━━━━━╸       81.8% 1.08MB/1.32MB [27s] 
Writing at 0x003dbdb0 ━━━━━━━━━━━━━━━━━━━━━━━━╸       83.0% 1.09MB/1.32MB [27s] 
Writing at 0x003e28d1 ━━━━━━━━━━━━━━━━━━━━━━━━━       84.2% 1.11MB/1.32MB [28s] 
Writing at 0x003e87cd ━━━━━━━━━━━━━━━━━━━━━━━━━╸      85.4% 1.12MB/1.32MB [28s] 
Writing at 0x003ef3fc ━━━━━━━━━━━━━━━━━━━━━━━━━╸      86.6% 1.14MB/1.32MB [28s] 
Writing at 0x003f6867 ━━━━━━━━━━━━━━━━━━━━━━━━━━      87.7% 1.16MB/1.32MB [29s] 
Writing at 0x003fdc6b ━━━━━━━━━━━━━━━━━━━━━━━━━━╸     88.9% 1.17MB/1.32MB [29s] 
Writing at 0x00405a90 ━━━━━━━━━━━━━━━━━━━━━━━━━━━     90.1% 1.19MB/1.32MB [30s] 
Writing at 0x0040bf44 ━━━━━━━━━━━━━━━━━━━━━━━━━━━     91.3% 1.20MB/1.32MB [30s] 
Writing at 0x004134d9 ━━━━━━━━━━━━━━━━━━━━━━━━━━━╸    92.5% 1.22MB/1.32MB [30s] 
Writing at 0x0041b93e ━━━━━━━━━━━━━━━━━━━━━━━━━━━━    93.7% 1.23MB/1.32MB [31s] 
Writing at 0x00421de7 ━━━━━━━━━━━━━━━━━━━━━━━━━━━━    94.9% 1.25MB/1.32MB [31s] 
Writing at 0x00427d34 ━━━━━━━━━━━━━━━━━━━━━━━━━━━━╸   96.0% 1.27MB/1.32MB [32s] 
Writing at 0x0042dc13 ━━━━━━━━━━━━━━━━━━━━━━━━━━━━━   97.2% 1.28MB/1.32MB [32s] 
Writing at 0x0043325b ━━━━━━━━━━━━━━━━━━━━━━━━━━━━━╸  98.4% 1.30MB/1.32MB [32s] 
Writing at 0x00439e76 ━━━━━━━━━━━━━━━━━━━━━━━━━━━━━╸  99.6% 1.31MB/1.32MB [33s] 
Writing at 0x0043d400 ━━━━━━━━━━━━━━━━━━━━━━━━━━━━━━ 100.0% 1.32MB/1.32MB [33s] 
Wrote 2348032 bytes (1381714 compressed) at 0x00200000 in 31.7 seconds (592.4 kbit/s).
Verifying written data...
Hash of data verified.

Hard resetting via RTS pin...
