esptool v5.4.0
Serial port /dev/serial/by-id/usb-Silicon_Labs_CP2102N_USB_to_UART_Bridge_Controller_f65e4ef67f71f011975a049f1045c30f-if00-port0:
Connecting....
Connected to ESP32-S31 on /dev/serial/by-id/usb-Silicon_Labs_CP2102N_USB_to_UART_Bridge_Controller_f65e4ef67f71f011975a049f1045c30f-if00-port0:
Chip type:          ESP32-S31 (revision v0.0)
Features:           Wi-Fi 6, BT 5.4 (LE), IEEE802.15.4, Dual Core + LP Core, 300MHz
Crystal frequency:  40MHz
MAC:                30:ed:a0:f3:f7:b0

Uploading stub flasher...
Running stub flasher...
Stub flasher running.
Changing baud rate to 460800...
Changed.

Configuring flash size...
SHA digest in image updated.
Flash will be erased from 0x00002000 to 0x000defff...
Compressed 903228 bytes to 505944...
Writing at 0x00007a71 ╸                                3.2% 16.00kB/494.09kB [0s] 
Writing at 0x0000db90 ━╸                               6.5% 32.00kB/494.09kB [0s] 
Writing at 0x000273fb ━━╸                              9.7% 48.00kB/494.09kB [1s] 
Writing at 0x0002dd00 ━━━╸                            13.0% 64.00kB/494.09kB [1s] 
Writing at 0x00038d7b ━━━━╸                           16.2% 80.00kB/494.09kB [2s] 
Writing at 0x00044a86 ━━━━━╸                          19.4% 96.00kB/494.09kB [2s] 
Writing at 0x0004abfd ━━━━━━╸                         22.7% 112.00kB/494.09kB [2s] 
Writing at 0x000522a9 ━━━━━━━╸                        25.9% 128.00kB/494.09kB [3s] 
Writing at 0x00059fa8 ━━━━━━━━╸                       29.1% 144.00kB/494.09kB [3s] 
Writing at 0x00060346 ━━━━━━━━━╸                      32.4% 160.00kB/494.09kB [3s] 
Writing at 0x00066323 ━━━━━━━━━━╸                     35.6% 176.00kB/494.09kB [4s] 
Writing at 0x0006c6df ━━━━━━━━━━━╸                    38.9% 192.00kB/494.09kB [4s] 
Writing at 0x0007233c ━━━━━━━━━━━━╸                   42.1% 208.00kB/494.09kB [4s] 
Writing at 0x00077fac ━━━━━━━━━━━━━╸                  45.3% 224.00kB/494.09kB [5s] 
Writing at 0x0007d6a7 ━━━━━━━━━━━━━━╸                 48.6% 240.00kB/494.09kB [5s] 
Writing at 0x000831c1 ━━━━━━━━━━━━━━━╸                51.8% 256.00kB/494.09kB [5s] 
Writing at 0x00088b7a ━━━━━━━━━━━━━━━━╸               55.1% 272.00kB/494.09kB [6s] 
Writing at 0x0008f62a ━━━━━━━━━━━━━━━━━               58.3% 288.00kB/494.09kB [6s] 
Writing at 0x00095d9a ━━━━━━━━━━━━━━━━━━              61.5% 304.00kB/494.09kB [7s] 
Writing at 0x0009b913 ━━━━━━━━━━━━━━━━━━━             64.8% 320.00kB/494.09kB [7s] 
Writing at 0x000a261d ━━━━━━━━━━━━━━━━━━━━            68.0% 336.00kB/494.09kB [7s] 
Writing at 0x000a8676 ━━━━━━━━━━━━━━━━━━━━━           71.2% 352.00kB/494.09kB [8s] 
Writing at 0x000ae36b ━━━━━━━━━━━━━━━━━━━━━━          74.5% 368.00kB/494.09kB [8s] 
Writing at 0x000b453b ━━━━━━━━━━━━━━━━━━━━━━━         77.7% 384.00kB/494.09kB [8s] 
Writing at 0x000baa3a ━━━━━━━━━━━━━━━━━━━━━━━━        81.0% 400.00kB/494.09kB [9s] 
Writing at 0x000c0ed1 ━━━━━━━━━━━━━━━━━━━━━━━━━       84.2% 416.00kB/494.09kB [9s] 
Writing at 0x000c6f8a ━━━━━━━━━━━━━━━━━━━━━━━━━━      87.4% 432.00kB/494.09kB [9s] 
Writing at 0x000ccfe6 ━━━━━━━━━━━━━━━━━━━━━━━━━━━     90.7% 448.00kB/494.09kB [10s] 
Writing at 0x000d2f93 ━━━━━━━━━━━━━━━━━━━━━━━━━━━━    93.9% 464.00kB/494.09kB [10s] 
Writing at 0x000d8f6a ━━━━━━━━━━━━━━━━━━━━━━━━━━━━━   97.1% 480.00kB/494.09kB [11s] 
Writing at 0x000de83c ━━━━━━━━━━━━━━━━━━━━━━━━━━━━━━ 100.0% 494.09kB/494.09kB [11s] 
Wrote 903228 bytes (505944 compressed) at 0x00002000 in 12.6 seconds (571.5 kbit/s).
Verifying written data...
Hash of data verified.

Hard resetting via RTS pin...
