esptool v5.4.0
Serial port /dev/ttyUSB0:
Connecting....
Connected to ESP32-S31 on /dev/ttyUSB0:
Chip type:          ESP32-S31 (revision v0.0)
Features:           Wi-Fi 6, BT 5.4 (LE), IEEE802.15.4, Dual Core + LP Core, 300MHz
Crystal frequency:  40MHz
MAC:                30:ed:a0:f3:f7:b0

Uploading stub flasher...
Running stub flasher...
Stub flasher running.
Changing baud rate to 460800...
Changed.

Configuring flash size...
SHA digest in image updated.
Flash will be erased from 0x00002000 to 0x000f1fff...
Compressed 981632 bytes to 540493...
Writing at 0x00007e0d ╸                                3.0% 16.00kB/527.83kB [0s] 
Writing at 0x0000e03a ━╸                               6.1% 32.00kB/527.83kB [0s] 
Writing at 0x000230f1 ━━╸                              9.1% 48.00kB/527.83kB [1s] 
Writing at 0x0002af97 ━━━╸                            12.1% 64.00kB/527.83kB [1s] 
Writing at 0x00035192 ━━━━╸                           15.2% 80.00kB/527.83kB [1s] 
Writing at 0x00044129 ━━━━━                           18.2% 96.00kB/527.83kB [2s] 
Writing at 0x0004a74b ━━━━━━                          21.2% 112.00kB/527.83kB [2s] 
Writing at 0x00051086 ━━━━━━━                         24.3% 128.00kB/527.83kB [3s] 
Writing at 0x000593a1 ━━━━━━━━                        27.3% 144.00kB/527.83kB [3s] 
Writing at 0x000615c4 ━━━━━━━━━                       30.3% 160.00kB/527.83kB [3s] 
Writing at 0x00068ddd ━━━━━━━━━━                      33.3% 176.00kB/527.83kB [4s] 
Writing at 0x0006fe64 ━━━━━━━━━━╸                     36.4% 192.00kB/527.83kB [4s] 
Writing at 0x00076124 ━━━━━━━━━━━╸                    39.4% 208.00kB/527.83kB [4s] 
Writing at 0x0007c160 ━━━━━━━━━━━━╸                   42.4% 224.00kB/527.83kB [5s] 
Writing at 0x0008187a ━━━━━━━━━━━━━╸                  45.5% 240.00kB/527.83kB [5s] 
Writing at 0x00087236 ━━━━━━━━━━━━━━╸                 48.5% 256.00kB/527.83kB [5s] 
Writing at 0x0008cca8 ━━━━━━━━━━━━━━━                 51.5% 272.00kB/527.83kB [6s] 
Writing at 0x0009291d ━━━━━━━━━━━━━━━━                54.6% 288.00kB/527.83kB [6s] 
Writing at 0x000995ea ━━━━━━━━━━━━━━━━━               57.6% 304.00kB/527.83kB [6s] 
Writing at 0x000a1f38 ━━━━━━━━━━━━━━━━━━              60.6% 320.00kB/527.83kB [7s] 
Writing at 0x000a7e0a ━━━━━━━━━━━━━━━━━━━             63.7% 336.00kB/527.83kB [7s] 
Writing at 0x000ae377 ━━━━━━━━━━━━━━━━━━━━            66.7% 352.00kB/527.83kB [7s] 
Writing at 0x000b4f44 ━━━━━━━━━━━━━━━━━━━━╸           69.7% 368.00kB/527.83kB [8s] 
Writing at 0x000bb0e4 ━━━━━━━━━━━━━━━━━━━━━╸          72.8% 384.00kB/527.83kB [8s] 
Writing at 0x000c0da8 ━━━━━━━━━━━━━━━━━━━━━━╸         75.8% 400.00kB/527.83kB [8s] 
Writing at 0x000c6c82 ━━━━━━━━━━━━━━━━━━━━━━━╸        78.8% 416.00kB/527.83kB [9s] 
Writing at 0x000cd08a ━━━━━━━━━━━━━━━━━━━━━━━━╸       81.8% 432.00kB/527.83kB [9s] 
Writing at 0x000d38d6 ━━━━━━━━━━━━━━━━━━━━━━━━━       84.9% 448.00kB/527.83kB [10s] 
Writing at 0x000d96f3 ━━━━━━━━━━━━━━━━━━━━━━━━━━      87.9% 464.00kB/527.83kB [10s] 
Writing at 0x000df891 ━━━━━━━━━━━━━━━━━━━━━━━━━━━     90.9% 480.00kB/527.83kB [10s] 
Writing at 0x000e59d7 ━━━━━━━━━━━━━━━━━━━━━━━━━━━━    94.0% 496.00kB/527.83kB [11s] 
Writing at 0x000eb892 ━━━━━━━━━━━━━━━━━━━━━━━━━━━━━   97.0% 512.00kB/527.83kB [11s] 
Writing at 0x000f1a80 ━━━━━━━━━━━━━━━━━━━━━━━━━━━━━━ 100.0% 527.83kB/527.83kB [11s] 
Wrote 981632 bytes (540493 compressed) at 0x00002000 in 14.0 seconds (560.2 kbit/s).
Verifying written data...
Hash of data verified.

Hard resetting via RTS pin...
