before-a.bin: OK
before-b.bin: OK
WIFI_ARTIFACT_CONFIG=PASS booleans=1682 protocol=7
+ /home/regex/.espressif/python_env/idf6.1_py3.10_env/bin/esptool --chip esp32s31 --port /dev/serial/by-id/usb-Silicon_Labs_CP2102N_USB_to_UART_Bridge_Controller_f65e4ef67f71f011975a049f1045c30f-if00-port0 --baud 460800 write-flash --flash-size 16MB --flash-mode dio --flash-freq 80m 0x2000 /home/regex/work/esp32s31-openvela/openvela-dev/out/esp32s31-cmake-demo/nuttx.bin 0x200000 /home/regex/work/esp32s31-openvela/openvela-dev/out/esp32s31-cmake-demo/appfs.img
esptool v5.4.0
Serial port /dev/serial/by-id/usb-Silicon_Labs_CP2102N_USB_to_UART_Bridge_Controller_f65e4ef67f71f011975a049f1045c30f-if00-port0:
Connecting....
Connected to ESP32-S31 on /dev/serial/by-id/usb-Silicon_Labs_CP2102N_USB_to_UART_Bridge_Controller_f65e4ef67f71f011975a049f1045c30f-if00-port0:
Chip type:          ESP32-S31 (revision v0.0)
Features:           Wi-Fi 6, BT 5.4 (LE), IEEE802.15.4, Dual Core + LP Core, 300MHz
Crystal frequency:  40MHz
MAC:                30:ed:a0:f3:f7:b0

Uploading stub flasher...
Running stub flasher...
Stub flasher running.
Changing baud rate to 460800...
Changed.

Configuring flash size...

Writing '/home/regex/work/esp32s31-openvela/openvela-dev/out/esp32s31-cmake-demo/nuttx.bin' at 0x00002000...
SHA digest in image updated.
Flash will be erased from 0x00002000 to 0x000f7fff...
Compressed 1005628 bytes to 560628...
Writing at 0x00007da4 ╸                                2.9% 16.00kB/547.49kB [0s] 
Writing at 0x0000df0d ━╸                               5.8% 32.00kB/547.49kB [0s] 
Writing at 0x00015ce5 ━━╸                              8.8% 48.00kB/547.49kB [1s] 
Writing at 0x0002a1de ━━━╸                            11.7% 64.00kB/547.49kB [1s] 
Writing at 0x0003163b ━━━━                            14.6% 80.00kB/547.49kB [2s] 
Writing at 0x00042231 ━━━━━                           17.5% 96.00kB/547.49kB [2s] 
Writing at 0x00048300 ━━━━━━                          20.5% 112.00kB/547.49kB [3s] 
Writing at 0x0004e6da ━━━━━━━                         23.4% 128.00kB/547.49kB [3s] 
Writing at 0x00055b16 ━━━━━━━╸                        26.3% 144.00kB/547.49kB [3s] 
Writing at 0x0005ef8b ━━━━━━━━╸                       29.2% 160.00kB/547.49kB [4s] 
Writing at 0x00065d50 ━━━━━━━━━╸                      32.1% 176.00kB/547.49kB [4s] 
Writing at 0x0006d784 ━━━━━━━━━━╸                     35.1% 192.00kB/547.49kB [5s] 
Writing at 0x00073d74 ━━━━━━━━━━━                     38.0% 208.00kB/547.49kB [5s] 
Writing at 0x00079f86 ━━━━━━━━━━━━                    40.9% 224.00kB/547.49kB [5s] 
Writing at 0x0007ff9c ━━━━━━━━━━━━━                   43.8% 240.00kB/547.49kB [6s] 
Writing at 0x00085642 ━━━━━━━━━━━━━━                  46.8% 256.00kB/547.49kB [6s] 
Writing at 0x0008b015 ━━━━━━━━━━━━━━╸                 49.7% 272.00kB/547.49kB [7s] 
Writing at 0x000909de ━━━━━━━━━━━━━━━╸                52.6% 288.00kB/547.49kB [7s] 
Writing at 0x0009666a ━━━━━━━━━━━━━━━━╸               55.5% 304.00kB/547.49kB [7s] 
Writing at 0x0009d729 ━━━━━━━━━━━━━━━━━╸              58.4% 320.00kB/547.49kB [8s] 
Writing at 0x000a5b76 ━━━━━━━━━━━━━━━━━━              61.4% 336.00kB/547.49kB [8s] 
Writing at 0x000ac358 ━━━━━━━━━━━━━━━━━━━             64.3% 352.00kB/547.49kB [9s] 
Writing at 0x000b2706 ━━━━━━━━━━━━━━━━━━━━            67.2% 368.00kB/547.49kB [9s] 
Writing at 0x000b93a5 ━━━━━━━━━━━━━━━━━━━━━           70.1% 384.00kB/547.49kB [9s] 
Writing at 0x000bf951 ━━━━━━━━━━━━━━━━━━━━━╸          73.1% 400.00kB/547.49kB [10s] 
Writing at 0x000c55b4 ━━━━━━━━━━━━━━━━━━━━━━╸         76.0% 416.00kB/547.49kB [10s] 
Writing at 0x000cb148 ━━━━━━━━━━━━━━━━━━━━━━━╸        78.9% 432.00kB/547.49kB [11s] 
Writing at 0x000d1728 ━━━━━━━━━━━━━━━━━━━━━━━━╸       81.8% 448.00kB/547.49kB [11s] 
Writing at 0x000d7fc6 ━━━━━━━━━━━━━━━━━━━━━━━━━       84.8% 464.00kB/547.49kB [11s] 
Writing at 0x000ddf5b ━━━━━━━━━━━━━━━━━━━━━━━━━━      87.7% 480.00kB/547.49kB [12s] 
Writing at 0x000e3fd0 ━━━━━━━━━━━━━━━━━━━━━━━━━━━     90.6% 496.00kB/547.49kB [12s] 
Writing at 0x000e9f91 ━━━━━━━━━━━━━━━━━━━━━━━━━━━━    93.5% 512.00kB/547.49kB [13s] 
Writing at 0x000efc7a ━━━━━━━━━━━━━━━━━━━━━━━━━━━━╸   96.4% 528.00kB/547.49kB [13s] 
Writing at 0x000f63b4 ━━━━━━━━━━━━━━━━━━━━━━━━━━━━━╸  99.4% 544.00kB/547.49kB [13s] 
Writing at 0x000f783c ━━━━━━━━━━━━━━━━━━━━━━━━━━━━━━ 100.0% 547.49kB/547.49kB [13s] 
Wrote 1005628 bytes (560628 compressed) at 0x00002000 in 11.8 seconds (683.5 kbit/s).
Verifying written data...
Hash of data verified.

Writing '/home/regex/work/esp32s31-openvela/openvela-dev/out/esp32s31-cmake-demo/appfs.img' at 0x00200000...
Flash will be erased from 0x00200000 to 0x002abfff...
Compressed 703488 bytes to 381804...
Writing at 0x002073d8 ━                                4.3% 16.00kB/372.86kB [0s] 
Writing at 0x0020ce3e ━━╸                              8.6% 32.00kB/372.86kB [0s] 
Writing at 0x00215356 ━━━╸                            12.9% 48.00kB/372.86kB [1s] 
Writing at 0x0021efe2 ━━━━━                           17.2% 64.00kB/372.86kB [1s] 
Writing at 0x0022d17e ━━━━━━                          21.5% 80.00kB/372.86kB [1s] 
Writing at 0x002330ab ━━━━━━━╸                        25.7% 96.00kB/372.86kB [2s] 
Writing at 0x0023911b ━━━━━━━━━                       30.0% 112.00kB/372.86kB [2s] 
Writing at 0x0023e8a1 ━━━━━━━━━━                      34.3% 128.00kB/372.86kB [3s] 
Writing at 0x00248401 ━━━━━━━━━━━╸                    38.6% 144.00kB/372.86kB [3s] 
Writing at 0x0024ef82 ━━━━━━━━━━━━╸                   42.9% 160.00kB/372.86kB [3s] 
Writing at 0x00254b3e ━━━━━━━━━━━━━━                  47.2% 176.00kB/372.86kB [4s] 
Writing at 0x0025d732 ━━━━━━━━━━━━━━━                 51.5% 192.00kB/372.86kB [4s] 
Writing at 0x0026324e ━━━━━━━━━━━━━━━━╸               55.8% 208.00kB/372.86kB [5s] 
Writing at 0x0026a68e ━━━━━━━━━━━━━━━━━━              60.1% 224.00kB/372.86kB [5s] 
Writing at 0x002721be ━━━━━━━━━━━━━━━━━━━             64.4% 240.00kB/372.86kB [5s] 
Writing at 0x0027a28b ━━━━━━━━━━━━━━━━━━━━╸           68.7% 256.00kB/372.86kB [6s] 
Writing at 0x0027f8fa ━━━━━━━━━━━━━━━━━━━━━╸          73.0% 272.00kB/372.86kB [6s] 
Writing at 0x00288623 ━━━━━━━━━━━━━━━━━━━━━━━         77.2% 288.00kB/372.86kB [7s] 
Writing at 0x0028ef8b ━━━━━━━━━━━━━━━━━━━━━━━━        81.5% 304.00kB/372.86kB [7s] 
Writing at 0x00294e27 ━━━━━━━━━━━━━━━━━━━━━━━━━╸      85.8% 320.00kB/372.86kB [7s] 
Writing at 0x0029b051 ━━━━━━━━━━━━━━━━━━━━━━━━━━━     90.1% 336.00kB/372.86kB [8s] 
Writing at 0x002a0c70 ━━━━━━━━━━━━━━━━━━━━━━━━━━━━    94.4% 352.00kB/372.86kB [8s] 
Writing at 0x002a8109 ━━━━━━━━━━━━━━━━━━━━━━━━━━━━━╸  98.7% 368.00kB/372.86kB [9s] 
Writing at 0x002abc00 ━━━━━━━━━━━━━━━━━━━━━━━━━━━━━━ 100.0% 372.86kB/372.86kB [9s] 
Wrote 703488 bytes (381804 compressed) at 0x00200000 in 9.4 seconds (595.9 kbit/s).
Verifying written data...
Hash of data verified.

Hard resetting via RTS pin...
