before-a.bin: OK
before-b.bin: OK
WIFI_ARTIFACT_CONFIG=PASS booleans=1682 protocol=7
+ /home/regex/.espressif/python_env/idf6.1_py3.10_env/bin/esptool --chip esp32s31 --port /dev/serial/by-id/usb-Silicon_Labs_CP2102N_USB_to_UART_Bridge_Controller_f65e4ef67f71f011975a049f1045c30f-if00-port0 --baud 460800 write-flash --flash-size 16MB --flash-mode dio --flash-freq 80m 0x2000 /home/regex/work/esp32s31-openvela/openvela-dev/out/esp32s31-cmake-demo/nuttx.bin 0x200000 /home/regex/work/esp32s31-openvela/openvela-dev/out/esp32s31-cmake-demo/appfs.img
esptool v5.4.0
Serial port /dev/serial/by-id/usb-Silicon_Labs_CP2102N_USB_to_UART_Bridge_Controller_f65e4ef67f71f011975a049f1045c30f-if00-port0:
Connecting....
Connected to ESP32-S31 on /dev/serial/by-id/usb-Silicon_Labs_CP2102N_USB_to_UART_Bridge_Controller_f65e4ef67f71f011975a049f1045c30f-if00-port0:
Chip type:          ESP32-S31 (revision v0.0)
Features:           Wi-Fi 6, BT 5.4 (LE), IEEE802.15.4, Dual Core + LP Core, 300MHz
Crystal frequency:  40MHz
MAC:                30:ed:a0:f3:f7:b0

Uploading stub flasher...
Running stub flasher...
Stub flasher running.
Changing baud rate to 460800...
Changed.

Configuring flash size...

Writing '/home/regex/work/esp32s31-openvela/openvela-dev/out/esp32s31-cmake-demo/nuttx.bin' at 0x00002000...
SHA digest in image updated.
Flash will be erased from 0x00002000 to 0x000f7fff...
Compressed 1003836 bytes to 559097...
Writing at 0x00007da5 ╸                                2.9% 16.00kB/545.99kB [0s] 
Writing at 0x0000df11 ━╸                               5.9% 32.00kB/545.99kB [0s] 
Writing at 0x00015ceb ━━╸                              8.8% 48.00kB/545.99kB [1s] 
Writing at 0x0002a0c9 ━━━╸                            11.7% 64.00kB/545.99kB [1s] 
Writing at 0x00031665 ━━━━                            14.7% 80.00kB/545.99kB [2s] 
Writing at 0x0004231a ━━━━━                           17.6% 96.00kB/545.99kB [2s] 
Writing at 0x000483ea ━━━━━━                          20.5% 112.00kB/545.99kB [3s] 
Writing at 0x0004e7d4 ━━━━━━━                         23.4% 128.00kB/545.99kB [3s] 
Writing at 0x00055c6b ━━━━━━━╸                        26.4% 144.00kB/545.99kB [3s] 
Writing at 0x0005f13f ━━━━━━━━╸                       29.3% 160.00kB/545.99kB [4s] 
Writing at 0x00065eb0 ━━━━━━━━━╸                      32.2% 176.00kB/545.99kB [4s] 
Writing at 0x0006d8ce ━━━━━━━━━━╸                     35.2% 192.00kB/545.99kB [5s] 
Writing at 0x00074054 ━━━━━━━━━━━                     38.1% 208.00kB/545.99kB [5s] 
Writing at 0x0007a0eb ━━━━━━━━━━━━                    41.0% 224.00kB/545.99kB [5s] 
Writing at 0x00080081 ━━━━━━━━━━━━━                   44.0% 240.00kB/545.99kB [6s] 
Writing at 0x00085760 ━━━━━━━━━━━━━━                  46.9% 256.00kB/545.99kB [6s] 
Writing at 0x0008b117 ━━━━━━━━━━━━━━╸                 49.8% 272.00kB/545.99kB [7s] 
Writing at 0x00090ad2 ━━━━━━━━━━━━━━━╸                52.7% 288.00kB/545.99kB [7s] 
Writing at 0x00096967 ━━━━━━━━━━━━━━━━╸               55.7% 304.00kB/545.99kB [7s] 
Writing at 0x0009dd74 ━━━━━━━━━━━━━━━━━╸              58.6% 320.00kB/545.99kB [8s] 
Writing at 0x000a61eb ━━━━━━━━━━━━━━━━━━              61.5% 336.00kB/545.99kB [8s] 
Writing at 0x000ac4db ━━━━━━━━━━━━━━━━━━━             64.5% 352.00kB/545.99kB [9s] 
Writing at 0x000b2921 ━━━━━━━━━━━━━━━━━━━━            67.4% 368.00kB/545.99kB [9s] 
Writing at 0x000b9775 ━━━━━━━━━━━━━━━━━━━━━           70.3% 384.00kB/545.99kB [9s] 
Writing at 0x000bfb55 ━━━━━━━━━━━━━━━━━━━━━╸          73.3% 400.00kB/545.99kB [10s] 
Writing at 0x000c567b ━━━━━━━━━━━━━━━━━━━━━━╸         76.2% 416.00kB/545.99kB [10s] 
Writing at 0x000cb272 ━━━━━━━━━━━━━━━━━━━━━━━╸        79.1% 432.00kB/545.99kB [10s] 
Writing at 0x000d1961 ━━━━━━━━━━━━━━━━━━━━━━━━╸       82.1% 448.00kB/545.99kB [11s] 
Writing at 0x000d8175 ━━━━━━━━━━━━━━━━━━━━━━━━━       85.0% 464.00kB/545.99kB [11s] 
Writing at 0x000de052 ━━━━━━━━━━━━━━━━━━━━━━━━━━      87.9% 480.00kB/545.99kB [12s] 
Writing at 0x000e41ef ━━━━━━━━━━━━━━━━━━━━━━━━━━━     90.8% 496.00kB/545.99kB [12s] 
Writing at 0x000ea1df ━━━━━━━━━━━━━━━━━━━━━━━━━━━━    93.8% 512.00kB/545.99kB [12s] 
Writing at 0x000efe24 ━━━━━━━━━━━━━━━━━━━━━━━━━━━━━   96.7% 528.00kB/545.99kB [13s] 
Writing at 0x000f653a ━━━━━━━━━━━━━━━━━━━━━━━━━━━━━╸  99.6% 544.00kB/545.99kB [13s] 
Writing at 0x000f713c ━━━━━━━━━━━━━━━━━━━━━━━━━━━━━━ 100.0% 545.99kB/545.99kB [13s] 
Wrote 1003836 bytes (559097 compressed) at 0x00002000 in 11.9 seconds (674.1 kbit/s).
Verifying written data...
Hash of data verified.

Writing '/home/regex/work/esp32s31-openvela/openvela-dev/out/esp32s31-cmake-demo/appfs.img' at 0x00200000...
Flash will be erased from 0x00200000 to 0x002abfff...
Compressed 703488 bytes to 381806...
Writing at 0x002073d8 ━                                4.3% 16.00kB/372.86kB [0s] 
Writing at 0x0020ce3e ━━╸                              8.6% 32.00kB/372.86kB [0s] 
Writing at 0x00215356 ━━━╸                            12.9% 48.00kB/372.86kB [1s] 
Writing at 0x0021edde ━━━━━                           17.2% 64.00kB/372.86kB [1s] 
Writing at 0x0022d179 ━━━━━━                          21.5% 80.00kB/372.86kB [1s] 
Writing at 0x002330a5 ━━━━━━━╸                        25.7% 96.00kB/372.86kB [2s] 
Writing at 0x00239116 ━━━━━━━━━                       30.0% 112.00kB/372.86kB [2s] 
Writing at 0x0023e89e ━━━━━━━━━━                      34.3% 128.00kB/372.86kB [3s] 
Writing at 0x002483fe ━━━━━━━━━━━╸                    38.6% 144.00kB/372.86kB [3s] 
Writing at 0x0024ef7d ━━━━━━━━━━━━╸                   42.9% 160.00kB/372.86kB [3s] 
Writing at 0x00254b3d ━━━━━━━━━━━━━━                  47.2% 176.00kB/372.86kB [4s] 
Writing at 0x0025d72e ━━━━━━━━━━━━━━━                 51.5% 192.00kB/372.86kB [4s] 
Writing at 0x0026324b ━━━━━━━━━━━━━━━━╸               55.8% 208.00kB/372.86kB [5s] 
Writing at 0x0026a68b ━━━━━━━━━━━━━━━━━━              60.1% 224.00kB/372.86kB [5s] 
Writing at 0x002721b9 ━━━━━━━━━━━━━━━━━━━             64.4% 240.00kB/372.86kB [5s] 
Writing at 0x0027a286 ━━━━━━━━━━━━━━━━━━━━╸           68.7% 256.00kB/372.86kB [6s] 
Writing at 0x0027f8f8 ━━━━━━━━━━━━━━━━━━━━━╸          73.0% 272.00kB/372.86kB [6s] 
Writing at 0x00288620 ━━━━━━━━━━━━━━━━━━━━━━━         77.2% 288.00kB/372.86kB [7s] 
Writing at 0x0028ef88 ━━━━━━━━━━━━━━━━━━━━━━━━        81.5% 304.00kB/372.86kB [7s] 
Writing at 0x00294e22 ━━━━━━━━━━━━━━━━━━━━━━━━━╸      85.8% 320.00kB/372.86kB [7s] 
Writing at 0x0029b04e ━━━━━━━━━━━━━━━━━━━━━━━━━━━     90.1% 336.00kB/372.86kB [8s] 
Writing at 0x002a0c6d ━━━━━━━━━━━━━━━━━━━━━━━━━━━━    94.4% 352.00kB/372.86kB [8s] 
Writing at 0x002a8100 ━━━━━━━━━━━━━━━━━━━━━━━━━━━━━╸  98.7% 368.00kB/372.86kB [9s] 
Writing at 0x002abc00 ━━━━━━━━━━━━━━━━━━━━━━━━━━━━━━ 100.0% 372.86kB/372.86kB [9s] 
Wrote 703488 bytes (381806 compressed) at 0x00200000 in 9.2 seconds (611.6 kbit/s).
Verifying written data...
Hash of data verified.

Hard resetting via RTS pin...
