+ receipt=backups/2026-09-10-scan-stress/logs/build146.sha256
+ flash_mode=kernel
+ case "$flash_mode" in
+ firmware_dir=/home/regex/work/esp32s31-openvela/openvela-dev/out/esp32s31-cmake-production6
+ sha256sum /home/regex/work/esp32s31-openvela/openvela-dev/out/esp32s31-cmake-production6/nuttx.bin /home/regex/work/esp32s31-openvela/openvela-dev/out/esp32s31-cmake-production6/appfs.img
+ cmp -s - backups/2026-09-10-scan-stress/logs/build146.sha256
+ flash_args=(0x2000 "$firmware_dir/nuttx.bin")
+ '[' kernel = appfs ']'
+ /home/regex/.espressif/python_env/idf6.1_py3.10_env/bin/esptool --chip esp32s31 --port /dev/ttyUSB0 --baud 460800 write-flash --flash-size 16MB --flash-mode dio --flash-freq 80m 0x2000 /home/regex/work/esp32s31-openvela/openvela-dev/out/esp32s31-cmake-production6/nuttx.bin
esptool v5.4.0
Serial port /dev/ttyUSB0:
Connecting....
Connected to ESP32-S31 on /dev/ttyUSB0:
Chip type:          ESP32-S31 (revision v0.0)
Features:           Wi-Fi 6, BT 5.4 (LE), IEEE802.15.4, Dual Core + LP Core, 300MHz
Crystal frequency:  40MHz
MAC:                30:ed:a0:f3:f7:b0

Uploading stub flasher...
Running stub flasher...
Stub flasher running.
Changing baud rate to 460800...
Changed.

Configuring flash size...
SHA digest in image updated.
Flash will be erased from 0x00002000 to 0x000f2fff...
Compressed 984364 bytes to 542271...
Writing at 0x00007e07 ╸                                3.0% 16.00kB/529.56kB [0s] 
Writing at 0x0000e034 ━╸                               6.0% 32.00kB/529.56kB [0s] 
Writing at 0x000230ea ━━╸                              9.1% 48.00kB/529.56kB [1s] 
Writing at 0x0002aff8 ━━━╸                            12.1% 64.00kB/529.56kB [1s] 
Writing at 0x0003504d ━━━━╸                           15.1% 80.00kB/529.56kB [2s] 
Writing at 0x00043f68 ━━━━━                           18.1% 96.00kB/529.56kB [2s] 
Writing at 0x0004a600 ━━━━━━                          21.1% 112.00kB/529.56kB [2s] 
Writing at 0x00050e42 ━━━━━━━                         24.2% 128.00kB/529.56kB [3s] 
Writing at 0x0005910d ━━━━━━━━                        27.2% 144.00kB/529.56kB [3s] 
Writing at 0x00061474 ━━━━━━━━━                       30.2% 160.00kB/529.56kB [3s] 
Writing at 0x00068c1d ━━━━━━━━━╸                      33.2% 176.00kB/529.56kB [4s] 
Writing at 0x0006fdf6 ━━━━━━━━━━╸                     36.3% 192.00kB/529.56kB [4s] 
Writing at 0x000760fe ━━━━━━━━━━━╸                    39.3% 208.00kB/529.56kB [4s] 
Writing at 0x0007c1b5 ━━━━━━━━━━━━╸                   42.3% 224.00kB/529.56kB [5s] 
Writing at 0x00081881 ━━━━━━━━━━━━━╸                  45.3% 240.00kB/529.56kB [5s] 
Writing at 0x0008723d ━━━━━━━━━━━━━━╸                 48.3% 256.00kB/529.56kB [5s] 
Writing at 0x0008cc0e ━━━━━━━━━━━━━━━                 51.4% 272.00kB/529.56kB [6s] 
Writing at 0x00092948 ━━━━━━━━━━━━━━━━                54.4% 288.00kB/529.56kB [6s] 
Writing at 0x000995df ━━━━━━━━━━━━━━━━━               57.4% 304.00kB/529.56kB [7s] 
Writing at 0x000a1d60 ━━━━━━━━━━━━━━━━━━              60.4% 320.00kB/529.56kB [7s] 
Writing at 0x000a7e4b ━━━━━━━━━━━━━━━━━━━             63.4% 336.00kB/529.56kB [7s] 
Writing at 0x000ae304 ━━━━━━━━━━━━━━━━━━━╸            66.5% 352.00kB/529.56kB [8s] 
Writing at 0x000b4f5e ━━━━━━━━━━━━━━━━━━━━╸           69.5% 368.00kB/529.56kB [8s] 
Writing at 0x000bb0ea ━━━━━━━━━━━━━━━━━━━━━╸          72.5% 384.00kB/529.56kB [8s] 
Writing at 0x000c0d4b ━━━━━━━━━━━━━━━━━━━━━━╸         75.5% 400.00kB/529.56kB [9s] 
Writing at 0x000c6b94 ━━━━━━━━━━━━━━━━━━━━━━━╸        78.6% 416.00kB/529.56kB [9s] 
Writing at 0x000cd0ce ━━━━━━━━━━━━━━━━━━━━━━━━        81.6% 432.00kB/529.56kB [9s] 
Writing at 0x000d3816 ━━━━━━━━━━━━━━━━━━━━━━━━━       84.6% 448.00kB/529.56kB [10s] 
Writing at 0x000d97f2 ━━━━━━━━━━━━━━━━━━━━━━━━━━      87.6% 464.00kB/529.56kB [10s] 
Writing at 0x000df888 ━━━━━━━━━━━━━━━━━━━━━━━━━━━     90.6% 480.00kB/529.56kB [10s] 
Writing at 0x000e5a03 ━━━━━━━━━━━━━━━━━━━━━━━━━━━━    93.7% 496.00kB/529.56kB [11s] 
Writing at 0x000eb589 ━━━━━━━━━━━━━━━━━━━━━━━━━━━━━   96.7% 512.00kB/529.56kB [11s] 
Writing at 0x000f1b2d ━━━━━━━━━━━━━━━━━━━━━━━━━━━━━╸  99.7% 528.00kB/529.56kB [12s] 
Writing at 0x000f252c ━━━━━━━━━━━━━━━━━━━━━━━━━━━━━━ 100.0% 529.56kB/529.56kB [12s] 
Wrote 984364 bytes (542271 compressed) at 0x00002000 in 12.1 seconds (649.2 kbit/s).
Verifying written data...
Hash of data verified.

Hard resetting via RTS pin...
