before-a.bin: OK
before-b.bin: OK
WIFI_ARTIFACT_CONFIG=PASS booleans=1682 protocol=7
+ /home/regex/.espressif/python_env/idf6.1_py3.10_env/bin/esptool --chip esp32s31 --port /dev/serial/by-id/usb-Silicon_Labs_CP2102N_USB_to_UART_Bridge_Controller_f65e4ef67f71f011975a049f1045c30f-if00-port0 --baud 460800 write-flash --flash-size 16MB --flash-mode dio --flash-freq 80m 0x2000 /home/regex/work/esp32s31-openvela/openvela-dev/out/esp32s31-cmake-demo/nuttx.bin 0x200000 /home/regex/work/esp32s31-openvela/openvela-dev/out/esp32s31-cmake-demo/appfs.img
esptool v5.4.0
Serial port /dev/serial/by-id/usb-Silicon_Labs_CP2102N_USB_to_UART_Bridge_Controller_f65e4ef67f71f011975a049f1045c30f-if00-port0:
Connecting....
Connected to ESP32-S31 on /dev/serial/by-id/usb-Silicon_Labs_CP2102N_USB_to_UART_Bridge_Controller_f65e4ef67f71f011975a049f1045c30f-if00-port0:
Chip type:          ESP32-S31 (revision v0.0)
Features:           Wi-Fi 6, BT 5.4 (LE), IEEE802.15.4, Dual Core + LP Core, 300MHz
Crystal frequency:  40MHz
MAC:                30:ed:a0:f3:f7:b0

Uploading stub flasher...
Running stub flasher...
Stub flasher running.
Changing baud rate to 460800...
Changed.

Configuring flash size...

Writing '/home/regex/work/esp32s31-openvela/openvela-dev/out/esp32s31-cmake-demo/nuttx.bin' at 0x00002000...
SHA digest in image updated.
Flash will be erased from 0x00002000 to 0x000f7fff...
Compressed 1003876 bytes to 559324...
Writing at 0x00007d17 ╸                                2.9% 16.00kB/546.21kB [0s] 
Writing at 0x0000de8c ━╸                               5.9% 32.00kB/546.21kB [0s] 
Writing at 0x00015ca3 ━━╸                              8.8% 48.00kB/546.21kB [1s] 
Writing at 0x00029fc8 ━━━╸                            11.7% 64.00kB/546.21kB [1s] 
Writing at 0x00031654 ━━━━                            14.6% 80.00kB/546.21kB [2s] 
Writing at 0x000423b9 ━━━━━                           17.6% 96.00kB/546.21kB [2s] 
Writing at 0x0004846a ━━━━━━                          20.5% 112.00kB/546.21kB [3s] 
Writing at 0x0004e87e ━━━━━━━                         23.4% 128.00kB/546.21kB [3s] 
Writing at 0x00055e1d ━━━━━━━╸                        26.4% 144.00kB/546.21kB [3s] 
Writing at 0x0005f2c1 ━━━━━━━━╸                       29.3% 160.00kB/546.21kB [4s] 
Writing at 0x000660cc ━━━━━━━━━╸                      32.2% 176.00kB/546.21kB [4s] 
Writing at 0x0006d9ff ━━━━━━━━━━╸                     35.2% 192.00kB/546.21kB [5s] 
Writing at 0x0007401e ━━━━━━━━━━━                     38.1% 208.00kB/546.21kB [5s] 
Writing at 0x0007a34e ━━━━━━━━━━━━                    41.0% 224.00kB/546.21kB [5s] 
Writing at 0x0008035c ━━━━━━━━━━━━━                   43.9% 240.00kB/546.21kB [6s] 
Writing at 0x000859cb ━━━━━━━━━━━━━━                  46.9% 256.00kB/546.21kB [6s] 
Writing at 0x0008b3bd ━━━━━━━━━━━━━━╸                 49.8% 272.00kB/546.21kB [7s] 
Writing at 0x00090dc6 ━━━━━━━━━━━━━━━╸                52.7% 288.00kB/546.21kB [7s] 
Writing at 0x00096a22 ━━━━━━━━━━━━━━━━╸               55.7% 304.00kB/546.21kB [7s] 
Writing at 0x0009d908 ━━━━━━━━━━━━━━━━━╸              58.6% 320.00kB/546.21kB [8s] 
Writing at 0x000a5eb9 ━━━━━━━━━━━━━━━━━━              61.5% 336.00kB/546.21kB [8s] 
Writing at 0x000ac675 ━━━━━━━━━━━━━━━━━━━             64.4% 352.00kB/546.21kB [9s] 
Writing at 0x000b29df ━━━━━━━━━━━━━━━━━━━━            67.4% 368.00kB/546.21kB [9s] 
Writing at 0x000b9646 ━━━━━━━━━━━━━━━━━━━━━           70.3% 384.00kB/546.21kB [9s] 
Writing at 0x000bfa62 ━━━━━━━━━━━━━━━━━━━━━╸          73.2% 400.00kB/546.21kB [10s] 
Writing at 0x000c55c6 ━━━━━━━━━━━━━━━━━━━━━━╸         76.2% 416.00kB/546.21kB [10s] 
Writing at 0x000cb15e ━━━━━━━━━━━━━━━━━━━━━━━╸        79.1% 432.00kB/546.21kB [11s] 
Writing at 0x000d181c ━━━━━━━━━━━━━━━━━━━━━━━━╸       82.0% 448.00kB/546.21kB [11s] 
Writing at 0x000d806b ━━━━━━━━━━━━━━━━━━━━━━━━━       84.9% 464.00kB/546.21kB [11s] 
Writing at 0x000ddf66 ━━━━━━━━━━━━━━━━━━━━━━━━━━      87.9% 480.00kB/546.21kB [12s] 
Writing at 0x000e408b ━━━━━━━━━━━━━━━━━━━━━━━━━━━     90.8% 496.00kB/546.21kB [12s] 
Writing at 0x000ea0ad ━━━━━━━━━━━━━━━━━━━━━━━━━━━━    93.7% 512.00kB/546.21kB [13s] 
Writing at 0x000efd1a ━━━━━━━━━━━━━━━━━━━━━━━━━━━━╸   96.7% 528.00kB/546.21kB [13s] 
Writing at 0x000f6401 ━━━━━━━━━━━━━━━━━━━━━━━━━━━━━╸  99.6% 544.00kB/546.21kB [13s] 
Writing at 0x000f7164 ━━━━━━━━━━━━━━━━━━━━━━━━━━━━━━ 100.0% 546.21kB/546.21kB [13s] 
Wrote 1003876 bytes (559324 compressed) at 0x00002000 in 14.0 seconds (573.8 kbit/s).
Verifying written data...
Hash of data verified.

Writing '/home/regex/work/esp32s31-openvela/openvela-dev/out/esp32s31-cmake-demo/appfs.img' at 0x00200000...
Flash will be erased from 0x00200000 to 0x002abfff...
Compressed 703488 bytes to 381751...
Writing at 0x002073d8 ━                                4.3% 16.00kB/372.80kB [0s] 
Writing at 0x0020ce3e ━━╸                              8.6% 32.00kB/372.80kB [0s] 
Writing at 0x0021534e ━━━╸                            12.9% 48.00kB/372.80kB [1s] 
Writing at 0x0021edde ━━━━━                           17.2% 64.00kB/372.80kB [1s] 
Writing at 0x0022d16e ━━━━━━                          21.5% 80.00kB/372.80kB [2s] 
Writing at 0x002330a7 ━━━━━━━╸                        25.8% 96.00kB/372.80kB [2s] 
Writing at 0x0023911c ━━━━━━━━━                       30.0% 112.00kB/372.80kB [2s] 
Writing at 0x0023e892 ━━━━━━━━━━                      34.3% 128.00kB/372.80kB [3s] 
Writing at 0x0024841a ━━━━━━━━━━━╸                    38.6% 144.00kB/372.80kB [3s] 
Writing at 0x0024ef9f ━━━━━━━━━━━━╸                   42.9% 160.00kB/372.80kB [4s] 
Writing at 0x00254b5c ━━━━━━━━━━━━━━                  47.2% 176.00kB/372.80kB [4s] 
Writing at 0x0025d73f ━━━━━━━━━━━━━━━                 51.5% 192.00kB/372.80kB [4s] 
Writing at 0x00263267 ━━━━━━━━━━━━━━━━╸               55.8% 208.00kB/372.80kB [5s] 
Writing at 0x0026a6a9 ━━━━━━━━━━━━━━━━━━              60.1% 224.00kB/372.80kB [5s] 
Writing at 0x002721d0 ━━━━━━━━━━━━━━━━━━━             64.4% 240.00kB/372.80kB [6s] 
Writing at 0x0027a2a4 ━━━━━━━━━━━━━━━━━━━━╸           68.7% 256.00kB/372.80kB [6s] 
Writing at 0x0027f909 ━━━━━━━━━━━━━━━━━━━━━╸          73.0% 272.00kB/372.80kB [6s] 
Writing at 0x00288637 ━━━━━━━━━━━━━━━━━━━━━━━         77.3% 288.00kB/372.80kB [7s] 
Writing at 0x0028ef9a ━━━━━━━━━━━━━━━━━━━━━━━━        81.5% 304.00kB/372.80kB [7s] 
Writing at 0x00294e55 ━━━━━━━━━━━━━━━━━━━━━━━━━╸      85.8% 320.00kB/372.80kB [8s] 
Writing at 0x0029b06d ━━━━━━━━━━━━━━━━━━━━━━━━━━━     90.1% 336.00kB/372.80kB [8s] 
Writing at 0x002a0c8e ━━━━━━━━━━━━━━━━━━━━━━━━━━━━    94.4% 352.00kB/372.80kB [8s] 
Writing at 0x002a818d ━━━━━━━━━━━━━━━━━━━━━━━━━━━━━╸  98.7% 368.00kB/372.80kB [9s] 
Writing at 0x002abc00 ━━━━━━━━━━━━━━━━━━━━━━━━━━━━━━ 100.0% 372.80kB/372.80kB [9s] 
Wrote 703488 bytes (381751 compressed) at 0x00200000 in 9.5 seconds (594.6 kbit/s).
Verifying written data...
Hash of data verified.

Hard resetting via RTS pin...
