+ receipt=backups/2026-09-10-scan-stress/logs/build128.sha256
+ flash_mode=kernel
+ case "$flash_mode" in
+ firmware_dir=/home/regex/work/esp32s31-openvela/openvela-dev/out/esp32s31-cmake-production6
+ sha256sum /home/regex/work/esp32s31-openvela/openvela-dev/out/esp32s31-cmake-production6/nuttx.bin /home/regex/work/esp32s31-openvela/openvela-dev/out/esp32s31-cmake-production6/appfs.img
+ cmp -s - backups/2026-09-10-scan-stress/logs/build128.sha256
+ flash_args=(0x2000 "$firmware_dir/nuttx.bin")
+ '[' kernel = appfs ']'
+ /home/regex/.espressif/python_env/idf6.1_py3.10_env/bin/esptool --chip esp32s31 --port /dev/ttyUSB0 --baud 460800 write-flash --flash-size 16MB --flash-mode dio --flash-freq 80m 0x2000 /home/regex/work/esp32s31-openvela/openvela-dev/out/esp32s31-cmake-production6/nuttx.bin
esptool v5.4.0
Serial port /dev/ttyUSB0:
Connecting....
Connected to ESP32-S31 on /dev/ttyUSB0:
Chip type:          ESP32-S31 (revision v0.0)
Features:           Wi-Fi 6, BT 5.4 (LE), IEEE802.15.4, Dual Core + LP Core, 300MHz
Crystal frequency:  40MHz
MAC:                30:ed:a0:f3:f7:b0

Uploading stub flasher...
Running stub flasher...
Stub flasher running.
Changing baud rate to 460800...
Changed.

Configuring flash size...
SHA digest in image updated.
Flash will be erased from 0x00002000 to 0x000f2fff...
Compressed 983448 bytes to 541439...
Writing at 0x00007e0a ╸                                3.0% 16.00kB/528.75kB [0s] 
Writing at 0x0000e03a ━╸                               6.1% 32.00kB/528.75kB [0s] 
Writing at 0x00023122 ━━╸                              9.1% 48.00kB/528.75kB [1s] 
Writing at 0x0002aef7 ━━━╸                            12.1% 64.00kB/528.75kB [1s] 
Writing at 0x0003516c ━━━━╸                           15.1% 80.00kB/528.75kB [2s] 
Writing at 0x000440e5 ━━━━━                           18.2% 96.00kB/528.75kB [2s] 
Writing at 0x0004a6fb ━━━━━━                          21.2% 112.00kB/528.75kB [2s] 
Writing at 0x00051023 ━━━━━━━                         24.2% 128.00kB/528.75kB [3s] 
Writing at 0x00059355 ━━━━━━━━                        27.2% 144.00kB/528.75kB [3s] 
Writing at 0x0006157c ━━━━━━━━━                       30.3% 160.00kB/528.75kB [3s] 
Writing at 0x00068d66 ━━━━━━━━━╸                      33.3% 176.00kB/528.75kB [4s] 
Writing at 0x0006ff4a ━━━━━━━━━━╸                     36.3% 192.00kB/528.75kB [4s] 
Writing at 0x00076298 ━━━━━━━━━━━╸                    39.3% 208.00kB/528.75kB [5s] 
Writing at 0x0007c36c ━━━━━━━━━━━━╸                   42.4% 224.00kB/528.75kB [5s] 
Writing at 0x000819e5 ━━━━━━━━━━━━━╸                  45.4% 240.00kB/528.75kB [5s] 
Writing at 0x000873d3 ━━━━━━━━━━━━━━╸                 48.4% 256.00kB/528.75kB [6s] 
Writing at 0x0008ce1e ━━━━━━━━━━━━━━━                 51.4% 272.00kB/528.75kB [6s] 
Writing at 0x00092aa6 ━━━━━━━━━━━━━━━━                54.5% 288.00kB/528.75kB [6s] 
Writing at 0x0009976c ━━━━━━━━━━━━━━━━━               57.5% 304.00kB/528.75kB [7s] 
Writing at 0x000a2150 ━━━━━━━━━━━━━━━━━━              60.5% 320.00kB/528.75kB [7s] 
Writing at 0x000a7f65 ━━━━━━━━━━━━━━━━━━━             63.5% 336.00kB/528.75kB [7s] 
Writing at 0x000ae4e6 ━━━━━━━━━━━━━━━━━━━╸            66.6% 352.00kB/528.75kB [8s] 
Writing at 0x000b5095 ━━━━━━━━━━━━━━━━━━━━╸           69.6% 368.00kB/528.75kB [8s] 
Writing at 0x000bb24f ━━━━━━━━━━━━━━━━━━━━━╸          72.6% 384.00kB/528.75kB [8s] 
Writing at 0x000c0f08 ━━━━━━━━━━━━━━━━━━━━━━╸         75.7% 400.00kB/528.75kB [9s] 
Writing at 0x000c6e12 ━━━━━━━━━━━━━━━━━━━━━━━╸        78.7% 416.00kB/528.75kB [9s] 
Writing at 0x000cd23e ━━━━━━━━━━━━━━━━━━━━━━━━╸       81.7% 432.00kB/528.75kB [9s] 
Writing at 0x000d3a31 ━━━━━━━━━━━━━━━━━━━━━━━━━       84.7% 448.00kB/528.75kB [10s] 
Writing at 0x000d98fc ━━━━━━━━━━━━━━━━━━━━━━━━━━      87.8% 464.00kB/528.75kB [10s] 
Writing at 0x000dfa60 ━━━━━━━━━━━━━━━━━━━━━━━━━━━     90.8% 480.00kB/528.75kB [11s] 
Writing at 0x000e5b86 ━━━━━━━━━━━━━━━━━━━━━━━━━━━━    93.8% 496.00kB/528.75kB [11s] 
Writing at 0x000eb82a ━━━━━━━━━━━━━━━━━━━━━━━━━━━━━   96.8% 512.00kB/528.75kB [11s] 
Writing at 0x000f1c86 ━━━━━━━━━━━━━━━━━━━━━━━━━━━━━╸  99.9% 528.00kB/528.75kB [12s] 
Writing at 0x000f2198 ━━━━━━━━━━━━━━━━━━━━━━━━━━━━━━ 100.0% 528.75kB/528.75kB [12s] 
Wrote 983448 bytes (541439 compressed) at 0x00002000 in 14.1 seconds (557.3 kbit/s).
Verifying written data...
Hash of data verified.

Hard resetting via RTS pin...
