esptool v5.4.0
Serial port /dev/serial/by-id/usb-Silicon_Labs_CP2102N_USB_to_UART_Bridge_Controller_f65e4ef67f71f011975a049f1045c30f-if00-port0:
Connecting....
Connected to ESP32-S31 on /dev/serial/by-id/usb-Silicon_Labs_CP2102N_USB_to_UART_Bridge_Controller_f65e4ef67f71f011975a049f1045c30f-if00-port0:
Chip type:          ESP32-S31 (revision v0.0)
Features:           Wi-Fi 6, BT 5.4 (LE), IEEE802.15.4, Dual Core + LP Core, 300MHz
Crystal frequency:  40MHz
MAC:                30:ed:a0:f3:f7:b0

Uploading stub flasher...
Running stub flasher...
Stub flasher running.
Changing baud rate to 460800...
Changed.

Configuring flash size...
SHA digest in image updated.
Flash will be erased from 0x00002000 to 0x000defff...
Compressed 903824 bytes to 506283...
Writing at 0x00007a6c ╸                                3.2% 16.00kB/494.42kB [0s] 
Writing at 0x0000db24 ━╸                               6.5% 32.00kB/494.42kB [0s] 
Writing at 0x0002734d ━━╸                              9.7% 48.00kB/494.42kB [1s] 
Writing at 0x0002dc8c ━━━╸                            12.9% 64.00kB/494.42kB [1s] 
Writing at 0x00038c57 ━━━━╸                           16.2% 80.00kB/494.42kB [2s] 
Writing at 0x000449e6 ━━━━━╸                          19.4% 96.00kB/494.42kB [2s] 
Writing at 0x0004ab47 ━━━━━━╸                         22.7% 112.00kB/494.42kB [2s] 
Writing at 0x0005211c ━━━━━━━╸                        25.9% 128.00kB/494.42kB [3s] 
Writing at 0x00059f22 ━━━━━━━━╸                       29.1% 144.00kB/494.42kB [3s] 
Writing at 0x0006031c ━━━━━━━━━╸                      32.4% 160.00kB/494.42kB [3s] 
Writing at 0x000662f4 ━━━━━━━━━━╸                     35.6% 176.00kB/494.42kB [4s] 
Writing at 0x0006c673 ━━━━━━━━━━━╸                    38.8% 192.00kB/494.42kB [4s] 
Writing at 0x00072401 ━━━━━━━━━━━━╸                   42.1% 208.00kB/494.42kB [4s] 
Writing at 0x0007807f ━━━━━━━━━━━━━╸                  45.3% 224.00kB/494.42kB [5s] 
Writing at 0x0007d75d ━━━━━━━━━━━━━━╸                 48.5% 240.00kB/494.42kB [5s] 
Writing at 0x0008328b ━━━━━━━━━━━━━━━╸                51.8% 256.00kB/494.42kB [5s] 
Writing at 0x00088c61 ━━━━━━━━━━━━━━━━╸               55.0% 272.00kB/494.42kB [6s] 
Writing at 0x0008f672 ━━━━━━━━━━━━━━━━━               58.3% 288.00kB/494.42kB [6s] 
Writing at 0x00095e79 ━━━━━━━━━━━━━━━━━━              61.5% 304.00kB/494.42kB [7s] 
Writing at 0x0009ba40 ━━━━━━━━━━━━━━━━━━━             64.7% 320.00kB/494.42kB [7s] 
Writing at 0x000a2715 ━━━━━━━━━━━━━━━━━━━━            68.0% 336.00kB/494.42kB [7s] 
Writing at 0x000a86f7 ━━━━━━━━━━━━━━━━━━━━━           71.2% 352.00kB/494.42kB [8s] 
Writing at 0x000ae45e ━━━━━━━━━━━━━━━━━━━━━━          74.4% 368.00kB/494.42kB [8s] 
Writing at 0x000b45e3 ━━━━━━━━━━━━━━━━━━━━━━━         77.7% 384.00kB/494.42kB [8s] 
Writing at 0x000baaf3 ━━━━━━━━━━━━━━━━━━━━━━━━        80.9% 400.00kB/494.42kB [9s] 
Writing at 0x000c0fa7 ━━━━━━━━━━━━━━━━━━━━━━━━━       84.1% 416.00kB/494.42kB [9s] 
Writing at 0x000c6feb ━━━━━━━━━━━━━━━━━━━━━━━━━━      87.4% 432.00kB/494.42kB [9s] 
Writing at 0x000cd0ca ━━━━━━━━━━━━━━━━━━━━━━━━━━━     90.6% 448.00kB/494.42kB [10s] 
Writing at 0x000d304e ━━━━━━━━━━━━━━━━━━━━━━━━━━━━    93.8% 464.00kB/494.42kB [10s] 
Writing at 0x000d9021 ━━━━━━━━━━━━━━━━━━━━━━━━━━━━━   97.1% 480.00kB/494.42kB [10s] 
Writing at 0x000dea90 ━━━━━━━━━━━━━━━━━━━━━━━━━━━━━━ 100.0% 494.42kB/494.42kB [11s] 
Wrote 903824 bytes (506283 compressed) at 0x00002000 in 11.4 seconds (632.8 kbit/s).
Verifying written data...
Hash of data verified.

Hard resetting via RTS pin...
