before-a.bin: OK
before-b.bin: OK
WIFI_ARTIFACT_CONFIG=PASS booleans=1794 protocol=7
+ /home/regex/.espressif/python_env/idf6.1_py3.10_env/bin/esptool --chip esp32s31 --port /dev/serial/by-id/usb-Silicon_Labs_CP2102N_USB_to_UART_Bridge_Controller_f65e4ef67f71f011975a049f1045c30f-if00-port0 --baud 460800 write-flash --flash-size 16MB --flash-mode dio --flash-freq 80m 0x2000 /home/regex/work/esp32s31-openvela/openvela-dev/out/esp32s31-xts-standby/nuttx.bin 0x200000 /home/regex/work/esp32s31-openvela/openvela-dev/out/esp32s31-xts-standby/appfs.img
esptool v5.4.0
Serial port /dev/serial/by-id/usb-Silicon_Labs_CP2102N_USB_to_UART_Bridge_Controller_f65e4ef67f71f011975a049f1045c30f-if00-port0:
Connecting....
Connected to ESP32-S31 on /dev/serial/by-id/usb-Silicon_Labs_CP2102N_USB_to_UART_Bridge_Controller_f65e4ef67f71f011975a049f1045c30f-if00-port0:
Chip type:          ESP32-S31 (revision v0.0)
Features:           Wi-Fi 6, BT 5.4 (LE), IEEE802.15.4, Dual Core + LP Core, 300MHz
Crystal frequency:  40MHz
MAC:                30:ed:a0:f3:f7:b0

Uploading stub flasher...
Running stub flasher...
Stub flasher running.
Changing baud rate to 460800...
Changed.

Configuring flash size...

Writing '/home/regex/work/esp32s31-openvela/openvela-dev/out/esp32s31-xts-standby/nuttx.bin' at 0x00002000...
SHA digest in image updated.
Flash will be erased from 0x00002000 to 0x00149fff...
Compressed 1340516 bytes to 738127...
Writing at 0x0000810b ╸                                2.2% 16.00kB/720.83kB [0s] 
Writing at 0x0000dfff ━                                4.4% 32.00kB/720.83kB [0s] 
Writing at 0x000145d9 ━╸                               6.7% 48.00kB/720.83kB [1s] 
Writing at 0x00022e9f ━━╸                              8.9% 64.00kB/720.83kB [1s] 
Writing at 0x0002bcf3 ━━━                             11.1% 80.00kB/720.83kB [1s] 
Writing at 0x0003458c ━━━╸                            13.3% 96.00kB/720.83kB [2s] 
Writing at 0x00043856 ━━━━╸                           15.5% 112.00kB/720.83kB [2s] 
Writing at 0x0004a7c8 ━━━━━                           17.8% 128.00kB/720.83kB [2s] 
Writing at 0x00051605 ━━━━━╸                          20.0% 144.00kB/720.83kB [3s] 
Writing at 0x00058310 ━━━━━━╸                         22.2% 160.00kB/720.83kB [3s] 
Writing at 0x0005fd9d ━━━━━━━                         24.4% 176.00kB/720.83kB [4s] 
Writing at 0x00067a52 ━━━━━━━╸                        26.6% 192.00kB/720.83kB [4s] 
Writing at 0x0006fedc ━━━━━━━━╸                       28.9% 208.00kB/720.83kB [4s] 
Writing at 0x00078007 ━━━━━━━━━                       31.1% 224.00kB/720.83kB [5s] 
Writing at 0x0007f122 ━━━━━━━━━╸                      33.3% 240.00kB/720.83kB [5s] 
Writing at 0x000873ed ━━━━━━━━━━╸                     35.5% 256.00kB/720.83kB [5s] 
Writing at 0x0008effa ━━━━━━━━━━━                     37.7% 272.00kB/720.83kB [6s] 
Writing at 0x00095edd ━━━━━━━━━━━╸                    40.0% 288.00kB/720.83kB [6s] 
Writing at 0x0009c61a ━━━━━━━━━━━━╸                   42.2% 304.00kB/720.83kB [7s] 
Writing at 0x000a2a98 ━━━━━━━━━━━━━                   44.4% 320.00kB/720.83kB [7s] 
Writing at 0x000a94bd ━━━━━━━━━━━━━╸                  46.6% 336.00kB/720.83kB [7s] 
Writing at 0x000afc0d ━━━━━━━━━━━━━━╸                 48.8% 352.00kB/720.83kB [8s] 
Writing at 0x000b5d06 ━━━━━━━━━━━━━━━                 51.1% 368.00kB/720.83kB [8s] 
Writing at 0x000bc32a ━━━━━━━━━━━━━━━╸                53.3% 384.00kB/720.83kB [8s] 
Writing at 0x000c2433 ━━━━━━━━━━━━━━━━╸               55.5% 400.00kB/720.83kB [9s] 
Writing at 0x000c8eab ━━━━━━━━━━━━━━━━━               57.7% 416.00kB/720.83kB [9s] 
Writing at 0x000d1127 ━━━━━━━━━━━━━━━━━╸              59.9% 432.00kB/720.83kB [10s] 
Writing at 0x000d8ba7 ━━━━━━━━━━━━━━━━━━╸             62.2% 448.00kB/720.83kB [10s] 
Writing at 0x000e1306 ━━━━━━━━━━━━━━━━━━━             64.4% 464.00kB/720.83kB [10s] 
Writing at 0x000e9151 ━━━━━━━━━━━━━━━━━━━╸            66.6% 480.00kB/720.83kB [11s] 
Writing at 0x000f0e83 ━━━━━━━━━━━━━━━━━━━━╸           68.8% 496.00kB/720.83kB [11s] 
Writing at 0x000f6f07 ━━━━━━━━━━━━━━━━━━━━━           71.0% 512.00kB/720.83kB [11s] 
Writing at 0x000fdc75 ━━━━━━━━━━━━━━━━━━━━━╸          73.2% 528.00kB/720.83kB [12s] 
Writing at 0x00104cfa ━━━━━━━━━━━━━━━━━━━━━━╸         75.5% 544.00kB/720.83kB [12s] 
Writing at 0x0010c31f ━━━━━━━━━━━━━━━━━━━━━━━         77.7% 560.00kB/720.83kB [13s] 
Writing at 0x001123bc ━━━━━━━━━━━━━━━━━━━━━━━╸        79.9% 576.00kB/720.83kB [13s] 
Writing at 0x00117ef2 ━━━━━━━━━━━━━━━━━━━━━━━━╸       82.1% 592.00kB/720.83kB [13s] 
Writing at 0x0011dc2f ━━━━━━━━━━━━━━━━━━━━━━━━━       84.3% 608.00kB/720.83kB [14s] 
Writing at 0x001241d7 ━━━━━━━━━━━━━━━━━━━━━━━━━╸      86.6% 624.00kB/720.83kB [14s] 
Writing at 0x0012aad1 ━━━━━━━━━━━━━━━━━━━━━━━━━━╸     88.8% 640.00kB/720.83kB [14s] 
Writing at 0x00130a29 ━━━━━━━━━━━━━━━━━━━━━━━━━━━     91.0% 656.00kB/720.83kB [15s] 
Writing at 0x00136b7c ━━━━━━━━━━━━━━━━━━━━━━━━━━━╸    93.2% 672.00kB/720.83kB [15s] 
Writing at 0x0013cb9a ━━━━━━━━━━━━━━━━━━━━━━━━━━━━╸   95.4% 688.00kB/720.83kB [16s] 
Writing at 0x0014274a ━━━━━━━━━━━━━━━━━━━━━━━━━━━━━   97.7% 704.00kB/720.83kB [16s] 
Writing at 0x00148f24 ━━━━━━━━━━━━━━━━━━━━━━━━━━━━━╸  99.9% 720.00kB/720.83kB [16s] 
Writing at 0x00149464 ━━━━━━━━━━━━━━━━━━━━━━━━━━━━━━ 100.0% 720.83kB/720.83kB [16s] 
Wrote 1340516 bytes (738127 compressed) at 0x00002000 in 16.9 seconds (634.7 kbit/s).
Verifying written data...
Hash of data verified.

Writing '/home/regex/work/esp32s31-openvela/openvela-dev/out/esp32s31-xts-standby/appfs.img' at 0x00200000...
Flash will be erased from 0x00200000 to 0x0047afff...
Compressed 2599936 bytes to 1531424...
Writing at 0x002067a4                                  1.1% 16.00kB/1.46MB [0s] 
Writing at 0x0020e417 ╸                                2.1% 32.00kB/1.46MB [0s] 
Writing at 0x00214948 ╸                                3.2% 48.00kB/1.46MB [1s] 
Writing at 0x0021a9c4 ━                                4.3% 64.00kB/1.46MB [1s] 
Writing at 0x00222fca ━╸                               5.3% 80.00kB/1.46MB [1s] 
Writing at 0x00228a53 ━╸                               6.4% 96.00kB/1.46MB [2s] 
Writing at 0x0022e8b9 ━━                               7.5% 112.00kB/1.46MB [2s] 
Writing at 0x00233f68 ━━╸                              8.6% 128.00kB/1.46MB [2s] 
Writing at 0x0023c09a ━━╸                              9.6% 144.00kB/1.46MB [3s] 
Writing at 0x00242864 ━━━                             10.7% 160.00kB/1.46MB [3s] 
Writing at 0x00248502 ━━━╸                            11.8% 176.00kB/1.46MB [4s] 
Writing at 0x0024e121 ━━━╸                            12.8% 192.00kB/1.46MB [4s] 
Writing at 0x00253c82 ━━━━                            13.9% 208.00kB/1.46MB [4s] 
Writing at 0x0025b69e ━━━━                            15.0% 224.00kB/1.46MB [5s] 
Writing at 0x0026232e ━━━━╸                           16.0% 240.00kB/1.46MB [5s] 
Writing at 0x00269eda ━━━━━                           17.1% 256.00kB/1.46MB [5s] 
Writing at 0x002711c0 ━━━━━                           18.2% 272.00kB/1.46MB [6s] 
Writing at 0x002786c5 ━━━━━╸                          19.3% 288.00kB/1.46MB [6s] 
Writing at 0x00285c1e ━━━━━━                          20.3% 304.00kB/1.46MB [7s] 
Writing at 0x0028df97 ━━━━━━                          21.4% 320.00kB/1.46MB [7s] 
Writing at 0x002939e4 ━━━━━━╸                         22.5% 336.00kB/1.46MB [7s] 
Writing at 0x0029b712 ━━━━━━━                         23.5% 352.00kB/1.46MB [8s] 
Writing at 0x002a3312 ━━━━━━━                         24.6% 368.00kB/1.46MB [8s] 
Writing at 0x002a9b6f ━━━━━━━╸                        25.7% 384.00kB/1.46MB [8s] 
Writing at 0x002afc4f ━━━━━━━━                        26.7% 400.00kB/1.46MB [9s] 
Writing at 0x002b5ccd ━━━━━━━━                        27.8% 416.00kB/1.46MB [9s] 
Writing at 0x002bbaa0 ━━━━━━━━╸                       28.9% 432.00kB/1.46MB [9s] 
Writing at 0x002c12d5 ━━━━━━━━╸                       30.0% 448.00kB/1.46MB [10s] 
Writing at 0x002c8bd8 ━━━━━━━━━                       31.0% 464.00kB/1.46MB [10s] 
Writing at 0x002d12c0 ━━━━━━━━━╸                      32.1% 480.00kB/1.46MB [11s] 
Writing at 0x002d6e88 ━━━━━━━━━╸                      33.2% 496.00kB/1.46MB [11s] 
Writing at 0x002df320 ━━━━━━━━━━                      34.2% 512.00kB/1.46MB [11s] 
Writing at 0x002e5ff1 ━━━━━━━━━━╸                     35.3% 528.00kB/1.46MB [12s] 
Writing at 0x002ebcf2 ━━━━━━━━━━╸                     36.4% 544.00kB/1.46MB [12s] 
Writing at 0x002f3095 ━━━━━━━━━━━                     37.4% 560.00kB/1.46MB [12s] 
Writing at 0x002fac8f ━━━━━━━━━━━╸                    38.5% 576.00kB/1.46MB [13s] 
Writing at 0x00302d33 ━━━━━━━━━━━╸                    39.6% 592.00kB/1.46MB [13s] 
Writing at 0x003091ac ━━━━━━━━━━━━                    40.7% 608.00kB/1.46MB [14s] 
Writing at 0x0030f8e0 ━━━━━━━━━━━━╸                   41.7% 624.00kB/1.46MB [14s] 
Writing at 0x00315ae9 ━━━━━━━━━━━━╸                   42.8% 640.00kB/1.46MB [14s] 
Writing at 0x0031bc7d ━━━━━━━━━━━━━                   43.9% 656.00kB/1.46MB [15s] 
Writing at 0x003213e8 ━━━━━━━━━━━━━                   44.9% 672.00kB/1.46MB [15s] 
Writing at 0x0032c4c9 ━━━━━━━━━━━━━╸                  46.0% 688.00kB/1.46MB [15s] 
Writing at 0x00331ec0 ━━━━━━━━━━━━━━                  47.1% 704.00kB/1.46MB [16s] 
Writing at 0x00339be1 ━━━━━━━━━━━━━━                  48.1% 720.00kB/1.46MB [16s] 
Writing at 0x0033f8c8 ━━━━━━━━━━━━━━╸                 49.2% 736.00kB/1.46MB [17s] 
Writing at 0x0034738c ━━━━━━━━━━━━━━━                 50.3% 752.00kB/1.46MB [17s] 
Writing at 0x0034dd0e ━━━━━━━━━━━━━━━                 51.4% 768.00kB/1.46MB [17s] 
Writing at 0x003540c6 ━━━━━━━━━━━━━━━╸                52.4% 784.00kB/1.46MB [18s] 
Writing at 0x0035980c ━━━━━━━━━━━━━━━━                53.5% 800.00kB/1.46MB [18s] 
Writing at 0x003620fd ━━━━━━━━━━━━━━━━                54.6% 816.00kB/1.46MB [18s] 
Writing at 0x00368b66 ━━━━━━━━━━━━━━━━╸               55.6% 832.00kB/1.46MB [19s] 
Writing at 0x0036e9d3 ━━━━━━━━━━━━━━━━━               56.7% 848.00kB/1.46MB [19s] 
Writing at 0x0037491e ━━━━━━━━━━━━━━━━━               57.8% 864.00kB/1.46MB [19s] 
Writing at 0x00379f99 ━━━━━━━━━━━━━━━━━╸              58.8% 880.00kB/1.46MB [20s] 
Writing at 0x003817b1 ━━━━━━━━━━━━━━━━━╸              59.9% 896.00kB/1.46MB [20s] 
Writing at 0x00388a6c ━━━━━━━━━━━━━━━━━━              61.0% 912.00kB/1.46MB [21s] 
Writing at 0x0038e71a ━━━━━━━━━━━━━━━━━━╸             62.1% 928.00kB/1.46MB [21s] 
Writing at 0x003964c1 ━━━━━━━━━━━━━━━━━━╸             63.1% 944.00kB/1.46MB [21s] 
Writing at 0x0039c07e ━━━━━━━━━━━━━━━━━━━             64.2% 960.00kB/1.46MB [22s] 
Writing at 0x003a3e1e ━━━━━━━━━━━━━━━━━━━╸            65.3% 976.00kB/1.46MB [22s] 
Writing at 0x003aa97b ━━━━━━━━━━━━━━━━━━━╸            66.3% 992.00kB/1.46MB [22s] 
Writing at 0x003b098a ━━━━━━━━━━━━━━━━━━━━            67.4% 1008.00kB/1.46MB [23s] 
Writing at 0x003b6155 ━━━━━━━━━━━━━━━━━━━━╸           68.5% 1.00MB/1.46MB [23s] 
Writing at 0x003bc358 ━━━━━━━━━━━━━━━━━━━━╸           69.5% 1.02MB/1.46MB [24s] 
Writing at 0x003c444b ━━━━━━━━━━━━━━━━━━━━━           70.6% 1.03MB/1.46MB [24s] 
Writing at 0x003cbe1b ━━━━━━━━━━━━━━━━━━━━━╸          71.7% 1.05MB/1.46MB [24s] 
Writing at 0x003d3dfc ━━━━━━━━━━━━━━━━━━━━━╸          72.8% 1.06MB/1.46MB [25s] 
Writing at 0x003da8fa ━━━━━━━━━━━━━━━━━━━━━━          73.8% 1.08MB/1.46MB [25s] 
Writing at 0x003e022d ━━━━━━━━━━━━━━━━━━━━━━          74.9% 1.09MB/1.46MB [25s] 
Writing at 0x003e62d4 ━━━━━━━━━━━━━━━━━━━━━━╸         76.0% 1.11MB/1.46MB [26s] 
Writing at 0x003ebafa ━━━━━━━━━━━━━━━━━━━━━━━         77.0% 1.12MB/1.46MB [26s] 
Writing at 0x003f3b19 ━━━━━━━━━━━━━━━━━━━━━━━         78.1% 1.14MB/1.46MB [27s] 
Writing at 0x003fa74c ━━━━━━━━━━━━━━━━━━━━━━━╸        79.2% 1.16MB/1.46MB [27s] 
Writing at 0x004007e0 ━━━━━━━━━━━━━━━━━━━━━━━━        80.2% 1.17MB/1.46MB [27s] 
Writing at 0x00406a2a ━━━━━━━━━━━━━━━━━━━━━━━━        81.3% 1.19MB/1.46MB [28s] 
Writing at 0x0040cb68 ━━━━━━━━━━━━━━━━━━━━━━━━╸       82.4% 1.20MB/1.46MB [28s] 
Writing at 0x00412a36 ━━━━━━━━━━━━━━━━━━━━━━━━━       83.4% 1.22MB/1.46MB [28s] 
Writing at 0x004181b5 ━━━━━━━━━━━━━━━━━━━━━━━━━       84.5% 1.23MB/1.46MB [29s] 
Writing at 0x00420448 ━━━━━━━━━━━━━━━━━━━━━━━━━╸      85.6% 1.25MB/1.46MB [29s] 
Writing at 0x00428ba9 ━━━━━━━━━━━━━━━━━━━━━━━━━╸      86.7% 1.27MB/1.46MB [30s] 
Writing at 0x0042ea5d ━━━━━━━━━━━━━━━━━━━━━━━━━━      87.7% 1.28MB/1.46MB [30s] 
Writing at 0x004345ff ━━━━━━━━━━━━━━━━━━━━━━━━━━╸     88.8% 1.30MB/1.46MB [30s] 
Writing at 0x00439d3c ━━━━━━━━━━━━━━━━━━━━━━━━━━╸     89.9% 1.31MB/1.46MB [31s] 
Writing at 0x00442456 ━━━━━━━━━━━━━━━━━━━━━━━━━━━     90.9% 1.33MB/1.46MB [31s] 
Writing at 0x004488be ━━━━━━━━━━━━━━━━━━━━━━━━━━━╸    92.0% 1.34MB/1.46MB [31s] 
Writing at 0x0044e5e8 ━━━━━━━━━━━━━━━━━━━━━━━━━━━╸    93.1% 1.36MB/1.46MB [32s] 
Writing at 0x0045456d ━━━━━━━━━━━━━━━━━━━━━━━━━━━━    94.1% 1.38MB/1.46MB [32s] 
Writing at 0x0045a918 ━━━━━━━━━━━━━━━━━━━━━━━━━━━━╸   95.2% 1.39MB/1.46MB [33s] 
Writing at 0x004625c6 ━━━━━━━━━━━━━━━━━━━━━━━━━━━━╸   96.3% 1.41MB/1.46MB [33s] 
Writing at 0x0046a677 ━━━━━━━━━━━━━━━━━━━━━━━━━━━━━   97.4% 1.42MB/1.46MB [33s] 
Writing at 0x00470dc6 ━━━━━━━━━━━━━━━━━━━━━━━━━━━━━╸  98.4% 1.44MB/1.46MB [34s] 
Writing at 0x00476688 ━━━━━━━━━━━━━━━━━━━━━━━━━━━━━╸  99.5% 1.45MB/1.46MB [34s] 
Writing at 0x0047ac00 ━━━━━━━━━━━━━━━━━━━━━━━━━━━━━━ 100.0% 1.46MB/1.46MB [34s] 
Wrote 2599936 bytes (1531424 compressed) at 0x00200000 in 34.8 seconds (597.7 kbit/s).
Verifying written data...
Hash of data verified.

Hard resetting via RTS pin...
