esptool v5.4.0
Serial port /dev/serial/by-id/usb-Silicon_Labs_CP2102N_USB_to_UART_Bridge_Controller_f65e4ef67f71f011975a049f1045c30f-if00-port0:
Connecting....
Connected to ESP32-S31 on /dev/serial/by-id/usb-Silicon_Labs_CP2102N_USB_to_UART_Bridge_Controller_f65e4ef67f71f011975a049f1045c30f-if00-port0:
Chip type:          ESP32-S31 (revision v0.0)
Features:           Wi-Fi 6, BT 5.4 (LE), IEEE802.15.4, Dual Core + LP Core, 300MHz
Crystal frequency:  40MHz
MAC:                30:ed:a0:f3:f7:b0

Uploading stub flasher...
Running stub flasher...
Stub flasher running.
Changing baud rate to 460800...
Changed.

Configuring flash size...
SHA digest in image updated.
Flash will be erased from 0x00002000 to 0x000defff...
Compressed 903228 bytes to 506577...
Writing at 0x00007ad2 ╸                                3.2% 16.00kB/494.70kB [0s] 
Writing at 0x0000db31 ━╸                               6.5% 32.00kB/494.70kB [0s] 
Writing at 0x00027056 ━━╸                              9.7% 48.00kB/494.70kB [1s] 
Writing at 0x0002daeb ━━━╸                            12.9% 64.00kB/494.70kB [1s] 
Writing at 0x00038668 ━━━━╸                           16.2% 80.00kB/494.70kB [2s] 
Writing at 0x0004487e ━━━━━╸                          19.4% 96.00kB/494.70kB [2s] 
Writing at 0x0004aa07 ━━━━━━╸                         22.6% 112.00kB/494.70kB [2s] 
Writing at 0x00051fee ━━━━━━━╸                        25.9% 128.00kB/494.70kB [3s] 
Writing at 0x00059dd3 ━━━━━━━━╸                       29.1% 144.00kB/494.70kB [3s] 
Writing at 0x00060144 ━━━━━━━━━╸                      32.3% 160.00kB/494.70kB [3s] 
Writing at 0x00066127 ━━━━━━━━━━╸                     35.6% 176.00kB/494.70kB [4s] 
Writing at 0x0006c46c ━━━━━━━━━━━╸                    38.8% 192.00kB/494.70kB [4s] 
Writing at 0x0007213b ━━━━━━━━━━━━╸                   42.0% 208.00kB/494.70kB [4s] 
Writing at 0x00077dda ━━━━━━━━━━━━━╸                  45.3% 224.00kB/494.70kB [5s] 
Writing at 0x0007d4a4 ━━━━━━━━━━━━━━╸                 48.5% 240.00kB/494.70kB [5s] 
Writing at 0x00082fbb ━━━━━━━━━━━━━━━╸                51.7% 256.00kB/494.70kB [5s] 
Writing at 0x00088962 ━━━━━━━━━━━━━━━━                55.0% 272.00kB/494.70kB [6s] 
Writing at 0x0008f328 ━━━━━━━━━━━━━━━━━               58.2% 288.00kB/494.70kB [6s] 
Writing at 0x00095b6f ━━━━━━━━━━━━━━━━━━              61.5% 304.00kB/494.70kB [7s] 
Writing at 0x0009b6eb ━━━━━━━━━━━━━━━━━━━             64.7% 320.00kB/494.70kB [7s] 
Writing at 0x000a238b ━━━━━━━━━━━━━━━━━━━━            67.9% 336.00kB/494.70kB [7s] 
Writing at 0x000a8384 ━━━━━━━━━━━━━━━━━━━━━           71.2% 352.00kB/494.70kB [8s] 
Writing at 0x000ae0ee ━━━━━━━━━━━━━━━━━━━━━━          74.4% 368.00kB/494.70kB [8s] 
Writing at 0x000b4226 ━━━━━━━━━━━━━━━━━━━━━━━         77.6% 384.00kB/494.70kB [8s] 
Writing at 0x000ba771 ━━━━━━━━━━━━━━━━━━━━━━━━        80.9% 400.00kB/494.70kB [9s] 
Writing at 0x000c0bdc ━━━━━━━━━━━━━━━━━━━━━━━━━       84.1% 416.00kB/494.70kB [9s] 
Writing at 0x000c6b9c ━━━━━━━━━━━━━━━━━━━━━━━━━━      87.3% 432.00kB/494.70kB [9s] 
Writing at 0x000cccfe ━━━━━━━━━━━━━━━━━━━━━━━━━━━     90.6% 448.00kB/494.70kB [10s] 
Writing at 0x000d2cd7 ━━━━━━━━━━━━━━━━━━━━━━━━━━━━    93.8% 464.00kB/494.70kB [10s] 
Writing at 0x000d8c7b ━━━━━━━━━━━━━━━━━━━━━━━━━━━━━   97.0% 480.00kB/494.70kB [10s] 
Writing at 0x000de83c ━━━━━━━━━━━━━━━━━━━━━━━━━━━━━━ 100.0% 494.70kB/494.70kB [11s] 
Wrote 903228 bytes (506577 compressed) at 0x00002000 in 11.4 seconds (631.9 kbit/s).
Verifying written data...
Hash of data verified.

Hard resetting via RTS pin...
