before-a.bin: OK
before-b.bin: OK
WIFI_ARTIFACT_CONFIG=PASS booleans=1756 protocol=7
+ /home/regex/.espressif/python_env/idf6.1_py3.10_env/bin/esptool --chip esp32s31 --port /dev/serial/by-id/usb-Silicon_Labs_CP2102N_USB_to_UART_Bridge_Controller_f65e4ef67f71f011975a049f1045c30f-if00-port0 --baud 460800 write-flash --flash-size 16MB --flash-mode dio --flash-freq 80m 0x2000 /home/regex/work/esp32s31-openvela/openvela-dev/out/esp32s31-cmake-demo/nuttx.bin 0x200000 /home/regex/work/esp32s31-openvela/openvela-dev/out/esp32s31-cmake-demo/appfs.img
esptool v5.4.0
Serial port /dev/serial/by-id/usb-Silicon_Labs_CP2102N_USB_to_UART_Bridge_Controller_f65e4ef67f71f011975a049f1045c30f-if00-port0:
Connecting....
Connected to ESP32-S31 on /dev/serial/by-id/usb-Silicon_Labs_CP2102N_USB_to_UART_Bridge_Controller_f65e4ef67f71f011975a049f1045c30f-if00-port0:
Chip type:          ESP32-S31 (revision v0.0)
Features:           Wi-Fi 6, BT 5.4 (LE), IEEE802.15.4, Dual Core + LP Core, 300MHz
Crystal frequency:  40MHz
MAC:                30:ed:a0:f3:f7:b0

Uploading stub flasher...
Running stub flasher...
Stub flasher running.
Changing baud rate to 460800...
Changed.

Configuring flash size...

Writing '/home/regex/work/esp32s31-openvela/openvela-dev/out/esp32s31-cmake-demo/nuttx.bin' at 0x00002000...
SHA digest in image updated.
Flash will be erased from 0x00002000 to 0x00102fff...
Compressed 1051536 bytes to 586601...
Writing at 0x00007d32 ╸                                2.8% 16.00kB/572.85kB [0s] 
Writing at 0x0000deb9 ━╸                               5.6% 32.00kB/572.85kB [0s] 
Writing at 0x00015bd9 ━━╸                              8.4% 48.00kB/572.85kB [1s] 
Writing at 0x0002a83f ━━━                             11.2% 64.00kB/572.85kB [1s] 
Writing at 0x000317be ━━━━                            14.0% 80.00kB/572.85kB [2s] 
Writing at 0x00041ec8 ━━━━━                           16.8% 96.00kB/572.85kB [2s] 
Writing at 0x00047de7 ━━━━━╸                          19.6% 112.00kB/572.85kB [3s] 
Writing at 0x0004e325 ━━━━━━╸                         22.3% 128.00kB/572.85kB [3s] 
Writing at 0x00055207 ━━━━━━━╸                        25.1% 144.00kB/572.85kB [3s] 
Writing at 0x0005df0d ━━━━━━━━                        27.9% 160.00kB/572.85kB [4s] 
Writing at 0x000656b1 ━━━━━━━━━                       30.7% 176.00kB/572.85kB [4s] 
Writing at 0x0006ce85 ━━━━━━━━━━                      33.5% 192.00kB/572.85kB [5s] 
Writing at 0x00073fbd ━━━━━━━━━━╸                     36.3% 208.00kB/572.85kB [5s] 
Writing at 0x0007a55e ━━━━━━━━━━━╸                    39.1% 224.00kB/572.85kB [5s] 
Writing at 0x000804e8 ━━━━━━━━━━━━╸                   41.9% 240.00kB/572.85kB [6s] 
Writing at 0x00086206 ━━━━━━━━━━━━━                   44.7% 256.00kB/572.85kB [6s] 
Writing at 0x0008b7fd ━━━━━━━━━━━━━━                  47.5% 272.00kB/572.85kB [7s] 
Writing at 0x0009128b ━━━━━━━━━━━━━━━                 50.3% 288.00kB/572.85kB [7s] 
Writing at 0x00096d99 ━━━━━━━━━━━━━━━╸                53.1% 304.00kB/572.85kB [7s] 
Writing at 0x0009d2ff ━━━━━━━━━━━━━━━━╸               55.9% 320.00kB/572.85kB [8s] 
Writing at 0x000a4f1d ━━━━━━━━━━━━━━━━━╸              58.7% 336.00kB/572.85kB [8s] 
Writing at 0x000ad0a8 ━━━━━━━━━━━━━━━━━━              61.4% 352.00kB/572.85kB [9s] 
Writing at 0x000b47a0 ━━━━━━━━━━━━━━━━━━━             64.2% 368.00kB/572.85kB [9s] 
Writing at 0x000b9d58 ━━━━━━━━━━━━━━━━━━━━            67.0% 384.00kB/572.85kB [9s] 
Writing at 0x000c051e ━━━━━━━━━━━━━━━━━━━━╸           69.8% 400.00kB/572.85kB [10s] 
Writing at 0x000c71ff ━━━━━━━━━━━━━━━━━━━━━╸          72.6% 416.00kB/572.85kB [10s] 
Writing at 0x000cd1ef ━━━━━━━━━━━━━━━━━━━━━━╸         75.4% 432.00kB/572.85kB [11s] 
Writing at 0x000d2ef1 ━━━━━━━━━━━━━━━━━━━━━━━         78.2% 448.00kB/572.85kB [11s] 
Writing at 0x000d8f40 ━━━━━━━━━━━━━━━━━━━━━━━━        81.0% 464.00kB/572.85kB [12s] 
Writing at 0x000df57a ━━━━━━━━━━━━━━━━━━━━━━━━━       83.8% 480.00kB/572.85kB [12s] 
Writing at 0x000e5abc ━━━━━━━━━━━━━━━━━━━━━━━━━╸      86.6% 496.00kB/572.85kB [12s] 
Writing at 0x000eb9ff ━━━━━━━━━━━━━━━━━━━━━━━━━━╸     89.4% 512.00kB/572.85kB [13s] 
Writing at 0x000f1a9c ━━━━━━━━━━━━━━━━━━━━━━━━━━━╸    92.2% 528.00kB/572.85kB [13s] 
Writing at 0x000f7b6f ━━━━━━━━━━━━━━━━━━━━━━━━━━━━    95.0% 544.00kB/572.85kB [14s] 
Writing at 0x000fdafc ━━━━━━━━━━━━━━━━━━━━━━━━━━━━━   97.8% 560.00kB/572.85kB [14s] 
Writing at 0x00102b90 ━━━━━━━━━━━━━━━━━━━━━━━━━━━━━━ 100.0% 572.85kB/572.85kB [14s] 
Wrote 1051536 bytes (586601 compressed) at 0x00002000 in 14.8 seconds (567.3 kbit/s).
Verifying written data...
Hash of data verified.

Writing '/home/regex/work/esp32s31-openvela/openvela-dev/out/esp32s31-cmake-demo/appfs.img' at 0x00200000...
Flash will be erased from 0x00200000 to 0x00393fff...
Compressed 1653760 bytes to 912908...
Writing at 0x002073ce ╸                                1.8% 16.00kB/891.51kB [0s] 
Writing at 0x0020cc16 ━                                3.6% 32.00kB/891.51kB [0s] 
Writing at 0x00213f53 ━╸                               5.4% 48.00kB/891.51kB [1s] 
Writing at 0x00222935 ━━                               7.2% 64.00kB/891.51kB [1s] 
Writing at 0x0022cca6 ━━╸                              9.0% 80.00kB/891.51kB [2s] 
Writing at 0x00235558 ━━━                             10.8% 96.00kB/891.51kB [2s] 
Writing at 0x0023cb4a ━━━╸                            12.6% 112.00kB/891.51kB [2s] 
Writing at 0x00244786 ━━━━                            14.4% 128.00kB/891.51kB [3s] 
Writing at 0x0024ad85 ━━━━╸                           16.2% 144.00kB/891.51kB [3s] 
Writing at 0x002519fd ━━━━━                           17.9% 160.00kB/891.51kB [4s] 
Writing at 0x002592a8 ━━━━━╸                          19.7% 176.00kB/891.51kB [4s] 
Writing at 0x0026348e ━━━━━━                          21.5% 192.00kB/891.51kB [4s] 
Writing at 0x0026d012 ━━━━━━╸                         23.3% 208.00kB/891.51kB [5s] 
Writing at 0x00272c5a ━━━━━━━╸                        25.1% 224.00kB/891.51kB [5s] 
Writing at 0x00278bfb ━━━━━━━━                        26.9% 240.00kB/891.51kB [6s] 
Writing at 0x0027e5ae ━━━━━━━━╸                       28.7% 256.00kB/891.51kB [6s] 
Writing at 0x0028514d ━━━━━━━━━                       30.5% 272.00kB/891.51kB [6s] 
Writing at 0x0028cfc0 ━━━━━━━━━╸                      32.3% 288.00kB/891.51kB [7s] 
Writing at 0x00293771 ━━━━━━━━━━                      34.1% 304.00kB/891.51kB [7s] 
Writing at 0x0029bcec ━━━━━━━━━━╸                     35.9% 320.00kB/891.51kB [8s] 
Writing at 0x002a29a0 ━━━━━━━━━━━                     37.7% 336.00kB/891.51kB [8s] 
Writing at 0x002a88bc ━━━━━━━━━━━╸                    39.5% 352.00kB/891.51kB [9s] 
Writing at 0x002b0eea ━━━━━━━━━━━━                    41.3% 368.00kB/891.51kB [9s] 
Writing at 0x002b82df ━━━━━━━━━━━━╸                   43.1% 384.00kB/891.51kB [9s] 
Writing at 0x002bf0b2 ━━━━━━━━━━━━━                   44.9% 400.00kB/891.51kB [10s] 
Writing at 0x002c532c ━━━━━━━━━━━━━╸                  46.7% 416.00kB/891.51kB [10s] 
Writing at 0x002cb962 ━━━━━━━━━━━━━━╸                 48.5% 432.00kB/891.51kB [11s] 
Writing at 0x002d1314 ━━━━━━━━━━━━━━━                 50.3% 448.00kB/891.51kB [11s] 
Writing at 0x002d96c1 ━━━━━━━━━━━━━━━╸                52.0% 464.00kB/891.51kB [11s] 
Writing at 0x002e160d ━━━━━━━━━━━━━━━━                53.8% 480.00kB/891.51kB [12s] 
Writing at 0x002e92f9 ━━━━━━━━━━━━━━━━╸               55.6% 496.00kB/891.51kB [12s] 
Writing at 0x002ef3b9 ━━━━━━━━━━━━━━━━━               57.4% 512.00kB/891.51kB [13s] 
Writing at 0x002f6eba ━━━━━━━━━━━━━━━━━╸              59.2% 528.00kB/891.51kB [13s] 
Writing at 0x002fd2b4 ━━━━━━━━━━━━━━━━━━              61.0% 544.00kB/891.51kB [13s] 
Writing at 0x00302bff ━━━━━━━━━━━━━━━━━━╸             62.8% 560.00kB/891.51kB [14s] 
Writing at 0x0030ad82 ━━━━━━━━━━━━━━━━━━━             64.6% 576.00kB/891.51kB [14s] 
Writing at 0x00310982 ━━━━━━━━━━━━━━━━━━━╸            66.4% 592.00kB/891.51kB [15s] 
Writing at 0x00318312 ━━━━━━━━━━━━━━━━━━━━            68.2% 608.00kB/891.51kB [15s] 
Writing at 0x0032004d ━━━━━━━━━━━━━━━━━━━━╸           70.0% 624.00kB/891.51kB [15s] 
Writing at 0x003258dc ━━━━━━━━━━━━━━━━━━━━━╸          71.8% 640.00kB/891.51kB [16s] 
Writing at 0x0032dcdd ━━━━━━━━━━━━━━━━━━━━━━          73.6% 656.00kB/891.51kB [16s] 
Writing at 0x00338e1e ━━━━━━━━━━━━━━━━━━━━━━╸         75.4% 672.00kB/891.51kB [17s] 
Writing at 0x0033ebed ━━━━━━━━━━━━━━━━━━━━━━━         77.2% 688.00kB/891.51kB [17s] 
Writing at 0x00345037 ━━━━━━━━━━━━━━━━━━━━━━━╸        79.0% 704.00kB/891.51kB [17s] 
Writing at 0x0034ad89 ━━━━━━━━━━━━━━━━━━━━━━━━        80.8% 720.00kB/891.51kB [18s] 
Writing at 0x0035036c ━━━━━━━━━━━━━━━━━━━━━━━━╸       82.6% 736.00kB/891.51kB [18s] 
Writing at 0x00359dd3 ━━━━━━━━━━━━━━━━━━━━━━━━━       84.4% 752.00kB/891.51kB [19s] 
Writing at 0x003607e0 ━━━━━━━━━━━━━━━━━━━━━━━━━╸      86.1% 768.00kB/891.51kB [19s] 
Writing at 0x0036663e ━━━━━━━━━━━━━━━━━━━━━━━━━━      87.9% 784.00kB/891.51kB [20s] 
Writing at 0x0036bba6 ━━━━━━━━━━━━━━━━━━━━━━━━━━╸     89.7% 800.00kB/891.51kB [20s] 
Writing at 0x003744db ━━━━━━━━━━━━━━━━━━━━━━━━━━━     91.5% 816.00kB/891.51kB [20s] 
Writing at 0x0037b023 ━━━━━━━━━━━━━━━━━━━━━━━━━━━╸    93.3% 832.00kB/891.51kB [21s] 
Writing at 0x003806f5 ━━━━━━━━━━━━━━━━━━━━━━━━━━━━╸   95.1% 848.00kB/891.51kB [21s] 
Writing at 0x003867ea ━━━━━━━━━━━━━━━━━━━━━━━━━━━━━   96.9% 864.00kB/891.51kB [22s] 
Writing at 0x0038e9dd ━━━━━━━━━━━━━━━━━━━━━━━━━━━━━╸  98.7% 880.00kB/891.51kB [22s] 
Writing at 0x00393c00 ━━━━━━━━━━━━━━━━━━━━━━━━━━━━━━ 100.0% 891.51kB/891.51kB [22s] 
Wrote 1653760 bytes (912908 compressed) at 0x00200000 in 20.1 seconds (657.6 kbit/s).
Verifying written data...
Hash of data verified.

Hard resetting via RTS pin...
