before-a.bin: OK
before-b.bin: OK
WIFI_ARTIFACT_CONFIG=PASS booleans=1654 protocol=7
+ /home/regex/.espressif/python_env/idf6.1_py3.10_env/bin/esptool --chip esp32s31 --port /dev/serial/by-id/usb-Silicon_Labs_CP2102N_USB_to_UART_Bridge_Controller_f65e4ef67f71f011975a049f1045c30f-if00-port0 --baud 460800 write-flash --flash-size 16MB --flash-mode dio --flash-freq 80m 0x2000 /home/regex/work/esp32s31-openvela/openvela-dev/out/esp32s31-cmake-demo/nuttx.bin 0x200000 /home/regex/work/esp32s31-openvela/openvela-dev/out/esp32s31-cmake-demo/appfs.img
esptool v5.4.0
Serial port /dev/serial/by-id/usb-Silicon_Labs_CP2102N_USB_to_UART_Bridge_Controller_f65e4ef67f71f011975a049f1045c30f-if00-port0:
Connecting....
Connected to ESP32-S31 on /dev/serial/by-id/usb-Silicon_Labs_CP2102N_USB_to_UART_Bridge_Controller_f65e4ef67f71f011975a049f1045c30f-if00-port0:
Chip type:          ESP32-S31 (revision v0.0)
Features:           Wi-Fi 6, BT 5.4 (LE), IEEE802.15.4, Dual Core + LP Core, 300MHz
Crystal frequency:  40MHz
MAC:                30:ed:a0:f3:f7:b0

Uploading stub flasher...
Running stub flasher...
Stub flasher running.
Changing baud rate to 460800...
Changed.

Configuring flash size...

Writing '/home/regex/work/esp32s31-openvela/openvela-dev/out/esp32s31-cmake-demo/nuttx.bin' at 0x00002000...
SHA digest in image updated.
Flash will be erased from 0x00002000 to 0x000f4fff...
Compressed 992996 bytes to 551011...
Writing at 0x00007f3a ╸                                3.0% 16.00kB/538.10kB [0s] 
Writing at 0x0000e0d4 ━╸                               5.9% 32.00kB/538.10kB [0s] 
Writing at 0x0002046a ━━╸                              8.9% 48.00kB/538.10kB [1s] 
Writing at 0x0002a22d ━━━╸                            11.9% 64.00kB/538.10kB [1s] 
Writing at 0x00032262 ━━━━                            14.9% 80.00kB/538.10kB [2s] 
Writing at 0x00042c46 ━━━━━                           17.8% 96.00kB/538.10kB [2s] 
Writing at 0x00048d36 ━━━━━━                          20.8% 112.00kB/538.10kB [2s] 
Writing at 0x0004f18a ━━━━━━━                         23.8% 128.00kB/538.10kB [3s] 
Writing at 0x00056b7b ━━━━━━━━                        26.8% 144.00kB/538.10kB [3s] 
Writing at 0x0005fc22 ━━━━━━━━╸                       29.7% 160.00kB/538.10kB [3s] 
Writing at 0x00066d84 ━━━━━━━━━╸                      32.7% 176.00kB/538.10kB [4s] 
Writing at 0x0006e4a7 ━━━━━━━━━━╸                     35.7% 192.00kB/538.10kB [4s] 
Writing at 0x0007494e ━━━━━━━━━━━╸                    38.7% 208.00kB/538.10kB [5s] 
Writing at 0x0007a9bf ━━━━━━━━━━━━                    41.6% 224.00kB/538.10kB [5s] 
Writing at 0x000806e0 ━━━━━━━━━━━━━                   44.6% 240.00kB/538.10kB [5s] 
Writing at 0x00085ce8 ━━━━━━━━━━━━━━                  47.6% 256.00kB/538.10kB [6s] 
Writing at 0x0008b70f ━━━━━━━━━━━━━━━                 50.5% 272.00kB/538.10kB [6s] 
Writing at 0x000911c8 ━━━━━━━━━━━━━━━━                53.5% 288.00kB/538.10kB [7s] 
Writing at 0x000977cb ━━━━━━━━━━━━━━━━╸               56.5% 304.00kB/538.10kB [7s] 
Writing at 0x0009f47d ━━━━━━━━━━━━━━━━━╸              59.5% 320.00kB/538.10kB [7s] 
Writing at 0x000a7232 ━━━━━━━━━━━━━━━━━━╸             62.4% 336.00kB/538.10kB [8s] 
Writing at 0x000acc29 ━━━━━━━━━━━━━━━━━━━╸            65.4% 352.00kB/538.10kB [8s] 
Writing at 0x000b3208 ━━━━━━━━━━━━━━━━━━━━╸           68.4% 368.00kB/538.10kB [9s] 
Writing at 0x000b9e3f ━━━━━━━━━━━━━━━━━━━━━           71.4% 384.00kB/538.10kB [9s] 
Writing at 0x000bfe03 ━━━━━━━━━━━━━━━━━━━━━━          74.3% 400.00kB/538.10kB [9s] 
Writing at 0x000c5b2a ━━━━━━━━━━━━━━━━━━━━━━━         77.3% 416.00kB/538.10kB [10s] 
Writing at 0x000cbd70 ━━━━━━━━━━━━━━━━━━━━━━━━        80.3% 432.00kB/538.10kB [10s] 
Writing at 0x000d2308 ━━━━━━━━━━━━━━━━━━━━━━━━╸       83.3% 448.00kB/538.10kB [10s] 
Writing at 0x000d8640 ━━━━━━━━━━━━━━━━━━━━━━━━━╸      86.2% 464.00kB/538.10kB [11s] 
Writing at 0x000de68e ━━━━━━━━━━━━━━━━━━━━━━━━━━╸     89.2% 480.00kB/538.10kB [11s] 
Writing at 0x000e47a6 ━━━━━━━━━━━━━━━━━━━━━━━━━━━╸    92.2% 496.00kB/538.10kB [12s] 
Writing at 0x000ea635 ━━━━━━━━━━━━━━━━━━━━━━━━━━━━╸   95.2% 512.00kB/538.10kB [12s] 
Writing at 0x000f06a8 ━━━━━━━━━━━━━━━━━━━━━━━━━━━━━   98.1% 528.00kB/538.10kB [12s] 
Writing at 0x000f46e4 ━━━━━━━━━━━━━━━━━━━━━━━━━━━━━━ 100.0% 538.10kB/538.10kB [13s] 
Wrote 992996 bytes (551011 compressed) at 0x00002000 in 11.8 seconds (673.1 kbit/s).
Verifying written data...
Hash of data verified.

Writing '/home/regex/work/esp32s31-openvela/openvela-dev/out/esp32s31-cmake-demo/appfs.img' at 0x00200000...
Flash will be erased from 0x00200000 to 0x002a3fff...
Compressed 669696 bytes to 367122...
Writing at 0x002073d8 ━                                4.5% 16.00kB/358.52kB [0s] 
Writing at 0x0020ce3e ━━╸                              8.9% 32.00kB/358.52kB [0s] 
Writing at 0x00214161 ━━━━                            13.4% 48.00kB/358.52kB [1s] 
Writing at 0x0022456d ━━━━━                           17.9% 64.00kB/358.52kB [1s] 
Writing at 0x0022a3f4 ━━━━━━╸                         22.3% 80.00kB/358.52kB [1s] 
Writing at 0x002303e7 ━━━━━━━━                        26.8% 96.00kB/358.52kB [2s] 
Writing at 0x00235c15 ━━━━━━━━━                       31.2% 112.00kB/358.52kB [2s] 
Writing at 0x0023f77a ━━━━━━━━━━╸                     35.7% 128.00kB/358.52kB [3s] 
Writing at 0x0024630c ━━━━━━━━━━━━                    40.2% 144.00kB/358.52kB [3s] 
Writing at 0x0024bd00 ━━━━━━━━━━━━━                   44.6% 160.00kB/358.52kB [3s] 
Writing at 0x002539e5 ━━━━━━━━━━━━━━╸                 49.1% 176.00kB/358.52kB [4s] 
Writing at 0x0025a3b3 ━━━━━━━━━━━━━━━━                53.6% 192.00kB/358.52kB [4s] 
Writing at 0x00261757 ━━━━━━━━━━━━━━━━━               58.0% 208.00kB/358.52kB [5s] 
Writing at 0x0026945f ━━━━━━━━━━━━━━━━━━╸             62.5% 224.00kB/358.52kB [5s] 
Writing at 0x002714db ━━━━━━━━━━━━━━━━━━━━            66.9% 240.00kB/358.52kB [5s] 
Writing at 0x00276ba6 ━━━━━━━━━━━━━━━━━━━━━           71.4% 256.00kB/358.52kB [6s] 
Writing at 0x0027f1b5 ━━━━━━━━━━━━━━━━━━━━━━╸         75.9% 272.00kB/358.52kB [6s] 
Writing at 0x00286005 ━━━━━━━━━━━━━━━━━━━━━━━━        80.3% 288.00kB/358.52kB [7s] 
Writing at 0x0028bfc9 ━━━━━━━━━━━━━━━━━━━━━━━━━       84.8% 304.00kB/358.52kB [7s] 
Writing at 0x0029223b ━━━━━━━━━━━━━━━━━━━━━━━━━━╸     89.3% 320.00kB/358.52kB [7s] 
Writing at 0x00297e9a ━━━━━━━━━━━━━━━━━━━━━━━━━━━━    93.7% 336.00kB/358.52kB [8s] 
Writing at 0x0029eb8f ━━━━━━━━━━━━━━━━━━━━━━━━━━━━━   98.2% 352.00kB/358.52kB [8s] 
Writing at 0x002a3800 ━━━━━━━━━━━━━━━━━━━━━━━━━━━━━━ 100.0% 358.52kB/358.52kB [8s] 
Wrote 669696 bytes (367122 compressed) at 0x00200000 in 8.9 seconds (603.7 kbit/s).
Verifying written data...
Hash of data verified.

Hard resetting via RTS pin...
