before-a.bin: OK
before-b.bin: OK
WIFI_ARTIFACT_CONFIG=PASS booleans=1757 protocol=7
+ /home/regex/.espressif/python_env/idf6.1_py3.10_env/bin/esptool --chip esp32s31 --port /dev/serial/by-id/usb-Silicon_Labs_CP2102N_USB_to_UART_Bridge_Controller_f65e4ef67f71f011975a049f1045c30f-if00-port0 --baud 460800 write-flash --flash-size 16MB --flash-mode dio --flash-freq 80m 0x2000 /home/regex/work/esp32s31-openvela/openvela-dev/out/esp32s31-cmake-demo/nuttx.bin 0x200000 /home/regex/work/esp32s31-openvela/openvela-dev/out/esp32s31-cmake-demo/appfs.img
esptool v5.4.0
Serial port /dev/serial/by-id/usb-Silicon_Labs_CP2102N_USB_to_UART_Bridge_Controller_f65e4ef67f71f011975a049f1045c30f-if00-port0:
Connecting....
Connected to ESP32-S31 on /dev/serial/by-id/usb-Silicon_Labs_CP2102N_USB_to_UART_Bridge_Controller_f65e4ef67f71f011975a049f1045c30f-if00-port0:
Chip type:          ESP32-S31 (revision v0.0)
Features:           Wi-Fi 6, BT 5.4 (LE), IEEE802.15.4, Dual Core + LP Core, 300MHz
Crystal frequency:  40MHz
MAC:                30:ed:a0:f3:f7:b0

Uploading stub flasher...
Running stub flasher...
Stub flasher running.
Changing baud rate to 460800...
Changed.

Configuring flash size...

Writing '/home/regex/work/esp32s31-openvela/openvela-dev/out/esp32s31-cmake-demo/nuttx.bin' at 0x00002000...
SHA digest in image updated.
Flash will be erased from 0x00002000 to 0x00103fff...
Compressed 1052984 bytes to 587801...
Writing at 0x00007d38 ╸                                2.8% 16.00kB/574.02kB [0s] 
Writing at 0x0000deb1 ━╸                               5.6% 32.00kB/574.02kB [0s] 
Writing at 0x00015b66 ━━╸                              8.4% 48.00kB/574.02kB [1s] 
Writing at 0x0002a8a7 ━━━                             11.1% 64.00kB/574.02kB [1s] 
Writing at 0x00031744 ━━━━                            13.9% 80.00kB/574.02kB [2s] 
Writing at 0x00041e62 ━━━━━                           16.7% 96.00kB/574.02kB [2s] 
Writing at 0x00047d67 ━━━━━╸                          19.5% 112.00kB/574.02kB [2s] 
Writing at 0x0004e2df ━━━━━━╸                         22.3% 128.00kB/574.02kB [3s] 
Writing at 0x00054fe0 ━━━━━━━╸                        25.1% 144.00kB/574.02kB [3s] 
Writing at 0x0005dcec ━━━━━━━━                        27.9% 160.00kB/574.02kB [4s] 
Writing at 0x0006560f ━━━━━━━━━                       30.7% 176.00kB/574.02kB [4s] 
Writing at 0x0006ccf8 ━━━━━━━━━━                      33.4% 192.00kB/574.02kB [4s] 
Writing at 0x00073f03 ━━━━━━━━━━╸                     36.2% 208.00kB/574.02kB [5s] 
Writing at 0x0007a3a3 ━━━━━━━━━━━╸                    39.0% 224.00kB/574.02kB [5s] 
Writing at 0x0008048d ━━━━━━━━━━━━╸                   41.8% 240.00kB/574.02kB [5s] 
Writing at 0x000861e1 ━━━━━━━━━━━━━                   44.6% 256.00kB/574.02kB [6s] 
Writing at 0x0008b7fa ━━━━━━━━━━━━━━                  47.4% 272.00kB/574.02kB [6s] 
Writing at 0x0009121e ━━━━━━━━━━━━━━━                 50.2% 288.00kB/574.02kB [7s] 
Writing at 0x00096d86 ━━━━━━━━━━━━━━━╸                53.0% 304.00kB/574.02kB [7s] 
Writing at 0x0009d1a7 ━━━━━━━━━━━━━━━━╸               55.7% 320.00kB/574.02kB [7s] 
Writing at 0x000a4ad0 ━━━━━━━━━━━━━━━━━╸              58.5% 336.00kB/574.02kB [8s] 
Writing at 0x000acf25 ━━━━━━━━━━━━━━━━━━              61.3% 352.00kB/574.02kB [8s] 
Writing at 0x000b47e5 ━━━━━━━━━━━━━━━━━━━             64.1% 368.00kB/574.02kB [9s] 
Writing at 0x000b9d1c ━━━━━━━━━━━━━━━━━━━━            66.9% 384.00kB/574.02kB [9s] 
Writing at 0x000c04a3 ━━━━━━━━━━━━━━━━━━━━╸           69.7% 400.00kB/574.02kB [9s] 
Writing at 0x000c707a ━━━━━━━━━━━━━━━━━━━━━╸          72.5% 416.00kB/574.02kB [10s] 
Writing at 0x000cd0a2 ━━━━━━━━━━━━━━━━━━━━━━╸         75.3% 432.00kB/574.02kB [10s] 
Writing at 0x000d2e0e ━━━━━━━━━━━━━━━━━━━━━━━         78.0% 448.00kB/574.02kB [10s] 
Writing at 0x000d8d6e ━━━━━━━━━━━━━━━━━━━━━━━━        80.8% 464.00kB/574.02kB [11s] 
Writing at 0x000df02e ━━━━━━━━━━━━━━━━━━━━━━━━━       83.6% 480.00kB/574.02kB [11s] 
Writing at 0x000e59ec ━━━━━━━━━━━━━━━━━━━━━━━━━╸      86.4% 496.00kB/574.02kB [12s] 
Writing at 0x000eb830 ━━━━━━━━━━━━━━━━━━━━━━━━━━╸     89.2% 512.00kB/574.02kB [12s] 
Writing at 0x000f19a7 ━━━━━━━━━━━━━━━━━━━━━━━━━━━╸    92.0% 528.00kB/574.02kB [12s] 
Writing at 0x000f7a56 ━━━━━━━━━━━━━━━━━━━━━━━━━━━━    94.8% 544.00kB/574.02kB [13s] 
Writing at 0x000fd7b9 ━━━━━━━━━━━━━━━━━━━━━━━━━━━━━   97.6% 560.00kB/574.02kB [13s] 
Writing at 0x00103138 ━━━━━━━━━━━━━━━━━━━━━━━━━━━━━━ 100.0% 574.02kB/574.02kB [13s] 
Wrote 1052984 bytes (587801 compressed) at 0x00002000 in 14.1 seconds (599.2 kbit/s).
Verifying written data...
Hash of data verified.

Writing '/home/regex/work/esp32s31-openvela/openvela-dev/out/esp32s31-cmake-demo/appfs.img' at 0x00200000...
Flash will be erased from 0x00200000 to 0x003affff...
Compressed 1767424 bytes to 1011827...
Writing at 0x002073f8                                  1.6% 16.00kB/988.11kB [0s] 
Writing at 0x0020c92a ╸                                3.2% 32.00kB/988.11kB [0s] 
Writing at 0x002145cf ━                                4.9% 48.00kB/988.11kB [1s] 
Writing at 0x0021cb2f ━╸                               6.5% 64.00kB/988.11kB [1s] 
Writing at 0x00223549 ━━                               8.1% 80.00kB/988.11kB [1s] 
Writing at 0x00229f47 ━━╸                              9.7% 96.00kB/988.11kB [2s] 
Writing at 0x00231fc7 ━━━                             11.3% 112.00kB/988.11kB [2s] 
Writing at 0x002380a6 ━━━╸                            13.0% 128.00kB/988.11kB [3s] 
Writing at 0x00241f83 ━━━━                            14.6% 144.00kB/988.11kB [3s] 
Writing at 0x00249a98 ━━━━╸                           16.2% 160.00kB/988.11kB [3s] 
Writing at 0x0024f57c ━━━━━                           17.8% 176.00kB/988.11kB [4s] 
Writing at 0x00256117 ━━━━━╸                          19.4% 192.00kB/988.11kB [4s] 
Writing at 0x0025cef8 ━━━━━━                          21.1% 208.00kB/988.11kB [5s] 
Writing at 0x002672a4 ━━━━━━╸                         22.7% 224.00kB/988.11kB [5s] 
Writing at 0x0026e50c ━━━━━━━                         24.3% 240.00kB/988.11kB [5s] 
Writing at 0x00275841 ━━━━━━━╸                        25.9% 256.00kB/988.11kB [6s] 
Writing at 0x0027c203 ━━━━━━━━                        27.5% 272.00kB/988.11kB [6s] 
Writing at 0x0028221d ━━━━━━━━╸                       29.1% 288.00kB/988.11kB [6s] 
Writing at 0x00288046 ━━━━━━━━━                       30.8% 304.00kB/988.11kB [7s] 
Writing at 0x0028d6dc ━━━━━━━━━╸                      32.4% 320.00kB/988.11kB [7s] 
Writing at 0x00296e27 ━━━━━━━━━━                      34.0% 336.00kB/988.11kB [8s] 
Writing at 0x0029d1e6 ━━━━━━━━━━╸                     35.6% 352.00kB/988.11kB [8s] 
Writing at 0x002a2a7a ━━━━━━━━━━━                     37.2% 368.00kB/988.11kB [8s] 
Writing at 0x002ab286 ━━━━━━━━━━━╸                    38.9% 384.00kB/988.11kB [9s] 
Writing at 0x002b2323 ━━━━━━━━━━━━                    40.5% 400.00kB/988.11kB [9s] 
Writing at 0x002b85e5 ━━━━━━━━━━━━╸                   42.1% 416.00kB/988.11kB [10s] 
Writing at 0x002c0b19 ━━━━━━━━━━━━━                   43.7% 432.00kB/988.11kB [10s] 
Writing at 0x002c82b2 ━━━━━━━━━━━━━╸                  45.3% 448.00kB/988.11kB [10s] 
Writing at 0x002ceefd ━━━━━━━━━━━━━━                  47.0% 464.00kB/988.11kB [11s] 
Writing at 0x002d5204 ━━━━━━━━━━━━━━╸                 48.6% 480.00kB/988.11kB [11s] 
Writing at 0x002db80f ━━━━━━━━━━━━━━━                 50.2% 496.00kB/988.11kB [11s] 
Writing at 0x002e1236 ━━━━━━━━━━━━━━━╸                51.8% 512.00kB/988.11kB [12s] 
Writing at 0x002e940f ━━━━━━━━━━━━━━━━                53.4% 528.00kB/988.11kB [12s] 
Writing at 0x002f195a ━━━━━━━━━━━━━━━━╸               55.1% 544.00kB/988.11kB [13s] 
Writing at 0x002f9b11 ━━━━━━━━━━━━━━━━━               56.7% 560.00kB/988.11kB [13s] 
Writing at 0x002ff616 ━━━━━━━━━━━━━━━━━               58.3% 576.00kB/988.11kB [13s] 
Writing at 0x003073b3 ━━━━━━━━━━━━━━━━━╸              59.9% 592.00kB/988.11kB [14s] 
Writing at 0x0030dc0f ━━━━━━━━━━━━━━━━━━              61.5% 608.00kB/988.11kB [14s] 
Writing at 0x00313bc1 ━━━━━━━━━━━━━━━━━━╸             63.2% 624.00kB/988.11kB [15s] 
Writing at 0x0031945c ━━━━━━━━━━━━━━━━━━━             64.8% 640.00kB/988.11kB [15s] 
Writing at 0x00321718 ━━━━━━━━━━━━━━━━━━━╸            66.4% 656.00kB/988.11kB [15s] 
Writing at 0x003294ea ━━━━━━━━━━━━━━━━━━━━            68.0% 672.00kB/988.11kB [16s] 
Writing at 0x0032f5aa ━━━━━━━━━━━━━━━━━━━━╸           69.6% 688.00kB/988.11kB [16s] 
Writing at 0x003371eb ━━━━━━━━━━━━━━━━━━━━━           71.2% 704.00kB/988.11kB [16s] 
Writing at 0x0033d75d ━━━━━━━━━━━━━━━━━━━━━╸          72.9% 720.00kB/988.11kB [17s] 
Writing at 0x00344516 ━━━━━━━━━━━━━━━━━━━━━━          74.5% 736.00kB/988.11kB [17s] 
Writing at 0x0034cbce ━━━━━━━━━━━━━━━━━━━━━━╸         76.1% 752.00kB/988.11kB [18s] 
Writing at 0x0035372d ━━━━━━━━━━━━━━━━━━━━━━━         77.7% 768.00kB/988.11kB [18s] 
Writing at 0x003595da ━━━━━━━━━━━━━━━━━━━━━━━╸        79.3% 784.00kB/988.11kB [18s] 
Writing at 0x0035f6ce ━━━━━━━━━━━━━━━━━━━━━━━━        81.0% 800.00kB/988.11kB [19s] 
Writing at 0x003653d8 ━━━━━━━━━━━━━━━━━━━━━━━━╸       82.6% 816.00kB/988.11kB [19s] 
Writing at 0x0036b4df ━━━━━━━━━━━━━━━━━━━━━━━━━       84.2% 832.00kB/988.11kB [20s] 
Writing at 0x003744ff ━━━━━━━━━━━━━━━━━━━━━━━━━╸      85.8% 848.00kB/988.11kB [20s] 
Writing at 0x0037b1c1 ━━━━━━━━━━━━━━━━━━━━━━━━━━      87.4% 864.00kB/988.11kB [20s] 
Writing at 0x003813b9 ━━━━━━━━━━━━━━━━━━━━━━━━━━╸     89.1% 880.00kB/988.11kB [21s] 
Writing at 0x003867b4 ━━━━━━━━━━━━━━━━━━━━━━━━━━━     90.7% 896.00kB/988.11kB [21s] 
Writing at 0x0038fa4c ━━━━━━━━━━━━━━━━━━━━━━━━━━━╸    92.3% 912.00kB/988.11kB [21s] 
Writing at 0x0039607e ━━━━━━━━━━━━━━━━━━━━━━━━━━━━    93.9% 928.00kB/988.11kB [22s] 
Writing at 0x0039b8ce ━━━━━━━━━━━━━━━━━━━━━━━━━━━━╸   95.5% 944.00kB/988.11kB [22s] 
Writing at 0x003a155b ━━━━━━━━━━━━━━━━━━━━━━━━━━━━━   97.2% 960.00kB/988.11kB [23s] 
Writing at 0x003a9d20 ━━━━━━━━━━━━━━━━━━━━━━━━━━━━━╸  98.8% 976.00kB/988.11kB [23s] 
Writing at 0x003af800 ━━━━━━━━━━━━━━━━━━━━━━━━━━━━━━ 100.0% 988.11kB/988.11kB [23s] 
Wrote 1767424 bytes (1011827 compressed) at 0x00200000 in 22.8 seconds (619.5 kbit/s).
Verifying written data...
Hash of data verified.

Hard resetting via RTS pin...
