before-a.bin: OK
before-b.bin: OK
WIFI_ARTIFACT_CONFIG=PASS booleans=1763 protocol=7
+ /home/regex/.espressif/python_env/idf6.1_py3.10_env/bin/esptool --chip esp32s31 --port /dev/serial/by-id/usb-Silicon_Labs_CP2102N_USB_to_UART_Bridge_Controller_f65e4ef67f71f011975a049f1045c30f-if00-port0 --baud 460800 write-flash --flash-size 16MB --flash-mode dio --flash-freq 80m 0x2000 /home/regex/work/esp32s31-openvela/openvela-dev/out/esp32s31-network1354/nuttx.bin 0x200000 /home/regex/work/esp32s31-openvela/openvela-dev/out/esp32s31-network1354/appfs.img
esptool v5.4.0
Serial port /dev/serial/by-id/usb-Silicon_Labs_CP2102N_USB_to_UART_Bridge_Controller_f65e4ef67f71f011975a049f1045c30f-if00-port0:
Connecting....
Connected to ESP32-S31 on /dev/serial/by-id/usb-Silicon_Labs_CP2102N_USB_to_UART_Bridge_Controller_f65e4ef67f71f011975a049f1045c30f-if00-port0:
Chip type:          ESP32-S31 (revision v0.0)
Features:           Wi-Fi 6, BT 5.4 (LE), IEEE802.15.4, Dual Core + LP Core, 300MHz
Crystal frequency:  40MHz
MAC:                30:ed:a0:f3:f7:b0

Uploading stub flasher...
Running stub flasher...
Stub flasher running.
Changing baud rate to 460800...
Changed.

Configuring flash size...

Writing '/home/regex/work/esp32s31-openvela/openvela-dev/out/esp32s31-network1354/nuttx.bin' at 0x00002000...
SHA digest in image updated.
Flash will be erased from 0x00002000 to 0x00123fff...
Compressed 1187832 bytes to 658586...
Writing at 0x00007d32 ╸                                2.5% 16.00kB/643.15kB [0s] 
Writing at 0x0000def4 ━                                5.0% 32.00kB/643.15kB [0s] 
Writing at 0x000158b8 ━━                               7.5% 48.00kB/643.15kB [1s] 
Writing at 0x0002a669 ━━╸                             10.0% 64.00kB/643.15kB [1s] 
Writing at 0x00030ba1 ━━━╸                            12.4% 80.00kB/643.15kB [2s] 
Writing at 0x000352e7 ━━━━                            14.9% 96.00kB/643.15kB [2s] 
Writing at 0x0003fcdc ━━━━━                           17.4% 112.00kB/643.15kB [2s] 
Writing at 0x00054b8a ━━━━━╸                          19.9% 128.00kB/643.15kB [3s] 
Writing at 0x0005b154 ━━━━━━╸                         22.4% 144.00kB/643.15kB [3s] 
Writing at 0x00061e9d ━━━━━━━                         24.9% 160.00kB/643.15kB [4s] 
Writing at 0x000699ac ━━━━━━━━                        27.4% 176.00kB/643.15kB [4s] 
Writing at 0x000727db ━━━━━━━━╸                       29.9% 192.00kB/643.15kB [5s] 
Writing at 0x000794c1 ━━━━━━━━━╸                      32.3% 208.00kB/643.15kB [5s] 
Writing at 0x00080f98 ━━━━━━━━━━                      34.8% 224.00kB/643.15kB [5s] 
Writing at 0x0008795a ━━━━━━━━━━━                     37.3% 240.00kB/643.15kB [6s] 
Writing at 0x0008dc77 ━━━━━━━━━━━╸                    39.8% 256.00kB/643.15kB [6s] 
Writing at 0x00093d50 ━━━━━━━━━━━━╸                   42.3% 272.00kB/643.15kB [6s] 
Writing at 0x00099440 ━━━━━━━━━━━━━                   44.8% 288.00kB/643.15kB [7s] 
Writing at 0x0009ec60 ━━━━━━━━━━━━━━                  47.3% 304.00kB/643.15kB [7s] 
Writing at 0x000a4759 ━━━━━━━━━━━━━━╸                 49.8% 320.00kB/643.15kB [8s] 
Writing at 0x000aa442 ━━━━━━━━━━━━━━━╸                52.2% 336.00kB/643.15kB [8s] 
Writing at 0x000b18ef ━━━━━━━━━━━━━━━━                54.7% 352.00kB/643.15kB [8s] 
Writing at 0x000b94a6 ━━━━━━━━━━━━━━━━━               57.2% 368.00kB/643.15kB [9s] 
Writing at 0x000c1339 ━━━━━━━━━━━━━━━━━╸              59.7% 384.00kB/643.15kB [9s] 
Writing at 0x000c6d71 ━━━━━━━━━━━━━━━━━━╸             62.2% 400.00kB/643.15kB [10s] 
Writing at 0x000cce4e ━━━━━━━━━━━━━━━━━━━             64.7% 416.00kB/643.15kB [10s] 
Writing at 0x000d3bff ━━━━━━━━━━━━━━━━━━━━            67.2% 432.00kB/643.15kB [10s] 
Writing at 0x000d9cb2 ━━━━━━━━━━━━━━━━━━━━╸           69.7% 448.00kB/643.15kB [11s] 
Writing at 0x000df85e ━━━━━━━━━━━━━━━━━━━━━╸          72.1% 464.00kB/643.15kB [11s] 
Writing at 0x000e552f ━━━━━━━━━━━━━━━━━━━━━━          74.6% 480.00kB/643.15kB [12s] 
Writing at 0x000ebb88 ━━━━━━━━━━━━━━━━━━━━━━━         77.1% 496.00kB/643.15kB [12s] 
Writing at 0x000f2459 ━━━━━━━━━━━━━━━━━━━━━━━╸        79.6% 512.00kB/643.15kB [12s] 
Writing at 0x000f8336 ━━━━━━━━━━━━━━━━━━━━━━━━╸       82.1% 528.00kB/643.15kB [13s] 
Writing at 0x000fe438 ━━━━━━━━━━━━━━━━━━━━━━━━━       84.6% 544.00kB/643.15kB [13s] 
Writing at 0x001044d6 ━━━━━━━━━━━━━━━━━━━━━━━━━━      87.1% 560.00kB/643.15kB [14s] 
Writing at 0x0010a0bd ━━━━━━━━━━━━━━━━━━━━━━━━━━╸     89.6% 576.00kB/643.15kB [14s] 
Writing at 0x00110b36 ━━━━━━━━━━━━━━━━━━━━━━━━━━━╸    92.0% 592.00kB/643.15kB [14s] 
Writing at 0x00117270 ━━━━━━━━━━━━━━━━━━━━━━━━━━━━    94.5% 608.00kB/643.15kB [15s] 
Writing at 0x0011d33e ━━━━━━━━━━━━━━━━━━━━━━━━━━━━━   97.0% 624.00kB/643.15kB [15s] 
Writing at 0x00122de2 ━━━━━━━━━━━━━━━━━━━━━━━━━━━━━╸  99.5% 640.00kB/643.15kB [16s] 
Writing at 0x00123ff8 ━━━━━━━━━━━━━━━━━━━━━━━━━━━━━━ 100.0% 643.15kB/643.15kB [16s] 
Wrote 1187832 bytes (658586 compressed) at 0x00002000 in 16.2 seconds (588.3 kbit/s).
Verifying written data...
Hash of data verified.

Writing '/home/regex/work/esp32s31-openvela/openvela-dev/out/esp32s31-network1354/appfs.img' at 0x00200000...
Flash will be erased from 0x00200000 to 0x0043dfff...
Compressed 2348032 bytes to 1381701...
Writing at 0x002073f0                                  1.2% 16.00kB/1.32MB [0s] 
Writing at 0x0020cc38 ╸                                2.4% 32.00kB/1.32MB [0s] 
Writing at 0x00213d88 ━                                3.6% 48.00kB/1.32MB [1s] 
Writing at 0x0021d784 ━                                4.7% 64.00kB/1.32MB [1s] 
Writing at 0x00223513 ━╸                               5.9% 80.00kB/1.32MB [1s] 
Writing at 0x0022943f ━━                               7.1% 96.00kB/1.32MB [2s] 
Writing at 0x0022efd8 ━━                               8.3% 112.00kB/1.32MB [2s] 
Writing at 0x00234d9c ━━╸                              9.5% 128.00kB/1.32MB [3s] 
Writing at 0x0023aefc ━━━                             10.7% 144.00kB/1.32MB [3s] 
Writing at 0x002417b2 ━━━╸                            11.9% 160.00kB/1.32MB [3s] 
Writing at 0x0024721a ━━━╸                            13.0% 176.00kB/1.32MB [4s] 
Writing at 0x0024c52a ━━━━                            14.2% 192.00kB/1.32MB [4s] 
Writing at 0x002522c9 ━━━━╸                           15.4% 208.00kB/1.32MB [5s] 
Writing at 0x0025877d ━━━━╸                           16.6% 224.00kB/1.32MB [5s] 
Writing at 0x0025e38b ━━━━━                           17.8% 240.00kB/1.32MB [5s] 
Writing at 0x002643a3 ━━━━━╸                          19.0% 256.00kB/1.32MB [6s] 
Writing at 0x0026a230 ━━━━━━                          20.2% 272.00kB/1.32MB [6s] 
Writing at 0x00270042 ━━━━━━                          21.3% 288.00kB/1.32MB [7s] 
Writing at 0x00275b66 ━━━━━━╸                         22.5% 304.00kB/1.32MB [7s] 
Writing at 0x0027d3b8 ━━━━━━━                         23.7% 320.00kB/1.32MB [7s] 
Writing at 0x0028928d ━━━━━━━                         24.9% 336.00kB/1.32MB [8s] 
Writing at 0x00293d9c ━━━━━━━╸                        26.1% 352.00kB/1.32MB [8s] 
Writing at 0x002a1bca ━━━━━━━━                        27.3% 368.00kB/1.32MB [9s] 
Writing at 0x002ab3ce ━━━━━━━━╸                       28.5% 384.00kB/1.32MB [9s] 
Writing at 0x002b47b6 ━━━━━━━━╸                       29.6% 400.00kB/1.32MB [9s] 
Writing at 0x002bde11 ━━━━━━━━━                       30.8% 416.00kB/1.32MB [10s] 
Writing at 0x002c4828 ━━━━━━━━━╸                      32.0% 432.00kB/1.32MB [10s] 
Writing at 0x002c9c91 ━━━━━━━━━╸                      33.2% 448.00kB/1.32MB [10s] 
Writing at 0x002cf6d0 ━━━━━━━━━━                      34.4% 464.00kB/1.32MB [11s] 
Writing at 0x002d5026 ━━━━━━━━━━╸                     35.6% 480.00kB/1.32MB [11s] 
Writing at 0x002da98a ━━━━━━━━━━━                     36.8% 496.00kB/1.32MB [12s] 
Writing at 0x002e067d ━━━━━━━━━━━                     37.9% 512.00kB/1.32MB [12s] 
Writing at 0x002e5dfc ━━━━━━━━━━━╸                    39.1% 528.00kB/1.32MB [12s] 
Writing at 0x002eb9c7 ━━━━━━━━━━━━                    40.3% 544.00kB/1.32MB [13s] 
Writing at 0x002f15e6 ━━━━━━━━━━━━                    41.5% 560.00kB/1.32MB [13s] 
Writing at 0x002f6ff1 ━━━━━━━━━━━━╸                   42.7% 576.00kB/1.32MB [14s] 
Writing at 0x002fc7df ━━━━━━━━━━━━━                   43.9% 592.00kB/1.32MB [14s] 
Writing at 0x0030235a ━━━━━━━━━━━━━╸                  45.1% 608.00kB/1.32MB [14s] 
Writing at 0x00307a83 ━━━━━━━━━━━━━╸                  46.2% 624.00kB/1.32MB [15s] 
Writing at 0x0030d726 ━━━━━━━━━━━━━━                  47.4% 640.00kB/1.32MB [15s] 
Writing at 0x003137ec ━━━━━━━━━━━━━━╸                 48.6% 656.00kB/1.32MB [16s] 
Writing at 0x00319735 ━━━━━━━━━━━━━━╸                 49.8% 672.00kB/1.32MB [16s] 
Writing at 0x0031f769 ━━━━━━━━━━━━━━━                 51.0% 688.00kB/1.32MB [16s] 
Writing at 0x00324c11 ━━━━━━━━━━━━━━━╸                52.2% 704.00kB/1.32MB [17s] 
Writing at 0x0032a311 ━━━━━━━━━━━━━━━━                53.4% 720.00kB/1.32MB [17s] 
Writing at 0x0032fd12 ━━━━━━━━━━━━━━━━                54.5% 736.00kB/1.32MB [18s] 
Writing at 0x003359dc ━━━━━━━━━━━━━━━━╸               55.7% 752.00kB/1.32MB [18s] 
Writing at 0x0033b7ec ━━━━━━━━━━━━━━━━━               56.9% 768.00kB/1.32MB [18s] 
Writing at 0x00340f87 ━━━━━━━━━━━━━━━━━               58.1% 784.00kB/1.32MB [19s] 
Writing at 0x00348a1d ━━━━━━━━━━━━━━━━━╸              59.3% 800.00kB/1.32MB [19s] 
Writing at 0x003542d7 ━━━━━━━━━━━━━━━━━━              60.5% 816.00kB/1.32MB [19s] 
Writing at 0x0035f291 ━━━━━━━━━━━━━━━━━━              61.7% 832.00kB/1.32MB [20s] 
Writing at 0x00365dd8 ━━━━━━━━━━━━━━━━━━╸             62.8% 848.00kB/1.32MB [20s] 
Writing at 0x0036cf76 ━━━━━━━━━━━━━━━━━━━             64.0% 864.00kB/1.32MB [21s] 
Writing at 0x00373bad ━━━━━━━━━━━━━━━━━━━╸            65.2% 880.00kB/1.32MB [21s] 
Writing at 0x00379a0d ━━━━━━━━━━━━━━━━━━━╸            66.4% 896.00kB/1.32MB [21s] 
Writing at 0x0037fec6 ━━━━━━━━━━━━━━━━━━━━            67.6% 912.00kB/1.32MB [22s] 
Writing at 0x00386688 ━━━━━━━━━━━━━━━━━━━━╸           68.8% 928.00kB/1.32MB [22s] 
Writing at 0x0038c2e4 ━━━━━━━━━━━━━━━━━━━━╸           70.0% 944.00kB/1.32MB [23s] 
Writing at 0x003914b6 ━━━━━━━━━━━━━━━━━━━━━           71.1% 960.00kB/1.32MB [23s] 
Writing at 0x0039ba6b ━━━━━━━━━━━━━━━━━━━━━╸          72.3% 976.00kB/1.32MB [23s] 
Writing at 0x003a412c ━━━━━━━━━━━━━━━━━━━━━━          73.5% 992.00kB/1.32MB [24s] 
Writing at 0x003adc41 ━━━━━━━━━━━━━━━━━━━━━━          74.7% 1008.00kB/1.32MB [24s] 
Writing at 0x003b3bb1 ━━━━━━━━━━━━━━━━━━━━━━╸         75.9% 1.00MB/1.32MB [25s] 
Writing at 0x003b9b3b ━━━━━━━━━━━━━━━━━━━━━━━         77.1% 1.02MB/1.32MB [25s] 
Writing at 0x003bf164 ━━━━━━━━━━━━━━━━━━━━━━━         78.3% 1.03MB/1.32MB [25s] 
Writing at 0x003c5cc9 ━━━━━━━━━━━━━━━━━━━━━━━╸        79.4% 1.05MB/1.32MB [26s] 
Writing at 0x003cd717 ━━━━━━━━━━━━━━━━━━━━━━━━        80.6% 1.06MB/1.32MB [26s] 
Writing at 0x003d36d8 ━━━━━━━━━━━━━━━━━━━━━━━━╸       81.8% 1.08MB/1.32MB [27s] 
Writing at 0x003dbe1d ━━━━━━━━━━━━━━━━━━━━━━━━╸       83.0% 1.09MB/1.32MB [27s] 
Writing at 0x003e2904 ━━━━━━━━━━━━━━━━━━━━━━━━━       84.2% 1.11MB/1.32MB [27s] 
Writing at 0x003e8803 ━━━━━━━━━━━━━━━━━━━━━━━━━╸      85.4% 1.12MB/1.32MB [28s] 
Writing at 0x003ef43f ━━━━━━━━━━━━━━━━━━━━━━━━━╸      86.6% 1.14MB/1.32MB [28s] 
Writing at 0x003f689d ━━━━━━━━━━━━━━━━━━━━━━━━━━      87.7% 1.16MB/1.32MB [28s] 
Writing at 0x003fdcb4 ━━━━━━━━━━━━━━━━━━━━━━━━━━╸     88.9% 1.17MB/1.32MB [29s] 
Writing at 0x00405ac7 ━━━━━━━━━━━━━━━━━━━━━━━━━━━     90.1% 1.19MB/1.32MB [29s] 
Writing at 0x0040bfab ━━━━━━━━━━━━━━━━━━━━━━━━━━━     91.3% 1.20MB/1.32MB [30s] 
Writing at 0x00413519 ━━━━━━━━━━━━━━━━━━━━━━━━━━━╸    92.5% 1.22MB/1.32MB [30s] 
Writing at 0x0041b980 ━━━━━━━━━━━━━━━━━━━━━━━━━━━━    93.7% 1.23MB/1.32MB [30s] 
Writing at 0x00421e2e ━━━━━━━━━━━━━━━━━━━━━━━━━━━━    94.9% 1.25MB/1.32MB [31s] 
Writing at 0x00427d36 ━━━━━━━━━━━━━━━━━━━━━━━━━━━━╸   96.0% 1.27MB/1.32MB [31s] 
Writing at 0x0042dc47 ━━━━━━━━━━━━━━━━━━━━━━━━━━━━━   97.2% 1.28MB/1.32MB [32s] 
Writing at 0x0043326c ━━━━━━━━━━━━━━━━━━━━━━━━━━━━━╸  98.4% 1.30MB/1.32MB [32s] 
Writing at 0x00439e65 ━━━━━━━━━━━━━━━━━━━━━━━━━━━━━╸  99.6% 1.31MB/1.32MB [32s] 
Writing at 0x0043d400 ━━━━━━━━━━━━━━━━━━━━━━━━━━━━━━ 100.0% 1.32MB/1.32MB [33s] 
Wrote 2348032 bytes (1381701 compressed) at 0x00200000 in 31.6 seconds (595.0 kbit/s).
Verifying written data...
Hash of data verified.

Hard resetting via RTS pin...
