before-a.bin: OK
before-b.bin: OK
WIFI_ARTIFACT_CONFIG=PASS booleans=1775 protocol=7
+ /home/regex/.espressif/python_env/idf6.1_py3.10_env/bin/esptool --chip esp32s31 --port /dev/serial/by-id/usb-Silicon_Labs_CP2102N_USB_to_UART_Bridge_Controller_f65e4ef67f71f011975a049f1045c30f-if00-port0 --baud 460800 write-flash --flash-size 16MB --flash-mode dio --flash-freq 80m 0x2000 /home/regex/work/esp32s31-openvela/openvela-dev/out/esp32s31-cmake-demo/nuttx.bin 0x200000 /home/regex/work/esp32s31-openvela/openvela-dev/out/esp32s31-cmake-demo/appfs.img
esptool v5.4.0
Serial port /dev/serial/by-id/usb-Silicon_Labs_CP2102N_USB_to_UART_Bridge_Controller_f65e4ef67f71f011975a049f1045c30f-if00-port0:
Connecting....
Connected to ESP32-S31 on /dev/serial/by-id/usb-Silicon_Labs_CP2102N_USB_to_UART_Bridge_Controller_f65e4ef67f71f011975a049f1045c30f-if00-port0:
Chip type:          ESP32-S31 (revision v0.0)
Features:           Wi-Fi 6, BT 5.4 (LE), IEEE802.15.4, Dual Core + LP Core, 300MHz
Crystal frequency:  40MHz
MAC:                30:ed:a0:f3:f7:b0

Uploading stub flasher...
Running stub flasher...
Stub flasher running.
Changing baud rate to 460800...
Changed.

Configuring flash size...

Writing '/home/regex/work/esp32s31-openvela/openvela-dev/out/esp32s31-cmake-demo/nuttx.bin' at 0x00002000...
SHA digest in image updated.
Flash will be erased from 0x00002000 to 0x00103fff...
Compressed 1055168 bytes to 589106...
Writing at 0x00007d20 ╸                                2.8% 16.00kB/575.30kB [0s] 
Writing at 0x0000dee8 ━╸                               5.6% 32.00kB/575.30kB [0s] 
Writing at 0x00015749 ━━╸                              8.3% 48.00kB/575.30kB [1s] 
Writing at 0x0002a79a ━━━                             11.1% 64.00kB/575.30kB [1s] 
Writing at 0x00031476 ━━━━                            13.9% 80.00kB/575.30kB [2s] 
Writing at 0x00041d24 ━━━━━                           16.7% 96.00kB/575.30kB [2s] 
Writing at 0x00047bb8 ━━━━━╸                          19.5% 112.00kB/575.30kB [2s] 
Writing at 0x0004e0ed ━━━━━━╸                         22.2% 128.00kB/575.30kB [3s] 
Writing at 0x00054ee6 ━━━━━━━╸                        25.0% 144.00kB/575.30kB [3s] 
Writing at 0x0005db8a ━━━━━━━━                        27.8% 160.00kB/575.30kB [4s] 
Writing at 0x000654b2 ━━━━━━━━━                       30.6% 176.00kB/575.30kB [4s] 
Writing at 0x0006cbd0 ━━━━━━━━━━                      33.4% 192.00kB/575.30kB [4s] 
Writing at 0x00073dba ━━━━━━━━━━╸                     36.2% 208.00kB/575.30kB [5s] 
Writing at 0x0007a1ee ━━━━━━━━━━━╸                    38.9% 224.00kB/575.30kB [5s] 
Writing at 0x000802a2 ━━━━━━━━━━━━╸                   41.7% 240.00kB/575.30kB [6s] 
Writing at 0x00086094 ━━━━━━━━━━━━━                   44.5% 256.00kB/575.30kB [6s] 
Writing at 0x0008b6a5 ━━━━━━━━━━━━━━                  47.3% 272.00kB/575.30kB [6s] 
Writing at 0x000910c3 ━━━━━━━━━━━━━━━                 50.1% 288.00kB/575.30kB [7s] 
Writing at 0x00096c31 ━━━━━━━━━━━━━━━╸                52.8% 304.00kB/575.30kB [7s] 
Writing at 0x0009d088 ━━━━━━━━━━━━━━━━╸               55.6% 320.00kB/575.30kB [8s] 
Writing at 0x000a44b6 ━━━━━━━━━━━━━━━━━╸              58.4% 336.00kB/575.30kB [8s] 
Writing at 0x000acfd0 ━━━━━━━━━━━━━━━━━━              61.2% 352.00kB/575.30kB [8s] 
Writing at 0x000b42f5 ━━━━━━━━━━━━━━━━━━━             64.0% 368.00kB/575.30kB [9s] 
Writing at 0x000b9e37 ━━━━━━━━━━━━━━━━━━━━            66.7% 384.00kB/575.30kB [9s] 
Writing at 0x000c04de ━━━━━━━━━━━━━━━━━━━━╸           69.5% 400.00kB/575.30kB [10s] 
Writing at 0x000c7190 ━━━━━━━━━━━━━━━━━━━━━╸          72.3% 416.00kB/575.30kB [10s] 
Writing at 0x000cd203 ━━━━━━━━━━━━━━━━━━━━━━╸         75.1% 432.00kB/575.30kB [10s] 
Writing at 0x000d2e6e ━━━━━━━━━━━━━━━━━━━━━━━         77.9% 448.00kB/575.30kB [11s] 
Writing at 0x000d8bf2 ━━━━━━━━━━━━━━━━━━━━━━━━        80.7% 464.00kB/575.30kB [11s] 
Writing at 0x000df138 ━━━━━━━━━━━━━━━━━━━━━━━━━       83.4% 480.00kB/575.30kB [12s] 
Writing at 0x000e59ec ━━━━━━━━━━━━━━━━━━━━━━━━━╸      86.2% 496.00kB/575.30kB [12s] 
Writing at 0x000eb9f1 ━━━━━━━━━━━━━━━━━━━━━━━━━━╸     89.0% 512.00kB/575.30kB [12s] 
Writing at 0x000f1ab7 ━━━━━━━━━━━━━━━━━━━━━━━━━━━╸    91.8% 528.00kB/575.30kB [13s] 
Writing at 0x000f7b1a ━━━━━━━━━━━━━━━━━━━━━━━━━━━━    94.6% 544.00kB/575.30kB [13s] 
Writing at 0x000fd665 ━━━━━━━━━━━━━━━━━━━━━━━━━━━━━   97.3% 560.00kB/575.30kB [14s] 
Writing at 0x001039c0 ━━━━━━━━━━━━━━━━━━━━━━━━━━━━━━ 100.0% 575.30kB/575.30kB [14s] 
Wrote 1055168 bytes (589106 compressed) at 0x00002000 in 10.6 seconds (795.8 kbit/s).
Verifying written data...
Hash of data verified.

Writing '/home/regex/work/esp32s31-openvela/openvela-dev/out/esp32s31-cmake-demo/appfs.img' at 0x00200000...
Flash will be erased from 0x00200000 to 0x0041dfff...
Compressed 2216960 bytes to 1247116...
Writing at 0x002064c2                                  1.3% 16.00kB/1.19MB [0s] 
Writing at 0x0020dd7c ╸                                2.6% 32.00kB/1.19MB [0s] 
Writing at 0x00214364 ━                                3.9% 48.00kB/1.19MB [1s] 
Writing at 0x0021bdb6 ━╸                               5.3% 64.00kB/1.19MB [1s] 
Writing at 0x00222441 ━╸                               6.6% 80.00kB/1.19MB [2s] 
Writing at 0x00227e33 ━━                               7.9% 96.00kB/1.19MB [2s] 
Writing at 0x0022dc2f ━━╸                              9.2% 112.00kB/1.19MB [2s] 
Writing at 0x00235f88 ━━━                             10.5% 128.00kB/1.19MB [3s] 
Writing at 0x0023e033 ━━━╸                            11.8% 144.00kB/1.19MB [3s] 
Writing at 0x0024656a ━━━╸                            13.1% 160.00kB/1.19MB [4s] 
Writing at 0x00256385 ━━━━                            14.5% 176.00kB/1.19MB [4s] 
Writing at 0x0025bf55 ━━━━╸                           15.8% 192.00kB/1.19MB [4s] 
Writing at 0x002663ed ━━━━━                           17.1% 208.00kB/1.19MB [5s] 
Writing at 0x0026dc33 ━━━━━╸                          18.4% 224.00kB/1.19MB [5s] 
Writing at 0x002737de ━━━━━╸                          19.7% 240.00kB/1.19MB [6s] 
Writing at 0x0027a39c ━━━━━━                          21.0% 256.00kB/1.19MB [6s] 
Writing at 0x0028107d ━━━━━━╸                         22.3% 272.00kB/1.19MB [6s] 
Writing at 0x0028b488 ━━━━━━━                         23.6% 288.00kB/1.19MB [7s] 
Writing at 0x00292721 ━━━━━━━                         25.0% 304.00kB/1.19MB [7s] 
Writing at 0x0029a0d4 ━━━━━━━╸                        26.3% 320.00kB/1.19MB [8s] 
Writing at 0x002a3faa ━━━━━━━━                        27.6% 336.00kB/1.19MB [8s] 
Writing at 0x002a9f3e ━━━━━━━━╸                       28.9% 352.00kB/1.19MB [9s] 
Writing at 0x002afc62 ━━━━━━━━━                       30.2% 368.00kB/1.19MB [9s] 
Writing at 0x002b5653 ━━━━━━━━━                       31.5% 384.00kB/1.19MB [9s] 
Writing at 0x002bcd74 ━━━━━━━━━╸                      32.8% 400.00kB/1.19MB [10s] 
Writing at 0x002c4a0a ━━━━━━━━━━                      34.2% 416.00kB/1.19MB [10s] 
Writing at 0x002ca53a ━━━━━━━━━━╸                     35.5% 432.00kB/1.19MB [11s] 
Writing at 0x002d2c76 ━━━━━━━━━━━                     36.8% 448.00kB/1.19MB [11s] 
Writing at 0x002d9cdf ━━━━━━━━━━━                     38.1% 464.00kB/1.19MB [11s] 
Writing at 0x002dfb44 ━━━━━━━━━━━╸                    39.4% 480.00kB/1.19MB [12s] 
Writing at 0x002e7fca ━━━━━━━━━━━━                    40.7% 496.00kB/1.19MB [12s] 
Writing at 0x002ef454 ━━━━━━━━━━━━╸                   42.0% 512.00kB/1.19MB [13s] 
Writing at 0x002f5fa4 ━━━━━━━━━━━━━                   43.4% 528.00kB/1.19MB [13s] 
Writing at 0x002fc75c ━━━━━━━━━━━━━                   44.7% 544.00kB/1.19MB [13s] 
Writing at 0x00302d66 ━━━━━━━━━━━━━╸                  46.0% 560.00kB/1.19MB [14s] 
Writing at 0x00308268 ━━━━━━━━━━━━━━                  47.3% 576.00kB/1.19MB [14s] 
Writing at 0x00311218 ━━━━━━━━━━━━━━╸                 48.6% 592.00kB/1.19MB [15s] 
Writing at 0x0031875c ━━━━━━━━━━━━━━╸                 49.9% 608.00kB/1.19MB [15s] 
Writing at 0x00320451 ━━━━━━━━━━━━━━━                 51.2% 624.00kB/1.19MB [16s] 
Writing at 0x003279b1 ━━━━━━━━━━━━━━━╸                52.6% 640.00kB/1.19MB [16s] 
Writing at 0x0032e52a ━━━━━━━━━━━━━━━━                53.9% 656.00kB/1.19MB [16s] 
Writing at 0x0033468d ━━━━━━━━━━━━━━━━╸               55.2% 672.00kB/1.19MB [17s] 
Writing at 0x00339bad ━━━━━━━━━━━━━━━━╸               56.5% 688.00kB/1.19MB [17s] 
Writing at 0x00341da2 ━━━━━━━━━━━━━━━━━               57.8% 704.00kB/1.19MB [18s] 
Writing at 0x00348964 ━━━━━━━━━━━━━━━━━╸              59.1% 720.00kB/1.19MB [18s] 
Writing at 0x0034ea03 ━━━━━━━━━━━━━━━━━━              60.4% 736.00kB/1.19MB [18s] 
Writing at 0x00353dd1 ━━━━━━━━━━━━━━━━━━╸             61.7% 752.00kB/1.19MB [19s] 
Writing at 0x0035c286 ━━━━━━━━━━━━━━━━━━╸             63.1% 768.00kB/1.19MB [19s] 
Writing at 0x00363c29 ━━━━━━━━━━━━━━━━━━━             64.4% 784.00kB/1.19MB [20s] 
Writing at 0x00369e6b ━━━━━━━━━━━━━━━━━━━╸            65.7% 800.00kB/1.19MB [20s] 
Writing at 0x003716c6 ━━━━━━━━━━━━━━━━━━━━            67.0% 816.00kB/1.19MB [20s] 
Writing at 0x00379a79 ━━━━━━━━━━━━━━━━━━━━            68.3% 832.00kB/1.19MB [21s] 
Writing at 0x003805ed ━━━━━━━━━━━━━━━━━━━━╸           69.6% 848.00kB/1.19MB [21s] 
Writing at 0x003860cb ━━━━━━━━━━━━━━━━━━━━━           70.9% 864.00kB/1.19MB [22s] 
Writing at 0x0038b4c5 ━━━━━━━━━━━━━━━━━━━━━╸          72.3% 880.00kB/1.19MB [22s] 
Writing at 0x00393b2d ━━━━━━━━━━━━━━━━━━━━━━          73.6% 896.00kB/1.19MB [22s] 
Writing at 0x0039ae45 ━━━━━━━━━━━━━━━━━━━━━━          74.9% 912.00kB/1.19MB [23s] 
Writing at 0x003a53e0 ━━━━━━━━━━━━━━━━━━━━━━╸         76.2% 928.00kB/1.19MB [23s] 
Writing at 0x003ab9c4 ━━━━━━━━━━━━━━━━━━━━━━━         77.5% 944.00kB/1.19MB [24s] 
Writing at 0x003b17e3 ━━━━━━━━━━━━━━━━━━━━━━━╸        78.8% 960.00kB/1.19MB [24s] 
Writing at 0x003b79f0 ━━━━━━━━━━━━━━━━━━━━━━━━        80.1% 976.00kB/1.19MB [25s] 
Writing at 0x003bf078 ━━━━━━━━━━━━━━━━━━━━━━━━        81.5% 992.00kB/1.19MB [25s] 
Writing at 0x003c5a32 ━━━━━━━━━━━━━━━━━━━━━━━━╸       82.8% 1008.00kB/1.19MB [25s] 
Writing at 0x003cbb22 ━━━━━━━━━━━━━━━━━━━━━━━━━       84.1% 1.00MB/1.19MB [26s] 
Writing at 0x003d1c1e ━━━━━━━━━━━━━━━━━━━━━━━━━╸      85.4% 1.02MB/1.19MB [26s] 
Writing at 0x003d7688 ━━━━━━━━━━━━━━━━━━━━━━━━━━      86.7% 1.03MB/1.19MB [27s] 
Writing at 0x003deb84 ━━━━━━━━━━━━━━━━━━━━━━━━━━      88.0% 1.05MB/1.19MB [27s] 
Writing at 0x003e6cdd ━━━━━━━━━━━━━━━━━━━━━━━━━━╸     89.3% 1.06MB/1.19MB [27s] 
Writing at 0x003ed61e ━━━━━━━━━━━━━━━━━━━━━━━━━━━     90.6% 1.08MB/1.19MB [28s] 
Writing at 0x003f2ea6 ━━━━━━━━━━━━━━━━━━━━━━━━━━━╸    92.0% 1.09MB/1.19MB [28s] 
Writing at 0x003f986a ━━━━━━━━━━━━━━━━━━━━━━━━━━━╸    93.3% 1.11MB/1.19MB [29s] 
Writing at 0x00401631 ━━━━━━━━━━━━━━━━━━━━━━━━━━━━    94.6% 1.12MB/1.19MB [29s] 
Writing at 0x00407c64 ━━━━━━━━━━━━━━━━━━━━━━━━━━━━╸   95.9% 1.14MB/1.19MB [29s] 
Writing at 0x0040dca7 ━━━━━━━━━━━━━━━━━━━━━━━━━━━━━   97.2% 1.16MB/1.19MB [30s] 
Writing at 0x00415edd ━━━━━━━━━━━━━━━━━━━━━━━━━━━━━╸  98.5% 1.17MB/1.19MB [30s] 
Writing at 0x0041b89a ━━━━━━━━━━━━━━━━━━━━━━━━━━━━━╸  99.8% 1.19MB/1.19MB [31s] 
Writing at 0x0041d400 ━━━━━━━━━━━━━━━━━━━━━━━━━━━━━━ 100.0% 1.19MB/1.19MB [31s] 
Wrote 2216960 bytes (1247116 compressed) at 0x00200000 in 28.8 seconds (616.8 kbit/s).
Verifying written data...
Hash of data verified.

Hard resetting via RTS pin...
