+ /home/regex/.espressif/python_env/idf6.1_py3.10_env/bin/esptool --chip esp32s31 --port /dev/serial/by-id/usb-Silicon_Labs_CP2102N_USB_to_UART_Bridge_Controller_f65e4ef67f71f011975a049f1045c30f-if00-port0 --baud 460800 write-flash --flash-size 16MB --flash-mode dio --flash-freq 80m 0x2000 /home/regex/work/esp32s31-openvela/openvela-dev/out/esp32s31-cmake-wifi-regression209/nuttx.bin 0x200000 /home/regex/work/esp32s31-openvela/openvela-dev/out/esp32s31-cmake-wifi-regression209/appfs.img
esptool v5.4.0
Serial port /dev/serial/by-id/usb-Silicon_Labs_CP2102N_USB_to_UART_Bridge_Controller_f65e4ef67f71f011975a049f1045c30f-if00-port0:
Connecting....
Connected to ESP32-S31 on /dev/serial/by-id/usb-Silicon_Labs_CP2102N_USB_to_UART_Bridge_Controller_f65e4ef67f71f011975a049f1045c30f-if00-port0:
Chip type:          ESP32-S31 (revision v0.0)
Features:           Wi-Fi 6, BT 5.4 (LE), IEEE802.15.4, Dual Core + LP Core, 300MHz
Crystal frequency:  40MHz
MAC:                30:ed:a0:f3:f7:b0

Uploading stub flasher...
Running stub flasher...
Stub flasher running.
Changing baud rate to 460800...
Changed.

Configuring flash size...

Writing '/home/regex/work/esp32s31-openvela/openvela-dev/out/esp32s31-cmake-wifi-regression209/nuttx.bin' at 0x00002000...
SHA digest in image updated.
Flash will be erased from 0x00002000 to 0x000f2fff...
Compressed 985940 bytes to 543648...
Writing at 0x00007e13 ╸                                3.0% 16.00kB/530.91kB [0s] 
Writing at 0x0000e03f ━╸                               6.0% 32.00kB/530.91kB [0s] 
Writing at 0x00022ef2 ━━╸                              9.0% 48.00kB/530.91kB [1s] 
Writing at 0x0002b060 ━━━╸                            12.1% 64.00kB/530.91kB [1s] 
Writing at 0x00034ed2 ━━━━╸                           15.1% 80.00kB/530.91kB [2s] 
Writing at 0x00043d83 ━━━━━                           18.1% 96.00kB/530.91kB [2s] 
Writing at 0x0004a3e4 ━━━━━━                          21.1% 112.00kB/530.91kB [2s] 
Writing at 0x00050c0e ━━━━━━━                         24.1% 128.00kB/530.91kB [3s] 
Writing at 0x00058da6 ━━━━━━━━                        27.1% 144.00kB/530.91kB [3s] 
Writing at 0x00061217 ━━━━━━━━━                       30.1% 160.00kB/530.91kB [3s] 
Writing at 0x0006890d ━━━━━━━━━╸                      33.2% 176.00kB/530.91kB [4s] 
Writing at 0x0006fb93 ━━━━━━━━━━╸                     36.2% 192.00kB/530.91kB [4s] 
Writing at 0x00075e29 ━━━━━━━━━━━╸                    39.2% 208.00kB/530.91kB [4s] 
Writing at 0x0007bf77 ━━━━━━━━━━━━╸                   42.2% 224.00kB/530.91kB [5s] 
Writing at 0x00081661 ━━━━━━━━━━━━━╸                  45.2% 240.00kB/530.91kB [5s] 
Writing at 0x00086f60 ━━━━━━━━━━━━━━                  48.2% 256.00kB/530.91kB [6s] 
Writing at 0x0008ca17 ━━━━━━━━━━━━━━━                 51.2% 272.00kB/530.91kB [6s] 
Writing at 0x00092643 ━━━━━━━━━━━━━━━━                54.2% 288.00kB/530.91kB [6s] 
Writing at 0x00099387 ━━━━━━━━━━━━━━━━━               57.3% 304.00kB/530.91kB [7s] 
Writing at 0x000a18c8 ━━━━━━━━━━━━━━━━━━              60.3% 320.00kB/530.91kB [7s] 
Writing at 0x000a7bc4 ━━━━━━━━━━━━━━━━━━╸             63.3% 336.00kB/530.91kB [7s] 
Writing at 0x000ae025 ━━━━━━━━━━━━━━━━━━━╸            66.3% 352.00kB/530.91kB [8s] 
Writing at 0x000b4da9 ━━━━━━━━━━━━━━━━━━━━╸           69.3% 368.00kB/530.91kB [8s] 
Writing at 0x000bae8e ━━━━━━━━━━━━━━━━━━━━━╸          72.3% 384.00kB/530.91kB [8s] 
Writing at 0x000c0a6e ━━━━━━━━━━━━━━━━━━━━━━╸         75.3% 400.00kB/530.91kB [9s] 
Writing at 0x000c67d9 ━━━━━━━━━━━━━━━━━━━━━━━╸        78.4% 416.00kB/530.91kB [9s] 
Writing at 0x000ccd9a ━━━━━━━━━━━━━━━━━━━━━━━━        81.4% 432.00kB/530.91kB [9s] 
Writing at 0x000d3664 ━━━━━━━━━━━━━━━━━━━━━━━━━       84.4% 448.00kB/530.91kB [10s] 
Writing at 0x000d953a ━━━━━━━━━━━━━━━━━━━━━━━━━━      87.4% 464.00kB/530.91kB [10s] 
Writing at 0x000df66f ━━━━━━━━━━━━━━━━━━━━━━━━━━━     90.4% 480.00kB/530.91kB [11s] 
Writing at 0x000e5776 ━━━━━━━━━━━━━━━━━━━━━━━━━━━━    93.4% 496.00kB/530.91kB [11s] 
Writing at 0x000eb31e ━━━━━━━━━━━━━━━━━━━━━━━━━━━━╸   96.4% 512.00kB/530.91kB [11s] 
Writing at 0x000f1934 ━━━━━━━━━━━━━━━━━━━━━━━━━━━━━╸  99.5% 528.00kB/530.91kB [12s] 
Writing at 0x000f2b54 ━━━━━━━━━━━━━━━━━━━━━━━━━━━━━━ 100.0% 530.91kB/530.91kB [12s] 
Wrote 985940 bytes (543648 compressed) at 0x00002000 in 13.4 seconds (590.5 kbit/s).
Verifying written data...
Hash of data verified.

Writing '/home/regex/work/esp32s31-openvela/openvela-dev/out/esp32s31-cmake-wifi-regression209/appfs.img' at 0x00200000...
Flash will be erased from 0x00200000 to 0x00284fff...
Compressed 541696 bytes to 307712...
Writing at 0x002076ae ━╸                               5.3% 16.00kB/300.50kB [0s] 
Writing at 0x0021099e ━━━                             10.6% 32.00kB/300.50kB [0s] 
Writing at 0x00216874 ━━━━╸                           16.0% 48.00kB/300.50kB [1s] 
Writing at 0x0021c82c ━━━━━━                          21.3% 64.00kB/300.50kB [1s] 
Writing at 0x00221f35 ━━━━━━━╸                        26.6% 80.00kB/300.50kB [1s] 
Writing at 0x0022b62e ━━━━━━━━━╸                      31.9% 96.00kB/300.50kB [2s] 
Writing at 0x00232374 ━━━━━━━━━━━                     37.3% 112.00kB/300.50kB [2s] 
Writing at 0x002382d5 ━━━━━━━━━━━━╸                   42.6% 128.00kB/300.50kB [2s] 
Writing at 0x00240aa5 ━━━━━━━━━━━━━━                  47.9% 144.00kB/300.50kB [3s] 
Writing at 0x00248320 ━━━━━━━━━━━━━━━╸                53.2% 160.00kB/300.50kB [3s] 
Writing at 0x0024e21b ━━━━━━━━━━━━━━━━━╸              58.6% 176.00kB/300.50kB [3s] 
Writing at 0x00255caa ━━━━━━━━━━━━━━━━━━━             63.9% 192.00kB/300.50kB [4s] 
Writing at 0x0025d23f ━━━━━━━━━━━━━━━━━━━━╸           69.2% 208.00kB/300.50kB [4s] 
Writing at 0x00264fa8 ━━━━━━━━━━━━━━━━━━━━━━          74.5% 224.00kB/300.50kB [5s] 
Writing at 0x0026abf1 ━━━━━━━━━━━━━━━━━━━━━━━╸        79.9% 240.00kB/300.50kB [5s] 
Writing at 0x00270f01 ━━━━━━━━━━━━━━━━━━━━━━━━━╸      85.2% 256.00kB/300.50kB [5s] 
Writing at 0x00276f08 ━━━━━━━━━━━━━━━━━━━━━━━━━━━     90.5% 272.00kB/300.50kB [6s] 
Writing at 0x0027c5ff ━━━━━━━━━━━━━━━━━━━━━━━━━━━━╸   95.8% 288.00kB/300.50kB [6s] 
Writing at 0x00284400 ━━━━━━━━━━━━━━━━━━━━━━━━━━━━━━ 100.0% 300.50kB/300.50kB [6s] 
Wrote 541696 bytes (307712 compressed) at 0x00200000 in 6.9 seconds (631.0 kbit/s).
Verifying written data...
Hash of data verified.

Hard resetting via RTS pin...
