before-a.bin: OK
before-b.bin: OK
+ /home/regex/.espressif/python_env/idf6.1_py3.10_env/bin/esptool --chip esp32s31 --port /dev/serial/by-id/usb-Silicon_Labs_CP2102N_USB_to_UART_Bridge_Controller_f65e4ef67f71f011975a049f1045c30f-if00-port0 --baud 460800 write-flash --flash-size 16MB --flash-mode dio --flash-freq 80m 0x2000 /home/regex/work/esp32s31-openvela/openvela-dev/out/esp32s31-spawn-kernel1612/nuttx.bin 0x200000 /home/regex/work/esp32s31-openvela/openvela-dev/out/esp32s31-spawn-kernel1612/appfs.img
esptool v5.4.0
Serial port /dev/serial/by-id/usb-Silicon_Labs_CP2102N_USB_to_UART_Bridge_Controller_f65e4ef67f71f011975a049f1045c30f-if00-port0:
Connecting....
Connected to ESP32-S31 on /dev/serial/by-id/usb-Silicon_Labs_CP2102N_USB_to_UART_Bridge_Controller_f65e4ef67f71f011975a049f1045c30f-if00-port0:
Chip type:          ESP32-S31 (revision v0.0)
Features:           Wi-Fi 6, BT 5.4 (LE), IEEE802.15.4, Dual Core + LP Core, 300MHz
Crystal frequency:  40MHz
MAC:                30:ed:a0:f3:f7:b0

Uploading stub flasher...
Running stub flasher...
Stub flasher running.
Changing baud rate to 460800...
Changed.

Configuring flash size...

Writing '/home/regex/work/esp32s31-openvela/openvela-dev/out/esp32s31-spawn-kernel1612/nuttx.bin' at 0x00002000...
SHA digest in image updated.
Flash will be erased from 0x00002000 to 0x00188fff...
Compressed 1597560 bytes to 949876...
Writing at 0x00008290 ╸                                1.7% 16.00kB/927.61kB [0s] 
Writing at 0x0000e185 ━                                3.4% 32.00kB/927.61kB [0s] 
Writing at 0x000141ba ━╸                               5.2% 48.00kB/927.61kB [1s] 
Writing at 0x0001a11c ━━                               6.9% 64.00kB/927.61kB [1s] 
Writing at 0x00028fff ━━╸                              8.6% 80.00kB/927.61kB [2s] 
Writing at 0x0002fa30 ━━━                             10.3% 96.00kB/927.61kB [2s] 
Writing at 0x00035a31 ━━━╸                            12.1% 112.00kB/927.61kB [2s] 
Writing at 0x0003a63b ━━━━                            13.8% 128.00kB/927.61kB [3s] 
Writing at 0x000509b0 ━━━━╸                           15.5% 144.00kB/927.61kB [3s] 
Writing at 0x0005690a ━━━━━                           17.2% 160.00kB/927.61kB [4s] 
Writing at 0x0005cc7f ━━━━━╸                          19.0% 176.00kB/927.61kB [4s] 
Writing at 0x00063208 ━━━━━━                          20.7% 192.00kB/927.61kB [4s] 
Writing at 0x0006a324 ━━━━━━╸                         22.4% 208.00kB/927.61kB [5s] 
Writing at 0x000730c6 ━━━━━━━                         24.1% 224.00kB/927.61kB [5s] 
Writing at 0x0007acca ━━━━━━━╸                        25.9% 240.00kB/927.61kB [6s] 
Writing at 0x000824c2 ━━━━━━━━                        27.6% 256.00kB/927.61kB [6s] 
Writing at 0x0008939e ━━━━━━━━╸                       29.3% 272.00kB/927.61kB [6s] 
Writing at 0x0008f795 ━━━━━━━━━                       31.0% 288.00kB/927.61kB [7s] 
Writing at 0x00095e99 ━━━━━━━━━╸                      32.8% 304.00kB/927.61kB [7s] 
Writing at 0x0009bd3c ━━━━━━━━━━                      34.5% 320.00kB/927.61kB [8s] 
Writing at 0x000a1a63 ━━━━━━━━━━╸                     36.2% 336.00kB/927.61kB [8s] 
Writing at 0x000a708c ━━━━━━━━━━━                     37.9% 352.00kB/927.61kB [8s] 
Writing at 0x000acb75 ━━━━━━━━━━━╸                    39.7% 368.00kB/927.61kB [9s] 
Writing at 0x000b25ab ━━━━━━━━━━━━                    41.4% 384.00kB/927.61kB [9s] 
Writing at 0x000b90d0 ━━━━━━━━━━━━╸                   43.1% 400.00kB/927.61kB [10s] 
Writing at 0x000c0b04 ━━━━━━━━━━━━━                   44.8% 416.00kB/927.61kB [10s] 
Writing at 0x000c8da8 ━━━━━━━━━━━━━╸                  46.6% 432.00kB/927.61kB [11s] 
Writing at 0x000cf479 ━━━━━━━━━━━━━━                  48.3% 448.00kB/927.61kB [11s] 
Writing at 0x000d513c ━━━━━━━━━━━━━━━                 50.0% 464.00kB/927.61kB [11s] 
Writing at 0x000dbab6 ━━━━━━━━━━━━━━━╸                51.7% 480.00kB/927.61kB [12s] 
Writing at 0x000e20a8 ━━━━━━━━━━━━━━━━                53.5% 496.00kB/927.61kB [12s] 
Writing at 0x000e8159 ━━━━━━━━━━━━━━━━╸               55.2% 512.00kB/927.61kB [13s] 
Writing at 0x000ee223 ━━━━━━━━━━━━━━━━━               56.9% 528.00kB/927.61kB [13s] 
Writing at 0x000f4393 ━━━━━━━━━━━━━━━━━╸              58.6% 544.00kB/927.61kB [13s] 
Writing at 0x000fa496 ━━━━━━━━━━━━━━━━━━              60.4% 560.00kB/927.61kB [14s] 
Writing at 0x001007ee ━━━━━━━━━━━━━━━━━━╸             62.1% 576.00kB/927.61kB [14s] 
Writing at 0x00106bf4 ━━━━━━━━━━━━━━━━━━━             63.8% 592.00kB/927.61kB [15s] 
Writing at 0x0010ccf8 ━━━━━━━━━━━━━━━━━━━╸            65.5% 608.00kB/927.61kB [15s] 
Writing at 0x00112b58 ━━━━━━━━━━━━━━━━━━━━            67.3% 624.00kB/927.61kB [15s] 
Writing at 0x00118c47 ━━━━━━━━━━━━━━━━━━━━╸           69.0% 640.00kB/927.61kB [16s] 
Writing at 0x0011f977 ━━━━━━━━━━━━━━━━━━━━━           70.7% 656.00kB/927.61kB [16s] 
Writing at 0x00126262 ━━━━━━━━━━━━━━━━━━━━━╸          72.4% 672.00kB/927.61kB [17s] 
Writing at 0x0012c483 ━━━━━━━━━━━━━━━━━━━━━━          74.2% 688.00kB/927.61kB [17s] 
Writing at 0x00132a14 ━━━━━━━━━━━━━━━━━━━━━━╸         75.9% 704.00kB/927.61kB [17s] 
Writing at 0x00139038 ━━━━━━━━━━━━━━━━━━━━━━━         77.6% 720.00kB/927.61kB [18s] 
Writing at 0x0013f0ca ━━━━━━━━━━━━━━━━━━━━━━━╸        79.3% 736.00kB/927.61kB [18s] 
Writing at 0x00144e9b ━━━━━━━━━━━━━━━━━━━━━━━━        81.1% 752.00kB/927.61kB [19s] 
Writing at 0x0014af3f ━━━━━━━━━━━━━━━━━━━━━━━━╸       82.8% 768.00kB/927.61kB [19s] 
Writing at 0x001514f1 ━━━━━━━━━━━━━━━━━━━━━━━━━       84.5% 784.00kB/927.61kB [20s] 
Writing at 0x00157987 ━━━━━━━━━━━━━━━━━━━━━━━━━╸      86.2% 800.00kB/927.61kB [20s] 
Writing at 0x0015d8a6 ━━━━━━━━━━━━━━━━━━━━━━━━━━      88.0% 816.00kB/927.61kB [20s] 
Writing at 0x00163912 ━━━━━━━━━━━━━━━━━━━━━━━━━━╸     89.7% 832.00kB/927.61kB [21s] 
Writing at 0x00169a7f ━━━━━━━━━━━━━━━━━━━━━━━━━━━     91.4% 848.00kB/927.61kB [21s] 
Writing at 0x0016f97c ━━━━━━━━━━━━━━━━━━━━━━━━━━━╸    93.1% 864.00kB/927.61kB [22s] 
Writing at 0x00175e11 ━━━━━━━━━━━━━━━━━━━━━━━━━━━━    94.9% 880.00kB/927.61kB [22s] 
Writing at 0x0017c5da ━━━━━━━━━━━━━━━━━━━━━━━━━━━━╸   96.6% 896.00kB/927.61kB [22s] 
Writing at 0x001826e1 ━━━━━━━━━━━━━━━━━━━━━━━━━━━━━   98.3% 912.00kB/927.61kB [23s] 
Writing at 0x00188078 ━━━━━━━━━━━━━━━━━━━━━━━━━━━━━━ 100.0% 927.61kB/927.61kB [23s] 
Wrote 1597560 bytes (949876 compressed) at 0x00002000 in 20.8 seconds (615.2 kbit/s).
Verifying written data...
Hash of data verified.

Writing '/home/regex/work/esp32s31-openvela/openvela-dev/out/esp32s31-spawn-kernel1612/appfs.img' at 0x00200000...
Flash will be erased from 0x00200000 to 0x004f2fff...
Compressed 3089408 bytes to 1831005...
Writing at 0x002073cf                                  0.9% 16.00kB/1.75MB [0s] 
Writing at 0x0020cbf1 ╸                                1.8% 32.00kB/1.75MB [0s] 
Writing at 0x00213d86 ╸                                2.7% 48.00kB/1.75MB [1s] 
Writing at 0x0021d782 ━                                3.6% 64.00kB/1.75MB [1s] 
Writing at 0x002234e7 ━                                4.5% 80.00kB/1.75MB [2s] 
Writing at 0x002293fa ━╸                               5.4% 96.00kB/1.75MB [2s] 
Writing at 0x0022efb5 ━╸                               6.3% 112.00kB/1.75MB [2s] 
Writing at 0x00234d49 ━━                               7.2% 128.00kB/1.75MB [3s] 
Writing at 0x0023ae9f ━━                               8.1% 144.00kB/1.75MB [3s] 
Writing at 0x002417a9 ━━╸                              8.9% 160.00kB/1.75MB [4s] 
Writing at 0x002471f4 ━━╸                              9.8% 176.00kB/1.75MB [4s] 
Writing at 0x0024c50c ━━━                             10.7% 192.00kB/1.75MB [4s] 
Writing at 0x00252282 ━━━                             11.6% 208.00kB/1.75MB [5s] 
Writing at 0x00258877 ━━━╸                            12.5% 224.00kB/1.75MB [5s] 
Writing at 0x0025e3bf ━━━━                            13.4% 240.00kB/1.75MB [6s] 
Writing at 0x0026431a ━━━━                            14.3% 256.00kB/1.75MB [6s] 
Writing at 0x0026a362 ━━━━╸                           15.2% 272.00kB/1.75MB [6s] 
Writing at 0x00270199 ━━━━╸                           16.1% 288.00kB/1.75MB [7s] 
Writing at 0x00275c92 ━━━━━                           17.0% 304.00kB/1.75MB [7s] 
Writing at 0x0027d522 ━━━━━                           17.9% 320.00kB/1.75MB [8s] 
Writing at 0x00289428 ━━━━━╸                          18.8% 336.00kB/1.75MB [8s] 
Writing at 0x00293f24 ━━━━━╸                          19.7% 352.00kB/1.75MB [9s] 
Writing at 0x002a1d60 ━━━━━━                          20.6% 368.00kB/1.75MB [9s] 
Writing at 0x002ab4f1 ━━━━━━                          21.5% 384.00kB/1.75MB [9s] 
Writing at 0x002b377d ━━━━━━╸                         22.4% 400.00kB/1.75MB [10s] 
Writing at 0x002bdddb ━━━━━━╸                         23.3% 416.00kB/1.75MB [10s] 
Writing at 0x002c43a4 ━━━━━━━                         24.2% 432.00kB/1.75MB [11s] 
Writing at 0x002c9c1a ━━━━━━━╸                        25.1% 448.00kB/1.75MB [11s] 
Writing at 0x002cf2bb ━━━━━━━╸                        25.9% 464.00kB/1.75MB [11s] 
Writing at 0x002d4f36 ━━━━━━━━                        26.8% 480.00kB/1.75MB [12s] 
Writing at 0x002da9ed ━━━━━━━━                        27.7% 496.00kB/1.75MB [12s] 
Writing at 0x002e0693 ━━━━━━━━╸                       28.6% 512.00kB/1.75MB [13s] 
Writing at 0x002e5cdf ━━━━━━━━╸                       29.5% 528.00kB/1.75MB [13s] 
Writing at 0x002eb628 ━━━━━━━━━                       30.4% 544.00kB/1.75MB [13s] 
Writing at 0x002f1203 ━━━━━━━━━                       31.3% 560.00kB/1.75MB [14s] 
Writing at 0x002f6dc0 ━━━━━━━━━╸                      32.2% 576.00kB/1.75MB [14s] 
Writing at 0x002fc4d1 ━━━━━━━━━╸                      33.1% 592.00kB/1.75MB [15s] 
Writing at 0x0030233c ━━━━━━━━━━                      34.0% 608.00kB/1.75MB [15s] 
Writing at 0x00307be6 ━━━━━━━━━━                      34.9% 624.00kB/1.75MB [15s] 
Writing at 0x0030d07e ━━━━━━━━━━╸                     35.8% 640.00kB/1.75MB [16s] 
Writing at 0x0031362b ━━━━━━━━━━━                     36.7% 656.00kB/1.75MB [16s] 
Writing at 0x003196f9 ━━━━━━━━━━━                     37.6% 672.00kB/1.75MB [17s] 
Writing at 0x0031f53a ━━━━━━━━━━━╸                    38.5% 688.00kB/1.75MB [17s] 
Writing at 0x00324c86 ━━━━━━━━━━━╸                    39.4% 704.00kB/1.75MB [17s] 
Writing at 0x0032a372 ━━━━━━━━━━━━                    40.3% 720.00kB/1.75MB [18s] 
Writing at 0x0032ff93 ━━━━━━━━━━━━                    41.2% 736.00kB/1.75MB [18s] 
Writing at 0x003357a5 ━━━━━━━━━━━━╸                   42.1% 752.00kB/1.75MB [19s] 
Writing at 0x0033b694 ━━━━━━━━━━━━╸                   43.0% 768.00kB/1.75MB [19s] 
Writing at 0x00341043 ━━━━━━━━━━━━━                   43.8% 784.00kB/1.75MB [20s] 
Writing at 0x00346e68 ━━━━━━━━━━━━━                   44.7% 800.00kB/1.75MB [20s] 
Writing at 0x00351e1e ━━━━━━━━━━━━━╸                  45.6% 816.00kB/1.75MB [20s] 
Writing at 0x0035e111 ━━━━━━━━━━━━━╸                  46.5% 832.00kB/1.75MB [21s] 
Writing at 0x00365264 ━━━━━━━━━━━━━━                  47.4% 848.00kB/1.75MB [21s] 
Writing at 0x0036c760 ━━━━━━━━━━━━━━                  48.3% 864.00kB/1.75MB [22s] 
Writing at 0x0037683b ━━━━━━━━━━━━━━╸                 49.2% 880.00kB/1.75MB [22s] 
Writing at 0x0037cf67 ━━━━━━━━━━━━━━━                 50.1% 896.00kB/1.75MB [22s] 
Writing at 0x00382f26 ━━━━━━━━━━━━━━━                 51.0% 912.00kB/1.75MB [23s] 
Writing at 0x00388d25 ━━━━━━━━━━━━━━━╸                51.9% 928.00kB/1.75MB [23s] 
Writing at 0x0038fa00 ━━━━━━━━━━━━━━━╸                52.8% 944.00kB/1.75MB [24s] 
Writing at 0x00395960 ━━━━━━━━━━━━━━━━                53.7% 960.00kB/1.75MB [24s] 
Writing at 0x0039afa9 ━━━━━━━━━━━━━━━━                54.6% 976.00kB/1.75MB [24s] 
Writing at 0x003a2985 ━━━━━━━━━━━━━━━━╸               55.5% 992.00kB/1.75MB [25s] 
Writing at 0x003ad7c1 ━━━━━━━━━━━━━━━━╸               56.4% 1008.00kB/1.75MB [25s] 
Writing at 0x003b74c2 ━━━━━━━━━━━━━━━━━               57.3% 1.00MB/1.75MB [26s] 
Writing at 0x003bce62 ━━━━━━━━━━━━━━━━━               58.2% 1.02MB/1.75MB [26s] 
Writing at 0x003c3172 ━━━━━━━━━━━━━━━━━╸              59.1% 1.03MB/1.75MB [26s] 
Writing at 0x003c8b8b ━━━━━━━━━━━━━━━━━╸              60.0% 1.05MB/1.75MB [27s] 
Writing at 0x003ce282 ━━━━━━━━━━━━━━━━━━              60.8% 1.06MB/1.75MB [27s] 
Writing at 0x003d6e4e ━━━━━━━━━━━━━━━━━━╸             61.7% 1.08MB/1.75MB [28s] 
Writing at 0x003dcda5 ━━━━━━━━━━━━━━━━━━╸             62.6% 1.09MB/1.75MB [28s] 
Writing at 0x003e449a ━━━━━━━━━━━━━━━━━━━             63.5% 1.11MB/1.75MB [29s] 
Writing at 0x003ec10c ━━━━━━━━━━━━━━━━━━━             64.4% 1.12MB/1.75MB [29s] 
Writing at 0x003f1922 ━━━━━━━━━━━━━━━━━━━╸            65.3% 1.14MB/1.75MB [29s] 
Writing at 0x003f7cc1 ━━━━━━━━━━━━━━━━━━━╸            66.2% 1.16MB/1.75MB [30s] 
Writing at 0x003ffd7e ━━━━━━━━━━━━━━━━━━━━            67.1% 1.17MB/1.75MB [30s] 
Writing at 0x00407338 ━━━━━━━━━━━━━━━━━━━━            68.0% 1.19MB/1.75MB [31s] 
Writing at 0x0040d189 ━━━━━━━━━━━━━━━━━━━━╸           68.9% 1.20MB/1.75MB [31s] 
Writing at 0x00414e10 ━━━━━━━━━━━━━━━━━━━━╸           69.8% 1.22MB/1.75MB [31s] 
Writing at 0x0041cb1f ━━━━━━━━━━━━━━━━━━━━━           70.7% 1.23MB/1.75MB [32s] 
Writing at 0x004227dd ━━━━━━━━━━━━━━━━━━━━━           71.6% 1.25MB/1.75MB [32s] 
Writing at 0x0042ad80 ━━━━━━━━━━━━━━━━━━━━━╸          72.5% 1.27MB/1.75MB [33s] 
Writing at 0x00431a38 ━━━━━━━━━━━━━━━━━━━━━━          73.4% 1.28MB/1.75MB [33s] 
Writing at 0x00437778 ━━━━━━━━━━━━━━━━━━━━━━          74.3% 1.30MB/1.75MB [33s] 
Writing at 0x0043d9e0 ━━━━━━━━━━━━━━━━━━━━━━╸         75.2% 1.31MB/1.75MB [34s] 
Writing at 0x00443f95 ━━━━━━━━━━━━━━━━━━━━━━╸         76.1% 1.33MB/1.75MB [34s] 
Writing at 0x0044ace8 ━━━━━━━━━━━━━━━━━━━━━━━         77.0% 1.34MB/1.75MB [35s] 
Writing at 0x004512ab ━━━━━━━━━━━━━━━━━━━━━━━         77.8% 1.36MB/1.75MB [35s] 
Writing at 0x004572e2 ━━━━━━━━━━━━━━━━━━━━━━━╸        78.7% 1.38MB/1.75MB [35s] 
Writing at 0x0045cace ━━━━━━━━━━━━━━━━━━━━━━━╸        79.6% 1.39MB/1.75MB [36s] 
Writing at 0x004626fd ━━━━━━━━━━━━━━━━━━━━━━━━        80.5% 1.41MB/1.75MB [36s] 
Writing at 0x00467baa ━━━━━━━━━━━━━━━━━━━━━━━━        81.4% 1.42MB/1.75MB [37s] 
Writing at 0x0046d89e ━━━━━━━━━━━━━━━━━━━━━━━━╸       82.3% 1.44MB/1.75MB [37s] 
Writing at 0x00473dc0 ━━━━━━━━━━━━━━━━━━━━━━━━╸       83.2% 1.45MB/1.75MB [38s] 
Writing at 0x00479d68 ━━━━━━━━━━━━━━━━━━━━━━━━━       84.1% 1.47MB/1.75MB [38s] 
Writing at 0x0047fc83 ━━━━━━━━━━━━━━━━━━━━━━━━━╸      85.0% 1.48MB/1.75MB [38s] 
Writing at 0x00485e1a ━━━━━━━━━━━━━━━━━━━━━━━━━╸      85.9% 1.50MB/1.75MB [39s] 
Writing at 0x0048be85 ━━━━━━━━━━━━━━━━━━━━━━━━━━      86.8% 1.52MB/1.75MB [39s] 
Writing at 0x00491f95 ━━━━━━━━━━━━━━━━━━━━━━━━━━      87.7% 1.53MB/1.75MB [40s] 
Writing at 0x00497bb0 ━━━━━━━━━━━━━━━━━━━━━━━━━━╸     88.6% 1.55MB/1.75MB [40s] 
Writing at 0x0049d322 ━━━━━━━━━━━━━━━━━━━━━━━━━━╸     89.5% 1.56MB/1.75MB [40s] 
Writing at 0x004a3516 ━━━━━━━━━━━━━━━━━━━━━━━━━━━     90.4% 1.58MB/1.75MB [41s] 
Writing at 0x004a94d3 ━━━━━━━━━━━━━━━━━━━━━━━━━━━     91.3% 1.59MB/1.75MB [41s] 
Writing at 0x004af182 ━━━━━━━━━━━━━━━━━━━━━━━━━━━╸    92.2% 1.61MB/1.75MB [42s] 
Writing at 0x004baeb0 ━━━━━━━━━━━━━━━━━━━━━━━━━━━╸    93.1% 1.62MB/1.75MB [42s] 
Writing at 0x004c5889 ━━━━━━━━━━━━━━━━━━━━━━━━━━━━    94.0% 1.64MB/1.75MB [42s] 
Writing at 0x004cc419 ━━━━━━━━━━━━━━━━━━━━━━━━━━━━    94.8% 1.66MB/1.75MB [43s] 
Writing at 0x004d3bb9 ━━━━━━━━━━━━━━━━━━━━━━━━━━━━╸   95.7% 1.67MB/1.75MB [43s] 
Writing at 0x004da3f0 ━━━━━━━━━━━━━━━━━━━━━━━━━━━━╸   96.6% 1.69MB/1.75MB [44s] 
Writing at 0x004e06b8 ━━━━━━━━━━━━━━━━━━━━━━━━━━━━━   97.5% 1.70MB/1.75MB [44s] 
Writing at 0x004e60c5 ━━━━━━━━━━━━━━━━━━━━━━━━━━━━━╸  98.4% 1.72MB/1.75MB [44s] 
Writing at 0x004eb5c8 ━━━━━━━━━━━━━━━━━━━━━━━━━━━━━╸  99.3% 1.73MB/1.75MB [45s] 
Writing at 0x004f2400 ━━━━━━━━━━━━━━━━━━━━━━━━━━━━━━ 100.0% 1.75MB/1.75MB [45s] 
Wrote 3089408 bytes (1831005 compressed) at 0x00200000 in 42.9 seconds (576.1 kbit/s).
Verifying written data...
Hash of data verified.

Hard resetting via RTS pin...
