before-a.bin: OK
before-b.bin: OK
WIFI_ARTIFACT_CONFIG=PASS booleans=1776 protocol=7
+ /home/regex/.espressif/python_env/idf6.1_py3.10_env/bin/esptool --chip esp32s31 --port /dev/serial/by-id/usb-Silicon_Labs_CP2102N_USB_to_UART_Bridge_Controller_f65e4ef67f71f011975a049f1045c30f-if00-port0 --baud 460800 write-flash --flash-size 16MB --flash-mode dio --flash-freq 80m 0x2000 /home/regex/work/esp32s31-openvela/openvela-dev/out/esp32s31-cmake-demo/nuttx.bin 0x200000 /home/regex/work/esp32s31-openvela/openvela-dev/out/esp32s31-cmake-demo/appfs.img
esptool v5.4.0
Serial port /dev/serial/by-id/usb-Silicon_Labs_CP2102N_USB_to_UART_Bridge_Controller_f65e4ef67f71f011975a049f1045c30f-if00-port0:
Connecting....
Connected to ESP32-S31 on /dev/serial/by-id/usb-Silicon_Labs_CP2102N_USB_to_UART_Bridge_Controller_f65e4ef67f71f011975a049f1045c30f-if00-port0:
Chip type:          ESP32-S31 (revision v0.0)
Features:           Wi-Fi 6, BT 5.4 (LE), IEEE802.15.4, Dual Core + LP Core, 300MHz
Crystal frequency:  40MHz
MAC:                30:ed:a0:f3:f7:b0

Uploading stub flasher...
Running stub flasher...
Stub flasher running.
Changing baud rate to 460800...
Changed.

Configuring flash size...

Writing '/home/regex/work/esp32s31-openvela/openvela-dev/out/esp32s31-cmake-demo/nuttx.bin' at 0x00002000...
SHA digest in image updated.
Flash will be erased from 0x00002000 to 0x00103fff...
Compressed 1056004 bytes to 589542...
Writing at 0x00007d1b ╸                                2.8% 16.00kB/575.72kB [0s] 
Writing at 0x0000deec ━╸                               5.6% 32.00kB/575.72kB [0s] 
Writing at 0x00015754 ━━╸                              8.3% 48.00kB/575.72kB [1s] 
Writing at 0x0002a79a ━━━                             11.1% 64.00kB/575.72kB [1s] 
Writing at 0x0003148c ━━━━                            13.9% 80.00kB/575.72kB [2s] 
Writing at 0x00041d48 ━━━━━                           16.7% 96.00kB/575.72kB [2s] 
Writing at 0x00047bd3 ━━━━━╸                          19.5% 112.00kB/575.72kB [2s] 
Writing at 0x0004e106 ━━━━━━╸                         22.2% 128.00kB/575.72kB [3s] 
Writing at 0x00054e54 ━━━━━━━╸                        25.0% 144.00kB/575.72kB [3s] 
Writing at 0x0005db6a ━━━━━━━━                        27.8% 160.00kB/575.72kB [4s] 
Writing at 0x00065499 ━━━━━━━━━                       30.6% 176.00kB/575.72kB [4s] 
Writing at 0x0006cb51 ━━━━━━━━━━                      33.3% 192.00kB/575.72kB [4s] 
Writing at 0x00073d1a ━━━━━━━━━━╸                     36.1% 208.00kB/575.72kB [5s] 
Writing at 0x0007a1a4 ━━━━━━━━━━━╸                    38.9% 224.00kB/575.72kB [5s] 
Writing at 0x000802b6 ━━━━━━━━━━━━╸                   41.7% 240.00kB/575.72kB [5s] 
Writing at 0x00086174 ━━━━━━━━━━━━━                   44.5% 256.00kB/575.72kB [6s] 
Writing at 0x0008b76e ━━━━━━━━━━━━━━                  47.2% 272.00kB/575.72kB [6s] 
Writing at 0x00091197 ━━━━━━━━━━━━━━━                 50.0% 288.00kB/575.72kB [7s] 
Writing at 0x00096c32 ━━━━━━━━━━━━━━━╸                52.8% 304.00kB/575.72kB [7s] 
Writing at 0x0009d157 ━━━━━━━━━━━━━━━━╸               55.6% 320.00kB/575.72kB [7s] 
Writing at 0x000a4459 ━━━━━━━━━━━━━━━━━╸              58.4% 336.00kB/575.72kB [8s] 
Writing at 0x000acfe0 ━━━━━━━━━━━━━━━━━━              61.1% 352.00kB/575.72kB [8s] 
Writing at 0x000b40fb ━━━━━━━━━━━━━━━━━━━             63.9% 368.00kB/575.72kB [9s] 
Writing at 0x000b9f32 ━━━━━━━━━━━━━━━━━━━━            66.7% 384.00kB/575.72kB [9s] 
Writing at 0x000c04dd ━━━━━━━━━━━━━━━━━━━━╸           69.5% 400.00kB/575.72kB [9s] 
Writing at 0x000c720d ━━━━━━━━━━━━━━━━━━━━━╸          72.3% 416.00kB/575.72kB [10s] 
Writing at 0x000cd2a7 ━━━━━━━━━━━━━━━━━━━━━━╸         75.0% 432.00kB/575.72kB [10s] 
Writing at 0x000d2edc ━━━━━━━━━━━━━━━━━━━━━━━         77.8% 448.00kB/575.72kB [10s] 
Writing at 0x000d8bca ━━━━━━━━━━━━━━━━━━━━━━━━        80.6% 464.00kB/575.72kB [11s] 
Writing at 0x000df19e ━━━━━━━━━━━━━━━━━━━━━━━━━       83.4% 480.00kB/575.72kB [11s] 
Writing at 0x000e5abe ━━━━━━━━━━━━━━━━━━━━━━━━━╸      86.2% 496.00kB/575.72kB [12s] 
Writing at 0x000eba15 ━━━━━━━━━━━━━━━━━━━━━━━━━━╸     88.9% 512.00kB/575.72kB [12s] 
Writing at 0x000f1b59 ━━━━━━━━━━━━━━━━━━━━━━━━━━━╸    91.7% 528.00kB/575.72kB [12s] 
Writing at 0x000f7b9c ━━━━━━━━━━━━━━━━━━━━━━━━━━━━    94.5% 544.00kB/575.72kB [13s] 
Writing at 0x000fd6fb ━━━━━━━━━━━━━━━━━━━━━━━━━━━━━   97.3% 560.00kB/575.72kB [13s] 
Writing at 0x00103d04 ━━━━━━━━━━━━━━━━━━━━━━━━━━━━━━ 100.0% 575.72kB/575.72kB [13s] 
Wrote 1056004 bytes (589542 compressed) at 0x00002000 in 13.0 seconds (649.2 kbit/s).
Verifying written data...
Hash of data verified.

Writing '/home/regex/work/esp32s31-openvela/openvela-dev/out/esp32s31-cmake-demo/appfs.img' at 0x00200000...
Flash will be erased from 0x00200000 to 0x0040cfff...
Compressed 2147328 bytes to 1220777...
Writing at 0x002064c2                                  1.3% 16.00kB/1.16MB [0s] 
Writing at 0x0020dd77 ╸                                2.7% 32.00kB/1.16MB [0s] 
Writing at 0x0021435e ━                                4.0% 48.00kB/1.16MB [1s] 
Writing at 0x0021bdb0 ━╸                               5.4% 64.00kB/1.16MB [1s] 
Writing at 0x0022243c ━━                               6.7% 80.00kB/1.16MB [1s] 
Writing at 0x00227e2b ━━                               8.1% 96.00kB/1.16MB [2s] 
Writing at 0x0022dc1a ━━╸                              9.4% 112.00kB/1.16MB [2s] 
Writing at 0x0023647d ━━━                             10.7% 128.00kB/1.16MB [3s] 
Writing at 0x0023ccdc ━━━╸                            12.1% 144.00kB/1.16MB [3s] 
Writing at 0x002425b8 ━━━━                            13.4% 160.00kB/1.16MB [3s] 
Writing at 0x0024806f ━━━━                            14.8% 176.00kB/1.16MB [4s] 
Writing at 0x0024f364 ━━━━╸                           16.1% 192.00kB/1.16MB [4s] 
Writing at 0x00256938 ━━━━━                           17.4% 208.00kB/1.16MB [4s] 
Writing at 0x0025ead8 ━━━━━╸                          18.8% 224.00kB/1.16MB [5s] 
Writing at 0x0026702a ━━━━━━                          20.1% 240.00kB/1.16MB [5s] 
Writing at 0x002790c6 ━━━━━━                          21.5% 256.00kB/1.16MB [6s] 
Writing at 0x002807dc ━━━━━━╸                         22.8% 272.00kB/1.16MB [6s] 
Writing at 0x00288130 ━━━━━━━                         24.2% 288.00kB/1.16MB [7s] 
Writing at 0x0029216d ━━━━━━━╸                        25.5% 304.00kB/1.16MB [7s] 
Writing at 0x0029810c ━━━━━━━━                        26.8% 320.00kB/1.16MB [7s] 
Writing at 0x0029de7a ━━━━━━━━                        28.2% 336.00kB/1.16MB [8s] 
Writing at 0x002a38c8 ━━━━━━━━╸                       29.5% 352.00kB/1.16MB [8s] 
Writing at 0x002aaf33 ━━━━━━━━━                       30.9% 368.00kB/1.16MB [8s] 
Writing at 0x002b218b ━━━━━━━━━╸                      32.2% 384.00kB/1.16MB [9s] 
Writing at 0x002b87ee ━━━━━━━━━━                      33.6% 400.00kB/1.16MB [9s] 
Writing at 0x002c0e74 ━━━━━━━━━━                      34.9% 416.00kB/1.16MB [10s] 
Writing at 0x002c7f53 ━━━━━━━━━━╸                     36.2% 432.00kB/1.16MB [10s] 
Writing at 0x002cdd66 ━━━━━━━━━━━                     37.6% 448.00kB/1.16MB [10s] 
Writing at 0x002d6241 ━━━━━━━━━━━╸                    38.9% 464.00kB/1.16MB [11s] 
Writing at 0x002dd537 ━━━━━━━━━━━━                    40.3% 480.00kB/1.16MB [11s] 
Writing at 0x002e4198 ━━━━━━━━━━━━                    41.6% 496.00kB/1.16MB [12s] 
Writing at 0x002ea8a1 ━━━━━━━━━━━━╸                   42.9% 512.00kB/1.16MB [12s] 
Writing at 0x002f0e48 ━━━━━━━━━━━━━                   44.3% 528.00kB/1.16MB [12s] 
Writing at 0x002f65af ━━━━━━━━━━━━━╸                  45.6% 544.00kB/1.16MB [13s] 
Writing at 0x002ff4c4 ━━━━━━━━━━━━━━                  47.0% 560.00kB/1.16MB [13s] 
Writing at 0x00306955 ━━━━━━━━━━━━━━                  48.3% 576.00kB/1.16MB [13s] 
Writing at 0x0030e65a ━━━━━━━━━━━━━━╸                 49.7% 592.00kB/1.16MB [14s] 
Writing at 0x00315bb8 ━━━━━━━━━━━━━━━                 51.0% 608.00kB/1.16MB [14s] 
Writing at 0x0031c83e ━━━━━━━━━━━━━━━╸                52.3% 624.00kB/1.16MB [15s] 
Writing at 0x00322989 ━━━━━━━━━━━━━━━━                53.7% 640.00kB/1.16MB [15s] 
Writing at 0x00327eb4 ━━━━━━━━━━━━━━━━╸               55.0% 656.00kB/1.16MB [15s] 
Writing at 0x0033008b ━━━━━━━━━━━━━━━━╸               56.4% 672.00kB/1.16MB [16s] 
Writing at 0x00336bd5 ━━━━━━━━━━━━━━━━━               57.7% 688.00kB/1.16MB [16s] 
Writing at 0x0033cbc6 ━━━━━━━━━━━━━━━━━╸              59.1% 704.00kB/1.16MB [17s] 
Writing at 0x003420fe ━━━━━━━━━━━━━━━━━━              60.4% 720.00kB/1.16MB [17s] 
Writing at 0x0034a53b ━━━━━━━━━━━━━━━━━━╸             61.7% 736.00kB/1.16MB [17s] 
Writing at 0x00351eaa ━━━━━━━━━━━━━━━━━━╸             63.1% 752.00kB/1.16MB [18s] 
Writing at 0x00357ee2 ━━━━━━━━━━━━━━━━━━━             64.4% 768.00kB/1.16MB [18s] 
Writing at 0x0035f952 ━━━━━━━━━━━━━━━━━━━╸            65.8% 784.00kB/1.16MB [18s] 
Writing at 0x00367d6e ━━━━━━━━━━━━━━━━━━━━            67.1% 800.00kB/1.16MB [19s] 
Writing at 0x0036e901 ━━━━━━━━━━━━━━━━━━━━╸           68.4% 816.00kB/1.16MB [19s] 
Writing at 0x00374415 ━━━━━━━━━━━━━━━━━━━━╸           69.8% 832.00kB/1.16MB [20s] 
Writing at 0x003798e8 ━━━━━━━━━━━━━━━━━━━━━           71.1% 848.00kB/1.16MB [20s] 
Writing at 0x00381ed7 ━━━━━━━━━━━━━━━━━━━━━╸          72.5% 864.00kB/1.16MB [20s] 
Writing at 0x0038921f ━━━━━━━━━━━━━━━━━━━━━━          73.8% 880.00kB/1.16MB [21s] 
Writing at 0x00391c9d ━━━━━━━━━━━━━━━━━━━━━━╸         75.2% 896.00kB/1.16MB [21s] 
Writing at 0x003987b0 ━━━━━━━━━━━━━━━━━━━━━━╸         76.5% 912.00kB/1.16MB [22s] 
Writing at 0x0039e27e ━━━━━━━━━━━━━━━━━━━━━━━         77.8% 928.00kB/1.16MB [22s] 
Writing at 0x003a3b8e ━━━━━━━━━━━━━━━━━━━━━━━╸        79.2% 944.00kB/1.16MB [22s] 
Writing at 0x003ab980 ━━━━━━━━━━━━━━━━━━━━━━━━        80.5% 960.00kB/1.16MB [23s] 
Writing at 0x003b2714 ━━━━━━━━━━━━━━━━━━━━━━━━╸       81.9% 976.00kB/1.16MB [23s] 
Writing at 0x003b862a ━━━━━━━━━━━━━━━━━━━━━━━━╸       83.2% 992.00kB/1.16MB [23s] 
Writing at 0x003be866 ━━━━━━━━━━━━━━━━━━━━━━━━━       84.6% 1008.00kB/1.16MB [24s] 
Writing at 0x003c4466 ━━━━━━━━━━━━━━━━━━━━━━━━━╸      85.9% 1.00MB/1.16MB [24s] 
Writing at 0x003ca3f1 ━━━━━━━━━━━━━━━━━━━━━━━━━━      87.2% 1.02MB/1.16MB [25s] 
Writing at 0x003d35c6 ━━━━━━━━━━━━━━━━━━━━━━━━━━╸     88.6% 1.03MB/1.16MB [25s] 
Writing at 0x003da074 ━━━━━━━━━━━━━━━━━━━━━━━━━━╸     89.9% 1.05MB/1.16MB [25s] 
Writing at 0x003dfdc0 ━━━━━━━━━━━━━━━━━━━━━━━━━━━     91.3% 1.06MB/1.16MB [26s] 
Writing at 0x003e52d7 ━━━━━━━━━━━━━━━━━━━━━━━━━━━╸    92.6% 1.08MB/1.16MB [26s] 
Writing at 0x003ee39b ━━━━━━━━━━━━━━━━━━━━━━━━━━━━    93.9% 1.09MB/1.16MB [26s] 
Writing at 0x003f4bd1 ━━━━━━━━━━━━━━━━━━━━━━━━━━━━╸   95.3% 1.11MB/1.16MB [27s] 
Writing at 0x003fa4ad ━━━━━━━━━━━━━━━━━━━━━━━━━━━━╸   96.6% 1.12MB/1.16MB [27s] 
Writing at 0x00400154 ━━━━━━━━━━━━━━━━━━━━━━━━━━━━━   98.0% 1.14MB/1.16MB [28s] 
Writing at 0x004082ef ━━━━━━━━━━━━━━━━━━━━━━━━━━━━━╸  99.3% 1.16MB/1.16MB [28s] 
Writing at 0x0040c400 ━━━━━━━━━━━━━━━━━━━━━━━━━━━━━━ 100.0% 1.16MB/1.16MB [28s] 
Wrote 2147328 bytes (1220777 compressed) at 0x00200000 in 27.7 seconds (620.6 kbit/s).
Verifying written data...
Hash of data verified.

Hard resetting via RTS pin...
