esptool v5.4.0
Serial port /dev/ttyUSB0:
Connecting....
Connected to ESP32-S31 on /dev/ttyUSB0:
Chip type:          ESP32-S31 (revision v0.0)
Features:           Wi-Fi 6, BT 5.4 (LE), IEEE802.15.4, Dual Core + LP Core, 300MHz
Crystal frequency:  40MHz
MAC:                30:ed:a0:f3:f7:b0

Uploading stub flasher...
Running stub flasher...
Stub flasher running.
Changing baud rate to 460800...
Changed.

Configuring flash size...
SHA digest in image updated.
Flash will be erased from 0x00002000 to 0x000f1fff...
Compressed 981632 bytes to 540399...
Writing at 0x00007e07 ╸                                3.0% 16.00kB/527.73kB [0s] 
Writing at 0x0000e038 ━╸                               6.1% 32.00kB/527.73kB [0s] 
Writing at 0x00023105 ━━╸                              9.1% 48.00kB/527.73kB [1s] 
Writing at 0x0002af4e ━━━╸                            12.1% 64.00kB/527.73kB [1s] 
Writing at 0x0003518f ━━━━╸                           15.2% 80.00kB/527.73kB [1s] 
Writing at 0x00044192 ━━━━━                           18.2% 96.00kB/527.73kB [2s] 
Writing at 0x0004a785 ━━━━━━                          21.2% 112.00kB/527.73kB [2s] 
Writing at 0x000510e7 ━━━━━━━                         24.3% 128.00kB/527.73kB [3s] 
Writing at 0x000593d2 ━━━━━━━━                        27.3% 144.00kB/527.73kB [3s] 
Writing at 0x000615fc ━━━━━━━━━                       30.3% 160.00kB/527.73kB [3s] 
Writing at 0x00068e14 ━━━━━━━━━━                      33.4% 176.00kB/527.73kB [4s] 
Writing at 0x0006fe8a ━━━━━━━━━━╸                     36.4% 192.00kB/527.73kB [4s] 
Writing at 0x000761c0 ━━━━━━━━━━━╸                    39.4% 208.00kB/527.73kB [4s] 
Writing at 0x0007c1ef ━━━━━━━━━━━━╸                   42.4% 224.00kB/527.73kB [5s] 
Writing at 0x000818f6 ━━━━━━━━━━━━━╸                  45.5% 240.00kB/527.73kB [5s] 
Writing at 0x000872dd ━━━━━━━━━━━━━━╸                 48.5% 256.00kB/527.73kB [5s] 
Writing at 0x0008cd1e ━━━━━━━━━━━━━━━                 51.5% 272.00kB/527.73kB [6s] 
Writing at 0x000929aa ━━━━━━━━━━━━━━━━                54.6% 288.00kB/527.73kB [6s] 
Writing at 0x00099674 ━━━━━━━━━━━━━━━━━               57.6% 304.00kB/527.73kB [6s] 
Writing at 0x000a2057 ━━━━━━━━━━━━━━━━━━              60.6% 320.00kB/527.73kB [7s] 
Writing at 0x000a7e7f ━━━━━━━━━━━━━━━━━━━             63.7% 336.00kB/527.73kB [7s] 
Writing at 0x000ae3f3 ━━━━━━━━━━━━━━━━━━━━            66.7% 352.00kB/527.73kB [7s] 
Writing at 0x000b4fc2 ━━━━━━━━━━━━━━━━━━━━╸           69.7% 368.00kB/527.73kB [8s] 
Writing at 0x000bb166 ━━━━━━━━━━━━━━━━━━━━━╸          72.8% 384.00kB/527.73kB [8s] 
Writing at 0x000c0e1c ━━━━━━━━━━━━━━━━━━━━━━╸         75.8% 400.00kB/527.73kB [8s] 
Writing at 0x000c6d54 ━━━━━━━━━━━━━━━━━━━━━━━╸        78.8% 416.00kB/527.73kB [9s] 
Writing at 0x000cd142 ━━━━━━━━━━━━━━━━━━━━━━━━╸       81.9% 432.00kB/527.73kB [9s] 
Writing at 0x000d3961 ━━━━━━━━━━━━━━━━━━━━━━━━━       84.9% 448.00kB/527.73kB [10s] 
Writing at 0x000d97bd ━━━━━━━━━━━━━━━━━━━━━━━━━━      87.9% 464.00kB/527.73kB [10s] 
Writing at 0x000df917 ━━━━━━━━━━━━━━━━━━━━━━━━━━━     91.0% 480.00kB/527.73kB [10s] 
Writing at 0x000e5a4b ━━━━━━━━━━━━━━━━━━━━━━━━━━━━    94.0% 496.00kB/527.73kB [11s] 
Writing at 0x000eb93e ━━━━━━━━━━━━━━━━━━━━━━━━━━━━━   97.0% 512.00kB/527.73kB [11s] 
Writing at 0x000f1a80 ━━━━━━━━━━━━━━━━━━━━━━━━━━━━━━ 100.0% 527.73kB/527.73kB [11s] 
Wrote 981632 bytes (540399 compressed) at 0x00002000 in 11.8 seconds (663.7 kbit/s).
Verifying written data...
Hash of data verified.

Hard resetting via RTS pin...
