before-a.bin: OK
before-b.bin: OK
WIFI_ARTIFACT_CONFIG=PASS booleans=1635 protocol=7
+ /home/regex/.espressif/python_env/idf6.1_py3.10_env/bin/esptool --chip esp32s31 --port /dev/serial/by-id/usb-Silicon_Labs_CP2102N_USB_to_UART_Bridge_Controller_f65e4ef67f71f011975a049f1045c30f-if00-port0 --baud 460800 write-flash --flash-size 16MB --flash-mode dio --flash-freq 80m 0x2000 /home/regex/work/esp32s31-openvela/openvela-dev/out/esp32s31-cmake-demo/nuttx.bin 0x200000 /home/regex/work/esp32s31-openvela/openvela-dev/out/esp32s31-cmake-demo/appfs.img
esptool v5.4.0
Serial port /dev/serial/by-id/usb-Silicon_Labs_CP2102N_USB_to_UART_Bridge_Controller_f65e4ef67f71f011975a049f1045c30f-if00-port0:
Connecting....
Connected to ESP32-S31 on /dev/serial/by-id/usb-Silicon_Labs_CP2102N_USB_to_UART_Bridge_Controller_f65e4ef67f71f011975a049f1045c30f-if00-port0:
Chip type:          ESP32-S31 (revision v0.0)
Features:           Wi-Fi 6, BT 5.4 (LE), IEEE802.15.4, Dual Core + LP Core, 300MHz
Crystal frequency:  40MHz
MAC:                30:ed:a0:f3:f7:b0

Uploading stub flasher...
Running stub flasher...
Stub flasher running.
Changing baud rate to 460800...
Changed.

Configuring flash size...

Writing '/home/regex/work/esp32s31-openvela/openvela-dev/out/esp32s31-cmake-demo/nuttx.bin' at 0x00002000...
SHA digest in image updated.
Flash will be erased from 0x00002000 to 0x000f2fff...
Compressed 986152 bytes to 546724...
Writing at 0x00007f33 ╸                                3.0% 16.00kB/533.91kB [0s] 
Writing at 0x0000e0ce ━╸                               6.0% 32.00kB/533.91kB [0s] 
Writing at 0x00020542 ━━╸                              9.0% 48.00kB/533.91kB [1s] 
Writing at 0x0002a11b ━━━╸                            12.0% 64.00kB/533.91kB [1s] 
Writing at 0x0003228f ━━━━                            15.0% 80.00kB/533.91kB [2s] 
Writing at 0x00042d1f ━━━━━                           18.0% 96.00kB/533.91kB [2s] 
Writing at 0x00048e17 ━━━━━━                          21.0% 112.00kB/533.91kB [2s] 
Writing at 0x0004f2be ━━━━━━━                         24.0% 128.00kB/533.91kB [3s] 
Writing at 0x00056d8f ━━━━━━━━                        27.0% 144.00kB/533.91kB [3s] 
Writing at 0x0005fe3c ━━━━━━━━╸                       30.0% 160.00kB/533.91kB [3s] 
Writing at 0x00066e3c ━━━━━━━━━╸                      33.0% 176.00kB/533.91kB [4s] 
Writing at 0x0006e5e2 ━━━━━━━━━━╸                     36.0% 192.00kB/533.91kB [4s] 
Writing at 0x00074b61 ━━━━━━━━━━━╸                    39.0% 208.00kB/533.91kB [5s] 
Writing at 0x0007aaec ━━━━━━━━━━━━╸                   42.0% 224.00kB/533.91kB [5s] 
Writing at 0x0008059f ━━━━━━━━━━━━━                   45.0% 240.00kB/533.91kB [5s] 
Writing at 0x00085c6e ━━━━━━━━━━━━━━                  47.9% 256.00kB/533.91kB [6s] 
Writing at 0x0008b812 ━━━━━━━━━━━━━━━                 50.9% 272.00kB/533.91kB [6s] 
Writing at 0x00091483 ━━━━━━━━━━━━━━━━                53.9% 288.00kB/533.91kB [7s] 
Writing at 0x000975dc ━━━━━━━━━━━━━━━━━               56.9% 304.00kB/533.91kB [7s] 
Writing at 0x000a003a ━━━━━━━━━━━━━━━━━╸              59.9% 320.00kB/533.91kB [7s] 
Writing at 0x000a6d42 ━━━━━━━━━━━━━━━━━━╸             62.9% 336.00kB/533.91kB [8s] 
Writing at 0x000acb44 ━━━━━━━━━━━━━━━━━━━╸            65.9% 352.00kB/533.91kB [8s] 
Writing at 0x000b37e6 ━━━━━━━━━━━━━━━━━━━━╸           68.9% 368.00kB/533.91kB [8s] 
Writing at 0x000b9c22 ━━━━━━━━━━━━━━━━━━━━━╸          71.9% 384.00kB/533.91kB [9s] 
Writing at 0x000bfbbb ━━━━━━━━━━━━━━━━━━━━━━          74.9% 400.00kB/533.91kB [9s] 
Writing at 0x000c578b ━━━━━━━━━━━━━━━━━━━━━━━         77.9% 416.00kB/533.91kB [10s] 
Writing at 0x000cbc0b ━━━━━━━━━━━━━━━━━━━━━━━━        80.9% 432.00kB/533.91kB [10s] 
Writing at 0x000d24b0 ━━━━━━━━━━━━━━━━━━━━━━━━━       83.9% 448.00kB/533.91kB [10s] 
Writing at 0x000d8572 ━━━━━━━━━━━━━━━━━━━━━━━━━━      86.9% 464.00kB/533.91kB [11s] 
Writing at 0x000de51b ━━━━━━━━━━━━━━━━━━━━━━━━━━╸     89.9% 480.00kB/533.91kB [11s] 
Writing at 0x000e4558 ━━━━━━━━━━━━━━━━━━━━━━━━━━━╸    92.9% 496.00kB/533.91kB [12s] 
Writing at 0x000ea2df ━━━━━━━━━━━━━━━━━━━━━━━━━━━━╸   95.9% 512.00kB/533.91kB [12s] 
Writing at 0x000f064b ━━━━━━━━━━━━━━━━━━━━━━━━━━━━━╸  98.9% 528.00kB/533.91kB [12s] 
Writing at 0x000f2c28 ━━━━━━━━━━━━━━━━━━━━━━━━━━━━━━ 100.0% 533.91kB/533.91kB [12s] 
Wrote 986152 bytes (546724 compressed) at 0x00002000 in 11.8 seconds (668.0 kbit/s).
Verifying written data...
Hash of data verified.

Writing '/home/regex/work/esp32s31-openvela/openvela-dev/out/esp32s31-cmake-demo/appfs.img' at 0x00200000...
Flash will be erased from 0x00200000 to 0x00299fff...
Compressed 630784 bytes to 345010...
Writing at 0x002073d4 ━                                4.7% 16.00kB/336.92kB [0s] 
Writing at 0x0020cecf ━━╸                              9.5% 32.00kB/336.92kB [0s] 
Writing at 0x00214173 ━━━━                            14.2% 48.00kB/336.92kB [1s] 
Writing at 0x00224591 ━━━━━╸                          19.0% 64.00kB/336.92kB [1s] 
Writing at 0x0022a40a ━━━━━━━                         23.7% 80.00kB/336.92kB [1s] 
Writing at 0x002303e0 ━━━━━━━━╸                       28.5% 96.00kB/336.92kB [2s] 
Writing at 0x00235c05 ━━━━━━━━━╸                      33.2% 112.00kB/336.92kB [2s] 
Writing at 0x0023f773 ━━━━━━━━━━━                     38.0% 128.00kB/336.92kB [3s] 
Writing at 0x00246328 ━━━━━━━━━━━━╸                   42.7% 144.00kB/336.92kB [3s] 
Writing at 0x0024bd6a ━━━━━━━━━━━━━━                  47.5% 160.00kB/336.92kB [3s] 
Writing at 0x00253a8c ━━━━━━━━━━━━━━━╸                52.2% 176.00kB/336.92kB [4s] 
Writing at 0x0025a3e8 ━━━━━━━━━━━━━━━━━               57.0% 192.00kB/336.92kB [4s] 
Writing at 0x00261fc7 ━━━━━━━━━━━━━━━━━━╸             61.7% 208.00kB/336.92kB [5s] 
Writing at 0x00269dae ━━━━━━━━━━━━━━━━━━━╸            66.5% 224.00kB/336.92kB [5s] 
Writing at 0x0026f5a3 ━━━━━━━━━━━━━━━━━━━━━           71.2% 240.00kB/336.92kB [5s] 
Writing at 0x00277fe5 ━━━━━━━━━━━━━━━━━━━━━━╸         76.0% 256.00kB/336.92kB [6s] 
Writing at 0x0027ea14 ━━━━━━━━━━━━━━━━━━━━━━━━        80.7% 272.00kB/336.92kB [6s] 
Writing at 0x00284a8e ━━━━━━━━━━━━━━━━━━━━━━━━━╸      85.5% 288.00kB/336.92kB [6s] 
Writing at 0x0028ae90 ━━━━━━━━━━━━━━━━━━━━━━━━━━━     90.2% 304.00kB/336.92kB [7s] 
Writing at 0x00290611 ━━━━━━━━━━━━━━━━━━━━━━━━━━━━    95.0% 320.00kB/336.92kB [7s] 
Writing at 0x0029932b ━━━━━━━━━━━━━━━━━━━━━━━━━━━━━╸  99.7% 336.00kB/336.92kB [8s] 
Writing at 0x0029a000 ━━━━━━━━━━━━━━━━━━━━━━━━━━━━━━ 100.0% 336.92kB/336.92kB [8s] 
Wrote 630784 bytes (345010 compressed) at 0x00200000 in 8.2 seconds (614.7 kbit/s).
Verifying written data...
Hash of data verified.

Hard resetting via RTS pin...
