before-a.bin: OK
before-b.bin: OK
WIFI_ARTIFACT_CONFIG=PASS booleans=1763 protocol=7
+ /home/regex/.espressif/python_env/idf6.1_py3.10_env/bin/esptool --chip esp32s31 --port /dev/serial/by-id/usb-Silicon_Labs_CP2102N_USB_to_UART_Bridge_Controller_f65e4ef67f71f011975a049f1045c30f-if00-port0 --baud 460800 write-flash --flash-size 16MB --flash-mode dio --flash-freq 80m 0x2000 /home/regex/work/esp32s31-openvela/openvela-dev/out/esp32s31-network1413/nuttx.bin 0x200000 /home/regex/work/esp32s31-openvela/openvela-dev/out/esp32s31-network1413/appfs.img
esptool v5.4.0
Serial port /dev/serial/by-id/usb-Silicon_Labs_CP2102N_USB_to_UART_Bridge_Controller_f65e4ef67f71f011975a049f1045c30f-if00-port0:
Connecting....
Connected to ESP32-S31 on /dev/serial/by-id/usb-Silicon_Labs_CP2102N_USB_to_UART_Bridge_Controller_f65e4ef67f71f011975a049f1045c30f-if00-port0:
Chip type:          ESP32-S31 (revision v0.0)
Features:           Wi-Fi 6, BT 5.4 (LE), IEEE802.15.4, Dual Core + LP Core, 300MHz
Crystal frequency:  40MHz
MAC:                30:ed:a0:f3:f7:b0

Uploading stub flasher...
Running stub flasher...
Stub flasher running.
Changing baud rate to 460800...
Changed.

Configuring flash size...

Writing '/home/regex/work/esp32s31-openvela/openvela-dev/out/esp32s31-network1413/nuttx.bin' at 0x00002000...
SHA digest in image updated.
Flash will be erased from 0x00002000 to 0x00123fff...
Compressed 1187832 bytes to 658634...
Writing at 0x00007d36 ╸                                2.5% 16.00kB/643.20kB [0s] 
Writing at 0x0000def2 ━                                5.0% 32.00kB/643.20kB [0s] 
Writing at 0x000158c4 ━━                               7.5% 48.00kB/643.20kB [1s] 
Writing at 0x0002a6b1 ━━╸                             10.0% 64.00kB/643.20kB [1s] 
Writing at 0x00030ba8 ━━━╸                            12.4% 80.00kB/643.20kB [2s] 
Writing at 0x000352ec ━━━━                            14.9% 96.00kB/643.20kB [2s] 
Writing at 0x0003fcfc ━━━━━                           17.4% 112.00kB/643.20kB [2s] 
Writing at 0x00054b91 ━━━━━╸                          19.9% 128.00kB/643.20kB [3s] 
Writing at 0x0005b159 ━━━━━━╸                         22.4% 144.00kB/643.20kB [3s] 
Writing at 0x00061ea0 ━━━━━━━                         24.9% 160.00kB/643.20kB [4s] 
Writing at 0x000699ae ━━━━━━━━                        27.4% 176.00kB/643.20kB [4s] 
Writing at 0x000727cd ━━━━━━━━╸                       29.9% 192.00kB/643.20kB [5s] 
Writing at 0x000794c2 ━━━━━━━━━╸                      32.3% 208.00kB/643.20kB [5s] 
Writing at 0x00080f8c ━━━━━━━━━━                      34.8% 224.00kB/643.20kB [5s] 
Writing at 0x0008795a ━━━━━━━━━━━                     37.3% 240.00kB/643.20kB [6s] 
Writing at 0x0008dc3b ━━━━━━━━━━━╸                    39.8% 256.00kB/643.20kB [6s] 
Writing at 0x00093d2a ━━━━━━━━━━━━╸                   42.3% 272.00kB/643.20kB [7s] 
Writing at 0x00099406 ━━━━━━━━━━━━━                   44.8% 288.00kB/643.20kB [7s] 
Writing at 0x0009ec2d ━━━━━━━━━━━━━━                  47.3% 304.00kB/643.20kB [7s] 
Writing at 0x000a472a ━━━━━━━━━━━━━━╸                 49.8% 320.00kB/643.20kB [8s] 
Writing at 0x000aa403 ━━━━━━━━━━━━━━━╸                52.2% 336.00kB/643.20kB [8s] 
Writing at 0x000b189d ━━━━━━━━━━━━━━━━                54.7% 352.00kB/643.20kB [9s] 
Writing at 0x000b9394 ━━━━━━━━━━━━━━━━━               57.2% 368.00kB/643.20kB [9s] 
Writing at 0x000c12d8 ━━━━━━━━━━━━━━━━━╸              59.7% 384.00kB/643.20kB [9s] 
Writing at 0x000c6d10 ━━━━━━━━━━━━━━━━━━╸             62.2% 400.00kB/643.20kB [10s] 
Writing at 0x000cce02 ━━━━━━━━━━━━━━━━━━━             64.7% 416.00kB/643.20kB [10s] 
Writing at 0x000d3bcb ━━━━━━━━━━━━━━━━━━━━            67.2% 432.00kB/643.20kB [11s] 
Writing at 0x000d9c7c ━━━━━━━━━━━━━━━━━━━━╸           69.7% 448.00kB/643.20kB [11s] 
Writing at 0x000df816 ━━━━━━━━━━━━━━━━━━━━━╸          72.1% 464.00kB/643.20kB [11s] 
Writing at 0x000e54eb ━━━━━━━━━━━━━━━━━━━━━━          74.6% 480.00kB/643.20kB [12s] 
Writing at 0x000ebb4b ━━━━━━━━━━━━━━━━━━━━━━━         77.1% 496.00kB/643.20kB [12s] 
Writing at 0x000f2424 ━━━━━━━━━━━━━━━━━━━━━━━╸        79.6% 512.00kB/643.20kB [12s] 
Writing at 0x000f82f8 ━━━━━━━━━━━━━━━━━━━━━━━━╸       82.1% 528.00kB/643.20kB [13s] 
Writing at 0x000fe3fe ━━━━━━━━━━━━━━━━━━━━━━━━━       84.6% 544.00kB/643.20kB [13s] 
Writing at 0x001044ab ━━━━━━━━━━━━━━━━━━━━━━━━━━      87.1% 560.00kB/643.20kB [14s] 
Writing at 0x0010a08b ━━━━━━━━━━━━━━━━━━━━━━━━━━╸     89.6% 576.00kB/643.20kB [14s] 
Writing at 0x00110b13 ━━━━━━━━━━━━━━━━━━━━━━━━━━━╸    92.0% 592.00kB/643.20kB [14s] 
Writing at 0x00117235 ━━━━━━━━━━━━━━━━━━━━━━━━━━━━    94.5% 608.00kB/643.20kB [15s] 
Writing at 0x0011d300 ━━━━━━━━━━━━━━━━━━━━━━━━━━━━━   97.0% 624.00kB/643.20kB [15s] 
Writing at 0x00122d89 ━━━━━━━━━━━━━━━━━━━━━━━━━━━━━╸  99.5% 640.00kB/643.20kB [16s] 
Writing at 0x00123ff8 ━━━━━━━━━━━━━━━━━━━━━━━━━━━━━━ 100.0% 643.20kB/643.20kB [16s] 
Wrote 1187832 bytes (658634 compressed) at 0x00002000 in 16.3 seconds (583.8 kbit/s).
Verifying written data...
Hash of data verified.

Writing '/home/regex/work/esp32s31-openvela/openvela-dev/out/esp32s31-network1413/appfs.img' at 0x00200000...
Flash will be erased from 0x00200000 to 0x0043dfff...
Compressed 2348032 bytes to 1381675...
Writing at 0x002073f0                                  1.2% 16.00kB/1.32MB [0s] 
Writing at 0x0020cc38 ╸                                2.4% 32.00kB/1.32MB [0s] 
Writing at 0x00213d86 ━                                3.6% 48.00kB/1.32MB [1s] 
Writing at 0x0021d782 ━                                4.7% 64.00kB/1.32MB [1s] 
Writing at 0x00223511 ━╸                               5.9% 80.00kB/1.32MB [1s] 
Writing at 0x0022943b ━━                               7.1% 96.00kB/1.32MB [2s] 
Writing at 0x0022efd0 ━━                               8.3% 112.00kB/1.32MB [2s] 
Writing at 0x00234d99 ━━╸                              9.5% 128.00kB/1.32MB [3s] 
Writing at 0x0023aef9 ━━━                             10.7% 144.00kB/1.32MB [3s] 
Writing at 0x002417b1 ━━━╸                            11.9% 160.00kB/1.32MB [3s] 
Writing at 0x00247217 ━━━╸                            13.0% 176.00kB/1.32MB [4s] 
Writing at 0x0024c526 ━━━━                            14.2% 192.00kB/1.32MB [4s] 
Writing at 0x002522c4 ━━━━╸                           15.4% 208.00kB/1.32MB [5s] 
Writing at 0x0025877c ━━━━╸                           16.6% 224.00kB/1.32MB [5s] 
Writing at 0x0025e389 ━━━━━                           17.8% 240.00kB/1.32MB [5s] 
Writing at 0x002643a3 ━━━━━╸                          19.0% 256.00kB/1.32MB [6s] 
Writing at 0x0026a22f ━━━━━━                          20.2% 272.00kB/1.32MB [6s] 
Writing at 0x0027003e ━━━━━━                          21.3% 288.00kB/1.32MB [7s] 
Writing at 0x00275b66 ━━━━━━╸                         22.5% 304.00kB/1.32MB [7s] 
Writing at 0x0027d3b8 ━━━━━━━                         23.7% 320.00kB/1.32MB [7s] 
Writing at 0x0028928c ━━━━━━━                         24.9% 336.00kB/1.32MB [8s] 
Writing at 0x00293d95 ━━━━━━━╸                        26.1% 352.00kB/1.32MB [8s] 
Writing at 0x002a1bca ━━━━━━━━                        27.3% 368.00kB/1.32MB [9s] 
Writing at 0x002ab3cd ━━━━━━━━╸                       28.5% 384.00kB/1.32MB [9s] 
Writing at 0x002b47b4 ━━━━━━━━╸                       29.6% 400.00kB/1.32MB [9s] 
Writing at 0x002bde0f ━━━━━━━━━                       30.8% 416.00kB/1.32MB [10s] 
Writing at 0x002c4827 ━━━━━━━━━╸                      32.0% 432.00kB/1.32MB [10s] 
Writing at 0x002c9c90 ━━━━━━━━━╸                      33.2% 448.00kB/1.32MB [11s] 
Writing at 0x002cf6cf ━━━━━━━━━━                      34.4% 464.00kB/1.32MB [11s] 
Writing at 0x002d5024 ━━━━━━━━━━╸                     35.6% 480.00kB/1.32MB [11s] 
Writing at 0x002da986 ━━━━━━━━━━━                     36.8% 496.00kB/1.32MB [12s] 
Writing at 0x002e067b ━━━━━━━━━━━                     37.9% 512.00kB/1.32MB [12s] 
Writing at 0x002e5df6 ━━━━━━━━━━━╸                    39.1% 528.00kB/1.32MB [13s] 
Writing at 0x002eb9c3 ━━━━━━━━━━━━                    40.3% 544.00kB/1.32MB [13s] 
Writing at 0x002f15e4 ━━━━━━━━━━━━                    41.5% 560.00kB/1.32MB [13s] 
Writing at 0x002f6ff1 ━━━━━━━━━━━━╸                   42.7% 576.00kB/1.32MB [14s] 
Writing at 0x002fc7dd ━━━━━━━━━━━━━                   43.9% 592.00kB/1.32MB [14s] 
Writing at 0x00302359 ━━━━━━━━━━━━━╸                  45.1% 608.00kB/1.32MB [15s] 
Writing at 0x00307a83 ━━━━━━━━━━━━━╸                  46.2% 624.00kB/1.32MB [15s] 
Writing at 0x0030d725 ━━━━━━━━━━━━━━                  47.4% 640.00kB/1.32MB [15s] 
Writing at 0x003137e6 ━━━━━━━━━━━━━━╸                 48.6% 656.00kB/1.32MB [16s] 
Writing at 0x00319735 ━━━━━━━━━━━━━━╸                 49.8% 672.00kB/1.32MB [16s] 
Writing at 0x0031f768 ━━━━━━━━━━━━━━━                 51.0% 688.00kB/1.32MB [17s] 
Writing at 0x00324c0f ━━━━━━━━━━━━━━━╸                52.2% 704.00kB/1.32MB [17s] 
Writing at 0x0032a310 ━━━━━━━━━━━━━━━━                53.4% 720.00kB/1.32MB [17s] 
Writing at 0x0032fd11 ━━━━━━━━━━━━━━━━                54.5% 736.00kB/1.32MB [18s] 
Writing at 0x003359db ━━━━━━━━━━━━━━━━╸               55.7% 752.00kB/1.32MB [18s] 
Writing at 0x0033b7ec ━━━━━━━━━━━━━━━━━               56.9% 768.00kB/1.32MB [18s] 
Writing at 0x00340f83 ━━━━━━━━━━━━━━━━━               58.1% 784.00kB/1.32MB [19s] 
Writing at 0x00348a1c ━━━━━━━━━━━━━━━━━╸              59.3% 800.00kB/1.32MB [19s] 
Writing at 0x003542d3 ━━━━━━━━━━━━━━━━━━              60.5% 816.00kB/1.32MB [20s] 
Writing at 0x0035f290 ━━━━━━━━━━━━━━━━━━              61.7% 832.00kB/1.32MB [20s] 
Writing at 0x00365dd8 ━━━━━━━━━━━━━━━━━━╸             62.8% 848.00kB/1.32MB [20s] 
Writing at 0x0036cf75 ━━━━━━━━━━━━━━━━━━━             64.0% 864.00kB/1.32MB [21s] 
Writing at 0x00373bac ━━━━━━━━━━━━━━━━━━━╸            65.2% 880.00kB/1.32MB [21s] 
Writing at 0x00379a0c ━━━━━━━━━━━━━━━━━━━╸            66.4% 896.00kB/1.32MB [22s] 
Writing at 0x0037fec6 ━━━━━━━━━━━━━━━━━━━━            67.6% 912.00kB/1.32MB [22s] 
Writing at 0x00386687 ━━━━━━━━━━━━━━━━━━━━╸           68.8% 928.00kB/1.32MB [22s] 
Writing at 0x0038c2e3 ━━━━━━━━━━━━━━━━━━━━╸           70.0% 944.00kB/1.32MB [23s] 
Writing at 0x003914b5 ━━━━━━━━━━━━━━━━━━━━━           71.1% 960.00kB/1.32MB [23s] 
Writing at 0x0039ba65 ━━━━━━━━━━━━━━━━━━━━━╸          72.3% 976.00kB/1.32MB [24s] 
Writing at 0x003a4129 ━━━━━━━━━━━━━━━━━━━━━━          73.5% 992.00kB/1.32MB [24s] 
Writing at 0x003adc3f ━━━━━━━━━━━━━━━━━━━━━━          74.7% 1008.00kB/1.32MB [24s] 
Writing at 0x003b3bde ━━━━━━━━━━━━━━━━━━━━━━╸         75.9% 1.00MB/1.32MB [25s] 
Writing at 0x003b9b74 ━━━━━━━━━━━━━━━━━━━━━━━         77.1% 1.02MB/1.32MB [25s] 
Writing at 0x003bf1a6 ━━━━━━━━━━━━━━━━━━━━━━━         78.3% 1.03MB/1.32MB [26s] 
Writing at 0x003c5d12 ━━━━━━━━━━━━━━━━━━━━━━━╸        79.4% 1.05MB/1.32MB [26s] 
Writing at 0x003cd727 ━━━━━━━━━━━━━━━━━━━━━━━━        80.6% 1.06MB/1.32MB [26s] 
Writing at 0x003d36e8 ━━━━━━━━━━━━━━━━━━━━━━━━╸       81.8% 1.08MB/1.32MB [27s] 
Writing at 0x003dbe32 ━━━━━━━━━━━━━━━━━━━━━━━━╸       83.0% 1.09MB/1.32MB [27s] 
Writing at 0x003e292a ━━━━━━━━━━━━━━━━━━━━━━━━━       84.2% 1.11MB/1.32MB [28s] 
Writing at 0x003e881c ━━━━━━━━━━━━━━━━━━━━━━━━━╸      85.4% 1.12MB/1.32MB [28s] 
Writing at 0x003ef466 ━━━━━━━━━━━━━━━━━━━━━━━━━╸      86.6% 1.14MB/1.32MB [28s] 
Writing at 0x003f68af ━━━━━━━━━━━━━━━━━━━━━━━━━━      87.7% 1.16MB/1.32MB [29s] 
Writing at 0x003fdcea ━━━━━━━━━━━━━━━━━━━━━━━━━━╸     88.9% 1.17MB/1.32MB [29s] 
Writing at 0x00405ad9 ━━━━━━━━━━━━━━━━━━━━━━━━━━━     90.1% 1.19MB/1.32MB [30s] 
Writing at 0x0040bfdc ━━━━━━━━━━━━━━━━━━━━━━━━━━━     91.3% 1.20MB/1.32MB [30s] 
Writing at 0x00413537 ━━━━━━━━━━━━━━━━━━━━━━━━━━━╸    92.5% 1.22MB/1.32MB [30s] 
Writing at 0x0041b998 ━━━━━━━━━━━━━━━━━━━━━━━━━━━━    93.7% 1.23MB/1.32MB [31s] 
Writing at 0x00421e42 ━━━━━━━━━━━━━━━━━━━━━━━━━━━━    94.9% 1.25MB/1.32MB [31s] 
Writing at 0x00427d8b ━━━━━━━━━━━━━━━━━━━━━━━━━━━━╸   96.1% 1.27MB/1.32MB [32s] 
Writing at 0x0042dc82 ━━━━━━━━━━━━━━━━━━━━━━━━━━━━━   97.2% 1.28MB/1.32MB [32s] 
Writing at 0x004332ac ━━━━━━━━━━━━━━━━━━━━━━━━━━━━━╸  98.4% 1.30MB/1.32MB [32s] 
Writing at 0x00439ea4 ━━━━━━━━━━━━━━━━━━━━━━━━━━━━━╸  99.6% 1.31MB/1.32MB [33s] 
Writing at 0x0043d400 ━━━━━━━━━━━━━━━━━━━━━━━━━━━━━━ 100.0% 1.32MB/1.32MB [33s] 
Wrote 2348032 bytes (1381675 compressed) at 0x00200000 in 31.7 seconds (593.2 kbit/s).
Verifying written data...
Hash of data verified.

Hard resetting via RTS pin...
