+ receipt=/home/regex/work/esp32s31-openvela/backups/2026-09-10-scan-stress/logs/build160.sha256
+ flash_mode=kernel
+ case "$flash_mode" in
+ firmware_dir=/home/regex/work/esp32s31-openvela/openvela-dev/out/esp32s31-cmake-production6
+ sha256sum /home/regex/work/esp32s31-openvela/openvela-dev/out/esp32s31-cmake-production6/nuttx.bin /home/regex/work/esp32s31-openvela/openvela-dev/out/esp32s31-cmake-production6/appfs.img
+ cmp -s - /home/regex/work/esp32s31-openvela/backups/2026-09-10-scan-stress/logs/build160.sha256
+ flash_args=(0x2000 "$firmware_dir/nuttx.bin")
+ '[' kernel = appfs ']'
+ /home/regex/.espressif/python_env/idf6.1_py3.10_env/bin/esptool --chip esp32s31 --port /dev/ttyUSB0 --baud 460800 write-flash --flash-size 16MB --flash-mode dio --flash-freq 80m 0x2000 /home/regex/work/esp32s31-openvela/openvela-dev/out/esp32s31-cmake-production6/nuttx.bin
esptool v5.4.0
Serial port /dev/ttyUSB0:
Connecting....
Connected to ESP32-S31 on /dev/ttyUSB0:
Chip type:          ESP32-S31 (revision v0.0)
Features:           Wi-Fi 6, BT 5.4 (LE), IEEE802.15.4, Dual Core + LP Core, 300MHz
Crystal frequency:  40MHz
MAC:                30:ed:a0:f3:f7:b0

Uploading stub flasher...
Running stub flasher...
Stub flasher running.
Changing baud rate to 460800...
Changed.

Configuring flash size...
SHA digest in image updated.
Flash will be erased from 0x00002000 to 0x000f2fff...
Compressed 985572 bytes to 542981...
Writing at 0x00007e0b ╸                                3.0% 16.00kB/530.25kB [0s] 
Writing at 0x0000e039 ━╸                               6.0% 32.00kB/530.25kB [0s] 
Writing at 0x00023135 ━━╸                              9.1% 48.00kB/530.25kB [1s] 
Writing at 0x0002b0c5 ━━━╸                            12.1% 64.00kB/530.25kB [1s] 
Writing at 0x00035088 ━━━━╸                           15.1% 80.00kB/530.25kB [1s] 
Writing at 0x00043ebf ━━━━━                           18.1% 96.00kB/530.25kB [2s] 
Writing at 0x0004a525 ━━━━━━                          21.1% 112.00kB/530.25kB [2s] 
Writing at 0x00050d88 ━━━━━━━                         24.1% 128.00kB/530.25kB [3s] 
Writing at 0x0005900c ━━━━━━━━                        27.2% 144.00kB/530.25kB [3s] 
Writing at 0x000613b7 ━━━━━━━━━                       30.2% 160.00kB/530.25kB [3s] 
Writing at 0x00068b1a ━━━━━━━━━╸                      33.2% 176.00kB/530.25kB [4s] 
Writing at 0x0006fd34 ━━━━━━━━━━╸                     36.2% 192.00kB/530.25kB [4s] 
Writing at 0x00076041 ━━━━━━━━━━━╸                    39.2% 208.00kB/530.25kB [4s] 
Writing at 0x0007c140 ━━━━━━━━━━━━╸                   42.2% 224.00kB/530.25kB [5s] 
Writing at 0x00081813 ━━━━━━━━━━━━━╸                  45.3% 240.00kB/530.25kB [5s] 
Writing at 0x00087199 ━━━━━━━━━━━━━━                  48.3% 256.00kB/530.25kB [5s] 
Writing at 0x0008cbda ━━━━━━━━━━━━━━━                 51.3% 272.00kB/530.25kB [6s] 
Writing at 0x000928dc ━━━━━━━━━━━━━━━━                54.3% 288.00kB/530.25kB [6s] 
Writing at 0x0009958a ━━━━━━━━━━━━━━━━━               57.3% 304.00kB/530.25kB [6s] 
Writing at 0x000a1ab2 ━━━━━━━━━━━━━━━━━━              60.3% 320.00kB/530.25kB [7s] 
Writing at 0x000a7e04 ━━━━━━━━━━━━━━━━━━━             63.4% 336.00kB/530.25kB [7s] 
Writing at 0x000ae23f ━━━━━━━━━━━━━━━━━━━╸            66.4% 352.00kB/530.25kB [7s] 
Writing at 0x000b4ee2 ━━━━━━━━━━━━━━━━━━━━╸           69.4% 368.00kB/530.25kB [8s] 
Writing at 0x000bb088 ━━━━━━━━━━━━━━━━━━━━━╸          72.4% 384.00kB/530.25kB [8s] 
Writing at 0x000c0ccd ━━━━━━━━━━━━━━━━━━━━━━╸         75.4% 400.00kB/530.25kB [9s] 
Writing at 0x000c6ac6 ━━━━━━━━━━━━━━━━━━━━━━━╸        78.5% 416.00kB/530.25kB [9s] 
Writing at 0x000cd05b ━━━━━━━━━━━━━━━━━━━━━━━━        81.5% 432.00kB/530.25kB [9s] 
Writing at 0x000d38f9 ━━━━━━━━━━━━━━━━━━━━━━━━━       84.5% 448.00kB/530.25kB [10s] 
Writing at 0x000d9870 ━━━━━━━━━━━━━━━━━━━━━━━━━━      87.5% 464.00kB/530.25kB [10s] 
Writing at 0x000df972 ━━━━━━━━━━━━━━━━━━━━━━━━━━━     90.5% 480.00kB/530.25kB [10s] 
Writing at 0x000e5a58 ━━━━━━━━━━━━━━━━━━━━━━━━━━━━    93.5% 496.00kB/530.25kB [11s] 
Writing at 0x000eb55c ━━━━━━━━━━━━━━━━━━━━━━━━━━━━╸   96.6% 512.00kB/530.25kB [11s] 
Writing at 0x000f1c0d ━━━━━━━━━━━━━━━━━━━━━━━━━━━━━╸  99.6% 528.00kB/530.25kB [11s] 
Writing at 0x000f29e4 ━━━━━━━━━━━━━━━━━━━━━━━━━━━━━━ 100.0% 530.25kB/530.25kB [11s] 
Wrote 985572 bytes (542981 compressed) at 0x00002000 in 12.0 seconds (654.6 kbit/s).
Verifying written data...
Hash of data verified.

Hard resetting via RTS pin...
