before-a.bin: OK
before-b.bin: OK
WIFI_ARTIFACT_CONFIG=PASS booleans=1682 protocol=7
+ /home/regex/.espressif/python_env/idf6.1_py3.10_env/bin/esptool --chip esp32s31 --port /dev/serial/by-id/usb-Silicon_Labs_CP2102N_USB_to_UART_Bridge_Controller_f65e4ef67f71f011975a049f1045c30f-if00-port0 --baud 460800 write-flash --flash-size 16MB --flash-mode dio --flash-freq 80m 0x2000 /home/regex/work/esp32s31-openvela/openvela-dev/out/esp32s31-cmake-demo/nuttx.bin 0x200000 /home/regex/work/esp32s31-openvela/openvela-dev/out/esp32s31-cmake-demo/appfs.img
esptool v5.4.0
Serial port /dev/serial/by-id/usb-Silicon_Labs_CP2102N_USB_to_UART_Bridge_Controller_f65e4ef67f71f011975a049f1045c30f-if00-port0:
Connecting....
Connected to ESP32-S31 on /dev/serial/by-id/usb-Silicon_Labs_CP2102N_USB_to_UART_Bridge_Controller_f65e4ef67f71f011975a049f1045c30f-if00-port0:
Chip type:          ESP32-S31 (revision v0.0)
Features:           Wi-Fi 6, BT 5.4 (LE), IEEE802.15.4, Dual Core + LP Core, 300MHz
Crystal frequency:  40MHz
MAC:                30:ed:a0:f3:f7:b0

Uploading stub flasher...
Running stub flasher...
Stub flasher running.
Changing baud rate to 460800...
Changed.

Configuring flash size...

Writing '/home/regex/work/esp32s31-openvela/openvela-dev/out/esp32s31-cmake-demo/nuttx.bin' at 0x00002000...
SHA digest in image updated.
Flash will be erased from 0x00002000 to 0x000f7fff...
Compressed 1005372 bytes to 560379...
Writing at 0x00007da0 ╸                                2.9% 16.00kB/547.25kB [0s] 
Writing at 0x0000df06 ━╸                               5.8% 32.00kB/547.25kB [0s] 
Writing at 0x00015cd5 ━━╸                              8.8% 48.00kB/547.25kB [1s] 
Writing at 0x0002a195 ━━━╸                            11.7% 64.00kB/547.25kB [1s] 
Writing at 0x000315fc ━━━━                            14.6% 80.00kB/547.25kB [2s] 
Writing at 0x00042242 ━━━━━                           17.5% 96.00kB/547.25kB [2s] 
Writing at 0x0004833c ━━━━━━                          20.5% 112.00kB/547.25kB [3s] 
Writing at 0x0004e6fb ━━━━━━━                         23.4% 128.00kB/547.25kB [3s] 
Writing at 0x00055b2a ━━━━━━━╸                        26.3% 144.00kB/547.25kB [3s] 
Writing at 0x0005efa5 ━━━━━━━━╸                       29.2% 160.00kB/547.25kB [4s] 
Writing at 0x00065d69 ━━━━━━━━━╸                      32.2% 176.00kB/547.25kB [4s] 
Writing at 0x0006d79f ━━━━━━━━━━╸                     35.1% 192.00kB/547.25kB [5s] 
Writing at 0x00073d9d ━━━━━━━━━━━                     38.0% 208.00kB/547.25kB [5s] 
Writing at 0x00079fd7 ━━━━━━━━━━━━                    40.9% 224.00kB/547.25kB [5s] 
Writing at 0x0007ffb8 ━━━━━━━━━━━━━                   43.9% 240.00kB/547.25kB [6s] 
Writing at 0x00085666 ━━━━━━━━━━━━━━                  46.8% 256.00kB/547.25kB [6s] 
Writing at 0x0008b02e ━━━━━━━━━━━━━━╸                 49.7% 272.00kB/547.25kB [7s] 
Writing at 0x000909c4 ━━━━━━━━━━━━━━━╸                52.6% 288.00kB/547.25kB [7s] 
Writing at 0x00096663 ━━━━━━━━━━━━━━━━╸               55.6% 304.00kB/547.25kB [7s] 
Writing at 0x0009d7cd ━━━━━━━━━━━━━━━━━╸              58.5% 320.00kB/547.25kB [8s] 
Writing at 0x000a5bed ━━━━━━━━━━━━━━━━━━              61.4% 336.00kB/547.25kB [8s] 
Writing at 0x000ac373 ━━━━━━━━━━━━━━━━━━━             64.3% 352.00kB/547.25kB [9s] 
Writing at 0x000b2781 ━━━━━━━━━━━━━━━━━━━━            67.2% 368.00kB/547.25kB [9s] 
Writing at 0x000b93d1 ━━━━━━━━━━━━━━━━━━━━━           70.2% 384.00kB/547.25kB [9s] 
Writing at 0x000bf976 ━━━━━━━━━━━━━━━━━━━━━╸          73.1% 400.00kB/547.25kB [10s] 
Writing at 0x000c55ce ━━━━━━━━━━━━━━━━━━━━━━╸         76.0% 416.00kB/547.25kB [10s] 
Writing at 0x000cb185 ━━━━━━━━━━━━━━━━━━━━━━━╸        78.9% 432.00kB/547.25kB [11s] 
Writing at 0x000d17d2 ━━━━━━━━━━━━━━━━━━━━━━━━╸       81.9% 448.00kB/547.25kB [11s] 
Writing at 0x000d7fe9 ━━━━━━━━━━━━━━━━━━━━━━━━━       84.8% 464.00kB/547.25kB [11s] 
Writing at 0x000ddf8d ━━━━━━━━━━━━━━━━━━━━━━━━━━      87.7% 480.00kB/547.25kB [12s] 
Writing at 0x000e4013 ━━━━━━━━━━━━━━━━━━━━━━━━━━━     90.6% 496.00kB/547.25kB [12s] 
Writing at 0x000e9ff5 ━━━━━━━━━━━━━━━━━━━━━━━━━━━━    93.6% 512.00kB/547.25kB [13s] 
Writing at 0x000efcf9 ━━━━━━━━━━━━━━━━━━━━━━━━━━━━╸   96.5% 528.00kB/547.25kB [13s] 
Writing at 0x000f6422 ━━━━━━━━━━━━━━━━━━━━━━━━━━━━━╸  99.4% 544.00kB/547.25kB [14s] 
Writing at 0x000f773c ━━━━━━━━━━━━━━━━━━━━━━━━━━━━━━ 100.0% 547.25kB/547.25kB [14s] 
Wrote 1005372 bytes (560379 compressed) at 0x00002000 in 14.1 seconds (568.7 kbit/s).
Verifying written data...
Hash of data verified.

Writing '/home/regex/work/esp32s31-openvela/openvela-dev/out/esp32s31-cmake-demo/appfs.img' at 0x00200000...
Flash will be erased from 0x00200000 to 0x002abfff...
Compressed 703488 bytes to 381807...
Writing at 0x002073d8 ━                                4.3% 16.00kB/372.86kB [0s] 
Writing at 0x0020ce3e ━━╸                              8.6% 32.00kB/372.86kB [0s] 
Writing at 0x0021534e ━━━╸                            12.9% 48.00kB/372.86kB [1s] 
Writing at 0x0021edde ━━━━━                           17.2% 64.00kB/372.86kB [1s] 
Writing at 0x0022d179 ━━━━━━                          21.5% 80.00kB/372.86kB [1s] 
Writing at 0x002330a5 ━━━━━━━╸                        25.7% 96.00kB/372.86kB [2s] 
Writing at 0x00239116 ━━━━━━━━━                       30.0% 112.00kB/372.86kB [2s] 
Writing at 0x0023e89e ━━━━━━━━━━                      34.3% 128.00kB/372.86kB [3s] 
Writing at 0x002483fe ━━━━━━━━━━━╸                    38.6% 144.00kB/372.86kB [3s] 
Writing at 0x0024ef7d ━━━━━━━━━━━━╸                   42.9% 160.00kB/372.86kB [3s] 
Writing at 0x00254b3d ━━━━━━━━━━━━━━                  47.2% 176.00kB/372.86kB [4s] 
Writing at 0x0025d72e ━━━━━━━━━━━━━━━                 51.5% 192.00kB/372.86kB [4s] 
Writing at 0x0026324b ━━━━━━━━━━━━━━━━╸               55.8% 208.00kB/372.86kB [5s] 
Writing at 0x0026a68b ━━━━━━━━━━━━━━━━━━              60.1% 224.00kB/372.86kB [5s] 
Writing at 0x002721ba ━━━━━━━━━━━━━━━━━━━             64.4% 240.00kB/372.86kB [5s] 
Writing at 0x0027a286 ━━━━━━━━━━━━━━━━━━━━╸           68.7% 256.00kB/372.86kB [6s] 
Writing at 0x0027f8f8 ━━━━━━━━━━━━━━━━━━━━━╸          72.9% 272.00kB/372.86kB [6s] 
Writing at 0x00288620 ━━━━━━━━━━━━━━━━━━━━━━━         77.2% 288.00kB/372.86kB [7s] 
Writing at 0x0028ef88 ━━━━━━━━━━━━━━━━━━━━━━━━        81.5% 304.00kB/372.86kB [7s] 
Writing at 0x00294e22 ━━━━━━━━━━━━━━━━━━━━━━━━━╸      85.8% 320.00kB/372.86kB [7s] 
Writing at 0x0029b04f ━━━━━━━━━━━━━━━━━━━━━━━━━━━     90.1% 336.00kB/372.86kB [8s] 
Writing at 0x002a0c6d ━━━━━━━━━━━━━━━━━━━━━━━━━━━━    94.4% 352.00kB/372.86kB [8s] 
Writing at 0x002a8100 ━━━━━━━━━━━━━━━━━━━━━━━━━━━━━╸  98.7% 368.00kB/372.86kB [9s] 
Writing at 0x002abc00 ━━━━━━━━━━━━━━━━━━━━━━━━━━━━━━ 100.0% 372.86kB/372.86kB [9s] 
Wrote 703488 bytes (381807 compressed) at 0x00200000 in 9.4 seconds (599.1 kbit/s).
Verifying written data...
Hash of data verified.

Hard resetting via RTS pin...
