esptool v5.4.0
Serial port /dev/ttyUSB0:
Connecting....
Connected to ESP32-S31 on /dev/ttyUSB0:
Chip type:          ESP32-S31 (revision v0.0)
Features:           Wi-Fi 6, BT 5.4 (LE), IEEE802.15.4, Dual Core + LP Core, 300MHz
Crystal frequency:  40MHz
MAC:                30:ed:a0:f3:f7:b0

Uploading stub flasher...
Running stub flasher...
Stub flasher running.
Changing baud rate to 460800...
Changed.

Configuring flash size...
SHA digest in image updated.
Flash will be erased from 0x00002000 to 0x000f1fff...
Compressed 982196 bytes to 540827...
Writing at 0x00007e06 ╸                                3.0% 16.00kB/528.15kB [0s] 
Writing at 0x0000e034 ━╸                               6.1% 32.00kB/528.15kB [0s] 
Writing at 0x000230d5 ━━╸                              9.1% 48.00kB/528.15kB [1s] 
Writing at 0x0002afd7 ━━━╸                            12.1% 64.00kB/528.15kB [1s] 
Writing at 0x000351bf ━━━━╸                           15.1% 80.00kB/528.15kB [1s] 
Writing at 0x0004410b ━━━━━                           18.2% 96.00kB/528.15kB [2s] 
Writing at 0x0004a732 ━━━━━━                          21.2% 112.00kB/528.15kB [2s] 
Writing at 0x0005105d ━━━━━━━                         24.2% 128.00kB/528.15kB [3s] 
Writing at 0x0005938b ━━━━━━━━                        27.3% 144.00kB/528.15kB [3s] 
Writing at 0x000615a8 ━━━━━━━━━                       30.3% 160.00kB/528.15kB [3s] 
Writing at 0x00068da6 ━━━━━━━━━╸                      33.3% 176.00kB/528.15kB [4s] 
Writing at 0x0006feb1 ━━━━━━━━━━╸                     36.4% 192.00kB/528.15kB [4s] 
Writing at 0x00076156 ━━━━━━━━━━━╸                    39.4% 208.00kB/528.15kB [4s] 
Writing at 0x0007c213 ━━━━━━━━━━━━╸                   42.4% 224.00kB/528.15kB [5s] 
Writing at 0x000818ea ━━━━━━━━━━━━━╸                  45.4% 240.00kB/528.15kB [5s] 
Writing at 0x0008729c ━━━━━━━━━━━━━━╸                 48.5% 256.00kB/528.15kB [5s] 
Writing at 0x0008cc6e ━━━━━━━━━━━━━━━                 51.5% 272.00kB/528.15kB [6s] 
Writing at 0x000929a3 ━━━━━━━━━━━━━━━━                54.5% 288.00kB/528.15kB [6s] 
Writing at 0x00099632 ━━━━━━━━━━━━━━━━━               57.6% 304.00kB/528.15kB [6s] 
Writing at 0x000a1e3b ━━━━━━━━━━━━━━━━━━              60.6% 320.00kB/528.15kB [7s] 
Writing at 0x000a7e9c ━━━━━━━━━━━━━━━━━━━             63.6% 336.00kB/528.15kB [7s] 
Writing at 0x000ae355 ━━━━━━━━━━━━━━━━━━━╸            66.6% 352.00kB/528.15kB [7s] 
Writing at 0x000b4fa6 ━━━━━━━━━━━━━━━━━━━━╸           69.7% 368.00kB/528.15kB [8s] 
Writing at 0x000bb140 ━━━━━━━━━━━━━━━━━━━━━╸          72.7% 384.00kB/528.15kB [8s] 
Writing at 0x000c0dd4 ━━━━━━━━━━━━━━━━━━━━━━╸         75.7% 400.00kB/528.15kB [8s] 
Writing at 0x000c6c31 ━━━━━━━━━━━━━━━━━━━━━━━╸        78.8% 416.00kB/528.15kB [9s] 
Writing at 0x000cd0fd ━━━━━━━━━━━━━━━━━━━━━━━━╸       81.8% 432.00kB/528.15kB [9s] 
Writing at 0x000d38fe ━━━━━━━━━━━━━━━━━━━━━━━━━       84.8% 448.00kB/528.15kB [10s] 
Writing at 0x000d9739 ━━━━━━━━━━━━━━━━━━━━━━━━━━      87.9% 464.00kB/528.15kB [10s] 
Writing at 0x000df8e0 ━━━━━━━━━━━━━━━━━━━━━━━━━━━     90.9% 480.00kB/528.15kB [10s] 
Writing at 0x000e5a62 ━━━━━━━━━━━━━━━━━━━━━━━━━━━━    93.9% 496.00kB/528.15kB [11s] 
Writing at 0x000eb801 ━━━━━━━━━━━━━━━━━━━━━━━━━━━━━   96.9% 512.00kB/528.15kB [11s] 
Writing at 0x000f1b9c ━━━━━━━━━━━━━━━━━━━━━━━━━━━━━╸ 100.0% 528.00kB/528.15kB [11s] 
Writing at 0x000f1cb4 ━━━━━━━━━━━━━━━━━━━━━━━━━━━━━━ 100.0% 528.15kB/528.15kB [11s] 
Wrote 982196 bytes (540827 compressed) at 0x00002000 in 14.3 seconds (551.2 kbit/s).
Verifying written data...
Hash of data verified.

Hard resetting via RTS pin...
