before-a.bin: OK
before-b.bin: OK
+ /home/regex/.espressif/python_env/idf6.1_py3.10_env/bin/esptool --chip esp32s31 --port /dev/serial/by-id/usb-Silicon_Labs_CP2102N_USB_to_UART_Bridge_Controller_f65e4ef67f71f011975a049f1045c30f-if00-port0 --baud 460800 write-flash --flash-size 16MB --flash-mode dio --flash-freq 80m 0x2000 /home/regex/work/esp32s31-openvela/openvela-dev/out/esp32s31-ble-kernel1557/nuttx.bin 0x200000 /home/regex/work/esp32s31-openvela/openvela-dev/out/esp32s31-ble-kernel1557/appfs.img
esptool v5.4.0
Serial port /dev/serial/by-id/usb-Silicon_Labs_CP2102N_USB_to_UART_Bridge_Controller_f65e4ef67f71f011975a049f1045c30f-if00-port0:
Connecting....
Connected to ESP32-S31 on /dev/serial/by-id/usb-Silicon_Labs_CP2102N_USB_to_UART_Bridge_Controller_f65e4ef67f71f011975a049f1045c30f-if00-port0:
Chip type:          ESP32-S31 (revision v0.0)
Features:           Wi-Fi 6, BT 5.4 (LE), IEEE802.15.4, Dual Core + LP Core, 300MHz
Crystal frequency:  40MHz
MAC:                30:ed:a0:f3:f7:b0

Uploading stub flasher...
Running stub flasher...
Stub flasher running.
Changing baud rate to 460800...
Changed.

Configuring flash size...

Writing '/home/regex/work/esp32s31-openvela/openvela-dev/out/esp32s31-ble-kernel1557/nuttx.bin' at 0x00002000...
SHA digest in image updated.
Flash will be erased from 0x00002000 to 0x00188fff...
Compressed 1597560 bytes to 949864...
Writing at 0x0000828e ╸                                1.7% 16.00kB/927.60kB [0s] 
Writing at 0x0000e172 ━                                3.4% 32.00kB/927.60kB [0s] 
Writing at 0x000141ad ━╸                               5.2% 48.00kB/927.60kB [1s] 
Writing at 0x0001a106 ━━                               6.9% 64.00kB/927.60kB [1s] 
Writing at 0x0002900c ━━╸                              8.6% 80.00kB/927.60kB [2s] 
Writing at 0x0002fa33 ━━━                             10.3% 96.00kB/927.60kB [2s] 
Writing at 0x00035a36 ━━━╸                            12.1% 112.00kB/927.60kB [2s] 
Writing at 0x0003a609 ━━━━                            13.8% 128.00kB/927.60kB [3s] 
Writing at 0x000509bb ━━━━╸                           15.5% 144.00kB/927.60kB [3s] 
Writing at 0x00056908 ━━━━━                           17.2% 160.00kB/927.60kB [4s] 
Writing at 0x0005cc80 ━━━━━╸                          19.0% 176.00kB/927.60kB [4s] 
Writing at 0x00063210 ━━━━━━                          20.7% 192.00kB/927.60kB [4s] 
Writing at 0x0006a334 ━━━━━━╸                         22.4% 208.00kB/927.60kB [5s] 
Writing at 0x000730c9 ━━━━━━━                         24.1% 224.00kB/927.60kB [5s] 
Writing at 0x0007acce ━━━━━━━╸                        25.9% 240.00kB/927.60kB [6s] 
Writing at 0x000824ab ━━━━━━━━                        27.6% 256.00kB/927.60kB [6s] 
Writing at 0x000893a8 ━━━━━━━━╸                       29.3% 272.00kB/927.60kB [6s] 
Writing at 0x0008f7a2 ━━━━━━━━━                       31.0% 288.00kB/927.60kB [7s] 
Writing at 0x00095ea7 ━━━━━━━━━╸                      32.8% 304.00kB/927.60kB [7s] 
Writing at 0x0009bd47 ━━━━━━━━━━                      34.5% 320.00kB/927.60kB [8s] 
Writing at 0x000a1a6a ━━━━━━━━━━╸                     36.2% 336.00kB/927.60kB [8s] 
Writing at 0x000a7097 ━━━━━━━━━━━                     37.9% 352.00kB/927.60kB [9s] 
Writing at 0x000acb85 ━━━━━━━━━━━╸                    39.7% 368.00kB/927.60kB [9s] 
Writing at 0x000b25b4 ━━━━━━━━━━━━                    41.4% 384.00kB/927.60kB [9s] 
Writing at 0x000b90f4 ━━━━━━━━━━━━╸                   43.1% 400.00kB/927.60kB [10s] 
Writing at 0x000c0b0d ━━━━━━━━━━━━━                   44.8% 416.00kB/927.60kB [10s] 
Writing at 0x000c8db6 ━━━━━━━━━━━━━╸                  46.6% 432.00kB/927.60kB [11s] 
Writing at 0x000cf480 ━━━━━━━━━━━━━━                  48.3% 448.00kB/927.60kB [11s] 
Writing at 0x000d5147 ━━━━━━━━━━━━━━━                 50.0% 464.00kB/927.60kB [11s] 
Writing at 0x000dbabd ━━━━━━━━━━━━━━━╸                51.7% 480.00kB/927.60kB [12s] 
Writing at 0x000e20b2 ━━━━━━━━━━━━━━━━                53.5% 496.00kB/927.60kB [12s] 
Writing at 0x000e8167 ━━━━━━━━━━━━━━━━╸               55.2% 512.00kB/927.60kB [13s] 
Writing at 0x000ee238 ━━━━━━━━━━━━━━━━━               56.9% 528.00kB/927.60kB [13s] 
Writing at 0x000f43a2 ━━━━━━━━━━━━━━━━━╸              58.6% 544.00kB/927.60kB [13s] 
Writing at 0x000fa4a4 ━━━━━━━━━━━━━━━━━━              60.4% 560.00kB/927.60kB [14s] 
Writing at 0x001007f9 ━━━━━━━━━━━━━━━━━━╸             62.1% 576.00kB/927.60kB [14s] 
Writing at 0x00106bff ━━━━━━━━━━━━━━━━━━━             63.8% 592.00kB/927.60kB [15s] 
Writing at 0x0010cd01 ━━━━━━━━━━━━━━━━━━━╸            65.5% 608.00kB/927.60kB [15s] 
Writing at 0x00112b64 ━━━━━━━━━━━━━━━━━━━━            67.3% 624.00kB/927.60kB [16s] 
Writing at 0x00118c4c ━━━━━━━━━━━━━━━━━━━━╸           69.0% 640.00kB/927.60kB [16s] 
Writing at 0x0011f985 ━━━━━━━━━━━━━━━━━━━━━           70.7% 656.00kB/927.60kB [16s] 
Writing at 0x00126271 ━━━━━━━━━━━━━━━━━━━━━╸          72.4% 672.00kB/927.60kB [17s] 
Writing at 0x0012c48e ━━━━━━━━━━━━━━━━━━━━━━          74.2% 688.00kB/927.60kB [17s] 
Writing at 0x00132a2e ━━━━━━━━━━━━━━━━━━━━━━╸         75.9% 704.00kB/927.60kB [18s] 
Writing at 0x00139047 ━━━━━━━━━━━━━━━━━━━━━━━         77.6% 720.00kB/927.60kB [18s] 
Writing at 0x0013f0d6 ━━━━━━━━━━━━━━━━━━━━━━━╸        79.3% 736.00kB/927.60kB [18s] 
Writing at 0x00144ea7 ━━━━━━━━━━━━━━━━━━━━━━━━        81.1% 752.00kB/927.60kB [19s] 
Writing at 0x0014af48 ━━━━━━━━━━━━━━━━━━━━━━━━╸       82.8% 768.00kB/927.60kB [19s] 
Writing at 0x001514ef ━━━━━━━━━━━━━━━━━━━━━━━━━       84.5% 784.00kB/927.60kB [20s] 
Writing at 0x00157991 ━━━━━━━━━━━━━━━━━━━━━━━━━╸      86.2% 800.00kB/927.60kB [20s] 
Writing at 0x0015d8ad ━━━━━━━━━━━━━━━━━━━━━━━━━━      88.0% 816.00kB/927.60kB [20s] 
Writing at 0x00163923 ━━━━━━━━━━━━━━━━━━━━━━━━━━╸     89.7% 832.00kB/927.60kB [21s] 
Writing at 0x00169a85 ━━━━━━━━━━━━━━━━━━━━━━━━━━━     91.4% 848.00kB/927.60kB [21s] 
Writing at 0x0016f989 ━━━━━━━━━━━━━━━━━━━━━━━━━━━╸    93.1% 864.00kB/927.60kB [22s] 
Writing at 0x00175e1a ━━━━━━━━━━━━━━━━━━━━━━━━━━━━    94.9% 880.00kB/927.60kB [22s] 
Writing at 0x0017c5ec ━━━━━━━━━━━━━━━━━━━━━━━━━━━━╸   96.6% 896.00kB/927.60kB [23s] 
Writing at 0x001826ea ━━━━━━━━━━━━━━━━━━━━━━━━━━━━━   98.3% 912.00kB/927.60kB [23s] 
Writing at 0x00188078 ━━━━━━━━━━━━━━━━━━━━━━━━━━━━━━ 100.0% 927.60kB/927.60kB [23s] 
Wrote 1597560 bytes (949864 compressed) at 0x00002000 in 20.8 seconds (613.7 kbit/s).
Verifying written data...
Hash of data verified.

Writing '/home/regex/work/esp32s31-openvela/openvela-dev/out/esp32s31-ble-kernel1557/appfs.img' at 0x00200000...
Flash will be erased from 0x00200000 to 0x004f1fff...
Compressed 3085312 bytes to 1830551...
Writing at 0x002073d6                                  0.9% 16.00kB/1.75MB [0s] 
Writing at 0x0020cbf7 ╸                                1.8% 32.00kB/1.75MB [0s] 
Writing at 0x00213d8b ╸                                2.7% 48.00kB/1.75MB [1s] 
Writing at 0x0021d786 ━                                3.6% 64.00kB/1.75MB [1s] 
Writing at 0x002234f0 ━                                4.5% 80.00kB/1.75MB [2s] 
Writing at 0x002293fe ━╸                               5.4% 96.00kB/1.75MB [2s] 
Writing at 0x0022efb6 ━╸                               6.3% 112.00kB/1.75MB [2s] 
Writing at 0x00234d4d ━━                               7.2% 128.00kB/1.75MB [3s] 
Writing at 0x0023aea2 ━━                               8.1% 144.00kB/1.75MB [3s] 
Writing at 0x002417ad ━━╸                              9.0% 160.00kB/1.75MB [4s] 
Writing at 0x002471f7 ━━╸                              9.8% 176.00kB/1.75MB [4s] 
Writing at 0x0024c511 ━━━                             10.7% 192.00kB/1.75MB [4s] 
Writing at 0x00252286 ━━━                             11.6% 208.00kB/1.75MB [5s] 
Writing at 0x0025887a ━━━╸                            12.5% 224.00kB/1.75MB [5s] 
Writing at 0x0025e3c2 ━━━━                            13.4% 240.00kB/1.75MB [6s] 
Writing at 0x0026431f ━━━━                            14.3% 256.00kB/1.75MB [6s] 
Writing at 0x0026a364 ━━━━╸                           15.2% 272.00kB/1.75MB [6s] 
Writing at 0x0027019c ━━━━╸                           16.1% 288.00kB/1.75MB [7s] 
Writing at 0x00275c95 ━━━━━                           17.0% 304.00kB/1.75MB [7s] 
Writing at 0x0027d525 ━━━━━                           17.9% 320.00kB/1.75MB [8s] 
Writing at 0x00289435 ━━━━━╸                          18.8% 336.00kB/1.75MB [8s] 
Writing at 0x00293f2d ━━━━━╸                          19.7% 352.00kB/1.75MB [9s] 
Writing at 0x002a1d69 ━━━━━━                          20.6% 368.00kB/1.75MB [9s] 
Writing at 0x002ab4f4 ━━━━━━                          21.5% 384.00kB/1.75MB [9s] 
Writing at 0x002b378c ━━━━━━╸                         22.4% 400.00kB/1.75MB [10s] 
Writing at 0x002bdddc ━━━━━━╸                         23.3% 416.00kB/1.75MB [10s] 
Writing at 0x002c43a5 ━━━━━━━                         24.2% 432.00kB/1.75MB [11s] 
Writing at 0x002c9c1e ━━━━━━━╸                        25.1% 448.00kB/1.75MB [11s] 
Writing at 0x002cf2bd ━━━━━━━╸                        26.0% 464.00kB/1.75MB [11s] 
Writing at 0x002d4f3d ━━━━━━━━                        26.9% 480.00kB/1.75MB [12s] 
Writing at 0x002da9f0 ━━━━━━━━                        27.7% 496.00kB/1.75MB [12s] 
Writing at 0x002e0697 ━━━━━━━━╸                       28.6% 512.00kB/1.75MB [13s] 
Writing at 0x002e5ce5 ━━━━━━━━╸                       29.5% 528.00kB/1.75MB [13s] 
Writing at 0x002eb62c ━━━━━━━━━                       30.4% 544.00kB/1.75MB [14s] 
Writing at 0x002f1207 ━━━━━━━━━                       31.3% 560.00kB/1.75MB [14s] 
Writing at 0x002f6dc2 ━━━━━━━━━╸                      32.2% 576.00kB/1.75MB [14s] 
Writing at 0x002fc4d5 ━━━━━━━━━╸                      33.1% 592.00kB/1.75MB [15s] 
Writing at 0x00302340 ━━━━━━━━━━                      34.0% 608.00kB/1.75MB [15s] 
Writing at 0x00307bea ━━━━━━━━━━                      34.9% 624.00kB/1.75MB [16s] 
Writing at 0x0030d088 ━━━━━━━━━━╸                     35.8% 640.00kB/1.75MB [16s] 
Writing at 0x00313632 ━━━━━━━━━━━                     36.7% 656.00kB/1.75MB [16s] 
Writing at 0x003196fd ━━━━━━━━━━━                     37.6% 672.00kB/1.75MB [17s] 
Writing at 0x0031f53f ━━━━━━━━━━━╸                    38.5% 688.00kB/1.75MB [17s] 
Writing at 0x00324c89 ━━━━━━━━━━━╸                    39.4% 704.00kB/1.75MB [18s] 
Writing at 0x0032a377 ━━━━━━━━━━━━                    40.3% 720.00kB/1.75MB [18s] 
Writing at 0x0032ff97 ━━━━━━━━━━━━                    41.2% 736.00kB/1.75MB [18s] 
Writing at 0x003357a8 ━━━━━━━━━━━━╸                   42.1% 752.00kB/1.75MB [19s] 
Writing at 0x0033b698 ━━━━━━━━━━━━╸                   43.0% 768.00kB/1.75MB [19s] 
Writing at 0x00341045 ━━━━━━━━━━━━━                   43.9% 784.00kB/1.75MB [20s] 
Writing at 0x00346e6e ━━━━━━━━━━━━━                   44.8% 800.00kB/1.75MB [20s] 
Writing at 0x00351e22 ━━━━━━━━━━━━━╸                  45.6% 816.00kB/1.75MB [20s] 
Writing at 0x0035e11e ━━━━━━━━━━━━━╸                  46.5% 832.00kB/1.75MB [21s] 
Writing at 0x0036526c ━━━━━━━━━━━━━━                  47.4% 848.00kB/1.75MB [21s] 
Writing at 0x0036c76d ━━━━━━━━━━━━━━                  48.3% 864.00kB/1.75MB [22s] 
Writing at 0x00375acd ━━━━━━━━━━━━━━╸                 49.2% 880.00kB/1.75MB [22s] 
Writing at 0x0037c30e ━━━━━━━━━━━━━━━                 50.1% 896.00kB/1.75MB [23s] 
Writing at 0x0038215b ━━━━━━━━━━━━━━━                 51.0% 912.00kB/1.75MB [23s] 
Writing at 0x00387f76 ━━━━━━━━━━━━━━━╸                51.9% 928.00kB/1.75MB [23s] 
Writing at 0x0038ecaf ━━━━━━━━━━━━━━━╸                52.8% 944.00kB/1.75MB [24s] 
Writing at 0x00394bd3 ━━━━━━━━━━━━━━━━                53.7% 960.00kB/1.75MB [24s] 
Writing at 0x0039a238 ━━━━━━━━━━━━━━━━                54.6% 976.00kB/1.75MB [25s] 
Writing at 0x003a1f3d ━━━━━━━━━━━━━━━━╸               55.5% 992.00kB/1.75MB [25s] 
Writing at 0x003acad5 ━━━━━━━━━━━━━━━━╸               56.4% 1008.00kB/1.75MB [25s] 
Writing at 0x003b671c ━━━━━━━━━━━━━━━━━               57.3% 1.00MB/1.75MB [26s] 
Writing at 0x003bc190 ━━━━━━━━━━━━━━━━━               58.2% 1.02MB/1.75MB [26s] 
Writing at 0x003c240f ━━━━━━━━━━━━━━━━━╸              59.1% 1.03MB/1.75MB [27s] 
Writing at 0x003c7dee ━━━━━━━━━━━━━━━━━╸              60.0% 1.05MB/1.75MB [27s] 
Writing at 0x003cd571 ━━━━━━━━━━━━━━━━━━              60.9% 1.06MB/1.75MB [27s] 
Writing at 0x003d60e5 ━━━━━━━━━━━━━━━━━━╸             61.8% 1.08MB/1.75MB [28s] 
Writing at 0x003dc0c8 ━━━━━━━━━━━━━━━━━━╸             62.7% 1.09MB/1.75MB [28s] 
Writing at 0x003e47df ━━━━━━━━━━━━━━━━━━━             63.5% 1.11MB/1.75MB [29s] 
Writing at 0x003eb3b4 ━━━━━━━━━━━━━━━━━━━             64.4% 1.12MB/1.75MB [29s] 
Writing at 0x003f0c05 ━━━━━━━━━━━━━━━━━━━╸            65.3% 1.14MB/1.75MB [30s] 
Writing at 0x003f6f72 ━━━━━━━━━━━━━━━━━━━╸            66.2% 1.16MB/1.75MB [30s] 
Writing at 0x003ff121 ━━━━━━━━━━━━━━━━━━━━            67.1% 1.17MB/1.75MB [30s] 
Writing at 0x004065e3 ━━━━━━━━━━━━━━━━━━━━            68.0% 1.19MB/1.75MB [31s] 
Writing at 0x0040d299 ━━━━━━━━━━━━━━━━━━━━╸           68.9% 1.20MB/1.75MB [31s] 
Writing at 0x00414105 ━━━━━━━━━━━━━━━━━━━━╸           69.8% 1.22MB/1.75MB [32s] 
Writing at 0x0041bde2 ━━━━━━━━━━━━━━━━━━━━━           70.7% 1.23MB/1.75MB [32s] 
Writing at 0x00421bf6 ━━━━━━━━━━━━━━━━━━━━━           71.6% 1.25MB/1.75MB [32s] 
Writing at 0x0042a028 ━━━━━━━━━━━━━━━━━━━━━╸          72.5% 1.27MB/1.75MB [33s] 
Writing at 0x00430d40 ━━━━━━━━━━━━━━━━━━━━━━          73.4% 1.28MB/1.75MB [33s] 
Writing at 0x00436a13 ━━━━━━━━━━━━━━━━━━━━━━          74.3% 1.30MB/1.75MB [34s] 
Writing at 0x0043cc52 ━━━━━━━━━━━━━━━━━━━━━━╸         75.2% 1.31MB/1.75MB [34s] 
Writing at 0x004432a3 ━━━━━━━━━━━━━━━━━━━━━━╸         76.1% 1.33MB/1.75MB [34s] 
Writing at 0x0044a040 ━━━━━━━━━━━━━━━━━━━━━━━         77.0% 1.34MB/1.75MB [35s] 
Writing at 0x004506be ━━━━━━━━━━━━━━━━━━━━━━━         77.9% 1.36MB/1.75MB [35s] 
Writing at 0x00456547 ━━━━━━━━━━━━━━━━━━━━━━━╸        78.8% 1.38MB/1.75MB [36s] 
Writing at 0x0045bdbe ━━━━━━━━━━━━━━━━━━━━━━━╸        79.7% 1.39MB/1.75MB [36s] 
Writing at 0x004619cb ━━━━━━━━━━━━━━━━━━━━━━━━        80.6% 1.41MB/1.75MB [37s] 
Writing at 0x00466e9b ━━━━━━━━━━━━━━━━━━━━━━━━        81.4% 1.42MB/1.75MB [37s] 
Writing at 0x0046cb1e ━━━━━━━━━━━━━━━━━━━━━━━━╸       82.3% 1.44MB/1.75MB [37s] 
Writing at 0x0047310f ━━━━━━━━━━━━━━━━━━━━━━━━╸       83.2% 1.45MB/1.75MB [38s] 
Writing at 0x0047907d ━━━━━━━━━━━━━━━━━━━━━━━━━       84.1% 1.47MB/1.75MB [38s] 
Writing at 0x0047efc5 ━━━━━━━━━━━━━━━━━━━━━━━━━╸      85.0% 1.48MB/1.75MB [39s] 
Writing at 0x004851f8 ━━━━━━━━━━━━━━━━━━━━━━━━━╸      85.9% 1.50MB/1.75MB [39s] 
Writing at 0x0048b12d ━━━━━━━━━━━━━━━━━━━━━━━━━━      86.8% 1.52MB/1.75MB [39s] 
Writing at 0x00491295 ━━━━━━━━━━━━━━━━━━━━━━━━━━      87.7% 1.53MB/1.75MB [40s] 
Writing at 0x00496e87 ━━━━━━━━━━━━━━━━━━━━━━━━━━╸     88.6% 1.55MB/1.75MB [40s] 
Writing at 0x0049c99e ━━━━━━━━━━━━━━━━━━━━━━━━━━╸     89.5% 1.56MB/1.75MB [41s] 
Writing at 0x004a2810 ━━━━━━━━━━━━━━━━━━━━━━━━━━━     90.4% 1.58MB/1.75MB [41s] 
Writing at 0x004a87a0 ━━━━━━━━━━━━━━━━━━━━━━━━━━━     91.3% 1.59MB/1.75MB [41s] 
Writing at 0x004ae400 ━━━━━━━━━━━━━━━━━━━━━━━━━━━╸    92.2% 1.61MB/1.75MB [42s] 
Writing at 0x004ba35e ━━━━━━━━━━━━━━━━━━━━━━━━━━━╸    93.1% 1.62MB/1.75MB [42s] 
Writing at 0x004c4bcd ━━━━━━━━━━━━━━━━━━━━━━━━━━━━    94.0% 1.64MB/1.75MB [43s] 
Writing at 0x004cb5d6 ━━━━━━━━━━━━━━━━━━━━━━━━━━━━    94.9% 1.66MB/1.75MB [43s] 
Writing at 0x004d2d92 ━━━━━━━━━━━━━━━━━━━━━━━━━━━━╸   95.8% 1.67MB/1.75MB [44s] 
Writing at 0x004d968e ━━━━━━━━━━━━━━━━━━━━━━━━━━━━╸   96.7% 1.69MB/1.75MB [44s] 
Writing at 0x004df944 ━━━━━━━━━━━━━━━━━━━━━━━━━━━━━   97.6% 1.70MB/1.75MB [44s] 
Writing at 0x004e530e ━━━━━━━━━━━━━━━━━━━━━━━━━━━━━╸  98.5% 1.72MB/1.75MB [45s] 
Writing at 0x004ea8b5 ━━━━━━━━━━━━━━━━━━━━━━━━━━━━━╸  99.3% 1.73MB/1.75MB [45s] 
Writing at 0x004f1400 ━━━━━━━━━━━━━━━━━━━━━━━━━━━━━━ 100.0% 1.75MB/1.75MB [45s] 
Wrote 3085312 bytes (1830551 compressed) at 0x00200000 in 43.1 seconds (572.3 kbit/s).
Verifying written data...
Hash of data verified.

Hard resetting via RTS pin...
