+ receipt=backups/2026-09-10-scan-stress/logs/build148b.sha256
+ flash_mode=kernel
+ case "$flash_mode" in
+ firmware_dir=/home/regex/work/esp32s31-openvela/openvela-dev/out/esp32s31-cmake-production6
+ sha256sum /home/regex/work/esp32s31-openvela/openvela-dev/out/esp32s31-cmake-production6/nuttx.bin /home/regex/work/esp32s31-openvela/openvela-dev/out/esp32s31-cmake-production6/appfs.img
+ cmp -s - backups/2026-09-10-scan-stress/logs/build148b.sha256
+ flash_args=(0x2000 "$firmware_dir/nuttx.bin")
+ '[' kernel = appfs ']'
+ /home/regex/.espressif/python_env/idf6.1_py3.10_env/bin/esptool --chip esp32s31 --port /dev/ttyUSB0 --baud 460800 write-flash --flash-size 16MB --flash-mode dio --flash-freq 80m 0x2000 /home/regex/work/esp32s31-openvela/openvela-dev/out/esp32s31-cmake-production6/nuttx.bin
esptool v5.4.0
Serial port /dev/ttyUSB0:
Connecting....
Connected to ESP32-S31 on /dev/ttyUSB0:
Chip type:          ESP32-S31 (revision v0.0)
Features:           Wi-Fi 6, BT 5.4 (LE), IEEE802.15.4, Dual Core + LP Core, 300MHz
Crystal frequency:  40MHz
MAC:                30:ed:a0:f3:f7:b0

Uploading stub flasher...
Running stub flasher...
Stub flasher running.
Changing baud rate to 460800...
Changed.

Configuring flash size...
SHA digest in image updated.
Flash will be erased from 0x00002000 to 0x000f2fff...
Compressed 985172 bytes to 542761...
Writing at 0x00007e0a ╸                                3.0% 16.00kB/530.04kB [0s] 
Writing at 0x0000e034 ━╸                               6.0% 32.00kB/530.04kB [0s] 
Writing at 0x000230f5 ━━╸                              9.1% 48.00kB/530.04kB [1s] 
Writing at 0x0002b0de ━━━╸                            12.1% 64.00kB/530.04kB [1s] 
Writing at 0x000350c2 ━━━━╸                           15.1% 80.00kB/530.04kB [2s] 
Writing at 0x00043ee0 ━━━━━                           18.1% 96.00kB/530.04kB [2s] 
Writing at 0x0004a551 ━━━━━━                          21.1% 112.00kB/530.04kB [2s] 
Writing at 0x00050db6 ━━━━━━━                         24.1% 128.00kB/530.04kB [3s] 
Writing at 0x0005902e ━━━━━━━━                        27.2% 144.00kB/530.04kB [3s] 
Writing at 0x000613d2 ━━━━━━━━━                       30.2% 160.00kB/530.04kB [3s] 
Writing at 0x00068b4e ━━━━━━━━━╸                      33.2% 176.00kB/530.04kB [4s] 
Writing at 0x0006fd5a ━━━━━━━━━━╸                     36.2% 192.00kB/530.04kB [4s] 
Writing at 0x0007603a ━━━━━━━━━━━╸                    39.2% 208.00kB/530.04kB [4s] 
Writing at 0x0007c12c ━━━━━━━━━━━━╸                   42.3% 224.00kB/530.04kB [5s] 
Writing at 0x00081803 ━━━━━━━━━━━━━╸                  45.3% 240.00kB/530.04kB [5s] 
Writing at 0x00087186 ━━━━━━━━━━━━━━                  48.3% 256.00kB/530.04kB [5s] 
Writing at 0x0008cbcd ━━━━━━━━━━━━━━━                 51.3% 272.00kB/530.04kB [6s] 
Writing at 0x00092889 ━━━━━━━━━━━━━━━━                54.3% 288.00kB/530.04kB [6s] 
Writing at 0x0009957b ━━━━━━━━━━━━━━━━━               57.4% 304.00kB/530.04kB [6s] 
Writing at 0x000a1a9e ━━━━━━━━━━━━━━━━━━              60.4% 320.00kB/530.04kB [7s] 
Writing at 0x000a7df2 ━━━━━━━━━━━━━━━━━━━             63.4% 336.00kB/530.04kB [7s] 
Writing at 0x000ae21c ━━━━━━━━━━━━━━━━━━━╸            66.4% 352.00kB/530.04kB [7s] 
Writing at 0x000b4ec7 ━━━━━━━━━━━━━━━━━━━━╸           69.4% 368.00kB/530.04kB [8s] 
Writing at 0x000bb052 ━━━━━━━━━━━━━━━━━━━━━╸          72.4% 384.00kB/530.04kB [8s] 
Writing at 0x000c0c9a ━━━━━━━━━━━━━━━━━━━━━━╸         75.5% 400.00kB/530.04kB [8s] 
Writing at 0x000c6aa5 ━━━━━━━━━━━━━━━━━━━━━━━╸        78.5% 416.00kB/530.04kB [9s] 
Writing at 0x000cd025 ━━━━━━━━━━━━━━━━━━━━━━━━        81.5% 432.00kB/530.04kB [9s] 
Writing at 0x000d387a ━━━━━━━━━━━━━━━━━━━━━━━━━       84.5% 448.00kB/530.04kB [9s] 
Writing at 0x000d9842 ━━━━━━━━━━━━━━━━━━━━━━━━━━      87.5% 464.00kB/530.04kB [10s] 
Writing at 0x000df90e ━━━━━━━━━━━━━━━━━━━━━━━━━━━     90.6% 480.00kB/530.04kB [10s] 
Writing at 0x000e59d3 ━━━━━━━━━━━━━━━━━━━━━━━━━━━━    93.6% 496.00kB/530.04kB [10s] 
Writing at 0x000eb4ff ━━━━━━━━━━━━━━━━━━━━━━━━━━━━╸   96.6% 512.00kB/530.04kB [11s] 
Writing at 0x000f1ba2 ━━━━━━━━━━━━━━━━━━━━━━━━━━━━━╸  99.6% 528.00kB/530.04kB [11s] 
Writing at 0x000f2854 ━━━━━━━━━━━━━━━━━━━━━━━━━━━━━━ 100.0% 530.04kB/530.04kB [11s] 
Wrote 985172 bytes (542761 compressed) at 0x00002000 in 11.8 seconds (670.7 kbit/s).
Verifying written data...
Hash of data verified.

Hard resetting via RTS pin...
