before-a.bin: OK
before-b.bin: OK
+ /home/regex/.espressif/python_env/idf6.1_py3.10_env/bin/esptool --chip esp32s31 --port /dev/serial/by-id/usb-Silicon_Labs_CP2102N_USB_to_UART_Bridge_Controller_f65e4ef67f71f011975a049f1045c30f-if00-port0 --baud 460800 write-flash --flash-size 16MB --flash-mode dio --flash-freq 80m 0x2000 /home/regex/work/esp32s31-openvela/openvela-dev/out/esp32s31-ble-kernel1547/nuttx.bin 0x200000 /home/regex/work/esp32s31-openvela/openvela-dev/out/esp32s31-ble-kernel1547/appfs.img
esptool v5.4.0
Serial port /dev/serial/by-id/usb-Silicon_Labs_CP2102N_USB_to_UART_Bridge_Controller_f65e4ef67f71f011975a049f1045c30f-if00-port0:
Connecting....
Connected to ESP32-S31 on /dev/serial/by-id/usb-Silicon_Labs_CP2102N_USB_to_UART_Bridge_Controller_f65e4ef67f71f011975a049f1045c30f-if00-port0:
Chip type:          ESP32-S31 (revision v0.0)
Features:           Wi-Fi 6, BT 5.4 (LE), IEEE802.15.4, Dual Core + LP Core, 300MHz
Crystal frequency:  40MHz
MAC:                30:ed:a0:f3:f7:b0

Uploading stub flasher...
Running stub flasher...
Stub flasher running.
Changing baud rate to 460800...
Changed.

Configuring flash size...

Writing '/home/regex/work/esp32s31-openvela/openvela-dev/out/esp32s31-ble-kernel1547/nuttx.bin' at 0x00002000...
SHA digest in image updated.
Flash will be erased from 0x00002000 to 0x00187fff...
Compressed 1597304 bytes to 949393...
Writing at 0x0000829b ╸                                1.7% 16.00kB/927.14kB [0s] 
Writing at 0x0000e24c ━                                3.5% 32.00kB/927.14kB [0s] 
Writing at 0x000141cf ━╸                               5.2% 48.00kB/927.14kB [1s] 
Writing at 0x0001a0a6 ━━                               6.9% 64.00kB/927.14kB [1s] 
Writing at 0x000291f0 ━━╸                              8.6% 80.00kB/927.14kB [2s] 
Writing at 0x0002fc6f ━━━                             10.4% 96.00kB/927.14kB [2s] 
Writing at 0x00035adb ━━━╸                            12.1% 112.00kB/927.14kB [2s] 
Writing at 0x0003a87a ━━━━                            13.8% 128.00kB/927.14kB [3s] 
Writing at 0x00050b48 ━━━━╸                           15.5% 144.00kB/927.14kB [3s] 
Writing at 0x00056aae ━━━━━                           17.3% 160.00kB/927.14kB [4s] 
Writing at 0x0005ce1e ━━━━━╸                          19.0% 176.00kB/927.14kB [4s] 
Writing at 0x000633d6 ━━━━━━                          20.7% 192.00kB/927.14kB [4s] 
Writing at 0x0006a4ce ━━━━━━╸                         22.4% 208.00kB/927.14kB [5s] 
Writing at 0x000732a4 ━━━━━━━                         24.2% 224.00kB/927.14kB [5s] 
Writing at 0x0007ade7 ━━━━━━━╸                        25.9% 240.00kB/927.14kB [6s] 
Writing at 0x00082605 ━━━━━━━━                        27.6% 256.00kB/927.14kB [6s] 
Writing at 0x000894e6 ━━━━━━━━╸                       29.3% 272.00kB/927.14kB [6s] 
Writing at 0x0008f946 ━━━━━━━━━                       31.1% 288.00kB/927.14kB [7s] 
Writing at 0x00095fbd ━━━━━━━━━╸                      32.8% 304.00kB/927.14kB [7s] 
Writing at 0x0009bf0d ━━━━━━━━━━                      34.5% 320.00kB/927.14kB [8s] 
Writing at 0x000a1b96 ━━━━━━━━━━╸                     36.2% 336.00kB/927.14kB [8s] 
Writing at 0x000a71cc ━━━━━━━━━━━                     38.0% 352.00kB/927.14kB [9s] 
Writing at 0x000accd9 ━━━━━━━━━━━╸                    39.7% 368.00kB/927.14kB [9s] 
Writing at 0x000b272b ━━━━━━━━━━━━                    41.4% 384.00kB/927.14kB [9s] 
Writing at 0x000b935e ━━━━━━━━━━━━╸                   43.1% 400.00kB/927.14kB [10s] 
Writing at 0x000c0d6c ━━━━━━━━━━━━━                   44.9% 416.00kB/927.14kB [10s] 
Writing at 0x000c9096 ━━━━━━━━━━━━━╸                  46.6% 432.00kB/927.14kB [11s] 
Writing at 0x000cf5c8 ━━━━━━━━━━━━━━                  48.3% 448.00kB/927.14kB [11s] 
Writing at 0x000d522d ━━━━━━━━━━━━━━━                 50.0% 464.00kB/927.14kB [11s] 
Writing at 0x000dbd3c ━━━━━━━━━━━━━━━╸                51.8% 480.00kB/927.14kB [12s] 
Writing at 0x000e2246 ━━━━━━━━━━━━━━━━                53.5% 496.00kB/927.14kB [12s] 
Writing at 0x000e82ee ━━━━━━━━━━━━━━━━╸               55.2% 512.00kB/927.14kB [13s] 
Writing at 0x000ee3d3 ━━━━━━━━━━━━━━━━━               56.9% 528.00kB/927.14kB [13s] 
Writing at 0x000f45f3 ━━━━━━━━━━━━━━━━━╸              58.7% 544.00kB/927.14kB [13s] 
Writing at 0x000fa616 ━━━━━━━━━━━━━━━━━━              60.4% 560.00kB/927.14kB [14s] 
Writing at 0x0010092b ━━━━━━━━━━━━━━━━━━╸             62.1% 576.00kB/927.14kB [14s] 
Writing at 0x00106d08 ━━━━━━━━━━━━━━━━━━━             63.9% 592.00kB/927.14kB [15s] 
Writing at 0x0010ceb3 ━━━━━━━━━━━━━━━━━━━╸            65.6% 608.00kB/927.14kB [15s] 
Writing at 0x00112ccd ━━━━━━━━━━━━━━━━━━━━            67.3% 624.00kB/927.14kB [16s] 
Writing at 0x00118d6e ━━━━━━━━━━━━━━━━━━━━╸           69.0% 640.00kB/927.14kB [16s] 
Writing at 0x0011fb88 ━━━━━━━━━━━━━━━━━━━━━           70.8% 656.00kB/927.14kB [16s] 
Writing at 0x0012643a ━━━━━━━━━━━━━━━━━━━━━╸          72.5% 672.00kB/927.14kB [17s] 
Writing at 0x0012c623 ━━━━━━━━━━━━━━━━━━━━━━          74.2% 688.00kB/927.14kB [17s] 
Writing at 0x00132c47 ━━━━━━━━━━━━━━━━━━━━━━╸         75.9% 704.00kB/927.14kB [18s] 
Writing at 0x00139126 ━━━━━━━━━━━━━━━━━━━━━━━         77.7% 720.00kB/927.14kB [18s] 
Writing at 0x0013f25e ━━━━━━━━━━━━━━━━━━━━━━━╸        79.4% 736.00kB/927.14kB [18s] 
Writing at 0x00145044 ━━━━━━━━━━━━━━━━━━━━━━━━        81.1% 752.00kB/927.14kB [19s] 
Writing at 0x0014b176 ━━━━━━━━━━━━━━━━━━━━━━━━╸       82.8% 768.00kB/927.14kB [19s] 
Writing at 0x00151684 ━━━━━━━━━━━━━━━━━━━━━━━━━       84.6% 784.00kB/927.14kB [20s] 
Writing at 0x00157b0f ━━━━━━━━━━━━━━━━━━━━━━━━━╸      86.3% 800.00kB/927.14kB [20s] 
Writing at 0x0015da0e ━━━━━━━━━━━━━━━━━━━━━━━━━━      88.0% 816.00kB/927.14kB [20s] 
Writing at 0x00163ae2 ━━━━━━━━━━━━━━━━━━━━━━━━━━╸     89.7% 832.00kB/927.14kB [21s] 
Writing at 0x00169b80 ━━━━━━━━━━━━━━━━━━━━━━━━━━━     91.5% 848.00kB/927.14kB [21s] 
Writing at 0x0016faec ━━━━━━━━━━━━━━━━━━━━━━━━━━━╸    93.2% 864.00kB/927.14kB [22s] 
Writing at 0x00175f4d ━━━━━━━━━━━━━━━━━━━━━━━━━━━━    94.9% 880.00kB/927.14kB [22s] 
Writing at 0x0017c799 ━━━━━━━━━━━━━━━━━━━━━━━━━━━━╸   96.6% 896.00kB/927.14kB [23s] 
Writing at 0x0018280b ━━━━━━━━━━━━━━━━━━━━━━━━━━━━━╸  98.4% 912.00kB/927.14kB [23s] 
Writing at 0x00187f78 ━━━━━━━━━━━━━━━━━━━━━━━━━━━━━━ 100.0% 927.14kB/927.14kB [23s] 
Wrote 1597304 bytes (949393 compressed) at 0x00002000 in 23.9 seconds (534.4 kbit/s).
Verifying written data...
Hash of data verified.

Writing '/home/regex/work/esp32s31-openvela/openvela-dev/out/esp32s31-ble-kernel1547/appfs.img' at 0x00200000...
Flash will be erased from 0x00200000 to 0x004eafff...
Compressed 3059712 bytes to 1822067...
Writing at 0x002073d0                                  0.9% 16.00kB/1.74MB [0s] 
Writing at 0x0020cbf2 ╸                                1.8% 32.00kB/1.74MB [0s] 
Writing at 0x00213d88 ╸                                2.7% 48.00kB/1.74MB [1s] 
Writing at 0x0021d784 ━                                3.6% 64.00kB/1.74MB [1s] 
Writing at 0x002234e7 ━                                4.5% 80.00kB/1.74MB [2s] 
Writing at 0x002293fd ━╸                               5.4% 96.00kB/1.74MB [2s] 
Writing at 0x0022efb6 ━╸                               6.3% 112.00kB/1.74MB [2s] 
Writing at 0x00234d4a ━━                               7.2% 128.00kB/1.74MB [3s] 
Writing at 0x0023aea1 ━━                               8.1% 144.00kB/1.74MB [3s] 
Writing at 0x002417ab ━━╸                              9.0% 160.00kB/1.74MB [4s] 
Writing at 0x002471f5 ━━╸                              9.9% 176.00kB/1.74MB [4s] 
Writing at 0x0024c50c ━━━                             10.8% 192.00kB/1.74MB [4s] 
Writing at 0x00252284 ━━━╸                            11.7% 208.00kB/1.74MB [5s] 
Writing at 0x00258879 ━━━╸                            12.6% 224.00kB/1.74MB [5s] 
Writing at 0x0025e3c1 ━━━━                            13.5% 240.00kB/1.74MB [6s] 
Writing at 0x0026431e ━━━━                            14.4% 256.00kB/1.74MB [6s] 
Writing at 0x0026a364 ━━━━╸                           15.3% 272.00kB/1.74MB [7s] 
Writing at 0x0027019b ━━━━╸                           16.2% 288.00kB/1.74MB [7s] 
Writing at 0x00275c93 ━━━━━                           17.1% 304.00kB/1.74MB [7s] 
Writing at 0x0027d523 ━━━━━                           18.0% 320.00kB/1.74MB [8s] 
Writing at 0x00289429 ━━━━━╸                          18.9% 336.00kB/1.74MB [8s] 
Writing at 0x00293f24 ━━━━━╸                          19.8% 352.00kB/1.74MB [9s] 
Writing at 0x002a1d61 ━━━━━━                          20.7% 368.00kB/1.74MB [9s] 
Writing at 0x002ab4f1 ━━━━━━                          21.6% 384.00kB/1.74MB [9s] 
Writing at 0x002b377d ━━━━━━╸                         22.5% 400.00kB/1.74MB [10s] 
Writing at 0x002bdddb ━━━━━━━                         23.4% 416.00kB/1.74MB [10s] 
Writing at 0x002c43a4 ━━━━━━━                         24.3% 432.00kB/1.74MB [11s] 
Writing at 0x002c9c1a ━━━━━━━╸                        25.2% 448.00kB/1.74MB [11s] 
Writing at 0x002cf2b9 ━━━━━━━╸                        26.1% 464.00kB/1.74MB [11s] 
Writing at 0x002d4f32 ━━━━━━━━                        27.0% 480.00kB/1.74MB [12s] 
Writing at 0x002da9ed ━━━━━━━━                        27.9% 496.00kB/1.74MB [12s] 
Writing at 0x002e0693 ━━━━━━━━╸                       28.8% 512.00kB/1.74MB [13s] 
Writing at 0x002e5cdf ━━━━━━━━╸                       29.7% 528.00kB/1.74MB [13s] 
Writing at 0x002eb628 ━━━━━━━━━                       30.6% 544.00kB/1.74MB [14s] 
Writing at 0x002f1203 ━━━━━━━━━                       31.5% 560.00kB/1.74MB [14s] 
Writing at 0x002f6dc0 ━━━━━━━━━╸                      32.4% 576.00kB/1.74MB [14s] 
Writing at 0x002fc4d1 ━━━━━━━━━╸                      33.3% 592.00kB/1.74MB [15s] 
Writing at 0x0030233c ━━━━━━━━━━                      34.2% 608.00kB/1.74MB [15s] 
Writing at 0x00307be6 ━━━━━━━━━━╸                     35.1% 624.00kB/1.74MB [16s] 
Writing at 0x0030d07e ━━━━━━━━━━╸                     36.0% 640.00kB/1.74MB [16s] 
Writing at 0x0031362b ━━━━━━━━━━━                     36.9% 656.00kB/1.74MB [16s] 
Writing at 0x003196f9 ━━━━━━━━━━━                     37.8% 672.00kB/1.74MB [17s] 
Writing at 0x0031f53e ━━━━━━━━━━━╸                    38.7% 688.00kB/1.74MB [17s] 
Writing at 0x00324c87 ━━━━━━━━━━━╸                    39.6% 704.00kB/1.74MB [18s] 
Writing at 0x0032a373 ━━━━━━━━━━━━                    40.5% 720.00kB/1.74MB [18s] 
Writing at 0x0032ff94 ━━━━━━━━━━━━                    41.4% 736.00kB/1.74MB [18s] 
Writing at 0x003357a6 ━━━━━━━━━━━━╸                   42.3% 752.00kB/1.74MB [19s] 
Writing at 0x0033b695 ━━━━━━━━━━━━╸                   43.2% 768.00kB/1.74MB [19s] 
Writing at 0x00341043 ━━━━━━━━━━━━━                   44.1% 784.00kB/1.74MB [20s] 
Writing at 0x00346e66 ━━━━━━━━━━━━━                   45.0% 800.00kB/1.74MB [20s] 
Writing at 0x00351e0d ━━━━━━━━━━━━━╸                  45.9% 816.00kB/1.74MB [21s] 
Writing at 0x0035e111 ━━━━━━━━━━━━━━                  46.8% 832.00kB/1.74MB [21s] 
Writing at 0x00365268 ━━━━━━━━━━━━━━                  47.7% 848.00kB/1.74MB [21s] 
Writing at 0x0036c75e ━━━━━━━━━━━━━━╸                 48.6% 864.00kB/1.74MB [22s] 
Writing at 0x003734e9 ━━━━━━━━━━━━━━╸                 49.5% 880.00kB/1.74MB [22s] 
Writing at 0x00379523 ━━━━━━━━━━━━━━━                 50.4% 896.00kB/1.74MB [23s] 
Writing at 0x0037f27e ━━━━━━━━━━━━━━━                 51.3% 912.00kB/1.74MB [23s] 
Writing at 0x003858e4 ━━━━━━━━━━━━━━━╸                52.2% 928.00kB/1.74MB [23s] 
Writing at 0x0038bc85 ━━━━━━━━━━━━━━━╸                53.1% 944.00kB/1.74MB [24s] 
Writing at 0x00391781 ━━━━━━━━━━━━━━━━                54.0% 960.00kB/1.74MB [24s] 
Writing at 0x00396e96 ━━━━━━━━━━━━━━━━                54.9% 976.00kB/1.74MB [25s] 
Writing at 0x003a30bf ━━━━━━━━━━━━━━━━╸               55.8% 992.00kB/1.74MB [25s] 
Writing at 0x003acaa4 ━━━━━━━━━━━━━━━━╸               56.6% 1008.00kB/1.74MB [25s] 
Writing at 0x003b309f ━━━━━━━━━━━━━━━━━               57.5% 1.00MB/1.74MB [26s] 
Writing at 0x003b91a2 ━━━━━━━━━━━━━━━━━╸              58.4% 1.02MB/1.74MB [26s] 
Writing at 0x003bf0f9 ━━━━━━━━━━━━━━━━━╸              59.3% 1.03MB/1.74MB [27s] 
Writing at 0x003c4733 ━━━━━━━━━━━━━━━━━━              60.2% 1.05MB/1.74MB [27s] 
Writing at 0x003cbe95 ━━━━━━━━━━━━━━━━━━              61.1% 1.06MB/1.74MB [28s] 
Writing at 0x003d2c06 ━━━━━━━━━━━━━━━━━━╸             62.0% 1.08MB/1.74MB [28s] 
Writing at 0x003d8975 ━━━━━━━━━━━━━━━━━━╸             62.9% 1.09MB/1.74MB [28s] 
Writing at 0x003e1874 ━━━━━━━━━━━━━━━━━━━             63.8% 1.11MB/1.74MB [29s] 
Writing at 0x003e8151 ━━━━━━━━━━━━━━━━━━━             64.7% 1.12MB/1.74MB [29s] 
Writing at 0x003edc83 ━━━━━━━━━━━━━━━━━━━╸            65.6% 1.14MB/1.74MB [30s] 
Writing at 0x003f5365 ━━━━━━━━━━━━━━━━━━━╸            66.5% 1.16MB/1.74MB [30s] 
Writing at 0x003fbdbe ━━━━━━━━━━━━━━━━━━━━            67.4% 1.17MB/1.74MB [30s] 
Writing at 0x004030c6 ━━━━━━━━━━━━━━━━━━━━╸           68.3% 1.19MB/1.74MB [31s] 
Writing at 0x0040af8f ━━━━━━━━━━━━━━━━━━━━╸           69.2% 1.20MB/1.74MB [31s] 
Writing at 0x00413094 ━━━━━━━━━━━━━━━━━━━━━           70.1% 1.22MB/1.74MB [32s] 
Writing at 0x00418844 ━━━━━━━━━━━━━━━━━━━━━           71.0% 1.23MB/1.74MB [32s] 
Writing at 0x00420d91 ━━━━━━━━━━━━━━━━━━━━━╸          71.9% 1.25MB/1.74MB [32s] 
Writing at 0x004279d8 ━━━━━━━━━━━━━━━━━━━━━╸          72.8% 1.27MB/1.74MB [33s] 
Writing at 0x0042dc1b ━━━━━━━━━━━━━━━━━━━━━━          73.7% 1.28MB/1.74MB [33s] 
Writing at 0x00433f16 ━━━━━━━━━━━━━━━━━━━━━━          74.6% 1.30MB/1.74MB [34s] 
Writing at 0x004399c3 ━━━━━━━━━━━━━━━━━━━━━━╸         75.5% 1.31MB/1.74MB [34s] 
Writing at 0x00440945 ━━━━━━━━━━━━━━━━━━━━━━╸         76.4% 1.33MB/1.74MB [35s] 
Writing at 0x004472de ━━━━━━━━━━━━━━━━━━━━━━━         77.3% 1.34MB/1.74MB [35s] 
Writing at 0x0044da7b ━━━━━━━━━━━━━━━━━━━━━━━         78.2% 1.36MB/1.74MB [35s] 
Writing at 0x00452f78 ━━━━━━━━━━━━━━━━━━━━━━━╸        79.1% 1.38MB/1.74MB [36s] 
Writing at 0x00458a7e ━━━━━━━━━━━━━━━━━━━━━━━━        80.0% 1.39MB/1.74MB [36s] 
Writing at 0x0045e31c ━━━━━━━━━━━━━━━━━━━━━━━━        80.9% 1.41MB/1.74MB [37s] 
Writing at 0x00463c24 ━━━━━━━━━━━━━━━━━━━━━━━━╸       81.8% 1.42MB/1.74MB [37s] 
Writing at 0x00469a24 ━━━━━━━━━━━━━━━━━━━━━━━━╸       82.7% 1.44MB/1.74MB [37s] 
Writing at 0x0047006d ━━━━━━━━━━━━━━━━━━━━━━━━━       83.6% 1.45MB/1.74MB [38s] 
Writing at 0x00475f60 ━━━━━━━━━━━━━━━━━━━━━━━━━       84.5% 1.47MB/1.74MB [38s] 
Writing at 0x0047bf1e ━━━━━━━━━━━━━━━━━━━━━━━━━╸      85.4% 1.48MB/1.74MB [39s] 
Writing at 0x00482096 ━━━━━━━━━━━━━━━━━━━━━━━━━╸      86.3% 1.50MB/1.74MB [39s] 
Writing at 0x00488124 ━━━━━━━━━━━━━━━━━━━━━━━━━━      87.2% 1.52MB/1.74MB [39s] 
Writing at 0x0048e004 ━━━━━━━━━━━━━━━━━━━━━━━━━━      88.1% 1.53MB/1.74MB [40s] 
Writing at 0x0049373b ━━━━━━━━━━━━━━━━━━━━━━━━━━╸     89.0% 1.55MB/1.74MB [40s] 
Writing at 0x0049978b ━━━━━━━━━━━━━━━━━━━━━━━━━━╸     89.9% 1.56MB/1.74MB [41s] 
Writing at 0x0049f905 ━━━━━━━━━━━━━━━━━━━━━━━━━━━     90.8% 1.58MB/1.74MB [41s] 
Writing at 0x004a588c ━━━━━━━━━━━━━━━━━━━━━━━━━━━╸    91.7% 1.59MB/1.74MB [42s] 
Writing at 0x004ad807 ━━━━━━━━━━━━━━━━━━━━━━━━━━━╸    92.6% 1.61MB/1.74MB [42s] 
Writing at 0x004b9d4c ━━━━━━━━━━━━━━━━━━━━━━━━━━━━    93.5% 1.62MB/1.74MB [42s] 
Writing at 0x004c2adf ━━━━━━━━━━━━━━━━━━━━━━━━━━━━    94.4% 1.64MB/1.74MB [43s] 
Writing at 0x004ca1ea ━━━━━━━━━━━━━━━━━━━━━━━━━━━━╸   95.3% 1.66MB/1.74MB [43s] 
Writing at 0x004d076c ━━━━━━━━━━━━━━━━━━━━━━━━━━━━╸   96.2% 1.67MB/1.74MB [44s] 
Writing at 0x004d6678 ━━━━━━━━━━━━━━━━━━━━━━━━━━━━━   97.1% 1.69MB/1.74MB [44s] 
Writing at 0x004dc550 ━━━━━━━━━━━━━━━━━━━━━━━━━━━━━   98.0% 1.70MB/1.74MB [44s] 
Writing at 0x004e1b8d ━━━━━━━━━━━━━━━━━━━━━━━━━━━━━╸  98.9% 1.72MB/1.74MB [45s] 
Writing at 0x004e8c0e ━━━━━━━━━━━━━━━━━━━━━━━━━━━━━╸  99.8% 1.73MB/1.74MB [45s] 
Writing at 0x004eb000 ━━━━━━━━━━━━━━━━━━━━━━━━━━━━━━ 100.0% 1.74MB/1.74MB [45s] 
Wrote 3059712 bytes (1822067 compressed) at 0x00200000 in 39.9 seconds (613.5 kbit/s).
Verifying written data...
Hash of data verified.

Hard resetting via RTS pin...
