before-a.bin: OK
before-b.bin: OK
WIFI_ARTIFACT_CONFIG=PASS booleans=1757 protocol=7
+ /home/regex/.espressif/python_env/idf6.1_py3.10_env/bin/esptool --chip esp32s31 --port /dev/serial/by-id/usb-Silicon_Labs_CP2102N_USB_to_UART_Bridge_Controller_f65e4ef67f71f011975a049f1045c30f-if00-port0 --baud 460800 write-flash --flash-size 16MB --flash-mode dio --flash-freq 80m 0x2000 /home/regex/work/esp32s31-openvela/openvela-dev/out/esp32s31-cmake-demo/nuttx.bin 0x200000 /home/regex/work/esp32s31-openvela/openvela-dev/out/esp32s31-cmake-demo/appfs.img
esptool v5.4.0
Serial port /dev/serial/by-id/usb-Silicon_Labs_CP2102N_USB_to_UART_Bridge_Controller_f65e4ef67f71f011975a049f1045c30f-if00-port0:
Connecting....
Connected to ESP32-S31 on /dev/serial/by-id/usb-Silicon_Labs_CP2102N_USB_to_UART_Bridge_Controller_f65e4ef67f71f011975a049f1045c30f-if00-port0:
Chip type:          ESP32-S31 (revision v0.0)
Features:           Wi-Fi 6, BT 5.4 (LE), IEEE802.15.4, Dual Core + LP Core, 300MHz
Crystal frequency:  40MHz
MAC:                30:ed:a0:f3:f7:b0

Uploading stub flasher...
Running stub flasher...
Stub flasher running.
Changing baud rate to 460800...
Changed.

Configuring flash size...

Writing '/home/regex/work/esp32s31-openvela/openvela-dev/out/esp32s31-cmake-demo/nuttx.bin' at 0x00002000...
SHA digest in image updated.
Flash will be erased from 0x00002000 to 0x00102fff...
Compressed 1052216 bytes to 587047...
Writing at 0x00007d32 ╸                                2.8% 16.00kB/573.29kB [0s] 
Writing at 0x0000debc ━╸                               5.6% 32.00kB/573.29kB [0s] 
Writing at 0x00015c61 ━━╸                              8.4% 48.00kB/573.29kB [1s] 
Writing at 0x0002a845 ━━━                             11.2% 64.00kB/573.29kB [1s] 
Writing at 0x000317fa ━━━━                            14.0% 80.00kB/573.29kB [2s] 
Writing at 0x00041ed6 ━━━━━                           16.7% 96.00kB/573.29kB [2s] 
Writing at 0x00047dee ━━━━━╸                          19.5% 112.00kB/573.29kB [2s] 
Writing at 0x0004e330 ━━━━━━╸                         22.3% 128.00kB/573.29kB [3s] 
Writing at 0x00055217 ━━━━━━━╸                        25.1% 144.00kB/573.29kB [3s] 
Writing at 0x0005df0d ━━━━━━━━                        27.9% 160.00kB/573.29kB [4s] 
Writing at 0x000656aa ━━━━━━━━━                       30.7% 176.00kB/573.29kB [4s] 
Writing at 0x0006ce86 ━━━━━━━━━━                      33.5% 192.00kB/573.29kB [4s] 
Writing at 0x00073f69 ━━━━━━━━━━╸                     36.3% 208.00kB/573.29kB [5s] 
Writing at 0x0007a51b ━━━━━━━━━━━╸                    39.1% 224.00kB/573.29kB [5s] 
Writing at 0x00080593 ━━━━━━━━━━━━╸                   41.9% 240.00kB/573.29kB [5s] 
Writing at 0x000862ac ━━━━━━━━━━━━━                   44.7% 256.00kB/573.29kB [6s] 
Writing at 0x0008b899 ━━━━━━━━━━━━━━                  47.4% 272.00kB/573.29kB [6s] 
Writing at 0x000912a3 ━━━━━━━━━━━━━━━                 50.2% 288.00kB/573.29kB [7s] 
Writing at 0x00096e22 ━━━━━━━━━━━━━━━╸                53.0% 304.00kB/573.29kB [7s] 
Writing at 0x0009d35a ━━━━━━━━━━━━━━━━╸               55.8% 320.00kB/573.29kB [7s] 
Writing at 0x000a4f18 ━━━━━━━━━━━━━━━━━╸              58.6% 336.00kB/573.29kB [8s] 
Writing at 0x000ad111 ━━━━━━━━━━━━━━━━━━              61.4% 352.00kB/573.29kB [8s] 
Writing at 0x000b487d ━━━━━━━━━━━━━━━━━━━             64.2% 368.00kB/573.29kB [9s] 
Writing at 0x000b9dd8 ━━━━━━━━━━━━━━━━━━━━            67.0% 384.00kB/573.29kB [9s] 
Writing at 0x000c0570 ━━━━━━━━━━━━━━━━━━━━╸           69.8% 400.00kB/573.29kB [9s] 
Writing at 0x000c724e ━━━━━━━━━━━━━━━━━━━━━╸          72.6% 416.00kB/573.29kB [10s] 
Writing at 0x000cd20d ━━━━━━━━━━━━━━━━━━━━━━╸         75.4% 432.00kB/573.29kB [10s] 
Writing at 0x000d2f07 ━━━━━━━━━━━━━━━━━━━━━━━         78.1% 448.00kB/573.29kB [10s] 
Writing at 0x000d8f32 ━━━━━━━━━━━━━━━━━━━━━━━━        80.9% 464.00kB/573.29kB [11s] 
Writing at 0x000df418 ━━━━━━━━━━━━━━━━━━━━━━━━━       83.7% 480.00kB/573.29kB [11s] 
Writing at 0x000e5b0e ━━━━━━━━━━━━━━━━━━━━━━━━━╸      86.5% 496.00kB/573.29kB [12s] 
Writing at 0x000eb9a2 ━━━━━━━━━━━━━━━━━━━━━━━━━━╸     89.3% 512.00kB/573.29kB [12s] 
Writing at 0x000f1ad0 ━━━━━━━━━━━━━━━━━━━━━━━━━━━╸    92.1% 528.00kB/573.29kB [12s] 
Writing at 0x000f7b80 ━━━━━━━━━━━━━━━━━━━━━━━━━━━━    94.9% 544.00kB/573.29kB [13s] 
Writing at 0x000fdac6 ━━━━━━━━━━━━━━━━━━━━━━━━━━━━━   97.7% 560.00kB/573.29kB [13s] 
Writing at 0x00102e38 ━━━━━━━━━━━━━━━━━━━━━━━━━━━━━━ 100.0% 573.29kB/573.29kB [14s] 
Wrote 1052216 bytes (587047 compressed) at 0x00002000 in 14.1 seconds (597.6 kbit/s).
Verifying written data...
Hash of data verified.

Writing '/home/regex/work/esp32s31-openvela/openvela-dev/out/esp32s31-cmake-demo/appfs.img' at 0x00200000...
Flash will be erased from 0x00200000 to 0x003a0fff...
Compressed 1704960 bytes to 992070...
Writing at 0x002073f6                                  1.7% 16.00kB/968.82kB [0s] 
Writing at 0x0020c88e ╸                                3.3% 32.00kB/968.82kB [0s] 
Writing at 0x00214609 ━                                5.0% 48.00kB/968.82kB [1s] 
Writing at 0x0021bc11 ━╸                               6.6% 64.00kB/968.82kB [1s] 
Writing at 0x0022388b ━━                               8.3% 80.00kB/968.82kB [1s] 
Writing at 0x002297ee ━━╸                              9.9% 96.00kB/968.82kB [2s] 
Writing at 0x00231728 ━━━                             11.6% 112.00kB/968.82kB [2s] 
Writing at 0x00237f15 ━━━╸                            13.2% 128.00kB/968.82kB [3s] 
Writing at 0x0023f774 ━━━━                            14.9% 144.00kB/968.82kB [3s] 
Writing at 0x00247480 ━━━━╸                           16.5% 160.00kB/968.82kB [3s] 
Writing at 0x0024df4e ━━━━━                           18.2% 176.00kB/968.82kB [4s] 
Writing at 0x00254772 ━━━━━╸                          19.8% 192.00kB/968.82kB [4s] 
Writing at 0x0025b020 ━━━━━━                          21.5% 208.00kB/968.82kB [4s] 
Writing at 0x002633ef ━━━━━━╸                         23.1% 224.00kB/968.82kB [5s] 
Writing at 0x0026a96b ━━━━━━━                         24.8% 240.00kB/968.82kB [5s] 
Writing at 0x00270e17 ━━━━━━━╸                        26.4% 256.00kB/968.82kB [6s] 
Writing at 0x00276f28 ━━━━━━━━                        28.1% 272.00kB/968.82kB [6s] 
Writing at 0x0027cd96 ━━━━━━━━╸                       29.7% 288.00kB/968.82kB [6s] 
Writing at 0x002827ef ━━━━━━━━━                       31.4% 304.00kB/968.82kB [7s] 
Writing at 0x00289b9d ━━━━━━━━━╸                      33.0% 320.00kB/968.82kB [7s] 
Writing at 0x00290de1 ━━━━━━━━━━                      34.7% 336.00kB/968.82kB [8s] 
Writing at 0x002972f8 ━━━━━━━━━━╸                     36.3% 352.00kB/968.82kB [8s] 
Writing at 0x0029fe13 ━━━━━━━━━━━                     38.0% 368.00kB/968.82kB [8s] 
Writing at 0x002a6d7a ━━━━━━━━━━━╸                    39.6% 384.00kB/968.82kB [9s] 
Writing at 0x002acd9b ━━━━━━━━━━━━                    41.3% 400.00kB/968.82kB [9s] 
Writing at 0x002b55c3 ━━━━━━━━━━━━╸                   42.9% 416.00kB/968.82kB [9s] 
Writing at 0x002bcf41 ━━━━━━━━━━━━━                   44.6% 432.00kB/968.82kB [10s] 
Writing at 0x002c3c67 ━━━━━━━━━━━━━╸                  46.2% 448.00kB/968.82kB [10s] 
Writing at 0x002c9c19 ━━━━━━━━━━━━━━                  47.9% 464.00kB/968.82kB [11s] 
Writing at 0x002d0168 ━━━━━━━━━━━━━━╸                 49.5% 480.00kB/968.82kB [11s] 
Writing at 0x002d5f37 ━━━━━━━━━━━━━━━                 51.2% 496.00kB/968.82kB [11s] 
Writing at 0x002dd56f ━━━━━━━━━━━━━━━╸                52.8% 512.00kB/968.82kB [12s] 
Writing at 0x002e6642 ━━━━━━━━━━━━━━━━                54.5% 528.00kB/968.82kB [12s] 
Writing at 0x002ec85a ━━━━━━━━━━━━━━━━╸               56.2% 544.00kB/968.82kB [13s] 
Writing at 0x002f32b8 ━━━━━━━━━━━━━━━━━               57.8% 560.00kB/968.82kB [13s] 
Writing at 0x002fb238 ━━━━━━━━━━━━━━━━━╸              59.5% 576.00kB/968.82kB [13s] 
Writing at 0x003018ce ━━━━━━━━━━━━━━━━━━              61.1% 592.00kB/968.82kB [14s] 
Writing at 0x00307980 ━━━━━━━━━━━━━━━━━━╸             62.8% 608.00kB/968.82kB [14s] 
Writing at 0x0030cea4 ━━━━━━━━━━━━━━━━━━━             64.4% 624.00kB/968.82kB [14s] 
Writing at 0x003155dd ━━━━━━━━━━━━━━━━━━━╸            66.1% 640.00kB/968.82kB [15s] 
Writing at 0x0031d436 ━━━━━━━━━━━━━━━━━━━━            67.7% 656.00kB/968.82kB [15s] 
Writing at 0x003234d2 ━━━━━━━━━━━━━━━━━━━━╸           69.4% 672.00kB/968.82kB [16s] 
Writing at 0x0032b212 ━━━━━━━━━━━━━━━━━━━━━           71.0% 688.00kB/968.82kB [16s] 
Writing at 0x0033178a ━━━━━━━━━━━━━━━━━━━━━╸          72.7% 704.00kB/968.82kB [16s] 
Writing at 0x00338554 ━━━━━━━━━━━━━━━━━━━━━━          74.3% 720.00kB/968.82kB [17s] 
Writing at 0x0033fe50 ━━━━━━━━━━━━━━━━━━━━━━╸         76.0% 736.00kB/968.82kB [17s] 
Writing at 0x00346ac4 ━━━━━━━━━━━━━━━━━━━━━━━         77.6% 752.00kB/968.82kB [18s] 
Writing at 0x0034c8f6 ━━━━━━━━━━━━━━━━━━━━━━━╸        79.3% 768.00kB/968.82kB [18s] 
Writing at 0x00352960 ━━━━━━━━━━━━━━━━━━━━━━━━        80.9% 784.00kB/968.82kB [18s] 
Writing at 0x0035857b ━━━━━━━━━━━━━━━━━━━━━━━━╸       82.6% 800.00kB/968.82kB [19s] 
Writing at 0x0035eba7 ━━━━━━━━━━━━━━━━━━━━━━━━━       84.2% 816.00kB/968.82kB [19s] 
Writing at 0x003677cc ━━━━━━━━━━━━━━━━━━━━━━━━━╸      85.9% 832.00kB/968.82kB [19s] 
Writing at 0x0036dfe8 ━━━━━━━━━━━━━━━━━━━━━━━━━━      87.5% 848.00kB/968.82kB [20s] 
Writing at 0x00373dc0 ━━━━━━━━━━━━━━━━━━━━━━━━━━╸     89.2% 864.00kB/968.82kB [20s] 
Writing at 0x003794d4 ━━━━━━━━━━━━━━━━━━━━━━━━━━━     90.8% 880.00kB/968.82kB [21s] 
Writing at 0x00381535 ━━━━━━━━━━━━━━━━━━━━━━━━━━━╸    92.5% 896.00kB/968.82kB [21s] 
Writing at 0x00387d6a ━━━━━━━━━━━━━━━━━━━━━━━━━━━━    94.1% 912.00kB/968.82kB [21s] 
Writing at 0x0038d698 ━━━━━━━━━━━━━━━━━━━━━━━━━━━━╸   95.8% 928.00kB/968.82kB [22s] 
Writing at 0x0039378b ━━━━━━━━━━━━━━━━━━━━━━━━━━━━━   97.4% 944.00kB/968.82kB [22s] 
Writing at 0x0039b8b0 ━━━━━━━━━━━━━━━━━━━━━━━━━━━━━╸  99.1% 960.00kB/968.82kB [23s] 
Writing at 0x003a0400 ━━━━━━━━━━━━━━━━━━━━━━━━━━━━━━ 100.0% 968.82kB/968.82kB [23s] 
Wrote 1704960 bytes (992070 compressed) at 0x00200000 in 22.2 seconds (614.2 kbit/s).
Verifying written data...
Hash of data verified.

Hard resetting via RTS pin...
