before-a.bin: OK
before-b.bin: OK
WIFI_ARTIFACT_CONFIG=PASS booleans=1771 protocol=7
+ /home/regex/.espressif/python_env/idf6.1_py3.10_env/bin/esptool --chip esp32s31 --port /dev/serial/by-id/usb-Silicon_Labs_CP2102N_USB_to_UART_Bridge_Controller_f65e4ef67f71f011975a049f1045c30f-if00-port0 --baud 460800 write-flash --flash-size 16MB --flash-mode dio --flash-freq 80m 0x2000 /home/regex/work/esp32s31-openvela/openvela-dev/out/esp32s31-network1493/nuttx.bin 0x200000 /home/regex/work/esp32s31-openvela/openvela-dev/out/esp32s31-network1493/appfs.img
esptool v5.4.0
Serial port /dev/serial/by-id/usb-Silicon_Labs_CP2102N_USB_to_UART_Bridge_Controller_f65e4ef67f71f011975a049f1045c30f-if00-port0:
Connecting....
Connected to ESP32-S31 on /dev/serial/by-id/usb-Silicon_Labs_CP2102N_USB_to_UART_Bridge_Controller_f65e4ef67f71f011975a049f1045c30f-if00-port0:
Chip type:          ESP32-S31 (revision v0.0)
Features:           Wi-Fi 6, BT 5.4 (LE), IEEE802.15.4, Dual Core + LP Core, 300MHz
Crystal frequency:  40MHz
MAC:                30:ed:a0:f3:f7:b0

Uploading stub flasher...
Running stub flasher...
Stub flasher running.
Changing baud rate to 460800...
Changed.

Configuring flash size...

Writing '/home/regex/work/esp32s31-openvela/openvela-dev/out/esp32s31-network1493/nuttx.bin' at 0x00002000...
SHA digest in image updated.
Flash will be erased from 0x00002000 to 0x00125fff...
Compressed 1195124 bytes to 663999...
Writing at 0x00007d28 ╸                                2.5% 16.00kB/648.44kB [0s] 
Writing at 0x0000dee2 ━                                4.9% 32.00kB/648.44kB [0s] 
Writing at 0x000158d8 ━━                               7.4% 48.00kB/648.44kB [1s] 
Writing at 0x0002a727 ━━╸                              9.9% 64.00kB/648.44kB [1s] 
Writing at 0x00030eab ━━━╸                            12.3% 80.00kB/648.44kB [2s] 
Writing at 0x00035515 ━━━━                            14.8% 96.00kB/648.44kB [2s] 
Writing at 0x0003f554 ━━━━━                           17.3% 112.00kB/648.44kB [3s] 
Writing at 0x0005470c ━━━━━╸                          19.7% 128.00kB/648.44kB [3s] 
Writing at 0x0005ada4 ━━━━━━╸                         22.2% 144.00kB/648.44kB [4s] 
Writing at 0x000618cd ━━━━━━━                         24.7% 160.00kB/648.44kB [4s] 
Writing at 0x000693e6 ━━━━━━━━                        27.1% 176.00kB/648.44kB [4s] 
Writing at 0x000722c3 ━━━━━━━━╸                       29.6% 192.00kB/648.44kB [5s] 
Writing at 0x00078ed9 ━━━━━━━━━╸                      32.1% 208.00kB/648.44kB [5s] 
Writing at 0x000807ca ━━━━━━━━━━                      34.5% 224.00kB/648.44kB [6s] 
Writing at 0x00087376 ━━━━━━━━━━━                     37.0% 240.00kB/648.44kB [6s] 
Writing at 0x0008d7af ━━━━━━━━━━━╸                    39.5% 256.00kB/648.44kB [6s] 
Writing at 0x000936c6 ━━━━━━━━━━━━╸                   41.9% 272.00kB/648.44kB [7s] 
Writing at 0x000991ec ━━━━━━━━━━━━━                   44.4% 288.00kB/648.44kB [7s] 
Writing at 0x0009e875 ━━━━━━━━━━━━━━                  46.9% 304.00kB/648.44kB [8s] 
Writing at 0x000a4500 ━━━━━━━━━━━━━━╸                 49.3% 320.00kB/648.44kB [8s] 
Writing at 0x000aa15a ━━━━━━━━━━━━━━━╸                51.8% 336.00kB/648.44kB [8s] 
Writing at 0x000b0eca ━━━━━━━━━━━━━━━━                54.3% 352.00kB/648.44kB [9s] 
Writing at 0x000b815e ━━━━━━━━━━━━━━━━━               56.8% 368.00kB/648.44kB [9s] 
Writing at 0x000c112e ━━━━━━━━━━━━━━━━━╸              59.2% 384.00kB/648.44kB [10s] 
Writing at 0x000c6687 ━━━━━━━━━━━━━━━━━━╸             61.7% 400.00kB/648.44kB [10s] 
Writing at 0x000cc54b ━━━━━━━━━━━━━━━━━━━             64.2% 416.00kB/648.44kB [11s] 
Writing at 0x000d353a ━━━━━━━━━━━━━━━━━━━╸            66.6% 432.00kB/648.44kB [11s] 
Writing at 0x000d9c08 ━━━━━━━━━━━━━━━━━━━━╸           69.1% 448.00kB/648.44kB [11s] 
Writing at 0x000df80c ━━━━━━━━━━━━━━━━━━━━━           71.6% 464.00kB/648.44kB [12s] 
Writing at 0x000e53da ━━━━━━━━━━━━━━━━━━━━━━          74.0% 480.00kB/648.44kB [12s] 
Writing at 0x000eb8c8 ━━━━━━━━━━━━━━━━━━━━━━╸         76.5% 496.00kB/648.44kB [13s] 
Writing at 0x000f2195 ━━━━━━━━━━━━━━━━━━━━━━━╸        79.0% 512.00kB/648.44kB [13s] 
Writing at 0x000f8210 ━━━━━━━━━━━━━━━━━━━━━━━━        81.4% 528.00kB/648.44kB [13s] 
Writing at 0x000fe207 ━━━━━━━━━━━━━━━━━━━━━━━━━       83.9% 544.00kB/648.44kB [14s] 
Writing at 0x001040fd ━━━━━━━━━━━━━━━━━━━━━━━━━╸      86.4% 560.00kB/648.44kB [14s] 
Writing at 0x00109ed4 ━━━━━━━━━━━━━━━━━━━━━━━━━━╸     88.8% 576.00kB/648.44kB [15s] 
Writing at 0x0011031d ━━━━━━━━━━━━━━━━━━━━━━━━━━━     91.3% 592.00kB/648.44kB [15s] 
Writing at 0x00116d34 ━━━━━━━━━━━━━━━━━━━━━━━━━━━━    93.8% 608.00kB/648.44kB [15s] 
Writing at 0x0011cbe6 ━━━━━━━━━━━━━━━━━━━━━━━━━━━━╸   96.2% 624.00kB/648.44kB [16s] 
Writing at 0x001228b1 ━━━━━━━━━━━━━━━━━━━━━━━━━━━━━╸  98.7% 640.00kB/648.44kB [16s] 
Writing at 0x00125c74 ━━━━━━━━━━━━━━━━━━━━━━━━━━━━━━ 100.0% 648.44kB/648.44kB [17s] 
Wrote 1195124 bytes (663999 compressed) at 0x00002000 in 17.1 seconds (560.7 kbit/s).
Verifying written data...
Hash of data verified.

Writing '/home/regex/work/esp32s31-openvela/openvela-dev/out/esp32s31-network1493/appfs.img' at 0x00200000...
Flash will be erased from 0x00200000 to 0x0043dfff...
Compressed 2348032 bytes to 1382495...
Writing at 0x002073f0                                  1.2% 16.00kB/1.32MB [0s] 
Writing at 0x0020cc38 ╸                                2.4% 32.00kB/1.32MB [0s] 
Writing at 0x00213d86 ━                                3.6% 48.00kB/1.32MB [1s] 
Writing at 0x0021d779 ━                                4.7% 64.00kB/1.32MB [1s] 
Writing at 0x0022353e ━╸                               5.9% 80.00kB/1.32MB [2s] 
Writing at 0x0022940e ━━                               7.1% 96.00kB/1.32MB [2s] 
Writing at 0x0022efcc ━━                               8.3% 112.00kB/1.32MB [2s] 
Writing at 0x00234d83 ━━╸                              9.5% 128.00kB/1.32MB [3s] 
Writing at 0x0023aefb ━━━                             10.7% 144.00kB/1.32MB [3s] 
Writing at 0x002417eb ━━━╸                            11.9% 160.00kB/1.32MB [4s] 
Writing at 0x00247236 ━━━╸                            13.0% 176.00kB/1.32MB [4s] 
Writing at 0x0024c555 ━━━━                            14.2% 192.00kB/1.32MB [4s] 
Writing at 0x002522e4 ━━━━╸                           15.4% 208.00kB/1.32MB [5s] 
Writing at 0x002588b6 ━━━━╸                           16.6% 224.00kB/1.32MB [5s] 
Writing at 0x0025e467 ━━━━━                           17.8% 240.00kB/1.32MB [6s] 
Writing at 0x002643fe ━━━━━╸                          19.0% 256.00kB/1.32MB [6s] 
Writing at 0x0026a3bc ━━━━━━                          20.1% 272.00kB/1.32MB [6s] 
Writing at 0x002701c7 ━━━━━━                          21.3% 288.00kB/1.32MB [7s] 
Writing at 0x00275d07 ━━━━━━╸                         22.5% 304.00kB/1.32MB [7s] 
Writing at 0x0027d372 ━━━━━━━                         23.7% 320.00kB/1.32MB [8s] 
Writing at 0x00289144 ━━━━━━━                         24.9% 336.00kB/1.32MB [8s] 
Writing at 0x00293ba4 ━━━━━━━╸                        26.1% 352.00kB/1.32MB [9s] 
Writing at 0x002a18e5 ━━━━━━━━                        27.3% 368.00kB/1.32MB [9s] 
Writing at 0x002ab43e ━━━━━━━━╸                       28.4% 384.00kB/1.32MB [9s] 
Writing at 0x002b45d3 ━━━━━━━━╸                       29.6% 400.00kB/1.32MB [10s] 
Writing at 0x002bdc58 ━━━━━━━━━                       30.8% 416.00kB/1.32MB [10s] 
Writing at 0x002c4626 ━━━━━━━━━╸                      32.0% 432.00kB/1.32MB [11s] 
Writing at 0x002c9a95 ━━━━━━━━━╸                      33.2% 448.00kB/1.32MB [11s] 
Writing at 0x002cf513 ━━━━━━━━━━                      34.4% 464.00kB/1.32MB [11s] 
Writing at 0x002d4e23 ━━━━━━━━━━╸                     35.6% 480.00kB/1.32MB [12s] 
Writing at 0x002da78c ━━━━━━━━━━━                     36.7% 496.00kB/1.32MB [12s] 
Writing at 0x002e0474 ━━━━━━━━━━━                     37.9% 512.00kB/1.32MB [13s] 
Writing at 0x002e5bf7 ━━━━━━━━━━━╸                    39.1% 528.00kB/1.32MB [13s] 
Writing at 0x002eb7af ━━━━━━━━━━━━                    40.3% 544.00kB/1.32MB [13s] 
Writing at 0x002f1336 ━━━━━━━━━━━━                    41.5% 560.00kB/1.32MB [14s] 
Writing at 0x002f6d91 ━━━━━━━━━━━━╸                   42.7% 576.00kB/1.32MB [14s] 
Writing at 0x002fc597 ━━━━━━━━━━━━━                   43.8% 592.00kB/1.32MB [15s] 
Writing at 0x0030211c ━━━━━━━━━━━━━╸                  45.0% 608.00kB/1.32MB [15s] 
Writing at 0x003077da ━━━━━━━━━━━━━╸                  46.2% 624.00kB/1.32MB [15s] 
Writing at 0x0030d442 ━━━━━━━━━━━━━━                  47.4% 640.00kB/1.32MB [16s] 
Writing at 0x0031360e ━━━━━━━━━━━━━━╸                 48.6% 656.00kB/1.32MB [16s] 
Writing at 0x003195eb ━━━━━━━━━━━━━━╸                 49.8% 672.00kB/1.32MB [17s] 
Writing at 0x0031f640 ━━━━━━━━━━━━━━━                 51.0% 688.00kB/1.32MB [17s] 
Writing at 0x00324a66 ━━━━━━━━━━━━━━━╸                52.1% 704.00kB/1.32MB [17s] 
Writing at 0x0032a1ec ━━━━━━━━━━━━━━━╸                53.3% 720.00kB/1.32MB [18s] 
Writing at 0x0032fbff ━━━━━━━━━━━━━━━━                54.5% 736.00kB/1.32MB [18s] 
Writing at 0x0033587d ━━━━━━━━━━━━━━━━╸               55.7% 752.00kB/1.32MB [19s] 
Writing at 0x0033b6b0 ━━━━━━━━━━━━━━━━━               56.9% 768.00kB/1.32MB [19s] 
Writing at 0x00340eec ━━━━━━━━━━━━━━━━━               58.1% 784.00kB/1.32MB [19s] 
Writing at 0x003484f7 ━━━━━━━━━━━━━━━━━╸              59.3% 800.00kB/1.32MB [20s] 
Writing at 0x00353c30 ━━━━━━━━━━━━━━━━━━              60.4% 816.00kB/1.32MB [20s] 
Writing at 0x0035f27a ━━━━━━━━━━━━━━━━━━              61.6% 832.00kB/1.32MB [21s] 
Writing at 0x00365397 ━━━━━━━━━━━━━━━━━━╸             62.8% 848.00kB/1.32MB [21s] 
Writing at 0x0036ccc6 ━━━━━━━━━━━━━━━━━━━             64.0% 864.00kB/1.32MB [22s] 
Writing at 0x00373725 ━━━━━━━━━━━━━━━━━━━╸            65.2% 880.00kB/1.32MB [22s] 
Writing at 0x00379642 ━━━━━━━━━━━━━━━━━━━╸            66.4% 896.00kB/1.32MB [22s] 
Writing at 0x0037fb32 ━━━━━━━━━━━━━━━━━━━━            67.6% 912.00kB/1.32MB [23s] 
Writing at 0x003862ff ━━━━━━━━━━━━━━━━━━━━╸           68.7% 928.00kB/1.32MB [23s] 
Writing at 0x0038bff0 ━━━━━━━━━━━━━━━━━━━━╸           69.9% 944.00kB/1.32MB [24s] 
Writing at 0x003911a8 ━━━━━━━━━━━━━━━━━━━━━           71.1% 960.00kB/1.32MB [24s] 
Writing at 0x0039b3de ━━━━━━━━━━━━━━━━━━━━━╸          72.3% 976.00kB/1.32MB [24s] 
Writing at 0x003a3db2 ━━━━━━━━━━━━━━━━━━━━━━          73.5% 992.00kB/1.32MB [25s] 
Writing at 0x003ad96c ━━━━━━━━━━━━━━━━━━━━━━          74.7% 1008.00kB/1.32MB [25s] 
Writing at 0x003b3814 ━━━━━━━━━━━━━━━━━━━━━━╸         75.8% 1.00MB/1.32MB [26s] 
Writing at 0x003b984d ━━━━━━━━━━━━━━━━━━━━━━━         77.0% 1.02MB/1.32MB [26s] 
Writing at 0x003bee43 ━━━━━━━━━━━━━━━━━━━━━━━         78.2% 1.03MB/1.32MB [26s] 
Writing at 0x003c5802 ━━━━━━━━━━━━━━━━━━━━━━━╸        79.4% 1.05MB/1.32MB [27s] 
Writing at 0x003cd318 ━━━━━━━━━━━━━━━━━━━━━━━━        80.6% 1.06MB/1.32MB [27s] 
Writing at 0x003d33e3 ━━━━━━━━━━━━━━━━━━━━━━━━╸       81.8% 1.08MB/1.32MB [28s] 
Writing at 0x003dba58 ━━━━━━━━━━━━━━━━━━━━━━━━╸       83.0% 1.09MB/1.32MB [28s] 
Writing at 0x003e25c7 ━━━━━━━━━━━━━━━━━━━━━━━━━       84.1% 1.11MB/1.32MB [28s] 
Writing at 0x003e82fb ━━━━━━━━━━━━━━━━━━━━━━━━━╸      85.3% 1.12MB/1.32MB [29s] 
Writing at 0x003eedb9 ━━━━━━━━━━━━━━━━━━━━━━━━━╸      86.5% 1.14MB/1.32MB [29s] 
Writing at 0x003f638d ━━━━━━━━━━━━━━━━━━━━━━━━━━      87.7% 1.16MB/1.32MB [30s] 
Writing at 0x003fd8cc ━━━━━━━━━━━━━━━━━━━━━━━━━━╸     88.9% 1.17MB/1.32MB [30s] 
Writing at 0x00405690 ━━━━━━━━━━━━━━━━━━━━━━━━━━━     90.1% 1.19MB/1.32MB [31s] 
Writing at 0x0040b814 ━━━━━━━━━━━━━━━━━━━━━━━━━━━     91.3% 1.20MB/1.32MB [31s] 
Writing at 0x00413159 ━━━━━━━━━━━━━━━━━━━━━━━━━━━╸    92.4% 1.22MB/1.32MB [31s] 
Writing at 0x0041b549 ━━━━━━━━━━━━━━━━━━━━━━━━━━━━    93.6% 1.23MB/1.32MB [32s] 
Writing at 0x00421a7b ━━━━━━━━━━━━━━━━━━━━━━━━━━━━    94.8% 1.25MB/1.32MB [32s] 
Writing at 0x004278ac ━━━━━━━━━━━━━━━━━━━━━━━━━━━━╸   96.0% 1.27MB/1.32MB [33s] 
Writing at 0x0042d7c2 ━━━━━━━━━━━━━━━━━━━━━━━━━━━━━   97.2% 1.28MB/1.32MB [33s] 
Writing at 0x00432f33 ━━━━━━━━━━━━━━━━━━━━━━━━━━━━━╸  98.4% 1.30MB/1.32MB [33s] 
Writing at 0x00439558 ━━━━━━━━━━━━━━━━━━━━━━━━━━━━━╸  99.5% 1.31MB/1.32MB [34s] 
Writing at 0x0043d400 ━━━━━━━━━━━━━━━━━━━━━━━━━━━━━━ 100.0% 1.32MB/1.32MB [34s] 
Wrote 2348032 bytes (1382495 compressed) at 0x00200000 in 31.5 seconds (596.7 kbit/s).
Verifying written data...
Hash of data verified.

Hard resetting via RTS pin...
