before-a.bin: OK
before-b.bin: OK
progress458-470.tar.gz: OK
WIFI_ARTIFACT_CONFIG=PASS booleans=1682 protocol=71
+ /home/regex/.espressif/python_env/idf6.1_py3.10_env/bin/esptool --chip esp32s31 --port /dev/serial/by-id/usb-Silicon_Labs_CP2102N_USB_to_UART_Bridge_Controller_f65e4ef67f71f011975a049f1045c30f-if00-port0 --baud 460800 write-flash --flash-size 16MB --flash-mode dio --flash-freq 80m 0x2000 /home/regex/work/esp32s31-openvela/openvela-dev/out/esp32s31-cmake-demo/nuttx.bin 0x200000 /home/regex/work/esp32s31-openvela/openvela-dev/out/esp32s31-cmake-demo/appfs.img
esptool v5.4.0
Serial port /dev/serial/by-id/usb-Silicon_Labs_CP2102N_USB_to_UART_Bridge_Controller_f65e4ef67f71f011975a049f1045c30f-if00-port0:
Connecting....
Connected to ESP32-S31 on /dev/serial/by-id/usb-Silicon_Labs_CP2102N_USB_to_UART_Bridge_Controller_f65e4ef67f71f011975a049f1045c30f-if00-port0:
Chip type:          ESP32-S31 (revision v0.0)
Features:           Wi-Fi 6, BT 5.4 (LE), IEEE802.15.4, Dual Core + LP Core, 300MHz
Crystal frequency:  40MHz
MAC:                30:ed:a0:f3:f7:b0

Uploading stub flasher...
Running stub flasher...
Stub flasher running.
Changing baud rate to 460800...
Changed.

Configuring flash size...

Writing '/home/regex/work/esp32s31-openvela/openvela-dev/out/esp32s31-cmake-demo/nuttx.bin' at 0x00002000...
SHA digest in image updated.
Flash will be erased from 0x00002000 to 0x000f7fff...
Compressed 1004348 bytes to 559699...
Writing at 0x00007da6 ╸                                2.9% 16.00kB/546.58kB [0s] 
Writing at 0x0000df11 ━╸                               5.9% 32.00kB/546.58kB [0s] 
Writing at 0x00015cee ━━╸                              8.8% 48.00kB/546.58kB [1s] 
Writing at 0x0002a0f8 ━━━╸                            11.7% 64.00kB/546.58kB [1s] 
Writing at 0x0003163d ━━━━                            14.6% 80.00kB/546.58kB [2s] 
Writing at 0x000422d6 ━━━━━                           17.6% 96.00kB/546.58kB [2s] 
Writing at 0x000483b4 ━━━━━━                          20.5% 112.00kB/546.58kB [3s] 
Writing at 0x0004e78c ━━━━━━━                         23.4% 128.00kB/546.58kB [3s] 
Writing at 0x00055c03 ━━━━━━━╸                        26.3% 144.00kB/546.58kB [3s] 
Writing at 0x0005f04e ━━━━━━━━╸                       29.3% 160.00kB/546.58kB [4s] 
Writing at 0x00065df7 ━━━━━━━━━╸                      32.2% 176.00kB/546.58kB [4s] 
Writing at 0x0006d822 ━━━━━━━━━━╸                     35.1% 192.00kB/546.58kB [5s] 
Writing at 0x00073e58 ━━━━━━━━━━━                     38.1% 208.00kB/546.58kB [5s] 
Writing at 0x00079fe7 ━━━━━━━━━━━━                    41.0% 224.00kB/546.58kB [5s] 
Writing at 0x0007ff6a ━━━━━━━━━━━━━                   43.9% 240.00kB/546.58kB [6s] 
Writing at 0x0008562d ━━━━━━━━━━━━━━                  46.8% 256.00kB/546.58kB [6s] 
Writing at 0x0008b000 ━━━━━━━━━━━━━━╸                 49.8% 272.00kB/546.58kB [7s] 
Writing at 0x0009098c ━━━━━━━━━━━━━━━╸                52.7% 288.00kB/546.58kB [7s] 
Writing at 0x00096645 ━━━━━━━━━━━━━━━━╸               55.6% 304.00kB/546.58kB [7s] 
Writing at 0x0009daf8 ━━━━━━━━━━━━━━━━━╸              58.5% 320.00kB/546.58kB [8s] 
Writing at 0x000a5e8a ━━━━━━━━━━━━━━━━━━              61.5% 336.00kB/546.58kB [8s] 
Writing at 0x000ac375 ━━━━━━━━━━━━━━━━━━━             64.4% 352.00kB/546.58kB [9s] 
Writing at 0x000b27c0 ━━━━━━━━━━━━━━━━━━━━            67.3% 368.00kB/546.58kB [9s] 
Writing at 0x000b953c ━━━━━━━━━━━━━━━━━━━━━           70.3% 384.00kB/546.58kB [9s] 
Writing at 0x000bf9e4 ━━━━━━━━━━━━━━━━━━━━━╸          73.2% 400.00kB/546.58kB [10s] 
Writing at 0x000c5580 ━━━━━━━━━━━━━━━━━━━━━━╸         76.1% 416.00kB/546.58kB [10s] 
Writing at 0x000cb105 ━━━━━━━━━━━━━━━━━━━━━━━╸        79.0% 432.00kB/546.58kB [11s] 
Writing at 0x000d17a6 ━━━━━━━━━━━━━━━━━━━━━━━━╸       82.0% 448.00kB/546.58kB [11s] 
Writing at 0x000d7ffa ━━━━━━━━━━━━━━━━━━━━━━━━━       84.9% 464.00kB/546.58kB [11s] 
Writing at 0x000ddf10 ━━━━━━━━━━━━━━━━━━━━━━━━━━      87.8% 480.00kB/546.58kB [12s] 
Writing at 0x000e4004 ━━━━━━━━━━━━━━━━━━━━━━━━━━━     90.7% 496.00kB/546.58kB [12s] 
Writing at 0x000e9fda ━━━━━━━━━━━━━━━━━━━━━━━━━━━━    93.7% 512.00kB/546.58kB [12s] 
Writing at 0x000efca8 ━━━━━━━━━━━━━━━━━━━━━━━━━━━━╸   96.6% 528.00kB/546.58kB [13s] 
Writing at 0x000f63ca ━━━━━━━━━━━━━━━━━━━━━━━━━━━━━╸  99.5% 544.00kB/546.58kB [13s] 
Writing at 0x000f733c ━━━━━━━━━━━━━━━━━━━━━━━━━━━━━━ 100.0% 546.58kB/546.58kB [13s] 
Wrote 1004348 bytes (559699 compressed) at 0x00002000 in 12.0 seconds (668.1 kbit/s).
Verifying written data...
Hash of data verified.

Writing '/home/regex/work/esp32s31-openvela/openvela-dev/out/esp32s31-cmake-demo/appfs.img' at 0x00200000...
Flash will be erased from 0x00200000 to 0x002abfff...
Compressed 703488 bytes to 381812...
Writing at 0x002073d8 ━                                4.3% 16.00kB/372.86kB [0s] 
Writing at 0x0020ce3e ━━╸                              8.6% 32.00kB/372.86kB [0s] 
Writing at 0x0021535c ━━━╸                            12.9% 48.00kB/372.86kB [1s] 
Writing at 0x0021edde ━━━━━                           17.2% 64.00kB/372.86kB [1s] 
Writing at 0x0022d179 ━━━━━━                          21.5% 80.00kB/372.86kB [1s] 
Writing at 0x002330a5 ━━━━━━━╸                        25.7% 96.00kB/372.86kB [2s] 
Writing at 0x00239116 ━━━━━━━━━                       30.0% 112.00kB/372.86kB [2s] 
Writing at 0x0023e898 ━━━━━━━━━━                      34.3% 128.00kB/372.86kB [3s] 
Writing at 0x002483fd ━━━━━━━━━━━╸                    38.6% 144.00kB/372.86kB [3s] 
Writing at 0x0024ef7d ━━━━━━━━━━━━╸                   42.9% 160.00kB/372.86kB [3s] 
Writing at 0x00254b3c ━━━━━━━━━━━━━━                  47.2% 176.00kB/372.86kB [4s] 
Writing at 0x0025d72e ━━━━━━━━━━━━━━━                 51.5% 192.00kB/372.86kB [4s] 
Writing at 0x00263248 ━━━━━━━━━━━━━━━━╸               55.8% 208.00kB/372.86kB [5s] 
Writing at 0x0026a68a ━━━━━━━━━━━━━━━━━━              60.1% 224.00kB/372.86kB [5s] 
Writing at 0x002721b9 ━━━━━━━━━━━━━━━━━━━             64.4% 240.00kB/372.86kB [5s] 
Writing at 0x0027a285 ━━━━━━━━━━━━━━━━━━━━╸           68.7% 256.00kB/372.86kB [6s] 
Writing at 0x0027f8f7 ━━━━━━━━━━━━━━━━━━━━━╸          72.9% 272.00kB/372.86kB [6s] 
Writing at 0x0028861d ━━━━━━━━━━━━━━━━━━━━━━━         77.2% 288.00kB/372.86kB [7s] 
Writing at 0x0028ef87 ━━━━━━━━━━━━━━━━━━━━━━━━        81.5% 304.00kB/372.86kB [7s] 
Writing at 0x00294e21 ━━━━━━━━━━━━━━━━━━━━━━━━━╸      85.8% 320.00kB/372.86kB [7s] 
Writing at 0x0029b04e ━━━━━━━━━━━━━━━━━━━━━━━━━━━     90.1% 336.00kB/372.86kB [8s] 
Writing at 0x002a0c6d ━━━━━━━━━━━━━━━━━━━━━━━━━━━━    94.4% 352.00kB/372.86kB [8s] 
Writing at 0x002a8100 ━━━━━━━━━━━━━━━━━━━━━━━━━━━━━╸  98.7% 368.00kB/372.86kB [9s] 
Writing at 0x002abc00 ━━━━━━━━━━━━━━━━━━━━━━━━━━━━━━ 100.0% 372.86kB/372.86kB [9s] 
Wrote 703488 bytes (381812 compressed) at 0x00200000 in 9.3 seconds (608.2 kbit/s).
Verifying written data...
Hash of data verified.

Hard resetting via RTS pin...
