before-a.bin: OK
before-b.bin: OK
WIFI_ARTIFACT_CONFIG=PASS booleans=1756 protocol=7
+ /home/regex/.espressif/python_env/idf6.1_py3.10_env/bin/esptool --chip esp32s31 --port /dev/serial/by-id/usb-Silicon_Labs_CP2102N_USB_to_UART_Bridge_Controller_f65e4ef67f71f011975a049f1045c30f-if00-port0 --baud 460800 write-flash --flash-size 16MB --flash-mode dio --flash-freq 80m 0x2000 /home/regex/work/esp32s31-openvela/openvela-dev/out/esp32s31-network1328/nuttx.bin 0x200000 /home/regex/work/esp32s31-openvela/openvela-dev/out/esp32s31-network1328/appfs.img
esptool v5.4.0
Serial port /dev/serial/by-id/usb-Silicon_Labs_CP2102N_USB_to_UART_Bridge_Controller_f65e4ef67f71f011975a049f1045c30f-if00-port0:
Connecting....
Connected to ESP32-S31 on /dev/serial/by-id/usb-Silicon_Labs_CP2102N_USB_to_UART_Bridge_Controller_f65e4ef67f71f011975a049f1045c30f-if00-port0:
Chip type:          ESP32-S31 (revision v0.0)
Features:           Wi-Fi 6, BT 5.4 (LE), IEEE802.15.4, Dual Core + LP Core, 300MHz
Crystal frequency:  40MHz
MAC:                30:ed:a0:f3:f7:b0

Uploading stub flasher...
Running stub flasher...
Stub flasher running.
Changing baud rate to 460800...
Changed.

Configuring flash size...

Writing '/home/regex/work/esp32s31-openvela/openvela-dev/out/esp32s31-network1328/nuttx.bin' at 0x00002000...
SHA digest in image updated.
Flash will be erased from 0x00002000 to 0x00120fff...
Compressed 1174716 bytes to 651061...
Writing at 0x00007d40 ╸                                2.5% 16.00kB/635.80kB [0s] 
Writing at 0x0000df03 ━╸                               5.0% 32.00kB/635.80kB [0s] 
Writing at 0x0001589a ━━                               7.5% 48.00kB/635.80kB [1s] 
Writing at 0x0002a1a8 ━━━                             10.1% 64.00kB/635.80kB [1s] 
Writing at 0x0003067b ━━━╸                            12.6% 80.00kB/635.80kB [2s] 
Writing at 0x00034de0 ━━━━╸                           15.1% 96.00kB/635.80kB [2s] 
Writing at 0x0003fc53 ━━━━━                           17.6% 112.00kB/635.80kB [2s] 
Writing at 0x00054fea ━━━━━━                          20.1% 128.00kB/635.80kB [3s] 
Writing at 0x0005b407 ━━━━━━╸                         22.6% 144.00kB/635.80kB [3s] 
Writing at 0x00061f7b ━━━━━━━╸                        25.2% 160.00kB/635.80kB [4s] 
Writing at 0x0006a5db ━━━━━━━━                        27.7% 176.00kB/635.80kB [4s] 
Writing at 0x00072804 ━━━━━━━━━                       30.2% 192.00kB/635.80kB [4s] 
Writing at 0x00079f95 ━━━━━━━━━╸                      32.7% 208.00kB/635.80kB [5s] 
Writing at 0x000810aa ━━━━━━━━━━╸                     35.2% 224.00kB/635.80kB [5s] 
Writing at 0x0008761b ━━━━━━━━━━━                     37.7% 240.00kB/635.80kB [6s] 
Writing at 0x0008d6c0 ━━━━━━━━━━━━                    40.3% 256.00kB/635.80kB [6s] 
Writing at 0x0009341c ━━━━━━━━━━━━╸                   42.8% 272.00kB/635.80kB [6s] 
Writing at 0x00098a54 ━━━━━━━━━━━━━╸                  45.3% 288.00kB/635.80kB [7s] 
Writing at 0x0009e461 ━━━━━━━━━━━━━━                  47.8% 304.00kB/635.80kB [7s] 
Writing at 0x000a3fe6 ━━━━━━━━━━━━━━━                 50.3% 320.00kB/635.80kB [8s] 
Writing at 0x000a9f34 ━━━━━━━━━━━━━━━╸                52.8% 336.00kB/635.80kB [8s] 
Writing at 0x000b1584 ━━━━━━━━━━━━━━━━╸               55.4% 352.00kB/635.80kB [8s] 
Writing at 0x000ba05e ━━━━━━━━━━━━━━━━━               57.9% 368.00kB/635.80kB [9s] 
Writing at 0x000c0857 ━━━━━━━━━━━━━━━━━━              60.4% 384.00kB/635.80kB [9s] 
Writing at 0x000c6532 ━━━━━━━━━━━━━━━━━━╸             62.9% 400.00kB/635.80kB [10s] 
Writing at 0x000ccb6a ━━━━━━━━━━━━━━━━━━━╸            65.4% 416.00kB/635.80kB [10s] 
Writing at 0x000d351d ━━━━━━━━━━━━━━━━━━━━            67.9% 432.00kB/635.80kB [10s] 
Writing at 0x000d94be ━━━━━━━━━━━━━━━━━━━━━           70.5% 448.00kB/635.80kB [11s] 
Writing at 0x000df0d1 ━━━━━━━━━━━━━━━━━━━━━╸          73.0% 464.00kB/635.80kB [11s] 
Writing at 0x000e5416 ━━━━━━━━━━━━━━━━━━━━━━╸         75.5% 480.00kB/635.80kB [11s] 
Writing at 0x000ebad3 ━━━━━━━━━━━━━━━━━━━━━━━         78.0% 496.00kB/635.80kB [12s] 
Writing at 0x000f1e7b ━━━━━━━━━━━━━━━━━━━━━━━━        80.5% 512.00kB/635.80kB [12s] 
Writing at 0x000f7d52 ━━━━━━━━━━━━━━━━━━━━━━━━╸       83.0% 528.00kB/635.80kB [13s] 
Writing at 0x000fde37 ━━━━━━━━━━━━━━━━━━━━━━━━━╸      85.6% 544.00kB/635.80kB [13s] 
Writing at 0x00103c52 ━━━━━━━━━━━━━━━━━━━━━━━━━━      88.1% 560.00kB/635.80kB [13s] 
Writing at 0x00109cc3 ━━━━━━━━━━━━━━━━━━━━━━━━━━━     90.6% 576.00kB/635.80kB [14s] 
Writing at 0x00110114 ━━━━━━━━━━━━━━━━━━━━━━━━━━━╸    93.1% 592.00kB/635.80kB [14s] 
Writing at 0x0011686b ━━━━━━━━━━━━━━━━━━━━━━━━━━━━╸   95.6% 608.00kB/635.80kB [15s] 
Writing at 0x0011c79e ━━━━━━━━━━━━━━━━━━━━━━━━━━━━━   98.1% 624.00kB/635.80kB [15s] 
Writing at 0x00120cbc ━━━━━━━━━━━━━━━━━━━━━━━━━━━━━━ 100.0% 635.80kB/635.80kB [15s] 
Wrote 1174716 bytes (651061 compressed) at 0x00002000 in 15.8 seconds (595.0 kbit/s).
Verifying written data...
Hash of data verified.

Writing '/home/regex/work/esp32s31-openvela/openvela-dev/out/esp32s31-network1328/appfs.img' at 0x00200000...
Flash will be erased from 0x00200000 to 0x0043dfff...
Compressed 2348032 bytes to 1381599...
Writing at 0x002073f0                                  1.2% 16.00kB/1.32MB [0s] 
Writing at 0x0020cc38 ╸                                2.4% 32.00kB/1.32MB [0s] 
Writing at 0x00213d88 ━                                3.6% 48.00kB/1.32MB [1s] 
Writing at 0x0021d77a ━                                4.7% 64.00kB/1.32MB [1s] 
Writing at 0x0022350b ━╸                               5.9% 80.00kB/1.32MB [1s] 
Writing at 0x00229430 ━━                               7.1% 96.00kB/1.32MB [2s] 
Writing at 0x0022efc4 ━━                               8.3% 112.00kB/1.32MB [2s] 
Writing at 0x00234d74 ━━╸                              9.5% 128.00kB/1.32MB [3s] 
Writing at 0x0023aeeb ━━━                             10.7% 144.00kB/1.32MB [3s] 
Writing at 0x00241794 ━━━╸                            11.9% 160.00kB/1.32MB [3s] 
Writing at 0x00247200 ━━━╸                            13.0% 176.00kB/1.32MB [4s] 
Writing at 0x0024c52c ━━━━                            14.2% 192.00kB/1.32MB [4s] 
Writing at 0x002522e0 ━━━━╸                           15.4% 208.00kB/1.32MB [5s] 
Writing at 0x00258767 ━━━━╸                           16.6% 224.00kB/1.32MB [5s] 
Writing at 0x0025e3a2 ━━━━━                           17.8% 240.00kB/1.32MB [5s] 
Writing at 0x002643a6 ━━━━━╸                          19.0% 256.00kB/1.32MB [6s] 
Writing at 0x0026a22d ━━━━━━                          20.2% 272.00kB/1.32MB [6s] 
Writing at 0x00270059 ━━━━━━                          21.3% 288.00kB/1.32MB [6s] 
Writing at 0x00275b5d ━━━━━━╸                         22.5% 304.00kB/1.32MB [7s] 
Writing at 0x0027d3fb ━━━━━━━                         23.7% 320.00kB/1.32MB [7s] 
Writing at 0x002892c8 ━━━━━━━                         24.9% 336.00kB/1.32MB [8s] 
Writing at 0x00293df0 ━━━━━━━╸                        26.1% 352.00kB/1.32MB [8s] 
Writing at 0x002a1c2d ━━━━━━━━                        27.3% 368.00kB/1.32MB [8s] 
Writing at 0x002ab3dc ━━━━━━━━╸                       28.5% 384.00kB/1.32MB [9s] 
Writing at 0x002b4812 ━━━━━━━━╸                       29.6% 400.00kB/1.32MB [9s] 
Writing at 0x002bde61 ━━━━━━━━━                       30.8% 416.00kB/1.32MB [10s] 
Writing at 0x002c4865 ━━━━━━━━━╸                      32.0% 432.00kB/1.32MB [10s] 
Writing at 0x002c9cee ━━━━━━━━━╸                      33.2% 448.00kB/1.32MB [10s] 
Writing at 0x002cf73d ━━━━━━━━━━                      34.4% 464.00kB/1.32MB [11s] 
Writing at 0x002d5095 ━━━━━━━━━━╸                     35.6% 480.00kB/1.32MB [11s] 
Writing at 0x002da9e0 ━━━━━━━━━━━                     36.8% 496.00kB/1.32MB [12s] 
Writing at 0x002e06df ━━━━━━━━━━━                     37.9% 512.00kB/1.32MB [12s] 
Writing at 0x002e5e4e ━━━━━━━━━━━╸                    39.1% 528.00kB/1.32MB [12s] 
Writing at 0x002eba0e ━━━━━━━━━━━━                    40.3% 544.00kB/1.32MB [13s] 
Writing at 0x002f15b0 ━━━━━━━━━━━━                    41.5% 560.00kB/1.32MB [13s] 
Writing at 0x002f7002 ━━━━━━━━━━━━╸                   42.7% 576.00kB/1.32MB [13s] 
Writing at 0x002fc7e4 ━━━━━━━━━━━━━                   43.9% 592.00kB/1.32MB [14s] 
Writing at 0x00302361 ━━━━━━━━━━━━━╸                  45.1% 608.00kB/1.32MB [14s] 
Writing at 0x00307a46 ━━━━━━━━━━━━━╸                  46.2% 624.00kB/1.32MB [15s] 
Writing at 0x0030d6ce ━━━━━━━━━━━━━━                  47.4% 640.00kB/1.32MB [15s] 
Writing at 0x003137da ━━━━━━━━━━━━━━╸                 48.6% 656.00kB/1.32MB [15s] 
Writing at 0x0031974f ━━━━━━━━━━━━━━╸                 49.8% 672.00kB/1.32MB [16s] 
Writing at 0x0031f7a4 ━━━━━━━━━━━━━━━                 51.0% 688.00kB/1.32MB [16s] 
Writing at 0x00324c05 ━━━━━━━━━━━━━━━╸                52.2% 704.00kB/1.32MB [17s] 
Writing at 0x0032a324 ━━━━━━━━━━━━━━━━                53.4% 720.00kB/1.32MB [17s] 
Writing at 0x0032fd36 ━━━━━━━━━━━━━━━━                54.6% 736.00kB/1.32MB [17s] 
Writing at 0x003359bc ━━━━━━━━━━━━━━━━╸               55.7% 752.00kB/1.32MB [18s] 
Writing at 0x0033b834 ━━━━━━━━━━━━━━━━━               56.9% 768.00kB/1.32MB [18s] 
Writing at 0x00340fe4 ━━━━━━━━━━━━━━━━━               58.1% 784.00kB/1.32MB [18s] 
Writing at 0x0034898a ━━━━━━━━━━━━━━━━━╸              59.3% 800.00kB/1.32MB [19s] 
Writing at 0x00354110 ━━━━━━━━━━━━━━━━━━              60.5% 816.00kB/1.32MB [19s] 
Writing at 0x0035f351 ━━━━━━━━━━━━━━━━━━              61.7% 832.00kB/1.32MB [20s] 
Writing at 0x00365d78 ━━━━━━━━━━━━━━━━━━╸             62.9% 848.00kB/1.32MB [20s] 
Writing at 0x0036cf1a ━━━━━━━━━━━━━━━━━━━             64.0% 864.00kB/1.32MB [20s] 
Writing at 0x00373af9 ━━━━━━━━━━━━━━━━━━━╸            65.2% 880.00kB/1.32MB [21s] 
Writing at 0x00379976 ━━━━━━━━━━━━━━━━━━━╸            66.4% 896.00kB/1.32MB [21s] 
Writing at 0x0037fe0a ━━━━━━━━━━━━━━━━━━━━            67.6% 912.00kB/1.32MB [22s] 
Writing at 0x003865e4 ━━━━━━━━━━━━━━━━━━━━╸           68.8% 928.00kB/1.32MB [22s] 
Writing at 0x0038c25f ━━━━━━━━━━━━━━━━━━━━╸           70.0% 944.00kB/1.32MB [22s] 
Writing at 0x0039143d ━━━━━━━━━━━━━━━━━━━━━           71.2% 960.00kB/1.32MB [23s] 
Writing at 0x0039b9a8 ━━━━━━━━━━━━━━━━━━━━━╸          72.3% 976.00kB/1.32MB [23s] 
Writing at 0x003a4106 ━━━━━━━━━━━━━━━━━━━━━━          73.5% 992.00kB/1.32MB [24s] 
Writing at 0x003adc22 ━━━━━━━━━━━━━━━━━━━━━━          74.7% 1008.00kB/1.32MB [24s] 
Writing at 0x003b3b9a ━━━━━━━━━━━━━━━━━━━━━━╸         75.9% 1.00MB/1.32MB [24s] 
Writing at 0x003b9b1b ━━━━━━━━━━━━━━━━━━━━━━━         77.1% 1.02MB/1.32MB [25s] 
Writing at 0x003bf142 ━━━━━━━━━━━━━━━━━━━━━━━         78.3% 1.03MB/1.32MB [25s] 
Writing at 0x003c5cd3 ━━━━━━━━━━━━━━━━━━━━━━━╸        79.5% 1.05MB/1.32MB [25s] 
Writing at 0x003cd726 ━━━━━━━━━━━━━━━━━━━━━━━━        80.6% 1.06MB/1.32MB [26s] 
Writing at 0x003d36f1 ━━━━━━━━━━━━━━━━━━━━━━━━╸       81.8% 1.08MB/1.32MB [26s] 
Writing at 0x003dbe2c ━━━━━━━━━━━━━━━━━━━━━━━━╸       83.0% 1.09MB/1.32MB [27s] 
Writing at 0x003e2919 ━━━━━━━━━━━━━━━━━━━━━━━━━       84.2% 1.11MB/1.32MB [27s] 
Writing at 0x003e8816 ━━━━━━━━━━━━━━━━━━━━━━━━━╸      85.4% 1.12MB/1.32MB [27s] 
Writing at 0x003ef455 ━━━━━━━━━━━━━━━━━━━━━━━━━╸      86.6% 1.14MB/1.32MB [28s] 
Writing at 0x003f68a5 ━━━━━━━━━━━━━━━━━━━━━━━━━━      87.8% 1.16MB/1.32MB [28s] 
Writing at 0x003fdcbb ━━━━━━━━━━━━━━━━━━━━━━━━━━╸     88.9% 1.17MB/1.32MB [29s] 
Writing at 0x00405acb ━━━━━━━━━━━━━━━━━━━━━━━━━━━     90.1% 1.19MB/1.32MB [29s] 
Writing at 0x0040bfb4 ━━━━━━━━━━━━━━━━━━━━━━━━━━━     91.3% 1.20MB/1.32MB [29s] 
Writing at 0x0041351f ━━━━━━━━━━━━━━━━━━━━━━━━━━━╸    92.5% 1.22MB/1.32MB [30s] 
Writing at 0x0041b9c9 ━━━━━━━━━━━━━━━━━━━━━━━━━━━━    93.7% 1.23MB/1.32MB [30s] 
Writing at 0x00421e8f ━━━━━━━━━━━━━━━━━━━━━━━━━━━━    94.9% 1.25MB/1.32MB [30s] 
Writing at 0x00427d86 ━━━━━━━━━━━━━━━━━━━━━━━━━━━━╸   96.1% 1.27MB/1.32MB [31s] 
Writing at 0x0042dc90 ━━━━━━━━━━━━━━━━━━━━━━━━━━━━━   97.2% 1.28MB/1.32MB [31s] 
Writing at 0x004332c3 ━━━━━━━━━━━━━━━━━━━━━━━━━━━━━╸  98.4% 1.30MB/1.32MB [32s] 
Writing at 0x00439ef9 ━━━━━━━━━━━━━━━━━━━━━━━━━━━━━╸  99.6% 1.31MB/1.32MB [32s] 
Writing at 0x0043d400 ━━━━━━━━━━━━━━━━━━━━━━━━━━━━━━ 100.0% 1.32MB/1.32MB [32s] 
Wrote 2348032 bytes (1381599 compressed) at 0x00200000 in 31.3 seconds (599.3 kbit/s).
Verifying written data...
Hash of data verified.

Hard resetting via RTS pin...
