+ receipt=/home/regex/work/esp32s31-openvela/backups/2026-09-10-scan-stress/logs/build178.sha256
+ flash_mode=kernel
+ case "$flash_mode" in
+ firmware_dir=/home/regex/work/esp32s31-openvela/openvela-dev/out/esp32s31-cmake-production6
+ sha256sum /home/regex/work/esp32s31-openvela/openvela-dev/out/esp32s31-cmake-production6/nuttx.bin /home/regex/work/esp32s31-openvela/openvela-dev/out/esp32s31-cmake-production6/appfs.img
+ cmp -s - /home/regex/work/esp32s31-openvela/backups/2026-09-10-scan-stress/logs/build178.sha256
+ flash_args=(0x2000 "$firmware_dir/nuttx.bin")
+ '[' kernel = appfs ']'
+ /home/regex/.espressif/python_env/idf6.1_py3.10_env/bin/esptool --chip esp32s31 --port /dev/ttyUSB0 --baud 460800 write-flash --flash-size 16MB --flash-mode dio --flash-freq 80m 0x2000 /home/regex/work/esp32s31-openvela/openvela-dev/out/esp32s31-cmake-production6/nuttx.bin
esptool v5.4.0
Serial port /dev/ttyUSB0:
Connecting....
Connected to ESP32-S31 on /dev/ttyUSB0:
Chip type:          ESP32-S31 (revision v0.0)
Features:           Wi-Fi 6, BT 5.4 (LE), IEEE802.15.4, Dual Core + LP Core, 300MHz
Crystal frequency:  40MHz
MAC:                30:ed:a0:f3:f7:b0

Uploading stub flasher...
Running stub flasher...
Stub flasher running.
Changing baud rate to 460800...
Changed.

Configuring flash size...
SHA digest in image updated.
Flash will be erased from 0x00002000 to 0x000f1fff...
Compressed 980496 bytes to 539452...
Writing at 0x00007dff ╸                                3.0% 16.00kB/526.81kB [0s] 
Writing at 0x0000e019 ━╸                               6.1% 32.00kB/526.81kB [0s] 
Writing at 0x000234db ━━╸                              9.1% 48.00kB/526.81kB [1s] 
Writing at 0x0002b11f ━━━╸                            12.1% 64.00kB/526.81kB [1s] 
Writing at 0x00035486 ━━━━╸                           15.2% 80.00kB/526.81kB [2s] 
Writing at 0x000443bf ━━━━━                           18.2% 96.00kB/526.81kB [2s] 
Writing at 0x0004a9d2 ━━━━━━                          21.3% 112.00kB/526.81kB [2s] 
Writing at 0x0005139f ━━━━━━━                         24.3% 128.00kB/526.81kB [3s] 
Writing at 0x00059783 ━━━━━━━━                        27.3% 144.00kB/526.81kB [3s] 
Writing at 0x00061864 ━━━━━━━━━                       30.4% 160.00kB/526.81kB [3s] 
Writing at 0x00069078 ━━━━━━━━━━                      33.4% 176.00kB/526.81kB [4s] 
Writing at 0x000702a7 ━━━━━━━━━━╸                     36.4% 192.00kB/526.81kB [4s] 
Writing at 0x00076521 ━━━━━━━━━━━╸                    39.5% 208.00kB/526.81kB [4s] 
Writing at 0x0007c5fb ━━━━━━━━━━━━╸                   42.5% 224.00kB/526.81kB [5s] 
Writing at 0x00081c74 ━━━━━━━━━━━━━╸                  45.6% 240.00kB/526.81kB [5s] 
Writing at 0x00087671 ━━━━━━━━━━━━━━╸                 48.6% 256.00kB/526.81kB [5s] 
Writing at 0x0008d098 ━━━━━━━━━━━━━━━                 51.6% 272.00kB/526.81kB [6s] 
Writing at 0x00092d2c ━━━━━━━━━━━━━━━━                54.7% 288.00kB/526.81kB [6s] 
Writing at 0x000999fa ━━━━━━━━━━━━━━━━━               57.7% 304.00kB/526.81kB [7s] 
Writing at 0x000a24c2 ━━━━━━━━━━━━━━━━━━              60.7% 320.00kB/526.81kB [7s] 
Writing at 0x000a820d ━━━━━━━━━━━━━━━━━━━             63.8% 336.00kB/526.81kB [7s] 
Writing at 0x000ae79e ━━━━━━━━━━━━━━━━━━━━            66.8% 352.00kB/526.81kB [8s] 
Writing at 0x000b5381 ━━━━━━━━━━━━━━━━━━━━╸           69.9% 368.00kB/526.81kB [8s] 
Writing at 0x000bb083 ━━━━━━━━━━━━━━━━━━━━━╸          72.9% 384.00kB/526.81kB [8s] 
Writing at 0x000c0de4 ━━━━━━━━━━━━━━━━━━━━━━╸         75.9% 400.00kB/526.81kB [9s] 
Writing at 0x000c6f5c ━━━━━━━━━━━━━━━━━━━━━━━╸        79.0% 416.00kB/526.81kB [9s] 
Writing at 0x000cd54c ━━━━━━━━━━━━━━━━━━━━━━━━╸       82.0% 432.00kB/526.81kB [9s] 
Writing at 0x000d3a05 ━━━━━━━━━━━━━━━━━━━━━━━━━╸      85.0% 448.00kB/526.81kB [10s] 
Writing at 0x000d98dc ━━━━━━━━━━━━━━━━━━━━━━━━━━      88.1% 464.00kB/526.81kB [10s] 
Writing at 0x000df9fe ━━━━━━━━━━━━━━━━━━━━━━━━━━━     91.1% 480.00kB/526.81kB [11s] 
Writing at 0x000e5ac5 ━━━━━━━━━━━━━━━━━━━━━━━━━━━━    94.2% 496.00kB/526.81kB [11s] 
Writing at 0x000eba05 ━━━━━━━━━━━━━━━━━━━━━━━━━━━━━   97.2% 512.00kB/526.81kB [11s] 
Writing at 0x000f1610 ━━━━━━━━━━━━━━━━━━━━━━━━━━━━━━ 100.0% 526.81kB/526.81kB [12s] 
Wrote 980496 bytes (539452 compressed) at 0x00002000 in 13.3 seconds (591.9 kbit/s).
Verifying written data...
Hash of data verified.

Hard resetting via RTS pin...
