before-a.bin: OK
before-b.bin: OK
WIFI_ARTIFACT_CONFIG=PASS booleans=1680 protocol=7
+ /home/regex/.espressif/python_env/idf6.1_py3.10_env/bin/esptool --chip esp32s31 --port /dev/serial/by-id/usb-Silicon_Labs_CP2102N_USB_to_UART_Bridge_Controller_f65e4ef67f71f011975a049f1045c30f-if00-port0 --baud 460800 write-flash --flash-size 16MB --flash-mode dio --flash-freq 80m 0x2000 /home/regex/work/esp32s31-openvela/openvela-dev/out/esp32s31-cmake-demo/nuttx.bin 0x200000 /home/regex/work/esp32s31-openvela/openvela-dev/out/esp32s31-cmake-demo/appfs.img
esptool v5.4.0
Serial port /dev/serial/by-id/usb-Silicon_Labs_CP2102N_USB_to_UART_Bridge_Controller_f65e4ef67f71f011975a049f1045c30f-if00-port0:
Connecting....
Connected to ESP32-S31 on /dev/serial/by-id/usb-Silicon_Labs_CP2102N_USB_to_UART_Bridge_Controller_f65e4ef67f71f011975a049f1045c30f-if00-port0:
Chip type:          ESP32-S31 (revision v0.0)
Features:           Wi-Fi 6, BT 5.4 (LE), IEEE802.15.4, Dual Core + LP Core, 300MHz
Crystal frequency:  40MHz
MAC:                30:ed:a0:f3:f7:b0

Uploading stub flasher...
Running stub flasher...
Stub flasher running.
Changing baud rate to 460800...
Changed.

Configuring flash size...

Writing '/home/regex/work/esp32s31-openvela/openvela-dev/out/esp32s31-cmake-demo/nuttx.bin' at 0x00002000...
SHA digest in image updated.
Flash will be erased from 0x00002000 to 0x000f6fff...
Compressed 1000232 bytes to 556926...
Writing at 0x00007da8 ╸                                2.9% 16.00kB/543.87kB [0s] 
Writing at 0x0000df24 ━╸                               5.9% 32.00kB/543.87kB [0s] 
Writing at 0x00015d43 ━━╸                              8.8% 48.00kB/543.87kB [1s] 
Writing at 0x00029fd7 ━━━╸                            11.8% 64.00kB/543.87kB [1s] 
Writing at 0x0003175b ━━━━                            14.7% 80.00kB/543.87kB [1s] 
Writing at 0x00042482 ━━━━━                           17.7% 96.00kB/543.87kB [2s] 
Writing at 0x00048527 ━━━━━━                          20.6% 112.00kB/543.87kB [2s] 
Writing at 0x0004e9da ━━━━━━━                         23.5% 128.00kB/543.87kB [3s] 
Writing at 0x0005604c ━━━━━━━╸                        26.5% 144.00kB/543.87kB [3s] 
Writing at 0x0005f3c9 ━━━━━━━━╸                       29.4% 160.00kB/543.87kB [4s] 
Writing at 0x000661ad ━━━━━━━━━╸                      32.4% 176.00kB/543.87kB [4s] 
Writing at 0x0006db10 ━━━━━━━━━━╸                     35.3% 192.00kB/543.87kB [4s] 
Writing at 0x00074231 ━━━━━━━━━━━                     38.2% 208.00kB/543.87kB [5s] 
Writing at 0x0007a1e5 ━━━━━━━━━━━━                    41.2% 224.00kB/543.87kB [5s] 
Writing at 0x000801d6 ━━━━━━━━━━━━━                   44.1% 240.00kB/543.87kB [6s] 
Writing at 0x00085932 ━━━━━━━━━━━━━━                  47.1% 256.00kB/543.87kB [6s] 
Writing at 0x0008b22e ━━━━━━━━━━━━━━━                 50.0% 272.00kB/543.87kB [6s] 
Writing at 0x00090be3 ━━━━━━━━━━━━━━━╸                53.0% 288.00kB/543.87kB [7s] 
Writing at 0x00096bae ━━━━━━━━━━━━━━━━╸               55.9% 304.00kB/543.87kB [7s] 
Writing at 0x0009de9c ━━━━━━━━━━━━━━━━━╸              58.8% 320.00kB/543.87kB [8s] 
Writing at 0x000a660e ━━━━━━━━━━━━━━━━━━╸             61.8% 336.00kB/543.87kB [8s] 
Writing at 0x000ac5ed ━━━━━━━━━━━━━━━━━━━             64.7% 352.00kB/543.87kB [8s] 
Writing at 0x000b2a8d ━━━━━━━━━━━━━━━━━━━━            67.7% 368.00kB/543.87kB [9s] 
Writing at 0x000b97b6 ━━━━━━━━━━━━━━━━━━━━━           70.6% 384.00kB/543.87kB [9s] 
Writing at 0x000bf8ba ━━━━━━━━━━━━━━━━━━━━━━          73.5% 400.00kB/543.87kB [10s] 
Writing at 0x000c5556 ━━━━━━━━━━━━━━━━━━━━━━╸         76.5% 416.00kB/543.87kB [10s] 
Writing at 0x000cb212 ━━━━━━━━━━━━━━━━━━━━━━━╸        79.4% 432.00kB/543.87kB [10s] 
Writing at 0x000d17cc ━━━━━━━━━━━━━━━━━━━━━━━━╸       82.4% 448.00kB/543.87kB [11s] 
Writing at 0x000d8061 ━━━━━━━━━━━━━━━━━━━━━━━━━╸      85.3% 464.00kB/543.87kB [11s] 
Writing at 0x000ddf32 ━━━━━━━━━━━━━━━━━━━━━━━━━━      88.3% 480.00kB/543.87kB [12s] 
Writing at 0x000e4187 ━━━━━━━━━━━━━━━━━━━━━━━━━━━     91.2% 496.00kB/543.87kB [12s] 
Writing at 0x000ea1a6 ━━━━━━━━━━━━━━━━━━━━━━━━━━━━    94.1% 512.00kB/543.87kB [12s] 
Writing at 0x000efce8 ━━━━━━━━━━━━━━━━━━━━━━━━━━━━━   97.1% 528.00kB/543.87kB [13s] 
Writing at 0x000f6328 ━━━━━━━━━━━━━━━━━━━━━━━━━━━━━━ 100.0% 543.87kB/543.87kB [13s] 
Wrote 1000232 bytes (556926 compressed) at 0x00002000 in 13.7 seconds (583.9 kbit/s).
Verifying written data...
Hash of data verified.

Writing '/home/regex/work/esp32s31-openvela/openvela-dev/out/esp32s31-cmake-demo/appfs.img' at 0x00200000...
Flash will be erased from 0x00200000 to 0x002abfff...
Compressed 703488 bytes to 381749...
Writing at 0x002073d8 ━                                4.3% 16.00kB/372.80kB [0s] 
Writing at 0x0020ce3e ━━╸                              8.6% 32.00kB/372.80kB [0s] 
Writing at 0x00215356 ━━━╸                            12.9% 48.00kB/372.80kB [1s] 
Writing at 0x0021edde ━━━━━                           17.2% 64.00kB/372.80kB [1s] 
Writing at 0x0022d174 ━━━━━━                          21.5% 80.00kB/372.80kB [1s] 
Writing at 0x002330ab ━━━━━━━╸                        25.8% 96.00kB/372.80kB [2s] 
Writing at 0x0023911e ━━━━━━━━━                       30.0% 112.00kB/372.80kB [2s] 
Writing at 0x0023e897 ━━━━━━━━━━                      34.3% 128.00kB/372.80kB [3s] 
Writing at 0x00248425 ━━━━━━━━━━━╸                    38.6% 144.00kB/372.80kB [3s] 
Writing at 0x0024efa2 ━━━━━━━━━━━━╸                   42.9% 160.00kB/372.80kB [3s] 
Writing at 0x00254b65 ━━━━━━━━━━━━━━                  47.2% 176.00kB/372.80kB [4s] 
Writing at 0x0025d749 ━━━━━━━━━━━━━━━                 51.5% 192.00kB/372.80kB [4s] 
Writing at 0x00263271 ━━━━━━━━━━━━━━━━╸               55.8% 208.00kB/372.80kB [5s] 
Writing at 0x0026a6ae ━━━━━━━━━━━━━━━━━━              60.1% 224.00kB/372.80kB [5s] 
Writing at 0x002721d5 ━━━━━━━━━━━━━━━━━━━             64.4% 240.00kB/372.80kB [5s] 
Writing at 0x0027a2a6 ━━━━━━━━━━━━━━━━━━━━╸           68.7% 256.00kB/372.80kB [6s] 
Writing at 0x0027f90e ━━━━━━━━━━━━━━━━━━━━━╸          73.0% 272.00kB/372.80kB [6s] 
Writing at 0x0028863c ━━━━━━━━━━━━━━━━━━━━━━━         77.3% 288.00kB/372.80kB [7s] 
Writing at 0x0028efa6 ━━━━━━━━━━━━━━━━━━━━━━━━        81.5% 304.00kB/372.80kB [7s] 
Writing at 0x00294e5a ━━━━━━━━━━━━━━━━━━━━━━━━━╸      85.8% 320.00kB/372.80kB [7s] 
Writing at 0x0029b075 ━━━━━━━━━━━━━━━━━━━━━━━━━━━     90.1% 336.00kB/372.80kB [8s] 
Writing at 0x002a0c94 ━━━━━━━━━━━━━━━━━━━━━━━━━━━━    94.4% 352.00kB/372.80kB [8s] 
Writing at 0x002a8199 ━━━━━━━━━━━━━━━━━━━━━━━━━━━━━╸  98.7% 368.00kB/372.80kB [9s] 
Writing at 0x002abc00 ━━━━━━━━━━━━━━━━━━━━━━━━━━━━━━ 100.0% 372.80kB/372.80kB [9s] 
Wrote 703488 bytes (381749 compressed) at 0x00200000 in 9.2 seconds (608.9 kbit/s).
Verifying written data...
Hash of data verified.

Hard resetting via RTS pin...
