before-a.bin: OK
before-b.bin: OK
+ /home/regex/.espressif/python_env/idf6.1_py3.10_env/bin/esptool --chip esp32s31 --port /dev/serial/by-id/usb-Silicon_Labs_CP2102N_USB_to_UART_Bridge_Controller_f65e4ef67f71f011975a049f1045c30f-if00-port0 --baud 460800 write-flash --flash-size 16MB --flash-mode dio --flash-freq 80m 0x2000 /home/regex/work/esp32s31-openvela/openvela-dev/out/esp32s31-xts-flat-bttool1518/nuttx.bin
esptool v5.4.0
Serial port /dev/serial/by-id/usb-Silicon_Labs_CP2102N_USB_to_UART_Bridge_Controller_f65e4ef67f71f011975a049f1045c30f-if00-port0:
Connecting....
Connected to ESP32-S31 on /dev/serial/by-id/usb-Silicon_Labs_CP2102N_USB_to_UART_Bridge_Controller_f65e4ef67f71f011975a049f1045c30f-if00-port0:
Chip type:          ESP32-S31 (revision v0.0)
Features:           Wi-Fi 6, BT 5.4 (LE), IEEE802.15.4, Dual Core + LP Core, 300MHz
Crystal frequency:  40MHz
MAC:                30:ed:a0:f3:f7:b0

Uploading stub flasher...
Running stub flasher...
Stub flasher running.
Changing baud rate to 460800...
Changed.

Configuring flash size...
SHA digest in image updated.
Flash will be erased from 0x00002000 to 0x0013efff...
Compressed 1294348 bytes to 746310...
Writing at 0x00007d22 ╸                                2.2% 16.00kB/728.82kB [0s] 
Writing at 0x0000dbd8 ━                                4.4% 32.00kB/728.82kB [0s] 
Writing at 0x0001485f ━╸                               6.6% 48.00kB/728.82kB [1s] 
Writing at 0x00029d14 ━━╸                              8.8% 64.00kB/728.82kB [1s] 
Writing at 0x00035778 ━━━                             11.0% 80.00kB/728.82kB [2s] 
Writing at 0x0003d1d5 ━━━╸                            13.2% 96.00kB/728.82kB [2s] 
Writing at 0x000516b3 ━━━━╸                           15.4% 112.00kB/728.82kB [2s] 
Writing at 0x000571cc ━━━━━                           17.6% 128.00kB/728.82kB [3s] 
Writing at 0x0005d33f ━━━━━╸                          19.8% 144.00kB/728.82kB [3s] 
Writing at 0x00063d78 ━━━━━━╸                         22.0% 160.00kB/728.82kB [4s] 
Writing at 0x0006a315 ━━━━━━━                         24.1% 176.00kB/728.82kB [4s] 
Writing at 0x000703f4 ━━━━━━━╸                        26.3% 192.00kB/728.82kB [4s] 
Writing at 0x000765e5 ━━━━━━━━╸                       28.5% 208.00kB/728.82kB [5s] 
Writing at 0x0007d684 ━━━━━━━━━                       30.7% 224.00kB/728.82kB [5s] 
Writing at 0x00083f78 ━━━━━━━━━╸                      32.9% 240.00kB/728.82kB [6s] 
Writing at 0x0008a9a8 ━━━━━━━━━━╸                     35.1% 256.00kB/728.82kB [6s] 
Writing at 0x00090823 ━━━━━━━━━━━                     37.3% 272.00kB/728.82kB [7s] 
Writing at 0x0009683d ━━━━━━━━━━━╸                    39.5% 288.00kB/728.82kB [7s] 
Writing at 0x0009caf0 ━━━━━━━━━━━━╸                   41.7% 304.00kB/728.82kB [7s] 
Writing at 0x000a2db9 ━━━━━━━━━━━━━                   43.9% 320.00kB/728.82kB [8s] 
Writing at 0x000a900a ━━━━━━━━━━━━━╸                  46.1% 336.00kB/728.82kB [8s] 
Writing at 0x000af2b4 ━━━━━━━━━━━━━━                  48.3% 352.00kB/728.82kB [9s] 
Writing at 0x000b5390 ━━━━━━━━━━━━━━━                 50.5% 368.00kB/728.82kB [9s] 
Writing at 0x000bb507 ━━━━━━━━━━━━━━━╸                52.7% 384.00kB/728.82kB [9s] 
Writing at 0x000c15a4 ━━━━━━━━━━━━━━━━                54.9% 400.00kB/728.82kB [10s] 
Writing at 0x000c7aaf ━━━━━━━━━━━━━━━━━               57.1% 416.00kB/728.82kB [10s] 
Writing at 0x000ce255 ━━━━━━━━━━━━━━━━━╸              59.3% 432.00kB/728.82kB [11s] 
Writing at 0x000d4ce7 ━━━━━━━━━━━━━━━━━━              61.5% 448.00kB/728.82kB [11s] 
Writing at 0x000dadea ━━━━━━━━━━━━━━━━━━━             63.7% 464.00kB/728.82kB [11s] 
Writing at 0x000e15f4 ━━━━━━━━━━━━━━━━━━━╸            65.9% 480.00kB/728.82kB [12s] 
Writing at 0x000e7826 ━━━━━━━━━━━━━━━━━━━━            68.1% 496.00kB/728.82kB [12s] 
Writing at 0x000ed882 ━━━━━━━━━━━━━━━━━━━━━           70.3% 512.00kB/728.82kB [13s] 
Writing at 0x000f34d2 ━━━━━━━━━━━━━━━━━━━━━╸          72.4% 528.00kB/728.82kB [13s] 
Writing at 0x000f9ed2 ━━━━━━━━━━━━━━━━━━━━━━          74.6% 544.00kB/728.82kB [13s] 
Writing at 0x001007f1 ━━━━━━━━━━━━━━━━━━━━━━━         76.8% 560.00kB/728.82kB [14s] 
Writing at 0x0010636a ━━━━━━━━━━━━━━━━━━━━━━━╸        79.0% 576.00kB/728.82kB [14s] 
Writing at 0x0010bdda ━━━━━━━━━━━━━━━━━━━━━━━━        81.2% 592.00kB/728.82kB [15s] 
Writing at 0x001115c2 ━━━━━━━━━━━━━━━━━━━━━━━━━       83.4% 608.00kB/728.82kB [15s] 
Writing at 0x001173cf ━━━━━━━━━━━━━━━━━━━━━━━━━╸      85.6% 624.00kB/728.82kB [15s] 
Writing at 0x0011d46c ━━━━━━━━━━━━━━━━━━━━━━━━━━      87.8% 640.00kB/728.82kB [16s] 
Writing at 0x00123746 ━━━━━━━━━━━━━━━━━━━━━━━━━━━     90.0% 656.00kB/728.82kB [16s] 
Writing at 0x001295fb ━━━━━━━━━━━━━━━━━━━━━━━━━━━╸    92.2% 672.00kB/728.82kB [17s] 
Writing at 0x0012efa0 ━━━━━━━━━━━━━━━━━━━━━━━━━━━━    94.4% 688.00kB/728.82kB [17s] 
Writing at 0x00134f94 ━━━━━━━━━━━━━━━━━━━━━━━━━━━━╸   96.6% 704.00kB/728.82kB [17s] 
Writing at 0x0013af2b ━━━━━━━━━━━━━━━━━━━━━━━━━━━━━╸  98.8% 720.00kB/728.82kB [18s] 
Writing at 0x0013e00c ━━━━━━━━━━━━━━━━━━━━━━━━━━━━━━ 100.0% 728.82kB/728.82kB [18s] 
Wrote 1294348 bytes (746310 compressed) at 0x00002000 in 18.6 seconds (555.7 kbit/s).
Verifying written data...
Hash of data verified.

Hard resetting via RTS pin...
