before-a.bin: OK
before-b.bin: OK
WIFI_ARTIFACT_CONFIG=PASS booleans=1736 protocol=7
+ /home/regex/.espressif/python_env/idf6.1_py3.10_env/bin/esptool --chip esp32s31 --port /dev/serial/by-id/usb-Silicon_Labs_CP2102N_USB_to_UART_Bridge_Controller_f65e4ef67f71f011975a049f1045c30f-if00-port0 --baud 460800 write-flash --flash-size 16MB --flash-mode dio --flash-freq 80m 0x2000 /home/regex/work/esp32s31-openvela/openvela-dev/out/esp32s31-cmake-demo/nuttx.bin 0x200000 /home/regex/work/esp32s31-openvela/openvela-dev/out/esp32s31-cmake-demo/appfs.img
esptool v5.4.0
Serial port /dev/serial/by-id/usb-Silicon_Labs_CP2102N_USB_to_UART_Bridge_Controller_f65e4ef67f71f011975a049f1045c30f-if00-port0:
Connecting....
Connected to ESP32-S31 on /dev/serial/by-id/usb-Silicon_Labs_CP2102N_USB_to_UART_Bridge_Controller_f65e4ef67f71f011975a049f1045c30f-if00-port0:
Chip type:          ESP32-S31 (revision v0.0)
Features:           Wi-Fi 6, BT 5.4 (LE), IEEE802.15.4, Dual Core + LP Core, 300MHz
Crystal frequency:  40MHz
MAC:                30:ed:a0:f3:f7:b0

Uploading stub flasher...
Running stub flasher...
Stub flasher running.
Changing baud rate to 460800...
Changed.

Configuring flash size...

Writing '/home/regex/work/esp32s31-openvela/openvela-dev/out/esp32s31-cmake-demo/nuttx.bin' at 0x00002000...
SHA digest in image updated.
Flash will be erased from 0x00002000 to 0x00102fff...
Compressed 1051488 bytes to 586580...
Writing at 0x00007d31 ╸                                2.8% 16.00kB/572.83kB [0s] 
Writing at 0x0000deb8 ━╸                               5.6% 32.00kB/572.83kB [0s] 
Writing at 0x00015c6e ━━╸                              8.4% 48.00kB/572.83kB [1s] 
Writing at 0x0002a845 ━━━                             11.2% 64.00kB/572.83kB [1s] 
Writing at 0x000317ad ━━━━                            14.0% 80.00kB/572.83kB [2s] 
Writing at 0x00041ecd ━━━━━                           16.8% 96.00kB/572.83kB [2s] 
Writing at 0x00047de2 ━━━━━╸                          19.6% 112.00kB/572.83kB [3s] 
Writing at 0x0004e323 ━━━━━━╸                         22.3% 128.00kB/572.83kB [3s] 
Writing at 0x000551e3 ━━━━━━━╸                        25.1% 144.00kB/572.83kB [3s] 
Writing at 0x0005df09 ━━━━━━━━                        27.9% 160.00kB/572.83kB [4s] 
Writing at 0x000656a8 ━━━━━━━━━                       30.7% 176.00kB/572.83kB [4s] 
Writing at 0x0006ce7e ━━━━━━━━━━                      33.5% 192.00kB/572.83kB [5s] 
Writing at 0x00073fa8 ━━━━━━━━━━╸                     36.3% 208.00kB/572.83kB [5s] 
Writing at 0x0007a553 ━━━━━━━━━━━╸                    39.1% 224.00kB/572.83kB [5s] 
Writing at 0x000804d6 ━━━━━━━━━━━━╸                   41.9% 240.00kB/572.83kB [6s] 
Writing at 0x000861fa ━━━━━━━━━━━━━                   44.7% 256.00kB/572.83kB [6s] 
Writing at 0x0008b7f1 ━━━━━━━━━━━━━━                  47.5% 272.00kB/572.83kB [7s] 
Writing at 0x00091285 ━━━━━━━━━━━━━━━                 50.3% 288.00kB/572.83kB [7s] 
Writing at 0x00096d95 ━━━━━━━━━━━━━━━╸                53.1% 304.00kB/572.83kB [7s] 
Writing at 0x0009d2f8 ━━━━━━━━━━━━━━━━╸               55.9% 320.00kB/572.83kB [8s] 
Writing at 0x000a4ef1 ━━━━━━━━━━━━━━━━━╸              58.7% 336.00kB/572.83kB [8s] 
Writing at 0x000ad088 ━━━━━━━━━━━━━━━━━━              61.4% 352.00kB/572.83kB [9s] 
Writing at 0x000b479a ━━━━━━━━━━━━━━━━━━━             64.2% 368.00kB/572.83kB [9s] 
Writing at 0x000b9d50 ━━━━━━━━━━━━━━━━━━━━            67.0% 384.00kB/572.83kB [9s] 
Writing at 0x000c051d ━━━━━━━━━━━━━━━━━━━━╸           69.8% 400.00kB/572.83kB [10s] 
Writing at 0x000c71eb ━━━━━━━━━━━━━━━━━━━━━╸          72.6% 416.00kB/572.83kB [10s] 
Writing at 0x000cd1d8 ━━━━━━━━━━━━━━━━━━━━━━╸         75.4% 432.00kB/572.83kB [11s] 
Writing at 0x000d2ee6 ━━━━━━━━━━━━━━━━━━━━━━━         78.2% 448.00kB/572.83kB [11s] 
Writing at 0x000d8f34 ━━━━━━━━━━━━━━━━━━━━━━━━        81.0% 464.00kB/572.83kB [12s] 
Writing at 0x000df572 ━━━━━━━━━━━━━━━━━━━━━━━━━       83.8% 480.00kB/572.83kB [12s] 
Writing at 0x000e5aa6 ━━━━━━━━━━━━━━━━━━━━━━━━━╸      86.6% 496.00kB/572.83kB [12s] 
Writing at 0x000eba06 ━━━━━━━━━━━━━━━━━━━━━━━━━━╸     89.4% 512.00kB/572.83kB [13s] 
Writing at 0x000f1a97 ━━━━━━━━━━━━━━━━━━━━━━━━━━━╸    92.2% 528.00kB/572.83kB [13s] 
Writing at 0x000f7b5c ━━━━━━━━━━━━━━━━━━━━━━━━━━━━    95.0% 544.00kB/572.83kB [14s] 
Writing at 0x000fdafa ━━━━━━━━━━━━━━━━━━━━━━━━━━━━━   97.8% 560.00kB/572.83kB [14s] 
Writing at 0x00102b60 ━━━━━━━━━━━━━━━━━━━━━━━━━━━━━━ 100.0% 572.83kB/572.83kB [14s] 
Wrote 1051488 bytes (586580 compressed) at 0x00002000 in 14.9 seconds (564.7 kbit/s).
Verifying written data...
Hash of data verified.

Writing '/home/regex/work/esp32s31-openvela/openvela-dev/out/esp32s31-cmake-demo/appfs.img' at 0x00200000...
Flash will be erased from 0x00200000 to 0x00361fff...
Compressed 1447936 bytes to 796837...
Writing at 0x002073ce ╸                                2.1% 16.00kB/778.16kB [0s] 
Writing at 0x0020cc32 ━                                4.1% 32.00kB/778.16kB [0s] 
Writing at 0x00213f9b ━╸                               6.2% 48.00kB/778.16kB [1s] 
Writing at 0x002229de ━━                               8.2% 64.00kB/778.16kB [1s] 
Writing at 0x00230b12 ━━━                             10.3% 80.00kB/778.16kB [2s] 
Writing at 0x0023ac19 ━━━╸                            12.3% 96.00kB/778.16kB [2s] 
Writing at 0x00240938 ━━━━                            14.4% 112.00kB/778.16kB [2s] 
Writing at 0x00246864 ━━━━╸                           16.4% 128.00kB/778.16kB [3s] 
Writing at 0x0024c240 ━━━━━╸                          18.5% 144.00kB/778.16kB [3s] 
Writing at 0x00252d8a ━━━━━━                          20.6% 160.00kB/778.16kB [4s] 
Writing at 0x0025ac29 ━━━━━━╸                         22.6% 176.00kB/778.16kB [4s] 
Writing at 0x0026132c ━━━━━━━                         24.7% 192.00kB/778.16kB [4s] 
Writing at 0x002699da ━━━━━━━━                        26.7% 208.00kB/778.16kB [5s] 
Writing at 0x00270789 ━━━━━━━━╸                       28.8% 224.00kB/778.16kB [5s] 
Writing at 0x00276632 ━━━━━━━━━                       30.8% 240.00kB/778.16kB [6s] 
Writing at 0x0027ec4f ━━━━━━━━━╸                      32.9% 256.00kB/778.16kB [6s] 
Writing at 0x00285f8e ━━━━━━━━━━                      35.0% 272.00kB/778.16kB [6s] 
Writing at 0x0028cc88 ━━━━━━━━━━━                     37.0% 288.00kB/778.16kB [7s] 
Writing at 0x00292f27 ━━━━━━━━━━━╸                    39.1% 304.00kB/778.16kB [7s] 
Writing at 0x002995b1 ━━━━━━━━━━━━                    41.1% 320.00kB/778.16kB [8s] 
Writing at 0x0029ef69 ━━━━━━━━━━━━╸                   43.2% 336.00kB/778.16kB [8s] 
Writing at 0x002a728e ━━━━━━━━━━━━━╸                  45.2% 352.00kB/778.16kB [9s] 
Writing at 0x002af304 ━━━━━━━━━━━━━━                  47.3% 368.00kB/778.16kB [9s] 
Writing at 0x002b6ef1 ━━━━━━━━━━━━━━╸                 49.3% 384.00kB/778.16kB [9s] 
Writing at 0x002bd005 ━━━━━━━━━━━━━━━                 51.4% 400.00kB/778.16kB [10s] 
Writing at 0x002c5168 ━━━━━━━━━━━━━━━━                53.5% 416.00kB/778.16kB [10s] 
Writing at 0x002cb05f ━━━━━━━━━━━━━━━━╸               55.5% 432.00kB/778.16kB [11s] 
Writing at 0x002d0959 ━━━━━━━━━━━━━━━━━               57.6% 448.00kB/778.16kB [11s] 
Writing at 0x002d8b99 ━━━━━━━━━━━━━━━━━╸              59.6% 464.00kB/778.16kB [11s] 
Writing at 0x002de88d ━━━━━━━━━━━━━━━━━━╸             61.7% 480.00kB/778.16kB [12s] 
Writing at 0x002e604b ━━━━━━━━━━━━━━━━━━━             63.7% 496.00kB/778.16kB [12s] 
Writing at 0x002ede18 ━━━━━━━━━━━━━━━━━━━╸            65.8% 512.00kB/778.16kB [13s] 
Writing at 0x002f384d ━━━━━━━━━━━━━━━━━━━━            67.9% 528.00kB/778.16kB [13s] 
Writing at 0x002fbb4d ━━━━━━━━━━━━━━━━━━━━╸           69.9% 544.00kB/778.16kB [13s] 
Writing at 0x00306d34 ━━━━━━━━━━━━━━━━━━━━━╸          72.0% 560.00kB/778.16kB [14s] 
Writing at 0x0030cc31 ━━━━━━━━━━━━━━━━━━━━━━          74.0% 576.00kB/778.16kB [14s] 
Writing at 0x00312e5e ━━━━━━━━━━━━━━━━━━━━━━╸         76.1% 592.00kB/778.16kB [15s] 
Writing at 0x00318c30 ━━━━━━━━━━━━━━━━━━━━━━━         78.1% 608.00kB/778.16kB [15s] 
Writing at 0x0031e485 ━━━━━━━━━━━━━━━━━━━━━━━━        80.2% 624.00kB/778.16kB [15s] 
Writing at 0x00327f51 ━━━━━━━━━━━━━━━━━━━━━━━━╸       82.2% 640.00kB/778.16kB [16s] 
Writing at 0x0032e8e4 ━━━━━━━━━━━━━━━━━━━━━━━━━       84.3% 656.00kB/778.16kB [16s] 
Writing at 0x003346c9 ━━━━━━━━━━━━━━━━━━━━━━━━━╸      86.4% 672.00kB/778.16kB [17s] 
Writing at 0x00339ab1 ━━━━━━━━━━━━━━━━━━━━━━━━━━╸     88.4% 688.00kB/778.16kB [17s] 
Writing at 0x003425c0 ━━━━━━━━━━━━━━━━━━━━━━━━━━━     90.5% 704.00kB/778.16kB [17s] 
Writing at 0x0034917f ━━━━━━━━━━━━━━━━━━━━━━━━━━━╸    92.5% 720.00kB/778.16kB [18s] 
Writing at 0x0034e9e6 ━━━━━━━━━━━━━━━━━━━━━━━━━━━━    94.6% 736.00kB/778.16kB [18s] 
Writing at 0x003547ec ━━━━━━━━━━━━━━━━━━━━━━━━━━━━╸   96.6% 752.00kB/778.16kB [19s] 
Writing at 0x0035cb76 ━━━━━━━━━━━━━━━━━━━━━━━━━━━━━╸  98.7% 768.00kB/778.16kB [19s] 
Writing at 0x00361800 ━━━━━━━━━━━━━━━━━━━━━━━━━━━━━━ 100.0% 778.16kB/778.16kB [19s] 
Wrote 1447936 bytes (796837 compressed) at 0x00200000 in 17.1 seconds (678.3 kbit/s).
Verifying written data...
Hash of data verified.

Hard resetting via RTS pin...
