before-a.bin: OK
before-b.bin: OK
WIFI_ARTIFACT_CONFIG=PASS booleans=1756 protocol=7
+ /home/regex/.espressif/python_env/idf6.1_py3.10_env/bin/esptool --chip esp32s31 --port /dev/serial/by-id/usb-Silicon_Labs_CP2102N_USB_to_UART_Bridge_Controller_f65e4ef67f71f011975a049f1045c30f-if00-port0 --baud 460800 write-flash --flash-size 16MB --flash-mode dio --flash-freq 80m 0x2000 /home/regex/work/esp32s31-openvela/openvela-dev/out/esp32s31-wifi1322/nuttx.bin 0x200000 /home/regex/work/esp32s31-openvela/openvela-dev/out/esp32s31-wifi1322/appfs.img
esptool v5.4.0
Serial port /dev/serial/by-id/usb-Silicon_Labs_CP2102N_USB_to_UART_Bridge_Controller_f65e4ef67f71f011975a049f1045c30f-if00-port0:
Connecting....
Connected to ESP32-S31 on /dev/serial/by-id/usb-Silicon_Labs_CP2102N_USB_to_UART_Bridge_Controller_f65e4ef67f71f011975a049f1045c30f-if00-port0:
Chip type:          ESP32-S31 (revision v0.0)
Features:           Wi-Fi 6, BT 5.4 (LE), IEEE802.15.4, Dual Core + LP Core, 300MHz
Crystal frequency:  40MHz
MAC:                30:ed:a0:f3:f7:b0

Uploading stub flasher...
Running stub flasher...
Stub flasher running.
Changing baud rate to 460800...
Changed.

Configuring flash size...

Writing '/home/regex/work/esp32s31-openvela/openvela-dev/out/esp32s31-wifi1322/nuttx.bin' at 0x00002000...
SHA digest in image updated.
Flash will be erased from 0x00002000 to 0x00120fff...
Compressed 1174716 bytes to 651103...
Writing at 0x00007d3d ╸                                2.5% 16.00kB/635.84kB [0s] 
Writing at 0x0000def4 ━╸                               5.0% 32.00kB/635.84kB [0s] 
Writing at 0x00015889 ━━                               7.5% 48.00kB/635.84kB [1s] 
Writing at 0x0002a194 ━━━                             10.1% 64.00kB/635.84kB [1s] 
Writing at 0x00030663 ━━━╸                            12.6% 80.00kB/635.84kB [2s] 
Writing at 0x00034dc9 ━━━━╸                           15.1% 96.00kB/635.84kB [2s] 
Writing at 0x0003fc79 ━━━━━                           17.6% 112.00kB/635.84kB [2s] 
Writing at 0x00054fc6 ━━━━━━                          20.1% 128.00kB/635.84kB [3s] 
Writing at 0x0005b3e9 ━━━━━━╸                         22.6% 144.00kB/635.84kB [3s] 
Writing at 0x00061f61 ━━━━━━━╸                        25.2% 160.00kB/635.84kB [4s] 
Writing at 0x0006a5c0 ━━━━━━━━                        27.7% 176.00kB/635.84kB [4s] 
Writing at 0x000727e4 ━━━━━━━━━                       30.2% 192.00kB/635.84kB [4s] 
Writing at 0x00079f5a ━━━━━━━━━╸                      32.7% 208.00kB/635.84kB [5s] 
Writing at 0x00081082 ━━━━━━━━━━╸                     35.2% 224.00kB/635.84kB [5s] 
Writing at 0x00087604 ━━━━━━━━━━━                     37.7% 240.00kB/635.84kB [6s] 
Writing at 0x0008d699 ━━━━━━━━━━━━                    40.3% 256.00kB/635.84kB [6s] 
Writing at 0x00093402 ━━━━━━━━━━━━╸                   42.8% 272.00kB/635.84kB [6s] 
Writing at 0x00098a36 ━━━━━━━━━━━━━╸                  45.3% 288.00kB/635.84kB [7s] 
Writing at 0x0009e447 ━━━━━━━━━━━━━━                  47.8% 304.00kB/635.84kB [7s] 
Writing at 0x000a3fc5 ━━━━━━━━━━━━━━━                 50.3% 320.00kB/635.84kB [8s] 
Writing at 0x000a9f06 ━━━━━━━━━━━━━━━╸                52.8% 336.00kB/635.84kB [8s] 
Writing at 0x000b155c ━━━━━━━━━━━━━━━━╸               55.4% 352.00kB/635.84kB [8s] 
Writing at 0x000ba037 ━━━━━━━━━━━━━━━━━               57.9% 368.00kB/635.84kB [9s] 
Writing at 0x000c0834 ━━━━━━━━━━━━━━━━━━              60.4% 384.00kB/635.84kB [9s] 
Writing at 0x000c6507 ━━━━━━━━━━━━━━━━━━╸             62.9% 400.00kB/635.84kB [10s] 
Writing at 0x000ccb41 ━━━━━━━━━━━━━━━━━━━╸            65.4% 416.00kB/635.84kB [10s] 
Writing at 0x000d34e6 ━━━━━━━━━━━━━━━━━━━━            67.9% 432.00kB/635.84kB [10s] 
Writing at 0x000d9496 ━━━━━━━━━━━━━━━━━━━━━           70.5% 448.00kB/635.84kB [11s] 
Writing at 0x000df0a8 ━━━━━━━━━━━━━━━━━━━━━╸          73.0% 464.00kB/635.84kB [11s] 
Writing at 0x000e53ee ━━━━━━━━━━━━━━━━━━━━━━╸         75.5% 480.00kB/635.84kB [11s] 
Writing at 0x000eba9f ━━━━━━━━━━━━━━━━━━━━━━━         78.0% 496.00kB/635.84kB [12s] 
Writing at 0x000f1e42 ━━━━━━━━━━━━━━━━━━━━━━━━        80.5% 512.00kB/635.84kB [12s] 
Writing at 0x000f7d3f ━━━━━━━━━━━━━━━━━━━━━━━━╸       83.0% 528.00kB/635.84kB [13s] 
Writing at 0x000fde1d ━━━━━━━━━━━━━━━━━━━━━━━━━╸      85.6% 544.00kB/635.84kB [13s] 
Writing at 0x00103c28 ━━━━━━━━━━━━━━━━━━━━━━━━━━      88.1% 560.00kB/635.84kB [13s] 
Writing at 0x00109c97 ━━━━━━━━━━━━━━━━━━━━━━━━━━━     90.6% 576.00kB/635.84kB [14s] 
Writing at 0x001100e8 ━━━━━━━━━━━━━━━━━━━━━━━━━━━╸    93.1% 592.00kB/635.84kB [14s] 
Writing at 0x00116822 ━━━━━━━━━━━━━━━━━━━━━━━━━━━━╸   95.6% 608.00kB/635.84kB [15s] 
Writing at 0x0011c773 ━━━━━━━━━━━━━━━━━━━━━━━━━━━━━   98.1% 624.00kB/635.84kB [15s] 
Writing at 0x00120cbc ━━━━━━━━━━━━━━━━━━━━━━━━━━━━━━ 100.0% 635.84kB/635.84kB [15s] 
Wrote 1174716 bytes (651103 compressed) at 0x00002000 in 14.3 seconds (657.2 kbit/s).
Verifying written data...
Hash of data verified.

Writing '/home/regex/work/esp32s31-openvela/openvela-dev/out/esp32s31-wifi1322/appfs.img' at 0x00200000...
Flash will be erased from 0x00200000 to 0x0043dfff...
Compressed 2348032 bytes to 1381559...
Writing at 0x002073e6                                  1.2% 16.00kB/1.32MB [0s] 
Writing at 0x0020cc38 ╸                                2.4% 32.00kB/1.32MB [0s] 
Writing at 0x00213d88 ━                                3.6% 48.00kB/1.32MB [1s] 
Writing at 0x0021d77b ━                                4.7% 64.00kB/1.32MB [1s] 
Writing at 0x0022350a ━╸                               5.9% 80.00kB/1.32MB [1s] 
Writing at 0x00229433 ━━                               7.1% 96.00kB/1.32MB [2s] 
Writing at 0x0022efc4 ━━                               8.3% 112.00kB/1.32MB [2s] 
Writing at 0x00234d74 ━━╸                              9.5% 128.00kB/1.32MB [3s] 
Writing at 0x0023aeec ━━━                             10.7% 144.00kB/1.32MB [3s] 
Writing at 0x00241799 ━━━╸                            11.9% 160.00kB/1.32MB [3s] 
Writing at 0x00247202 ━━━╸                            13.0% 176.00kB/1.32MB [4s] 
Writing at 0x0024c530 ━━━━                            14.2% 192.00kB/1.32MB [4s] 
Writing at 0x002522e2 ━━━━╸                           15.4% 208.00kB/1.32MB [5s] 
Writing at 0x00258769 ━━━━╸                           16.6% 224.00kB/1.32MB [5s] 
Writing at 0x0025e3a4 ━━━━━                           17.8% 240.00kB/1.32MB [5s] 
Writing at 0x002643a6 ━━━━━╸                          19.0% 256.00kB/1.32MB [6s] 
Writing at 0x0026a22f ━━━━━━                          20.2% 272.00kB/1.32MB [6s] 
Writing at 0x0027005b ━━━━━━                          21.3% 288.00kB/1.32MB [6s] 
Writing at 0x00275b60 ━━━━━━╸                         22.5% 304.00kB/1.32MB [7s] 
Writing at 0x0027d3fe ━━━━━━━                         23.7% 320.00kB/1.32MB [7s] 
Writing at 0x002892c9 ━━━━━━━                         24.9% 336.00kB/1.32MB [8s] 
Writing at 0x00293df1 ━━━━━━━╸                        26.1% 352.00kB/1.32MB [8s] 
Writing at 0x002a1c34 ━━━━━━━━                        27.3% 368.00kB/1.32MB [8s] 
Writing at 0x002ab3e1 ━━━━━━━━╸                       28.5% 384.00kB/1.32MB [9s] 
Writing at 0x002b4818 ━━━━━━━━╸                       29.6% 400.00kB/1.32MB [9s] 
Writing at 0x002bde68 ━━━━━━━━━                       30.8% 416.00kB/1.32MB [10s] 
Writing at 0x002c485e ━━━━━━━━━╸                      32.0% 432.00kB/1.32MB [10s] 
Writing at 0x002c9cfd ━━━━━━━━━╸                      33.2% 448.00kB/1.32MB [10s] 
Writing at 0x002cf747 ━━━━━━━━━━                      34.4% 464.00kB/1.32MB [11s] 
Writing at 0x002d50a1 ━━━━━━━━━━╸                     35.6% 480.00kB/1.32MB [11s] 
Writing at 0x002da9f3 ━━━━━━━━━━━                     36.8% 496.00kB/1.32MB [12s] 
Writing at 0x002e06eb ━━━━━━━━━━━                     37.9% 512.00kB/1.32MB [12s] 
Writing at 0x002e5e5c ━━━━━━━━━━━╸                    39.1% 528.00kB/1.32MB [12s] 
Writing at 0x002eba18 ━━━━━━━━━━━━                    40.3% 544.00kB/1.32MB [13s] 
Writing at 0x002f15c2 ━━━━━━━━━━━━                    41.5% 560.00kB/1.32MB [13s] 
Writing at 0x002f700e ━━━━━━━━━━━━╸                   42.7% 576.00kB/1.32MB [13s] 
Writing at 0x002fc7f3 ━━━━━━━━━━━━━                   43.9% 592.00kB/1.32MB [14s] 
Writing at 0x0030236b ━━━━━━━━━━━━━╸                  45.1% 608.00kB/1.32MB [14s] 
Writing at 0x00307a60 ━━━━━━━━━━━━━╸                  46.3% 624.00kB/1.32MB [15s] 
Writing at 0x0030d6e9 ━━━━━━━━━━━━━━                  47.4% 640.00kB/1.32MB [15s] 
Writing at 0x003137e6 ━━━━━━━━━━━━━━╸                 48.6% 656.00kB/1.32MB [15s] 
Writing at 0x0031975b ━━━━━━━━━━━━━━╸                 49.8% 672.00kB/1.32MB [16s] 
Writing at 0x0031f7b5 ━━━━━━━━━━━━━━━                 51.0% 688.00kB/1.32MB [16s] 
Writing at 0x00324c15 ━━━━━━━━━━━━━━━╸                52.2% 704.00kB/1.32MB [17s] 
Writing at 0x0032a32f ━━━━━━━━━━━━━━━━                53.4% 720.00kB/1.32MB [17s] 
Writing at 0x0032fd45 ━━━━━━━━━━━━━━━━                54.6% 736.00kB/1.32MB [17s] 
Writing at 0x003359c8 ━━━━━━━━━━━━━━━━╸               55.7% 752.00kB/1.32MB [18s] 
Writing at 0x0033b83f ━━━━━━━━━━━━━━━━━               56.9% 768.00kB/1.32MB [18s] 
Writing at 0x00340ff2 ━━━━━━━━━━━━━━━━━               58.1% 784.00kB/1.32MB [18s] 
Writing at 0x003489b3 ━━━━━━━━━━━━━━━━━╸              59.3% 800.00kB/1.32MB [19s] 
Writing at 0x0035412c ━━━━━━━━━━━━━━━━━━              60.5% 816.00kB/1.32MB [19s] 
Writing at 0x0035f36a ━━━━━━━━━━━━━━━━━━╸             61.7% 832.00kB/1.32MB [20s] 
Writing at 0x00365d9f ━━━━━━━━━━━━━━━━━━╸             62.9% 848.00kB/1.32MB [20s] 
Writing at 0x0036cf2b ━━━━━━━━━━━━━━━━━━━             64.0% 864.00kB/1.32MB [20s] 
Writing at 0x00373b1c ━━━━━━━━━━━━━━━━━━━╸            65.2% 880.00kB/1.32MB [21s] 
Writing at 0x00379990 ━━━━━━━━━━━━━━━━━━━╸            66.4% 896.00kB/1.32MB [21s] 
Writing at 0x0037fe18 ━━━━━━━━━━━━━━━━━━━━            67.6% 912.00kB/1.32MB [22s] 
Writing at 0x003865fa ━━━━━━━━━━━━━━━━━━━━╸           68.8% 928.00kB/1.32MB [22s] 
Writing at 0x0038c27c ━━━━━━━━━━━━━━━━━━━━╸           70.0% 944.00kB/1.32MB [22s] 
Writing at 0x0039144a ━━━━━━━━━━━━━━━━━━━━━           71.2% 960.00kB/1.32MB [23s] 
Writing at 0x0039b9ca ━━━━━━━━━━━━━━━━━━━━━╸          72.3% 976.00kB/1.32MB [23s] 
Writing at 0x003a4119 ━━━━━━━━━━━━━━━━━━━━━━          73.5% 992.00kB/1.32MB [24s] 
Writing at 0x003adc3b ━━━━━━━━━━━━━━━━━━━━━━          74.7% 1008.00kB/1.32MB [24s] 
Writing at 0x003b3bb1 ━━━━━━━━━━━━━━━━━━━━━━╸         75.9% 1.00MB/1.32MB [24s] 
Writing at 0x003b9b44 ━━━━━━━━━━━━━━━━━━━━━━━         77.1% 1.02MB/1.32MB [25s] 
Writing at 0x003bf15c ━━━━━━━━━━━━━━━━━━━━━━━         78.3% 1.03MB/1.32MB [25s] 
Writing at 0x003c5d00 ━━━━━━━━━━━━━━━━━━━━━━━╸        79.5% 1.05MB/1.32MB [25s] 
Writing at 0x003cd74a ━━━━━━━━━━━━━━━━━━━━━━━━        80.6% 1.06MB/1.32MB [26s] 
Writing at 0x003d370c ━━━━━━━━━━━━━━━━━━━━━━━━╸       81.8% 1.08MB/1.32MB [26s] 
Writing at 0x003dbe4b ━━━━━━━━━━━━━━━━━━━━━━━━╸       83.0% 1.09MB/1.32MB [27s] 
Writing at 0x003e293c ━━━━━━━━━━━━━━━━━━━━━━━━━       84.2% 1.11MB/1.32MB [27s] 
Writing at 0x003e8831 ━━━━━━━━━━━━━━━━━━━━━━━━━╸      85.4% 1.12MB/1.32MB [27s] 
Writing at 0x003ef47d ━━━━━━━━━━━━━━━━━━━━━━━━━╸      86.6% 1.14MB/1.32MB [28s] 
Writing at 0x003f68c4 ━━━━━━━━━━━━━━━━━━━━━━━━━━      87.8% 1.16MB/1.32MB [28s] 
Writing at 0x003fdd0a ━━━━━━━━━━━━━━━━━━━━━━━━━━╸     88.9% 1.17MB/1.32MB [29s] 
Writing at 0x00405ae6 ━━━━━━━━━━━━━━━━━━━━━━━━━━━     90.1% 1.19MB/1.32MB [29s] 
Writing at 0x0040bff1 ━━━━━━━━━━━━━━━━━━━━━━━━━━━     91.3% 1.20MB/1.32MB [29s] 
Writing at 0x0041354b ━━━━━━━━━━━━━━━━━━━━━━━━━━━╸    92.5% 1.22MB/1.32MB [30s] 
Writing at 0x0041b9f5 ━━━━━━━━━━━━━━━━━━━━━━━━━━━━    93.7% 1.23MB/1.32MB [30s] 
Writing at 0x00421ebf ━━━━━━━━━━━━━━━━━━━━━━━━━━━━    94.9% 1.25MB/1.32MB [31s] 
Writing at 0x00427dc7 ━━━━━━━━━━━━━━━━━━━━━━━━━━━━╸   96.1% 1.27MB/1.32MB [31s] 
Writing at 0x0042dd30 ━━━━━━━━━━━━━━━━━━━━━━━━━━━━━   97.2% 1.28MB/1.32MB [31s] 
Writing at 0x004332ed ━━━━━━━━━━━━━━━━━━━━━━━━━━━━━╸  98.4% 1.30MB/1.32MB [32s] 
Writing at 0x00439f4c ━━━━━━━━━━━━━━━━━━━━━━━━━━━━━╸  99.6% 1.31MB/1.32MB [32s] 
Writing at 0x0043d400 ━━━━━━━━━━━━━━━━━━━━━━━━━━━━━━ 100.0% 1.32MB/1.32MB [32s] 
Wrote 2348032 bytes (1381559 compressed) at 0x00200000 in 31.6 seconds (594.4 kbit/s).
Verifying written data...
Hash of data verified.

Hard resetting via RTS pin...
