esptool v5.4.0
Serial port /dev/ttyUSB0:
Connecting....
Connected to ESP32-S31 on /dev/ttyUSB0:
Chip type:          ESP32-S31 (revision v0.0)
Features:           Wi-Fi 6, BT 5.4 (LE), IEEE802.15.4, Dual Core + LP Core, 300MHz
Crystal frequency:  40MHz
MAC:                30:ed:a0:f3:f7:b0

Uploading stub flasher...
Running stub flasher...
Stub flasher running.
Changing baud rate to 460800...
Changed.

Configuring flash size...

Writing '/home/regex/work/esp32s31-openvela/openvela-dev/out/esp32s31-cmake-production6/nuttx.bin' at 0x00002000...
SHA digest in image updated.
Flash will be erased from 0x00002000 to 0x000f1fff...
Compressed 981632 bytes to 540388...
Writing at 0x00007e0b ╸                                3.0% 16.00kB/527.72kB [0s] 
Writing at 0x0000e039 ━╸                               6.1% 32.00kB/527.72kB [0s] 
Writing at 0x00023121 ━━╸                              9.1% 48.00kB/527.72kB [1s] 
Writing at 0x0002af55 ━━━╸                            12.1% 64.00kB/527.72kB [1s] 
Writing at 0x00035197 ━━━━╸                           15.2% 80.00kB/527.72kB [1s] 
Writing at 0x00044190 ━━━━━                           18.2% 96.00kB/527.72kB [2s] 
Writing at 0x0004a78a ━━━━━━                          21.2% 112.00kB/527.72kB [2s] 
Writing at 0x000510ec ━━━━━━━                         24.3% 128.00kB/527.72kB [3s] 
Writing at 0x000593d5 ━━━━━━━━                        27.3% 144.00kB/527.72kB [3s] 
Writing at 0x000615fe ━━━━━━━━━                       30.3% 160.00kB/527.72kB [3s] 
Writing at 0x00068e17 ━━━━━━━━━━                      33.4% 176.00kB/527.72kB [4s] 
Writing at 0x0006fe8e ━━━━━━━━━━╸                     36.4% 192.00kB/527.72kB [4s] 
Writing at 0x000761cc ━━━━━━━━━━━╸                    39.4% 208.00kB/527.72kB [4s] 
Writing at 0x0007c1f2 ━━━━━━━━━━━━╸                   42.4% 224.00kB/527.72kB [5s] 
Writing at 0x00081902 ━━━━━━━━━━━━━╸                  45.5% 240.00kB/527.72kB [5s] 
Writing at 0x000872ec ━━━━━━━━━━━━━━╸                 48.5% 256.00kB/527.72kB [5s] 
Writing at 0x0008cd27 ━━━━━━━━━━━━━━━                 51.5% 272.00kB/527.72kB [6s] 
Writing at 0x000929b9 ━━━━━━━━━━━━━━━━                54.6% 288.00kB/527.72kB [6s] 
Writing at 0x0009967d ━━━━━━━━━━━━━━━━━               57.6% 304.00kB/527.72kB [6s] 
Writing at 0x000a2061 ━━━━━━━━━━━━━━━━━━              60.6% 320.00kB/527.72kB [7s] 
Writing at 0x000a7e88 ━━━━━━━━━━━━━━━━━━━             63.7% 336.00kB/527.72kB [7s] 
Writing at 0x000ae3fe ━━━━━━━━━━━━━━━━━━━━            66.7% 352.00kB/527.72kB [7s] 
Writing at 0x000b4fca ━━━━━━━━━━━━━━━━━━━━╸           69.7% 368.00kB/527.72kB [8s] 
Writing at 0x000bb183 ━━━━━━━━━━━━━━━━━━━━━╸          72.8% 384.00kB/527.72kB [8s] 
Writing at 0x000c0e28 ━━━━━━━━━━━━━━━━━━━━━━╸         75.8% 400.00kB/527.72kB [8s] 
Writing at 0x000c6d70 ━━━━━━━━━━━━━━━━━━━━━━━╸        78.8% 416.00kB/527.72kB [9s] 
Writing at 0x000cd162 ━━━━━━━━━━━━━━━━━━━━━━━━╸       81.9% 432.00kB/527.72kB [9s] 
Writing at 0x000d3973 ━━━━━━━━━━━━━━━━━━━━━━━━━       84.9% 448.00kB/527.72kB [9s] 
Writing at 0x000d97d2 ━━━━━━━━━━━━━━━━━━━━━━━━━━      87.9% 464.00kB/527.72kB [10s] 
Writing at 0x000df921 ━━━━━━━━━━━━━━━━━━━━━━━━━━━     91.0% 480.00kB/527.72kB [10s] 
Writing at 0x000e5a54 ━━━━━━━━━━━━━━━━━━━━━━━━━━━━    94.0% 496.00kB/527.72kB [11s] 
Writing at 0x000eb94b ━━━━━━━━━━━━━━━━━━━━━━━━━━━━━   97.0% 512.00kB/527.72kB [11s] 
Writing at 0x000f1a80 ━━━━━━━━━━━━━━━━━━━━━━━━━━━━━━ 100.0% 527.72kB/527.72kB [11s] 
Wrote 981632 bytes (540388 compressed) at 0x00002000 in 11.8 seconds (665.3 kbit/s).
Verifying written data...
Hash of data verified.

Writing '/home/regex/work/esp32s31-openvela/openvela-dev/out/esp32s31-cmake-production6/appfs.img' at 0x00200000...
Flash will be erased from 0x00200000 to 0x00274fff...
Compressed 478208 bytes to 280316...
Writing at 0x002073d3 ━╸                               5.8% 16.00kB/273.75kB [0s] 
Writing at 0x0020d022 ━━━╸                            11.7% 32.00kB/273.75kB [0s] 
Writing at 0x0021306f ━━━━━                           17.5% 48.00kB/273.75kB [1s] 
Writing at 0x00218a7f ━━━━━━━                         23.4% 64.00kB/273.75kB [1s] 
Writing at 0x0021ff78 ━━━━━━━━╸                       29.2% 80.00kB/273.75kB [1s] 
Writing at 0x00227fda ━━━━━━━━━━╸                     35.1% 96.00kB/273.75kB [2s] 
Writing at 0x0022e65a ━━━━━━━━━━━━                    40.9% 112.00kB/273.75kB [2s] 
Writing at 0x00235859 ━━━━━━━━━━━━━━                  46.8% 128.00kB/273.75kB [2s] 
Writing at 0x0023cd0f ━━━━━━━━━━━━━━━╸                52.6% 144.00kB/273.75kB [3s] 
Writing at 0x002449b7 ━━━━━━━━━━━━━━━━━╸              58.4% 160.00kB/273.75kB [3s] 
Writing at 0x0024a1c1 ━━━━━━━━━━━━━━━━━━━             64.3% 176.00kB/273.75kB [3s] 
Writing at 0x00252c4a ━━━━━━━━━━━━━━━━━━━━━           70.1% 192.00kB/273.75kB [4s] 
Writing at 0x00259683 ━━━━━━━━━━━━━━━━━━━━━━╸         76.0% 208.00kB/273.75kB [4s] 
Writing at 0x0025f646 ━━━━━━━━━━━━━━━━━━━━━━━━╸       81.8% 224.00kB/273.75kB [4s] 
Writing at 0x0026596a ━━━━━━━━━━━━━━━━━━━━━━━━━━      87.7% 240.00kB/273.75kB [5s] 
Writing at 0x0026b1a4 ━━━━━━━━━━━━━━━━━━━━━━━━━━━━    93.5% 256.00kB/273.75kB [5s] 
Writing at 0x00272f84 ━━━━━━━━━━━━━━━━━━━━━━━━━━━━━╸  99.4% 272.00kB/273.75kB [5s] 
Writing at 0x00274c00 ━━━━━━━━━━━━━━━━━━━━━━━━━━━━━━ 100.0% 273.75kB/273.75kB [6s] 
Wrote 478208 bytes (280316 compressed) at 0x00200000 in 6.1 seconds (631.7 kbit/s).
Verifying written data...
Hash of data verified.

Hard resetting via RTS pin...
