before-a.bin: OK
before-b.bin: OK
WIFI_ARTIFACT_CONFIG=PASS booleans=1680 protocol=7
+ /home/regex/.espressif/python_env/idf6.1_py3.10_env/bin/esptool --chip esp32s31 --port /dev/serial/by-id/usb-Silicon_Labs_CP2102N_USB_to_UART_Bridge_Controller_f65e4ef67f71f011975a049f1045c30f-if00-port0 --baud 460800 write-flash --flash-size 16MB --flash-mode dio --flash-freq 80m 0x2000 /home/regex/work/esp32s31-openvela/openvela-dev/out/esp32s31-cmake-demo/nuttx.bin 0x200000 /home/regex/work/esp32s31-openvela/openvela-dev/out/esp32s31-cmake-demo/appfs.img
esptool v5.4.0
Serial port /dev/serial/by-id/usb-Silicon_Labs_CP2102N_USB_to_UART_Bridge_Controller_f65e4ef67f71f011975a049f1045c30f-if00-port0:
Connecting....
Connected to ESP32-S31 on /dev/serial/by-id/usb-Silicon_Labs_CP2102N_USB_to_UART_Bridge_Controller_f65e4ef67f71f011975a049f1045c30f-if00-port0:
Chip type:          ESP32-S31 (revision v0.0)
Features:           Wi-Fi 6, BT 5.4 (LE), IEEE802.15.4, Dual Core + LP Core, 300MHz
Crystal frequency:  40MHz
MAC:                30:ed:a0:f3:f7:b0

Uploading stub flasher...
Running stub flasher...
Stub flasher running.
Changing baud rate to 460800...
Changed.

Configuring flash size...

Writing '/home/regex/work/esp32s31-openvela/openvela-dev/out/esp32s31-cmake-demo/nuttx.bin' at 0x00002000...
SHA digest in image updated.
Flash will be erased from 0x00002000 to 0x000f6fff...
Compressed 1000804 bytes to 557459...
Writing at 0x00007d18 ╸                                2.9% 16.00kB/544.39kB [0s] 
Writing at 0x0000de8f ━╸                               5.9% 32.00kB/544.39kB [0s] 
Writing at 0x00015c99 ━━╸                              8.8% 48.00kB/544.39kB [1s] 
Writing at 0x00029f7e ━━━╸                            11.8% 64.00kB/544.39kB [1s] 
Writing at 0x0003163f ━━━━                            14.7% 80.00kB/544.39kB [2s] 
Writing at 0x000423f0 ━━━━━                           17.6% 96.00kB/544.39kB [2s] 
Writing at 0x000484a1 ━━━━━━                          20.6% 112.00kB/544.39kB [3s] 
Writing at 0x0004e8dc ━━━━━━━                         23.5% 128.00kB/544.39kB [3s] 
Writing at 0x00055eba ━━━━━━━╸                        26.5% 144.00kB/544.39kB [3s] 
Writing at 0x0005f305 ━━━━━━━━╸                       29.4% 160.00kB/544.39kB [4s] 
Writing at 0x0006611b ━━━━━━━━━╸                      32.3% 176.00kB/544.39kB [4s] 
Writing at 0x0006da2e ━━━━━━━━━━╸                     35.3% 192.00kB/544.39kB [5s] 
Writing at 0x00074126 ━━━━━━━━━━━                     38.2% 208.00kB/544.39kB [5s] 
Writing at 0x0007a140 ━━━━━━━━━━━━                    41.1% 224.00kB/544.39kB [5s] 
Writing at 0x000800fc ━━━━━━━━━━━━━                   44.1% 240.00kB/544.39kB [6s] 
Writing at 0x000857d4 ━━━━━━━━━━━━━━                  47.0% 256.00kB/544.39kB [6s] 
Writing at 0x0008b194 ━━━━━━━━━━━━━━╸                 50.0% 272.00kB/544.39kB [7s] 
Writing at 0x00090b4b ━━━━━━━━━━━━━━━╸                52.9% 288.00kB/544.39kB [7s] 
Writing at 0x00096a04 ━━━━━━━━━━━━━━━━╸               55.8% 304.00kB/544.39kB [7s] 
Writing at 0x0009ddcc ━━━━━━━━━━━━━━━━━╸              58.8% 320.00kB/544.39kB [8s] 
Writing at 0x000a623a ━━━━━━━━━━━━━━━━━━╸             61.7% 336.00kB/544.39kB [8s] 
Writing at 0x000ac55a ━━━━━━━━━━━━━━━━━━━             64.7% 352.00kB/544.39kB [9s] 
Writing at 0x000b2990 ━━━━━━━━━━━━━━━━━━━━            67.6% 368.00kB/544.39kB [9s] 
Writing at 0x000b9711 ━━━━━━━━━━━━━━━━━━━━━           70.5% 384.00kB/544.39kB [9s] 
Writing at 0x000bf80c ━━━━━━━━━━━━━━━━━━━━━━          73.5% 400.00kB/544.39kB [10s] 
Writing at 0x000c5448 ━━━━━━━━━━━━━━━━━━━━━━╸         76.4% 416.00kB/544.39kB [10s] 
Writing at 0x000cb0ef ━━━━━━━━━━━━━━━━━━━━━━━╸        79.4% 432.00kB/544.39kB [11s] 
Writing at 0x000d16c9 ━━━━━━━━━━━━━━━━━━━━━━━━╸       82.3% 448.00kB/544.39kB [11s] 
Writing at 0x000d7f3d ━━━━━━━━━━━━━━━━━━━━━━━━━╸      85.2% 464.00kB/544.39kB [11s] 
Writing at 0x000dde54 ━━━━━━━━━━━━━━━━━━━━━━━━━━      88.2% 480.00kB/544.39kB [12s] 
Writing at 0x000e401a ━━━━━━━━━━━━━━━━━━━━━━━━━━━     91.1% 496.00kB/544.39kB [12s] 
Writing at 0x000ea06f ━━━━━━━━━━━━━━━━━━━━━━━━━━━━    94.0% 512.00kB/544.39kB [13s] 
Writing at 0x000efc2a ━━━━━━━━━━━━━━━━━━━━━━━━━━━━━   97.0% 528.00kB/544.39kB [13s] 
Writing at 0x000f625f ━━━━━━━━━━━━━━━━━━━━━━━━━━━━━╸  99.9% 544.00kB/544.39kB [13s] 
Writing at 0x000f6564 ━━━━━━━━━━━━━━━━━━━━━━━━━━━━━━ 100.0% 544.39kB/544.39kB [14s] 
Wrote 1000804 bytes (557459 compressed) at 0x00002000 in 14.0 seconds (569.9 kbit/s).
Verifying written data...
Hash of data verified.

Writing '/home/regex/work/esp32s31-openvela/openvela-dev/out/esp32s31-cmake-demo/appfs.img' at 0x00200000...
Flash will be erased from 0x00200000 to 0x002abfff...
Compressed 703488 bytes to 381747...
Writing at 0x002073d8 ━                                4.3% 16.00kB/372.80kB [0s] 
Writing at 0x0020ce3e ━━╸                              8.6% 32.00kB/372.80kB [0s] 
Writing at 0x00215356 ━━━╸                            12.9% 48.00kB/372.80kB [1s] 
Writing at 0x0021edde ━━━━━                           17.2% 64.00kB/372.80kB [1s] 
Writing at 0x0022d173 ━━━━━━                          21.5% 80.00kB/372.80kB [2s] 
Writing at 0x002330a7 ━━━━━━━╸                        25.8% 96.00kB/372.80kB [2s] 
Writing at 0x0023911d ━━━━━━━━━                       30.0% 112.00kB/372.80kB [2s] 
Writing at 0x0023e892 ━━━━━━━━━━                      34.3% 128.00kB/372.80kB [3s] 
Writing at 0x0024841a ━━━━━━━━━━━╸                    38.6% 144.00kB/372.80kB [3s] 
Writing at 0x0024ef9f ━━━━━━━━━━━━╸                   42.9% 160.00kB/372.80kB [4s] 
Writing at 0x00254b64 ━━━━━━━━━━━━━━                  47.2% 176.00kB/372.80kB [4s] 
Writing at 0x0025d745 ━━━━━━━━━━━━━━━                 51.5% 192.00kB/372.80kB [4s] 
Writing at 0x00263268 ━━━━━━━━━━━━━━━━╸               55.8% 208.00kB/372.80kB [5s] 
Writing at 0x0026a6ad ━━━━━━━━━━━━━━━━━━              60.1% 224.00kB/372.80kB [5s] 
Writing at 0x002721d4 ━━━━━━━━━━━━━━━━━━━             64.4% 240.00kB/372.80kB [6s] 
Writing at 0x0027a2a6 ━━━━━━━━━━━━━━━━━━━━╸           68.7% 256.00kB/372.80kB [6s] 
Writing at 0x0027f90d ━━━━━━━━━━━━━━━━━━━━━╸          73.0% 272.00kB/372.80kB [6s] 
Writing at 0x0028863b ━━━━━━━━━━━━━━━━━━━━━━━         77.3% 288.00kB/372.80kB [7s] 
Writing at 0x0028ef9c ━━━━━━━━━━━━━━━━━━━━━━━━        81.5% 304.00kB/372.80kB [7s] 
Writing at 0x00294e59 ━━━━━━━━━━━━━━━━━━━━━━━━━╸      85.8% 320.00kB/372.80kB [8s] 
Writing at 0x0029b072 ━━━━━━━━━━━━━━━━━━━━━━━━━━━     90.1% 336.00kB/372.80kB [8s] 
Writing at 0x002a0c92 ━━━━━━━━━━━━━━━━━━━━━━━━━━━━    94.4% 352.00kB/372.80kB [8s] 
Writing at 0x002a8199 ━━━━━━━━━━━━━━━━━━━━━━━━━━━━━╸  98.7% 368.00kB/372.80kB [9s] 
Writing at 0x002abc00 ━━━━━━━━━━━━━━━━━━━━━━━━━━━━━━ 100.0% 372.80kB/372.80kB [9s] 
Wrote 703488 bytes (381747 compressed) at 0x00200000 in 7.2 seconds (777.6 kbit/s).
Verifying written data...
Hash of data verified.

Hard resetting via RTS pin...
