before-a.bin: OK
before-b.bin: OK
WIFI_ARTIFACT_CONFIG=PASS booleans=1681 protocol=7
+ /home/regex/.espressif/python_env/idf6.1_py3.10_env/bin/esptool --chip esp32s31 --port /dev/serial/by-id/usb-Silicon_Labs_CP2102N_USB_to_UART_Bridge_Controller_f65e4ef67f71f011975a049f1045c30f-if00-port0 --baud 460800 write-flash --flash-size 16MB --flash-mode dio --flash-freq 80m 0x2000 /home/regex/work/esp32s31-openvela/openvela-dev/out/esp32s31-cmake-demo/nuttx.bin 0x200000 /home/regex/work/esp32s31-openvela/openvela-dev/out/esp32s31-cmake-demo/appfs.img
esptool v5.4.0
Serial port /dev/serial/by-id/usb-Silicon_Labs_CP2102N_USB_to_UART_Bridge_Controller_f65e4ef67f71f011975a049f1045c30f-if00-port0:
Connecting....
Connected to ESP32-S31 on /dev/serial/by-id/usb-Silicon_Labs_CP2102N_USB_to_UART_Bridge_Controller_f65e4ef67f71f011975a049f1045c30f-if00-port0:
Chip type:          ESP32-S31 (revision v0.0)
Features:           Wi-Fi 6, BT 5.4 (LE), IEEE802.15.4, Dual Core + LP Core, 300MHz
Crystal frequency:  40MHz
MAC:                30:ed:a0:f3:f7:b0

Uploading stub flasher...
Running stub flasher...
Stub flasher running.
Changing baud rate to 460800...
Changed.

Configuring flash size...

Writing '/home/regex/work/esp32s31-openvela/openvela-dev/out/esp32s31-cmake-demo/nuttx.bin' at 0x00002000...
SHA digest in image updated.
Flash will be erased from 0x00002000 to 0x000f7fff...
Compressed 1005156 bytes to 560049...
Writing at 0x00007d13 ╸                                2.9% 16.00kB/546.92kB [0s] 
Writing at 0x0000de82 ━╸                               5.9% 32.00kB/546.92kB [0s] 
Writing at 0x00015c80 ━━╸                              8.8% 48.00kB/546.92kB [1s] 
Writing at 0x00029fd8 ━━━╸                            11.7% 64.00kB/546.92kB [1s] 
Writing at 0x00031664 ━━━━                            14.6% 80.00kB/546.92kB [2s] 
Writing at 0x000423b7 ━━━━━                           17.6% 96.00kB/546.92kB [2s] 
Writing at 0x00048466 ━━━━━━                          20.5% 112.00kB/546.92kB [3s] 
Writing at 0x0004e879 ━━━━━━━                         23.4% 128.00kB/546.92kB [3s] 
Writing at 0x00055e0b ━━━━━━━╸                        26.3% 144.00kB/546.92kB [3s] 
Writing at 0x0005f2c4 ━━━━━━━━╸                       29.3% 160.00kB/546.92kB [4s] 
Writing at 0x000660cd ━━━━━━━━━╸                      32.2% 176.00kB/546.92kB [4s] 
Writing at 0x0006d9f3 ━━━━━━━━━━╸                     35.1% 192.00kB/546.92kB [5s] 
Writing at 0x00073fad ━━━━━━━━━━━                     38.0% 208.00kB/546.92kB [5s] 
Writing at 0x0007a367 ━━━━━━━━━━━━                    41.0% 224.00kB/546.92kB [5s] 
Writing at 0x0008039f ━━━━━━━━━━━━━                   43.9% 240.00kB/546.92kB [6s] 
Writing at 0x00085a8d ━━━━━━━━━━━━━━                  46.8% 256.00kB/546.92kB [6s] 
Writing at 0x0008b3d4 ━━━━━━━━━━━━━━╸                 49.7% 272.00kB/546.92kB [7s] 
Writing at 0x00090e3e ━━━━━━━━━━━━━━━╸                52.7% 288.00kB/546.92kB [7s] 
Writing at 0x00096a32 ━━━━━━━━━━━━━━━━╸               55.6% 304.00kB/546.92kB [7s] 
Writing at 0x0009d4c1 ━━━━━━━━━━━━━━━━━╸              58.5% 320.00kB/546.92kB [8s] 
Writing at 0x000a5f37 ━━━━━━━━━━━━━━━━━━              61.4% 336.00kB/546.92kB [8s] 
Writing at 0x000ac738 ━━━━━━━━━━━━━━━━━━━             64.4% 352.00kB/546.92kB [9s] 
Writing at 0x000b2778 ━━━━━━━━━━━━━━━━━━━━            67.3% 368.00kB/546.92kB [9s] 
Writing at 0x000b9576 ━━━━━━━━━━━━━━━━━━━━━           70.2% 384.00kB/546.92kB [9s] 
Writing at 0x000bfa9d ━━━━━━━━━━━━━━━━━━━━━╸          73.1% 400.00kB/546.92kB [10s] 
Writing at 0x000c570d ━━━━━━━━━━━━━━━━━━━━━━╸         76.1% 416.00kB/546.92kB [10s] 
Writing at 0x000cb291 ━━━━━━━━━━━━━━━━━━━━━━━╸        79.0% 432.00kB/546.92kB [11s] 
Writing at 0x000d1911 ━━━━━━━━━━━━━━━━━━━━━━━━╸       81.9% 448.00kB/546.92kB [11s] 
Writing at 0x000d8168 ━━━━━━━━━━━━━━━━━━━━━━━━━       84.8% 464.00kB/546.92kB [11s] 
Writing at 0x000de077 ━━━━━━━━━━━━━━━━━━━━━━━━━━      87.8% 480.00kB/546.92kB [12s] 
Writing at 0x000e412a ━━━━━━━━━━━━━━━━━━━━━━━━━━━     90.7% 496.00kB/546.92kB [12s] 
Writing at 0x000ea0d7 ━━━━━━━━━━━━━━━━━━━━━━━━━━━━    93.6% 512.00kB/546.92kB [13s] 
Writing at 0x000efe08 ━━━━━━━━━━━━━━━━━━━━━━━━━━━━╸   96.5% 528.00kB/546.92kB [13s] 
Writing at 0x000f6541 ━━━━━━━━━━━━━━━━━━━━━━━━━━━━━╸  99.5% 544.00kB/546.92kB [13s] 
Writing at 0x000f7664 ━━━━━━━━━━━━━━━━━━━━━━━━━━━━━━ 100.0% 546.92kB/546.92kB [13s] 
Wrote 1005156 bytes (560049 compressed) at 0x00002000 in 11.4 seconds (703.2 kbit/s).
Verifying written data...
Hash of data verified.

Writing '/home/regex/work/esp32s31-openvela/openvela-dev/out/esp32s31-cmake-demo/appfs.img' at 0x00200000...
Flash will be erased from 0x00200000 to 0x002abfff...
Compressed 703488 bytes to 381743...
Writing at 0x002073d8 ━                                4.3% 16.00kB/372.80kB [0s] 
Writing at 0x0020ce3e ━━╸                              8.6% 32.00kB/372.80kB [0s] 
Writing at 0x00215356 ━━━╸                            12.9% 48.00kB/372.80kB [1s] 
Writing at 0x0021eee0 ━━━━━                           17.2% 64.00kB/372.80kB [1s] 
Writing at 0x0022d174 ━━━━━━                          21.5% 80.00kB/372.80kB [1s] 
Writing at 0x002330ac ━━━━━━━╸                        25.8% 96.00kB/372.80kB [2s] 
Writing at 0x0023911f ━━━━━━━━━                       30.0% 112.00kB/372.80kB [2s] 
Writing at 0x0023e897 ━━━━━━━━━━                      34.3% 128.00kB/372.80kB [3s] 
Writing at 0x00248423 ━━━━━━━━━━━╸                    38.6% 144.00kB/372.80kB [3s] 
Writing at 0x0024efa3 ━━━━━━━━━━━━╸                   42.9% 160.00kB/372.80kB [3s] 
Writing at 0x00254b5e ━━━━━━━━━━━━━━                  47.2% 176.00kB/372.80kB [4s] 
Writing at 0x0025d745 ━━━━━━━━━━━━━━━                 51.5% 192.00kB/372.80kB [4s] 
Writing at 0x00263268 ━━━━━━━━━━━━━━━━╸               55.8% 208.00kB/372.80kB [5s] 
Writing at 0x0026a6ac ━━━━━━━━━━━━━━━━━━              60.1% 224.00kB/372.80kB [5s] 
Writing at 0x002721d3 ━━━━━━━━━━━━━━━━━━━             64.4% 240.00kB/372.80kB [5s] 
Writing at 0x0027a2a6 ━━━━━━━━━━━━━━━━━━━━╸           68.7% 256.00kB/372.80kB [6s] 
Writing at 0x0027f90c ━━━━━━━━━━━━━━━━━━━━━╸          73.0% 272.00kB/372.80kB [6s] 
Writing at 0x0028863a ━━━━━━━━━━━━━━━━━━━━━━━         77.3% 288.00kB/372.80kB [7s] 
Writing at 0x0028ef9c ━━━━━━━━━━━━━━━━━━━━━━━━        81.5% 304.00kB/372.80kB [7s] 
Writing at 0x00294e58 ━━━━━━━━━━━━━━━━━━━━━━━━━╸      85.8% 320.00kB/372.80kB [8s] 
Writing at 0x0029b072 ━━━━━━━━━━━━━━━━━━━━━━━━━━━     90.1% 336.00kB/372.80kB [8s] 
Writing at 0x002a0c91 ━━━━━━━━━━━━━━━━━━━━━━━━━━━━    94.4% 352.00kB/372.80kB [8s] 
Writing at 0x002a8199 ━━━━━━━━━━━━━━━━━━━━━━━━━━━━━╸  98.7% 368.00kB/372.80kB [9s] 
Writing at 0x002abc00 ━━━━━━━━━━━━━━━━━━━━━━━━━━━━━━ 100.0% 372.80kB/372.80kB [9s] 
Wrote 703488 bytes (381743 compressed) at 0x00200000 in 9.4 seconds (597.9 kbit/s).
Verifying written data...
Hash of data verified.

Hard resetting via RTS pin...
