before-a.bin: OK
before-b.bin: OK
WIFI_ARTIFACT_CONFIG=PASS booleans=1602 protocol=7
+ /home/regex/.espressif/python_env/idf6.1_py3.10_env/bin/esptool --chip esp32s31 --port /dev/serial/by-id/usb-Silicon_Labs_CP2102N_USB_to_UART_Bridge_Controller_f65e4ef67f71f011975a049f1045c30f-if00-port0 --baud 460800 write-flash --flash-size 16MB --flash-mode dio --flash-freq 80m 0x2000 /home/regex/work/esp32s31-openvela/openvela-dev/out/esp32s31-cmake-demo/nuttx.bin 0x200000 /home/regex/work/esp32s31-openvela/openvela-dev/out/esp32s31-cmake-demo/appfs.img
esptool v5.4.0
Serial port /dev/serial/by-id/usb-Silicon_Labs_CP2102N_USB_to_UART_Bridge_Controller_f65e4ef67f71f011975a049f1045c30f-if00-port0:
Connecting....
Connected to ESP32-S31 on /dev/serial/by-id/usb-Silicon_Labs_CP2102N_USB_to_UART_Bridge_Controller_f65e4ef67f71f011975a049f1045c30f-if00-port0:
Chip type:          ESP32-S31 (revision v0.0)
Features:           Wi-Fi 6, BT 5.4 (LE), IEEE802.15.4, Dual Core + LP Core, 300MHz
Crystal frequency:  40MHz
MAC:                30:ed:a0:f3:f7:b0

Uploading stub flasher...
Running stub flasher...
Stub flasher running.
Changing baud rate to 460800...
Changed.

Configuring flash size...

Writing '/home/regex/work/esp32s31-openvela/openvela-dev/out/esp32s31-cmake-demo/nuttx.bin' at 0x00002000...
SHA digest in image updated.
Flash will be erased from 0x00002000 to 0x000f1fff...
Compressed 982040 bytes to 544356...
Writing at 0x00007f28 ╸                                3.0% 16.00kB/531.60kB [0s] 
Writing at 0x0000e0d7 ━╸                               6.0% 32.00kB/531.60kB [0s] 
Writing at 0x00020790 ━━╸                              9.0% 48.00kB/531.60kB [1s] 
Writing at 0x0002a107 ━━━╸                            12.0% 64.00kB/531.60kB [1s] 
Writing at 0x000323d6 ━━━━╸                           15.0% 80.00kB/531.60kB [2s] 
Writing at 0x00042d94 ━━━━━                           18.1% 96.00kB/531.60kB [2s] 
Writing at 0x00048ee7 ━━━━━━                          21.1% 112.00kB/531.60kB [2s] 
Writing at 0x0004f37e ━━━━━━━                         24.1% 128.00kB/531.60kB [3s] 
Writing at 0x0005719e ━━━━━━━━                        27.1% 144.00kB/531.60kB [3s] 
Writing at 0x0005fed8 ━━━━━━━━━                       30.1% 160.00kB/531.60kB [3s] 
Writing at 0x00066f0c ━━━━━━━━━╸                      33.1% 176.00kB/531.60kB [4s] 
Writing at 0x0006e729 ━━━━━━━━━━╸                     36.1% 192.00kB/531.60kB [4s] 
Writing at 0x00074c4c ━━━━━━━━━━━╸                    39.1% 208.00kB/531.60kB [5s] 
Writing at 0x0007ac91 ━━━━━━━━━━━━╸                   42.1% 224.00kB/531.60kB [5s] 
Writing at 0x0008064d ━━━━━━━━━━━━━╸                  45.1% 240.00kB/531.60kB [5s] 
Writing at 0x00085d34 ━━━━━━━━━━━━━━                  48.2% 256.00kB/531.60kB [6s] 
Writing at 0x0008b890 ━━━━━━━━━━━━━━━                 51.2% 272.00kB/531.60kB [6s] 
Writing at 0x00091557 ━━━━━━━━━━━━━━━━                54.2% 288.00kB/531.60kB [6s] 
Writing at 0x00097569 ━━━━━━━━━━━━━━━━━               57.2% 304.00kB/531.60kB [7s] 
Writing at 0x000a00f0 ━━━━━━━━━━━━━━━━━━              60.2% 320.00kB/531.60kB [7s] 
Writing at 0x000a69fa ━━━━━━━━━━━━━━━━━━╸             63.2% 336.00kB/531.60kB [8s] 
Writing at 0x000ac9bf ━━━━━━━━━━━━━━━━━━━╸            66.2% 352.00kB/531.60kB [8s] 
Writing at 0x000b370d ━━━━━━━━━━━━━━━━━━━━╸           69.2% 368.00kB/531.60kB [8s] 
Writing at 0x000b9ca5 ━━━━━━━━━━━━━━━━━━━━━╸          72.2% 384.00kB/531.60kB [9s] 
Writing at 0x000bf8ae ━━━━━━━━━━━━━━━━━━━━━━╸         75.2% 400.00kB/531.60kB [9s] 
Writing at 0x000c54de ━━━━━━━━━━━━━━━━━━━━━━━         78.3% 416.00kB/531.60kB [10s] 
Writing at 0x000cba98 ━━━━━━━━━━━━━━━━━━━━━━━━        81.3% 432.00kB/531.60kB [10s] 
Writing at 0x000d22ea ━━━━━━━━━━━━━━━━━━━━━━━━━       84.3% 448.00kB/531.60kB [10s] 
Writing at 0x000d82de ━━━━━━━━━━━━━━━━━━━━━━━━━━      87.3% 464.00kB/531.60kB [11s] 
Writing at 0x000de2a0 ━━━━━━━━━━━━━━━━━━━━━━━━━━━     90.3% 480.00kB/531.60kB [11s] 
Writing at 0x000e431c ━━━━━━━━━━━━━━━━━━━━━━━━━━━╸    93.3% 496.00kB/531.60kB [11s] 
Writing at 0x000e9ffd ━━━━━━━━━━━━━━━━━━━━━━━━━━━━╸   96.3% 512.00kB/531.60kB [12s] 
Writing at 0x000f0716 ━━━━━━━━━━━━━━━━━━━━━━━━━━━━━╸  99.3% 528.00kB/531.60kB [12s] 
Writing at 0x000f1c18 ━━━━━━━━━━━━━━━━━━━━━━━━━━━━━━ 100.0% 531.60kB/531.60kB [12s] 
Wrote 982040 bytes (544356 compressed) at 0x00002000 in 12.8 seconds (612.1 kbit/s).
Verifying written data...
Hash of data verified.

Writing '/home/regex/work/esp32s31-openvela/openvela-dev/out/esp32s31-cmake-demo/appfs.img' at 0x00200000...
Flash will be erased from 0x00200000 to 0x00292fff...
Compressed 601088 bytes to 341312...
Writing at 0x002073d5 ━                                4.8% 16.00kB/333.31kB [0s] 
Writing at 0x0020cecf ━━╸                              9.6% 32.00kB/333.31kB [0s] 
Writing at 0x002140ec ━━━━                            14.4% 48.00kB/333.31kB [1s] 
Writing at 0x0021e736 ━━━━━╸                          19.2% 64.00kB/333.31kB [1s] 
Writing at 0x00224658 ━━━━━━━                         24.0% 80.00kB/333.31kB [1s] 
Writing at 0x0022a6aa ━━━━━━━━╸                       28.8% 96.00kB/333.31kB [2s] 
Writing at 0x0022fe1c ━━━━━━━━━━                      33.6% 112.00kB/333.31kB [2s] 
Writing at 0x00239732 ━━━━━━━━━━━╸                    38.4% 128.00kB/333.31kB [3s] 
Writing at 0x002402b5 ━━━━━━━━━━━━╸                   43.2% 144.00kB/333.31kB [3s] 
Writing at 0x002460ad ━━━━━━━━━━━━━━                  48.0% 160.00kB/333.31kB [3s] 
Writing at 0x0024e8eb ━━━━━━━━━━━━━━━╸                52.8% 176.00kB/333.31kB [4s] 
Writing at 0x00256215 ━━━━━━━━━━━━━━━━━               57.6% 192.00kB/333.31kB [4s] 
Writing at 0x0025c089 ━━━━━━━━━━━━━━━━━━╸             62.4% 208.00kB/333.31kB [4s] 
Writing at 0x00263c65 ━━━━━━━━━━━━━━━━━━━━            67.2% 224.00kB/333.31kB [5s] 
Writing at 0x00269ca9 ━━━━━━━━━━━━━━━━━━━━━╸          72.0% 240.00kB/333.31kB [5s] 
Writing at 0x00272e50 ━━━━━━━━━━━━━━━━━━━━━━━         76.8% 256.00kB/333.31kB [6s] 
Writing at 0x002788d4 ━━━━━━━━━━━━━━━━━━━━━━━━        81.6% 272.00kB/333.31kB [6s] 
Writing at 0x0027ea3e ━━━━━━━━━━━━━━━━━━━━━━━━━╸      86.4% 288.00kB/333.31kB [6s] 
Writing at 0x00284cf3 ━━━━━━━━━━━━━━━━━━━━━━━━━━━     91.2% 304.00kB/333.31kB [7s] 
Writing at 0x0028a512 ━━━━━━━━━━━━━━━━━━━━━━━━━━━━╸   96.0% 320.00kB/333.31kB [7s] 
Writing at 0x00292c00 ━━━━━━━━━━━━━━━━━━━━━━━━━━━━━━ 100.0% 333.31kB/333.31kB [7s] 
Wrote 601088 bytes (341312 compressed) at 0x00200000 in 7.2 seconds (670.6 kbit/s).
Verifying written data...
Hash of data verified.

Hard resetting via RTS pin...
