before-a.bin: OK
before-b.bin: OK
WIFI_ARTIFACT_CONFIG=PASS booleans=1714 protocol=7
+ /home/regex/.espressif/python_env/idf6.1_py3.10_env/bin/esptool --chip esp32s31 --port /dev/serial/by-id/usb-Silicon_Labs_CP2102N_USB_to_UART_Bridge_Controller_f65e4ef67f71f011975a049f1045c30f-if00-port0 --baud 460800 write-flash --flash-size 16MB --flash-mode dio --flash-freq 80m 0x2000 /home/regex/work/esp32s31-openvela/openvela-dev/out/esp32s31-cmake-demo/nuttx.bin 0x200000 /home/regex/work/esp32s31-openvela/openvela-dev/out/esp32s31-cmake-demo/appfs.img
esptool v5.4.0
Serial port /dev/serial/by-id/usb-Silicon_Labs_CP2102N_USB_to_UART_Bridge_Controller_f65e4ef67f71f011975a049f1045c30f-if00-port0:
Connecting....
Connected to ESP32-S31 on /dev/serial/by-id/usb-Silicon_Labs_CP2102N_USB_to_UART_Bridge_Controller_f65e4ef67f71f011975a049f1045c30f-if00-port0:
Chip type:          ESP32-S31 (revision v0.0)
Features:           Wi-Fi 6, BT 5.4 (LE), IEEE802.15.4, Dual Core + LP Core, 300MHz
Crystal frequency:  40MHz
MAC:                30:ed:a0:f3:f7:b0

Uploading stub flasher...
Running stub flasher...
Stub flasher running.
Changing baud rate to 460800...
Changed.

Configuring flash size...

Writing '/home/regex/work/esp32s31-openvela/openvela-dev/out/esp32s31-cmake-demo/nuttx.bin' at 0x00002000...
SHA digest in image updated.
Flash will be erased from 0x00002000 to 0x000f9fff...
Compressed 1013448 bytes to 563875...
Writing at 0x00007d1d ╸                                2.9% 16.00kB/550.66kB [0s] 
Writing at 0x0000de8b ━╸                               5.8% 32.00kB/550.66kB [0s] 
Writing at 0x00015ca1 ━━╸                              8.7% 48.00kB/550.66kB [1s] 
Writing at 0x0002a02d ━━━                             11.6% 64.00kB/550.66kB [1s] 
Writing at 0x00031655 ━━━━                            14.5% 80.00kB/550.66kB [2s] 
Writing at 0x0004234e ━━━━━                           17.4% 96.00kB/550.66kB [2s] 
Writing at 0x000483ea ━━━━━━                          20.3% 112.00kB/550.66kB [3s] 
Writing at 0x0004e811 ━━━━━━╸                         23.2% 128.00kB/550.66kB [3s] 
Writing at 0x00055bb4 ━━━━━━━╸                        26.2% 144.00kB/550.66kB [4s] 
Writing at 0x0005ef9a ━━━━━━━━╸                       29.1% 160.00kB/550.66kB [4s] 
Writing at 0x00065e83 ━━━━━━━━━╸                      32.0% 176.00kB/550.66kB [4s] 
Writing at 0x0006d8fd ━━━━━━━━━━                      34.9% 192.00kB/550.66kB [5s] 
Writing at 0x00073f75 ━━━━━━━━━━━                     37.8% 208.00kB/550.66kB [5s] 
Writing at 0x0007a31c ━━━━━━━━━━━━                    40.7% 224.00kB/550.66kB [6s] 
Writing at 0x00080324 ━━━━━━━━━━━━━                   43.6% 240.00kB/550.66kB [6s] 
Writing at 0x000859cf ━━━━━━━━━━━━━╸                  46.5% 256.00kB/550.66kB [6s] 
Writing at 0x0008b399 ━━━━━━━━━━━━━━╸                 49.4% 272.00kB/550.66kB [7s] 
Writing at 0x00090d3c ━━━━━━━━━━━━━━━╸                52.3% 288.00kB/550.66kB [7s] 
Writing at 0x00096a38 ━━━━━━━━━━━━━━━━╸               55.2% 304.00kB/550.66kB [8s] 
Writing at 0x0009dc2e ━━━━━━━━━━━━━━━━━               58.1% 320.00kB/550.66kB [8s] 
Writing at 0x000a6694 ━━━━━━━━━━━━━━━━━━              61.0% 336.00kB/550.66kB [8s] 
Writing at 0x000ad353 ━━━━━━━━━━━━━━━━━━━             63.9% 352.00kB/550.66kB [9s] 
Writing at 0x000b3048 ━━━━━━━━━━━━━━━━━━━━            66.8% 368.00kB/550.66kB [9s] 
Writing at 0x000b9ba0 ━━━━━━━━━━━━━━━━━━━━╸           69.7% 384.00kB/550.66kB [10s] 
Writing at 0x000c0242 ━━━━━━━━━━━━━━━━━━━━━╸          72.6% 400.00kB/550.66kB [10s] 
Writing at 0x000c61b6 ━━━━━━━━━━━━━━━━━━━━━━╸         75.5% 416.00kB/550.66kB [10s] 
Writing at 0x000cbda5 ━━━━━━━━━━━━━━━━━━━━━━━╸        78.5% 432.00kB/550.66kB [11s] 
Writing at 0x000d226e ━━━━━━━━━━━━━━━━━━━━━━━━        81.4% 448.00kB/550.66kB [11s] 
Writing at 0x000d8a86 ━━━━━━━━━━━━━━━━━━━━━━━━━       84.3% 464.00kB/550.66kB [12s] 
Writing at 0x000deb78 ━━━━━━━━━━━━━━━━━━━━━━━━━━      87.2% 480.00kB/550.66kB [12s] 
Writing at 0x000e4c1d ━━━━━━━━━━━━━━━━━━━━━━━━━━━     90.1% 496.00kB/550.66kB [12s] 
Writing at 0x000eab8a ━━━━━━━━━━━━━━━━━━━━━━━━━━━╸    93.0% 512.00kB/550.66kB [13s] 
Writing at 0x000f0938 ━━━━━━━━━━━━━━━━━━━━━━━━━━━━╸   95.9% 528.00kB/550.66kB [13s] 
Writing at 0x000f6b2b ━━━━━━━━━━━━━━━━━━━━━━━━━━━━━╸  98.8% 544.00kB/550.66kB [14s] 
Writing at 0x000f96c8 ━━━━━━━━━━━━━━━━━━━━━━━━━━━━━━ 100.0% 550.66kB/550.66kB [14s] 
Wrote 1013448 bytes (563875 compressed) at 0x00002000 in 11.7 seconds (693.2 kbit/s).
Verifying written data...
Hash of data verified.

Writing '/home/regex/work/esp32s31-openvela/openvela-dev/out/esp32s31-cmake-demo/appfs.img' at 0x00200000...
Flash will be erased from 0x00200000 to 0x0032ffff...
Compressed 1243136 bytes to 698563...
Writing at 0x002073cd ╸                                2.3% 16.00kB/682.19kB [0s] 
Writing at 0x0020cd3f ━                                4.7% 32.00kB/682.19kB [0s] 
Writing at 0x00214274 ━━                               7.0% 48.00kB/682.19kB [1s] 
Writing at 0x0021e2d7 ━━╸                              9.4% 64.00kB/682.19kB [1s] 
Writing at 0x0022ab34 ━━━╸                            11.7% 80.00kB/682.19kB [2s] 
Writing at 0x00234bed ━━━━                            14.1% 96.00kB/682.19kB [2s] 
Writing at 0x0023a9b6 ━━━━╸                           16.4% 112.00kB/682.19kB [2s] 
Writing at 0x0024093a ━━━━━╸                          18.8% 128.00kB/682.19kB [3s] 
Writing at 0x00246414 ━━━━━━                          21.1% 144.00kB/682.19kB [3s] 
Writing at 0x0024dd58 ━━━━━━━                         23.5% 160.00kB/682.19kB [4s] 
Writing at 0x00256a6b ━━━━━━━╸                        25.8% 176.00kB/682.19kB [4s] 
Writing at 0x0025c96e ━━━━━━━━                        28.1% 192.00kB/682.19kB [4s] 
Writing at 0x00263dd3 ━━━━━━━━━                       30.5% 208.00kB/682.19kB [5s] 
Writing at 0x0026b64d ━━━━━━━━━╸                      32.8% 224.00kB/682.19kB [5s] 
Writing at 0x002723e7 ━━━━━━━━━━╸                     35.2% 240.00kB/682.19kB [6s] 
Writing at 0x002788ee ━━━━━━━━━━━                     37.5% 256.00kB/682.19kB [6s] 
Writing at 0x0027e8d2 ━━━━━━━━━━━╸                    39.9% 272.00kB/682.19kB [6s] 
Writing at 0x00285880 ━━━━━━━━━━━━╸                   42.2% 288.00kB/682.19kB [7s] 
Writing at 0x0028edc7 ━━━━━━━━━━━━━                   44.6% 304.00kB/682.19kB [7s] 
Writing at 0x0029635a ━━━━━━━━━━━━━━                  46.9% 320.00kB/682.19kB [8s] 
Writing at 0x0029ce4b ━━━━━━━━━━━━━━╸                 49.3% 336.00kB/682.19kB [8s] 
Writing at 0x002a2fba ━━━━━━━━━━━━━━━                 51.6% 352.00kB/682.19kB [8s] 
Writing at 0x002a8468 ━━━━━━━━━━━━━━━━                53.9% 368.00kB/682.19kB [9s] 
Writing at 0x002b08b7 ━━━━━━━━━━━━━━━━╸               56.3% 384.00kB/682.19kB [9s] 
Writing at 0x002b822b ━━━━━━━━━━━━━━━━━╸              58.6% 400.00kB/682.19kB [10s] 
Writing at 0x002be15b ━━━━━━━━━━━━━━━━━━              61.0% 416.00kB/682.19kB [10s] 
Writing at 0x002c5d89 ━━━━━━━━━━━━━━━━━━╸             63.3% 432.00kB/682.19kB [10s] 
Writing at 0x002ce1fb ━━━━━━━━━━━━━━━━━━━╸            65.7% 448.00kB/682.19kB [11s] 
Writing at 0x002d4e2b ━━━━━━━━━━━━━━━━━━━━            68.0% 464.00kB/682.19kB [11s] 
Writing at 0x002daa2e ━━━━━━━━━━━━━━━━━━━━━           70.4% 480.00kB/682.19kB [12s] 
Writing at 0x002e0dac ━━━━━━━━━━━━━━━━━━━━━╸          72.7% 496.00kB/682.19kB [12s] 
Writing at 0x002e6e28 ━━━━━━━━━━━━━━━━━━━━━━╸         75.1% 512.00kB/682.19kB [12s] 
Writing at 0x002ec4f8 ━━━━━━━━━━━━━━━━━━━━━━━         77.4% 528.00kB/682.19kB [13s] 
Writing at 0x002f5c73 ━━━━━━━━━━━━━━━━━━━━━━━╸        79.7% 544.00kB/682.19kB [13s] 
Writing at 0x002fc6bc ━━━━━━━━━━━━━━━━━━━━━━━━╸       82.1% 560.00kB/682.19kB [14s] 
Writing at 0x003024af ━━━━━━━━━━━━━━━━━━━━━━━━━       84.4% 576.00kB/682.19kB [14s] 
Writing at 0x003078d0 ━━━━━━━━━━━━━━━━━━━━━━━━━━      86.8% 592.00kB/682.19kB [14s] 
Writing at 0x003105dc ━━━━━━━━━━━━━━━━━━━━━━━━━━╸     89.1% 608.00kB/682.19kB [15s] 
Writing at 0x003170a8 ━━━━━━━━━━━━━━━━━━━━━━━━━━━     91.5% 624.00kB/682.19kB [15s] 
Writing at 0x0031c890 ━━━━━━━━━━━━━━━━━━━━━━━━━━━━    93.8% 640.00kB/682.19kB [16s] 
Writing at 0x00322748 ━━━━━━━━━━━━━━━━━━━━━━━━━━━━╸   96.2% 656.00kB/682.19kB [16s] 
Writing at 0x0032abee ━━━━━━━━━━━━━━━━━━━━━━━━━━━━━╸  98.5% 672.00kB/682.19kB [17s] 
Writing at 0x0032f800 ━━━━━━━━━━━━━━━━━━━━━━━━━━━━━━ 100.0% 682.19kB/682.19kB [17s] 
Wrote 1243136 bytes (698563 compressed) at 0x00200000 in 17.4 seconds (572.9 kbit/s).
Verifying written data...
Hash of data verified.

Hard resetting via RTS pin...
