before-a.bin: OK
before-b.bin: OK
WIFI_ARTIFACT_CONFIG=PASS booleans=1736 protocol=7
+ /home/regex/.espressif/python_env/idf6.1_py3.10_env/bin/esptool --chip esp32s31 --port /dev/serial/by-id/usb-Silicon_Labs_CP2102N_USB_to_UART_Bridge_Controller_f65e4ef67f71f011975a049f1045c30f-if00-port0 --baud 460800 write-flash --flash-size 16MB --flash-mode dio --flash-freq 80m 0x2000 /home/regex/work/esp32s31-openvela/openvela-dev/out/esp32s31-cmake-demo/nuttx.bin 0x200000 /home/regex/work/esp32s31-openvela/openvela-dev/out/esp32s31-cmake-demo/appfs.img
esptool v5.4.0
Serial port /dev/serial/by-id/usb-Silicon_Labs_CP2102N_USB_to_UART_Bridge_Controller_f65e4ef67f71f011975a049f1045c30f-if00-port0:
Connecting....
Connected to ESP32-S31 on /dev/serial/by-id/usb-Silicon_Labs_CP2102N_USB_to_UART_Bridge_Controller_f65e4ef67f71f011975a049f1045c30f-if00-port0:
Chip type:          ESP32-S31 (revision v0.0)
Features:           Wi-Fi 6, BT 5.4 (LE), IEEE802.15.4, Dual Core + LP Core, 300MHz
Crystal frequency:  40MHz
MAC:                30:ed:a0:f3:f7:b0

Uploading stub flasher...
Running stub flasher...
Stub flasher running.
Changing baud rate to 460800...
Changed.

Configuring flash size...

Writing '/home/regex/work/esp32s31-openvela/openvela-dev/out/esp32s31-cmake-demo/nuttx.bin' at 0x00002000...
SHA digest in image updated.
Flash will be erased from 0x00002000 to 0x00102fff...
Compressed 1051488 bytes to 586579...
Writing at 0x00007d32 ╸                                2.8% 16.00kB/572.83kB [0s] 
Writing at 0x0000deb9 ━╸                               5.6% 32.00kB/572.83kB [0s] 
Writing at 0x00015c6e ━━╸                              8.4% 48.00kB/572.83kB [1s] 
Writing at 0x0002a845 ━━━                             11.2% 64.00kB/572.83kB [1s] 
Writing at 0x000317ad ━━━━                            14.0% 80.00kB/572.83kB [2s] 
Writing at 0x00041ec5 ━━━━━                           16.8% 96.00kB/572.83kB [2s] 
Writing at 0x00047de2 ━━━━━╸                          19.6% 112.00kB/572.83kB [3s] 
Writing at 0x0004e323 ━━━━━━╸                         22.3% 128.00kB/572.83kB [3s] 
Writing at 0x000551e3 ━━━━━━━╸                        25.1% 144.00kB/572.83kB [3s] 
Writing at 0x0005df09 ━━━━━━━━                        27.9% 160.00kB/572.83kB [4s] 
Writing at 0x000656a7 ━━━━━━━━━                       30.7% 176.00kB/572.83kB [4s] 
Writing at 0x0006ce7d ━━━━━━━━━━                      33.5% 192.00kB/572.83kB [5s] 
Writing at 0x00073fbc ━━━━━━━━━━╸                     36.3% 208.00kB/572.83kB [5s] 
Writing at 0x0007a562 ━━━━━━━━━━━╸                    39.1% 224.00kB/572.83kB [5s] 
Writing at 0x000804dd ━━━━━━━━━━━━╸                   41.9% 240.00kB/572.83kB [6s] 
Writing at 0x000861fe ━━━━━━━━━━━━━                   44.7% 256.00kB/572.83kB [6s] 
Writing at 0x0008b7f5 ━━━━━━━━━━━━━━                  47.5% 272.00kB/572.83kB [7s] 
Writing at 0x00091288 ━━━━━━━━━━━━━━━                 50.3% 288.00kB/572.83kB [7s] 
Writing at 0x00096d97 ━━━━━━━━━━━━━━━╸                53.1% 304.00kB/572.83kB [7s] 
Writing at 0x0009d2fc ━━━━━━━━━━━━━━━━╸               55.9% 320.00kB/572.83kB [8s] 
Writing at 0x000a4f03 ━━━━━━━━━━━━━━━━━╸              58.7% 336.00kB/572.83kB [8s] 
Writing at 0x000ad088 ━━━━━━━━━━━━━━━━━━              61.4% 352.00kB/572.83kB [9s] 
Writing at 0x000b479a ━━━━━━━━━━━━━━━━━━━             64.2% 368.00kB/572.83kB [9s] 
Writing at 0x000b9d50 ━━━━━━━━━━━━━━━━━━━━            67.0% 384.00kB/572.83kB [9s] 
Writing at 0x000c051d ━━━━━━━━━━━━━━━━━━━━╸           69.8% 400.00kB/572.83kB [10s] 
Writing at 0x000c71ec ━━━━━━━━━━━━━━━━━━━━━╸          72.6% 416.00kB/572.83kB [10s] 
Writing at 0x000cd1d8 ━━━━━━━━━━━━━━━━━━━━━━╸         75.4% 432.00kB/572.83kB [11s] 
Writing at 0x000d2ee6 ━━━━━━━━━━━━━━━━━━━━━━━         78.2% 448.00kB/572.83kB [11s] 
Writing at 0x000d8f34 ━━━━━━━━━━━━━━━━━━━━━━━━        81.0% 464.00kB/572.83kB [11s] 
Writing at 0x000df572 ━━━━━━━━━━━━━━━━━━━━━━━━━       83.8% 480.00kB/572.83kB [12s] 
Writing at 0x000e5aa6 ━━━━━━━━━━━━━━━━━━━━━━━━━╸      86.6% 496.00kB/572.83kB [12s] 
Writing at 0x000eba06 ━━━━━━━━━━━━━━━━━━━━━━━━━━╸     89.4% 512.00kB/572.83kB [13s] 
Writing at 0x000f1a98 ━━━━━━━━━━━━━━━━━━━━━━━━━━━╸    92.2% 528.00kB/572.83kB [13s] 
Writing at 0x000f7b5c ━━━━━━━━━━━━━━━━━━━━━━━━━━━━    95.0% 544.00kB/572.83kB [13s] 
Writing at 0x000fdafa ━━━━━━━━━━━━━━━━━━━━━━━━━━━━━   97.8% 560.00kB/572.83kB [14s] 
Writing at 0x00102b60 ━━━━━━━━━━━━━━━━━━━━━━━━━━━━━━ 100.0% 572.83kB/572.83kB [14s] 
Wrote 1051488 bytes (586579 compressed) at 0x00002000 in 14.8 seconds (568.8 kbit/s).
Verifying written data...
Hash of data verified.

Writing '/home/regex/work/esp32s31-openvela/openvela-dev/out/esp32s31-cmake-demo/appfs.img' at 0x00200000...
Flash will be erased from 0x00200000 to 0x00361fff...
Compressed 1447936 bytes to 796835...
Writing at 0x002073ce ╸                                2.1% 16.00kB/778.16kB [0s] 
Writing at 0x0020cc32 ━                                4.1% 32.00kB/778.16kB [0s] 
Writing at 0x00213f9b ━╸                               6.2% 48.00kB/778.16kB [1s] 
Writing at 0x002229dd ━━                               8.2% 64.00kB/778.16kB [1s] 
Writing at 0x00230b0e ━━━                             10.3% 80.00kB/778.16kB [2s] 
Writing at 0x0023ac18 ━━━╸                            12.3% 96.00kB/778.16kB [2s] 
Writing at 0x00240938 ━━━━                            14.4% 112.00kB/778.16kB [2s] 
Writing at 0x00246863 ━━━━╸                           16.4% 128.00kB/778.16kB [3s] 
Writing at 0x0024c23f ━━━━━╸                          18.5% 144.00kB/778.16kB [3s] 
Writing at 0x00252d89 ━━━━━━                          20.6% 160.00kB/778.16kB [4s] 
Writing at 0x0025ac28 ━━━━━━╸                         22.6% 176.00kB/778.16kB [4s] 
Writing at 0x0026132b ━━━━━━━                         24.7% 192.00kB/778.16kB [4s] 
Writing at 0x002699da ━━━━━━━━                        26.7% 208.00kB/778.16kB [5s] 
Writing at 0x00270788 ━━━━━━━━╸                       28.8% 224.00kB/778.16kB [5s] 
Writing at 0x00276632 ━━━━━━━━━                       30.8% 240.00kB/778.16kB [6s] 
Writing at 0x0027ec4e ━━━━━━━━━╸                      32.9% 256.00kB/778.16kB [6s] 
Writing at 0x00285f8d ━━━━━━━━━━                      35.0% 272.00kB/778.16kB [6s] 
Writing at 0x0028cc87 ━━━━━━━━━━━                     37.0% 288.00kB/778.16kB [7s] 
Writing at 0x00292f26 ━━━━━━━━━━━╸                    39.1% 304.00kB/778.16kB [7s] 
Writing at 0x002995b0 ━━━━━━━━━━━━                    41.1% 320.00kB/778.16kB [8s] 
Writing at 0x0029ef68 ━━━━━━━━━━━━╸                   43.2% 336.00kB/778.16kB [8s] 
Writing at 0x002a728d ━━━━━━━━━━━━━╸                  45.2% 352.00kB/778.16kB [9s] 
Writing at 0x002af303 ━━━━━━━━━━━━━━                  47.3% 368.00kB/778.16kB [9s] 
Writing at 0x002b6ef0 ━━━━━━━━━━━━━━╸                 49.3% 384.00kB/778.16kB [9s] 
Writing at 0x002bd003 ━━━━━━━━━━━━━━━                 51.4% 400.00kB/778.16kB [10s] 
Writing at 0x002c5168 ━━━━━━━━━━━━━━━━                53.5% 416.00kB/778.16kB [10s] 
Writing at 0x002cb05e ━━━━━━━━━━━━━━━━╸               55.5% 432.00kB/778.16kB [11s] 
Writing at 0x002d0958 ━━━━━━━━━━━━━━━━━               57.6% 448.00kB/778.16kB [11s] 
Writing at 0x002d8b97 ━━━━━━━━━━━━━━━━━╸              59.6% 464.00kB/778.16kB [11s] 
Writing at 0x002de88d ━━━━━━━━━━━━━━━━━━╸             61.7% 480.00kB/778.16kB [12s] 
Writing at 0x002e604a ━━━━━━━━━━━━━━━━━━━             63.7% 496.00kB/778.16kB [12s] 
Writing at 0x002ede17 ━━━━━━━━━━━━━━━━━━━╸            65.8% 512.00kB/778.16kB [13s] 
Writing at 0x002f384c ━━━━━━━━━━━━━━━━━━━━            67.9% 528.00kB/778.16kB [13s] 
Writing at 0x002fbb4c ━━━━━━━━━━━━━━━━━━━━╸           69.9% 544.00kB/778.16kB [13s] 
Writing at 0x00306d32 ━━━━━━━━━━━━━━━━━━━━━╸          72.0% 560.00kB/778.16kB [14s] 
Writing at 0x0030cc31 ━━━━━━━━━━━━━━━━━━━━━━          74.0% 576.00kB/778.16kB [14s] 
Writing at 0x00312e5d ━━━━━━━━━━━━━━━━━━━━━━╸         76.1% 592.00kB/778.16kB [15s] 
Writing at 0x00318c2e ━━━━━━━━━━━━━━━━━━━━━━━         78.1% 608.00kB/778.16kB [15s] 
Writing at 0x0031e483 ━━━━━━━━━━━━━━━━━━━━━━━━        80.2% 624.00kB/778.16kB [15s] 
Writing at 0x00327f55 ━━━━━━━━━━━━━━━━━━━━━━━━╸       82.2% 640.00kB/778.16kB [16s] 
Writing at 0x0032e8e9 ━━━━━━━━━━━━━━━━━━━━━━━━━       84.3% 656.00kB/778.16kB [16s] 
Writing at 0x003346cd ━━━━━━━━━━━━━━━━━━━━━━━━━╸      86.4% 672.00kB/778.16kB [17s] 
Writing at 0x00339ab4 ━━━━━━━━━━━━━━━━━━━━━━━━━━╸     88.4% 688.00kB/778.16kB [17s] 
Writing at 0x003425c4 ━━━━━━━━━━━━━━━━━━━━━━━━━━━     90.5% 704.00kB/778.16kB [17s] 
Writing at 0x00349182 ━━━━━━━━━━━━━━━━━━━━━━━━━━━╸    92.5% 720.00kB/778.16kB [18s] 
Writing at 0x0034e9ea ━━━━━━━━━━━━━━━━━━━━━━━━━━━━    94.6% 736.00kB/778.16kB [18s] 
Writing at 0x003547ef ━━━━━━━━━━━━━━━━━━━━━━━━━━━━╸   96.6% 752.00kB/778.16kB [19s] 
Writing at 0x0035cb79 ━━━━━━━━━━━━━━━━━━━━━━━━━━━━━╸  98.7% 768.00kB/778.16kB [19s] 
Writing at 0x00361800 ━━━━━━━━━━━━━━━━━━━━━━━━━━━━━━ 100.0% 778.16kB/778.16kB [19s] 
Wrote 1447936 bytes (796835 compressed) at 0x00200000 in 17.1 seconds (677.8 kbit/s).
Verifying written data...
Hash of data verified.

Hard resetting via RTS pin...
