+ receipt=backups/2026-09-10-scan-stress/logs/build150.sha256
+ flash_mode=appfs
+ case "$flash_mode" in
+ firmware_dir=/home/regex/work/esp32s31-openvela/openvela-dev/out/esp32s31-cmake-production6
+ sha256sum /home/regex/work/esp32s31-openvela/openvela-dev/out/esp32s31-cmake-production6/nuttx.bin /home/regex/work/esp32s31-openvela/openvela-dev/out/esp32s31-cmake-production6/appfs.img
+ cmp -s - backups/2026-09-10-scan-stress/logs/build150.sha256
+ flash_args=(0x2000 "$firmware_dir/nuttx.bin")
+ '[' appfs = appfs ']'
+ flash_args+=(0x200000 "$firmware_dir/appfs.img")
+ /home/regex/.espressif/python_env/idf6.1_py3.10_env/bin/esptool --chip esp32s31 --port /dev/ttyUSB0 --baud 460800 write-flash --flash-size 16MB --flash-mode dio --flash-freq 80m 0x2000 /home/regex/work/esp32s31-openvela/openvela-dev/out/esp32s31-cmake-production6/nuttx.bin 0x200000 /home/regex/work/esp32s31-openvela/openvela-dev/out/esp32s31-cmake-production6/appfs.img
esptool v5.4.0
Serial port /dev/ttyUSB0:
Connecting....
Connected to ESP32-S31 on /dev/ttyUSB0:
Chip type:          ESP32-S31 (revision v0.0)
Features:           Wi-Fi 6, BT 5.4 (LE), IEEE802.15.4, Dual Core + LP Core, 300MHz
Crystal frequency:  40MHz
MAC:                30:ed:a0:f3:f7:b0

Uploading stub flasher...
Running stub flasher...
Stub flasher running.
Changing baud rate to 460800...
Changed.

Configuring flash size...

Writing '/home/regex/work/esp32s31-openvela/openvela-dev/out/esp32s31-cmake-production6/nuttx.bin' at 0x00002000...
SHA digest in image updated.
Flash will be erased from 0x00002000 to 0x000f2fff...
Compressed 984364 bytes to 542248...
Writing at 0x00007e07 ╸                                3.0% 16.00kB/529.54kB [0s] 
Writing at 0x0000e034 ━╸                               6.0% 32.00kB/529.54kB [0s] 
Writing at 0x000230ea ━━╸                              9.1% 48.00kB/529.54kB [1s] 
Writing at 0x0002aff9 ━━━╸                            12.1% 64.00kB/529.54kB [1s] 
Writing at 0x0003504d ━━━━╸                           15.1% 80.00kB/529.54kB [1s] 
Writing at 0x00043f69 ━━━━━                           18.1% 96.00kB/529.54kB [2s] 
Writing at 0x0004a600 ━━━━━━                          21.2% 112.00kB/529.54kB [2s] 
Writing at 0x00050e50 ━━━━━━━                         24.2% 128.00kB/529.54kB [3s] 
Writing at 0x0005910e ━━━━━━━━                        27.2% 144.00kB/529.54kB [3s] 
Writing at 0x0006147a ━━━━━━━━━                       30.2% 160.00kB/529.54kB [3s] 
Writing at 0x00068c1d ━━━━━━━━━╸                      33.2% 176.00kB/529.54kB [4s] 
Writing at 0x0006fdfb ━━━━━━━━━━╸                     36.3% 192.00kB/529.54kB [4s] 
Writing at 0x00076112 ━━━━━━━━━━━╸                    39.3% 208.00kB/529.54kB [4s] 
Writing at 0x0007c1cf ━━━━━━━━━━━━╸                   42.3% 224.00kB/529.54kB [5s] 
Writing at 0x0008189f ━━━━━━━━━━━━━╸                  45.3% 240.00kB/529.54kB [5s] 
Writing at 0x00087258 ━━━━━━━━━━━━━━╸                 48.3% 256.00kB/529.54kB [5s] 
Writing at 0x0008cc23 ━━━━━━━━━━━━━━━                 51.4% 272.00kB/529.54kB [6s] 
Writing at 0x00092964 ━━━━━━━━━━━━━━━━                54.4% 288.00kB/529.54kB [6s] 
Writing at 0x000995f8 ━━━━━━━━━━━━━━━━━               57.4% 304.00kB/529.54kB [6s] 
Writing at 0x000a1dbe ━━━━━━━━━━━━━━━━━━              60.4% 320.00kB/529.54kB [7s] 
Writing at 0x000a7e67 ━━━━━━━━━━━━━━━━━━━             63.5% 336.00kB/529.54kB [7s] 
Writing at 0x000ae31f ━━━━━━━━━━━━━━━━━━━╸            66.5% 352.00kB/529.54kB [8s] 
Writing at 0x000b4f7c ━━━━━━━━━━━━━━━━━━━━╸           69.5% 368.00kB/529.54kB [8s] 
Writing at 0x000bb10d ━━━━━━━━━━━━━━━━━━━━━╸          72.5% 384.00kB/529.54kB [8s] 
Writing at 0x000c0d6a ━━━━━━━━━━━━━━━━━━━━━━╸         75.5% 400.00kB/529.54kB [9s] 
Writing at 0x000c6bcf ━━━━━━━━━━━━━━━━━━━━━━━╸        78.6% 416.00kB/529.54kB [9s] 
Writing at 0x000cd0e8 ━━━━━━━━━━━━━━━━━━━━━━━━        81.6% 432.00kB/529.54kB [9s] 
Writing at 0x000d3837 ━━━━━━━━━━━━━━━━━━━━━━━━━       84.6% 448.00kB/529.54kB [10s] 
Writing at 0x000d980e ━━━━━━━━━━━━━━━━━━━━━━━━━━      87.6% 464.00kB/529.54kB [10s] 
Writing at 0x000df8b4 ━━━━━━━━━━━━━━━━━━━━━━━━━━━     90.6% 480.00kB/529.54kB [10s] 
Writing at 0x000e5a20 ━━━━━━━━━━━━━━━━━━━━━━━━━━━━    93.7% 496.00kB/529.54kB [11s] 
Writing at 0x000eb5ba ━━━━━━━━━━━━━━━━━━━━━━━━━━━━━   96.7% 512.00kB/529.54kB [11s] 
Writing at 0x000f1b52 ━━━━━━━━━━━━━━━━━━━━━━━━━━━━━╸  99.7% 528.00kB/529.54kB [11s] 
Writing at 0x000f252c ━━━━━━━━━━━━━━━━━━━━━━━━━━━━━━ 100.0% 529.54kB/529.54kB [11s] 
Wrote 984364 bytes (542248 compressed) at 0x00002000 in 13.5 seconds (584.5 kbit/s).
Verifying written data...
Hash of data verified.

Writing '/home/regex/work/esp32s31-openvela/openvela-dev/out/esp32s31-cmake-production6/appfs.img' at 0x00200000...
Flash will be erased from 0x00200000 to 0x00284fff...
Compressed 541696 bytes to 307721...
Writing at 0x002076a8 ━╸                               5.3% 16.00kB/300.51kB [0s] 
Writing at 0x00210997 ━━━                             10.6% 32.00kB/300.51kB [0s] 
Writing at 0x0021686c ━━━━╸                           16.0% 48.00kB/300.51kB [1s] 
Writing at 0x0021c815 ━━━━━━                          21.3% 64.00kB/300.51kB [1s] 
Writing at 0x00221f1d ━━━━━━━╸                        26.6% 80.00kB/300.51kB [1s] 
Writing at 0x0022b624 ━━━━━━━━━╸                      31.9% 96.00kB/300.51kB [2s] 
Writing at 0x00232367 ━━━━━━━━━━━                     37.3% 112.00kB/300.51kB [2s] 
Writing at 0x002382ca ━━━━━━━━━━━━╸                   42.6% 128.00kB/300.51kB [2s] 
Writing at 0x00240a9b ━━━━━━━━━━━━━━                  47.9% 144.00kB/300.51kB [3s] 
Writing at 0x00248316 ━━━━━━━━━━━━━━━╸                53.2% 160.00kB/300.51kB [3s] 
Writing at 0x0024e20d ━━━━━━━━━━━━━━━━━╸              58.6% 176.00kB/300.51kB [3s] 
Writing at 0x00255ca2 ━━━━━━━━━━━━━━━━━━━             63.9% 192.00kB/300.51kB [4s] 
Writing at 0x0025d233 ━━━━━━━━━━━━━━━━━━━━╸           69.2% 208.00kB/300.51kB [4s] 
Writing at 0x00264f9c ━━━━━━━━━━━━━━━━━━━━━━          74.5% 224.00kB/300.51kB [4s] 
Writing at 0x0026abe6 ━━━━━━━━━━━━━━━━━━━━━━━╸        79.9% 240.00kB/300.51kB [5s] 
Writing at 0x00270ef4 ━━━━━━━━━━━━━━━━━━━━━━━━━╸      85.2% 256.00kB/300.51kB [5s] 
Writing at 0x00276f01 ━━━━━━━━━━━━━━━━━━━━━━━━━━━     90.5% 272.00kB/300.51kB [6s] 
Writing at 0x0027c5fa ━━━━━━━━━━━━━━━━━━━━━━━━━━━━╸   95.8% 288.00kB/300.51kB [6s] 
Writing at 0x00284400 ━━━━━━━━━━━━━━━━━━━━━━━━━━━━━━ 100.0% 300.51kB/300.51kB [6s] 
Wrote 541696 bytes (307721 compressed) at 0x00200000 in 6.9 seconds (631.2 kbit/s).
Verifying written data...
Hash of data verified.

Hard resetting via RTS pin...
