before-a.bin: OK
before-b.bin: OK
WIFI_ARTIFACT_CONFIG=PASS booleans=1738 protocol=7
+ /home/regex/.espressif/python_env/idf6.1_py3.10_env/bin/esptool --chip esp32s31 --port /dev/serial/by-id/usb-Silicon_Labs_CP2102N_USB_to_UART_Bridge_Controller_f65e4ef67f71f011975a049f1045c30f-if00-port0 --baud 460800 write-flash --flash-size 16MB --flash-mode dio --flash-freq 80m 0x2000 /home/regex/work/esp32s31-openvela/openvela-dev/out/esp32s31-cmake-demo/nuttx.bin 0x200000 /home/regex/work/esp32s31-openvela/openvela-dev/out/esp32s31-cmake-demo/appfs.img
esptool v5.4.0
Serial port /dev/serial/by-id/usb-Silicon_Labs_CP2102N_USB_to_UART_Bridge_Controller_f65e4ef67f71f011975a049f1045c30f-if00-port0:
Connecting....
Connected to ESP32-S31 on /dev/serial/by-id/usb-Silicon_Labs_CP2102N_USB_to_UART_Bridge_Controller_f65e4ef67f71f011975a049f1045c30f-if00-port0:
Chip type:          ESP32-S31 (revision v0.0)
Features:           Wi-Fi 6, BT 5.4 (LE), IEEE802.15.4, Dual Core + LP Core, 300MHz
Crystal frequency:  40MHz
MAC:                30:ed:a0:f3:f7:b0

Uploading stub flasher...
Running stub flasher...
Stub flasher running.
Changing baud rate to 460800...
Changed.

Configuring flash size...

Writing '/home/regex/work/esp32s31-openvela/openvela-dev/out/esp32s31-cmake-demo/nuttx.bin' at 0x00002000...
SHA digest in image updated.
Flash will be erased from 0x00002000 to 0x00102fff...
Compressed 1052084 bytes to 587072...
Writing at 0x00007d28 ╸                                2.8% 16.00kB/573.31kB [0s] 
Writing at 0x0000deec ━╸                               5.6% 32.00kB/573.31kB [0s] 
Writing at 0x000157e8 ━━╸                              8.4% 48.00kB/573.31kB [1s] 
Writing at 0x0002a7c5 ━━━                             11.2% 64.00kB/573.31kB [1s] 
Writing at 0x000315eb ━━━━                            14.0% 80.00kB/573.31kB [2s] 
Writing at 0x00041e1a ━━━━━                           16.7% 96.00kB/573.31kB [2s] 
Writing at 0x00047d1a ━━━━━╸                          19.5% 112.00kB/573.31kB [3s] 
Writing at 0x0004e266 ━━━━━━╸                         22.3% 128.00kB/573.31kB [3s] 
Writing at 0x000550d0 ━━━━━━━╸                        25.1% 144.00kB/573.31kB [3s] 
Writing at 0x0005ddc0 ━━━━━━━━                        27.9% 160.00kB/573.31kB [4s] 
Writing at 0x00065606 ━━━━━━━━━                       30.7% 176.00kB/573.31kB [4s] 
Writing at 0x0006cd9a ━━━━━━━━━━                      33.5% 192.00kB/573.31kB [5s] 
Writing at 0x00073eab ━━━━━━━━━━╸                     36.3% 208.00kB/573.31kB [5s] 
Writing at 0x0007a474 ━━━━━━━━━━━╸                    39.1% 224.00kB/573.31kB [5s] 
Writing at 0x000804b8 ━━━━━━━━━━━━╸                   41.9% 240.00kB/573.31kB [6s] 
Writing at 0x000861c7 ━━━━━━━━━━━━━                   44.7% 256.00kB/573.31kB [6s] 
Writing at 0x0008b7d5 ━━━━━━━━━━━━━━                  47.4% 272.00kB/573.31kB [7s] 
Writing at 0x000911f3 ━━━━━━━━━━━━━━━                 50.2% 288.00kB/573.31kB [7s] 
Writing at 0x00096d80 ━━━━━━━━━━━━━━━╸                53.0% 304.00kB/573.31kB [7s] 
Writing at 0x0009d272 ━━━━━━━━━━━━━━━━╸               55.8% 320.00kB/573.31kB [8s] 
Writing at 0x000a4d07 ━━━━━━━━━━━━━━━━━╸              58.6% 336.00kB/573.31kB [8s] 
Writing at 0x000acfd3 ━━━━━━━━━━━━━━━━━━              61.4% 352.00kB/573.31kB [9s] 
Writing at 0x000b47a6 ━━━━━━━━━━━━━━━━━━━             64.2% 368.00kB/573.31kB [9s] 
Writing at 0x000b9d05 ━━━━━━━━━━━━━━━━━━━━            67.0% 384.00kB/573.31kB [9s] 
Writing at 0x000c049c ━━━━━━━━━━━━━━━━━━━━╸           69.8% 400.00kB/573.31kB [10s] 
Writing at 0x000c713b ━━━━━━━━━━━━━━━━━━━━━╸          72.6% 416.00kB/573.31kB [10s] 
Writing at 0x000cd11e ━━━━━━━━━━━━━━━━━━━━━━╸         75.4% 432.00kB/573.31kB [11s] 
Writing at 0x000d2e49 ━━━━━━━━━━━━━━━━━━━━━━━         78.1% 448.00kB/573.31kB [11s] 
Writing at 0x000d8e52 ━━━━━━━━━━━━━━━━━━━━━━━━        80.9% 464.00kB/573.31kB [12s] 
Writing at 0x000df222 ━━━━━━━━━━━━━━━━━━━━━━━━━       83.7% 480.00kB/573.31kB [12s] 
Writing at 0x000e5a79 ━━━━━━━━━━━━━━━━━━━━━━━━━╸      86.5% 496.00kB/573.31kB [12s] 
Writing at 0x000eb8e9 ━━━━━━━━━━━━━━━━━━━━━━━━━━╸     89.3% 512.00kB/573.31kB [13s] 
Writing at 0x000f1a4a ━━━━━━━━━━━━━━━━━━━━━━━━━━━╸    92.1% 528.00kB/573.31kB [13s] 
Writing at 0x000f7b13 ━━━━━━━━━━━━━━━━━━━━━━━━━━━━    94.9% 544.00kB/573.31kB [14s] 
Writing at 0x000fda00 ━━━━━━━━━━━━━━━━━━━━━━━━━━━━━   97.7% 560.00kB/573.31kB [14s] 
Writing at 0x00102db4 ━━━━━━━━━━━━━━━━━━━━━━━━━━━━━━ 100.0% 573.31kB/573.31kB [14s] 
Wrote 1052084 bytes (587072 compressed) at 0x00002000 in 14.9 seconds (563.9 kbit/s).
Verifying written data...
Hash of data verified.

Writing '/home/regex/work/esp32s31-openvela/openvela-dev/out/esp32s31-cmake-demo/appfs.img' at 0x00200000...
Flash will be erased from 0x00200000 to 0x00393fff...
Compressed 1653760 bytes to 912200...
Writing at 0x002073e6 ╸                                1.8% 16.00kB/890.82kB [0s] 
Writing at 0x0020cc42 ━                                3.6% 32.00kB/890.82kB [0s] 
Writing at 0x00213fad ━╸                               5.4% 48.00kB/890.82kB [1s] 
Writing at 0x00222a14 ━━                               7.2% 64.00kB/890.82kB [1s] 
Writing at 0x0022cca8 ━━╸                              9.0% 80.00kB/890.82kB [2s] 
Writing at 0x002354b8 ━━━                             10.8% 96.00kB/890.82kB [2s] 
Writing at 0x0023cb0e ━━━╸                            12.6% 112.00kB/890.82kB [2s] 
Writing at 0x0024454c ━━━━                            14.4% 128.00kB/890.82kB [3s] 
Writing at 0x0024addd ━━━━╸                           16.2% 144.00kB/890.82kB [3s] 
Writing at 0x00251a62 ━━━━━                           18.0% 160.00kB/890.82kB [4s] 
Writing at 0x002591b4 ━━━━━╸                          19.8% 176.00kB/890.82kB [4s] 
Writing at 0x002634a3 ━━━━━━                          21.6% 192.00kB/890.82kB [4s] 
Writing at 0x0026d08a ━━━━━━━                         23.3% 208.00kB/890.82kB [5s] 
Writing at 0x00272ced ━━━━━━━╸                        25.1% 224.00kB/890.82kB [5s] 
Writing at 0x00278c56 ━━━━━━━━                        26.9% 240.00kB/890.82kB [6s] 
Writing at 0x0027e5f1 ━━━━━━━━╸                       28.7% 256.00kB/890.82kB [6s] 
Writing at 0x0028515f ━━━━━━━━━                       30.5% 272.00kB/890.82kB [6s] 
Writing at 0x0028cf75 ━━━━━━━━━╸                      32.3% 288.00kB/890.82kB [7s] 
Writing at 0x0029371d ━━━━━━━━━━                      34.1% 304.00kB/890.82kB [7s] 
Writing at 0x0029bce7 ━━━━━━━━━━╸                     35.9% 320.00kB/890.82kB [8s] 
Writing at 0x002a29d0 ━━━━━━━━━━━                     37.7% 336.00kB/890.82kB [8s] 
Writing at 0x002a88b0 ━━━━━━━━━━━╸                    39.5% 352.00kB/890.82kB [8s] 
Writing at 0x002b0f42 ━━━━━━━━━━━━                    41.3% 368.00kB/890.82kB [9s] 
Writing at 0x002b839a ━━━━━━━━━━━━╸                   43.1% 384.00kB/890.82kB [9s] 
Writing at 0x002bf15d ━━━━━━━━━━━━━                   44.9% 400.00kB/890.82kB [10s] 
Writing at 0x002c5419 ━━━━━━━━━━━━━━                  46.7% 416.00kB/890.82kB [10s] 
Writing at 0x002cba2a ━━━━━━━━━━━━━━╸                 48.5% 432.00kB/890.82kB [10s] 
Writing at 0x002d13aa ━━━━━━━━━━━━━━━                 50.3% 448.00kB/890.82kB [11s] 
Writing at 0x002d9792 ━━━━━━━━━━━━━━━╸                52.1% 464.00kB/890.82kB [11s] 
Writing at 0x002e178d ━━━━━━━━━━━━━━━━                53.9% 480.00kB/890.82kB [12s] 
Writing at 0x002e93ec ━━━━━━━━━━━━━━━━╸               55.7% 496.00kB/890.82kB [12s] 
Writing at 0x002ef568 ━━━━━━━━━━━━━━━━━               57.5% 512.00kB/890.82kB [12s] 
Writing at 0x002f7496 ━━━━━━━━━━━━━━━━━╸              59.3% 528.00kB/890.82kB [13s] 
Writing at 0x002fd4da ━━━━━━━━━━━━━━━━━━              61.1% 544.00kB/890.82kB [13s] 
Writing at 0x00302d73 ━━━━━━━━━━━━━━━━━━╸             62.9% 560.00kB/890.82kB [14s] 
Writing at 0x0030af2f ━━━━━━━━━━━━━━━━━━━             64.7% 576.00kB/890.82kB [14s] 
Writing at 0x00310c39 ━━━━━━━━━━━━━━━━━━━╸            66.5% 592.00kB/890.82kB [14s] 
Writing at 0x003184f5 ━━━━━━━━━━━━━━━━━━━━            68.3% 608.00kB/890.82kB [15s] 
Writing at 0x00320282 ━━━━━━━━━━━━━━━━━━━━━           70.0% 624.00kB/890.82kB [15s] 
Writing at 0x00325b9f ━━━━━━━━━━━━━━━━━━━━━╸          71.8% 640.00kB/890.82kB [16s] 
Writing at 0x0032df1a ━━━━━━━━━━━━━━━━━━━━━━          73.6% 656.00kB/890.82kB [16s] 
Writing at 0x003390ef ━━━━━━━━━━━━━━━━━━━━━━╸         75.4% 672.00kB/890.82kB [17s] 
Writing at 0x0033efa6 ━━━━━━━━━━━━━━━━━━━━━━━         77.2% 688.00kB/890.82kB [17s] 
Writing at 0x00345307 ━━━━━━━━━━━━━━━━━━━━━━━╸        79.0% 704.00kB/890.82kB [17s] 
Writing at 0x0034b0c0 ━━━━━━━━━━━━━━━━━━━━━━━━        80.8% 720.00kB/890.82kB [18s] 
Writing at 0x003506e8 ━━━━━━━━━━━━━━━━━━━━━━━━╸       82.6% 736.00kB/890.82kB [18s] 
Writing at 0x00359fef ━━━━━━━━━━━━━━━━━━━━━━━━━       84.4% 752.00kB/890.82kB [19s] 
Writing at 0x00360ae0 ━━━━━━━━━━━━━━━━━━━━━━━━━╸      86.2% 768.00kB/890.82kB [19s] 
Writing at 0x003668d6 ━━━━━━━━━━━━━━━━━━━━━━━━━━      88.0% 784.00kB/890.82kB [19s] 
Writing at 0x0036bdd9 ━━━━━━━━━━━━━━━━━━━━━━━━━━╸     89.8% 800.00kB/890.82kB [20s] 
Writing at 0x00374870 ━━━━━━━━━━━━━━━━━━━━━━━━━━━     91.6% 816.00kB/890.82kB [20s] 
Writing at 0x0037b314 ━━━━━━━━━━━━━━━━━━━━━━━━━━━━    93.4% 832.00kB/890.82kB [21s] 
Writing at 0x00380aea ━━━━━━━━━━━━━━━━━━━━━━━━━━━━╸   95.2% 848.00kB/890.82kB [21s] 
Writing at 0x00386a8e ━━━━━━━━━━━━━━━━━━━━━━━━━━━━━   97.0% 864.00kB/890.82kB [21s] 
Writing at 0x0038ed5e ━━━━━━━━━━━━━━━━━━━━━━━━━━━━━╸  98.8% 880.00kB/890.82kB [22s] 
Writing at 0x00393c00 ━━━━━━━━━━━━━━━━━━━━━━━━━━━━━━ 100.0% 890.82kB/890.82kB [22s] 
Wrote 1653760 bytes (912200 compressed) at 0x00200000 in 19.9 seconds (666.3 kbit/s).
Verifying written data...
Hash of data verified.

Hard resetting via RTS pin...
