ESP-ROM:esp32s31-20251218
Build:Dec 18 2025
rst:0x1 (POWERON),boot:0x7d (SPI_FAST_FLASH_BOOT)
SPI mode:DIO, clock div:1
load:0x2e000000,len:0x18
load:0x2f000000,len:0xf998
entry 0x2f00c298
*** Booting NuttX ***
rtc: lma 0x00002020 vma 0x2e000000 len 0x18     (24)
dram: lma 0x00002040 vma 0x2f000000 len 0xf998   (63896)
padd: lma 0x00011a08 vma 0x00000000 len 0xe610   (58896)
imap: lma 0x00020020 vma 0x400a0020 len 0x1bd00  (113920)
padd: lma 0x0003bd28 vma 0x00000000 len 0x43d0   (17360)
imap: lma 0x00040100 vma 0x40000100 len 0x9e864  (649316)
total segments stored 6
ABC
NuttShell (NSH)
nsh> [KFLAT_BOOT=PASS
--- CMD: ps ---
ps
  PID GROUP PRI POLICY   TYPE    NPX STATE    EVENT     SIGMASK            STACK COMMAND
    0     0   0 FIFO     Kthread   - Ready              0000000000000000 0003024 CPU0 IDLE
    1     0 100 RR       Kthread   - Waiting  Semaphore 0000000000000000 0001952 lpwork 0x2f00cd40 0x2f00cd88
    3     0 223 RR       Kthread   - Waiting  Semaphore 0000000000000000 0001960 hr_timer
    4     0 253 RR       Kthread   - Waiting  MQ empty  0000000000000000 0003512 wifi
    5     5 101 RR       Task      - Running            0000000000000000 0004016 nsh_main
nsh> [K
nsh> [K
--- CMD: free ---
free
      total       used       free    maxused    maxfree  nused  nfree name
     372984      48624     324360      55080     318264    116      2 Umem
nsh> [K
nsh> [K
--- CMD: ifconfig ---
ifconfig
wlan0	Link encap:Ethernet HWaddr 30:ed:a0:f3:f7:b0 at DOWN mtu 1500
	inet addr:0.0.0.0 DRaddr:0.0.0.0 Mask:0.0.0.0

nsh> [K
nsh> [K
--- CMD: sleep 2 ---
sleep 2
nsh> [K
nsh> [K
FLAT_COMMAND=FAIL command=ifup wlan0: ifup wlan0set_intr_wrapper: S31 IRQ route: cpu=0 source=122 vector=1 priority=1
set_intr_wrapper: S31 IRQ route: cpu=0 source=120 vector=1 priority=1
enable_intr_wrapper: S31 IRQ enable: mask=00000002 vector=1 irq=137
esp_wifi_sta_start: S31 frame statistics enable: rx=0 tx=0

