--- CMD: help ---
help
help usage:  help [-v] [<cmd>]

    .           cmp         expr        mkfatfs     rmdir       unset       
    [           dirname     false       mkrd        set         uptime      
    ?           date        fdinfo      mount       sleep       usleep      
    alias       dd          free        mv          source      watch       
    unalias     df          help        pidof       test        xd          
    basename    dmesg       hexdump     printf      time        wait        
    break       echo        kill        ps          true        
    cat         env         pkill       pwd         truncate    
    cd          exec        ls          reboot      uname       
    cp          exit        mkdir       rm          umount      

Builtin Apps:
    nsh                                                
    sh                                                 
    cmocka                                             
    cmocka_driver_simple                               
    cmocka_driver_block                                
    cmocka_driver_rtc                                  
    cmocka_posix_timer                                 
    cmocka_driver_uart                                 
    fatutf8                                            
    fstest                                             
    mm                                                 
    romfs                                              
    vela_fs_stress_write_full_file                     
    vela_fs_stress_write_speed                         
    vela_fs_stress_loop_create_delete_file_test        
    vela_fs_stress_maximum_file_name_test              
    vela_fs_stress_maximum_number_of_open_file_test    
    vela_fs_stress_multi_thread_file_operate_test      
    vela_fs_stress_read_and_write_loops_test           
    vela_fs_random_read_and_write_test                 
    vela_fs_multi_thread_write_test                    
    vela_fs_multi_thread_read_test                     
    vela_fs_multi_thread_read_write_test               
    vela_fs_file_fragmentation_test                    
    vela_fs_file_pressure_test                         
    performance_test                                   
    vela_fs_stability_test01                           
    vela_fs_stability_test02                           
    vela_fs_stability_test03                           
    vela_fs_stability_test04                           
    power_off_test01                                   
    power_off_test02                                   
    power_off_test03                                   
nsh> [K
nsh> [K
help
help usage:  help [-v] [<cmd>]

    .           cmp         expr        mkfatfs     rmdir       unset       
    [           dirname     false       mkrd        set         uptime      
    ?           date        fdinfo      mount       sleep       usleep      
    alias       dd          free        mv          source      watch       
    unalias     df          help        pidof       test        xd          
    basename    dmesg       hexdump     printf      time        wait        
    break       echo        kill        ps          true        
    cat         env         pkill       pwd         truncate    
    cd          exec        ls          reboot      uname       
    cp          exit        mkdir       rm          umount      

Builtin Apps:
    nsh                                                
    sh                                                 
    cmocka                                             
    cmocka_driver_simple                               
    cmocka_driver_block                                
    cmocka_driver_rtc                                  
    cmocka_posix_timer                                 
    cmocka_driver_uart                                 
    fatutf8                                            
    fstest                                             
    mm                                                 
    romfs                                              
    vela_fs_stress_write_full_file                     
    vela_fs_stress_write_speed                         
    vela_fs_stress_loop_create_delete_file_test        
    vela_fs_stress_maximum_file_name_test              
    vela_fs_stress_maximum_number_of_open_file_test    
    vela_fs_stress_multi_thread_file_operate_test      
    vela_fs_stress_read_and_write_loops_test           
    vela_fs_random_read_and_write_test                 
    vela_fs_multi_thread_write_test                    
    vela_fs_multi_thread_read_test                     
    vela_fs_multi_thread_read_write_test               
    vela_fs_file_fragmentation_test                    
    vela_fs_file_pressure_test                         
    performance_test                                   
    vela_fs_stability_test01                           
    vela_fs_stability_test02                           
    vela_fs_stability_test03                           
    vela_fs_stability_test04                           
    power_off_test01                                   
    power_off_test02                                   
    power_off_test03                                   
nsh> [K
nsh> [K
--- CMD: ls -l /data/s07c ---
ls -l /data/s07c
/data/s07c:
 drwxrwxrwx           0 .
 drwxrwxrwx           0 ..
nsh> [K
nsh> [K
ls -l /data/s07c
/data/s07c:
 drwxrwxrwx           0 .
 drwxrwxrwx           0 ..
nsh> [K
nsh> [K
--- CMD: ls -l /data/s07b ---
ls -l /data/s07b
/data/s07b:
 drwxrwxrwx           0 .
 drwxrwxrwx           0 ..
nsh> [K
nsh> [K
ls -l /data/s07b
/data/s07b:
 drwxrwxrwx           0 .
 drwxrwxrwx           0 ..
nsh> [K
nsh> [K
--- CMD: ls -l /data/s07 ---
ls -l /data/s07
/data/s07:
 drwxrwxrwx           0 .
 drwxrwxrwx           0 ..
nsh> [K
nsh> [K
ls -l /data/s07
/data/s07:
 drwxrwxrwx           0 .
 drwxrwxrwx           0 ..
nsh> [K
nsh> [K
