------------------------------------------------------------
Client connecting to 192.168.1.60, UDP port 5003
Sending 1470 byte datagrams, IPG target: 280.38 us (kalman adjust)
UDP buffer size: 64.0 KByte (default)
------------------------------------------------------------
[  1] local 192.168.1.29 port 54175 connected with 192.168.1.60 port 5003
[ ID] Interval       Transfer     Bandwidth
[  1] 0.00-1.00 sec  1.10 MBytes  9.20 Mbits/sec
[  1] 1.00-2.00 sec  1.68 MBytes  14.1 Mbits/sec
[  1] 2.00-3.00 sec  1.68 MBytes  14.1 Mbits/sec
[  1] 3.00-4.00 sec  1.93 MBytes  16.2 Mbits/sec
[  1] 4.00-5.00 sec  1.75 MBytes  14.7 Mbits/sec
[  1] 5.00-6.00 sec  1.91 MBytes  16.1 Mbits/sec
[  1] 6.00-7.00 sec  1.65 MBytes  13.9 Mbits/sec
[  1] 7.00-8.00 sec  1.56 MBytes  13.1 Mbits/sec
[  1] 8.00-9.00 sec  1.74 MBytes  14.6 Mbits/sec
[  1] 9.00-10.00 sec  1.87 MBytes  15.7 Mbits/sec
[  1] 10.00-11.00 sec  1.69 MBytes  14.2 Mbits/sec
[  1] 11.00-12.00 sec  1.96 MBytes  16.5 Mbits/sec
[  1] 12.00-13.00 sec  1.80 MBytes  15.1 Mbits/sec
[  1] 13.00-14.00 sec  1.93 MBytes  16.2 Mbits/sec
[  1] 14.00-15.00 sec  1.79 MBytes  15.0 Mbits/sec
[  1] 15.00-16.00 sec  1.62 MBytes  13.6 Mbits/sec
[  1] 16.00-17.00 sec  1.56 MBytes  13.1 Mbits/sec
[  1] 17.00-18.00 sec  1.81 MBytes  15.1 Mbits/sec
[  1] 18.00-19.00 sec  1.74 MBytes  14.6 Mbits/sec
[  1] 19.00-20.00 sec  1.87 MBytes  15.7 Mbits/sec
[  1] 0.00-20.02 sec  34.7 MBytes  14.5 Mbits/sec
[  1] Sent 24724 datagrams
[  1] Server Report:
[ ID] Interval       Transfer     Bandwidth        Jitter   Lost/Total Datagrams
[  1] 0.00-20.04 sec  27.3 MBytes  11.4 Mbits/sec   4.180 ms 5273/24723 (21%)
[  1] 0.00-20.04 sec  178 datagrams received out-of-order
