------------------------------------------------------------
Client connecting to 192.168.1.60, UDP port 5003
Sending 1470 byte datagrams, IPG target: 280.38 us (kalman adjust)
UDP buffer size: 64.0 KByte (default)
------------------------------------------------------------
[  1] local 192.168.1.29 port 53062 connected with 192.168.1.60 port 5003
[ ID] Interval       Transfer     Bandwidth
[  1] 0.00-1.00 sec  3.60 MBytes  30.2 Mbits/sec
[  1] 1.00-2.00 sec  3.59 MBytes  30.1 Mbits/sec
[  1] 2.00-3.00 sec  3.80 MBytes  31.9 Mbits/sec
[  1] 3.00-4.00 sec  3.88 MBytes  32.5 Mbits/sec
[  1] 4.00-5.00 sec  2.14 MBytes  17.9 Mbits/sec
[  1] 5.00-6.00 sec  2.84 MBytes  23.8 Mbits/sec
[  1] 6.00-7.00 sec  2.54 MBytes  21.3 Mbits/sec
[  1] 7.00-8.00 sec  2.86 MBytes  24.0 Mbits/sec
[  1] 8.00-9.00 sec  3.12 MBytes  26.2 Mbits/sec
[  1] 9.00-10.00 sec  4.07 MBytes  34.1 Mbits/sec
[  1] 0.00-10.00 sec  32.4 MBytes  27.2 Mbits/sec
[  1] Sent 23138 datagrams
[356] WARNING: did not receive ack of last datagram after 10 tries.
