S31_RMT_COMPAT=PASS all status bits/channel masks; four channels/dividers
ESP_WS2812_LIFECYCLE=PASS multi-open/last-close/reopen/failures
ESP_WS2812_WRITE=PASS RGB/RGBW offsets, bounds, retries and errors
ESP_RMT_TX_LIFECYCLE=PASS cancellation/error/loop/refill/early/stale/null
ESP_RMT_WRITE=PASS bytes/errno/zero/null/length-alignment/overflow/mode
ESP_RMT_TX_LIFECYCLE=PASS cancellation/error/loop/refill/early/stale/null
ESP_RMT_INITIALIZE=PASS allocation/config/install failures and success
VARIANT spiram=False pingpong=False
ESP_RMT_INSTALL=PASS OOM/IRQ/lock cleanup, retry, existing channel
VARIANT spiram=False pingpong=True
ESP_RMT_INSTALL=PASS OOM/IRQ/lock cleanup, retry, existing channel
VARIANT spiram=True pingpong=False
ESP_RMT_INSTALL=PASS OOM/IRQ/lock cleanup, retry, existing channel
VARIANT spiram=True pingpong=True
ESP_RMT_INSTALL=PASS OOM/IRQ/lock cleanup, retry, existing channel
VARIANT pingpong=True
ESP_RMT_RX_START=PASS single lock/channel decode/reset/threshold
VARIANT pingpong=False
ESP_RMT_RX_START=PASS single lock/channel decode/reset/threshold
ESP_RMT_TX_LIFECYCLE=PASS cancellation/error/loop/refill/early/stale/null
ESP_RMT_TX_CONCURRENCY=PASS 50 rounds/100 writers/ordered completion/error
