make  all-recursive
make[1]: Entering directory '/home/regex/work/esp32s31-openvela/backups/2026-09-10-scan-stress/host-iperf2'
Making all in compat
make[2]: Entering directory '/home/regex/work/esp32s31-openvela/backups/2026-09-10-scan-stress/host-iperf2/compat'
gcc -DHAVE_CONFIG_H -I. -I/home/regex/work/esp32s31-openvela/openvela-dev/external/iperf2/iperf2/compat -I..  -I/home/regex/work/esp32s31-openvela/openvela-dev/external/iperf2/iperf2/include -I../include -DCONFIG_UTILS_IPERF2_STACKSIZE=262144 -Wall -O2  -MT Thread.o -MD -MP -MF .deps/Thread.Tpo -c -o Thread.o /home/regex/work/esp32s31-openvela/openvela-dev/external/iperf2/iperf2/compat/Thread.c
mv -f .deps/Thread.Tpo .deps/Thread.Po
rm -f libcompat.a
ar cru libcompat.a Thread.o error.o delay.o gettimeofday.o gettcpinfo.o inet_ntop.o inet_pton.o signal.o snprintf.o string.o 
ar: `u' modifier ignored since `D' is the default (see `U')
ranlib libcompat.a
make[2]: Leaving directory '/home/regex/work/esp32s31-openvela/backups/2026-09-10-scan-stress/host-iperf2/compat'
Making all in doc
make[2]: Entering directory '/home/regex/work/esp32s31-openvela/backups/2026-09-10-scan-stress/host-iperf2/doc'
make[2]: Nothing to be done for 'all'.
make[2]: Leaving directory '/home/regex/work/esp32s31-openvela/backups/2026-09-10-scan-stress/host-iperf2/doc'
Making all in include
make[2]: Entering directory '/home/regex/work/esp32s31-openvela/backups/2026-09-10-scan-stress/host-iperf2/include'
make[2]: Nothing to be done for 'all'.
make[2]: Leaving directory '/home/regex/work/esp32s31-openvela/backups/2026-09-10-scan-stress/host-iperf2/include'
Making all in src
make[2]: Entering directory '/home/regex/work/esp32s31-openvela/backups/2026-09-10-scan-stress/host-iperf2/src'
g++ -DHAVE_CONFIG_H -I. -I/home/regex/work/esp32s31-openvela/openvela-dev/external/iperf2/iperf2/src -I..  -I/home/regex/work/esp32s31-openvela/openvela-dev/external/iperf2/iperf2/include -I../include -DCONFIG_UTILS_IPERF2_STACKSIZE=262144 -Wall  -O2 -O2  -MT Client.o -MD -MP -MF .deps/Client.Tpo -c -o Client.o /home/regex/work/esp32s31-openvela/openvela-dev/external/iperf2/iperf2/src/Client.cpp
gcc -DHAVE_CONFIG_H -I. -I/home/regex/work/esp32s31-openvela/openvela-dev/external/iperf2/iperf2/src -I..  -I/home/regex/work/esp32s31-openvela/openvela-dev/external/iperf2/iperf2/include -I../include -DCONFIG_UTILS_IPERF2_STACKSIZE=262144 -Wall  -O2 -O2  -MT Extractor.o -MD -MP -MF .deps/Extractor.Tpo -c -o Extractor.o /home/regex/work/esp32s31-openvela/openvela-dev/external/iperf2/iperf2/src/Extractor.c
g++ -DHAVE_CONFIG_H -I. -I/home/regex/work/esp32s31-openvela/openvela-dev/external/iperf2/iperf2/src -I..  -I/home/regex/work/esp32s31-openvela/openvela-dev/external/iperf2/iperf2/include -I../include -DCONFIG_UTILS_IPERF2_STACKSIZE=262144 -Wall  -O2 -O2  -MT isochronous.o -MD -MP -MF .deps/isochronous.Tpo -c -o isochronous.o /home/regex/work/esp32s31-openvela/openvela-dev/external/iperf2/iperf2/src/isochronous.cpp
g++ -DHAVE_CONFIG_H -I. -I/home/regex/work/esp32s31-openvela/openvela-dev/external/iperf2/iperf2/src -I..  -I/home/regex/work/esp32s31-openvela/openvela-dev/external/iperf2/iperf2/include -I../include -DCONFIG_UTILS_IPERF2_STACKSIZE=262144 -Wall  -O2 -O2  -MT Launch.o -MD -MP -MF .deps/Launch.Tpo -c -o Launch.o /home/regex/work/esp32s31-openvela/openvela-dev/external/iperf2/iperf2/src/Launch.cpp
g++ -DHAVE_CONFIG_H -I. -I/home/regex/work/esp32s31-openvela/openvela-dev/external/iperf2/iperf2/src -I..  -I/home/regex/work/esp32s31-openvela/openvela-dev/external/iperf2/iperf2/include -I../include -DCONFIG_UTILS_IPERF2_STACKSIZE=262144 -Wall  -O2 -O2  -MT active_hosts.o -MD -MP -MF .deps/active_hosts.Tpo -c -o active_hosts.o /home/regex/work/esp32s31-openvela/openvela-dev/external/iperf2/iperf2/src/active_hosts.cpp
g++ -DHAVE_CONFIG_H -I. -I/home/regex/work/esp32s31-openvela/openvela-dev/external/iperf2/iperf2/src -I..  -I/home/regex/work/esp32s31-openvela/openvela-dev/external/iperf2/iperf2/include -I../include -DCONFIG_UTILS_IPERF2_STACKSIZE=262144 -Wall  -O2 -O2  -MT Listener.o -MD -MP -MF .deps/Listener.Tpo -c -o Listener.o /home/regex/work/esp32s31-openvela/openvela-dev/external/iperf2/iperf2/src/Listener.cpp
gcc -DHAVE_CONFIG_H -I. -I/home/regex/work/esp32s31-openvela/openvela-dev/external/iperf2/iperf2/src -I..  -I/home/regex/work/esp32s31-openvela/openvela-dev/external/iperf2/iperf2/include -I../include -DCONFIG_UTILS_IPERF2_STACKSIZE=262144 -Wall  -O2 -O2  -MT Locale.o -MD -MP -MF .deps/Locale.Tpo -c -o Locale.o /home/regex/work/esp32s31-openvela/openvela-dev/external/iperf2/iperf2/src/Locale.c
g++ -DHAVE_CONFIG_H -I. -I/home/regex/work/esp32s31-openvela/openvela-dev/external/iperf2/iperf2/src -I..  -I/home/regex/work/esp32s31-openvela/openvela-dev/external/iperf2/iperf2/include -I../include -DCONFIG_UTILS_IPERF2_STACKSIZE=262144 -Wall  -O2 -O2  -MT PerfSocket.o -MD -MP -MF .deps/PerfSocket.Tpo -c -o PerfSocket.o /home/regex/work/esp32s31-openvela/openvela-dev/external/iperf2/iperf2/src/PerfSocket.cpp
mv -f .deps/Locale.Tpo .deps/Locale.Po
gcc -DHAVE_CONFIG_H -I. -I/home/regex/work/esp32s31-openvela/openvela-dev/external/iperf2/iperf2/src -I..  -I/home/regex/work/esp32s31-openvela/openvela-dev/external/iperf2/iperf2/include -I../include -DCONFIG_UTILS_IPERF2_STACKSIZE=262144 -Wall  -O2 -O2  -MT Reporter.o -MD -MP -MF .deps/Reporter.Tpo -c -o Reporter.o /home/regex/work/esp32s31-openvela/openvela-dev/external/iperf2/iperf2/src/Reporter.c
mv -f .deps/Extractor.Tpo .deps/Extractor.Po
gcc -DHAVE_CONFIG_H -I. -I/home/regex/work/esp32s31-openvela/openvela-dev/external/iperf2/iperf2/src -I..  -I/home/regex/work/esp32s31-openvela/openvela-dev/external/iperf2/iperf2/include -I../include -DCONFIG_UTILS_IPERF2_STACKSIZE=262144 -Wall  -O2 -O2  -MT Reports.o -MD -MP -MF .deps/Reports.Tpo -c -o Reports.o /home/regex/work/esp32s31-openvela/openvela-dev/external/iperf2/iperf2/src/Reports.c
mv -f .deps/active_hosts.Tpo .deps/active_hosts.Po
gcc -DHAVE_CONFIG_H -I. -I/home/regex/work/esp32s31-openvela/openvela-dev/external/iperf2/iperf2/src -I..  -I/home/regex/work/esp32s31-openvela/openvela-dev/external/iperf2/iperf2/include -I../include -DCONFIG_UTILS_IPERF2_STACKSIZE=262144 -Wall  -O2 -O2  -MT ReportOutputs.o -MD -MP -MF .deps/ReportOutputs.Tpo -c -o ReportOutputs.o /home/regex/work/esp32s31-openvela/openvela-dev/external/iperf2/iperf2/src/ReportOutputs.c
mv -f .deps/isochronous.Tpo .deps/isochronous.Po
g++ -DHAVE_CONFIG_H -I. -I/home/regex/work/esp32s31-openvela/openvela-dev/external/iperf2/iperf2/src -I..  -I/home/regex/work/esp32s31-openvela/openvela-dev/external/iperf2/iperf2/include -I../include -DCONFIG_UTILS_IPERF2_STACKSIZE=262144 -Wall  -O2 -O2  -MT Server.o -MD -MP -MF .deps/Server.Tpo -c -o Server.o /home/regex/work/esp32s31-openvela/openvela-dev/external/iperf2/iperf2/src/Server.cpp
mv -f .deps/PerfSocket.Tpo .deps/PerfSocket.Po
g++ -DHAVE_CONFIG_H -I. -I/home/regex/work/esp32s31-openvela/openvela-dev/external/iperf2/iperf2/src -I..  -I/home/regex/work/esp32s31-openvela/openvela-dev/external/iperf2/iperf2/include -I../include -DCONFIG_UTILS_IPERF2_STACKSIZE=262144 -Wall  -O2 -O2  -MT Settings.o -MD -MP -MF .deps/Settings.Tpo -c -o Settings.o /home/regex/work/esp32s31-openvela/openvela-dev/external/iperf2/iperf2/src/Settings.cpp
mv -f .deps/Launch.Tpo .deps/Launch.Po
gcc -DHAVE_CONFIG_H -I. -I/home/regex/work/esp32s31-openvela/openvela-dev/external/iperf2/iperf2/src -I..  -I/home/regex/work/esp32s31-openvela/openvela-dev/external/iperf2/iperf2/include -I../include -DCONFIG_UTILS_IPERF2_STACKSIZE=262144 -Wall  -O2 -O2  -MT SocketAddr.o -MD -MP -MF .deps/SocketAddr.Tpo -c -o SocketAddr.o /home/regex/work/esp32s31-openvela/openvela-dev/external/iperf2/iperf2/src/SocketAddr.c
/home/regex/work/esp32s31-openvela/openvela-dev/external/iperf2/iperf2/src/Client.cpp: In member function ‘void Client::AwaitServerFinPacket()’:
/home/regex/work/esp32s31-openvela/openvela-dev/external/iperf2/iperf2/src/Client.cpp:1593:50: error: ‘MIN’ was not declared in this scope; did you mean ‘CMIN’?
 1593 |             rc = read(mySocket, mSettings->mBuf, MIN(MAXUDPBUF, mSettings->mBufLen));
      |                                                  ^~~
      |                                                  CMIN
make[2]: *** [Makefile:538: Client.o] Error 1
make[2]: *** Waiting for unfinished jobs....
mv -f .deps/Reports.Tpo .deps/Reports.Po
mv -f .deps/Listener.Tpo .deps/Listener.Po
/home/regex/work/esp32s31-openvela/openvela-dev/external/iperf2/iperf2/src/Settings.cpp:137:25: error: elements of array ‘const gnu_option long_options []’ have incomplete type
  137 | const struct gnu_option long_options[] =
      |                         ^~~~~~~~~~~~
/home/regex/work/esp32s31-openvela/openvela-dev/external/iperf2/iperf2/src/Settings.cpp:137:25: error: storage size of ‘long_options’ isn’t known
/home/regex/work/esp32s31-openvela/openvela-dev/external/iperf2/iperf2/src/Settings.cpp:240:25: error: elements of array ‘const gnu_option env_options []’ have incomplete type
  240 | const struct gnu_option env_options[] =
      |                         ^~~~~~~~~~~
/home/regex/work/esp32s31-openvela/openvela-dev/external/iperf2/iperf2/src/Settings.cpp:240:25: error: storage size of ‘env_options’ isn’t known
/home/regex/work/esp32s31-openvela/openvela-dev/external/iperf2/iperf2/src/Settings.cpp: In function ‘void Settings_ParseCommandLine(int, char**, thread_Settings*)’:
/home/regex/work/esp32s31-openvela/openvela-dev/external/iperf2/iperf2/src/Settings.cpp:513:5: error: ‘gnu_opterr’ was not declared in this scope; did you mean ‘gnu_option’?
  513 |     gnu_opterr = 1; // Fail on an unrecognized command line option
      |     ^~~~~~~~~~
      |     gnu_option
/home/regex/work/esp32s31-openvela/openvela-dev/external/iperf2/iperf2/src/Settings.cpp:515:14: error: ‘gnu_getopt_long’ was not declared in this scope; did you mean ‘getopt_long’?
  515 |              gnu_getopt_long(argc, argv, short_options,
      |              ^~~~~~~~~~~~~~~
      |              getopt_long
mv -f .deps/SocketAddr.Tpo .deps/SocketAddr.Po
/home/regex/work/esp32s31-openvela/openvela-dev/external/iperf2/iperf2/src/Settings.cpp:517:36: error: ‘gnu_optarg’ was not declared in this scope; did you mean ‘gnu_option’?
  517 |         Settings_Interpret(option, gnu_optarg, mSettings);
      |                                    ^~~~~~~~~~
      |                                    gnu_option
/home/regex/work/esp32s31-openvela/openvela-dev/external/iperf2/iperf2/src/Settings.cpp:520:18: error: ‘gnu_optind’ was not declared in this scope; did you mean ‘gnu_option’?
  520 |     for (int i = gnu_optind; i < argc; i++) {
      |                  ^~~~~~~~~~
      |                  gnu_option
make[2]: *** [Makefile:538: Settings.o] Error 1
mv -f .deps/Server.Tpo .deps/Server.Po
mv -f .deps/Reporter.Tpo .deps/Reporter.Po
mv -f .deps/ReportOutputs.Tpo .deps/ReportOutputs.Po
make[2]: Leaving directory '/home/regex/work/esp32s31-openvela/backups/2026-09-10-scan-stress/host-iperf2/src'
make[1]: *** [Makefile:596: all-recursive] Error 1
make[1]: Leaving directory '/home/regex/work/esp32s31-openvela/backups/2026-09-10-scan-stress/host-iperf2'
make: *** [Makefile:536: all] Error 2
