------------------------------------------------------------
Client connecting to 192.168.1.60, TCP port 5001
TCP window size: 64.0 KByte (default)
------------------------------------------------------------
[  1] local 192.168.1.29 port 11466 connected with 192.168.1.60 port 5001
[ ID] Interval       Transfer     Bandwidth
[  1] 0.00-1.00 sec   256 KBytes  2.10 Mbits/sec
[  1] 1.00-2.00 sec   384 KBytes  3.15 Mbits/sec
[  1] 2.00-3.00 sec  0.000 Bytes  0.000 bits/sec
[  1] 3.00-4.00 sec  0.000 Bytes  0.000 bits/sec
[  1] 4.00-5.00 sec   256 KBytes  2.10 Mbits/sec
[  1] 5.00-6.00 sec  0.000 Bytes  0.000 bits/sec
[  1] 6.00-7.00 sec   384 KBytes  3.15 Mbits/sec
[  1] 7.00-8.00 sec   128 KBytes  1.05 Mbits/sec
[  1] 8.00-9.00 sec  0.000 Bytes  0.000 bits/sec
[  1] 9.00-10.00 sec   128 KBytes  1.05 Mbits/sec
[  1] 10.00-11.00 sec   256 KBytes  2.10 Mbits/sec
[  1] 11.00-12.00 sec   256 KBytes  2.10 Mbits/sec
[  1] 12.00-13.00 sec  0.000 Bytes  0.000 bits/sec
[  1] 13.00-14.00 sec   128 KBytes  1.05 Mbits/sec
[  1] 14.00-15.00 sec   256 KBytes  2.10 Mbits/sec
[  1] 15.00-16.00 sec  0.000 Bytes  0.000 bits/sec
[  1] 16.00-17.00 sec   384 KBytes  3.15 Mbits/sec
[  1] 17.00-18.00 sec   128 KBytes  1.05 Mbits/sec
[  1] 18.00-19.00 sec   256 KBytes  2.10 Mbits/sec
[  1] 19.00-20.00 sec   384 KBytes  3.15 Mbits/sec
[  1] 0.00-40.46 sec  3.50 MBytes   726 Kbits/sec
