PROFILE=nuttx609
PREPROCESS_COMMAND=/home/regex/.espressif/tools/riscv32-esp-elf/esp-15.2.0_20251204/riscv32-esp-elf/bin/riscv32-esp-elf-gcc -include /home/regex/work/esp32s31-openvela/openvela-dev/out/esp32s31-cmake-demo/include/nuttx/config.h -DCONFIG_CRYPTO_MBEDTLS -DCONFIG_ECC -DCONFIG_IEEE80211W -DCONFIG_SHA256 -DCONFIG_WPA3_SAE -DEAP_PEER_METHOD -DESPRESSIF_USE -DESP_PLATFORM=1 -DESP_SUPPLICANT -DIEEE8021X_EAPOL '-DMBEDTLS_CONFIG_FILE="mbedtls/esp_config.h"' -DSOC_MMU_PAGE_SIZE=CONFIG_MMU_PAGE_SIZE '-DTF_PSA_CRYPTO_USER_CONFIG_FILE="mbedtls/esp_config.h"' -DUSE_WPA2_TASK -DUSE_WPS_TASK -D_RETARGETABLE_LOCKING -D__KERNEL__ -D__NuttX__ -D__ets__ -I/home/regex/work/esp32s31-openvela/openvela-dev/nuttx/arch/risc-v/src/esp32s31 -I/home/regex/work/esp32s31-openvela/openvela-dev/nuttx/arch/risc-v/src/common -I/home/regex/work/esp32s31-openvela/openvela-dev/nuttx/arch/risc-v/src/nuttsbi -I/home/regex/work/esp32s31-openvela/s31-reference/deps/esp-hal-3rdparty/components/mbedtls/port/include -I/home/regex/work/esp32s31-openvela/s31-reference/deps/esp-hal-3rdparty/components/mbedtls/mbedtls/tf-psa-crypto/core -I/home/regex/work/esp32s31-openvela/s31-reference/deps/esp-hal-3rdparty/components/mbedtls/mbedtls/tf-psa-crypto/drivers/builtin/include -I/home/regex/work/esp32s31-openvela/s31-reference/deps/esp-hal-3rdparty/components/mbedtls/mbedtls/tf-psa-crypto/drivers/builtin/src -I/home/regex/work/esp32s31-openvela/s31-reference/deps/esp-hal-3rdparty/components/mbedtls/mbedtls/tf-psa-crypto/include -I/home/regex/work/esp32s31-openvela/s31-reference/deps/esp-hal-3rdparty/components/mbedtls/port/include/aes -I/home/regex/work/esp32s31-openvela/s31-reference/deps/esp-hal-3rdparty/components/mbedtls/port/psa_driver/include -I/home/regex/work/esp32s31-openvela/s31-reference/deps/esp-hal-3rdparty/components/mbedtls/mbedtls/include -I/home/regex/work/esp32s31-openvela/s31-reference/deps/esp-hal-3rdparty/components/mbedtls/mbedtls/library -I/home/regex/work/esp32s31-openvela/s31-reference/deps/esp-hal-3rdparty/nuttx/include/mbedtls -I/home/regex/work/esp32s31-openvela/openvela-dev/apps/crypto/mbedtls/include -I/home/regex/work/esp32s31-openvela/openvela-dev/apps/crypto/mbedtls/mbedtls/include -I/home/regex/work/esp32s31-openvela/openvela-dev/apps/frameworks/security/include -I/home/regex/work/esp32s31-openvela/openvela-dev/nuttx/sched -I/home/regex/work/esp32s31-openvela/openvela-dev/nuttx/arch/risc-v/src/esp32s31/include -I/home/regex/work/esp32s31-openvela/openvela-dev/nuttx/arch/risc-v/src/esp32s31/hal_backports/include -I/home/regex/work/esp32s31-openvela/s31-reference/deps/esp-hal-3rdparty/nuttx/include -I/home/regex/work/esp32s31-openvela/s31-reference/deps/esp-hal-3rdparty/nuttx/src/components/esp_libc/platform_include -I/home/regex/work/esp32s31-openvela/s31-reference/deps/esp-hal-3rdparty/components/esp_system/include -I/home/regex/work/esp32s31-openvela/s31-reference/deps/esp-hal-3rdparty/components/esp_system/port/include -I/home/regex/work/esp32s31-openvela/s31-reference/deps/esp-hal-3rdparty/components/esp_system/port/include/private -I/home/regex/work/esp32s31-openvela/s31-reference/deps/esp-hal-3rdparty/components/esp_system/port/public_compat -I/home/regex/work/esp32s31-openvela/s31-reference/deps/esp-hal-3rdparty/components/esp_timer/include -I/home/regex/work/esp32s31-openvela/s31-reference/deps/esp-hal-3rdparty/components/esp_timer/private_include -I/home/regex/work/esp32s31-openvela/s31-reference/deps/esp-hal-3rdparty/components/upper_hal_gpio/include -I/home/regex/work/esp32s31-openvela/s31-reference/deps/esp-hal-3rdparty/components/esp_event/include -I/home/regex/work/esp32s31-openvela/s31-reference/deps/esp-hal-3rdparty/components/bootloader_support/bootloader_flash/include -I/home/regex/work/esp32s31-openvela/s31-reference/deps/esp-hal-3rdparty/components/bootloader_support/include -I/home/regex/work/esp32s31-openvela/s31-reference/deps/esp-hal-3rdparty/components/bootloader_support/private_include -I/home/regex/work/esp32s31-openvela/s31-reference/deps/esp-hal-3rdparty/components/efuse/include -I/home/regex/work/esp32s31-openvela/s31-reference/deps/esp-hal-3rdparty/components/efuse/private_include -I/home/regex/work/esp32s31-openvela/s31-reference/deps/esp-hal-3rdparty/components/efuse/esp32s31/include -I/home/regex/work/esp32s31-openvela/s31-reference/deps/esp-hal-3rdparty/components/efuse/esp32s31/private_include -I/home/regex/work/esp32s31-openvela/s31-reference/deps/esp-hal-3rdparty/components/esp_adc/esp32s31/include -I/home/regex/work/esp32s31-openvela/s31-reference/deps/esp-hal-3rdparty/components/esp_adc/include -I/home/regex/work/esp32s31-openvela/s31-reference/deps/esp-hal-3rdparty/components/esp_adc/interface -I/home/regex/work/esp32s31-openvela/s31-reference/deps/esp-hal-3rdparty/components/esp_app_format/include -I/home/regex/work/esp32s31-openvela/s31-reference/deps/esp-hal-3rdparty/components/esp_blockdev/include -I/home/regex/work/esp32s31-openvela/s31-reference/deps/esp-hal-3rdparty/components/esp_common/include -I/home/regex/work/esp32s31-openvela/s31-reference/deps/esp-hal-3rdparty/components/upper_hal_touch_sens -I/home/regex/work/esp32s31-openvela/s31-reference/deps/esp-hal-3rdparty/components/upper_hal_touch_sens/common -I/home/regex/work/esp32s31-openvela/s31-reference/deps/esp-hal-3rdparty/components/upper_hal_touch_sens/hw_ver3 -I/home/regex/work/esp32s31-openvela/s31-reference/deps/esp-hal-3rdparty/components/upper_hal_touch_sens/hw_ver3/include -I/home/regex/work/esp32s31-openvela/s31-reference/deps/esp-hal-3rdparty/components/upper_hal_touch_sens/include -I/home/regex/work/esp32s31-openvela/s31-reference/deps/esp-hal-3rdparty/components/esp_hal_ana_cmpr/include -I/home/regex/work/esp32s31-openvela/s31-reference/deps/esp-hal-3rdparty/components/esp_hal_ana_cmpr/esp32s31/include -I/home/regex/work/esp32s31-openvela/s31-reference/deps/esp-hal-3rdparty/components/esp_hal_ana_conv/esp32s31/include -I/home/regex/work/esp32s31-openvela/s31-reference/deps/esp-hal-3rdparty/components/esp_hal_ana_conv/include -I/home/regex/work/esp32s31-openvela/s31-reference/deps/esp-hal-3rdparty/components/esp_hal_cam/esp32s31/include -I/home/regex/work/esp32s31-openvela/s31-reference/deps/esp-hal-3rdparty/components/esp_hal_cam/include -I/home/regex/work/esp32s31-openvela/s31-reference/deps/esp-hal-3rdparty/components/esp_hal_clock/esp32s31/include -I/home/regex/work/esp32s31-openvela/s31-reference/deps/esp-hal-3rdparty/components/esp_hal_clock/include -I/home/regex/work/esp32s31-openvela/s31-reference/deps/esp-hal-3rdparty/components/esp_hal_dma/esp32s31/include -I/home/regex/work/esp32s31-openvela/s31-reference/deps/esp-hal-3rdparty/components/esp_hal_dma/include -I/home/regex/work/esp32s31-openvela/s31-reference/deps/esp-hal-3rdparty/components/esp_hal_debug_assist/esp32s31/include -I/home/regex/work/esp32s31-openvela/s31-reference/deps/esp-hal-3rdparty/components/esp_hal_debug_assist/include -I/home/regex/work/esp32s31-openvela/s31-reference/deps/esp-hal-3rdparty/components/esp_hal_emac/esp32s31/include -I/home/regex/work/esp32s31-openvela/s31-reference/deps/esp-hal-3rdparty/components/esp_hal_emac/include -I/home/regex/work/esp32s31-openvela/s31-reference/deps/esp-hal-3rdparty/components/esp_hal_gpio/esp32s31/include -I/home/regex/work/esp32s31-openvela/s31-reference/deps/esp-hal-3rdparty/components/esp_hal_gpio/include -I/home/regex/work/esp32s31-openvela/s31-reference/deps/esp-hal-3rdparty/components/esp_hal_gpspi/esp32s31/include -I/home/regex/work/esp32s31-openvela/s31-reference/deps/esp-hal-3rdparty/components/esp_hal_gpspi/include -I/home/regex/work/esp32s31-openvela/s31-reference/deps/esp-hal-3rdparty/components/esp_hal_i2c/esp32s31/include -I/home/regex/work/esp32s31-openvela/s31-reference/deps/esp-hal-3rdparty/components/esp_hal_i2c/include -I/home/regex/work/esp32s31-openvela/s31-reference/deps/esp-hal-3rdparty/components/esp_hal_i2s/esp32s31/include -I/home/regex/work/esp32s31-openvela/s31-reference/deps/esp-hal-3rdparty/components/esp_hal_i2s/include -I/home/regex/work/esp32s31-openvela/s31-reference/deps/esp-hal-3rdparty/components/esp_hal_lcd/esp32s31/include -I/home/regex/work/esp32s31-openvela/s31-reference/deps/esp-hal-3rdparty/components/esp_hal_lcd/include -I/home/regex/work/esp32s31-openvela/s31-reference/deps/esp-hal-3rdparty/components/esp_hal_ledc/esp32s31/include -I/home/regex/work/esp32s31-openvela/s31-reference/deps/esp-hal-3rdparty/components/esp_hal_ledc/include -I/home/regex/work/esp32s31-openvela/s31-reference/deps/esp-hal-3rdparty/components/esp_hal_mcpwm/esp32s31/include -I/home/regex/work/esp32s31-openvela/s31-reference/deps/esp-hal-3rdparty/components/esp_hal_mcpwm/include -I/home/regex/work/esp32s31-openvela/s31-reference/deps/esp-hal-3rdparty/components/esp_hal_mspi/esp32s31/include -I/home/regex/work/esp32s31-openvela/s31-reference/deps/esp-hal-3rdparty/components/esp_hal_mspi/include -I/home/regex/work/esp32s31-openvela/s31-reference/deps/esp-hal-3rdparty/components/esp_hal_parlio/esp32s31/include -I/home/regex/work/esp32s31-openvela/s31-reference/deps/esp-hal-3rdparty/components/esp_hal_parlio/include -I/home/regex/work/esp32s31-openvela/s31-reference/deps/esp-hal-3rdparty/components/esp_hal_pcnt/esp32s31/include -I/home/regex/work/esp32s31-openvela/s31-reference/deps/esp-hal-3rdparty/components/esp_hal_pcnt/include -I/home/regex/work/esp32s31-openvela/s31-reference/deps/esp-hal-3rdparty/components/esp_hal_pmu/esp32s31/include -I/home/regex/work/esp32s31-openvela/s31-reference/deps/esp-hal-3rdparty/components/esp_hal_pmu/include -I/home/regex/work/esp32s31-openvela/s31-reference/deps/esp-hal-3rdparty/components/esp_hal_rmt/esp32s31/include -I/home/regex/work/esp32s31-openvela/s31-reference/deps/esp-hal-3rdparty/components/esp_hal_rmt/include -I/home/regex/work/esp32s31-openvela/s31-reference/deps/esp-hal-3rdparty/components/esp_hal_rtc_timer/esp32s31/include -I/home/regex/work/esp32s31-openvela/s31-reference/deps/esp-hal-3rdparty/components/esp_hal_rtc_timer/include -I/home/regex/work/esp32s31-openvela/s31-reference/deps/esp-hal-3rdparty/components/esp_hal_regi2c/esp32s31/include -I/home/regex/work/esp32s31-openvela/s31-reference/deps/esp-hal-3rdparty/components/esp_hal_regi2c/include -I/home/regex/work/esp32s31-openvela/s31-reference/deps/esp-hal-3rdparty/components/esp_hal_security/esp32s31/include -I/home/regex/work/esp32s31-openvela/s31-reference/deps/esp-hal-3rdparty/components/esp_hal_security/include -I/home/regex/work/esp32s31-openvela/s31-reference/deps/esp-hal-3rdparty/components/esp_hal_systimer/esp32s31/include -I/home/regex/work/esp32s31-openvela/s31-reference/deps/esp-hal-3rdparty/components/esp_hal_systimer/include -I/home/regex/work/esp32s31-openvela/s31-reference/deps/esp-hal-3rdparty/components/esp_hal_timg/esp32s31/include -I/home/regex/work/esp32s31-openvela/s31-reference/deps/esp-hal-3rdparty/components/esp_hal_timg/include -I/home/regex/work/esp32s31-openvela/s31-reference/deps/esp-hal-3rdparty/components/esp_hal_touch_sens/esp32s31/include -I/home/regex/work/esp32s31-openvela/s31-reference/deps/esp-hal-3rdparty/components/esp_hal_touch_sens/include -I/home/regex/work/esp32s31-openvela/s31-reference/deps/esp-hal-3rdparty/components/esp_hal_twai/esp32s31/include -I/home/regex/work/esp32s31-openvela/s31-reference/deps/esp-hal-3rdparty/components/esp_hal_twai/include -I/home/regex/work/esp32s31-openvela/s31-reference/deps/esp-hal-3rdparty/components/esp_hal_uart/esp32s31/include -I/home/regex/work/esp32s31-openvela/s31-reference/deps/esp-hal-3rdparty/components/esp_hal_uart/include -I/home/regex/work/esp32s31-openvela/s31-reference/deps/esp-hal-3rdparty/components/esp_hal_usb/esp32s31/include -I/home/regex/work/esp32s31-openvela/s31-reference/deps/esp-hal-3rdparty/components/esp_hal_usb/include -I/home/regex/work/esp32s31-openvela/s31-reference/deps/esp-hal-3rdparty/components/esp_hal_wdt/esp32s31/include -I/home/regex/work/esp32s31-openvela/s31-reference/deps/esp-hal-3rdparty/components/esp_hal_wdt/include -I/home/regex/work/esp32s31-openvela/s31-reference/deps/esp-hal-3rdparty/components/esp_hw_support/dma/include -I/home/regex/work/esp32s31-openvela/s31-reference/deps/esp-hal-3rdparty/components/esp_hw_support/etm/include -I/home/regex/work/esp32s31-openvela/s31-reference/deps/esp-hal-3rdparty/components/esp_hw_support/include -I/home/regex/work/esp32s31-openvela/s31-reference/deps/esp-hal-3rdparty/components/esp_hw_support/include/esp_private -I/home/regex/work/esp32s31-openvela/s31-reference/deps/esp-hal-3rdparty/components/esp_hw_support/include/soc -I/home/regex/work/esp32s31-openvela/s31-reference/deps/esp-hal-3rdparty/components/esp_hw_support/include/soc/esp32s31 -I/home/regex/work/esp32s31-openvela/s31-reference/deps/esp-hal-3rdparty/components/esp_hw_support/ldo/include -I/home/regex/work/esp32s31-openvela/s31-reference/deps/esp-hal-3rdparty/components/esp_hw_support/mspi/mspi_intr/include -I/home/regex/work/esp32s31-openvela/s31-reference/deps/esp-hal-3rdparty/components/esp_hw_support/mspi/mspi_timing_tuning/include -I/home/regex/work/esp32s31-openvela/s31-reference/deps/esp-hal-3rdparty/components/esp_hw_support/mspi/mspi_timing_tuning/port/esp32s31 -I/home/regex/work/esp32s31-openvela/s31-reference/deps/esp-hal-3rdparty/components/esp_hw_support/mspi/mspi_timing_tuning/tuning_scheme_impl/include -I/home/regex/work/esp32s31-openvela/s31-reference/deps/esp-hal-3rdparty/components/esp_hw_support/port/esp32s31/include -I/home/regex/work/esp32s31-openvela/s31-reference/deps/esp-hal-3rdparty/components/esp_hw_support/port/esp32s31/private_include -I/home/regex/work/esp32s31-openvela/s31-reference/deps/esp-hal-3rdparty/components/esp_hw_support/port/include -I/home/regex/work/esp32s31-openvela/s31-reference/deps/esp-hal-3rdparty/components/esp_hw_support/power_supply/include -I/home/regex/work/esp32s31-openvela/s31-reference/deps/esp-hal-3rdparty/components/esp_libc/priv_include -I/home/regex/work/esp32s31-openvela/s31-reference/deps/esp-hal-3rdparty/components/esp_mm/include -I/home/regex/work/esp32s31-openvela/s31-reference/deps/esp-hal-3rdparty/components/esp_pm -I/home/regex/work/esp32s31-openvela/s31-reference/deps/esp-hal-3rdparty/components/esp_pm/include -I/home/regex/work/esp32s31-openvela/s31-reference/deps/esp-hal-3rdparty/components/esp_psram/include -I/home/regex/work/esp32s31-openvela/s31-reference/deps/esp-hal-3rdparty/components/esp_psram/device/include -I/home/regex/work/esp32s31-openvela/s31-reference/deps/esp-hal-3rdparty/components/esp_psram/xip_impl/include -I/home/regex/work/esp32s31-openvela/s31-reference/deps/esp-hal-3rdparty/components/esp_rom/esp32s31 -I/home/regex/work/esp32s31-openvela/s31-reference/deps/esp-hal-3rdparty/components/esp_rom/esp32s31/include -I/home/regex/work/esp32s31-openvela/s31-reference/deps/esp-hal-3rdparty/components/esp_rom/esp32s31/include/esp32s31 -I/home/regex/work/esp32s31-openvela/s31-reference/deps/esp-hal-3rdparty/components/esp_rom/include -I/home/regex/work/esp32s31-openvela/s31-reference/deps/esp-hal-3rdparty/components/esp_security/include -I/home/regex/work/esp32s31-openvela/s31-reference/deps/esp-hal-3rdparty/components/esp_system/ld -I/home/regex/work/esp32s31-openvela/s31-reference/deps/esp-hal-3rdparty/components/hal/esp32s31/include -I/home/regex/work/esp32s31-openvela/s31-reference/deps/esp-hal-3rdparty/components/hal/include -I/home/regex/work/esp32s31-openvela/s31-reference/deps/esp-hal-3rdparty/components/hal/platform_port/include -I/home/regex/work/esp32s31-openvela/s31-reference/deps/esp-hal-3rdparty/components/heap/include -I/home/regex/work/esp32s31-openvela/s31-reference/deps/esp-hal-3rdparty/components/log -I/home/regex/work/esp32s31-openvela/s31-reference/deps/esp-hal-3rdparty/components/log/include -I/home/regex/work/esp32s31-openvela/s31-reference/deps/esp-hal-3rdparty/components/log/src/log_level/tag_log_level -I/home/regex/work/esp32s31-openvela/s31-reference/deps/esp-hal-3rdparty/components/riscv/include -I/home/regex/work/esp32s31-openvela/s31-reference/deps/esp-hal-3rdparty/components/soc/esp32s31/include -I/home/regex/work/esp32s31-openvela/s31-reference/deps/esp-hal-3rdparty/components/soc/esp32s31/register -I/home/regex/work/esp32s31-openvela/s31-reference/deps/esp-hal-3rdparty/components/soc/include -I/home/regex/work/esp32s31-openvela/s31-reference/deps/esp-hal-3rdparty/components/spi_flash/include -I/home/regex/work/esp32s31-openvela/s31-reference/deps/esp-hal-3rdparty/components/spi_flash/include/esp_flash_chips -I/home/regex/work/esp32s31-openvela/s31-reference/deps/esp-hal-3rdparty/components/ulp -I/home/regex/work/esp32s31-openvela/s31-reference/deps/esp-hal-3rdparty/components/ulp/lp_core -I/home/regex/work/esp32s31-openvela/s31-reference/deps/esp-hal-3rdparty/components/ulp/lp_core/shared -I/home/regex/work/esp32s31-openvela/s31-reference/deps/esp-hal-3rdparty/components/ulp/lp_core/shared/include -I/home/regex/work/esp32s31-openvela/s31-reference/deps/esp-hal-3rdparty/components/ulp/lp_core/include -I/home/regex/work/esp32s31-openvela/s31-reference/deps/esp-hal-3rdparty/components/ulp/ulp_common -I/home/regex/work/esp32s31-openvela/s31-reference/deps/esp-hal-3rdparty/components/ulp/ulp_common/include -I/home/regex/work/esp32s31-openvela/s31-reference/deps/esp-hal-3rdparty/components/upper_hal_ana_cmpr/include -I/home/regex/work/esp32s31-openvela/s31-reference/deps/esp-hal-3rdparty/components/upper_hal_ana_cmpr/esp32s31/include -I/home/regex/work/esp32s31-openvela/s31-reference/deps/esp-hal-3rdparty/components/upper_hal_dma/include -I/home/regex/work/esp32s31-openvela/s31-reference/deps/esp-hal-3rdparty/components/upper_hal_dma/src -I/home/regex/work/esp32s31-openvela/s31-reference/deps/esp-hal-3rdparty/components/upper_hal_rmt/include -I/home/regex/work/esp32s31-openvela/s31-reference/deps/esp-hal-3rdparty/components/upper_hal_rmt/src -I/home/regex/work/esp32s31-openvela/s31-reference/deps/esp-hal-3rdparty/components/upper_hal_uart/include -I/home/regex/work/esp32s31-openvela/openvela-dev/nuttx/arch/risc-v/src/esp32s31/../common/espressif -I/home/regex/work/esp32s31-openvela/openvela-dev/nuttx/arch/risc-v/src/esp32s31/../common/espressif/platform_include -I/home/regex/work/esp32s31-openvela/s31-reference/deps/esp-hal-3rdparty/components/spi_flash/include/esp_private -I/home/regex/work/esp32s31-openvela/openvela-dev/nuttx/arch/risc-v/src/esp32c6 -I/home/regex/work/esp32s31-openvela/s31-reference/deps/esp-hal-3rdparty/components/esp_coex/include -I/home/regex/work/esp32s31-openvela/s31-reference/deps/esp-hal-3rdparty/components/esp_hw_support/modem/include -I/home/regex/work/esp32s31-openvela/s31-reference/deps/esp-hal-3rdparty/components/esp_phy/include -I/home/regex/work/esp32s31-openvela/s31-reference/deps/esp-hal-3rdparty/components/esp_phy/esp32s31/include -I/home/regex/work/esp32s31-openvela/s31-reference/deps/esp-hal-3rdparty/components/esp_security/src/esp32s31 -I/home/regex/work/esp32s31-openvela/s31-reference/deps/esp-hal-3rdparty/components/esp_wifi/include -I/home/regex/work/esp32s31-openvela/s31-reference/deps/esp-hal-3rdparty/components/esp_wifi/include/local -I/home/regex/work/esp32s31-openvela/s31-reference/deps/esp-hal-3rdparty/components/esp_wifi/wifi_apps/include -I/home/regex/work/esp32s31-openvela/s31-reference/deps/esp-hal-3rdparty/components/esp_wifi/wifi_apps/include/apps_private -I/home/regex/work/esp32s31-openvela/s31-reference/deps/esp-hal-3rdparty/components/esp_wifi/wifi_apps/roaming_app/include -I/home/regex/work/esp32s31-openvela/s31-reference/deps/esp-hal-3rdparty/components/wpa_supplicant/esp_supplicant/include -I/home/regex/work/esp32s31-openvela/s31-reference/deps/esp-hal-3rdparty/components/wpa_supplicant/port/include -I/home/regex/work/esp32s31-openvela/s31-reference/deps/esp-hal-3rdparty/nuttx/esp32s31/include -I/home/regex/work/esp32s31-openvela/s31-reference/deps/esp-hal-3rdparty/nuttx/include/esp_wifi -I/home/regex/work/esp32s31-openvela/s31-reference/deps/esp-hal-3rdparty/components/wpa_supplicant/include -I/home/regex/work/esp32s31-openvela/s31-reference/deps/esp-hal-3rdparty/components/wpa_supplicant/src -I/home/regex/work/esp32s31-openvela/s31-reference/deps/esp-hal-3rdparty/components/wpa_supplicant/src/ap -I/home/regex/work/esp32s31-openvela/s31-reference/deps/esp-hal-3rdparty/components/wpa_supplicant/src/common -I/home/regex/work/esp32s31-openvela/s31-reference/deps/esp-hal-3rdparty/components/wpa_supplicant/src/crypto -I/home/regex/work/esp32s31-openvela/s31-reference/deps/esp-hal-3rdparty/components/wpa_supplicant/src/utils -I/home/regex/work/esp32s31-openvela/s31-reference/deps/esp-hal-3rdparty/components/wpa_supplicant/esp_supplicant/src -isystem /home/regex/work/esp32s31-openvela/openvela-dev/nuttx/include -isystem /home/regex/work/esp32s31-openvela/openvela-dev/out/esp32s31-cmake-demo/include -Os -fno-strict-aliasing -fomit-frame-pointer -fno-common -Wall -Wshadow -Wundef -Wno-attributes -Wno-unknown-pragmas -Wstrict-prototypes -ffunction-sections -fdata-sections -march=rv32imafc_zicsr_zifencei -mabi=ilp32f -fdiagnostics-color=always -fmacro-prefix-map=/home/regex/work/esp32s31-openvela/openvela-dev/nuttx= -fmacro-prefix-map=/home/regex/work/esp32s31-openvela/openvela-dev/apps= -fmacro-prefix-map=/home/regex/work/esp32s31-openvela/openvela-dev/nuttx/boards/risc-v/esp32s31/esp32s31-core-function-board= -fmacro-prefix-map=/home/regex/work/esp32s31-openvela/openvela-dev/nuttx/arch/risc-v/src/esp32s31= -Wno-undef -Wno-unused-variable -fno-jump-tables -fno-tree-switch-conversion -include/home/regex/work/esp32s31-openvela/openvela-dev/nuttx/arch/risc-v/src/esp32s31/include/esp32s31/rom/ets_sys.h -include/home/regex/work/esp32s31-openvela/openvela-dev/nuttx/arch/risc-v/src/esp32s31/hal_backports/include/esp32s31_wifi_os_compat.h /home/regex/work/esp32s31-openvela/openvela-dev/nuttx/arch/risc-v/src/esp32c6/esp_wifi_adapter.c -E -P
ELF_SHA256=0cfdaf2a99facdb81e5da99b1f8322f78577fceafb0b80bedeeaf8728ab6eab7
000 _version 00000009 NONFUNCTION_OR_CONSTANT
004 _env_is_chip 2f004c82 esp_coex_common_env_is_chip_wrapper
008 _set_intr 40034548 set_intr_wrapper
00c _clear_intr 2f0049ee clear_intr_wrapper
010 _set_isr 40034494 set_isr_wrapper
014 _ints_on 40034436 enable_intr_wrapper
018 _ints_off 400343d8 disable_intr_wrapper
01c _is_from_isr 2f004a4c is_from_isr_wrapper
020 _spin_lock_create 4003b004 esp_coex_common_spin_lock_create_wrapper
024 _spin_lock_delete 4000bef8 kmm_free
028 _wifi_int_disable 2f004d9c esp_coex_common_int_disable_wrapper
02c _wifi_int_restore 2f004e20 esp_coex_common_int_restore_wrapper
030 _task_yield_from_isr 2f004c86 esp_coex_common_task_yield_from_isr_wrapper
034 _semphr_create 4003acf6 esp_coex_common_semphr_create_wrapper
038 _semphr_delete 4003ad56 esp_coex_common_semphr_delete_wrapper
03c _semphr_take 4003ad6e esp_coex_common_semphr_take_wrapper
040 _semphr_give 4003af8a esp_coex_common_semphr_give_wrapper
044 _wifi_thread_semphr_get 400343d4 wifi_thread_semphr_get_wrapper
048 _mutex_create 40034378 mutex_create_wrapper
04c _recursive_mutex_create 400342e2 recursive_mutex_create_wrapper
050 _mutex_delete 400342ca mutex_delete_wrapper
054 _mutex_lock 2f004ac2 mutex_lock_wrapper
058 _mutex_unlock 2f004a86 mutex_unlock_wrapper
05c _queue_create 40033cb0 queue_create_wrapper
060 _queue_delete 4003428c vqueue_delete_adapter
064 _queue_send 40034e4e queue_send_wrapper
068 _queue_send_from_isr 2f004afe queue_send_from_isr_wrapper
06c _queue_send_to_back 40034e54 queue_send_to_back_wrapper
070 _queue_send_to_front 40034e48 queue_send_to_front_wrapper
074 _queue_recv 400341b4 queue_recv_wrapper
078 _queue_msg_waiting 40034182 queue_msg_waiting_wrapper
07c _event_group_create 40033f0e event_group_create_wrapper
080 _event_group_delete 40033ef4 event_group_delete_wrapper
084 _event_group_set_bits 40033ece event_group_set_bits_wrapper
088 _event_group_clear_bits 40033ea8 event_group_clear_bits_wrapper
08c _event_group_wait_bits 40033e84 event_group_wait_bits_wrapper
090 _task_create_pinned_to_core 400340f0 task_create_pinned_to_core_wrapper
094 _task_create 4003417c task_create_wrapper
098 _task_delete 400340ec task_delete_wrapper
09c _task_delay 400340de task_delay_wrapper
0a0 _task_ms_to_tick 40033aba task_ms_to_tick_wrapper
0a4 _task_get_current_task 40034094 task_get_current_task_wrapper
0a8 _task_get_max_priority 40033ac4 task_get_max_priority_wrapper
0ac _malloc 4000bf28 kmm_malloc
0b0 _free 4000bef8 kmm_free
0b4 _event_post 400347cc esp_event_post_wrapper
0b8 _get_free_heap_size 40033fbc esp_get_free_heap_size
0bc _rand 2f004b0e esp_random
0c0 _dport_access_stall_other_cpu_start_wrap 2f0049f4 esp_empty_wrapper
0c4 _dport_access_stall_other_cpu_end_wrap 2f0049f4 esp_empty_wrapper
0c8 _wifi_pm_sleep_lock_acquire 2f0049f0 wifi_apb80m_request_wrapper
0cc _wifi_pm_sleep_lock_release 2f0049f2 wifi_apb80m_release_wrapper
0d0 _phy_disable 40033fa4 esp_phy_disable_wrapper
0d4 _phy_enable 40033f52 esp_phy_enable_wrapper
0d8 _phy_update_country_info 4003a9ca esp_phy_update_country_info
0dc _read_mac 40033f4e esp_read_mac_wrapper
0e0 _timer_arm 2f004a4a timer_arm_wrapper
0e4 _timer_disarm 2f004d98 esp_coex_common_timer_disarm_wrapper
0e8 _timer_done 4003affc esp_coex_common_timer_done_wrapper
0ec _timer_setfn 4003b000 esp_coex_common_timer_setfn_wrapper
0f0 _timer_arm_us 2f004d9a esp_coex_common_timer_arm_us_wrapper
0f4 _wifi_reset_mac 40033f44 wifi_reset_mac_wrapper
0f8 _wifi_clock_enable 40033f3c wifi_clock_enable_wrapper
0fc _wifi_clock_disable 40033f34 wifi_clock_disable_wrapper
100 _wifi_rtc_enable_iso 2f0049f4 esp_empty_wrapper
104 _wifi_rtc_disable_iso 2f0049f4 esp_empty_wrapper
108 _esp_timer_get_time 2f003f5c esp_hr_timer_time_us
10c _nvs_set_i8 40033e5e esp_nvs_set_i8
110 _nvs_get_i8 40033e38 esp_nvs_get_i8
114 _nvs_set_u8 40033e12 esp_nvs_set_u8
118 _nvs_get_u8 40033dec esp_nvs_get_u8
11c _nvs_set_u16 40033dc6 esp_nvs_set_u16
120 _nvs_get_u16 40033da0 esp_nvs_get_u16
124 _nvs_open 40033d7a nvs_open_wrapper
128 _nvs_close 40033d60 esp_nvs_close
12c _nvs_commit 40033b12 esp_nvs_commit
130 _nvs_set_blob 40033d3a esp_nvs_set_blob
134 _nvs_get_blob 40033d14 esp_nvs_get_blob
138 _nvs_erase_key 40033cee esp_nvs_erase_key
13c _get_random 400398b6 os_get_random
140 _get_time 40033cea get_time_wrapper
144 _random 400398ae os_random
148 _slowclk_cal_get 4003b05e esp_coex_common_clk_slowclk_cal_get_wrapper
14c _log_write 40033cc4 esp_log_write_wrapper
150 _log_writev 40033cb4 esp_log_writev_wrapper
154 _log_timestamp 2f00d7dc esp_log_early_timestamp|esp_log_timestamp
158 _malloc_internal 2f004d84 esp_coex_common_malloc_internal_wrapper
15c _realloc_internal 2f004a3a realloc_internal_wrapper
160 _calloc_internal 2f004a2a calloc_internal_wrapper
164 _zalloc_internal 2f004a22 zalloc_internal_wrapper
168 _wifi_malloc 2f0049f6 wifi_malloc
16c _wifi_realloc 2f004a42 wifi_realloc
170 _wifi_calloc 2f004a32 wifi_calloc
174 _wifi_zalloc 2f004a1a wifi_zalloc_wrapper
178 _wifi_create_queue 40033c4c wifi_create_queue_wrapper
17c _wifi_delete_queue 400342ac wifi_delete_queue_wrapper
180 _coex_init 40033b56 coex_init_wrapper
184 _coex_deinit 40033b52 coex_deinit_wrapper
188 _coex_enable 40033b4e coex_enable_wrapper
18c _coex_disable 40033b4a coex_disable_wrapper
190 _coex_status_get 2f004a16 coex_status_get_wrapper
194 _coex_condition_set 00000000 NULL
198 _coex_wifi_request 40033b46 coex_wifi_request_wrapper
19c _coex_wifi_release 2f004a0e coex_wifi_release_wrapper
1a0 _coex_wifi_channel_set 40033b42 coex_wifi_channel_set_wrapper
1a4 _coex_event_duration_get 2f004a06 coex_event_duration_get_wrapper
1a8 _coex_pti_get 40033b3e coex_pti_get_wrapper
1ac _coex_schm_status_bit_clear 40033b3a coex_schm_status_bit_clear_wrapper
1b0 _coex_schm_status_bit_set 40033b36 coex_schm_status_bit_set_wrapper
1b4 _coex_schm_interval_set 2f0049fe coex_schm_interval_set_wrapper
1b8 _coex_schm_interval_get 40033b32 coex_schm_interval_get_wrapper
1bc _coex_schm_curr_period_get 40033b2e coex_schm_curr_period_get_wrapper
1c0 _coex_schm_curr_phase_get 40033b2a coex_schm_curr_phase_get_wrapper
1c4 _coex_schm_process_restart 40033b26 coex_schm_process_restart_wrapper
1c8 _coex_schm_register_cb 40033b22 coex_schm_register_cb_wrapper
1cc _coex_register_start_cb 40033b1e coex_register_start_cb_wrapper
1d0 _regdma_link_set_write_wait_content 00000000 NULL
1d4 _sleep_retention_find_link_by_id 00000000 NULL
1d8 _coex_schm_flexible_period_set 40033aca coex_schm_flexible_period_set_wrapper
1dc _coex_schm_flexible_period_get 40033ace coex_schm_flexible_period_get_wrapper
1e0 _coex_schm_get_phase_by_idx 40033b1a coex_schm_get_phase_by_idx_wrapper
1e4 _coex_configure_preemption_end_cb 40033b16 coex_configure_preemption_end_cb_wrapper
1e8 _wifi_disable_ac_ax 40033ab2 esp_wifi_disable_ac_ax_wrapper
1ec _wifi_bb_sleep_retention_attach 40033ab6 wifi_bb_sleep_retention_attach_wrapper
1f0 _wifi_bb_sleep_retention_detach 40034d60 wifi_bb_sleep_retention_detach_wrapper
1f4 _wifi_mac_sleep_retention_attach 40034d64 wifi_mac_sleep_retention_attach_wrapper
1f8 _wifi_mac_sleep_retention_detach 40034d68 wifi_mac_sleep_retention_detach_wrapper
1fc _magic deadbeaf NONFUNCTION_OR_CONSTANT
OSI_TABLE_LAYOUT=PASS fields=128 bytes=512
PROFILE=idf173
PREPROCESS_COMMAND=/home/regex/.espressif/tools/riscv32-esp-elf/esp-15.2.0_20251204/riscv32-esp-elf/bin/riscv32-esp-elf-gcc -DESP_PLATFORM '-DIDF_VER="v6.1-beta1-497-g14f663f00-dirty"' -DSOC_MMU_PAGE_SIZE=CONFIG_MMU_PAGE_SIZE -DSOC_XTAL_FREQ_MHZ=CONFIG_XTAL_FREQ -D_GLIBCXX_HAVE_POSIX_SEMAPHORE -D_GLIBCXX_USE_POSIX_SEMAPHORE -D_GNU_SOURCE -D_POSIX_READER_WRITER_LOCKS -I/home/regex/work/esp32s31-openvela/diagnostics/idf-baseline/build-hal-wifi/config -I/home/regex/work/esp32s31-openvela/s31-reference/tmp/esp-idf-clean/components/esp_wifi/include -I/home/regex/work/esp32s31-openvela/s31-reference/tmp/esp-idf-clean/components/esp_wifi/include/local -I/home/regex/work/esp32s31-openvela/s31-reference/tmp/esp-idf-clean/components/esp_wifi/wifi_apps/include -I/home/regex/work/esp32s31-openvela/s31-reference/tmp/esp-idf-clean/components/esp_wifi/wifi_apps/nan_app/include -I/home/regex/work/esp32s31-openvela/s31-reference/tmp/esp-idf-clean/components/wpa_supplicant/src -I/home/regex/work/esp32s31-openvela/s31-reference/tmp/esp-idf-clean/components/wpa_supplicant/esp_supplicant/src -I/home/regex/work/esp32s31-openvela/s31-reference/tmp/esp-idf-clean/components/esp_wifi/wifi_apps/roaming_app/include -I/home/regex/work/esp32s31-openvela/s31-reference/tmp/esp-idf-clean/components/esp_wifi/wifi_apps/roaming_app/src -I/home/regex/work/esp32s31-openvela/s31-reference/tmp/esp-idf-clean/components/esp_wifi/remote/include -I/home/regex/work/esp32s31-openvela/s31-reference/tmp/esp-idf-clean/components/esp_libc/platform_include -I/home/regex/work/esp32s31-openvela/s31-reference/tmp/esp-idf-clean/components/freertos/config/include -I/home/regex/work/esp32s31-openvela/s31-reference/tmp/esp-idf-clean/components/freertos/config/include/freertos -I/home/regex/work/esp32s31-openvela/s31-reference/tmp/esp-idf-clean/components/freertos/config/riscv/include -I/home/regex/work/esp32s31-openvela/s31-reference/tmp/esp-idf-clean/components/freertos/FreeRTOS-Kernel/include -I/home/regex/work/esp32s31-openvela/s31-reference/tmp/esp-idf-clean/components/freertos/FreeRTOS-Kernel/portable/riscv/include -I/home/regex/work/esp32s31-openvela/s31-reference/tmp/esp-idf-clean/components/freertos/FreeRTOS-Kernel/portable/riscv/include/freertos -I/home/regex/work/esp32s31-openvela/s31-reference/tmp/esp-idf-clean/components/freertos/esp_additions/include -I/home/regex/work/esp32s31-openvela/s31-reference/tmp/esp-idf-clean/components/esp_hw_support/include -I/home/regex/work/esp32s31-openvela/s31-reference/tmp/esp-idf-clean/components/esp_hw_support/include/soc -I/home/regex/work/esp32s31-openvela/s31-reference/tmp/esp-idf-clean/components/esp_hw_support/ldo/include -I/home/regex/work/esp32s31-openvela/s31-reference/tmp/esp-idf-clean/components/esp_hw_support/debug_probe/include -I/home/regex/work/esp32s31-openvela/s31-reference/tmp/esp-idf-clean/components/esp_hw_support/etm/include -I/home/regex/work/esp32s31-openvela/s31-reference/tmp/esp-idf-clean/components/esp_hw_support/mspi/mspi_timing_tuning/include -I/home/regex/work/esp32s31-openvela/s31-reference/tmp/esp-idf-clean/components/esp_hw_support/mspi/mspi_timing_tuning/tuning_scheme_impl/include -I/home/regex/work/esp32s31-openvela/s31-reference/tmp/esp-idf-clean/components/esp_hw_support/mspi/mspi_intr/include -I/home/regex/work/esp32s31-openvela/s31-reference/tmp/esp-idf-clean/components/esp_hw_support/power_supply/include -I/home/regex/work/esp32s31-openvela/s31-reference/tmp/esp-idf-clean/components/esp_hw_support/modem/include -I/home/regex/work/esp32s31-openvela/s31-reference/tmp/esp-idf-clean/components/esp_hw_support/port/esp32s31/. -I/home/regex/work/esp32s31-openvela/s31-reference/tmp/esp-idf-clean/components/esp_hw_support/port/esp32s31/include -I/home/regex/work/esp32s31-openvela/s31-reference/tmp/esp-idf-clean/components/esp_hw_support/port/esp32s31/private_include -I/home/regex/work/esp32s31-openvela/s31-reference/tmp/esp-idf-clean/components/esp_hw_support/mspi/mspi_timing_tuning/port/esp32s31/. -I/home/regex/work/esp32s31-openvela/s31-reference/tmp/esp-idf-clean/components/heap/include -I/home/regex/work/esp32s31-openvela/s31-reference/tmp/esp-idf-clean/components/heap/tlsf -I/home/regex/work/esp32s31-openvela/s31-reference/tmp/esp-idf-clean/components/heap/rom_patches/include -I/home/regex/work/esp32s31-openvela/s31-reference/tmp/esp-idf-clean/components/heap/rom_patches/esp32s31 -I/home/regex/work/esp32s31-openvela/s31-reference/tmp/esp-idf-clean/components/log/include -I/home/regex/work/esp32s31-openvela/s31-reference/tmp/esp-idf-clean/components/soc/include -I/home/regex/work/esp32s31-openvela/s31-reference/tmp/esp-idf-clean/components/soc/esp32s31 -I/home/regex/work/esp32s31-openvela/s31-reference/tmp/esp-idf-clean/components/soc/esp32s31/include -I/home/regex/work/esp32s31-openvela/s31-reference/tmp/esp-idf-clean/components/soc/esp32s31/register -I/home/regex/work/esp32s31-openvela/s31-reference/tmp/esp-idf-clean/components/hal/platform_port/include -I/home/regex/work/esp32s31-openvela/s31-reference/tmp/esp-idf-clean/components/hal/esp32s31/include -I/home/regex/work/esp32s31-openvela/s31-reference/tmp/esp-idf-clean/components/hal/include -I/home/regex/work/esp32s31-openvela/s31-reference/tmp/esp-idf-clean/components/esp_rom/include -I/home/regex/work/esp32s31-openvela/s31-reference/tmp/esp-idf-clean/components/esp_rom/esp32s31/include -I/home/regex/work/esp32s31-openvela/s31-reference/tmp/esp-idf-clean/components/esp_rom/esp32s31/include/esp32s31 -I/home/regex/work/esp32s31-openvela/s31-reference/tmp/esp-idf-clean/components/esp_rom/esp32s31 -I/home/regex/work/esp32s31-openvela/s31-reference/tmp/esp-idf-clean/components/esp_common/include -I/home/regex/work/esp32s31-openvela/s31-reference/tmp/esp-idf-clean/components/esp_system/include -I/home/regex/work/esp32s31-openvela/s31-reference/tmp/esp-idf-clean/components/esp_system/port/soc -I/home/regex/work/esp32s31-openvela/s31-reference/tmp/esp-idf-clean/components/esp_system/port/include/riscv -I/home/regex/work/esp32s31-openvela/s31-reference/tmp/esp-idf-clean/components/esp_system/port/include/private -I/home/regex/work/esp32s31-openvela/s31-reference/tmp/esp-idf-clean/components/esp_stdio/include -I/home/regex/work/esp32s31-openvela/s31-reference/tmp/esp-idf-clean/components/riscv/include -I/home/regex/work/esp32s31-openvela/s31-reference/tmp/esp-idf-clean/components/esp_hal_gpio/include -I/home/regex/work/esp32s31-openvela/s31-reference/tmp/esp-idf-clean/components/esp_hal_gpio/esp32s31/include -I/home/regex/work/esp32s31-openvela/s31-reference/tmp/esp-idf-clean/components/esp_hal_usb/include -I/home/regex/work/esp32s31-openvela/s31-reference/tmp/esp-idf-clean/components/esp_hal_usb/esp32s31/include -I/home/regex/work/esp32s31-openvela/s31-reference/tmp/esp-idf-clean/components/esp_hal_pmu/include -I/home/regex/work/esp32s31-openvela/s31-reference/tmp/esp-idf-clean/components/esp_hal_pmu/esp32s31/include -I/home/regex/work/esp32s31-openvela/s31-reference/tmp/esp-idf-clean/components/esp_hal_regi2c/include -I/home/regex/work/esp32s31-openvela/s31-reference/tmp/esp-idf-clean/components/esp_hal_regi2c/esp32s31/include -I/home/regex/work/esp32s31-openvela/s31-reference/tmp/esp-idf-clean/components/esp_hal_uart/include -I/home/regex/work/esp32s31-openvela/s31-reference/tmp/esp-idf-clean/components/esp_hal_uart/esp32s31/include -I/home/regex/work/esp32s31-openvela/s31-reference/tmp/esp-idf-clean/components/esp_hal_ana_conv/include -I/home/regex/work/esp32s31-openvela/s31-reference/tmp/esp-idf-clean/components/esp_hal_ana_conv/esp32s31/include -I/home/regex/work/esp32s31-openvela/s31-reference/tmp/esp-idf-clean/components/esp_hal_dma/include -I/home/regex/work/esp32s31-openvela/s31-reference/tmp/esp-idf-clean/components/esp_hal_dma/esp32s31/include -I/home/regex/work/esp32s31-openvela/s31-reference/tmp/esp-idf-clean/components/lwip/include -I/home/regex/work/esp32s31-openvela/s31-reference/tmp/esp-idf-clean/components/lwip/include/apps -I/home/regex/work/esp32s31-openvela/s31-reference/tmp/esp-idf-clean/components/lwip/lwip/src/include -I/home/regex/work/esp32s31-openvela/s31-reference/tmp/esp-idf-clean/components/lwip/port/include -I/home/regex/work/esp32s31-openvela/s31-reference/tmp/esp-idf-clean/components/lwip/port/freertos/include -I/home/regex/work/esp32s31-openvela/s31-reference/tmp/esp-idf-clean/components/lwip/port/esp32xx/include -I/home/regex/work/esp32s31-openvela/s31-reference/tmp/esp-idf-clean/components/lwip/port/esp32xx/include/arch -I/home/regex/work/esp32s31-openvela/s31-reference/tmp/esp-idf-clean/components/lwip/port/esp32xx/include/sys -I/home/regex/work/esp32s31-openvela/s31-reference/tmp/esp-idf-clean/components/esp_event/include -I/home/regex/work/esp32s31-openvela/s31-reference/tmp/esp-idf-clean/components/esp_phy/include -I/home/regex/work/esp32s31-openvela/s31-reference/tmp/esp-idf-clean/components/esp_phy/esp32s31/include -I/home/regex/work/esp32s31-openvela/s31-reference/tmp/esp-idf-clean/components/esp_netif/include -I/home/regex/work/esp32s31-openvela/s31-reference/tmp/esp-idf-clean/components/esp_pm/include -I/home/regex/work/esp32s31-openvela/s31-reference/tmp/esp-idf-clean/components/esp_timer/include -I/home/regex/work/esp32s31-openvela/s31-reference/tmp/esp-idf-clean/components/nvs_flash/include -I/home/regex/work/esp32s31-openvela/s31-reference/tmp/esp-idf-clean/components/esp_partition/include -I/home/regex/work/esp32s31-openvela/s31-reference/tmp/esp-idf-clean/components/esp_blockdev/include -I/home/regex/work/esp32s31-openvela/s31-reference/tmp/esp-idf-clean/components/efuse/include -I/home/regex/work/esp32s31-openvela/s31-reference/tmp/esp-idf-clean/components/efuse/esp32s31/include -I/home/regex/work/esp32s31-openvela/s31-reference/tmp/esp-idf-clean/components/wpa_supplicant/include -I/home/regex/work/esp32s31-openvela/s31-reference/tmp/esp-idf-clean/components/wpa_supplicant/port/include -I/home/regex/work/esp32s31-openvela/s31-reference/tmp/esp-idf-clean/components/wpa_supplicant/esp_supplicant/include -I/home/regex/work/esp32s31-openvela/s31-reference/tmp/esp-idf-clean/components/esp_coex/include @/home/regex/work/esp32s31-openvela/diagnostics/idf-baseline/build-hal-wifi/toolchain/cflags -ffunction-sections -fdata-sections -Wall -Werror -Wno-error=unused-function -Wno-error=unused-variable -Wno-error=unused-but-set-variable -Wno-error=deprecated-declarations -Wextra -Wno-error=extra -Wno-unused-parameter -Wno-sign-compare -Wno-enum-conversion -gdwarf-4 -ggdb -Og -fno-shrink-wrap -fmacro-prefix-map=/home/regex/work/esp32s31-openvela/diagnostics/idf-baseline=. -fmacro-prefix-map=/home/regex/work/esp32s31-openvela/s31-reference/tmp/esp-idf-clean=/IDF -fstrict-volatile-bitfields -fno-jump-tables -fno-tree-switch-conversion -std=gnu23 -Wno-old-style-declaration -fzero-init-padding-bits=all -fno-malloc-dce /home/regex/work/esp32s31-openvela/s31-reference/tmp/esp-idf-clean/components/esp_wifi/esp32s31/esp_adapter.c -E -P
ELF_SHA256=8d5501b96a04b23966d95a61d8294d1bfe4657baa382b9c75fe663d00a1af7c5
000 _version 00000009 NONFUNCTION_OR_CONSTANT
004 _env_is_chip 2f004e72 esp_coex_common_env_is_chip_wrapper
008 _set_intr 400a1958 set_intr_wrapper
00c _clear_intr 400a161e clear_intr_wrapper
010 _set_isr 400a194a set_isr_wrapper
014 _ints_on 400a1938 enable_intr_wrapper
018 _ints_off 400a1926 disable_intr_wrapper
01c _is_from_isr 2f003e4a is_from_isr_wrapper
020 _spin_lock_create 40099670 esp_coex_common_spin_lock_create_wrapper
024 _spin_lock_delete 2f008710 free|cfree
028 _wifi_int_disable 2f004eb4 esp_coex_common_int_disable_wrapper
02c _wifi_int_restore 2f004ede esp_coex_common_int_restore_wrapper
030 _task_yield_from_isr 2f004e8a esp_coex_common_task_yield_from_isr_wrapper
034 _semphr_create 4009960a esp_coex_common_semphr_create_wrapper
038 _semphr_delete 40099618 esp_coex_common_semphr_delete_wrapper
03c _semphr_take 40099626 esp_coex_common_semphr_take_wrapper
040 _semphr_give 40099640 esp_coex_common_semphr_give_wrapper
044 _wifi_thread_semphr_get 400a18bc wifi_thread_semphr_get_wrapper
048 _mutex_create 400a18ac mutex_create_wrapper
04c _recursive_mutex_create 400a189c recursive_mutex_create_wrapper
050 _mutex_delete 400a1678 mutex_delete_wrapper
054 _mutex_lock 2f003f30 mutex_lock_wrapper
058 _mutex_unlock 2f003f1e mutex_unlock_wrapper
05c _queue_create 400a183a queue_create_wrapper
060 _queue_delete 400a180c queue_delete_wrapper
064 _queue_send 400a17ee queue_send_wrapper
068 _queue_send_from_isr 2f003f0e queue_send_from_isr_wrapper
06c _queue_send_to_back 400a17de queue_send_to_back_wrapper
070 _queue_send_to_front 400a17ce queue_send_to_front_wrapper
074 _queue_recv 400a17b4 queue_recv_wrapper
078 _queue_msg_waiting 400a322c uxQueueMessagesWaiting
07c _event_group_create 400a1c4c xEventGroupCreate
080 _event_group_delete 400a1fda vEventGroupDelete
084 _event_group_set_bits 400a1ee2 xEventGroupSetBits
088 _event_group_clear_bits 400a1e48 xEventGroupClearBits
08c _event_group_wait_bits 400a179e event_group_wait_bits_wrapper
090 _task_create_pinned_to_core 400a1784 task_create_pinned_to_core_wrapper
094 _task_create 400a1770 task_create_wrapper
098 _task_delete 400a4016 vTaskDelete
09c _task_delay 400a426c vTaskDelay
0a0 _task_ms_to_tick 2f003e60 task_ms_to_tick_wrapper
0a4 _task_get_current_task 400a3c40 xTaskGetCurrentTaskHandle
0a8 _task_get_max_priority 400a1620 task_get_max_priority_wrapper
0ac _malloc 2f0086f4 pvalloc|valloc|malloc
0b0 _free 2f008710 free|cfree
0b4 _event_post 400a1756 esp_event_post_wrapper
0b8 _get_free_heap_size 400a0c40 esp_get_free_internal_heap_size
0bc _rand 2f003dc0 esp_random
0c0 _dport_access_stall_other_cpu_start_wrap 2f003e84 esp_empty_wrapper
0c4 _dport_access_stall_other_cpu_end_wrap 2f003e84 esp_empty_wrapper
0c8 _wifi_pm_sleep_lock_acquire 2f003e70 wifi_pm_sleep_lock_acquire_wrapper
0cc _wifi_pm_sleep_lock_release 2f003e72 wifi_pm_sleep_lock_release_wrapper
0d0 _phy_disable 400a1738 esp_phy_disable_wrapper
0d4 _phy_enable 400a1706 esp_phy_enable_wrapper
0d8 _phy_update_country_info 400a03ec esp_phy_update_country_info
0dc _read_mac 400a16f8 esp_read_mac_wrapper
0e0 _timer_arm 2f003f00 timer_arm_wrapper
0e4 _timer_disarm 2f004e98 esp_coex_common_timer_disarm_wrapper
0e8 _timer_done 40099654 esp_coex_common_timer_done_wrapper
0ec _timer_setfn 40099662 esp_coex_common_timer_setfn_wrapper
0f0 _timer_arm_us 2f004ea6 esp_coex_common_timer_arm_us_wrapper
0f4 _wifi_reset_mac 400a16e4 wifi_reset_mac_wrapper
0f8 _wifi_clock_enable 2f009c14 wifi_clock_enable_wrapper
0fc _wifi_clock_disable 2f009c06 wifi_clock_disable_wrapper
100 _wifi_rtc_enable_iso 2f003e84 esp_empty_wrapper
104 _wifi_rtc_disable_iso 2f003e84 esp_empty_wrapper
108 _esp_timer_get_time 2f000370 esp_timer_impl_get_time|esp_timer_get_time
10c _nvs_set_i8 4000a2e2 nvs_set_i8
110 _nvs_get_i8 4000a42c nvs_get_i8
114 _nvs_set_u8 4000a352 nvs_set_u8
118 _nvs_get_u8 4000a496 nvs_get_u8
11c _nvs_set_u16 4000a3c2 nvs_set_u16
120 _nvs_get_u16 4000a500 nvs_get_u16
124 _nvs_open 400a16d6 nvs_open_wrapper
128 _nvs_close 4000a142 nvs_close
12c _nvs_commit 4000a08e nvs_commit
130 _nvs_set_blob 4000a0c2 nvs_set_blob
134 _nvs_get_blob 4000a10e nvs_get_blob
138 _nvs_erase_key 4000a052 nvs_erase_key
13c _get_random 40032e1e os_get_random
140 _get_time 400a16c8 get_time_wrapper
144 _random 40032e0c os_random
148 _slowclk_cal_get 4009969e esp_coex_common_clk_slowclk_cal_get_wrapper
14c _log_write 400a16a8 esp_log_write_wrapper
150 _log_writev 400a1696 esp_log_writev_wrapper
154 _log_timestamp 2f00cb38 esp_log_timestamp
158 _malloc_internal 2f004e76 esp_coex_common_malloc_internal_wrapper
15c _realloc_internal 2f003eec realloc_internal_wrapper
160 _calloc_internal 2f003ed8 calloc_internal_wrapper
164 _zalloc_internal 2f003ec0 zalloc_internal_wrapper
168 _wifi_malloc 2f003e86 wifi_malloc
16c _wifi_realloc 2f003e94 wifi_realloc
170 _wifi_calloc 2f003ea2 wifi_calloc
174 _wifi_zalloc 2f003eb0 wifi_zalloc_wrapper
178 _wifi_create_queue 400a19ca wifi_create_queue_wrapper
17c _wifi_delete_queue 400a19fa wifi_delete_queue_wrapper
180 _coex_init 400a1624 coex_init_wrapper
184 _coex_deinit 400a1628 coex_deinit_wrapper
188 _coex_enable 400a162a coex_enable_wrapper
18c _coex_disable 400a162e coex_disable_wrapper
190 _coex_status_get 2f003e74 coex_status_get_wrapper
194 _coex_condition_set 00000000 NULL
198 _coex_wifi_request 400a1630 coex_wifi_request_wrapper
19c _coex_wifi_release 2f003e78 coex_wifi_release_wrapper
1a0 _coex_wifi_channel_set 400a1634 coex_wifi_channel_set_wrapper
1a4 _coex_event_duration_get 2f003e7c coex_event_duration_get_wrapper
1a8 _coex_pti_get 2f009c02 coex_pti_get_wrapper
1ac _coex_schm_status_bit_clear 400a1638 coex_schm_status_bit_clear_wrapper
1b0 _coex_schm_status_bit_set 400a163a coex_schm_status_bit_set_wrapper
1b4 _coex_schm_interval_set 2f003e80 coex_schm_interval_set_wrapper
1b8 _coex_schm_interval_get 400a163c coex_schm_interval_get_wrapper
1bc _coex_schm_curr_period_get 400a1640 coex_schm_curr_period_get_wrapper
1c0 _coex_schm_curr_phase_get 400a1644 coex_schm_curr_phase_get_wrapper
1c4 _coex_schm_process_restart 400a164c coex_schm_process_restart_wrapper
1c8 _coex_schm_register_cb 400a1650 coex_schm_register_cb_wrapper
1cc _coex_register_start_cb 400a1648 coex_register_start_cb_wrapper
1d0 _regdma_link_set_write_wait_content 4000826c regdma_link_set_write_wait_content
1d4 _sleep_retention_find_link_by_id 40006a9a sleep_retention_find_link_by_id
1d8 _coex_schm_flexible_period_set 400a1654 coex_schm_flexible_period_set_wrapper
1dc _coex_schm_flexible_period_get 400a1658 coex_schm_flexible_period_get_wrapper
1e0 _coex_schm_get_phase_by_idx 400a165c coex_schm_get_phase_by_idx_wrapper
1e4 _coex_configure_preemption_end_cb 400a1660 coex_configure_preemption_end_cb_wrapper
1e8 _wifi_disable_ac_ax 400a1664 esp_wifi_disable_ac_ax_wrapper
1ec _wifi_bb_sleep_retention_attach 400a1668 esp_phy_wifi_bb_sleep_retention_attach_wrapper
1f0 _wifi_bb_sleep_retention_detach 400a166c esp_phy_wifi_bb_sleep_retention_detach_wrapper
1f4 _wifi_mac_sleep_retention_attach 400a1670 esp_wifi_mac_sleep_retention_attach_wrapper
1f8 _wifi_mac_sleep_retention_detach 400a1674 esp_wifi_mac_sleep_retention_detach_wrapper
1fc _magic deadbeaf NONFUNCTION_OR_CONSTANT
OSI_TABLE_LAYOUT=PASS fields=128 bytes=512
