------------------------------------------------------------
Client connecting to 192.168.1.60, UDP port 5003
Sending 1470 byte datagrams, IPG target: 280.38 us (kalman adjust)
UDP buffer size: 64.0 KByte (default)
------------------------------------------------------------
[  1] local 192.168.1.29 port 61147 connected with 192.168.1.60 port 5003
[ ID] Interval       Transfer     Bandwidth
[  1] 0.00-1.00 sec  2.32 MBytes  19.5 Mbits/sec
[  1] 1.00-2.00 sec  3.10 MBytes  26.0 Mbits/sec
[  1] 2.00-3.00 sec  3.14 MBytes  26.3 Mbits/sec
[  1] 3.00-4.00 sec  4.00 MBytes  33.6 Mbits/sec
[  1] 4.00-5.00 sec  3.62 MBytes  30.3 Mbits/sec
[  1] 5.00-6.00 sec  4.39 MBytes  36.8 Mbits/sec
[  1] 6.00-7.00 sec  3.73 MBytes  31.3 Mbits/sec
[  1] 7.00-8.00 sec  3.16 MBytes  26.5 Mbits/sec
[  1] 8.00-9.00 sec  1.88 MBytes  15.7 Mbits/sec
[  1] 9.00-10.00 sec  2.84 MBytes  23.8 Mbits/sec
[  1] 0.00-10.02 sec  32.2 MBytes  26.9 Mbits/sec
[  1] Sent 22950 datagrams
[364] WARNING: did not receive ack of last datagram after 10 tries.
