------------------------------------------------------------
Server listening on UDP port 5004
UDP buffer size: 64.0 KByte (default)
------------------------------------------------------------
[  1] local 192.168.1.29 port 5004 connected with 192.168.1.60 port 11528
recvmsg failed: Connection timed out.
[ ID] Interval       Transfer     Bandwidth        Jitter   Lost/Total Datagrams
[  1] 0.00-0.52 sec  2.87 KBytes  45.2 Kbits/sec  5758795.761 ms 0/2 (0%)
[  1] 0.00-0.52 sec  1 datagrams received out-of-order
[  1] 0.00-0.52 sec  2.87 KBytes  45.2 Kbits/sec  5758795.761 ms 0/2 (0%)
[  1] 0.00-0.52 sec  1 datagrams received out-of-order
[  2] local 192.168.1.29 port 5004 connected with 192.168.1.60 port 14217
recvmsg failed: Connection timed out.
[ ID] Interval       Transfer     Bandwidth        Jitter   Lost/Total Datagrams
[  2] 0.00-0.53 sec  2.87 KBytes  44.7 Kbits/sec  5791106.135 ms 0/2 (0%)
[  2] 0.00-0.53 sec  1 datagrams received out-of-order
[  2] 0.00-0.53 sec  2.87 KBytes  44.7 Kbits/sec  5791106.135 ms 0/2 (0%)
[  2] 0.00-0.53 sec  1 datagrams received out-of-order
[  3] local 192.168.1.29 port 5004 connected with 192.168.1.60 port 28725
recvmsg failed: Connection timed out.
[ ID] Interval       Transfer     Bandwidth        Jitter   Lost/Total Datagrams
[  3] 0.00-0.51 sec  2.87 KBytes  45.9 Kbits/sec  5817555.222 ms 0/2 (0%)
[  3] 0.00-0.51 sec  1 datagrams received out-of-order
[  3] 0.00-0.51 sec  2.87 KBytes  45.9 Kbits/sec  5817555.222 ms 0/2 (0%)
[  3] 0.00-0.51 sec  1 datagrams received out-of-order
[  4] local 192.168.1.29 port 5004 connected with 192.168.1.60 port 6185
[ ID] Interval       Transfer     Bandwidth        Jitter   Lost/Total Datagrams
[  4] 0.00-1.00 sec   492 KBytes  4.03 Mbits/sec   4.341 ms 0/343 (0%)
[  4] 0.00-1.00 sec  6 datagrams received out-of-order
[  4] 1.00-2.00 sec   390 KBytes  3.20 Mbits/sec   4.825 ms 0/272 (0%)
[  4] 1.00-2.00 sec  1 datagrams received out-of-order
[  4] 2.00-3.00 sec   273 KBytes  2.23 Mbits/sec   5.422 ms 0/190 (0%)
[  4] 3.00-4.00 sec   360 KBytes  2.95 Mbits/sec   2.082 ms 0/251 (0%)
[  4] 3.00-4.00 sec  2 datagrams received out-of-order
[  4] 4.00-5.00 sec   378 KBytes  3.09 Mbits/sec   2.293 ms 0/263 (0%)
[  4] 4.00-5.00 sec  1 datagrams received out-of-order
[  4] 5.00-6.00 sec   248 KBytes  2.03 Mbits/sec   3.666 ms 0/173 (0%)
[  4] 5.00-6.00 sec  9 datagrams received out-of-order
[  4] 6.00-7.00 sec   446 KBytes  3.66 Mbits/sec   9.177 ms 0/311 (0%)
[  4] 7.00-8.00 sec   284 KBytes  2.33 Mbits/sec   3.801 ms 0/198 (0%)
[  4] 8.00-9.00 sec   346 KBytes  2.83 Mbits/sec   5.948 ms 0/241 (0%)
[  4] 8.00-9.00 sec  1 datagrams received out-of-order
[  4] 9.00-10.00 sec   495 KBytes  4.06 Mbits/sec   4.207 ms 0/345 (0%)
[  4] 10.00-11.00 sec   253 KBytes  2.07 Mbits/sec   7.247 ms 0/176 (0%)
[  4] 11.00-12.00 sec   339 KBytes  2.78 Mbits/sec   3.716 ms 0/236 (0%)
[  4] 12.00-13.00 sec   316 KBytes  2.59 Mbits/sec   8.407 ms 0/220 (0%)
[  4] 12.00-13.00 sec  2 datagrams received out-of-order
[  4] 13.00-14.00 sec   360 KBytes  2.95 Mbits/sec   4.374 ms 0/251 (0%)
[  4] 14.00-15.00 sec   373 KBytes  3.06 Mbits/sec   4.239 ms 0/260 (0%)
[  4] 14.00-15.00 sec  6 datagrams received out-of-order
[  4] 15.00-16.00 sec   617 KBytes  5.06 Mbits/sec   4.417 ms 0/430 (0%)
[  4] 15.00-16.00 sec  2 datagrams received out-of-order
[  4] 16.00-16.80 sec   287 KBytes  2.92 Mbits/sec   4.493 ms 0/200 (0%)
[  4] 16.00-16.80 sec  1 datagrams received out-of-order
[  4] 0.00-16.80 sec  6.11 MBytes  3.05 Mbits/sec   4.493 ms 0/4360 (0%)
[  4] 0.00-16.80 sec  31 datagrams received out-of-order
[  5] local 192.168.1.29 port 5004 connected with 192.168.1.60 port 20166
[ ID] Interval       Transfer     Bandwidth        Jitter   Lost/Total Datagrams
[  5] 0.00-1.00 sec   642 KBytes  5.26 Mbits/sec   3.160 ms 0/447 (0%)
[  5] 1.00-2.00 sec   243 KBytes  1.99 Mbits/sec  14.557 ms 0/169 (0%)
[  5] 2.00-3.00 sec   188 KBytes  1.54 Mbits/sec   9.318 ms 0/131 (0%)
[  5] 3.00-4.00 sec   225 KBytes  1.85 Mbits/sec  10.151 ms 0/157 (0%)
[  5] 3.00-4.00 sec  5 datagrams received out-of-order
[  5] 4.00-5.00 sec   220 KBytes  1.80 Mbits/sec   7.954 ms 0/153 (0%)
[  5] 4.00-5.00 sec  1 datagrams received out-of-order
[  5] 5.00-6.00 sec   339 KBytes  2.78 Mbits/sec   2.995 ms 0/236 (0%)
[  5] 6.00-7.00 sec   263 KBytes  2.15 Mbits/sec  12.155 ms 0/183 (0%)
[  5] 6.00-7.00 sec  2 datagrams received out-of-order
[  5] 7.00-8.00 sec   342 KBytes  2.80 Mbits/sec   7.873 ms 0/238 (0%)
[  5] 7.00-8.00 sec  7 datagrams received out-of-order
[  5] 8.00-9.00 sec   383 KBytes  3.14 Mbits/sec   2.499 ms 0/267 (0%)
[  5] 8.00-9.00 sec  6 datagrams received out-of-order
[  5] 9.00-10.00 sec   406 KBytes  3.33 Mbits/sec   2.416 ms 0/283 (0%)
[  5] 9.00-10.00 sec  11 datagrams received out-of-order
[  5] 10.00-11.00 sec   168 KBytes  1.38 Mbits/sec   5.111 ms 0/117 (0%)
[  5] 10.00-11.00 sec  3 datagrams received out-of-order
[  5] 11.00-12.00 sec   310 KBytes  2.54 Mbits/sec   5.916 ms 0/216 (0%)
[  5] 11.00-12.00 sec  1 datagrams received out-of-order
[  5] 12.00-13.00 sec   345 KBytes  2.82 Mbits/sec   8.403 ms 0/240 (0%)
[  5] 13.00-14.00 sec   227 KBytes  1.86 Mbits/sec   5.607 ms 0/158 (0%)
[  5] 13.00-14.00 sec  6 datagrams received out-of-order
[  5] 14.00-15.00 sec   260 KBytes  2.13 Mbits/sec   7.956 ms 0/181 (0%)
[  5] 14.00-15.00 sec  7 datagrams received out-of-order
[  5] 15.00-16.00 sec   365 KBytes  2.99 Mbits/sec   2.065 ms 0/254 (0%)
[  5] 15.00-16.00 sec  4 datagrams received out-of-order
[  5] 16.00-17.00 sec   488 KBytes  4.00 Mbits/sec   4.402 ms 0/340 (0%)
[  5] 16.00-17.00 sec  3 datagrams received out-of-order
[  5] 17.00-18.00 sec   149 KBytes  1.22 Mbits/sec   4.730 ms 0/104 (0%)
[  5] 17.00-18.00 sec  8 datagrams received out-of-order
[  5] 18.00-19.00 sec   191 KBytes  1.56 Mbits/sec   8.820 ms 0/133 (0%)
[  5] 19.00-20.00 sec   423 KBytes  3.47 Mbits/sec   7.711 ms 0/295 (0%)
[  5] 19.00-20.00 sec  4 datagrams received out-of-order
[  5] 20.00-21.00 sec   297 KBytes  2.43 Mbits/sec   6.283 ms 0/207 (0%)
[  5] 20.00-21.00 sec  7 datagrams received out-of-order
[  5] 21.00-22.00 sec   208 KBytes  1.71 Mbits/sec  10.637 ms 0/145 (0%)
[  5] 21.00-22.00 sec  6 datagrams received out-of-order
[  5] 22.00-22.25 sec   178 KBytes  5.73 Mbits/sec   2.955 ms 0/124 (0%)
[  5] 0.00-22.25 sec  6.70 MBytes  2.52 Mbits/sec   2.955 ms 0/4778 (0%)
[  5] 0.00-22.25 sec  81 datagrams received out-of-order
