------------------------------------------------------------
Server listening on TCP port 2224
TCP window size:  128 KByte (default)
------------------------------------------------------------
[  1] local 172.31.208.211 port 2224 connected with 172.31.208.1 port 3895 (icwnd/mss/irtt=14/1452/305)
[ ID] Interval       Transfer     Bandwidth
[  1] 0.00-1.00 sec  21.4 KBytes   175 Kbits/sec
[  1] 1.00-2.00 sec  24.2 KBytes   199 Kbits/sec
[  1] 2.00-3.00 sec  28.5 KBytes   234 Kbits/sec
[  1] 3.00-4.00 sec  29.9 KBytes   245 Kbits/sec
[  1] 4.00-5.00 sec  28.5 KBytes   234 Kbits/sec
[  1] 5.00-6.00 sec  28.5 KBytes   234 Kbits/sec
[  1] 6.00-7.00 sec  28.5 KBytes   234 Kbits/sec
[  1] 7.00-8.00 sec  39.9 KBytes   327 Kbits/sec
[  1] 8.00-9.00 sec  32.8 KBytes   269 Kbits/sec
[  1] 9.00-10.00 sec  44.2 KBytes   362 Kbits/sec
[  1] 10.00-11.00 sec  35.6 KBytes   292 Kbits/sec
[  1] 11.00-12.00 sec  28.5 KBytes   234 Kbits/sec
[  1] 12.00-13.00 sec  24.2 KBytes   199 Kbits/sec
[  1] 13.00-14.00 sec  28.5 KBytes   234 Kbits/sec
[  1] 14.00-15.00 sec  27.1 KBytes   222 Kbits/sec
[  1] 15.00-16.00 sec  34.2 KBytes   280 Kbits/sec
[  1] 16.00-17.00 sec  34.2 KBytes   280 Kbits/sec
[  1] 17.00-18.00 sec  29.9 KBytes   245 Kbits/sec
[  1] 18.00-19.00 sec  38.5 KBytes   315 Kbits/sec
[  1] 19.00-20.00 sec  34.2 KBytes   280 Kbits/sec
[  1] 20.00-21.00 sec  39.9 KBytes   327 Kbits/sec
[  1] 21.00-22.00 sec  39.9 KBytes   327 Kbits/sec
[  1] 22.00-23.00 sec  27.1 KBytes   222 Kbits/sec
[  1] 23.00-24.00 sec  31.4 KBytes   257 Kbits/sec
[  1] 24.00-25.00 sec  25.7 KBytes   210 Kbits/sec
[  1] 25.00-26.00 sec  25.7 KBytes   210 Kbits/sec
[  1] 26.00-27.00 sec  28.5 KBytes   234 Kbits/sec
[  1] 27.00-28.00 sec  27.1 KBytes   222 Kbits/sec
[  1] 28.00-29.00 sec  28.5 KBytes   234 Kbits/sec
[  1] 29.00-30.00 sec  29.9 KBytes   245 Kbits/sec
[  1] 30.00-31.00 sec  39.9 KBytes   327 Kbits/sec
[  1] 31.00-32.00 sec  37.1 KBytes   304 Kbits/sec
[  1] 32.00-33.00 sec  27.1 KBytes   222 Kbits/sec
[  1] 33.00-34.00 sec  31.4 KBytes   257 Kbits/sec
[  1] 34.00-35.00 sec  31.4 KBytes   257 Kbits/sec
[  1] 35.00-36.00 sec  31.4 KBytes   257 Kbits/sec
[  1] 36.00-37.00 sec  29.9 KBytes   245 Kbits/sec
[  1] 37.00-38.00 sec  28.5 KBytes   234 Kbits/sec
[  1] 38.00-39.00 sec  31.4 KBytes   257 Kbits/sec
[  1] 39.00-40.00 sec  31.4 KBytes   257 Kbits/sec
[  1] 40.00-41.00 sec  29.9 KBytes   245 Kbits/sec
[  1] 41.00-42.00 sec  29.9 KBytes   245 Kbits/sec
[  1] 42.00-43.00 sec  25.7 KBytes   210 Kbits/sec
[  1] 43.00-44.00 sec  17.1 KBytes   140 Kbits/sec
[  1] 44.00-45.00 sec  9.98 KBytes  81.8 Kbits/sec
[  1] 45.00-46.00 sec  15.7 KBytes   128 Kbits/sec
[  1] 46.00-47.00 sec  29.9 KBytes   245 Kbits/sec
[  1] 47.00-48.00 sec  32.8 KBytes   269 Kbits/sec
[  1] 48.00-49.00 sec  37.1 KBytes   304 Kbits/sec
[  1] 49.00-50.00 sec  34.2 KBytes   280 Kbits/sec
[  1] 50.00-51.00 sec  28.5 KBytes   234 Kbits/sec
[  1] 51.00-52.00 sec  27.1 KBytes   222 Kbits/sec
[  1] 52.00-53.00 sec  28.5 KBytes   234 Kbits/sec
[  1] 53.00-54.00 sec  28.5 KBytes   234 Kbits/sec
[  1] 54.00-55.00 sec  28.5 KBytes   234 Kbits/sec
[  1] 55.00-56.00 sec  22.8 KBytes   187 Kbits/sec
[  1] 56.00-57.00 sec  4.28 KBytes  35.0 Kbits/sec
[  1] 57.00-58.00 sec  1.43 KBytes  11.7 Kbits/sec
[  1] 58.00-59.00 sec  12.8 KBytes   105 Kbits/sec
[  1] 59.00-60.00 sec  21.4 KBytes   175 Kbits/sec
[  1] 60.00-61.00 sec  24.2 KBytes   199 Kbits/sec
[  1] 61.00-62.00 sec  28.5 KBytes   234 Kbits/sec
[  1] 62.00-63.00 sec  31.4 KBytes   257 Kbits/sec
[  1] 63.00-64.00 sec  37.1 KBytes   304 Kbits/sec
[  1] 64.00-65.00 sec  34.2 KBytes   280 Kbits/sec
[  1] 65.00-66.00 sec  32.8 KBytes   269 Kbits/sec
[  1] 66.00-67.00 sec  27.1 KBytes   222 Kbits/sec
[  1] 67.00-68.00 sec  28.5 KBytes   234 Kbits/sec
[  1] 68.00-69.00 sec  29.9 KBytes   245 Kbits/sec
[  1] 69.00-70.00 sec  24.2 KBytes   199 Kbits/sec
[  1] 70.00-71.00 sec  32.8 KBytes   269 Kbits/sec
[  1] 71.00-72.00 sec  24.2 KBytes   199 Kbits/sec
[  1] 72.00-73.00 sec  32.8 KBytes   269 Kbits/sec
[  1] 73.00-74.00 sec  28.5 KBytes   234 Kbits/sec
[  1] 74.00-75.00 sec  29.9 KBytes   245 Kbits/sec
[  1] 75.00-76.00 sec  28.5 KBytes   234 Kbits/sec
[  1] 76.00-77.00 sec  25.7 KBytes   210 Kbits/sec
[  1] 77.00-78.00 sec  14.3 KBytes   117 Kbits/sec
[  1] 78.00-79.00 sec  29.9 KBytes   245 Kbits/sec
[  1] 79.00-80.00 sec  27.1 KBytes   222 Kbits/sec
[  1] 80.00-81.00 sec  28.5 KBytes   234 Kbits/sec
[  1] 81.00-82.00 sec  27.1 KBytes   222 Kbits/sec
[  1] 82.00-83.00 sec  28.5 KBytes   234 Kbits/sec
[  1] 83.00-84.00 sec  22.8 KBytes   187 Kbits/sec
[  1] 84.00-85.00 sec  24.2 KBytes   199 Kbits/sec
[  1] 85.00-86.00 sec  32.8 KBytes   269 Kbits/sec
[  1] 86.00-87.00 sec  28.5 KBytes   234 Kbits/sec
[  1] 87.00-88.00 sec  25.7 KBytes   210 Kbits/sec
[  1] 88.00-89.00 sec  31.4 KBytes   257 Kbits/sec
[  1] 89.00-90.00 sec  25.7 KBytes   210 Kbits/sec
[  1] 90.00-91.00 sec  25.7 KBytes   210 Kbits/sec
[  1] 91.00-92.00 sec  27.1 KBytes   222 Kbits/sec
[  1] 92.00-93.00 sec  24.2 KBytes   199 Kbits/sec
[  1] 93.00-94.00 sec  29.9 KBytes   245 Kbits/sec
[  1] 94.00-95.00 sec  28.5 KBytes   234 Kbits/sec
[  1] 95.00-96.00 sec  28.5 KBytes   234 Kbits/sec
[  1] 96.00-97.00 sec  28.5 KBytes   234 Kbits/sec
[  1] 97.00-98.00 sec  22.8 KBytes   187 Kbits/sec
[  1] 98.00-99.00 sec  27.1 KBytes   222 Kbits/sec
[  1] 99.00-100.00 sec  29.9 KBytes   245 Kbits/sec
[  1] 100.00-101.00 sec  27.1 KBytes   222 Kbits/sec
[  1] 101.00-102.00 sec  24.2 KBytes   199 Kbits/sec
[  1] 102.00-103.00 sec  31.4 KBytes   257 Kbits/sec
[  1] 103.00-104.00 sec  29.9 KBytes   245 Kbits/sec
[  1] 104.00-105.00 sec  24.2 KBytes   199 Kbits/sec
[  1] 105.00-106.00 sec  32.8 KBytes   269 Kbits/sec
[  1] 106.00-107.00 sec  29.9 KBytes   245 Kbits/sec
[  1] 107.00-108.00 sec  34.2 KBytes   280 Kbits/sec
[  1] 108.00-109.00 sec  32.8 KBytes   269 Kbits/sec
[  1] 109.00-110.00 sec  24.2 KBytes   199 Kbits/sec
[  1] 110.00-111.00 sec  25.7 KBytes   210 Kbits/sec
[  1] 111.00-112.00 sec  29.9 KBytes   245 Kbits/sec
[  1] 112.00-113.00 sec  28.5 KBytes   234 Kbits/sec
[  1] 113.00-114.00 sec  28.5 KBytes   234 Kbits/sec
[  1] 114.00-115.00 sec  35.6 KBytes   292 Kbits/sec
[  1] 115.00-116.00 sec  28.5 KBytes   234 Kbits/sec
[  1] 116.00-117.00 sec  27.1 KBytes   222 Kbits/sec
[  1] 117.00-118.00 sec  29.9 KBytes   245 Kbits/sec
[  1] 118.00-119.00 sec  28.5 KBytes   234 Kbits/sec
[  1] 119.00-120.00 sec  31.4 KBytes   257 Kbits/sec
[  1] 120.00-121.00 sec  31.4 KBytes   257 Kbits/sec
[  1] 121.00-122.00 sec  28.5 KBytes   234 Kbits/sec
[  1] 122.00-123.00 sec  28.5 KBytes   234 Kbits/sec
[  1] 123.00-124.00 sec  28.5 KBytes   234 Kbits/sec
[  1] 124.00-125.00 sec  27.1 KBytes   222 Kbits/sec
[  1] 125.00-126.00 sec  35.6 KBytes   292 Kbits/sec
[  1] 126.00-127.00 sec  34.2 KBytes   280 Kbits/sec
[  1] 127.00-128.00 sec  28.5 KBytes   234 Kbits/sec
[  1] 128.00-129.00 sec  21.4 KBytes   175 Kbits/sec
[  1] 129.00-130.00 sec  27.1 KBytes   222 Kbits/sec
[  1] 130.00-131.00 sec  25.7 KBytes   210 Kbits/sec
[  1] 131.00-132.00 sec  28.5 KBytes   234 Kbits/sec
[  1] 132.00-133.00 sec  28.5 KBytes   234 Kbits/sec
[  1] 133.00-134.00 sec  28.5 KBytes   234 Kbits/sec
[  1] 134.00-135.00 sec  25.7 KBytes   210 Kbits/sec
[  1] 135.00-136.00 sec  25.7 KBytes   210 Kbits/sec
[  1] 136.00-137.00 sec  27.1 KBytes   222 Kbits/sec
[  1] 137.00-138.00 sec  28.5 KBytes   234 Kbits/sec
[  1] 138.00-139.00 sec  28.5 KBytes   234 Kbits/sec
[  1] 139.00-140.00 sec  28.5 KBytes   234 Kbits/sec
[  1] 140.00-141.00 sec  28.5 KBytes   234 Kbits/sec
[  1] 141.00-142.00 sec  27.1 KBytes   222 Kbits/sec
[  1] 142.00-143.00 sec  29.9 KBytes   245 Kbits/sec
[  1] 143.00-144.00 sec  22.8 KBytes   187 Kbits/sec
[  1] 144.00-145.00 sec  28.5 KBytes   234 Kbits/sec
[  1] 145.00-146.00 sec  27.1 KBytes   222 Kbits/sec
[  1] 146.00-147.00 sec  29.9 KBytes   245 Kbits/sec
[  1] 147.00-148.00 sec  28.5 KBytes   234 Kbits/sec
[  1] 148.00-149.00 sec  29.9 KBytes   245 Kbits/sec
[  1] 149.00-150.00 sec  22.8 KBytes   187 Kbits/sec
[  1] 150.00-151.00 sec  27.1 KBytes   222 Kbits/sec
[  1] 151.00-152.00 sec  24.2 KBytes   199 Kbits/sec
[  1] 152.00-153.00 sec  21.4 KBytes   175 Kbits/sec
[  1] 153.00-154.00 sec  12.8 KBytes   105 Kbits/sec
[  1] 154.00-155.00 sec  27.1 KBytes   222 Kbits/sec
[  1] 155.00-156.00 sec  27.1 KBytes   222 Kbits/sec
[  1] 156.00-157.00 sec  24.2 KBytes   199 Kbits/sec
[  1] 157.00-158.00 sec  22.8 KBytes   187 Kbits/sec
[  1] 158.00-159.00 sec  24.2 KBytes   199 Kbits/sec
[  1] 159.00-160.00 sec  27.1 KBytes   222 Kbits/sec
[  1] 160.00-161.00 sec  24.2 KBytes   199 Kbits/sec
[  1] 161.00-162.00 sec  27.1 KBytes   222 Kbits/sec
[  1] 162.00-163.00 sec  28.5 KBytes   234 Kbits/sec
[  1] 163.00-164.00 sec  27.1 KBytes   222 Kbits/sec
[  1] 164.00-165.00 sec  24.2 KBytes   199 Kbits/sec
[  1] 165.00-166.00 sec  27.1 KBytes   222 Kbits/sec
[  1] 166.00-167.00 sec  25.7 KBytes   210 Kbits/sec
[  1] 167.00-168.00 sec  22.8 KBytes   187 Kbits/sec
[  1] 168.00-169.00 sec  22.8 KBytes   187 Kbits/sec
[  1] 169.00-170.00 sec  25.7 KBytes   210 Kbits/sec
[  1] 170.00-171.00 sec  22.8 KBytes   187 Kbits/sec
[  1] 171.00-172.00 sec  24.2 KBytes   199 Kbits/sec
[  1] 172.00-173.00 sec  28.5 KBytes   234 Kbits/sec
[  1] 173.00-174.00 sec  28.5 KBytes   234 Kbits/sec
[  1] 174.00-175.00 sec  29.9 KBytes   245 Kbits/sec
[  1] 175.00-176.00 sec  27.1 KBytes   222 Kbits/sec
[  1] 176.00-177.00 sec  28.5 KBytes   234 Kbits/sec
[  1] 177.00-178.00 sec  28.5 KBytes   234 Kbits/sec
[  1] 178.00-179.00 sec  32.8 KBytes   269 Kbits/sec
[  1] 179.00-180.00 sec  28.5 KBytes   234 Kbits/sec
[  1] 180.00-181.00 sec  29.9 KBytes   245 Kbits/sec
[  1] 181.00-182.00 sec  38.5 KBytes   315 Kbits/sec
[  1] 182.00-183.00 sec  35.6 KBytes   292 Kbits/sec
[  1] 183.00-184.00 sec  29.9 KBytes   245 Kbits/sec
[  1] 184.00-185.00 sec  31.4 KBytes   257 Kbits/sec
[  1] 185.00-186.00 sec  25.7 KBytes   210 Kbits/sec
[  1] 186.00-187.00 sec  28.5 KBytes   234 Kbits/sec
[  1] 187.00-188.00 sec  28.5 KBytes   234 Kbits/sec
[  1] 188.00-189.00 sec  32.8 KBytes   269 Kbits/sec
[  1] 189.00-190.00 sec  28.5 KBytes   234 Kbits/sec
[  1] 190.00-191.00 sec  24.2 KBytes   199 Kbits/sec
[  1] 191.00-192.00 sec  27.1 KBytes   222 Kbits/sec
[  1] 192.00-193.00 sec  28.5 KBytes   234 Kbits/sec
[  1] 193.00-194.00 sec  25.7 KBytes   210 Kbits/sec
[  1] 194.00-195.00 sec  31.4 KBytes   257 Kbits/sec
[  1] 195.00-196.00 sec  22.8 KBytes   187 Kbits/sec
[  1] 196.00-197.00 sec  24.2 KBytes   199 Kbits/sec
[  1] 197.00-198.00 sec  22.8 KBytes   187 Kbits/sec
[  1] 198.00-199.00 sec  22.8 KBytes   187 Kbits/sec
[  1] 199.00-200.00 sec  22.8 KBytes   187 Kbits/sec
[  1] 200.00-201.00 sec  21.4 KBytes   175 Kbits/sec
[  1] 201.00-202.00 sec  22.8 KBytes   187 Kbits/sec
[  1] 202.00-203.00 sec  20.0 KBytes   164 Kbits/sec
[  1] 203.00-204.00 sec  21.4 KBytes   175 Kbits/sec
[  1] 204.00-205.00 sec  27.1 KBytes   222 Kbits/sec
[  1] 205.00-206.00 sec  29.9 KBytes   245 Kbits/sec
[  1] 206.00-207.00 sec  28.5 KBytes   234 Kbits/sec
[  1] 207.00-208.00 sec  27.1 KBytes   222 Kbits/sec
[  1] 208.00-209.00 sec  24.2 KBytes   199 Kbits/sec
[  1] 209.00-210.00 sec  25.7 KBytes   210 Kbits/sec
[  1] 210.00-211.00 sec  24.2 KBytes   199 Kbits/sec
[  1] 211.00-212.00 sec  21.4 KBytes   175 Kbits/sec
[  1] 212.00-213.00 sec  20.0 KBytes   164 Kbits/sec
[  1] 213.00-214.00 sec  25.7 KBytes   210 Kbits/sec
[  1] 214.00-215.00 sec  29.9 KBytes   245 Kbits/sec
[  1] 215.00-216.00 sec  28.5 KBytes   234 Kbits/sec
[  1] 216.00-217.00 sec  27.1 KBytes   222 Kbits/sec
[  1] 217.00-218.00 sec  24.2 KBytes   199 Kbits/sec
[  1] 218.00-219.00 sec  28.5 KBytes   234 Kbits/sec
[  1] 219.00-220.00 sec  22.8 KBytes   187 Kbits/sec
[  1] 220.00-221.00 sec  29.9 KBytes   245 Kbits/sec
[  1] 221.00-222.00 sec  38.5 KBytes   315 Kbits/sec
[  1] 222.00-223.00 sec  34.2 KBytes   280 Kbits/sec
[  1] 223.00-224.00 sec  28.5 KBytes   234 Kbits/sec
[  1] 224.00-225.00 sec  28.5 KBytes   234 Kbits/sec
[  1] 225.00-226.00 sec  28.5 KBytes   234 Kbits/sec
[  1] 226.00-227.00 sec  32.8 KBytes   269 Kbits/sec
[  1] 227.00-228.00 sec  29.9 KBytes   245 Kbits/sec
[  1] 228.00-229.00 sec  29.9 KBytes   245 Kbits/sec
[  1] 229.00-230.00 sec  39.9 KBytes   327 Kbits/sec
[  1] 230.00-231.00 sec  39.9 KBytes   327 Kbits/sec
[  1] 231.00-232.00 sec  32.8 KBytes   269 Kbits/sec
[  1] 232.00-233.00 sec  29.9 KBytes   245 Kbits/sec
[  1] 233.00-234.00 sec  28.5 KBytes   234 Kbits/sec
[  1] 234.00-235.00 sec  32.8 KBytes   269 Kbits/sec
[  1] 235.00-236.00 sec  39.9 KBytes   327 Kbits/sec
[  1] 236.00-237.00 sec  34.2 KBytes   280 Kbits/sec
[  1] 237.00-238.00 sec  28.5 KBytes   234 Kbits/sec
[  1] 238.00-239.00 sec  24.2 KBytes   199 Kbits/sec
[  1] 239.00-240.00 sec  27.1 KBytes   222 Kbits/sec
[  1] 240.00-241.00 sec  29.9 KBytes   245 Kbits/sec
[  1] 241.00-242.00 sec  28.5 KBytes   234 Kbits/sec
[  1] 242.00-243.00 sec  34.2 KBytes   280 Kbits/sec
[  1] 243.00-244.00 sec  28.5 KBytes   234 Kbits/sec
[  1] 244.00-245.00 sec  27.1 KBytes   222 Kbits/sec
[  1] 245.00-246.00 sec  29.9 KBytes   245 Kbits/sec
[  1] 246.00-247.00 sec  28.5 KBytes   234 Kbits/sec
[  1] 247.00-248.00 sec  32.8 KBytes   269 Kbits/sec
[  1] 248.00-249.00 sec  29.9 KBytes   245 Kbits/sec
[  1] 249.00-250.00 sec  27.1 KBytes   222 Kbits/sec
[  1] 250.00-251.00 sec  29.9 KBytes   245 Kbits/sec
[  1] 251.00-252.00 sec  34.2 KBytes   280 Kbits/sec
[  1] 252.00-253.00 sec  38.5 KBytes   315 Kbits/sec
[  1] 253.00-254.00 sec  34.2 KBytes   280 Kbits/sec
[  1] 254.00-255.00 sec  28.5 KBytes   234 Kbits/sec
[  1] 255.00-256.00 sec  22.8 KBytes   187 Kbits/sec
[  1] 256.00-257.00 sec  28.5 KBytes   234 Kbits/sec
[  1] 257.00-258.00 sec  29.9 KBytes   245 Kbits/sec
[  1] 258.00-259.00 sec  32.8 KBytes   269 Kbits/sec
[  1] 259.00-260.00 sec  35.6 KBytes   292 Kbits/sec
[  1] 260.00-261.00 sec  38.5 KBytes   315 Kbits/sec
[  1] 261.00-262.00 sec  28.5 KBytes   234 Kbits/sec
[  1] 262.00-263.00 sec  35.6 KBytes   292 Kbits/sec
[  1] 263.00-264.00 sec  37.1 KBytes   304 Kbits/sec
[  1] 264.00-265.00 sec  31.4 KBytes   257 Kbits/sec
[  1] 265.00-266.00 sec  42.8 KBytes   350 Kbits/sec
[  1] 266.00-267.00 sec  34.2 KBytes   280 Kbits/sec
[  1] 267.00-268.00 sec  29.9 KBytes   245 Kbits/sec
[  1] 268.00-269.00 sec  35.6 KBytes   292 Kbits/sec
[  1] 269.00-270.00 sec  34.2 KBytes   280 Kbits/sec
[  1] 270.00-271.00 sec  27.1 KBytes   222 Kbits/sec
[  1] 271.00-272.00 sec  29.9 KBytes   245 Kbits/sec
[  1] 272.00-273.00 sec  28.5 KBytes   234 Kbits/sec
[  1] 273.00-274.00 sec  31.4 KBytes   257 Kbits/sec
[  1] 274.00-275.00 sec  29.9 KBytes   245 Kbits/sec
[  1] 275.00-276.00 sec  35.6 KBytes   292 Kbits/sec
[  1] 276.00-277.00 sec  42.8 KBytes   350 Kbits/sec
[  1] 277.00-278.00 sec  25.7 KBytes   210 Kbits/sec
[  1] 278.00-279.00 sec  27.1 KBytes   222 Kbits/sec
[  1] 279.00-280.00 sec  27.1 KBytes   222 Kbits/sec
[  1] 280.00-281.00 sec  35.6 KBytes   292 Kbits/sec
[  1] 281.00-282.00 sec  35.6 KBytes   292 Kbits/sec
[  1] 282.00-283.00 sec  31.4 KBytes   257 Kbits/sec
[  1] 283.00-284.00 sec  29.9 KBytes   245 Kbits/sec
[  1] 284.00-285.00 sec  28.5 KBytes   234 Kbits/sec
[  1] 285.00-286.00 sec  28.5 KBytes   234 Kbits/sec
[  1] 286.00-287.00 sec  28.5 KBytes   234 Kbits/sec
[  1] 287.00-288.00 sec  28.5 KBytes   234 Kbits/sec
[  1] 288.00-289.00 sec  24.2 KBytes   199 Kbits/sec
[  1] 289.00-290.00 sec  27.1 KBytes   222 Kbits/sec
[  1] 290.00-291.00 sec  32.8 KBytes   269 Kbits/sec
[  1] 291.00-292.00 sec  25.7 KBytes   210 Kbits/sec
[  1] 292.00-293.00 sec  27.1 KBytes   222 Kbits/sec
[  1] 293.00-294.00 sec  38.5 KBytes   315 Kbits/sec
[  1] 294.00-295.00 sec  22.8 KBytes   187 Kbits/sec
[  1] 295.00-296.00 sec  25.7 KBytes   210 Kbits/sec
[  1] 296.00-297.00 sec  27.1 KBytes   222 Kbits/sec
[  1] 297.00-298.00 sec  28.5 KBytes   234 Kbits/sec
[  1] 298.00-299.00 sec  25.7 KBytes   210 Kbits/sec
[  1] 299.00-300.00 sec  29.9 KBytes   245 Kbits/sec
[  1] 300.00-301.00 sec  28.5 KBytes   234 Kbits/sec
[  1] 301.00-302.00 sec  25.7 KBytes   210 Kbits/sec
[  1] 302.00-303.00 sec  28.5 KBytes   234 Kbits/sec
[  1] 303.00-304.00 sec  28.5 KBytes   234 Kbits/sec
[  1] 304.00-305.00 sec  31.4 KBytes   257 Kbits/sec
[  1] 305.00-306.00 sec  28.5 KBytes   234 Kbits/sec
[  1] 306.00-307.00 sec  25.7 KBytes   210 Kbits/sec
[  1] 307.00-308.00 sec  22.8 KBytes   187 Kbits/sec
[  1] 308.00-309.00 sec  27.1 KBytes   222 Kbits/sec
[  1] 309.00-310.00 sec  28.5 KBytes   234 Kbits/sec
[  1] 310.00-311.00 sec  24.2 KBytes   199 Kbits/sec
[  1] 311.00-312.00 sec  27.1 KBytes   222 Kbits/sec
[  1] 312.00-313.00 sec  28.5 KBytes   234 Kbits/sec
[  1] 313.00-314.00 sec  22.8 KBytes   187 Kbits/sec
[  1] 314.00-315.00 sec  27.1 KBytes   222 Kbits/sec
[  1] 315.00-316.00 sec  17.1 KBytes   140 Kbits/sec
[  1] 316.00-317.00 sec  1.43 KBytes  11.7 Kbits/sec
[  1] 317.00-318.00 sec  0.000 Bytes  0.000 bits/sec
[  1] 318.00-319.00 sec  0.000 Bytes  0.000 bits/sec
[  1] 319.00-320.00 sec  0.000 Bytes  0.000 bits/sec
[  1] 320.00-321.00 sec  0.000 Bytes  0.000 bits/sec
[  1] 321.00-322.00 sec  0.000 Bytes  0.000 bits/sec
[  1] 322.00-323.00 sec  0.000 Bytes  0.000 bits/sec
[  1] 323.00-324.00 sec  0.000 Bytes  0.000 bits/sec
[  1] 324.00-325.00 sec  0.000 Bytes  0.000 bits/sec
[  1] 325.00-326.00 sec  0.000 Bytes  0.000 bits/sec
[  1] 326.00-327.00 sec  0.000 Bytes  0.000 bits/sec
[  1] 327.00-328.00 sec  0.000 Bytes  0.000 bits/sec
[  1] 328.00-329.00 sec  0.000 Bytes  0.000 bits/sec
[  1] 329.00-330.00 sec  0.000 Bytes  0.000 bits/sec
[  1] 330.00-331.00 sec  0.000 Bytes  0.000 bits/sec
[  1] 331.00-332.00 sec  0.000 Bytes  0.000 bits/sec
[  1] 332.00-333.00 sec  0.000 Bytes  0.000 bits/sec
[  1] 333.00-334.00 sec  0.000 Bytes  0.000 bits/sec
[  1] 334.00-335.00 sec  0.000 Bytes  0.000 bits/sec
[  1] 335.00-336.00 sec  0.000 Bytes  0.000 bits/sec
[  1] 336.00-337.00 sec  0.000 Bytes  0.000 bits/sec
[  1] 337.00-338.00 sec  0.000 Bytes  0.000 bits/sec
[  1] 338.00-339.00 sec  0.000 Bytes  0.000 bits/sec
[  1] 339.00-340.00 sec  0.000 Bytes  0.000 bits/sec
[  1] 340.00-341.00 sec  0.000 Bytes  0.000 bits/sec
[  1] 341.00-342.00 sec  0.000 Bytes  0.000 bits/sec
[  1] 342.00-343.00 sec  0.000 Bytes  0.000 bits/sec
[  1] 343.00-344.00 sec  0.000 Bytes  0.000 bits/sec
[  1] 344.00-345.00 sec  0.000 Bytes  0.000 bits/sec
[  1] 345.00-346.00 sec  0.000 Bytes  0.000 bits/sec
[  1] 346.00-347.00 sec  0.000 Bytes  0.000 bits/sec
[  1] 347.00-348.00 sec  0.000 Bytes  0.000 bits/sec
[  1] 348.00-349.00 sec  0.000 Bytes  0.000 bits/sec
[  1] 349.00-350.00 sec  0.000 Bytes  0.000 bits/sec
[  1] 350.00-351.00 sec  0.000 Bytes  0.000 bits/sec
[  1] 351.00-352.00 sec  0.000 Bytes  0.000 bits/sec
[  1] 352.00-353.00 sec  0.000 Bytes  0.000 bits/sec
[  1] 353.00-354.00 sec  0.000 Bytes  0.000 bits/sec
[  1] 354.00-355.00 sec  0.000 Bytes  0.000 bits/sec
[  1] 355.00-356.00 sec  0.000 Bytes  0.000 bits/sec
[  1] 356.00-357.00 sec  0.000 Bytes  0.000 bits/sec
[  1] 357.00-358.00 sec  0.000 Bytes  0.000 bits/sec
[  1] 358.00-359.00 sec  0.000 Bytes  0.000 bits/sec
[  1] 359.00-360.00 sec  0.000 Bytes  0.000 bits/sec
[  1] 360.00-361.00 sec  0.000 Bytes  0.000 bits/sec
[  1] 361.00-362.00 sec  0.000 Bytes  0.000 bits/sec
[  1] 362.00-363.00 sec  0.000 Bytes  0.000 bits/sec
[  1] 363.00-364.00 sec  0.000 Bytes  0.000 bits/sec
[  1] 364.00-365.00 sec  0.000 Bytes  0.000 bits/sec
[  1] 365.00-366.00 sec  0.000 Bytes  0.000 bits/sec
[  1] 366.00-367.00 sec  0.000 Bytes  0.000 bits/sec
[  1] 367.00-368.00 sec  0.000 Bytes  0.000 bits/sec
[  1] 368.00-369.00 sec  0.000 Bytes  0.000 bits/sec
[  1] 369.00-370.00 sec  0.000 Bytes  0.000 bits/sec
[  1] 370.00-371.00 sec  0.000 Bytes  0.000 bits/sec
[  1] 371.00-372.00 sec  0.000 Bytes  0.000 bits/sec
[  1] 372.00-373.00 sec  0.000 Bytes  0.000 bits/sec
[  1] 373.00-374.00 sec  0.000 Bytes  0.000 bits/sec
[  1] 374.00-375.00 sec  0.000 Bytes  0.000 bits/sec
[  1] 375.00-376.00 sec  0.000 Bytes  0.000 bits/sec
[  1] 376.00-377.00 sec  0.000 Bytes  0.000 bits/sec
[  1] 377.00-378.00 sec  0.000 Bytes  0.000 bits/sec
[  1] 378.00-379.00 sec  0.000 Bytes  0.000 bits/sec
[  1] 379.00-380.00 sec  0.000 Bytes  0.000 bits/sec
[  1] 380.00-381.00 sec  0.000 Bytes  0.000 bits/sec
[  1] 381.00-382.00 sec  0.000 Bytes  0.000 bits/sec
[  1] 382.00-383.00 sec  0.000 Bytes  0.000 bits/sec
[  1] 383.00-384.00 sec  0.000 Bytes  0.000 bits/sec
[  1] 384.00-385.00 sec  0.000 Bytes  0.000 bits/sec
[  1] 385.00-386.00 sec  0.000 Bytes  0.000 bits/sec
[  1] 386.00-387.00 sec  0.000 Bytes  0.000 bits/sec
[  1] 387.00-388.00 sec  0.000 Bytes  0.000 bits/sec
[  1] 388.00-389.00 sec  0.000 Bytes  0.000 bits/sec
[  1] 389.00-390.00 sec  0.000 Bytes  0.000 bits/sec
[  1] 390.00-391.00 sec  0.000 Bytes  0.000 bits/sec
[  1] 391.00-392.00 sec  0.000 Bytes  0.000 bits/sec
[  1] 392.00-393.00 sec  0.000 Bytes  0.000 bits/sec
[  1] 393.00-394.00 sec  0.000 Bytes  0.000 bits/sec
[  1] 394.00-395.00 sec  0.000 Bytes  0.000 bits/sec
[  1] 395.00-396.00 sec  0.000 Bytes  0.000 bits/sec
[  1] 396.00-397.00 sec  0.000 Bytes  0.000 bits/sec
[  1] 397.00-398.00 sec  0.000 Bytes  0.000 bits/sec
[  1] 398.00-399.00 sec  0.000 Bytes  0.000 bits/sec
[  1] 399.00-400.00 sec  0.000 Bytes  0.000 bits/sec
[  1] 400.00-401.00 sec  0.000 Bytes  0.000 bits/sec
[  1] 401.00-402.00 sec  0.000 Bytes  0.000 bits/sec
[  1] 402.00-403.00 sec  0.000 Bytes  0.000 bits/sec
[  1] 403.00-404.00 sec  0.000 Bytes  0.000 bits/sec
[  1] 404.00-405.00 sec  0.000 Bytes  0.000 bits/sec
[  1] 405.00-406.00 sec  0.000 Bytes  0.000 bits/sec
[  1] 406.00-407.00 sec  0.000 Bytes  0.000 bits/sec
[  1] 407.00-408.00 sec  0.000 Bytes  0.000 bits/sec
[  1] 408.00-409.00 sec  0.000 Bytes  0.000 bits/sec
[  1] 409.00-410.00 sec  0.000 Bytes  0.000 bits/sec
[  1] 410.00-411.00 sec  0.000 Bytes  0.000 bits/sec
[  1] 411.00-412.00 sec  0.000 Bytes  0.000 bits/sec
[  1] 412.00-413.00 sec  0.000 Bytes  0.000 bits/sec
[  1] 413.00-414.00 sec  0.000 Bytes  0.000 bits/sec
[  1] 414.00-415.00 sec  0.000 Bytes  0.000 bits/sec
[  1] 415.00-416.00 sec  0.000 Bytes  0.000 bits/sec
[  1] 416.00-417.00 sec  0.000 Bytes  0.000 bits/sec
[  1] 417.00-418.00 sec  0.000 Bytes  0.000 bits/sec
[  1] 418.00-419.00 sec  0.000 Bytes  0.000 bits/sec
[  1] 419.00-420.00 sec  0.000 Bytes  0.000 bits/sec
[  1] 420.00-421.00 sec  0.000 Bytes  0.000 bits/sec
[  1] 421.00-422.00 sec  0.000 Bytes  0.000 bits/sec
[  1] 422.00-423.00 sec  0.000 Bytes  0.000 bits/sec
[  1] 423.00-424.00 sec  0.000 Bytes  0.000 bits/sec
[  1] 424.00-425.00 sec  0.000 Bytes  0.000 bits/sec
[  1] 425.00-426.00 sec  0.000 Bytes  0.000 bits/sec
[  1] 426.00-427.00 sec  0.000 Bytes  0.000 bits/sec
[  1] 427.00-428.00 sec  0.000 Bytes  0.000 bits/sec
[  1] 428.00-429.00 sec  0.000 Bytes  0.000 bits/sec
[  1] 429.00-430.00 sec  0.000 Bytes  0.000 bits/sec
[  1] 430.00-431.00 sec  0.000 Bytes  0.000 bits/sec
[  1] 431.00-432.00 sec  0.000 Bytes  0.000 bits/sec
[  1] 432.00-433.00 sec  0.000 Bytes  0.000 bits/sec
[  1] 433.00-434.00 sec  0.000 Bytes  0.000 bits/sec
[  1] 434.00-435.00 sec  0.000 Bytes  0.000 bits/sec
[  1] 435.00-436.00 sec  0.000 Bytes  0.000 bits/sec
[  1] 436.00-437.00 sec  0.000 Bytes  0.000 bits/sec
[  1] 437.00-438.00 sec  0.000 Bytes  0.000 bits/sec
[  1] 438.00-439.00 sec  0.000 Bytes  0.000 bits/sec
[  1] 439.00-440.00 sec  0.000 Bytes  0.000 bits/sec
[  1] 440.00-441.00 sec  0.000 Bytes  0.000 bits/sec
[  1] 441.00-442.00 sec  0.000 Bytes  0.000 bits/sec
[  1] 442.00-443.00 sec  0.000 Bytes  0.000 bits/sec
[  1] 443.00-444.00 sec  0.000 Bytes  0.000 bits/sec
[  1] 444.00-445.00 sec  0.000 Bytes  0.000 bits/sec
[  1] 445.00-446.00 sec  0.000 Bytes  0.000 bits/sec
[  1] 446.00-447.00 sec  0.000 Bytes  0.000 bits/sec
[  1] 447.00-448.00 sec  0.000 Bytes  0.000 bits/sec
[  1] 448.00-449.00 sec  0.000 Bytes  0.000 bits/sec
[  1] 449.00-450.00 sec  0.000 Bytes  0.000 bits/sec
[  1] 450.00-451.00 sec  0.000 Bytes  0.000 bits/sec
[  1] 451.00-452.00 sec  0.000 Bytes  0.000 bits/sec
[  1] 452.00-453.00 sec  0.000 Bytes  0.000 bits/sec
[  1] 453.00-454.00 sec  0.000 Bytes  0.000 bits/sec
[  1] 454.00-455.00 sec  0.000 Bytes  0.000 bits/sec
[  1] 455.00-456.00 sec  0.000 Bytes  0.000 bits/sec
[  1] 456.00-457.00 sec  0.000 Bytes  0.000 bits/sec
Waiting for server threads to complete. Interrupt again to force quit.
[  1] 0.00-457.88 sec  8.79 MBytes   161 Kbits/sec
