make  all-recursive
make[1]: Entering directory '/home/regex/work/esp32s31-openvela/backups/2026-09-10-scan-stress/host-iperf2-linux'
Making all in compat
make[2]: Entering directory '/home/regex/work/esp32s31-openvela/backups/2026-09-10-scan-stress/host-iperf2-linux/compat'
gcc -DHAVE_CONFIG_H -I. -I/home/regex/work/esp32s31-openvela/openvela-dev/external/iperf2/iperf2/compat -I..  -I/home/regex/work/esp32s31-openvela/openvela-dev/external/iperf2/iperf2/include -I../include -DCONFIG_UTILS_IPERF2_STACKSIZE=262144 -include /home/regex/work/esp32s31-openvela/backups/2026-09-10-scan-stress/host-iperf2-linux/getopt-compat.h -Wall -O2  -MT Thread.o -MD -MP -MF .deps/Thread.Tpo -c -o Thread.o /home/regex/work/esp32s31-openvela/openvela-dev/external/iperf2/iperf2/compat/Thread.c
gcc -DHAVE_CONFIG_H -I. -I/home/regex/work/esp32s31-openvela/openvela-dev/external/iperf2/iperf2/compat -I..  -I/home/regex/work/esp32s31-openvela/openvela-dev/external/iperf2/iperf2/include -I../include -DCONFIG_UTILS_IPERF2_STACKSIZE=262144 -include /home/regex/work/esp32s31-openvela/backups/2026-09-10-scan-stress/host-iperf2-linux/getopt-compat.h -Wall -O2  -MT error.o -MD -MP -MF .deps/error.Tpo -c -o error.o /home/regex/work/esp32s31-openvela/openvela-dev/external/iperf2/iperf2/compat/error.c
gcc -DHAVE_CONFIG_H -I. -I/home/regex/work/esp32s31-openvela/openvela-dev/external/iperf2/iperf2/compat -I..  -I/home/regex/work/esp32s31-openvela/openvela-dev/external/iperf2/iperf2/include -I../include -DCONFIG_UTILS_IPERF2_STACKSIZE=262144 -include /home/regex/work/esp32s31-openvela/backups/2026-09-10-scan-stress/host-iperf2-linux/getopt-compat.h -Wall -O2  -MT delay.o -MD -MP -MF .deps/delay.Tpo -c -o delay.o /home/regex/work/esp32s31-openvela/openvela-dev/external/iperf2/iperf2/compat/delay.c
gcc -DHAVE_CONFIG_H -I. -I/home/regex/work/esp32s31-openvela/openvela-dev/external/iperf2/iperf2/compat -I..  -I/home/regex/work/esp32s31-openvela/openvela-dev/external/iperf2/iperf2/include -I../include -DCONFIG_UTILS_IPERF2_STACKSIZE=262144 -include /home/regex/work/esp32s31-openvela/backups/2026-09-10-scan-stress/host-iperf2-linux/getopt-compat.h -Wall -O2  -MT gettimeofday.o -MD -MP -MF .deps/gettimeofday.Tpo -c -o gettimeofday.o /home/regex/work/esp32s31-openvela/openvela-dev/external/iperf2/iperf2/compat/gettimeofday.c
gcc -DHAVE_CONFIG_H -I. -I/home/regex/work/esp32s31-openvela/openvela-dev/external/iperf2/iperf2/compat -I..  -I/home/regex/work/esp32s31-openvela/openvela-dev/external/iperf2/iperf2/include -I../include -DCONFIG_UTILS_IPERF2_STACKSIZE=262144 -include /home/regex/work/esp32s31-openvela/backups/2026-09-10-scan-stress/host-iperf2-linux/getopt-compat.h -Wall -O2  -MT gettcpinfo.o -MD -MP -MF .deps/gettcpinfo.Tpo -c -o gettcpinfo.o /home/regex/work/esp32s31-openvela/openvela-dev/external/iperf2/iperf2/compat/gettcpinfo.c
gcc -DHAVE_CONFIG_H -I. -I/home/regex/work/esp32s31-openvela/openvela-dev/external/iperf2/iperf2/compat -I..  -I/home/regex/work/esp32s31-openvela/openvela-dev/external/iperf2/iperf2/include -I../include -DCONFIG_UTILS_IPERF2_STACKSIZE=262144 -include /home/regex/work/esp32s31-openvela/backups/2026-09-10-scan-stress/host-iperf2-linux/getopt-compat.h -Wall -O2  -MT inet_ntop.o -MD -MP -MF .deps/inet_ntop.Tpo -c -o inet_ntop.o /home/regex/work/esp32s31-openvela/openvela-dev/external/iperf2/iperf2/compat/inet_ntop.c
gcc -DHAVE_CONFIG_H -I. -I/home/regex/work/esp32s31-openvela/openvela-dev/external/iperf2/iperf2/compat -I..  -I/home/regex/work/esp32s31-openvela/openvela-dev/external/iperf2/iperf2/include -I../include -DCONFIG_UTILS_IPERF2_STACKSIZE=262144 -include /home/regex/work/esp32s31-openvela/backups/2026-09-10-scan-stress/host-iperf2-linux/getopt-compat.h -Wall -O2  -MT inet_pton.o -MD -MP -MF .deps/inet_pton.Tpo -c -o inet_pton.o /home/regex/work/esp32s31-openvela/openvela-dev/external/iperf2/iperf2/compat/inet_pton.c
gcc -DHAVE_CONFIG_H -I. -I/home/regex/work/esp32s31-openvela/openvela-dev/external/iperf2/iperf2/compat -I..  -I/home/regex/work/esp32s31-openvela/openvela-dev/external/iperf2/iperf2/include -I../include -DCONFIG_UTILS_IPERF2_STACKSIZE=262144 -include /home/regex/work/esp32s31-openvela/backups/2026-09-10-scan-stress/host-iperf2-linux/getopt-compat.h -Wall -O2  -MT signal.o -MD -MP -MF .deps/signal.Tpo -c -o signal.o /home/regex/work/esp32s31-openvela/openvela-dev/external/iperf2/iperf2/compat/signal.c
mv -f .deps/gettimeofday.Tpo .deps/gettimeofday.Po
gcc -DHAVE_CONFIG_H -I. -I/home/regex/work/esp32s31-openvela/openvela-dev/external/iperf2/iperf2/compat -I..  -I/home/regex/work/esp32s31-openvela/openvela-dev/external/iperf2/iperf2/include -I../include -DCONFIG_UTILS_IPERF2_STACKSIZE=262144 -include /home/regex/work/esp32s31-openvela/backups/2026-09-10-scan-stress/host-iperf2-linux/getopt-compat.h -Wall -O2  -MT snprintf.o -MD -MP -MF .deps/snprintf.Tpo -c -o snprintf.o /home/regex/work/esp32s31-openvela/openvela-dev/external/iperf2/iperf2/compat/snprintf.c
mv -f .deps/snprintf.Tpo .deps/snprintf.Po
gcc -DHAVE_CONFIG_H -I. -I/home/regex/work/esp32s31-openvela/openvela-dev/external/iperf2/iperf2/compat -I..  -I/home/regex/work/esp32s31-openvela/openvela-dev/external/iperf2/iperf2/include -I../include -DCONFIG_UTILS_IPERF2_STACKSIZE=262144 -include /home/regex/work/esp32s31-openvela/backups/2026-09-10-scan-stress/host-iperf2-linux/getopt-compat.h -Wall -O2  -MT string.o -MD -MP -MF .deps/string.Tpo -c -o string.o /home/regex/work/esp32s31-openvela/openvela-dev/external/iperf2/iperf2/compat/string.c
mv -f .deps/error.Tpo .deps/error.Po
mv -f .deps/inet_pton.Tpo .deps/inet_pton.Po
mv -f .deps/gettcpinfo.Tpo .deps/gettcpinfo.Po
mv -f .deps/inet_ntop.Tpo .deps/inet_ntop.Po
mv -f .deps/signal.Tpo .deps/signal.Po
mv -f .deps/string.Tpo .deps/string.Po
mv -f .deps/delay.Tpo .deps/delay.Po
mv -f .deps/Thread.Tpo .deps/Thread.Po
rm -f libcompat.a
ar cru libcompat.a Thread.o error.o delay.o gettimeofday.o gettcpinfo.o inet_ntop.o inet_pton.o signal.o snprintf.o string.o 
ar: `u' modifier ignored since `D' is the default (see `U')
ranlib libcompat.a
make[2]: Leaving directory '/home/regex/work/esp32s31-openvela/backups/2026-09-10-scan-stress/host-iperf2-linux/compat'
Making all in doc
make[2]: Entering directory '/home/regex/work/esp32s31-openvela/backups/2026-09-10-scan-stress/host-iperf2-linux/doc'
make[2]: Nothing to be done for 'all'.
make[2]: Leaving directory '/home/regex/work/esp32s31-openvela/backups/2026-09-10-scan-stress/host-iperf2-linux/doc'
Making all in include
make[2]: Entering directory '/home/regex/work/esp32s31-openvela/backups/2026-09-10-scan-stress/host-iperf2-linux/include'
make[2]: Nothing to be done for 'all'.
make[2]: Leaving directory '/home/regex/work/esp32s31-openvela/backups/2026-09-10-scan-stress/host-iperf2-linux/include'
Making all in src
make[2]: Entering directory '/home/regex/work/esp32s31-openvela/backups/2026-09-10-scan-stress/host-iperf2-linux/src'
g++ -DHAVE_CONFIG_H -I. -I/home/regex/work/esp32s31-openvela/openvela-dev/external/iperf2/iperf2/src -I..  -I/home/regex/work/esp32s31-openvela/openvela-dev/external/iperf2/iperf2/include -I../include -DCONFIG_UTILS_IPERF2_STACKSIZE=262144 -include /home/regex/work/esp32s31-openvela/backups/2026-09-10-scan-stress/host-iperf2-linux/getopt-compat.h -Wall  -O2 -O2  -MT Client.o -MD -MP -MF .deps/Client.Tpo -c -o Client.o /home/regex/work/esp32s31-openvela/openvela-dev/external/iperf2/iperf2/src/Client.cpp
gcc -DHAVE_CONFIG_H -I. -I/home/regex/work/esp32s31-openvela/openvela-dev/external/iperf2/iperf2/src -I..  -I/home/regex/work/esp32s31-openvela/openvela-dev/external/iperf2/iperf2/include -I../include -DCONFIG_UTILS_IPERF2_STACKSIZE=262144 -include /home/regex/work/esp32s31-openvela/backups/2026-09-10-scan-stress/host-iperf2-linux/getopt-compat.h -Wall  -O2 -O2  -MT Extractor.o -MD -MP -MF .deps/Extractor.Tpo -c -o Extractor.o /home/regex/work/esp32s31-openvela/openvela-dev/external/iperf2/iperf2/src/Extractor.c
g++ -DHAVE_CONFIG_H -I. -I/home/regex/work/esp32s31-openvela/openvela-dev/external/iperf2/iperf2/src -I..  -I/home/regex/work/esp32s31-openvela/openvela-dev/external/iperf2/iperf2/include -I../include -DCONFIG_UTILS_IPERF2_STACKSIZE=262144 -include /home/regex/work/esp32s31-openvela/backups/2026-09-10-scan-stress/host-iperf2-linux/getopt-compat.h -Wall  -O2 -O2  -MT isochronous.o -MD -MP -MF .deps/isochronous.Tpo -c -o isochronous.o /home/regex/work/esp32s31-openvela/openvela-dev/external/iperf2/iperf2/src/isochronous.cpp
g++ -DHAVE_CONFIG_H -I. -I/home/regex/work/esp32s31-openvela/openvela-dev/external/iperf2/iperf2/src -I..  -I/home/regex/work/esp32s31-openvela/openvela-dev/external/iperf2/iperf2/include -I../include -DCONFIG_UTILS_IPERF2_STACKSIZE=262144 -include /home/regex/work/esp32s31-openvela/backups/2026-09-10-scan-stress/host-iperf2-linux/getopt-compat.h -Wall  -O2 -O2  -MT Launch.o -MD -MP -MF .deps/Launch.Tpo -c -o Launch.o /home/regex/work/esp32s31-openvela/openvela-dev/external/iperf2/iperf2/src/Launch.cpp
g++ -DHAVE_CONFIG_H -I. -I/home/regex/work/esp32s31-openvela/openvela-dev/external/iperf2/iperf2/src -I..  -I/home/regex/work/esp32s31-openvela/openvela-dev/external/iperf2/iperf2/include -I../include -DCONFIG_UTILS_IPERF2_STACKSIZE=262144 -include /home/regex/work/esp32s31-openvela/backups/2026-09-10-scan-stress/host-iperf2-linux/getopt-compat.h -Wall  -O2 -O2  -MT active_hosts.o -MD -MP -MF .deps/active_hosts.Tpo -c -o active_hosts.o /home/regex/work/esp32s31-openvela/openvela-dev/external/iperf2/iperf2/src/active_hosts.cpp
g++ -DHAVE_CONFIG_H -I. -I/home/regex/work/esp32s31-openvela/openvela-dev/external/iperf2/iperf2/src -I..  -I/home/regex/work/esp32s31-openvela/openvela-dev/external/iperf2/iperf2/include -I../include -DCONFIG_UTILS_IPERF2_STACKSIZE=262144 -include /home/regex/work/esp32s31-openvela/backups/2026-09-10-scan-stress/host-iperf2-linux/getopt-compat.h -Wall  -O2 -O2  -MT Listener.o -MD -MP -MF .deps/Listener.Tpo -c -o Listener.o /home/regex/work/esp32s31-openvela/openvela-dev/external/iperf2/iperf2/src/Listener.cpp
gcc -DHAVE_CONFIG_H -I. -I/home/regex/work/esp32s31-openvela/openvela-dev/external/iperf2/iperf2/src -I..  -I/home/regex/work/esp32s31-openvela/openvela-dev/external/iperf2/iperf2/include -I../include -DCONFIG_UTILS_IPERF2_STACKSIZE=262144 -include /home/regex/work/esp32s31-openvela/backups/2026-09-10-scan-stress/host-iperf2-linux/getopt-compat.h -Wall  -O2 -O2  -MT Locale.o -MD -MP -MF .deps/Locale.Tpo -c -o Locale.o /home/regex/work/esp32s31-openvela/openvela-dev/external/iperf2/iperf2/src/Locale.c
g++ -DHAVE_CONFIG_H -I. -I/home/regex/work/esp32s31-openvela/openvela-dev/external/iperf2/iperf2/src -I..  -I/home/regex/work/esp32s31-openvela/openvela-dev/external/iperf2/iperf2/include -I../include -DCONFIG_UTILS_IPERF2_STACKSIZE=262144 -include /home/regex/work/esp32s31-openvela/backups/2026-09-10-scan-stress/host-iperf2-linux/getopt-compat.h -Wall  -O2 -O2  -MT PerfSocket.o -MD -MP -MF .deps/PerfSocket.Tpo -c -o PerfSocket.o /home/regex/work/esp32s31-openvela/openvela-dev/external/iperf2/iperf2/src/PerfSocket.cpp
mv -f .deps/Locale.Tpo .deps/Locale.Po
gcc -DHAVE_CONFIG_H -I. -I/home/regex/work/esp32s31-openvela/openvela-dev/external/iperf2/iperf2/src -I..  -I/home/regex/work/esp32s31-openvela/openvela-dev/external/iperf2/iperf2/include -I../include -DCONFIG_UTILS_IPERF2_STACKSIZE=262144 -include /home/regex/work/esp32s31-openvela/backups/2026-09-10-scan-stress/host-iperf2-linux/getopt-compat.h -Wall  -O2 -O2  -MT Reporter.o -MD -MP -MF .deps/Reporter.Tpo -c -o Reporter.o /home/regex/work/esp32s31-openvela/openvela-dev/external/iperf2/iperf2/src/Reporter.c
mv -f .deps/Extractor.Tpo .deps/Extractor.Po
gcc -DHAVE_CONFIG_H -I. -I/home/regex/work/esp32s31-openvela/openvela-dev/external/iperf2/iperf2/src -I..  -I/home/regex/work/esp32s31-openvela/openvela-dev/external/iperf2/iperf2/include -I../include -DCONFIG_UTILS_IPERF2_STACKSIZE=262144 -include /home/regex/work/esp32s31-openvela/backups/2026-09-10-scan-stress/host-iperf2-linux/getopt-compat.h -Wall  -O2 -O2  -MT Reports.o -MD -MP -MF .deps/Reports.Tpo -c -o Reports.o /home/regex/work/esp32s31-openvela/openvela-dev/external/iperf2/iperf2/src/Reports.c
mv -f .deps/active_hosts.Tpo .deps/active_hosts.Po
mv -f .deps/isochronous.Tpo .deps/isochronous.Po
gcc -DHAVE_CONFIG_H -I. -I/home/regex/work/esp32s31-openvela/openvela-dev/external/iperf2/iperf2/src -I..  -I/home/regex/work/esp32s31-openvela/openvela-dev/external/iperf2/iperf2/include -I../include -DCONFIG_UTILS_IPERF2_STACKSIZE=262144 -include /home/regex/work/esp32s31-openvela/backups/2026-09-10-scan-stress/host-iperf2-linux/getopt-compat.h -Wall  -O2 -O2  -MT ReportOutputs.o -MD -MP -MF .deps/ReportOutputs.Tpo -c -o ReportOutputs.o /home/regex/work/esp32s31-openvela/openvela-dev/external/iperf2/iperf2/src/ReportOutputs.c
g++ -DHAVE_CONFIG_H -I. -I/home/regex/work/esp32s31-openvela/openvela-dev/external/iperf2/iperf2/src -I..  -I/home/regex/work/esp32s31-openvela/openvela-dev/external/iperf2/iperf2/include -I../include -DCONFIG_UTILS_IPERF2_STACKSIZE=262144 -include /home/regex/work/esp32s31-openvela/backups/2026-09-10-scan-stress/host-iperf2-linux/getopt-compat.h -Wall  -O2 -O2  -MT Server.o -MD -MP -MF .deps/Server.Tpo -c -o Server.o /home/regex/work/esp32s31-openvela/openvela-dev/external/iperf2/iperf2/src/Server.cpp
mv -f .deps/PerfSocket.Tpo .deps/PerfSocket.Po
g++ -DHAVE_CONFIG_H -I. -I/home/regex/work/esp32s31-openvela/openvela-dev/external/iperf2/iperf2/src -I..  -I/home/regex/work/esp32s31-openvela/openvela-dev/external/iperf2/iperf2/include -I../include -DCONFIG_UTILS_IPERF2_STACKSIZE=262144 -include /home/regex/work/esp32s31-openvela/backups/2026-09-10-scan-stress/host-iperf2-linux/getopt-compat.h -Wall  -O2 -O2  -MT Settings.o -MD -MP -MF .deps/Settings.Tpo -c -o Settings.o /home/regex/work/esp32s31-openvela/openvela-dev/external/iperf2/iperf2/src/Settings.cpp
mv -f .deps/Launch.Tpo .deps/Launch.Po
gcc -DHAVE_CONFIG_H -I. -I/home/regex/work/esp32s31-openvela/openvela-dev/external/iperf2/iperf2/src -I..  -I/home/regex/work/esp32s31-openvela/openvela-dev/external/iperf2/iperf2/include -I../include -DCONFIG_UTILS_IPERF2_STACKSIZE=262144 -include /home/regex/work/esp32s31-openvela/backups/2026-09-10-scan-stress/host-iperf2-linux/getopt-compat.h -Wall  -O2 -O2  -MT SocketAddr.o -MD -MP -MF .deps/SocketAddr.Tpo -c -o SocketAddr.o /home/regex/work/esp32s31-openvela/openvela-dev/external/iperf2/iperf2/src/SocketAddr.c
/home/regex/work/esp32s31-openvela/openvela-dev/external/iperf2/iperf2/src/Client.cpp: In member function ‘void Client::AwaitServerFinPacket()’:
/home/regex/work/esp32s31-openvela/openvela-dev/external/iperf2/iperf2/src/Client.cpp:1593:50: error: ‘MIN’ was not declared in this scope; did you mean ‘CMIN’?
 1593 |             rc = read(mySocket, mSettings->mBuf, MIN(MAXUDPBUF, mSettings->mBufLen));
      |                                                  ^~~
      |                                                  CMIN
make[2]: *** [Makefile:538: Client.o] Error 1
make[2]: *** Waiting for unfinished jobs....
mv -f .deps/Listener.Tpo .deps/Listener.Po
mv -f .deps/Reports.Tpo .deps/Reports.Po
mv -f .deps/SocketAddr.Tpo .deps/SocketAddr.Po
mv -f .deps/Reporter.Tpo .deps/Reporter.Po
mv -f .deps/Server.Tpo .deps/Server.Po
mv -f .deps/ReportOutputs.Tpo .deps/ReportOutputs.Po
mv -f .deps/Settings.Tpo .deps/Settings.Po
make[2]: Leaving directory '/home/regex/work/esp32s31-openvela/backups/2026-09-10-scan-stress/host-iperf2-linux/src'
make[1]: *** [Makefile:596: all-recursive] Error 1
make[1]: Leaving directory '/home/regex/work/esp32s31-openvela/backups/2026-09-10-scan-stress/host-iperf2-linux'
make: *** [Makefile:536: all] Error 2
