
系统上有 1 个接口: 

    名称                   : WLAN
    说明            : MediaTek Wi-Fi 7 MT7925 Wireless LAN Card
    GUID                   : f3333537-dbca-4afe-8526-a81c2ca9c1fb
    物理地址       : a8:e2:91:97:1c:b4
    界面类型         : 主要
    状态                  : 已连接
    SSID                   : Kal'tsit
    AP BSSID               : 60:ce:41:ab:02:d0
    波段                   : 2.4 GHz
    通道                : 11
    Connected Akm-cipher ： [ akm = 00-0f-ac：02， cipher = 00-0f-ac：04 ]
    网络类型               : 结构
    无线电类型             : 802.11be
    身份验证               : WPA2 - 个人
    密码                 : CCMP
    连接模式        : 配置文件
    接收速率(Mbps)         : 344.1
    传输速率 (Mbps)        : 344.1
    信号                   : 87%
    Rssi                   : -45
    配置文件               : Kal'tsit 
已配置     QoS MSCS： 0
    已配置 QoS 映射： 0
    策略允许的 QoS 映射 ： 0


DestinationPrefix NextHop InterfaceAlias RouteMetric
----------------- ------- -------------- -----------
192.168.1.255/32  0.0.0.0 WLAN                   256
192.168.1.29/32   0.0.0.0 WLAN                   256
192.168.1.0/24    0.0.0.0 WLAN                   256


