------------------------------------------------------------
Client connecting to 192.168.1.60, UDP port 5003
Sending 1470 byte datagrams, IPG target: 280.38 us (kalman adjust)
UDP buffer size: 64.0 KByte (default)
------------------------------------------------------------
[  1] local 192.168.1.29 port 63673 connected with 192.168.1.60 port 5003
[ ID] Interval       Transfer     Bandwidth
[  1] 0.00-1.00 sec  4.35 MBytes  36.5 Mbits/sec
[  1] 1.00-2.00 sec  3.74 MBytes  31.4 Mbits/sec
[  1] 2.00-3.00 sec  3.95 MBytes  33.2 Mbits/sec
[  1] 3.00-4.00 sec  4.06 MBytes  34.1 Mbits/sec
[  1] 4.00-5.00 sec  5.09 MBytes  42.7 Mbits/sec
[  1] 5.00-6.00 sec  5.03 MBytes  42.2 Mbits/sec
[  1] 6.00-7.00 sec  4.97 MBytes  41.7 Mbits/sec
[  1] 7.00-8.00 sec  5.03 MBytes  42.2 Mbits/sec
[  1] 8.00-9.00 sec  4.13 MBytes  34.6 Mbits/sec
[  1] 9.00-10.00 sec  4.40 MBytes  36.9 Mbits/sec
[  1] 0.00-10.01 sec  44.8 MBytes  37.5 Mbits/sec
[  1] Sent 31931 datagrams
[360] WARNING: did not receive ack of last datagram after 10 tries.
