make  all-recursive
make[1]: Entering directory '/home/regex/work/esp32s31-openvela/backups/2026-09-10-scan-stress/host-iperf2-linux'
Making all in compat
make[2]: Entering directory '/home/regex/work/esp32s31-openvela/backups/2026-09-10-scan-stress/host-iperf2-linux/compat'
gcc -DHAVE_CONFIG_H -I. -I/home/regex/work/esp32s31-openvela/openvela-dev/external/iperf2/iperf2/compat -I..  -I/home/regex/work/esp32s31-openvela/openvela-dev/external/iperf2/iperf2/include -I../include -DCONFIG_UTILS_IPERF2_STACKSIZE=262144 -include /home/regex/work/esp32s31-openvela/backups/2026-09-10-scan-stress/host-iperf2-linux/getopt-compat.h -Wall -O2  -MT Thread.o -MD -MP -MF .deps/Thread.Tpo -c -o Thread.o /home/regex/work/esp32s31-openvela/openvela-dev/external/iperf2/iperf2/compat/Thread.c
gcc -DHAVE_CONFIG_H -I. -I/home/regex/work/esp32s31-openvela/openvela-dev/external/iperf2/iperf2/compat -I..  -I/home/regex/work/esp32s31-openvela/openvela-dev/external/iperf2/iperf2/include -I../include -DCONFIG_UTILS_IPERF2_STACKSIZE=262144 -include /home/regex/work/esp32s31-openvela/backups/2026-09-10-scan-stress/host-iperf2-linux/getopt-compat.h -Wall -O2  -MT error.o -MD -MP -MF .deps/error.Tpo -c -o error.o /home/regex/work/esp32s31-openvela/openvela-dev/external/iperf2/iperf2/compat/error.c
gcc -DHAVE_CONFIG_H -I. -I/home/regex/work/esp32s31-openvela/openvela-dev/external/iperf2/iperf2/compat -I..  -I/home/regex/work/esp32s31-openvela/openvela-dev/external/iperf2/iperf2/include -I../include -DCONFIG_UTILS_IPERF2_STACKSIZE=262144 -include /home/regex/work/esp32s31-openvela/backups/2026-09-10-scan-stress/host-iperf2-linux/getopt-compat.h -Wall -O2  -MT delay.o -MD -MP -MF .deps/delay.Tpo -c -o delay.o /home/regex/work/esp32s31-openvela/openvela-dev/external/iperf2/iperf2/compat/delay.c
gcc -DHAVE_CONFIG_H -I. -I/home/regex/work/esp32s31-openvela/openvela-dev/external/iperf2/iperf2/compat -I..  -I/home/regex/work/esp32s31-openvela/openvela-dev/external/iperf2/iperf2/include -I../include -DCONFIG_UTILS_IPERF2_STACKSIZE=262144 -include /home/regex/work/esp32s31-openvela/backups/2026-09-10-scan-stress/host-iperf2-linux/getopt-compat.h -Wall -O2  -MT gettimeofday.o -MD -MP -MF .deps/gettimeofday.Tpo -c -o gettimeofday.o /home/regex/work/esp32s31-openvela/openvela-dev/external/iperf2/iperf2/compat/gettimeofday.c
gcc -DHAVE_CONFIG_H -I. -I/home/regex/work/esp32s31-openvela/openvela-dev/external/iperf2/iperf2/compat -I..  -I/home/regex/work/esp32s31-openvela/openvela-dev/external/iperf2/iperf2/include -I../include -DCONFIG_UTILS_IPERF2_STACKSIZE=262144 -include /home/regex/work/esp32s31-openvela/backups/2026-09-10-scan-stress/host-iperf2-linux/getopt-compat.h -Wall -O2  -MT gettcpinfo.o -MD -MP -MF .deps/gettcpinfo.Tpo -c -o gettcpinfo.o /home/regex/work/esp32s31-openvela/openvela-dev/external/iperf2/iperf2/compat/gettcpinfo.c
gcc -DHAVE_CONFIG_H -I. -I/home/regex/work/esp32s31-openvela/openvela-dev/external/iperf2/iperf2/compat -I..  -I/home/regex/work/esp32s31-openvela/openvela-dev/external/iperf2/iperf2/include -I../include -DCONFIG_UTILS_IPERF2_STACKSIZE=262144 -include /home/regex/work/esp32s31-openvela/backups/2026-09-10-scan-stress/host-iperf2-linux/getopt-compat.h -Wall -O2  -MT inet_ntop.o -MD -MP -MF .deps/inet_ntop.Tpo -c -o inet_ntop.o /home/regex/work/esp32s31-openvela/openvela-dev/external/iperf2/iperf2/compat/inet_ntop.c
gcc -DHAVE_CONFIG_H -I. -I/home/regex/work/esp32s31-openvela/openvela-dev/external/iperf2/iperf2/compat -I..  -I/home/regex/work/esp32s31-openvela/openvela-dev/external/iperf2/iperf2/include -I../include -DCONFIG_UTILS_IPERF2_STACKSIZE=262144 -include /home/regex/work/esp32s31-openvela/backups/2026-09-10-scan-stress/host-iperf2-linux/getopt-compat.h -Wall -O2  -MT inet_pton.o -MD -MP -MF .deps/inet_pton.Tpo -c -o inet_pton.o /home/regex/work/esp32s31-openvela/openvela-dev/external/iperf2/iperf2/compat/inet_pton.c
gcc -DHAVE_CONFIG_H -I. -I/home/regex/work/esp32s31-openvela/openvela-dev/external/iperf2/iperf2/compat -I..  -I/home/regex/work/esp32s31-openvela/openvela-dev/external/iperf2/iperf2/include -I../include -DCONFIG_UTILS_IPERF2_STACKSIZE=262144 -include /home/regex/work/esp32s31-openvela/backups/2026-09-10-scan-stress/host-iperf2-linux/getopt-compat.h -Wall -O2  -MT signal.o -MD -MP -MF .deps/signal.Tpo -c -o signal.o /home/regex/work/esp32s31-openvela/openvela-dev/external/iperf2/iperf2/compat/signal.c
mv -f .deps/gettimeofday.Tpo .deps/gettimeofday.Po
gcc -DHAVE_CONFIG_H -I. -I/home/regex/work/esp32s31-openvela/openvela-dev/external/iperf2/iperf2/compat -I..  -I/home/regex/work/esp32s31-openvela/openvela-dev/external/iperf2/iperf2/include -I../include -DCONFIG_UTILS_IPERF2_STACKSIZE=262144 -include /home/regex/work/esp32s31-openvela/backups/2026-09-10-scan-stress/host-iperf2-linux/getopt-compat.h -Wall -O2  -MT snprintf.o -MD -MP -MF .deps/snprintf.Tpo -c -o snprintf.o /home/regex/work/esp32s31-openvela/openvela-dev/external/iperf2/iperf2/compat/snprintf.c
mv -f .deps/snprintf.Tpo .deps/snprintf.Po
mv -f .deps/inet_pton.Tpo .deps/inet_pton.Po
gcc -DHAVE_CONFIG_H -I. -I/home/regex/work/esp32s31-openvela/openvela-dev/external/iperf2/iperf2/compat -I..  -I/home/regex/work/esp32s31-openvela/openvela-dev/external/iperf2/iperf2/include -I../include -DCONFIG_UTILS_IPERF2_STACKSIZE=262144 -include /home/regex/work/esp32s31-openvela/backups/2026-09-10-scan-stress/host-iperf2-linux/getopt-compat.h -Wall -O2  -MT string.o -MD -MP -MF .deps/string.Tpo -c -o string.o /home/regex/work/esp32s31-openvela/openvela-dev/external/iperf2/iperf2/compat/string.c
mv -f .deps/error.Tpo .deps/error.Po
mv -f .deps/gettcpinfo.Tpo .deps/gettcpinfo.Po
mv -f .deps/signal.Tpo .deps/signal.Po
mv -f .deps/inet_ntop.Tpo .deps/inet_ntop.Po
mv -f .deps/delay.Tpo .deps/delay.Po
mv -f .deps/Thread.Tpo .deps/Thread.Po
mv -f .deps/string.Tpo .deps/string.Po
rm -f libcompat.a
ar cru libcompat.a Thread.o error.o delay.o gettimeofday.o gettcpinfo.o inet_ntop.o inet_pton.o signal.o snprintf.o string.o 
ar: `u' modifier ignored since `D' is the default (see `U')
ranlib libcompat.a
make[2]: Leaving directory '/home/regex/work/esp32s31-openvela/backups/2026-09-10-scan-stress/host-iperf2-linux/compat'
Making all in doc
make[2]: Entering directory '/home/regex/work/esp32s31-openvela/backups/2026-09-10-scan-stress/host-iperf2-linux/doc'
make[2]: Nothing to be done for 'all'.
make[2]: Leaving directory '/home/regex/work/esp32s31-openvela/backups/2026-09-10-scan-stress/host-iperf2-linux/doc'
Making all in include
make[2]: Entering directory '/home/regex/work/esp32s31-openvela/backups/2026-09-10-scan-stress/host-iperf2-linux/include'
make[2]: Nothing to be done for 'all'.
make[2]: Leaving directory '/home/regex/work/esp32s31-openvela/backups/2026-09-10-scan-stress/host-iperf2-linux/include'
Making all in src
make[2]: Entering directory '/home/regex/work/esp32s31-openvela/backups/2026-09-10-scan-stress/host-iperf2-linux/src'
g++ -DHAVE_CONFIG_H -I. -I/home/regex/work/esp32s31-openvela/openvela-dev/external/iperf2/iperf2/src -I..  -I/home/regex/work/esp32s31-openvela/openvela-dev/external/iperf2/iperf2/include -I../include -DCONFIG_UTILS_IPERF2_STACKSIZE=262144 -include /home/regex/work/esp32s31-openvela/backups/2026-09-10-scan-stress/host-iperf2-linux/getopt-compat.h -Wall  -O2 -O2  -MT Client.o -MD -MP -MF .deps/Client.Tpo -c -o Client.o /home/regex/work/esp32s31-openvela/openvela-dev/external/iperf2/iperf2/src/Client.cpp
gcc -DHAVE_CONFIG_H -I. -I/home/regex/work/esp32s31-openvela/openvela-dev/external/iperf2/iperf2/src -I..  -I/home/regex/work/esp32s31-openvela/openvela-dev/external/iperf2/iperf2/include -I../include -DCONFIG_UTILS_IPERF2_STACKSIZE=262144 -include /home/regex/work/esp32s31-openvela/backups/2026-09-10-scan-stress/host-iperf2-linux/getopt-compat.h -Wall  -O2 -O2  -MT Extractor.o -MD -MP -MF .deps/Extractor.Tpo -c -o Extractor.o /home/regex/work/esp32s31-openvela/openvela-dev/external/iperf2/iperf2/src/Extractor.c
g++ -DHAVE_CONFIG_H -I. -I/home/regex/work/esp32s31-openvela/openvela-dev/external/iperf2/iperf2/src -I..  -I/home/regex/work/esp32s31-openvela/openvela-dev/external/iperf2/iperf2/include -I../include -DCONFIG_UTILS_IPERF2_STACKSIZE=262144 -include /home/regex/work/esp32s31-openvela/backups/2026-09-10-scan-stress/host-iperf2-linux/getopt-compat.h -Wall  -O2 -O2  -MT isochronous.o -MD -MP -MF .deps/isochronous.Tpo -c -o isochronous.o /home/regex/work/esp32s31-openvela/openvela-dev/external/iperf2/iperf2/src/isochronous.cpp
g++ -DHAVE_CONFIG_H -I. -I/home/regex/work/esp32s31-openvela/openvela-dev/external/iperf2/iperf2/src -I..  -I/home/regex/work/esp32s31-openvela/openvela-dev/external/iperf2/iperf2/include -I../include -DCONFIG_UTILS_IPERF2_STACKSIZE=262144 -include /home/regex/work/esp32s31-openvela/backups/2026-09-10-scan-stress/host-iperf2-linux/getopt-compat.h -Wall  -O2 -O2  -MT Launch.o -MD -MP -MF .deps/Launch.Tpo -c -o Launch.o /home/regex/work/esp32s31-openvela/openvela-dev/external/iperf2/iperf2/src/Launch.cpp
g++ -DHAVE_CONFIG_H -I. -I/home/regex/work/esp32s31-openvela/openvela-dev/external/iperf2/iperf2/src -I..  -I/home/regex/work/esp32s31-openvela/openvela-dev/external/iperf2/iperf2/include -I../include -DCONFIG_UTILS_IPERF2_STACKSIZE=262144 -include /home/regex/work/esp32s31-openvela/backups/2026-09-10-scan-stress/host-iperf2-linux/getopt-compat.h -Wall  -O2 -O2  -MT active_hosts.o -MD -MP -MF .deps/active_hosts.Tpo -c -o active_hosts.o /home/regex/work/esp32s31-openvela/openvela-dev/external/iperf2/iperf2/src/active_hosts.cpp
g++ -DHAVE_CONFIG_H -I. -I/home/regex/work/esp32s31-openvela/openvela-dev/external/iperf2/iperf2/src -I..  -I/home/regex/work/esp32s31-openvela/openvela-dev/external/iperf2/iperf2/include -I../include -DCONFIG_UTILS_IPERF2_STACKSIZE=262144 -include /home/regex/work/esp32s31-openvela/backups/2026-09-10-scan-stress/host-iperf2-linux/getopt-compat.h -Wall  -O2 -O2  -MT Listener.o -MD -MP -MF .deps/Listener.Tpo -c -o Listener.o /home/regex/work/esp32s31-openvela/openvela-dev/external/iperf2/iperf2/src/Listener.cpp
gcc -DHAVE_CONFIG_H -I. -I/home/regex/work/esp32s31-openvela/openvela-dev/external/iperf2/iperf2/src -I..  -I/home/regex/work/esp32s31-openvela/openvela-dev/external/iperf2/iperf2/include -I../include -DCONFIG_UTILS_IPERF2_STACKSIZE=262144 -include /home/regex/work/esp32s31-openvela/backups/2026-09-10-scan-stress/host-iperf2-linux/getopt-compat.h -Wall  -O2 -O2  -MT Locale.o -MD -MP -MF .deps/Locale.Tpo -c -o Locale.o /home/regex/work/esp32s31-openvela/openvela-dev/external/iperf2/iperf2/src/Locale.c
g++ -DHAVE_CONFIG_H -I. -I/home/regex/work/esp32s31-openvela/openvela-dev/external/iperf2/iperf2/src -I..  -I/home/regex/work/esp32s31-openvela/openvela-dev/external/iperf2/iperf2/include -I../include -DCONFIG_UTILS_IPERF2_STACKSIZE=262144 -include /home/regex/work/esp32s31-openvela/backups/2026-09-10-scan-stress/host-iperf2-linux/getopt-compat.h -Wall  -O2 -O2  -MT PerfSocket.o -MD -MP -MF .deps/PerfSocket.Tpo -c -o PerfSocket.o /home/regex/work/esp32s31-openvela/openvela-dev/external/iperf2/iperf2/src/PerfSocket.cpp
mv -f .deps/Locale.Tpo .deps/Locale.Po
gcc -DHAVE_CONFIG_H -I. -I/home/regex/work/esp32s31-openvela/openvela-dev/external/iperf2/iperf2/src -I..  -I/home/regex/work/esp32s31-openvela/openvela-dev/external/iperf2/iperf2/include -I../include -DCONFIG_UTILS_IPERF2_STACKSIZE=262144 -include /home/regex/work/esp32s31-openvela/backups/2026-09-10-scan-stress/host-iperf2-linux/getopt-compat.h -Wall  -O2 -O2  -MT Reporter.o -MD -MP -MF .deps/Reporter.Tpo -c -o Reporter.o /home/regex/work/esp32s31-openvela/openvela-dev/external/iperf2/iperf2/src/Reporter.c
mv -f .deps/Extractor.Tpo .deps/Extractor.Po
gcc -DHAVE_CONFIG_H -I. -I/home/regex/work/esp32s31-openvela/openvela-dev/external/iperf2/iperf2/src -I..  -I/home/regex/work/esp32s31-openvela/openvela-dev/external/iperf2/iperf2/include -I../include -DCONFIG_UTILS_IPERF2_STACKSIZE=262144 -include /home/regex/work/esp32s31-openvela/backups/2026-09-10-scan-stress/host-iperf2-linux/getopt-compat.h -Wall  -O2 -O2  -MT Reports.o -MD -MP -MF .deps/Reports.Tpo -c -o Reports.o /home/regex/work/esp32s31-openvela/openvela-dev/external/iperf2/iperf2/src/Reports.c
mv -f .deps/active_hosts.Tpo .deps/active_hosts.Po
gcc -DHAVE_CONFIG_H -I. -I/home/regex/work/esp32s31-openvela/openvela-dev/external/iperf2/iperf2/src -I..  -I/home/regex/work/esp32s31-openvela/openvela-dev/external/iperf2/iperf2/include -I../include -DCONFIG_UTILS_IPERF2_STACKSIZE=262144 -include /home/regex/work/esp32s31-openvela/backups/2026-09-10-scan-stress/host-iperf2-linux/getopt-compat.h -Wall  -O2 -O2  -MT ReportOutputs.o -MD -MP -MF .deps/ReportOutputs.Tpo -c -o ReportOutputs.o /home/regex/work/esp32s31-openvela/openvela-dev/external/iperf2/iperf2/src/ReportOutputs.c
mv -f .deps/isochronous.Tpo .deps/isochronous.Po
g++ -DHAVE_CONFIG_H -I. -I/home/regex/work/esp32s31-openvela/openvela-dev/external/iperf2/iperf2/src -I..  -I/home/regex/work/esp32s31-openvela/openvela-dev/external/iperf2/iperf2/include -I../include -DCONFIG_UTILS_IPERF2_STACKSIZE=262144 -include /home/regex/work/esp32s31-openvela/backups/2026-09-10-scan-stress/host-iperf2-linux/getopt-compat.h -Wall  -O2 -O2  -MT Server.o -MD -MP -MF .deps/Server.Tpo -c -o Server.o /home/regex/work/esp32s31-openvela/openvela-dev/external/iperf2/iperf2/src/Server.cpp
mv -f .deps/Launch.Tpo .deps/Launch.Po
g++ -DHAVE_CONFIG_H -I. -I/home/regex/work/esp32s31-openvela/openvela-dev/external/iperf2/iperf2/src -I..  -I/home/regex/work/esp32s31-openvela/openvela-dev/external/iperf2/iperf2/include -I../include -DCONFIG_UTILS_IPERF2_STACKSIZE=262144 -include /home/regex/work/esp32s31-openvela/backups/2026-09-10-scan-stress/host-iperf2-linux/getopt-compat.h -Wall  -O2 -O2  -MT Settings.o -MD -MP -MF .deps/Settings.Tpo -c -o Settings.o /home/regex/work/esp32s31-openvela/openvela-dev/external/iperf2/iperf2/src/Settings.cpp
mv -f .deps/PerfSocket.Tpo .deps/PerfSocket.Po
gcc -DHAVE_CONFIG_H -I. -I/home/regex/work/esp32s31-openvela/openvela-dev/external/iperf2/iperf2/src -I..  -I/home/regex/work/esp32s31-openvela/openvela-dev/external/iperf2/iperf2/include -I../include -DCONFIG_UTILS_IPERF2_STACKSIZE=262144 -include /home/regex/work/esp32s31-openvela/backups/2026-09-10-scan-stress/host-iperf2-linux/getopt-compat.h -Wall  -O2 -O2  -MT SocketAddr.o -MD -MP -MF .deps/SocketAddr.Tpo -c -o SocketAddr.o /home/regex/work/esp32s31-openvela/openvela-dev/external/iperf2/iperf2/src/SocketAddr.c
mv -f .deps/Listener.Tpo .deps/Listener.Po
gcc -DHAVE_CONFIG_H -I. -I/home/regex/work/esp32s31-openvela/openvela-dev/external/iperf2/iperf2/src -I..  -I/home/regex/work/esp32s31-openvela/openvela-dev/external/iperf2/iperf2/include -I../include -DCONFIG_UTILS_IPERF2_STACKSIZE=262144 -include /home/regex/work/esp32s31-openvela/backups/2026-09-10-scan-stress/host-iperf2-linux/getopt-compat.h -Wall  -O2 -O2  -MT gnu_getopt.o -MD -MP -MF .deps/gnu_getopt.Tpo -c -o gnu_getopt.o /home/regex/work/esp32s31-openvela/openvela-dev/external/iperf2/iperf2/src/gnu_getopt.c
mv -f .deps/Reports.Tpo .deps/Reports.Po
gcc -DHAVE_CONFIG_H -I. -I/home/regex/work/esp32s31-openvela/openvela-dev/external/iperf2/iperf2/src -I..  -I/home/regex/work/esp32s31-openvela/openvela-dev/external/iperf2/iperf2/include -I../include -DCONFIG_UTILS_IPERF2_STACKSIZE=262144 -include /home/regex/work/esp32s31-openvela/backups/2026-09-10-scan-stress/host-iperf2-linux/getopt-compat.h -Wall  -O2 -O2  -MT gnu_getopt_long.o -MD -MP -MF .deps/gnu_getopt_long.Tpo -c -o gnu_getopt_long.o /home/regex/work/esp32s31-openvela/openvela-dev/external/iperf2/iperf2/src/gnu_getopt_long.c
mv -f .deps/SocketAddr.Tpo .deps/SocketAddr.Po
gcc -DHAVE_CONFIG_H -I. -I/home/regex/work/esp32s31-openvela/openvela-dev/external/iperf2/iperf2/src -I..  -I/home/regex/work/esp32s31-openvela/openvela-dev/external/iperf2/iperf2/include -I../include -DCONFIG_UTILS_IPERF2_STACKSIZE=262144 -include /home/regex/work/esp32s31-openvela/backups/2026-09-10-scan-stress/host-iperf2-linux/getopt-compat.h -Wall  -O2 -O2  -MT histogram.o -MD -MP -MF .deps/histogram.Tpo -c -o histogram.o /home/regex/work/esp32s31-openvela/openvela-dev/external/iperf2/iperf2/src/histogram.c
mv -f .deps/gnu_getopt_long.Tpo .deps/gnu_getopt_long.Po
g++ -DHAVE_CONFIG_H -I. -I/home/regex/work/esp32s31-openvela/openvela-dev/external/iperf2/iperf2/src -I..  -I/home/regex/work/esp32s31-openvela/openvela-dev/external/iperf2/iperf2/include -I../include -DCONFIG_UTILS_IPERF2_STACKSIZE=262144 -include /home/regex/work/esp32s31-openvela/backups/2026-09-10-scan-stress/host-iperf2-linux/getopt-compat.h -Wall  -O2 -O2  -MT main.o -MD -MP -MF .deps/main.Tpo -c -o main.o /home/regex/work/esp32s31-openvela/openvela-dev/external/iperf2/iperf2/src/main.cpp
mv -f .deps/gnu_getopt.Tpo .deps/gnu_getopt.Po
gcc -DHAVE_CONFIG_H -I. -I/home/regex/work/esp32s31-openvela/openvela-dev/external/iperf2/iperf2/src -I..  -I/home/regex/work/esp32s31-openvela/openvela-dev/external/iperf2/iperf2/include -I../include -DCONFIG_UTILS_IPERF2_STACKSIZE=262144 -include /home/regex/work/esp32s31-openvela/backups/2026-09-10-scan-stress/host-iperf2-linux/getopt-compat.h -Wall  -O2 -O2  -MT service.o -MD -MP -MF .deps/service.Tpo -c -o service.o /home/regex/work/esp32s31-openvela/openvela-dev/external/iperf2/iperf2/src/service.c
mv -f .deps/histogram.Tpo .deps/histogram.Po
gcc -DHAVE_CONFIG_H -I. -I/home/regex/work/esp32s31-openvela/openvela-dev/external/iperf2/iperf2/src -I..  -I/home/regex/work/esp32s31-openvela/openvela-dev/external/iperf2/iperf2/include -I../include -DCONFIG_UTILS_IPERF2_STACKSIZE=262144 -include /home/regex/work/esp32s31-openvela/backups/2026-09-10-scan-stress/host-iperf2-linux/getopt-compat.h -Wall  -O2 -O2  -MT socket_io.o -MD -MP -MF .deps/socket_io.Tpo -c -o socket_io.o /home/regex/work/esp32s31-openvela/openvela-dev/external/iperf2/iperf2/src/socket_io.c
mv -f .deps/service.Tpo .deps/service.Po
gcc -DHAVE_CONFIG_H -I. -I/home/regex/work/esp32s31-openvela/openvela-dev/external/iperf2/iperf2/src -I..  -I/home/regex/work/esp32s31-openvela/openvela-dev/external/iperf2/iperf2/include -I../include -DCONFIG_UTILS_IPERF2_STACKSIZE=262144 -include /home/regex/work/esp32s31-openvela/backups/2026-09-10-scan-stress/host-iperf2-linux/getopt-compat.h -Wall  -O2 -O2  -MT stdio.o -MD -MP -MF .deps/stdio.Tpo -c -o stdio.o /home/regex/work/esp32s31-openvela/openvela-dev/external/iperf2/iperf2/src/stdio.c
mv -f .deps/main.Tpo .deps/main.Po
gcc -DHAVE_CONFIG_H -I. -I/home/regex/work/esp32s31-openvela/openvela-dev/external/iperf2/iperf2/src -I..  -I/home/regex/work/esp32s31-openvela/openvela-dev/external/iperf2/iperf2/include -I../include -DCONFIG_UTILS_IPERF2_STACKSIZE=262144 -include /home/regex/work/esp32s31-openvela/backups/2026-09-10-scan-stress/host-iperf2-linux/getopt-compat.h -Wall  -O2 -O2  -MT packet_ring.o -MD -MP -MF .deps/packet_ring.Tpo -c -o packet_ring.o /home/regex/work/esp32s31-openvela/openvela-dev/external/iperf2/iperf2/src/packet_ring.c
mv -f .deps/socket_io.Tpo .deps/socket_io.Po
gcc -DHAVE_CONFIG_H -I. -I/home/regex/work/esp32s31-openvela/openvela-dev/external/iperf2/iperf2/src -I..  -I/home/regex/work/esp32s31-openvela/openvela-dev/external/iperf2/iperf2/include -I../include -DCONFIG_UTILS_IPERF2_STACKSIZE=262144 -include /home/regex/work/esp32s31-openvela/backups/2026-09-10-scan-stress/host-iperf2-linux/getopt-compat.h -Wall  -O2 -O2  -MT tcp_window_size.o -MD -MP -MF .deps/tcp_window_size.Tpo -c -o tcp_window_size.o /home/regex/work/esp32s31-openvela/openvela-dev/external/iperf2/iperf2/src/tcp_window_size.c
mv -f .deps/Reporter.Tpo .deps/Reporter.Po
gcc -DHAVE_CONFIG_H -I. -I/home/regex/work/esp32s31-openvela/openvela-dev/external/iperf2/iperf2/src -I..  -I/home/regex/work/esp32s31-openvela/openvela-dev/external/iperf2/iperf2/include -I../include -DCONFIG_UTILS_IPERF2_STACKSIZE=262144 -include /home/regex/work/esp32s31-openvela/backups/2026-09-10-scan-stress/host-iperf2-linux/getopt-compat.h -Wall  -O2 -O2  -MT pdfs.o -MD -MP -MF .deps/pdfs.Tpo -c -o pdfs.o /home/regex/work/esp32s31-openvela/openvela-dev/external/iperf2/iperf2/src/pdfs.c
mv -f .deps/stdio.Tpo .deps/stdio.Po
gcc -DHAVE_CONFIG_H -I. -I/home/regex/work/esp32s31-openvela/openvela-dev/external/iperf2/iperf2/src -I..  -I/home/regex/work/esp32s31-openvela/openvela-dev/external/iperf2/iperf2/include -I../include -DCONFIG_UTILS_IPERF2_STACKSIZE=262144 -include /home/regex/work/esp32s31-openvela/backups/2026-09-10-scan-stress/host-iperf2-linux/getopt-compat.h -Wall  -O2 -O2  -MT dscp.o -MD -MP -MF .deps/dscp.Tpo -c -o dscp.o /home/regex/work/esp32s31-openvela/openvela-dev/external/iperf2/iperf2/src/dscp.c
mv -f .deps/Server.Tpo .deps/Server.Po
gcc -DHAVE_CONFIG_H -I. -I/home/regex/work/esp32s31-openvela/openvela-dev/external/iperf2/iperf2/src -I..  -I/home/regex/work/esp32s31-openvela/openvela-dev/external/iperf2/iperf2/include -I../include -DCONFIG_UTILS_IPERF2_STACKSIZE=262144 -include /home/regex/work/esp32s31-openvela/backups/2026-09-10-scan-stress/host-iperf2-linux/getopt-compat.h -Wall  -O2 -O2  -MT checksums.o -MD -MP -MF .deps/checksums.Tpo -c -o checksums.o /home/regex/work/esp32s31-openvela/openvela-dev/external/iperf2/iperf2/src/checksums.c
mv -f .deps/packet_ring.Tpo .deps/packet_ring.Po
mv -f .deps/tcp_window_size.Tpo .deps/tcp_window_size.Po
mv -f .deps/dscp.Tpo .deps/dscp.Po
mv -f .deps/checksums.Tpo .deps/checksums.Po
mv -f .deps/pdfs.Tpo .deps/pdfs.Po
mv -f .deps/Client.Tpo .deps/Client.Po
mv -f .deps/ReportOutputs.Tpo .deps/ReportOutputs.Po
mv -f .deps/Settings.Tpo .deps/Settings.Po
g++ -Wall  -O2 -O2  -O2  -pthread  -DHAVE_CONFIG_H  -o iperf Client.o Extractor.o isochronous.o Launch.o active_hosts.o Listener.o Locale.o PerfSocket.o Reporter.o Reports.o ReportOutputs.o Server.o Settings.o SocketAddr.o gnu_getopt.o gnu_getopt_long.o histogram.o main.o service.o socket_io.o stdio.o packet_ring.o tcp_window_size.o pdfs.o dscp.o checksums.o ../compat/libcompat.a -lrt 
make[2]: Leaving directory '/home/regex/work/esp32s31-openvela/backups/2026-09-10-scan-stress/host-iperf2-linux/src'
Making all in man
make[2]: Entering directory '/home/regex/work/esp32s31-openvela/backups/2026-09-10-scan-stress/host-iperf2-linux/man'
make[2]: Nothing to be done for 'all'.
make[2]: Leaving directory '/home/regex/work/esp32s31-openvela/backups/2026-09-10-scan-stress/host-iperf2-linux/man'
make[2]: Entering directory '/home/regex/work/esp32s31-openvela/backups/2026-09-10-scan-stress/host-iperf2-linux'
make[2]: Leaving directory '/home/regex/work/esp32s31-openvela/backups/2026-09-10-scan-stress/host-iperf2-linux'
make[1]: Leaving directory '/home/regex/work/esp32s31-openvela/backups/2026-09-10-scan-stress/host-iperf2-linux'
