ESP-ROM:esp32s31-20251218
Build:Dec 18 2025
rst:0x1 (POWERON),boot:0x7f (SPI_FAST_FLASH_BOOT)
SPI mode:DIO, clock div:1
load:0x2e000000,len:0x18
load:0x2f000000,len:0x13ab0
entry 0x2f00fede
*** Booting NuttX ***
rtc: lma 0x00002020 vma 0x2e000000 len 0x18     (24)
dram: lma 0x00002040 vma 0x2f000000 len 0x13ab0  (80560)
padd: lma 0x00015b28 vma 0x00000000 len 0xa4f0   (42224)
imap: lma 0x00020020 vma 0x400c0020 len 0x19abc  (105148)
padd: lma 0x00039ae4 vma 0x00000000 len 0x6614   (26132)
imap: lma 0x00040100 vma 0x40000100 len 0xb41e4  (737764)
total segments stored 6
ABC[CPU0] CPU1 SMP online: ipi0=0 timer1=0
[CPU1] AppFS header: 2d726f6d3166732d
[CPU1] AppFS MTD boundary checks: PASS
[CPU1] AppFS writable LittleFS: offset=0x500000 size=0x700000
[CPU1] Initializing Wi-Fi station
[CPU0] E1 Wi-Fi station netdev ready
[CPU0] set_intr_wrapper: S31 IRQ route: cpu=0 source=122 vector=1 priority=1
[CPU0] set_intr_wrapper: S31 IRQ route: cpu=0 source=120 vector=1 priority=1
[CPU0] enable_intr_wrapper: S31 IRQ enable: mask=00000002 vector=1 irq=137
[CPU0] esp_wifi_sta_start: S31 frame statistics enable: rx=0 tx=0

NuttShell (NSH)
nsh> [K
I2C_BOOT=PASS seconds=0.629
--- CMD: ls /dev/i2c0 ---
ls /dev/i2c0
 /dev/i2c0
nsh> [K
nsh> [K
--- CMD: i2c help ---
i2c help
Usage: i2c <cmd> [arguments]
Where <cmd> is one of:

  Show help     : ?
  List buses    : bus
  Reset bus     : reset
  List devices  : dev [OPTIONS] <first> <last>
  Read register : get [OPTIONS] [<repetitions>]
  Dump register : dump [OPTIONS] [<num bytes>]
  Show help     : help
  Write register: set [OPTIONS] <value> [<repetitions>]
  Verify access : verf [OPTIONS] [<value>] [<repetitions>]

Where common "sticky" OPTIONS include:
  [-a addr] is the I2C device address (hex).  Default: 03 Current: 03
  [-b bus] is the I2C bus number (decimal).  Default: 0 Current: 0
  [-w width] is the data width (8 or 16 decimal).  Default: 8 Current: 8
  [-s|n], send/don't send start between command and data.  Default: -n Current: -n
  [-i|j], Auto increment|don't increment regaddr on repetitions.  Default: NO Current: NO
  [-f freq] I2C frequency.  Default: 100000 Current: 100000

Special non-sticky options:
  [-r regaddr] is the I2C device register index (hex).  Default: not used/sent
  [-z] instructs the 'dev' command to scan the I2C bus by sending zero-byte write headers (if the architecture supports it)

NOTES:
o An environment variable like $PATH may be used for any argument.
o Arguments are "sticky". For example, once the I2C address is
  specified, that address will be re-used until it is changed.

WARNING:
o The I2C dev command may have bad side effects on your I2C devices.
  Use only at your own risk.
nsh> [K
nsh> [K
--- CMD: i2c get -b 0 -a 18 -r fd -w 8 -f 100000 ---
i2c get -b 0 -a 18 -r fd -w 8 -f 100000
nsh: i2c: too many arguments
READ Bus: 0 Addr: 18 Subaddr: fd Value: 83
nsh> [K
nsh> [K
CODEC_ID_READ=PASS frequency=100000 register=0xfd value=0x83
--- CMD: i2c get -b 0 -a 18 -r fe -w 8 -f 100000 ---
i2c get -b 0 -a 18 -r fe -w 8 -f 100000
nsh: i2c: too many arguments
READ Bus: 0 Addr: 18 Subaddr: fe Value: 11
nsh> [K
nsh> [K
CODEC_ID_READ=PASS frequency=100000 register=0xfe value=0x11
--- CMD: i2c get -b 0 -a 18 -r fd -w 8 -f 400000 ---
i2c get -b 0 -a 18 -r fd -w 8 -f 400000
nsh: i2c: too many arguments
READ Bus: 0 Addr: 18 Subaddr: fd Value: 83
nsh> [K
nsh> [K
CODEC_ID_READ=PASS frequency=400000 register=0xfd value=0x83
--- CMD: i2c get -b 0 -a 18 -r fe -w 8 -f 400000 ---
i2c get -b 0 -a 18 -r fe -w 8 -f 400000
nsh: i2c: too many arguments
READ Bus: 0 Addr: 18 Subaddr: fe Value: 11
nsh> [K
nsh> [K
CODEC_ID_READ=PASS frequency=400000 register=0xfe value=0x11
--- CMD: i2c get -b 0 -a 18 -r fd -w 8 -f 100000 ---
i2c get -b 0 -a 18 -r fd -w 8 -f 100000
nsh: i2c: too many arguments
READ Bus: 0 Addr: 18 Subaddr: fd Value: 83
nsh> [K
nsh> [K
CODEC_ID_READ=PASS frequency=100000 register=0xfd value=0x83
--- CMD: i2c get -b 0 -a 18 -r fe -w 8 -f 100000 ---
i2c get -b 0 -a 18 -r fe -w 8 -f 100000
nsh: i2c: too many arguments
READ Bus: 0 Addr: 18 Subaddr: fe Value: 11
nsh> [K
nsh> [K
CODEC_ID_READ=PASS frequency=100000 register=0xfe value=0x11
--- CMD: cat /dev/s31stat ---
cat /dev/s31stat
MONIRQ: cpu=0 defer=855 replay=855 ack=1340 drop=0 pending=0x0 sreplay=2
MONLAT: cpu=0 input=1 last=0 max=0 samples=0 over32=0 over100=0 over1000=0 sum=0
MONIRQ: cpu=1 defer=7788 replay=7788 ack=7791 drop=0 pending=0x0 sreplay=1
MONLAT: cpu=1 input=1 last=0 max=0 samples=0 over32=0 over100=0 over1000=0 sum=0
ADDRENV: created=8 fail=0 destroyed=7 live=1 livemax=2 pages=973 pgt=28
WAIT: pid=2 object=0x2f010b14
LPTRACE: 0x40024860
WAIT: pid=4 object=0x2f010b6c
nsh> [K
nsh> [K
ES8311_I2C_ID=PASS transfers=6; audio datapath untested
