/home/regex/work/esp32s31-openvela/backups/2026-09-10-scan-stress/idf170-flash-backup/before-a.bin: OK
/home/regex/work/esp32s31-openvela/backups/2026-09-10-scan-stress/idf170-flash-backup/before-b.bin: OK
COMMAND=/home/regex/.espressif/python_env/idf6.1_py3.10_env/bin/esptool --chip esp32s31 --port /dev/serial/by-id/usb-Silicon_Labs_CP2102N_USB_to_UART_Bridge_Controller_f65e4ef67f71f011975a049f1045c30f-if00-port0 --baud 460800 write-flash --flash-mode keep --flash-size keep --flash-freq keep 0x2000 /home/regex/work/esp32s31-openvela/backups/2026-09-10-scan-stress/idf170-flash-backup/transaction172/idf-0.bin 0x8000 /home/regex/work/esp32s31-openvela/backups/2026-09-10-scan-stress/idf170-flash-backup/transaction172/idf-1.bin 0x10000 /home/regex/work/esp32s31-openvela/backups/2026-09-10-scan-stress/idf170-flash-backup/transaction172/idf-2.bin
esptool v5.4.0
Serial port /dev/serial/by-id/usb-Silicon_Labs_CP2102N_USB_to_UART_Bridge_Controller_f65e4ef67f71f011975a049f1045c30f-if00-port0:
Connecting....
Connected to ESP32-S31 on /dev/serial/by-id/usb-Silicon_Labs_CP2102N_USB_to_UART_Bridge_Controller_f65e4ef67f71f011975a049f1045c30f-if00-port0:
Chip type:          ESP32-S31 (revision v0.0)
Features:           Wi-Fi 6, BT 5.4 (LE), IEEE802.15.4, Dual Core + LP Core, 300MHz
Crystal frequency:  40MHz
MAC:                30:ed:a0:f3:f7:b0

Uploading stub flasher...
Running stub flasher...
Stub flasher running.
Changing baud rate to 460800...
Changed.

Configuring flash size...

Writing '/home/regex/work/esp32s31-openvela/backups/2026-09-10-scan-stress/idf170-flash-backup/transaction172/idf-0.bin' at 0x00002000...
Flash will be erased from 0x00002000 to 0x00006fff...
Compressed 19376 bytes to 12649...
Writing at 0x00006bb0 ━━━━━━━━━━━━━━━━━━━━━━━━━━━━━━ 100.0% 12.35kB/12.35kB [0s] 
Wrote 19376 bytes (12649 compressed) at 0x00002000 in 0.4 seconds (396.7 kbit/s).
Verifying written data...
Hash of data verified.

Writing '/home/regex/work/esp32s31-openvela/backups/2026-09-10-scan-stress/idf170-flash-backup/transaction172/idf-1.bin' at 0x00008000...
Flash will be erased from 0x00008000 to 0x00008fff...
Compressed 3072 bytes to 69...
Writing at 0x00008c00 ━━━━━━━━━━━━━━━━━━━━━━━━━━━━━━ 100.0% 69B/69B [0s] 
Wrote 3072 bytes (69 compressed) at 0x00008000 in 0.0 seconds (2199.8 kbit/s).
Verifying written data...
Hash of data verified.

Writing '/home/regex/work/esp32s31-openvela/backups/2026-09-10-scan-stress/idf170-flash-backup/transaction172/idf-2.bin' at 0x00010000...
Flash will be erased from 0x00010000 to 0x000e7fff...
Compressed 882944 bytes to 522146...
Writing at 0x0001c6bd ╸                                3.1% 16.00kB/509.91kB [0s] 
Writing at 0x00025334 ━╸                               6.3% 32.00kB/509.91kB [0s] 
Writing at 0x0002d190 ━━╸                              9.4% 48.00kB/509.91kB [1s] 
Writing at 0x00033911 ━━━╸                            12.6% 64.00kB/509.91kB [1s] 
Writing at 0x0003b0b9 ━━━━╸                           15.7% 80.00kB/509.91kB [1s] 
Writing at 0x000420ea ━━━━━╸                          18.8% 96.00kB/509.91kB [2s] 
Writing at 0x000496b0 ━━━━━━╸                         22.0% 112.00kB/509.91kB [2s] 
Writing at 0x000500d6 ━━━━━━━╸                        25.1% 128.00kB/509.91kB [2s] 
Writing at 0x000572c1 ━━━━━━━━                        28.2% 144.00kB/509.91kB [3s] 
Writing at 0x0005e05e ━━━━━━━━━                       31.4% 160.00kB/509.91kB [3s] 
Writing at 0x00064ac6 ━━━━━━━━━━                      34.5% 176.00kB/509.91kB [3s] 
Writing at 0x0006a4d2 ━━━━━━━━━━━                     37.7% 192.00kB/509.91kB [4s] 
Writing at 0x000705c2 ━━━━━━━━━━━━                    40.8% 208.00kB/509.91kB [4s] 
Writing at 0x000761a0 ━━━━━━━━━━━━━                   43.9% 224.00kB/509.91kB [5s] 
Writing at 0x0007c010 ━━━━━━━━━━━━━━                  47.1% 240.00kB/509.91kB [5s] 
Writing at 0x00081c6c ━━━━━━━━━━━━━━━                 50.2% 256.00kB/509.91kB [5s] 
Writing at 0x00087806 ━━━━━━━━━━━━━━━━                53.3% 272.00kB/509.91kB [6s] 
Writing at 0x0008da6f ━━━━━━━━━━━━━━━━╸               56.5% 288.00kB/509.91kB [6s] 
Writing at 0x00094118 ━━━━━━━━━━━━━━━━━╸              59.6% 304.00kB/509.91kB [6s] 
Writing at 0x0009a320 ━━━━━━━━━━━━━━━━━━╸             62.8% 320.00kB/509.91kB [7s] 
Writing at 0x000a02af ━━━━━━━━━━━━━━━━━━━╸            65.9% 336.00kB/509.91kB [7s] 
Writing at 0x000a616c ━━━━━━━━━━━━━━━━━━━━╸           69.0% 352.00kB/509.91kB [7s] 
Writing at 0x000abf85 ━━━━━━━━━━━━━━━━━━━━━╸          72.2% 368.00kB/509.91kB [8s] 
Writing at 0x000b25ab ━━━━━━━━━━━━━━━━━━━━━━╸         75.3% 384.00kB/509.91kB [8s] 
Writing at 0x000b8ed8 ━━━━━━━━━━━━━━━━━━━━━━━╸        78.4% 400.00kB/509.91kB [9s] 
Writing at 0x000bf08b ━━━━━━━━━━━━━━━━━━━━━━━━        81.6% 416.00kB/509.91kB [9s] 
Writing at 0x000c51ff ━━━━━━━━━━━━━━━━━━━━━━━━━       84.7% 432.00kB/509.91kB [9s] 
Writing at 0x000cb16b ━━━━━━━━━━━━━━━━━━━━━━━━━━      87.9% 448.00kB/509.91kB [10s] 
Writing at 0x000d1911 ━━━━━━━━━━━━━━━━━━━━━━━━━━━     91.0% 464.00kB/509.91kB [10s] 
Writing at 0x000d8bfe ━━━━━━━━━━━━━━━━━━━━━━━━━━━━    94.1% 480.00kB/509.91kB [10s] 
Writing at 0x000df6e8 ━━━━━━━━━━━━━━━━━━━━━━━━━━━━━   97.3% 496.00kB/509.91kB [11s] 
Writing at 0x000e7900 ━━━━━━━━━━━━━━━━━━━━━━━━━━━━━━ 100.0% 509.91kB/509.91kB [11s] 
Wrote 882944 bytes (522146 compressed) at 0x00010000 in 11.7 seconds (603.7 kbit/s).
Verifying written data...
Hash of data verified.

Hard resetting via RTS pin...
INSTALL_FLASH=PASS
