/home/regex/work/esp32s31-openvela/backups/2026-09-10-scan-stress/idf170-flash-backup/before-a.bin: OK
/home/regex/work/esp32s31-openvela/backups/2026-09-10-scan-stress/idf170-flash-backup/before-b.bin: OK
COMMAND=/home/regex/.espressif/python_env/idf6.1_py3.10_env/bin/esptool --chip esp32s31 --port /dev/serial/by-id/usb-Silicon_Labs_CP2102N_USB_to_UART_Bridge_Controller_f65e4ef67f71f011975a049f1045c30f-if00-port0 --baud 460800 write-flash --flash-mode keep --flash-size keep --flash-freq keep 0x2000 /home/regex/work/esp32s31-openvela/backups/2026-09-10-scan-stress/idf170-flash-backup/transaction173/idf-0.bin 0x8000 /home/regex/work/esp32s31-openvela/backups/2026-09-10-scan-stress/idf170-flash-backup/transaction173/idf-1.bin 0x10000 /home/regex/work/esp32s31-openvela/backups/2026-09-10-scan-stress/idf170-flash-backup/transaction173/idf-2.bin
esptool v5.4.0
Serial port /dev/serial/by-id/usb-Silicon_Labs_CP2102N_USB_to_UART_Bridge_Controller_f65e4ef67f71f011975a049f1045c30f-if00-port0:
Connecting....
Connected to ESP32-S31 on /dev/serial/by-id/usb-Silicon_Labs_CP2102N_USB_to_UART_Bridge_Controller_f65e4ef67f71f011975a049f1045c30f-if00-port0:
Chip type:          ESP32-S31 (revision v0.0)
Features:           Wi-Fi 6, BT 5.4 (LE), IEEE802.15.4, Dual Core + LP Core, 300MHz
Crystal frequency:  40MHz
MAC:                30:ed:a0:f3:f7:b0

Uploading stub flasher...
Running stub flasher...
Stub flasher running.
Changing baud rate to 460800...
Changed.

Configuring flash size...

Writing '/home/regex/work/esp32s31-openvela/backups/2026-09-10-scan-stress/idf170-flash-backup/transaction173/idf-0.bin' at 0x00002000...
Flash will be erased from 0x00002000 to 0x00006fff...
Compressed 19376 bytes to 12649...
Writing at 0x00006bb0 ━━━━━━━━━━━━━━━━━━━━━━━━━━━━━━ 100.0% 12.35kB/12.35kB [0s] 
Wrote 19376 bytes (12649 compressed) at 0x00002000 in 0.4 seconds (397.4 kbit/s).
Verifying written data...
Hash of data verified.

Writing '/home/regex/work/esp32s31-openvela/backups/2026-09-10-scan-stress/idf170-flash-backup/transaction173/idf-1.bin' at 0x00008000...
Flash will be erased from 0x00008000 to 0x00008fff...
Compressed 3072 bytes to 69...
Writing at 0x00008c00 ━━━━━━━━━━━━━━━━━━━━━━━━━━━━━━ 100.0% 69B/69B [0s] 
Wrote 3072 bytes (69 compressed) at 0x00008000 in 0.0 seconds (2310.4 kbit/s).
Verifying written data...
Hash of data verified.

Writing '/home/regex/work/esp32s31-openvela/backups/2026-09-10-scan-stress/idf170-flash-backup/transaction173/idf-2.bin' at 0x00010000...
Flash will be erased from 0x00010000 to 0x000e7fff...
Compressed 883360 bytes to 522392...
Writing at 0x0001c6be ╸                                3.1% 16.00kB/510.15kB [0s] 
Writing at 0x00025330 ━╸                               6.3% 32.00kB/510.15kB [0s] 
Writing at 0x0002d18c ━━╸                              9.4% 48.00kB/510.15kB [1s] 
Writing at 0x0003390c ━━━╸                            12.5% 64.00kB/510.15kB [1s] 
Writing at 0x0003b0ac ━━━━╸                           15.7% 80.00kB/510.15kB [1s] 
Writing at 0x000420da ━━━━━╸                          18.8% 96.00kB/510.15kB [2s] 
Writing at 0x000496aa ━━━━━━╸                         22.0% 112.00kB/510.15kB [2s] 
Writing at 0x000500c6 ━━━━━━━╸                        25.1% 128.00kB/510.15kB [2s] 
Writing at 0x000572b6 ━━━━━━━━                        28.2% 144.00kB/510.15kB [3s] 
Writing at 0x0005e05e ━━━━━━━━━                       31.4% 160.00kB/510.15kB [3s] 
Writing at 0x00064acc ━━━━━━━━━━                      34.5% 176.00kB/510.15kB [3s] 
Writing at 0x0006a4d6 ━━━━━━━━━━━                     37.6% 192.00kB/510.15kB [4s] 
Writing at 0x000705ca ━━━━━━━━━━━━                    40.8% 208.00kB/510.15kB [4s] 
Writing at 0x000761a6 ━━━━━━━━━━━━━                   43.9% 224.00kB/510.15kB [4s] 
Writing at 0x0007c018 ━━━━━━━━━━━━━━                  47.0% 240.00kB/510.15kB [5s] 
Writing at 0x00081c6c ━━━━━━━━━━━━━━━                 50.2% 256.00kB/510.15kB [5s] 
Writing at 0x0008780c ━━━━━━━━━━━━━━━╸                53.3% 272.00kB/510.15kB [6s] 
Writing at 0x0008da58 ━━━━━━━━━━━━━━━━╸               56.5% 288.00kB/510.15kB [6s] 
Writing at 0x0009411e ━━━━━━━━━━━━━━━━━╸              59.6% 304.00kB/510.15kB [6s] 
Writing at 0x0009a36b ━━━━━━━━━━━━━━━━━━╸             62.7% 320.00kB/510.15kB [7s] 
Writing at 0x000a0280 ━━━━━━━━━━━━━━━━━━━╸            65.9% 336.00kB/510.15kB [7s] 
Writing at 0x000a618a ━━━━━━━━━━━━━━━━━━━━╸           69.0% 352.00kB/510.15kB [7s] 
Writing at 0x000abf9f ━━━━━━━━━━━━━━━━━━━━━╸          72.1% 368.00kB/510.15kB [8s] 
Writing at 0x000b2565 ━━━━━━━━━━━━━━━━━━━━━━╸         75.3% 384.00kB/510.15kB [8s] 
Writing at 0x000b8e60 ━━━━━━━━━━━━━━━━━━━━━━━╸        78.4% 400.00kB/510.15kB [8s] 
Writing at 0x000bf07e ━━━━━━━━━━━━━━━━━━━━━━━━        81.5% 416.00kB/510.15kB [9s] 
Writing at 0x000c521b ━━━━━━━━━━━━━━━━━━━━━━━━━       84.7% 432.00kB/510.15kB [9s] 
Writing at 0x000cb172 ━━━━━━━━━━━━━━━━━━━━━━━━━━      87.8% 448.00kB/510.15kB [10s] 
Writing at 0x000d1898 ━━━━━━━━━━━━━━━━━━━━━━━━━━━     91.0% 464.00kB/510.15kB [10s] 
Writing at 0x000d8bf6 ━━━━━━━━━━━━━━━━━━━━━━━━━━━━    94.1% 480.00kB/510.15kB [10s] 
Writing at 0x000df6aa ━━━━━━━━━━━━━━━━━━━━━━━━━━━━━   97.2% 496.00kB/510.15kB [11s] 
Writing at 0x000e7aa0 ━━━━━━━━━━━━━━━━━━━━━━━━━━━━━━ 100.0% 510.15kB/510.15kB [11s] 
Wrote 883360 bytes (522392 compressed) at 0x00010000 in 11.5 seconds (612.5 kbit/s).
Verifying written data...
Hash of data verified.

Hard resetting via RTS pin...
INSTALL_FLASH=PASS
