esptool v5.4.0
Serial port /dev/ttyUSB0:
Connecting....
Connected to ESP32-S31 on /dev/ttyUSB0:
Chip type:          ESP32-S31 (revision v0.0)
Features:           Wi-Fi 6, BT 5.4 (LE), IEEE802.15.4, Dual Core + LP Core, 300MHz
Crystal frequency:  40MHz
MAC:                30:ed:a0:f3:f7:b0

Uploading stub flasher...
Running stub flasher...
Stub flasher running.

Security Information:
=====================
Flags: 0x00000000 (0b0)
Key Purposes: (0, 0, 0, 0, 0, 20, 20)
  BLOCK_KEY0 - USER/EMPTY
  BLOCK_KEY1 - USER/EMPTY
  BLOCK_KEY2 - USER/EMPTY
  BLOCK_KEY3 - USER/EMPTY
  BLOCK_KEY4 - USER/EMPTY
Chip ID: 32
API Version: 0
Secure Boot: Disabled
Flash Encryption: Disabled
SPI Boot Crypt Count (SPI_BOOT_CRYPT_CNT): 0x0

Hard resetting via RTS pin...
