/home/regex/work/esp32s31-openvela/backups/2026-09-10-scan-stress/idf170-flash-backup/before-a.bin: OK
/home/regex/work/esp32s31-openvela/backups/2026-09-10-scan-stress/idf170-flash-backup/before-b.bin: OK
{
  "original_sha256": "d3486d22ec287c1aca5c0da1ba5728e46d11095e8c7b0b8bd2ec2fda3a7c1d44",
  "limit": 2097152,
  "images": [
    {
      "offset": 8192,
      "end": 28672,
      "idf": "idf-0.bin",
      "idf_sha256": "6cec23aa2f5835abf61a388e9f39edf048a2aecc82c92b14a34577a3a842428b",
      "restore": "openvela-0.bin",
      "restore_sha256": "ebf0b8f9ac6e4904c815133820e4cd349766c65bb0fedc66d0a78eb9d2710a13"
    },
    {
      "offset": 32768,
      "end": 36864,
      "idf": "idf-1.bin",
      "idf_sha256": "4e31205fa4c5ba45b6bde8fd483490fe1a706b318f93d53b7e4698cd8407dda3",
      "restore": "openvela-1.bin",
      "restore_sha256": "8d052abfd6d30ba4301dffe7cc2f1315b2699c1cfe0bb2628a394c0ac0eac60b"
    },
    {
      "offset": 65536,
      "end": 950272,
      "idf": "idf-2.bin",
      "idf_sha256": "e11a55fd4ffd3abf666e8a6b381717d8a53e49f1ac1a4e092cca99d8ec801e16",
      "restore": "openvela-2.bin",
      "restore_sha256": "2d121104d383aacc4bc1969174976c8e3ef884b94197cb5734da4d01b0b720a9"
    }
  ]
}
FLASH_PLAN=PASS; no device writes performed
