/tmp/s31-flash-safety-uthqmryh/before-a.bin: OK
/tmp/s31-flash-safety-uthqmryh/before-b.bin: OK
/tmp/s31-flash-safety-uthqmryh/before-a.bin: OK
/tmp/s31-flash-safety-uthqmryh/before-b.bin: OK
./tmp/s31-flash-safety-5_u2fxn1/before-a.bin: OK
/tmp/s31-flash-safety-5_u2fxn1/before-b.bin: OK
/tmp/s31-flash-safety-5_u2fxn1/before-a.bin: OK
/tmp/s31-flash-safety-5_u2fxn1/before-b.bin: OK
./tmp/s31-flash-safety-8bbdqu9w/before-a.bin: OK
/tmp/s31-flash-safety-8bbdqu9w/before-b.bin: OK
./tmp/s31-flash-safety-muef933_/before-a.bin: OK
/tmp/s31-flash-safety-muef933_/before-b.bin: OK
/tmp/s31-flash-safety-muef933_/before-a.bin: OK
/tmp/s31-flash-safety-muef933_/before-b.bin: OK
./tmp/s31-flash-safety-26ckf8wy/before-a.bin: OK
/tmp/s31-flash-safety-26ckf8wy/before-b.bin: OK
/tmp/s31-flash-safety-26ckf8wy/before-a.bin: OK
/tmp/s31-flash-safety-26ckf8wy/before-b.bin: OK
RESTORE_FLASH=PASS
RESTORE_FULL_5MIB_COMPARE=PASS sha256=97c7107777f8faa2c897d476ed4f81ee74a7795e22487c91ca98473c14f1636d
./tmp/s31-flash-safety-kqhs5spp/before-a.bin: OK
/tmp/s31-flash-safety-kqhs5spp/before-b.bin: OK
/tmp/s31-flash-safety-kqhs5spp/before-a.bin: OK
/tmp/s31-flash-safety-kqhs5spp/before-b.bin: OK
RESTORE_FLASH=PASS
./tmp/s31-flash-safety-46rup0s7/before-a.bin: OK
/tmp/s31-flash-safety-46rup0s7/before-b.bin: OK
/tmp/s31-flash-safety-46rup0s7/before-a.bin: OK
/tmp/s31-flash-safety-46rup0s7/before-b.bin: OK
INSTALL_FLASH=PASS
.
----------------------------------------------------------------------
Ran 7 tests in 0.441s

OK
