/tmp/s31-flash-safety-itdwllcn/before-a.bin: OK
/tmp/s31-flash-safety-itdwllcn/before-b.bin: OK
/tmp/s31-flash-safety-itdwllcn/before-a.bin: OK
/tmp/s31-flash-safety-itdwllcn/before-b.bin: OK
./tmp/s31-flash-safety-e7e_3nlr/before-a.bin: OK
/tmp/s31-flash-safety-e7e_3nlr/before-b.bin: OK
/tmp/s31-flash-safety-e7e_3nlr/before-a.bin: OK
/tmp/s31-flash-safety-e7e_3nlr/before-b.bin: OK
./tmp/s31-flash-safety-cbrfa9l9/before-a.bin: OK
/tmp/s31-flash-safety-cbrfa9l9/before-b.bin: OK
./tmp/s31-flash-safety-9pneq2kf/before-a.bin: OK
/tmp/s31-flash-safety-9pneq2kf/before-b.bin: OK
/tmp/s31-flash-safety-9pneq2kf/before-a.bin: OK
/tmp/s31-flash-safety-9pneq2kf/before-b.bin: OK
./tmp/s31-flash-safety-0if4jboi/before-a.bin: OK
/tmp/s31-flash-safety-0if4jboi/before-b.bin: OK
/tmp/s31-flash-safety-0if4jboi/before-a.bin: OK
/tmp/s31-flash-safety-0if4jboi/before-b.bin: OK
RESTORE_FLASH=PASS
RESTORE_FULL_5MIB_COMPARE=PASS sha256=97c7107777f8faa2c897d476ed4f81ee74a7795e22487c91ca98473c14f1636d
./tmp/s31-flash-safety-r3479pvz/before-a.bin: OK
/tmp/s31-flash-safety-r3479pvz/before-b.bin: OK
/tmp/s31-flash-safety-r3479pvz/before-a.bin: OK
/tmp/s31-flash-safety-r3479pvz/before-b.bin: OK
RESTORE_FLASH=PASS
./tmp/s31-flash-safety-omjoda5u/before-a.bin: OK
/tmp/s31-flash-safety-omjoda5u/before-b.bin: OK
/tmp/s31-flash-safety-omjoda5u/before-a.bin: OK
/tmp/s31-flash-safety-omjoda5u/before-b.bin: OK
INSTALL_FLASH=PASS
.
----------------------------------------------------------------------
Ran 7 tests in 0.437s

OK
