ESP-ROM:esp32s31-20251218
Build:Dec 18 2025
rst:0x1 (POWERON),boot:0x7f (SPI_FAST_FLASH_BOOT)
SPI mode:DIO, clock div:1
load:0x2e000000,len:0x18
load:0x2f000000,len:0x14158
entry 0x2f010560
*** Booting NuttX ***
rtc: lma 0x00002020 vma 0x2e000000 len 0x18     (24)
dram: lma 0x00002040 vma 0x2f000000 len 0x14158  (82264)
padd: lma 0x000161c8 vma 0x00000000 len 0x9e50   (40528)
imap: lma 0x00020020 vma 0x400c0020 len 0x19f14  (106260)
padd: lma 0x00039f3c vma 0x00000000 len 0x61bc   (25020)
imap: lma 0x00040100 vma 0x40000100 len 0xb6128  (745768)
total segments stored 6
ABC[CPU0] CPU1 SMP online: ipi0=0 timer1=0
[CPU1] AppFS header: 2d726f6d3166732d
[CPU1] AppFS MTD boundary checks: PASS
[CPU1] AppFS writable LittleFS: offset=0x500000 size=0x700000
[CPU1] Initializing Wi-Fi station
[CPU0] E1 Wi-Fi station netdev ready
[CPU0] set_intr_wrapper: S31 IRQ route: cpu=0 source=122 vector=1 priority=1
[CPU0] set_intr_wrapper: S31 IRQ route: cpu=0 source=120 vector=1 priority=1
[CPU0] enable_intr_wrapper: S31 IRQ enable: mask=00000002 vector=1 irq=137
[CPU0] esp_wifi_sta_start: S31 frame statistics enable: rx=0 tx=0

NuttShell (NSH)
nsh> [K
RMT_BOOT=PASS seconds=0.652
--- CMD: ls /dev/leds0 ---
ls /dev/leds0
 /dev/leds0
nsh> [K
nsh> [K
--- CMD: s31led 10 ---
s31led 10
S31_LED=PASS frames=40 brightness=8 final=off optical=unverified
nsh> [K
nsh> [K
--- CMD: sleep 2 ---
sleep 2
nsh> [K
nsh> [K
--- CMD: cat /dev/s31stat ---
cat /dev/s31stat
MONIRQ: cpu=0 defer=1622 replay=1622 ack=1826 drop=0 pending=0x0 sreplay=1
MONLAT: cpu=0 input=1 last=0 max=0 samples=0 over32=0 over100=0 over1000=0 sum=0
MONIRQ: cpu=1 defer=3462 replay=3462 ack=3463 drop=0 pending=0x0 sreplay=1
MONLAT: cpu=1 input=1 last=0 max=0 samples=0 over32=0 over100=0 over1000=0 sum=0
ADDRENV: created=2 fail=0 destroyed=1 live=1 livemax=2 pages=138 pgt=4
WAIT: pid=2 object=0x2f011194
LPTRACE: 0x40024860
WAIT: pid=4 object=0x2f0111ec
nsh> [K
nsh> [K
S31_LED_SMOKE=PASS optical=unverified
