--- CMD: uname -a ---
uname -a
NuttX  0.0.0 428252a08db-dirty Sep 14 2026 18:31:32 risc-v esp32s31-core-function-board
nsh> [K
nsh> [K
--- CMD: ls /dev/leds0 ---
ls /dev/leds0
 /dev/leds0
nsh> [K
nsh> [K
--- CMD: s31led 10 ---
s31led 10
S31_LED=PASS frames=40 brightness=8 final=off optical=unverified
nsh> [K
nsh> [K
--- CMD: sleep 2 ---
sleep 2
nsh> [K
nsh> [K
--- CMD: cat /dev/s31stat ---
cat /dev/s31stat
MONIRQ: cpu=0 defer=11890 replay=11890 ack=12102 drop=0 pending=0x0 sreplay=1
MONLAT: scope=monitor_to_wifi_cb units=cycles cpu=0 input=1 last=0 max=0 samples=0 over32=0 over100=0 over1000=0 sum=0 direct=0 directmax=0 deferred=0 deferredmax=0
MONIRQ: cpu=1 defer=3689 replay=3689 ack=3690 drop=0 pending=0x0 sreplay=1
MONLAT: scope=monitor_to_wifi_cb units=cycles cpu=1 input=1 last=0 max=0 samples=0 over32=0 over100=0 over1000=0 sum=0 direct=0 directmax=0 deferred=0 deferredmax=0
ADDRENV: created=2 fail=0 destroyed=1 live=1 livemax=2 pages=138 pgt=4
TCPSYNACK: seen=0 queued=0 nomem=0 error=0 badip=0 badtcp=0
TXDONE: total=0 fail=0 invalid=0 nonarp=0
TXSHAPE: snap=0 arp=0 arpfail=0 offset=0 len=0
ARPDIAG: dir=0 frames=0 bad=0 req=0 reply=0 peer=0 peerreply=0 lastlen=0 srcdiff=0 ok=0 drop=0
ARPDIAG: dir=1 frames=0 bad=0 req=0 reply=0 peer=0 peerreply=0 lastlen=0 srcdiff=0 ok=0 drop=0
ARPDIAG: dir=2 frames=0 bad=0 req=0 reply=0 peer=0 peerreply=0 lastlen=0 srcdiff=0 ok=0 drop=0
WAIT: pid=2 object=0x2f010f94
LPTRACE: 0x40024a54
WAIT: pid=4 object=0x2f010fec
nsh> [K
nsh> [K
S31_LED_SMOKE=PASS optical=unverified
