--- CMD: ps ---
ps
  PID GROUP CPU(AFFINITY)   PRI POLICY   TYPE    NPX STATE    EVENT     SIGMASK            STACK COMMAND
    0     0 000(0x00000003)   0 FIFO     Kthread   - Assigned           0000000000000000 0003024 CPU0 IDLE
    1     0 001(0x00000003)   0 FIFO     Kthread   - Running            0000000000000000 0003024 CPU1 IDLE
    2     0 ---(0x00000003) 100 RR       Kthread   - Waiting  Semaphore 0000000000000000 0001952 lpwork 0x2f018bc0 0x2f018c0c
    4     0 ---(0x00000003) 223 RR       Kthread   - Waiting  Semaphore 0000000000000000 0001968 hr_timer
    5     0 ---(0x00000001) 124 RR       Kthread   - Waiting  Semaphore 0000000000000000 0004016 ble_ctrl
    6     0 ---(0x00000001) 253 RR       Kthread   - Waiting  MQ empty  0000000000000000 0003520 wifi
    7     7 000(0x00000003) 101 RR       Task      - Running            0000000000000000 0004016 /system/bin/init
nsh> [K
nsh> [K
--- CMD: ifconfig ---
ifconfig
wlan0	Link encap:Ethernet HWaddr 30:ed:a0:f3:f7:b0 at RUNNING mtu 1500
	inet addr:192.168.1.60 DRaddr:192.168.1.1 Mask:255.255.255.0

	RX: Received Fragment Errors   Bytes   
	    00005b1d 00000000 00000000 6ee249          
	    IPv4     ARP      Dropped 
	    00000000 00000000 00000000
	TX: Queued   Sent     Errors   Timeouts Bytes   
	    000201a6 000201a8 00000000 00000000 a6a8505          
	Total Errors: 00000000

             IPv4   TCP   UDP  ICMP
Received     55ec  44c6  10b0  006e
Dropped      0008  0000  0000  0000
  IPv4        VHL: 0000   Frg: 0000
  Checksum   0000  0000  0000  0000
  TCP         ACK: 0000   SYN: 0000
              RST: 0000  0000
              HDR: 0000
  Type       0000  ----  ----  0000
Sent         f438  e59f  0e2b  006e
  Rexmit     ----  0005  ----  ----
nsh> [K
nsh> [K
--- CMD: iperf2 -s -p 5001 -i 1 > /tmp/r1638 & ---
iperf2 -s -p 5001 -i 1 > /tmp/r1638 &
iperf2 [41:101]
nsh> [K
nsh> [K
--- CMD: cat /tmp/r1638 ---
cat /tmp/r1638
------------------------------------------------------------
Server listening on TCP port 5001
TCP window size: -1.00 Byte (WARNING: requested 16.0 KByte)
------------------------------------------------------------
nsh> [K
nsh> [K
--- CMD: ps ---
ps
  PID GROUP CPU(AFFINITY)   PRI POLICY   TYPE    NPX STATE    EVENT     SIGMASK            STACK COMMAND
    0     0 000(0x00000003)   0 FIFO     Kthread   - Assigned           0000000000000000 0003024 CPU0 IDLE
    1     0 001(0x00000003)   0 FIFO     Kthread   - Assigned           0000000000000000 0003024 CPU1 IDLE
    2     0 ---(0x00000003) 100 RR       Kthread   - Waiting  Semaphore 0000000000000000 0001952 lpwork 0x2f018bc0 0x2f018c0c
    4     0 ---(0x00000003) 223 RR       Kthread   - Waiting  Semaphore 0000000000000000 0001968 hr_timer
    5     0 ---(0x00000001) 124 RR       Kthread   - Waiting  Semaphore 0000000000000000 0004016 ble_ctrl
    6     0 ---(0x00000001) 253 RR       Kthread   - Waiting  MQ empty  0000000000000000 0003520 wifi
    7     7 001(0x00000003) 101 RR       Task      - Running            0000000000000000 0004016 /system/bin/init
   41    41 ---(0x00000003) 100 RR       Task      - Waiting  Semaphore 0000000000000000 0008080 iperf2 -s -p 5001 -i 1
   42    41 ---(0x00000003) 101 RR       pthread   - Waiting  Semaphore 0000000000000000 0008144 iperf2 0x6100d684 0x618007f0
   43    41 ---(0x00000003) 100 RR       pthread   - Waiting  Semaphore 0000000000000000 0008144 iperf2 0x6100d684 0x61800550
nsh> [K
nsh> [K
--- CMD: kill -15 41 ---
kill -15 41
nsh> [K
nsh> [K
--- CMD: ps ---
ps
  PID GROUP CPU(AFFINITY)   PRI POLICY   TYPE    NPX STATE    EVENT     SIGMASK            STACK COMMAND
    0     0 000(0x00000003)   0 FIFO     Kthread   - Assigned           0000000000000000 0003024 CPU0 IDLE
    1     0 001(0x00000003)   0 FIFO     Kthread   - Assigned           0000000000000000 0003024 CPU1 IDLE
    2     0 ---(0x00000003) 100 RR       Kthread   - Waiting  Semaphore 0000000000000000 0001952 lpwork 0x2f018bc0 0x2f018c0c
    4     0 ---(0x00000003) 223 RR       Kthread   - Waiting  Semaphore 0000000000000000 0001968 hr_timer
    5     0 ---(0x00000001) 124 RR       Kthread   - Waiting  Semaphore 0000000000000000 0004016 ble_ctrl
    6     0 ---(0x00000001) 253 RR       Kthread   - Waiting  MQ empty  0000000000000000 0003520 wifi
    7     7 000(0x00000003) 101 RR       Task      - Running            0000000000000000 0004016 /system/bin/init
   41    41 ---(0x00000003) 100 RR       Task      - Waiting  Semaphore 0000000000000000 0008080 iperf2 -s -p 5001 -i 1
   42    41 ---(0x00000003) 101 RR       pthread   - Waiting  Semaphore 0000000000000000 0008144 iperf2 0x6100d684 0x618007f0
   43    41 ---(0x00000003) 100 RR       pthread   - Waiting  Semaphore 0000000000000000 0008144 iperf2 0x6100d684 0x61800550
nsh> [K
nsh> [K[CPU0] inet_accept: ERROR: psock_tcp_accept failed: -4
[CPU0] psock_accept: ERROR: si_accept failed: -4
--- CMD: ps ---
ps
  PID GROUP CPU(AFFINITY)   PRI POLICY   TYPE    NPX STATE    EVENT     SIGMASK            STACK COMMAND
    0     0 000(0x00000003)   0 FIFO     Kthread   - Assigned           0000000000000000 0003024 CPU0 IDLE
    1     0 001(0x00000003)   0 FIFO     Kthread   - Running            0000000000000000 0003024 CPU1 IDLE
    2     0 ---(0x00000003) 100 RR       Kthread   - Waiting  Semaphore 0000000000000000 0001952 lpwork 0x2f018bc0 0x2f018c0c
    4     0 ---(0x00000003) 223 RR       Kthread   - Waiting  Semaphore 0000000000000000 0001968 hr_timer
    5     0 ---(0x00000001) 124 RR       Kthread   - Waiting  Semaphore 0000000000000000 0004016 ble_ctrl
    6     0 ---(0x00000001) 253 RR       Kthread   - Waiting  MQ empty  0000000000000000 0003520 wifi
    7     7 000(0x00000003) 101 RR       Task      - Running            0000000000000000 0004016 /system/bin/init
nsh> [K
nsh> [K
--- CMD: cat /tmp/r1638 ---
cat /tmp/r1638
------------------------------------------------------------
Server listening on TCP port 5001
TCP window size: -1.00 Byte (WARNING: requested 16.0 KByte)
------------------------------------------------------------
nsh> [K
nsh> [K
--- CMD: ifconfig ---
ifconfig
wlan0	Link encap:Ethernet HWaddr 30:ed:a0:f3:f7:b0 at RUNNING mtu 1500
	inet addr:192.168.1.60 DRaddr:192.168.1.1 Mask:255.255.255.0

	RX: Received Fragment Errors   Bytes   
	    00005d76 00000000 00000000 7c6a8d          
	    IPv4     ARP      Dropped 
	    00000000 00000000 00000000
	TX: Queued   Sent     Errors   Timeouts Bytes   
	    000203f3 000203f4 00000000 00000000 a6fcc0f          
	Total Errors: 00000000

             IPv4   TCP   UDP  ICMP
Received     5836  44c6  12fa  006e
Dropped      0008  0000  0000  0000
  IPv4        VHL: 0000   Frg: 0000
  Checksum   0000  0000  0000  0000
  TCP         ACK: 0000   SYN: 0000
              RST: 0000  0000
              HDR: 0000
  Type       0000  ----  ----  0000
Sent         f438  e59f  0e2b  006e
  Rexmit     ----  0005  ----  ----
nsh> [K
nsh> [K
--- CMD: cat /proc/iobinfo ---
cat /proc/iobinfo
    ntotal     nfree     nwait nthrottle
        96        96         0        72
nsh> [K
nsh> [K
INCOMPLETE
