ESP-ROM:esp32s31-20251218
Build:Dec 18 2025
rst:0x1 (POWERON),boot:0x7f (SPI_FAST_FLASH_BOOT)
SPI mode:DIO, clock div:1
load:0x2e000000,len:0x18
load:0x2f000000,len:0xee8c
load:0x2f00ef00,len:0x368c
entry 0x2f00ea54
*** Booting NuttX ***
rtc: lma 0x00002020 vma 0x2e000000 len 0x18     (24)
dram: lma 0x00002040 vma 0x2f000000 len 0xee8c   (61068)
dram: lma 0x00010ed4 vma 0x2f00ef00 len 0x368c   (13964)
padd: lma 0x00014598 vma 0x00000000 len 0xba80   (47744)
imap: lma 0x00020020 vma 0x400c0020 len 0x19204  (102916)
padd: lma 0x0003922c vma 0x00000000 len 0x6ecc   (28364)
imap: lma 0x00040100 vma 0x40000100 len 0xb1480  (726144)
total segments stored 7
ABC[CPU0] CPU1 SMP online: ipi0=0 timer1=0
[CPU0] AppFS header: 2d726f6d3166732d
[CPU0] AppFS MTD boundary checks: PASS
[CPU0] AppFS writable LittleFS: offset=0x500000 size=0x700000
[CPU0] Initializing Wi-Fi station
[CPU0] E1 Wi-Fi station netdev ready
[CPU0] set_intr_wrapper: S31 IRQ route: cpu=0 source=122 vector=1 priority=1
[CPU0] set_intr_wrapper: S31 IRQ route: cpu=0 source=120 vector=1 priority=1
[CPU0] enable_intr_wrapper: S31 IRQ enable: mask=00000002 vector=1 irq=137

NuttShell (NSH)
nsh> [K
NETWORK_BOOT=PASS seconds=0.585
--- CMD: ifup wlan0 ---
ifup wlan0
ifup wlan0...OK
nsh> [K
nsh> [K
--- CMD: wapi scan wlan0 ---
wapi scan wlan0
[CPU0] esp_wifi_start_scan: S31 scan request: type=0 channel=0 country_ret=0 first=1 count=11
[CPU0] esp_event_post_wrapper: S31 scan event: status=0 aps=11 id=128
[CPU0] esp_event_post_wrapper: S31 Wi-Fi ISR calls: cpu0=42 cpu1=0
[CPU0] esp_wifi_scan_event_parse: S31 scan count: ret=0 aps=11
bssid / frequency / signal level / encode / ssid
c0:a4:76:8e:95:9b	2462	-87	0800	@Ruijie-s9599
c2:a4:76:28:e1:eb	2437	-82	0800	@Ruijie-s9599_iot
50:78:b3:a3:c4:f4	2412	-81	0800	CU-C4F4
7c:39:85:2a:50:04	2462	-80	0800	<redacted>
24:69:68:38:77:70	2412	-80	0800	wlj
94:bf:80:7e:6f:c9	2422	-76	0800	CU_rfNY
a4:ba:70:3a:61:31	2412	-76	0800	CU-C4F4_plus
60:ce:41:46:0e:ec	2437	-73	0800	<redacted>
bc:54:fc:36:e1:c2	2462	-72	0800	MERCURY_E1C2
60:ce:41:ab:02:d0	2462	-66	0800	<redacted>
60:ce:41:ab:02:d2	2462	-63	0800	STB_T4Zp
nsh> [K
nsh> [K
SCAN_SECONDS=2.646
SCAN_IOCTL=PASS
--- CMD: wapi pscan wlan0 ---
wapi pscan wlan0
[CPU0] esp_wifi_start_scan: S31 scan request: type=1 channel=0 country_ret=0 first=1 count=11
[CPU0] esp_event_post_wrapper: S31 scan event: status=0 aps=18 id=129
[CPU0] esp_event_post_wrapper: S31 Wi-Fi ISR calls: cpu0=91 cpu1=0
[CPU0] esp_wifi_scan_event_parse: S31 scan count: ret=0 aps=18
bssid / frequency / signal level / encode / ssid
24:5a:5f:78:74:42	2462	-88	0800	falcom219
24:5a:5f:8b:30:90	2462	-86	0800	TP-LINK_3090
f4:2a:7d:53:3f:88	2462	-86	0800	TP-LINK_901
24:4b:fe:71:52:f0	2457	-86	0800	Asus-ax68u
b4:7c:a6:58:15:fe	2432	-85	0800	Home-Wireless
c0:a4:76:e8:e1:eb	2437	-84	0800	@Ruijie-s9599
08:f4:58:ab:bf:e8	2437	-84	0800	HDMRC
c4:16:c8:5a:e5:6c	2462	-83	0800	HUAWEI-J
ca:33:e5:05:fe:88	2432	-83	0800	阳光
30:99:35:5e:4f:63	2432	-82	0800	CU_nhbU
50:78:b3:a3:c4:f4	2412	-81	0800	CU-C4F4
a4:ba:70:3a:61:31	2412	-78	0800	CU-C4F4_plus
94:bf:80:7e:6f:c9	2422	-77	0800	CU_rfNY
60:ce:41:46:0e:ec	2437	-76	0800	<redacted>
bc:54:fc:36:e1:c2	2462	-72	0800	MERCURY_E1C2
7c:39:85:2a:50:04	2462	-67	0800	<redacted>
60:ce:41:ab:02:d0	2462	-65	0800	<redacted>
60:ce:41:ab:02:d2	2462	-63	0800	STB_T4Zp
nsh> [K
nsh> [K
PSCAN_SECONDS=5.320
PSCAN_IOCTL=PASS
--- CMD: wapi psk wlan0 <redacted> 3 2 ---
wapi psk wlan0 <redacted> 3 2
nsh> [K
nsh> [K
--- CMD: wapi essid wlan0 <redacted> 1 ---
wapi essid wlan0 <redacted> 1
nsh> [K
nsh> [K
--- CMD: sleep 2 ---
sleep 2
nsh> [K
nsh> [K
--- CMD: ps ---
ps
  PID GROUP CPU(AFFINITY)   PRI POLICY   TYPE    NPX STATE    EVENT     SIGMASK            STACK COMMAND
    0     0 000(0x00000003)   0 FIFO     Kthread   - Assigned           0000000000000000 0003024 CPU0 IDLE
    1     0 001(0x00000003)   0 FIFO     Kthread   - Running            0000000000000000 0003024 CPU1 IDLE
    2     0 ---(0x00000003) 100 RR       Kthread   - Waiting  Semaphore 0000000000000000 0001952 lpwork 0x2f00f680 0x2f00f6cc
    4     0 ---(0x00000003) 223 RR       Kthread   - Waiting  Semaphore 0000000000000000 0001968 hr_timer
    5     0 ---(0x00000001) 253 RR       Kthread   - Waiting  MQ empty  0000000000000000 0003520 wifi
    6     6 000(0x00000003) 101 RR       Task      - Running            0000000000000000 0004016 /system/bin/init
nsh> [K
nsh> [K
--- CMD: cat /dev/s31stat ---
cat /dev/s31stat
MONIRQ: cpu=0 defer=1742 replay=1742 ack=1992 drop=0 pending=0x0 sreplay=2
MONIRQ: cpu=1 defer=6286 replay=6286 ack=8950 drop=0 pending=0x0 sreplay=1
ADDRENV: created=5 fail=0 destroyed=4 live=1 livemax=2 pages=604 pgt=16
nsh> [K
nsh> [K
--- CMD: ifconfig wlan0 0.0.0.0 & ---
ifconfig wlan0 0.0.0.0 &
sh [11:101]
nsh> [K
nsh> [K
--- CMD: sleep 3 ---
sleep 3
nsh> [K
nsh> [K
--- CMD: ps ---
ps
  PID GROUP CPU(AFFINITY)   PRI POLICY   TYPE    NPX STATE    EVENT     SIGMASK            STACK COMMAND
    0     0 000(0x00000003)   0 FIFO     Kthread   - Assigned           0000000000000000 0003024 CPU0 IDLE
    1     0 001(0x00000003)   0 FIFO     Kthread   - Running            0000000000000000 0003024 CPU1 IDLE
    2     0 ---(0x00000003) 100 RR       Kthread   - Waiting  Semaphore 0000000000000000 0001952 lpwork 0x2f00f680 0x2f00f6cc
    4     0 ---(0x00000003) 223 RR       Kthread   - Waiting  Semaphore 0000000000000000 0001968 hr_timer
    5     0 ---(0x00000001) 253 RR       Kthread   - Waiting  MQ empty  0000000000000000 0003520 wifi
    6     6 000(0x00000003) 101 RR       Task      - Running            0000000000000000 0004016 /system/bin/init
   11    11 ---(0x00000003) 100 RR       Task      - Waiting  Semaphore 0000000000000000 0001952 sh -c ifconfig
nsh> [K
nsh> [K
--- CMD: cat /proc/2/stack ---
cat /proc/2/stack
StackAlloc: 0x2f02c000
StackBase:  0x2f02c060
StackSize:  1952
nsh> [K
nsh> [K
--- CMD: cat /proc/2/status ---
cat /proc/2/status
Name:       lpwork
Type:       Kthread
Group:      0
CPU:        ---(0x00000003)
State:      Waiting,Semaphore
Flags:      -
Priority:   100
Scheduler:  SCHED_RR
SigMask:    0000000000000000
nsh> [K
nsh> [K
--- CMD: cat /proc/5/stack ---
cat /proc/5/stack
StackAlloc: 0x2f034000
StackBase:  0x2f034040
StackSize:  3520
nsh> [K
nsh> [K
--- CMD: cat /proc/5/status ---
cat /proc/5/status
Name:       wifi
Type:       Kthread
Group:      0
CPU:        ---(0x00000001)
State:      Waiting,MQ empty
Flags:      -
Priority:   253
Scheduler:  SCHED_RR
SigMask:    0000000000000000
nsh> [K
nsh> [K
--- CMD: cat /proc/11/stack ---
cat /proc/11/stack
StackAlloc: 0x61802000
StackBase:  0x61802060
StackSize:  1952
nsh> [K
nsh> [K
--- CMD: cat /proc/11/status ---
cat /proc/11/status
Name:       sh
Type:       Task
Group:      11
CPU:        ---(0x00000003)
State:      Waiting,Semaphore
Flags:      -
Priority:   100
Scheduler:  SCHED_RR
SigMask:    0000000000000000
nsh> [K
nsh> [K
BACKGROUND_IP_DIAGNOSTIC=COMPLETE; not a networking pass
ESP-ROM:esp32s31-20251218
Build:Dec 18 2025
rst:0x1 (POWERON),boot:0x7f (SPI_FAST_FLASH_BOOT)
SPI mode:DIO, clock div:1
load:0x2e000000,len:0x18
load:0x2f000000,len:0xee8c
load:0x2f00ef00,len:0x368c
entry 0x2f00ea54
*** Booting NuttX ***
rtc: lma 0x00002020 vma 0x2e000000 len 0x18     (24)
dram: lma 0x00002040 vma 0x2f000000 len 0xee8c   (61068)
dram: lma 0x00010ed4 vma 0x2f00ef00 len 0x368c   (13964)
padd: lma 0x00014598 vma 0x00000000 len 0xba80   (47744)
imap: lma 0x00020020 vma 0x400c0020 len 0x19204  (102916)
padd: lma 0x0003922c vma 0x00000000 len 0x6ecc   (28364)
imap: lma 0x00040100 vma 0x40000100 len 0xb1480  (726144)
total segments stored 7
ABC[CPU0] CPU1 SMP online: ipi0=0 timer1=0
[CPU0] AppFS header: 2d726f6d3166732d
[CPU0] AppFS MTD boundary checks: PASS
[CPU0] AppFS writable LittleFS: offset=0x500000 size=0x700000
[CPU0] Initializing Wi-Fi station
[CPU0] E1 Wi-Fi station netdev ready
[CPU0] set_intr_wrapper: S31 IRQ route: cpu=0 source=122 vector=1 priority=1
[CPU0] set_intr_wrapper: S31 IRQ route: cpu=0 source=120 vector=1 priority=1
[CPU0] enable_intr_wrapper: S31 IRQ enable: mask=00000002 vector=1 irq=137

NuttShell (NSH)
nsh> [K
NETWORK_CLEANUP_BOOT=PASS seconds=0.586
--- CMD: ifdown wlan0 ---
ifdown wlan0
[CPU0] disable_intr_wrapper: S31 IRQ disable: mask=00000002 vector=1 irq=137
ifdown wlan0...OK
nsh> [K
nsh> [K
