--- CMD: ifconfig ---
ifconfig
wlan0	Link encap:Ethernet HWaddr 30:ed:a0:f3:f7:b0 at RUNNING mtu 1500
	inet addr:192.168.1.60 DRaddr:192.168.1.1 Mask:255.255.255.0

nsh> [K
nsh> [K
--- CMD: wapi scan wlan0 Kal\'tsit ---
wapi scan wlan0 Kal\'tsit
[CPU0] esp_wifi_start_scan: S31 scan request: type=0 channel=0 country_ret=0 first=1 count=11
[CPU0] esp_event_post_wrapper: S31 scan event: status=0 aps=3 id=128
[CPU0] esp_event_post_wrapper: S31 Wi-Fi ISR calls: cpu0=3861 cpu1=0
[CPU0] esp_wifi_scan_event_parse: S31 scan count: ret=0 aps=3
bssid / frequency / signal level / encode / ssid
60:ce:41:46:0e:ec	2412	-76	0800	Kal'tsit
7c:39:85:2a:50:04	2462	-69	0800	Kal'tsit
60:ce:41:ab:02:d0	2462	-69	0800	Kal'tsit
nsh> [K
nsh> [K
ASSOCIATED_SCAN_ROUND=1 PASS
--- CMD: wapi scan wlan0 Kal\'tsit ---
wapi scan wlan0 Kal\'tsit
[CPU0] esp_wifi_start_scan: S31 scan request: type=0 channel=0 country_ret=0 first=1 count=11
[CPU0] esp_event_post_wrapper: S31 scan event: status=0 aps=3 id=129
[CPU0] esp_event_post_wrapper: S31 Wi-Fi ISR calls: cpu0=4048 cpu1=0
[CPU0] esp_wifi_scan_event_parse: S31 scan count: ret=0 aps=3
bssid / frequency / signal level / encode / ssid
60:ce:41:ab:02:d0	2462	-76	0800	Kal'tsit
60:ce:41:46:0e:ec	2412	-76	0800	Kal'tsit
7c:39:85:2a:50:04	2462	-67	0800	Kal'tsit
nsh> [K
nsh> [K
ASSOCIATED_SCAN_ROUND=2 PASS
--- CMD: wapi scan wlan0 Kal\'tsit ---
wapi scan wlan0 Kal\'tsit
[CPU0] esp_wifi_start_scan: S31 scan request: type=0 channel=0 country_ret=0 first=1 count=11
[CPU0] esp_event_post_wrapper: S31 scan event: status=0 aps=3 id=130
[CPU0] esp_event_post_wrapper: S31 Wi-Fi ISR calls: cpu0=4256 cpu1=0
[CPU0] esp_wifi_scan_event_parse: S31 scan count: ret=0 aps=3
bssid / frequency / signal level / encode / ssid
60:ce:41:46:0e:ec	2412	-75	0800	Kal'tsit
60:ce:41:ab:02:d0	2462	-71	0800	Kal'tsit
7c:39:85:2a:50:04	2462	-69	0800	Kal'tsit
nsh> [K
nsh> [K
ASSOCIATED_SCAN_ROUND=3 PASS
--- CMD: wapi scan wlan0 Kal\'tsit ---
wapi scan wlan0 Kal\'tsit
[CPU0] esp_wifi_start_scan: S31 scan request: type=0 channel=0 country_ret=0 first=1 count=11
[CPU0] esp_event_post_wrapper: S31 scan event: status=0 aps=3 id=131
[CPU0] esp_event_post_wrapper: S31 Wi-Fi ISR calls: cpu0=4425 cpu1=0
[CPU0] esp_wifi_scan_event_parse: S31 scan count: ret=0 aps=3
bssid / frequency / signal level / encode / ssid
60:ce:41:46:0e:ec	2412	-75	0800	Kal'tsit
60:ce:41:ab:02:d0	2462	-70	0800	Kal'tsit
7c:39:85:2a:50:04	2462	-69	0800	Kal'tsit
nsh> [K
nsh> [K
ASSOCIATED_SCAN_ROUND=4 PASS
--- CMD: wapi scan wlan0 Kal\'tsit ---
wapi scan wlan0 Kal\'tsit
[CPU0] esp_wifi_start_scan: S31 scan request: type=0 channel=0 country_ret=0 first=1 count=11
[CPU0] esp_event_post_wrapper: S31 scan event: status=0 aps=3 id=132
[CPU0] esp_event_post_wrapper: S31 Wi-Fi ISR calls: cpu0=4592 cpu1=0
[CPU0] esp_wifi_scan_event_parse: S31 scan count: ret=0 aps=3
bssid / frequency / signal level / encode / ssid
60:ce:41:ab:02:d0	2462	-77	0800	Kal'tsit
60:ce:41:46:0e:ec	2412	-76	0800	Kal'tsit
7c:39:85:2a:50:04	2462	-69	0800	Kal'tsit
nsh> [K
nsh> [K
ASSOCIATED_SCAN_ROUND=5 PASS
--- CMD: wapi scan wlan0 Kal\'tsit ---
wapi scan wlan0 Kal\'tsit
[CPU0] esp_wifi_start_scan: S31 scan request: type=0 channel=0 country_ret=0 first=1 count=11
[CPU0] esp_event_post_wrapper: S31 scan event: status=0 aps=3 id=133
[CPU0] esp_event_post_wrapper: S31 Wi-Fi ISR calls: cpu0=4816 cpu1=0
[CPU0] esp_wifi_scan_event_parse: S31 scan count: ret=0 aps=3
bssid / frequency / signal level / encode / ssid
60:ce:41:46:0e:ec	2412	-75	0800	Kal'tsit
60:ce:41:ab:02:d0	2462	-71	0800	Kal'tsit
7c:39:85:2a:50:04	2462	-69	0800	Kal'tsit
nsh> [K
nsh> [K
ASSOCIATED_SCAN_ROUND=6 PASS
--- CMD: wapi scan wlan0 Kal\'tsit ---
wapi scan wlan0 Kal\'tsit
[CPU0] esp_wifi_start_scan: S31 scan request: type=0 channel=0 country_ret=0 first=1 count=11
[CPU0] esp_event_post_wrapper: S31 scan event: status=0 aps=3 id=134
[CPU0] esp_event_post_wrapper: S31 Wi-Fi ISR calls: cpu0=4992 cpu1=0
[CPU0] esp_wifi_scan_event_parse: S31 scan count: ret=0 aps=3
bssid / frequency / signal level / encode / ssid
60:ce:41:46:0e:ec	2412	-76	0800	Kal'tsit
60:ce:41:ab:02:d0	2462	-70	0800	Kal'tsit
7c:39:85:2a:50:04	2462	-69	0800	Kal'tsit
nsh> [K
nsh> [K
ASSOCIATED_SCAN_ROUND=7 PASS
--- CMD: wapi scan wlan0 Kal\'tsit ---
wapi scan wlan0 Kal\'tsit
[CPU0] esp_wifi_start_scan: S31 scan request: type=0 channel=0 country_ret=0 first=1 count=11
[CPU0] esp_event_post_wrapper: S31 scan event: status=0 aps=3 id=135
[CPU0] esp_event_post_wrapper: S31 Wi-Fi ISR calls: cpu0=5148 cpu1=0
[CPU0] esp_wifi_scan_event_parse: S31 scan count: ret=0 aps=3
bssid / frequency / signal level / encode / ssid
60:ce:41:46:0e:ec	2412	-87	0800	Kal'tsit
60:ce:41:ab:02:d0	2462	-71	0800	Kal'tsit
7c:39:85:2a:50:04	2462	-70	0800	Kal'tsit
nsh> [K
nsh> [K
ASSOCIATED_SCAN_ROUND=8 PASS
--- CMD: wapi scan wlan0 Kal\'tsit ---
wapi scan wlan0 Kal\'tsit
[CPU0] esp_wifi_start_scan: S31 scan request: type=0 channel=0 country_ret=0 first=1 count=11
[CPU0] esp_event_post_wrapper: S31 scan event: status=0 aps=3 id=136
[CPU0] esp_event_post_wrapper: S31 Wi-Fi ISR calls: cpu0=5357 cpu1=0
[CPU0] esp_wifi_scan_event_parse: S31 scan count: ret=0 aps=3
bssid / frequency / signal level / encode / ssid
60:ce:41:46:0e:ec	2412	-76	0800	Kal'tsit
60:ce:41:ab:02:d0	2462	-71	0800	Kal'tsit
7c:39:85:2a:50:04	2462	-69	0800	Kal'tsit
nsh> [K
nsh> [K
ASSOCIATED_SCAN_ROUND=9 PASS
--- CMD: wapi scan wlan0 Kal\'tsit ---
wapi scan wlan0 Kal\'tsit
[CPU0] esp_wifi_start_scan: S31 scan request: type=0 channel=0 country_ret=0 first=1 count=11
[CPU0] esp_event_post_wrapper: S31 scan event: status=0 aps=3 id=137
[CPU0] esp_event_post_wrapper: S31 Wi-Fi ISR calls: cpu0=5571 cpu1=0
[CPU0] esp_wifi_scan_event_parse: S31 scan count: ret=0 aps=3
bssid / frequency / signal level / encode / ssid
60:ce:41:ab:02:d0	2462	-77	0800	Kal'tsit
60:ce:41:46:0e:ec	2412	-72	0800	Kal'tsit
7c:39:85:2a:50:04	2462	-70	0800	Kal'tsit
nsh> [K
nsh> [K
ASSOCIATED_SCAN_ROUND=10 PASS
--- CMD: wapi scan wlan0 Kal\'tsit ---
wapi scan wlan0 Kal\'tsit
[CPU0] esp_wifi_start_scan: S31 scan request: type=0 channel=0 country_ret=0 first=1 count=11
[CPU0] esp_event_post_wrapper: S31 scan event: status=0 aps=2 id=138
[CPU0] esp_event_post_wrapper: S31 Wi-Fi ISR calls: cpu0=5735 cpu1=0
[CPU0] esp_wifi_scan_event_parse: S31 scan count: ret=0 aps=2
bssid / frequency / signal level / encode / ssid
60:ce:41:46:0e:ec	2412	-76	0800	Kal'tsit
7c:39:85:2a:50:04	2462	-69	0800	Kal'tsit
nsh> [K
nsh> [K
ASSOCIATED_SCAN_ROUND=11 PASS
--- CMD: wapi scan wlan0 Kal\'tsit ---
wapi scan wlan0 Kal\'tsit
[CPU0] esp_wifi_start_scan: S31 scan request: type=0 channel=0 country_ret=0 first=1 count=11
[CPU0] esp_event_post_wrapper: S31 scan event: status=0 aps=3 id=139
[CPU0] esp_event_post_wrapper: S31 Wi-Fi ISR calls: cpu0=5936 cpu1=0
[CPU0] esp_wifi_scan_event_parse: S31 scan count: ret=0 aps=3
bssid / frequency / signal level / encode / ssid
60:ce:41:46:0e:ec	2412	-75	0800	Kal'tsit
60:ce:41:ab:02:d0	2462	-71	0800	Kal'tsit
7c:39:85:2a:50:04	2462	-68	0800	Kal'tsit
nsh> [K
nsh> [K
ASSOCIATED_SCAN_ROUND=12 PASS
--- CMD: wapi scan wlan0 Kal\'tsit ---
wapi scan wlan0 Kal\'tsit
[CPU0] esp_wifi_start_scan: S31 scan request: type=0 channel=0 country_ret=0 first=1 count=11
[CPU0] esp_event_post_wrapper: S31 scan event: status=0 aps=3 id=140
[CPU0] esp_event_post_wrapper: S31 Wi-Fi ISR calls: cpu0=6186 cpu1=0
[CPU0] esp_wifi_scan_event_parse: S31 scan count: ret=0 aps=3
bssid / frequency / signal level / encode / ssid
60:ce:41:46:0e:ec	2412	-86	0800	Kal'tsit
60:ce:41:ab:02:d0	2462	-71	0800	Kal'tsit
7c:39:85:2a:50:04	2462	-69	0800	Kal'tsit
nsh> [K
nsh> [K
ASSOCIATED_SCAN_ROUND=13 PASS
--- CMD: wapi scan wlan0 Kal\'tsit ---
wapi scan wlan0 Kal\'tsit
[CPU0] esp_wifi_start_scan: S31 scan request: type=0 channel=0 country_ret=0 first=1 count=11
[CPU0] esp_event_post_wrapper: S31 scan event: status=0 aps=3 id=141
[CPU0] esp_event_post_wrapper: S31 Wi-Fi ISR calls: cpu0=6412 cpu1=0
[CPU0] esp_wifi_scan_event_parse: S31 scan count: ret=0 aps=3
bssid / frequency / signal level / encode / ssid
60:ce:41:ab:02:d0	2462	-78	0800	Kal'tsit
60:ce:41:46:0e:ec	2412	-74	0800	Kal'tsit
7c:39:85:2a:50:04	2462	-70	0800	Kal'tsit
nsh> [K
nsh> [K
ASSOCIATED_SCAN_ROUND=14 PASS
--- CMD: wapi scan wlan0 Kal\'tsit ---
wapi scan wlan0 Kal\'tsit
[CPU0] esp_wifi_start_scan: S31 scan request: type=0 channel=0 country_ret=0 first=1 count=11
[CPU0] esp_event_post_wrapper: S31 scan event: status=0 aps=3 id=142
[CPU0] esp_event_post_wrapper: S31 Wi-Fi ISR calls: cpu0=6602 cpu1=0
[CPU0] esp_wifi_scan_event_parse: S31 scan count: ret=0 aps=3
bssid / frequency / signal level / encode / ssid
60:ce:41:46:0e:ec	2412	-74	0800	Kal'tsit
7c:39:85:2a:50:04	2462	-70	0800	Kal'tsit
60:ce:41:ab:02:d0	2462	-69	0800	Kal'tsit
nsh> [K
nsh> [K
ASSOCIATED_SCAN_ROUND=15 PASS
--- CMD: wapi scan wlan0 Kal\'tsit ---
wapi scan wlan0 Kal\'tsit
[CPU0] esp_wifi_start_scan: S31 scan request: type=0 channel=0 country_ret=0 first=1 count=11
[CPU0] esp_event_post_wrapper: S31 scan event: status=0 aps=3 id=143
[CPU0] esp_event_post_wrapper: S31 Wi-Fi ISR calls: cpu0=6800 cpu1=0
[CPU0] esp_wifi_scan_event_parse: S31 scan count: ret=0 aps=3
bssid / frequency / signal level / encode / ssid
60:ce:41:46:0e:ec	2412	-76	0800	Kal'tsit
60:ce:41:ab:02:d0	2462	-71	0800	Kal'tsit
7c:39:85:2a:50:04	2462	-69	0800	Kal'tsit
nsh> [K
nsh> [K
ASSOCIATED_SCAN_ROUND=16 PASS
--- CMD: wapi scan wlan0 Kal\'tsit ---
wapi scan wlan0 Kal\'tsit
[CPU0] esp_wifi_start_scan: S31 scan request: type=0 channel=0 country_ret=0 first=1 count=11
[CPU0] esp_event_post_wrapper: S31 scan event: status=0 aps=3 id=144
[CPU0] esp_event_post_wrapper: S31 Wi-Fi ISR calls: cpu0=7005 cpu1=0
[CPU0] esp_wifi_scan_event_parse: S31 scan count: ret=0 aps=3
bssid / frequency / signal level / encode / ssid
60:ce:41:46:0e:ec	2412	-76	0800	Kal'tsit
60:ce:41:ab:02:d0	2462	-71	0800	Kal'tsit
7c:39:85:2a:50:04	2462	-69	0800	Kal'tsit
nsh> [K
nsh> [K
ASSOCIATED_SCAN_ROUND=17 PASS
--- CMD: wapi scan wlan0 Kal\'tsit ---
wapi scan wlan0 Kal\'tsit
[CPU1] esp_wifi_start_scan: S31 scan request: type=0 channel=0 country_ret=0 first=1 count=11
[CPU0] esp_event_post_wrapper: S31 scan event: status=0 aps=3 id=145
[CPU0] esp_event_post_wrapper: S31 Wi-Fi ISR calls: cpu0=7197 cpu1=0
[CPU0] esp_wifi_scan_event_parse: S31 scan count: ret=0 aps=3
bssid / frequency / signal level / encode / ssid
60:ce:41:46:0e:ec	2412	-76	0800	Kal'tsit
60:ce:41:ab:02:d0	2462	-71	0800	Kal'tsit
7c:39:85:2a:50:04	2462	-69	0800	Kal'tsit
nsh> [K
nsh> [K
ASSOCIATED_SCAN_ROUND=18 PASS
--- CMD: wapi scan wlan0 Kal\'tsit ---
wapi scan wlan0 Kal\'tsit
[CPU0] esp_wifi_start_scan: S31 scan request: type=0 channel=0 country_ret=0 first=1 count=11
[CPU0] esp_event_post_wrapper: S31 scan event: status=0 aps=3 id=146
[CPU0] esp_event_post_wrapper: S31 Wi-Fi ISR calls: cpu0=7435 cpu1=0
[CPU0] esp_wifi_scan_event_parse: S31 scan count: ret=0 aps=3
bssid / frequency / signal level / encode / ssid
60:ce:41:46:0e:ec	2412	-86	0800	Kal'tsit
60:ce:41:ab:02:d0	2462	-76	0800	Kal'tsit
7c:39:85:2a:50:04	2462	-69	0800	Kal'tsit
nsh> [K
nsh> [K
ASSOCIATED_SCAN_ROUND=19 PASS
--- CMD: wapi scan wlan0 Kal\'tsit ---
wapi scan wlan0 Kal\'tsit
[CPU0] esp_wifi_start_scan: S31 scan request: type=0 channel=0 country_ret=0 first=1 count=11
[CPU0] esp_event_post_wrapper: S31 scan event: status=0 aps=3 id=147
[CPU0] esp_event_post_wrapper: S31 Wi-Fi ISR calls: cpu0=7705 cpu1=0
[CPU0] esp_wifi_scan_event_parse: S31 scan count: ret=0 aps=3
bssid / frequency / signal level / encode / ssid
60:ce:41:46:0e:ec	2412	-75	0800	Kal'tsit
60:ce:41:ab:02:d0	2462	-70	0800	Kal'tsit
7c:39:85:2a:50:04	2462	-69	0800	Kal'tsit
nsh> [K
nsh> [K
ASSOCIATED_SCAN_ROUND=20 PASS
--- CMD: wapi scan wlan0 Kal\'tsit ---
wapi scan wlan0 Kal\'tsit
[CPU0] esp_wifi_start_scan: S31 scan request: type=0 channel=0 country_ret=0 first=1 count=11
[CPU0] esp_event_post_wrapper: S31 scan event: status=0 aps=3 id=148
[CPU0] esp_event_post_wrapper: S31 Wi-Fi ISR calls: cpu0=7899 cpu1=0
[CPU0] esp_wifi_scan_event_parse: S31 scan count: ret=0 aps=3
bssid / frequency / signal level / encode / ssid
60:ce:41:46:0e:ec	2412	-75	0800	Kal'tsit
60:ce:41:ab:02:d0	2462	-71	0800	Kal'tsit
7c:39:85:2a:50:04	2462	-69	0800	Kal'tsit
nsh> [K
nsh> [K
ASSOCIATED_SCAN_ROUND=21 PASS
--- CMD: wapi scan wlan0 Kal\'tsit ---
wapi scan wlan0 Kal\'tsit
[CPU0] esp_wifi_start_scan: S31 scan request: type=0 channel=0 country_ret=0 first=1 count=11
[CPU0] esp_event_post_wrapper: S31 scan event: status=0 aps=3 id=149
[CPU0] esp_event_post_wrapper: S31 Wi-Fi ISR calls: cpu0=8097 cpu1=0
[CPU0] esp_wifi_scan_event_parse: S31 scan count: ret=0 aps=3
bssid / frequency / signal level / encode / ssid
60:ce:41:ab:02:d0	2462	-77	0800	Kal'tsit
60:ce:41:46:0e:ec	2412	-75	0800	Kal'tsit
7c:39:85:2a:50:04	2462	-69	0800	Kal'tsit
nsh> [K
nsh> [K
ASSOCIATED_SCAN_ROUND=22 PASS
--- CMD: wapi scan wlan0 Kal\'tsit ---
wapi scan wlan0 Kal\'tsit
[CPU0] esp_wifi_start_scan: S31 scan request: type=0 channel=0 country_ret=0 first=1 count=11
[CPU0] esp_event_post_wrapper: S31 scan event: status=0 aps=3 id=150
[CPU0] esp_event_post_wrapper: S31 Wi-Fi ISR calls: cpu0=8304 cpu1=0
[CPU0] esp_wifi_scan_event_parse: S31 scan count: ret=0 aps=3
bssid / frequency / signal level / encode / ssid
60:ce:41:46:0e:ec	2412	-87	0800	Kal'tsit
60:ce:41:ab:02:d0	2462	-71	0800	Kal'tsit
7c:39:85:2a:50:04	2462	-68	0800	Kal'tsit
nsh> [K
nsh> [K
ASSOCIATED_SCAN_ROUND=23 PASS
--- CMD: wapi scan wlan0 Kal\'tsit ---
wapi scan wlan0 Kal\'tsit
[CPU0] esp_wifi_start_scan: S31 scan request: type=0 channel=0 country_ret=0 first=1 count=11
[CPU0] esp_event_post_wrapper: S31 scan event: status=0 aps=3 id=151
[CPU0] esp_event_post_wrapper: S31 Wi-Fi ISR calls: cpu0=8533 cpu1=0
[CPU0] esp_wifi_scan_event_parse: S31 scan count: ret=0 aps=3
bssid / frequency / signal level / encode / ssid
60:ce:41:46:0e:ec	2412	-75	0800	Kal'tsit
60:ce:41:ab:02:d0	2462	-70	0800	Kal'tsit
7c:39:85:2a:50:04	2462	-68	0800	Kal'tsit
nsh> [K
nsh> [K
ASSOCIATED_SCAN_ROUND=24 PASS
--- CMD: wapi scan wlan0 Kal\'tsit ---
wapi scan wlan0 Kal\'tsit
[CPU0] esp_wifi_start_scan: S31 scan request: type=0 channel=0 country_ret=0 first=1 count=11
[CPU0] esp_event_post_wrapper: S31 scan event: status=0 aps=3 id=152
[CPU0] esp_event_post_wrapper: S31 Wi-Fi ISR calls: cpu0=8724 cpu1=0
[CPU0] esp_wifi_scan_event_parse: S31 scan count: ret=0 aps=3
bssid / frequency / signal level / encode / ssid
60:ce:41:46:0e:ec	2412	-74	0800	Kal'tsit
60:ce:41:ab:02:d0	2462	-70	0800	Kal'tsit
7c:39:85:2a:50:04	2462	-67	0800	Kal'tsit
nsh> [K
nsh> [K
ASSOCIATED_SCAN_ROUND=25 PASS
--- CMD: wapi scan wlan0 Kal\'tsit ---
wapi scan wlan0 Kal\'tsit
[CPU0] esp_wifi_start_scan: S31 scan request: type=0 channel=0 country_ret=0 first=1 count=11
[CPU0] esp_event_post_wrapper: S31 scan event: status=0 aps=3 id=153
[CPU0] esp_event_post_wrapper: S31 Wi-Fi ISR calls: cpu0=8921 cpu1=0
[CPU0] esp_wifi_scan_event_parse: S31 scan count: ret=0 aps=3
bssid / frequency / signal level / encode / ssid
60:ce:41:46:0e:ec	2412	-75	0800	Kal'tsit
60:ce:41:ab:02:d0	2462	-71	0800	Kal'tsit
7c:39:85:2a:50:04	2462	-67	0800	Kal'tsit
nsh> [K
nsh> [K
ASSOCIATED_SCAN_ROUND=26 PASS
--- CMD: wapi scan wlan0 Kal\'tsit ---
wapi scan wlan0 Kal\'tsit
[CPU0] esp_wifi_start_scan: S31 scan request: type=0 channel=0 country_ret=0 first=1 count=11
[CPU0] esp_event_post_wrapper: S31 scan event: status=0 aps=3 id=154
[CPU0] esp_event_post_wrapper: S31 Wi-Fi ISR calls: cpu0=9104 cpu1=0
[CPU0] esp_wifi_scan_event_parse: S31 scan count: ret=0 aps=3
bssid / frequency / signal level / encode / ssid
60:ce:41:46:0e:ec	2412	-72	0800	Kal'tsit
60:ce:41:ab:02:d0	2462	-70	0800	Kal'tsit
7c:39:85:2a:50:04	2462	-66	0800	Kal'tsit
nsh> [K
nsh> [K
ASSOCIATED_SCAN_ROUND=27 PASS
--- CMD: wapi scan wlan0 Kal\'tsit ---
wapi scan wlan0 Kal\'tsit
[CPU0] esp_wifi_start_scan: S31 scan request: type=0 channel=0 country_ret=0 first=1 count=11
[CPU0] esp_event_post_wrapper: S31 scan event: status=0 aps=3 id=155
[CPU0] esp_event_post_wrapper: S31 Wi-Fi ISR calls: cpu0=9309 cpu1=0
[CPU0] esp_wifi_scan_event_parse: S31 scan count: ret=0 aps=3
bssid / frequency / signal level / encode / ssid
60:ce:41:ab:02:d0	2462	-77	0800	Kal'tsit
60:ce:41:46:0e:ec	2412	-75	0800	Kal'tsit
7c:39:85:2a:50:04	2462	-70	0800	Kal'tsit
nsh> [K
nsh> [K
ASSOCIATED_SCAN_ROUND=28 PASS
--- CMD: wapi scan wlan0 Kal\'tsit ---
wapi scan wlan0 Kal\'tsit
[CPU0] esp_wifi_start_scan: S31 scan request: type=0 channel=0 country_ret=0 first=1 count=11
[CPU0] esp_event_post_wrapper: S31 scan event: status=0 aps=3 id=156
[CPU0] esp_event_post_wrapper: S31 Wi-Fi ISR calls: cpu0=9476 cpu1=0
[CPU0] esp_wifi_scan_event_parse: S31 scan count: ret=0 aps=3
bssid / frequency / signal level / encode / ssid
60:ce:41:46:0e:ec	2412	-75	0800	Kal'tsit
7c:39:85:2a:50:04	2462	-69	0800	Kal'tsit
60:ce:41:ab:02:d0	2462	-66	0800	Kal'tsit
nsh> [K
nsh> [K
ASSOCIATED_SCAN_ROUND=29 PASS
--- CMD: wapi scan wlan0 Kal\'tsit ---
wapi scan wlan0 Kal\'tsit
[CPU0] esp_wifi_start_scan: S31 scan request: type=0 channel=0 country_ret=0 first=1 count=11
[CPU0] esp_event_post_wrapper: S31 scan event: status=0 aps=3 id=157
[CPU0] esp_event_post_wrapper: S31 Wi-Fi ISR calls: cpu0=9655 cpu1=0
[CPU0] esp_wifi_scan_event_parse: S31 scan count: ret=0 aps=3
bssid / frequency / signal level / encode / ssid
60:ce:41:46:0e:ec	2412	-75	0800	Kal'tsit
60:ce:41:ab:02:d0	2462	-71	0800	Kal'tsit
7c:39:85:2a:50:04	2462	-68	0800	Kal'tsit
nsh> [K
nsh> [K
ASSOCIATED_SCAN_ROUND=30 PASS
--- CMD: wapi scan wlan0 Kal\'tsit ---
wapi scan wlan0 Kal\'tsit
[CPU0] esp_wifi_start_scan: S31 scan request: type=0 channel=0 country_ret=0 first=1 count=11
[CPU0] esp_event_post_wrapper: S31 scan event: status=0 aps=3 id=158
[CPU0] esp_event_post_wrapper: S31 Wi-Fi ISR calls: cpu0=9812 cpu1=0
[CPU0] esp_wifi_scan_event_parse: S31 scan count: ret=0 aps=3
bssid / frequency / signal level / encode / ssid
60:ce:41:46:0e:ec	2412	-75	0800	Kal'tsit
60:ce:41:ab:02:d0	2462	-70	0800	Kal'tsit
7c:39:85:2a:50:04	2462	-69	0800	Kal'tsit
nsh> [K
nsh> [K
ASSOCIATED_SCAN_ROUND=31 PASS
--- CMD: wapi scan wlan0 Kal\'tsit ---
wapi scan wlan0 Kal\'tsit
[CPU0] esp_wifi_start_scan: S31 scan request: type=0 channel=0 country_ret=0 first=1 count=11
[CPU0] esp_event_post_wrapper: S31 scan event: status=0 aps=3 id=159
[CPU0] esp_event_post_wrapper: S31 Wi-Fi ISR calls: cpu0=10018 cpu1=0
[CPU0] esp_wifi_scan_event_parse: S31 scan count: ret=0 aps=3
bssid / frequency / signal level / encode / ssid
60:ce:41:46:0e:ec	2412	-84	0800	Kal'tsit
60:ce:41:ab:02:d0	2462	-71	0800	Kal'tsit
7c:39:85:2a:50:04	2462	-67	0800	Kal'tsit
nsh> [K
nsh> [K
ASSOCIATED_SCAN_ROUND=32 PASS
--- CMD: wapi scan wlan0 Kal\'tsit ---
wapi scan wlan0 Kal\'tsit
[CPU0] esp_wifi_start_scan: S31 scan request: type=0 channel=0 country_ret=0 first=1 count=11
[CPU0] esp_event_post_wrapper: S31 scan event: status=0 aps=3 id=160
[CPU0] esp_event_post_wrapper: S31 Wi-Fi ISR calls: cpu0=10238 cpu1=0
[CPU0] esp_wifi_scan_event_parse: S31 scan count: ret=0 aps=3
bssid / frequency / signal level / encode / ssid
60:ce:41:46:0e:ec	2412	-74	0800	Kal'tsit
60:ce:41:ab:02:d0	2462	-70	0800	Kal'tsit
7c:39:85:2a:50:04	2462	-68	0800	Kal'tsit
nsh> [K
nsh> [K
ASSOCIATED_SCAN_ROUND=33 PASS
--- CMD: wapi scan wlan0 Kal\'tsit ---
wapi scan wlan0 Kal\'tsit
[CPU0] esp_wifi_start_scan: S31 scan request: type=0 channel=0 country_ret=0 first=1 count=11
[CPU0] esp_event_post_wrapper: S31 scan event: status=0 aps=3 id=161
[CPU0] esp_event_post_wrapper: S31 Wi-Fi ISR calls: cpu0=10378 cpu1=0
[CPU0] esp_wifi_scan_event_parse: S31 scan count: ret=0 aps=3
bssid / frequency / signal level / encode / ssid
60:ce:41:46:0e:ec	2412	-75	0800	Kal'tsit
60:ce:41:ab:02:d0	2462	-71	0800	Kal'tsit
7c:39:85:2a:50:04	2462	-67	0800	Kal'tsit
nsh> [K
nsh> [K
ASSOCIATED_SCAN_ROUND=34 PASS
--- CMD: wapi scan wlan0 Kal\'tsit ---
wapi scan wlan0 Kal\'tsit
[CPU0] esp_wifi_start_scan: S31 scan request: type=0 channel=0 country_ret=0 first=1 count=11
[CPU0] esp_event_post_wrapper: S31 scan event: status=0 aps=3 id=162
[CPU0] esp_event_post_wrapper: S31 Wi-Fi ISR calls: cpu0=10588 cpu1=0
[CPU0] esp_wifi_scan_event_parse: S31 scan count: ret=0 aps=3
bssid / frequency / signal level / encode / ssid
60:ce:41:46:0e:ec	2412	-86	0800	Kal'tsit
60:ce:41:ab:02:d0	2462	-70	0800	Kal'tsit
7c:39:85:2a:50:04	2462	-67	0800	Kal'tsit
nsh> [K
nsh> [K
ASSOCIATED_SCAN_ROUND=35 PASS
--- CMD: wapi scan wlan0 Kal\'tsit ---
wapi scan wlan0 Kal\'tsit
[CPU0] esp_wifi_start_scan: S31 scan request: type=0 channel=0 country_ret=0 first=1 count=11
[CPU0] esp_event_post_wrapper: S31 scan event: status=0 aps=3 id=163
[CPU0] esp_event_post_wrapper: S31 Wi-Fi ISR calls: cpu0=10781 cpu1=0
[CPU0] esp_wifi_scan_event_parse: S31 scan count: ret=0 aps=3
bssid / frequency / signal level / encode / ssid
60:ce:41:46:0e:ec	2412	-75	0800	Kal'tsit
60:ce:41:ab:02:d0	2462	-70	0800	Kal'tsit
7c:39:85:2a:50:04	2462	-67	0800	Kal'tsit
nsh> [K
nsh> [K
ASSOCIATED_SCAN_ROUND=36 PASS
--- CMD: wapi scan wlan0 Kal\'tsit ---
wapi scan wlan0 Kal\'tsit
[CPU0] esp_wifi_start_scan: S31 scan request: type=0 channel=0 country_ret=0 first=1 count=11
[CPU0] esp_event_post_wrapper: S31 scan event: status=0 aps=3 id=164
[CPU0] esp_event_post_wrapper: S31 Wi-Fi ISR calls: cpu0=10978 cpu1=0
[CPU0] esp_wifi_scan_event_parse: S31 scan count: ret=0 aps=3
bssid / frequency / signal level / encode / ssid
60:ce:41:46:0e:ec	2412	-75	0800	Kal'tsit
60:ce:41:ab:02:d0	2462	-69	0800	Kal'tsit
7c:39:85:2a:50:04	2462	-68	0800	Kal'tsit
nsh> [K
nsh> [K
ASSOCIATED_SCAN_ROUND=37 PASS
--- CMD: wapi scan wlan0 Kal\'tsit ---
wapi scan wlan0 Kal\'tsit
[CPU0] esp_wifi_start_scan: S31 scan request: type=0 channel=0 country_ret=0 first=1 count=11
[CPU0] esp_event_post_wrapper: S31 scan event: status=0 aps=3 id=165
[CPU0] esp_event_post_wrapper: S31 Wi-Fi ISR calls: cpu0=11140 cpu1=0
[CPU0] esp_wifi_scan_event_parse: S31 scan count: ret=0 aps=3
bssid / frequency / signal level / encode / ssid
60:ce:41:ab:02:d0	2462	-76	0800	Kal'tsit
60:ce:41:46:0e:ec	2412	-75	0800	Kal'tsit
7c:39:85:2a:50:04	2462	-67	0800	Kal'tsit
nsh> [K
nsh> [K
ASSOCIATED_SCAN_ROUND=38 PASS
--- CMD: wapi scan wlan0 Kal\'tsit ---
wapi scan wlan0 Kal\'tsit
[CPU1] esp_wifi_start_scan: S31 scan request: type=0 channel=0 country_ret=0 first=1 count=11
[CPU0] esp_event_post_wrapper: S31 scan event: status=0 aps=3 id=166
[CPU0] esp_event_post_wrapper: S31 Wi-Fi ISR calls: cpu0=11373 cpu1=0
[CPU0] esp_wifi_scan_event_parse: S31 scan count: ret=0 aps=3
bssid / frequency / signal level / encode / ssid
60:ce:41:46:0e:ec	2412	-75	0800	Kal'tsit
60:ce:41:ab:02:d0	2462	-70	0800	Kal'tsit
7c:39:85:2a:50:04	2462	-67	0800	Kal'tsit
nsh> [K
nsh> [K
ASSOCIATED_SCAN_ROUND=39 PASS
--- CMD: wapi scan wlan0 Kal\'tsit ---
wapi scan wlan0 Kal\'tsit
[CPU0] esp_wifi_start_scan: S31 scan request: type=0 channel=0 country_ret=0 first=1 count=11
[CPU0] esp_event_post_wrapper: S31 scan event: status=0 aps=3 id=167
[CPU0] esp_event_post_wrapper: S31 Wi-Fi ISR calls: cpu0=11519 cpu1=0
[CPU0] esp_wifi_scan_event_parse: S31 scan count: ret=0 aps=3
bssid / frequency / signal level / encode / ssid
60:ce:41:46:0e:ec	2412	-76	0800	Kal'tsit
60:ce:41:ab:02:d0	2462	-70	0800	Kal'tsit
7c:39:85:2a:50:04	2462	-67	0800	Kal'tsit
nsh> [K
nsh> [K
ASSOCIATED_SCAN_ROUND=40 PASS
--- CMD: wapi scan wlan0 Kal\'tsit ---
wapi scan wlan0 Kal\'tsit
[CPU0] esp_wifi_start_scan: S31 scan request: type=0 channel=0 country_ret=0 first=1 count=11
[CPU0] esp_event_post_wrapper: S31 scan event: status=0 aps=3 id=168
[CPU0] esp_event_post_wrapper: S31 Wi-Fi ISR calls: cpu0=11744 cpu1=0
[CPU0] esp_wifi_scan_event_parse: S31 scan count: ret=0 aps=3
bssid / frequency / signal level / encode / ssid
60:ce:41:ab:02:d0	2462	-77	0800	Kal'tsit
60:ce:41:46:0e:ec	2412	-74	0800	Kal'tsit
7c:39:85:2a:50:04	2462	-69	0800	Kal'tsit
nsh> [K
nsh> [K
ASSOCIATED_SCAN_ROUND=41 PASS
--- CMD: wapi scan wlan0 Kal\'tsit ---
wapi scan wlan0 Kal\'tsit
[CPU0] esp_wifi_start_scan: S31 scan request: type=0 channel=0 country_ret=0 first=1 count=11
[CPU0] esp_event_post_wrapper: S31 scan event: status=0 aps=3 id=169
[CPU0] esp_event_post_wrapper: S31 Wi-Fi ISR calls: cpu0=11943 cpu1=0
[CPU0] esp_wifi_scan_event_parse: S31 scan count: ret=0 aps=3
bssid / frequency / signal level / encode / ssid
60:ce:41:46:0e:ec	2412	-74	0800	Kal'tsit
60:ce:41:ab:02:d0	2462	-70	0800	Kal'tsit
7c:39:85:2a:50:04	2462	-68	0800	Kal'tsit
nsh> [K
nsh> [K
ASSOCIATED_SCAN_ROUND=42 PASS
--- CMD: wapi scan wlan0 Kal\'tsit ---
wapi scan wlan0 Kal\'tsit
[CPU0] esp_wifi_start_scan: S31 scan request: type=0 channel=0 country_ret=0 first=1 count=11
[CPU0] esp_event_post_wrapper: S31 scan event: status=0 aps=3 id=170
[CPU0] esp_event_post_wrapper: S31 Wi-Fi ISR calls: cpu0=12155 cpu1=0
[CPU0] esp_wifi_scan_event_parse: S31 scan count: ret=0 aps=3
bssid / frequency / signal level / encode / ssid
60:ce:41:46:0e:ec	2412	-74	0800	Kal'tsit
60:ce:41:ab:02:d0	2462	-71	0800	Kal'tsit
7c:39:85:2a:50:04	2462	-68	0800	Kal'tsit
nsh> [K
nsh> [K
ASSOCIATED_SCAN_ROUND=43 PASS
--- CMD: wapi scan wlan0 Kal\'tsit ---
wapi scan wlan0 Kal\'tsit
[CPU0] esp_wifi_start_scan: S31 scan request: type=0 channel=0 country_ret=0 first=1 count=11
[CPU0] esp_event_post_wrapper: S31 scan event: status=0 aps=3 id=171
[CPU0] esp_event_post_wrapper: S31 Wi-Fi ISR calls: cpu0=12347 cpu1=0
[CPU0] esp_wifi_scan_event_parse: S31 scan count: ret=0 aps=3
bssid / frequency / signal level / encode / ssid
60:ce:41:46:0e:ec	2412	-75	0800	Kal'tsit
60:ce:41:ab:02:d0	2462	-69	0800	Kal'tsit
7c:39:85:2a:50:04	2462	-67	0800	Kal'tsit
nsh> [K
nsh> [K
ASSOCIATED_SCAN_ROUND=44 PASS
--- CMD: wapi scan wlan0 Kal\'tsit ---
wapi scan wlan0 Kal\'tsit
[CPU0] esp_wifi_start_scan: S31 scan request: type=0 channel=0 country_ret=0 first=1 count=11
[CPU0] esp_event_post_wrapper: S31 scan event: status=0 aps=3 id=172
[CPU0] esp_event_post_wrapper: S31 Wi-Fi ISR calls: cpu0=12524 cpu1=0
[CPU0] esp_wifi_scan_event_parse: S31 scan count: ret=0 aps=3
bssid / frequency / signal level / encode / ssid
60:ce:41:46:0e:ec	2412	-76	0800	Kal'tsit
60:ce:41:ab:02:d0	2462	-71	0800	Kal'tsit
7c:39:85:2a:50:04	2462	-67	0800	Kal'tsit
nsh> [K
nsh> [K
ASSOCIATED_SCAN_ROUND=45 PASS
--- CMD: wapi scan wlan0 Kal\'tsit ---
wapi scan wlan0 Kal\'tsit
[CPU0] esp_wifi_start_scan: S31 scan request: type=0 channel=0 country_ret=0 first=1 count=11
[CPU0] esp_event_post_wrapper: S31 scan event: status=0 aps=3 id=173
[CPU0] esp_event_post_wrapper: S31 Wi-Fi ISR calls: cpu0=12717 cpu1=0
[CPU0] esp_wifi_scan_event_parse: S31 scan count: ret=0 aps=3
bssid / frequency / signal level / encode / ssid
60:ce:41:46:0e:ec	2412	-74	0800	Kal'tsit
60:ce:41:ab:02:d0	2462	-70	0800	Kal'tsit
7c:39:85:2a:50:04	2462	-68	0800	Kal'tsit
nsh> [K
nsh> [K
ASSOCIATED_SCAN_ROUND=46 PASS
--- CMD: wapi scan wlan0 Kal\'tsit ---
wapi scan wlan0 Kal\'tsit
[CPU0] esp_wifi_start_scan: S31 scan request: type=0 channel=0 country_ret=0 first=1 count=11
[CPU0] esp_event_post_wrapper: S31 scan event: status=0 aps=3 id=174
[CPU0] esp_event_post_wrapper: S31 Wi-Fi ISR calls: cpu0=12933 cpu1=0
[CPU0] esp_wifi_scan_event_parse: S31 scan count: ret=0 aps=3
bssid / frequency / signal level / encode / ssid
60:ce:41:ab:02:d0	2462	-77	0800	Kal'tsit
7c:39:85:2a:50:04	2462	-76	0800	Kal'tsit
60:ce:41:46:0e:ec	2412	-75	0800	Kal'tsit
nsh> [K
nsh> [K
ASSOCIATED_SCAN_ROUND=47 PASS
--- CMD: wapi scan wlan0 Kal\'tsit ---
wapi scan wlan0 Kal\'tsit
[CPU0] esp_wifi_start_scan: S31 scan request: type=0 channel=0 country_ret=0 first=1 count=11
[CPU0] esp_event_post_wrapper: S31 scan event: status=0 aps=3 id=175
[CPU0] esp_event_post_wrapper: S31 Wi-Fi ISR calls: cpu0=13080 cpu1=0
[CPU0] esp_wifi_scan_event_parse: S31 scan count: ret=0 aps=3
bssid / frequency / signal level / encode / ssid
60:ce:41:46:0e:ec	2412	-87	0800	Kal'tsit
60:ce:41:ab:02:d0	2462	-71	0800	Kal'tsit
7c:39:85:2a:50:04	2462	-67	0800	Kal'tsit
nsh> [K
nsh> [K
ASSOCIATED_SCAN_ROUND=48 PASS
--- CMD: wapi scan wlan0 Kal\'tsit ---
wapi scan wlan0 Kal\'tsit
[CPU0] esp_wifi_start_scan: S31 scan request: type=0 channel=0 country_ret=0 first=1 count=11
[CPU0] esp_event_post_wrapper: S31 scan event: status=0 aps=3 id=176
[CPU0] esp_event_post_wrapper: S31 Wi-Fi ISR calls: cpu0=13295 cpu1=0
[CPU0] esp_wifi_scan_event_parse: S31 scan count: ret=0 aps=3
bssid / frequency / signal level / encode / ssid
60:ce:41:46:0e:ec	2412	-76	0800	Kal'tsit
60:ce:41:ab:02:d0	2462	-70	0800	Kal'tsit
7c:39:85:2a:50:04	2462	-68	0800	Kal'tsit
nsh> [K
nsh> [K
ASSOCIATED_SCAN_ROUND=49 PASS
--- CMD: wapi scan wlan0 Kal\'tsit ---
wapi scan wlan0 Kal\'tsit
[CPU0] esp_wifi_start_scan: S31 scan request: type=0 channel=0 country_ret=0 first=1 count=11
[CPU0] esp_event_post_wrapper: S31 scan event: status=0 aps=3 id=177
[CPU0] esp_event_post_wrapper: S31 Wi-Fi ISR calls: cpu0=13459 cpu1=0
[CPU0] esp_wifi_scan_event_parse: S31 scan count: ret=0 aps=3
bssid / frequency / signal level / encode / ssid
60:ce:41:ab:02:d0	2462	-77	0800	Kal'tsit
60:ce:41:46:0e:ec	2412	-75	0800	Kal'tsit
7c:39:85:2a:50:04	2462	-69	0800	Kal'tsit
nsh> [K
nsh> [K
ASSOCIATED_SCAN_ROUND=50 PASS
--- CMD: wapi scan wlan0 Kal\'tsit ---
wapi scan wlan0 Kal\'tsit
[CPU0] esp_wifi_start_scan: S31 scan request: type=0 channel=0 country_ret=0 first=1 count=11
[CPU0] esp_event_post_wrapper: S31 scan event: status=0 aps=3 id=178
[CPU0] esp_event_post_wrapper: S31 Wi-Fi ISR calls: cpu0=13629 cpu1=0
[CPU0] esp_wifi_scan_event_parse: S31 scan count: ret=0 aps=3
bssid / frequency / signal level / encode / ssid
60:ce:41:46:0e:ec	2412	-76	0800	Kal'tsit
60:ce:41:ab:02:d0	2462	-71	0800	Kal'tsit
7c:39:85:2a:50:04	2462	-67	0800	Kal'tsit
nsh> [K
nsh> [K
ASSOCIATED_SCAN_ROUND=51 PASS
--- CMD: wapi scan wlan0 Kal\'tsit ---
wapi scan wlan0 Kal\'tsit
[CPU0] esp_wifi_start_scan: S31 scan request: type=0 channel=0 country_ret=0 first=1 count=11
[CPU0] esp_event_post_wrapper: S31 scan event: status=0 aps=3 id=179
[CPU0] esp_event_post_wrapper: S31 Wi-Fi ISR calls: cpu0=13818 cpu1=0
[CPU0] esp_wifi_scan_event_parse: S31 scan count: ret=0 aps=3
bssid / frequency / signal level / encode / ssid
60:ce:41:ab:02:d0	2462	-77	0800	Kal'tsit
60:ce:41:46:0e:ec	2412	-74	0800	Kal'tsit
7c:39:85:2a:50:04	2462	-67	0800	Kal'tsit
nsh> [K
nsh> [K
ASSOCIATED_SCAN_ROUND=52 PASS
--- CMD: wapi scan wlan0 Kal\'tsit ---
wapi scan wlan0 Kal\'tsit
[CPU0] esp_wifi_start_scan: S31 scan request: type=0 channel=0 country_ret=0 first=1 count=11
[CPU0] esp_event_post_wrapper: S31 scan event: status=0 aps=3 id=180
[CPU0] esp_event_post_wrapper: S31 Wi-Fi ISR calls: cpu0=14022 cpu1=0
[CPU0] esp_wifi_scan_event_parse: S31 scan count: ret=0 aps=3
bssid / frequency / signal level / encode / ssid
60:ce:41:46:0e:ec	2412	-76	0800	Kal'tsit
60:ce:41:ab:02:d0	2462	-71	0800	Kal'tsit
7c:39:85:2a:50:04	2462	-70	0800	Kal'tsit
nsh> [K
nsh> [K
ASSOCIATED_SCAN_ROUND=53 PASS
--- CMD: wapi scan wlan0 Kal\'tsit ---
wapi scan wlan0 Kal\'tsit
[CPU0] esp_wifi_start_scan: S31 scan request: type=0 channel=0 country_ret=0 first=1 count=11
[CPU0] esp_event_post_wrapper: S31 scan event: status=0 aps=3 id=181
[CPU0] esp_event_post_wrapper: S31 Wi-Fi ISR calls: cpu0=14175 cpu1=0
[CPU0] esp_wifi_scan_event_parse: S31 scan count: ret=0 aps=3
bssid / frequency / signal level / encode / ssid
60:ce:41:ab:02:d0	2462	-77	0800	Kal'tsit
60:ce:41:46:0e:ec	2412	-75	0800	Kal'tsit
7c:39:85:2a:50:04	2462	-69	0800	Kal'tsit
nsh> [K
nsh> [K
ASSOCIATED_SCAN_ROUND=54 PASS
--- CMD: wapi scan wlan0 Kal\'tsit ---
wapi scan wlan0 Kal\'tsit
[CPU0] esp_wifi_start_scan: S31 scan request: type=0 channel=0 country_ret=0 first=1 count=11
[CPU0] esp_event_post_wrapper: S31 scan event: status=0 aps=3 id=182
[CPU0] esp_event_post_wrapper: S31 Wi-Fi ISR calls: cpu0=14435 cpu1=0
[CPU0] esp_wifi_scan_event_parse: S31 scan count: ret=0 aps=3
bssid / frequency / signal level / encode / ssid
60:ce:41:46:0e:ec	2412	-74	0800	Kal'tsit
7c:39:85:2a:50:04	2462	-69	0800	Kal'tsit
60:ce:41:ab:02:d0	2462	-69	0800	Kal'tsit
nsh> [K
nsh> [K
ASSOCIATED_SCAN_ROUND=55 PASS
--- CMD: wapi scan wlan0 Kal\'tsit ---
wapi scan wlan0 Kal\'tsit
[CPU0] esp_wifi_start_scan: S31 scan request: type=0 channel=0 country_ret=0 first=1 count=11
[CPU0] esp_event_post_wrapper: S31 scan event: status=0 aps=3 id=183
[CPU0] esp_event_post_wrapper: S31 Wi-Fi ISR calls: cpu0=14693 cpu1=0
[CPU0] esp_wifi_scan_event_parse: S31 scan count: ret=0 aps=3
bssid / frequency / signal level / encode / ssid
60:ce:41:46:0e:ec	2412	-74	0800	Kal'tsit
60:ce:41:ab:02:d0	2462	-70	0800	Kal'tsit
7c:39:85:2a:50:04	2462	-69	0800	Kal'tsit
nsh> [K
nsh> [K
ASSOCIATED_SCAN_ROUND=56 PASS
--- CMD: wapi scan wlan0 Kal\'tsit ---
wapi scan wlan0 Kal\'tsit
[CPU0] esp_wifi_start_scan: S31 scan request: type=0 channel=0 country_ret=0 first=1 count=11
[CPU0] esp_event_post_wrapper: S31 scan event: status=0 aps=3 id=184
[CPU0] esp_event_post_wrapper: S31 Wi-Fi ISR calls: cpu0=14901 cpu1=0
[CPU0] esp_wifi_scan_event_parse: S31 scan count: ret=0 aps=3
bssid / frequency / signal level / encode / ssid
60:ce:41:ab:02:d0	2462	-77	0800	Kal'tsit
60:ce:41:46:0e:ec	2412	-76	0800	Kal'tsit
7c:39:85:2a:50:04	2462	-67	0800	Kal'tsit
nsh> [K
nsh> [K
ASSOCIATED_SCAN_ROUND=57 PASS
--- CMD: wapi scan wlan0 Kal\'tsit ---
wapi scan wlan0 Kal\'tsit
[CPU0] esp_wifi_start_scan: S31 scan request: type=0 channel=0 country_ret=0 first=1 count=11
[CPU0] esp_event_post_wrapper: S31 scan event: status=0 aps=3 id=185
[CPU0] esp_event_post_wrapper: S31 Wi-Fi ISR calls: cpu0=15103 cpu1=0
[CPU0] esp_wifi_scan_event_parse: S31 scan count: ret=0 aps=3
bssid / frequency / signal level / encode / ssid
60:ce:41:46:0e:ec	2412	-75	0800	Kal'tsit
60:ce:41:ab:02:d0	2462	-70	0800	Kal'tsit
7c:39:85:2a:50:04	2462	-68	0800	Kal'tsit
nsh> [K
nsh> [K
ASSOCIATED_SCAN_ROUND=58 PASS
--- CMD: wapi scan wlan0 Kal\'tsit ---
wapi scan wlan0 Kal\'tsit
[CPU0] esp_wifi_start_scan: S31 scan request: type=0 channel=0 country_ret=0 first=1 count=11
[CPU0] esp_event_post_wrapper: S31 scan event: status=0 aps=3 id=186
[CPU0] esp_event_post_wrapper: S31 Wi-Fi ISR calls: cpu0=15258 cpu1=0
[CPU0] esp_wifi_scan_event_parse: S31 scan count: ret=0 aps=3
bssid / frequency / signal level / encode / ssid
60:ce:41:46:0e:ec	2412	-74	0800	Kal'tsit
60:ce:41:ab:02:d0	2462	-70	0800	Kal'tsit
7c:39:85:2a:50:04	2462	-69	0800	Kal'tsit
nsh> [K
nsh> [K
ASSOCIATED_SCAN_ROUND=59 PASS
--- CMD: wapi scan wlan0 Kal\'tsit ---
wapi scan wlan0 Kal\'tsit
[CPU0] esp_wifi_start_scan: S31 scan request: type=0 channel=0 country_ret=0 first=1 count=11
[CPU0] esp_event_post_wrapper: S31 scan event: status=0 aps=3 id=187
[CPU0] esp_event_post_wrapper: S31 Wi-Fi ISR calls: cpu0=15427 cpu1=0
[CPU0] esp_wifi_scan_event_parse: S31 scan count: ret=0 aps=3
bssid / frequency / signal level / encode / ssid
60:ce:41:46:0e:ec	2412	-74	0800	Kal'tsit
60:ce:41:ab:02:d0	2462	-71	0800	Kal'tsit
7c:39:85:2a:50:04	2462	-69	0800	Kal'tsit
nsh> [K
nsh> [K
ASSOCIATED_SCAN_ROUND=60 PASS
--- CMD: wapi scan wlan0 Kal\'tsit ---
wapi scan wlan0 Kal\'tsit
[CPU0] esp_wifi_start_scan: S31 scan request: type=0 channel=0 country_ret=0 first=1 count=11
[CPU0] esp_event_post_wrapper: S31 scan event: status=0 aps=3 id=188
[CPU0] esp_event_post_wrapper: S31 Wi-Fi ISR calls: cpu0=15629 cpu1=0
[CPU0] esp_wifi_scan_event_parse: S31 scan count: ret=0 aps=3
bssid / frequency / signal level / encode / ssid
60:ce:41:46:0e:ec	2412	-75	0800	Kal'tsit
60:ce:41:ab:02:d0	2462	-71	0800	Kal'tsit
7c:39:85:2a:50:04	2462	-68	0800	Kal'tsit
nsh> [K
nsh> [K
ASSOCIATED_SCAN_ROUND=61 PASS
--- CMD: wapi scan wlan0 Kal\'tsit ---
wapi scan wlan0 Kal\'tsit
[CPU0] esp_wifi_start_scan: S31 scan request: type=0 channel=0 country_ret=0 first=1 count=11
[CPU0] esp_event_post_wrapper: S31 scan event: status=0 aps=2 id=189
[CPU0] esp_event_post_wrapper: S31 Wi-Fi ISR calls: cpu0=15777 cpu1=0
[CPU0] esp_wifi_scan_event_parse: S31 scan count: ret=0 aps=2
bssid / frequency / signal level / encode / ssid
60:ce:41:46:0e:ec	2412	-74	0800	Kal'tsit
60:ce:41:ab:02:d0	2462	-70	0800	Kal'tsit
nsh> [K
nsh> [K
ASSOCIATED_SCAN_ROUND=62 PASS
--- CMD: wapi scan wlan0 Kal\'tsit ---
wapi scan wlan0 Kal\'tsit
[CPU0] esp_wifi_start_scan: S31 scan request: type=0 channel=0 country_ret=0 first=1 count=11
[CPU0] esp_event_post_wrapper: S31 scan event: status=0 aps=3 id=190
[CPU0] esp_event_post_wrapper: S31 Wi-Fi ISR calls: cpu0=15987 cpu1=0
[CPU0] esp_wifi_scan_event_parse: S31 scan count: ret=0 aps=3
bssid / frequency / signal level / encode / ssid
60:ce:41:46:0e:ec	2412	-75	0800	Kal'tsit
60:ce:41:ab:02:d0	2462	-71	0800	Kal'tsit
7c:39:85:2a:50:04	2462	-69	0800	Kal'tsit
nsh> [K
nsh> [K
ASSOCIATED_SCAN_ROUND=63 PASS
--- CMD: wapi scan wlan0 Kal\'tsit ---
wapi scan wlan0 Kal\'tsit
[CPU0] esp_wifi_start_scan: S31 scan request: type=0 channel=0 country_ret=0 first=1 count=11
[CPU0] esp_event_post_wrapper: S31 scan event: status=0 aps=3 id=191
[CPU0] esp_event_post_wrapper: S31 Wi-Fi ISR calls: cpu0=16196 cpu1=0
[CPU0] esp_wifi_scan_event_parse: S31 scan count: ret=0 aps=3
bssid / frequency / signal level / encode / ssid
60:ce:41:46:0e:ec	2412	-78	0800	Kal'tsit
60:ce:41:ab:02:d0	2462	-70	0800	Kal'tsit
7c:39:85:2a:50:04	2462	-67	0800	Kal'tsit
nsh> [K
nsh> [K
ASSOCIATED_SCAN_ROUND=64 PASS
--- CMD: wapi scan wlan0 Kal\'tsit ---
wapi scan wlan0 Kal\'tsit
[CPU0] esp_wifi_start_scan: S31 scan request: type=0 channel=0 country_ret=0 first=1 count=11
[CPU0] esp_event_post_wrapper: S31 scan event: status=0 aps=3 id=192
[CPU0] esp_event_post_wrapper: S31 Wi-Fi ISR calls: cpu0=16349 cpu1=0
[CPU0] esp_wifi_scan_event_parse: S31 scan count: ret=0 aps=3
bssid / frequency / signal level / encode / ssid
60:ce:41:46:0e:ec	2412	-75	0800	Kal'tsit
60:ce:41:ab:02:d0	2462	-70	0800	Kal'tsit
7c:39:85:2a:50:04	2462	-66	0800	Kal'tsit
nsh> [K
nsh> [K
ASSOCIATED_SCAN_ROUND=65 PASS
--- CMD: wapi scan wlan0 Kal\'tsit ---
wapi scan wlan0 Kal\'tsit
[CPU0] esp_wifi_start_scan: S31 scan request: type=0 channel=0 country_ret=0 first=1 count=11
[CPU0] esp_event_post_wrapper: S31 scan event: status=0 aps=3 id=193
[CPU0] esp_event_post_wrapper: S31 Wi-Fi ISR calls: cpu0=16518 cpu1=0
[CPU0] esp_wifi_scan_event_parse: S31 scan count: ret=0 aps=3
bssid / frequency / signal level / encode / ssid
60:ce:41:46:0e:ec	2412	-75	0800	Kal'tsit
60:ce:41:ab:02:d0	2462	-70	0800	Kal'tsit
7c:39:85:2a:50:04	2462	-67	0800	Kal'tsit
nsh> [K
nsh> [K
ASSOCIATED_SCAN_ROUND=66 PASS
--- CMD: wapi scan wlan0 Kal\'tsit ---
wapi scan wlan0 Kal\'tsit
[CPU0] esp_wifi_start_scan: S31 scan request: type=0 channel=0 country_ret=0 first=1 count=11
[CPU0] esp_event_post_wrapper: S31 scan event: status=0 aps=3 id=194
[CPU0] esp_event_post_wrapper: S31 Wi-Fi ISR calls: cpu0=16679 cpu1=0
[CPU0] esp_wifi_scan_event_parse: S31 scan count: ret=0 aps=3
bssid / frequency / signal level / encode / ssid
60:ce:41:46:0e:ec	2412	-86	0800	Kal'tsit
60:ce:41:ab:02:d0	2462	-71	0800	Kal'tsit
7c:39:85:2a:50:04	2462	-68	0800	Kal'tsit
nsh> [K
nsh> [K
ASSOCIATED_SCAN_ROUND=67 PASS
--- CMD: wapi scan wlan0 Kal\'tsit ---
wapi scan wlan0 Kal\'tsit
[CPU0] esp_wifi_start_scan: S31 scan request: type=0 channel=0 country_ret=0 first=1 count=11
[CPU0] esp_event_post_wrapper: S31 scan event: status=0 aps=3 id=195
[CPU0] esp_event_post_wrapper: S31 Wi-Fi ISR calls: cpu0=16847 cpu1=0
[CPU0] esp_wifi_scan_event_parse: S31 scan count: ret=0 aps=3
bssid / frequency / signal level / encode / ssid
60:ce:41:46:0e:ec	2412	-77	0800	Kal'tsit
60:ce:41:ab:02:d0	2462	-71	0800	Kal'tsit
7c:39:85:2a:50:04	2462	-68	0800	Kal'tsit
nsh> [K
nsh> [K
ASSOCIATED_SCAN_ROUND=68 PASS
--- CMD: wapi scan wlan0 Kal\'tsit ---
wapi scan wlan0 Kal\'tsit
[CPU0] esp_wifi_start_scan: S31 scan request: type=0 channel=0 country_ret=0 first=1 count=11
[CPU0] esp_event_post_wrapper: S31 scan event: status=0 aps=3 id=196
[CPU0] esp_event_post_wrapper: S31 Wi-Fi ISR calls: cpu0=17008 cpu1=0
[CPU0] esp_wifi_scan_event_parse: S31 scan count: ret=0 aps=3
bssid / frequency / signal level / encode / ssid
60:ce:41:46:0e:ec	2412	-76	0800	Kal'tsit
7c:39:85:2a:50:04	2462	-73	0800	Kal'tsit
60:ce:41:ab:02:d0	2462	-70	0800	Kal'tsit
nsh> [K
nsh> [K
ASSOCIATED_SCAN_ROUND=69 PASS
--- CMD: wapi scan wlan0 Kal\'tsit ---
wapi scan wlan0 Kal\'tsit
[CPU0] esp_wifi_start_scan: S31 scan request: type=0 channel=0 country_ret=0 first=1 count=11
[CPU0] esp_event_post_wrapper: S31 scan event: status=0 aps=3 id=197
[CPU0] esp_event_post_wrapper: S31 Wi-Fi ISR calls: cpu0=17170 cpu1=0
[CPU0] esp_wifi_scan_event_parse: S31 scan count: ret=0 aps=3
bssid / frequency / signal level / encode / ssid
60:ce:41:46:0e:ec	2412	-74	0800	Kal'tsit
60:ce:41:ab:02:d0	2462	-71	0800	Kal'tsit
7c:39:85:2a:50:04	2462	-69	0800	Kal'tsit
nsh> [K
nsh> [K
ASSOCIATED_SCAN_ROUND=70 PASS
--- CMD: wapi scan wlan0 Kal\'tsit ---
wapi scan wlan0 Kal\'tsit
[CPU0] esp_wifi_start_scan: S31 scan request: type=0 channel=0 country_ret=0 first=1 count=11
[CPU0] esp_event_post_wrapper: S31 scan event: status=0 aps=3 id=198
[CPU0] esp_event_post_wrapper: S31 Wi-Fi ISR calls: cpu0=17357 cpu1=0
[CPU0] esp_wifi_scan_event_parse: S31 scan count: ret=0 aps=3
bssid / frequency / signal level / encode / ssid
60:ce:41:46:0e:ec	2412	-76	0800	Kal'tsit
60:ce:41:ab:02:d0	2462	-71	0800	Kal'tsit
7c:39:85:2a:50:04	2462	-65	0800	Kal'tsit
nsh> [K
nsh> [K
ASSOCIATED_SCAN_ROUND=71 PASS
--- CMD: wapi scan wlan0 Kal\'tsit ---
wapi scan wlan0 Kal\'tsit
[CPU0] esp_wifi_start_scan: S31 scan request: type=0 channel=0 country_ret=0 first=1 count=11
[CPU0] esp_event_post_wrapper: S31 scan event: status=0 aps=3 id=199
[CPU0] esp_event_post_wrapper: S31 Wi-Fi ISR calls: cpu0=17538 cpu1=0
[CPU0] esp_wifi_scan_event_parse: S31 scan count: ret=0 aps=3
bssid / frequency / signal level / encode / ssid
60:ce:41:46:0e:ec	2412	-77	0800	Kal'tsit
7c:39:85:2a:50:04	2462	-70	0800	Kal'tsit
60:ce:41:ab:02:d0	2462	-69	0800	Kal'tsit
nsh> [K
nsh> [K
ASSOCIATED_SCAN_ROUND=72 PASS
--- CMD: wapi scan wlan0 Kal\'tsit ---
wapi scan wlan0 Kal\'tsit
[CPU0] esp_wifi_start_scan: S31 scan request: type=0 channel=0 country_ret=0 first=1 count=11
[CPU0] esp_event_post_wrapper: S31 scan event: status=0 aps=3 id=200
[CPU0] esp_event_post_wrapper: S31 Wi-Fi ISR calls: cpu0=17688 cpu1=0
[CPU0] esp_wifi_scan_event_parse: S31 scan count: ret=0 aps=3
bssid / frequency / signal level / encode / ssid
60:ce:41:ab:02:d0	2462	-77	0800	Kal'tsit
60:ce:41:46:0e:ec	2412	-76	0800	Kal'tsit
7c:39:85:2a:50:04	2462	-69	0800	Kal'tsit
nsh> [K
nsh> [K
ASSOCIATED_SCAN_ROUND=73 PASS
--- CMD: wapi scan wlan0 Kal\'tsit ---
wapi scan wlan0 Kal\'tsit
[CPU0] esp_wifi_start_scan: S31 scan request: type=0 channel=0 country_ret=0 first=1 count=11
[CPU0] esp_event_post_wrapper: S31 scan event: status=0 aps=3 id=201
[CPU0] esp_event_post_wrapper: S31 Wi-Fi ISR calls: cpu0=17856 cpu1=0
[CPU0] esp_wifi_scan_event_parse: S31 scan count: ret=0 aps=3
bssid / frequency / signal level / encode / ssid
60:ce:41:46:0e:ec	2412	-75	0800	Kal'tsit
60:ce:41:ab:02:d0	2462	-70	0800	Kal'tsit
7c:39:85:2a:50:04	2462	-69	0800	Kal'tsit
nsh> [K
nsh> [K
ASSOCIATED_SCAN_ROUND=74 PASS
--- CMD: wapi scan wlan0 Kal\'tsit ---
wapi scan wlan0 Kal\'tsit
[CPU0] esp_wifi_start_scan: S31 scan request: type=0 channel=0 country_ret=0 first=1 count=11
[CPU0] esp_event_post_wrapper: S31 scan event: status=0 aps=3 id=202
[CPU0] esp_event_post_wrapper: S31 Wi-Fi ISR calls: cpu0=18010 cpu1=0
[CPU0] esp_wifi_scan_event_parse: S31 scan count: ret=0 aps=3
bssid / frequency / signal level / encode / ssid
60:ce:41:46:0e:ec	2412	-84	0800	Kal'tsit
60:ce:41:ab:02:d0	2462	-70	0800	Kal'tsit
7c:39:85:2a:50:04	2462	-68	0800	Kal'tsit
nsh> [K
nsh> [K
ASSOCIATED_SCAN_ROUND=75 PASS
--- CMD: wapi scan wlan0 Kal\'tsit ---
wapi scan wlan0 Kal\'tsit
[CPU0] esp_wifi_start_scan: S31 scan request: type=0 channel=0 country_ret=0 first=1 count=11
[CPU0] esp_event_post_wrapper: S31 scan event: status=0 aps=3 id=203
[CPU0] esp_event_post_wrapper: S31 Wi-Fi ISR calls: cpu0=18207 cpu1=0
[CPU0] esp_wifi_scan_event_parse: S31 scan count: ret=0 aps=3
bssid / frequency / signal level / encode / ssid
60:ce:41:ab:02:d0	2462	-77	0800	Kal'tsit
60:ce:41:46:0e:ec	2412	-75	0800	Kal'tsit
7c:39:85:2a:50:04	2462	-68	0800	Kal'tsit
nsh> [K
nsh> [K
ASSOCIATED_SCAN_ROUND=76 PASS
--- CMD: wapi scan wlan0 Kal\'tsit ---
wapi scan wlan0 Kal\'tsit
[CPU0] esp_wifi_start_scan: S31 scan request: type=0 channel=0 country_ret=0 first=1 count=11
[CPU0] esp_event_post_wrapper: S31 scan event: status=0 aps=3 id=204
[CPU0] esp_event_post_wrapper: S31 Wi-Fi ISR calls: cpu0=18335 cpu1=0
[CPU0] esp_wifi_scan_event_parse: S31 scan count: ret=0 aps=3
bssid / frequency / signal level / encode / ssid
60:ce:41:46:0e:ec	2412	-84	0800	Kal'tsit
60:ce:41:ab:02:d0	2462	-70	0800	Kal'tsit
7c:39:85:2a:50:04	2462	-68	0800	Kal'tsit
nsh> [K
nsh> [K
ASSOCIATED_SCAN_ROUND=77 PASS
--- CMD: wapi scan wlan0 Kal\'tsit ---
wapi scan wlan0 Kal\'tsit
[CPU0] esp_wifi_start_scan: S31 scan request: type=0 channel=0 country_ret=0 first=1 count=11
[CPU0] esp_event_post_wrapper: S31 scan event: status=0 aps=3 id=205
[CPU0] esp_event_post_wrapper: S31 Wi-Fi ISR calls: cpu0=18494 cpu1=0
[CPU0] esp_wifi_scan_event_parse: S31 scan count: ret=0 aps=3
bssid / frequency / signal level / encode / ssid
60:ce:41:ab:02:d0	2462	-76	0800	Kal'tsit
60:ce:41:46:0e:ec	2412	-76	0800	Kal'tsit
7c:39:85:2a:50:04	2462	-68	0800	Kal'tsit
nsh> [K
nsh> [K
ASSOCIATED_SCAN_ROUND=78 PASS
--- CMD: wapi scan wlan0 Kal\'tsit ---
wapi scan wlan0 Kal\'tsit
[CPU0] esp_wifi_start_scan: S31 scan request: type=0 channel=0 country_ret=0 first=1 count=11
[CPU0] esp_event_post_wrapper: S31 scan event: status=0 aps=3 id=206
[CPU0] esp_event_post_wrapper: S31 Wi-Fi ISR calls: cpu0=18698 cpu1=0
[CPU0] esp_wifi_scan_event_parse: S31 scan count: ret=0 aps=3
bssid / frequency / signal level / encode / ssid
60:ce:41:46:0e:ec	2412	-84	0800	Kal'tsit
7c:39:85:2a:50:04	2462	-69	0800	Kal'tsit
60:ce:41:ab:02:d0	2462	-67	0800	Kal'tsit
nsh> [K
nsh> [K
ASSOCIATED_SCAN_ROUND=79 PASS
--- CMD: wapi scan wlan0 Kal\'tsit ---
wapi scan wlan0 Kal\'tsit
[CPU0] esp_wifi_start_scan: S31 scan request: type=0 channel=0 country_ret=0 first=1 count=11
[CPU0] esp_event_post_wrapper: S31 scan event: status=0 aps=3 id=207
[CPU0] esp_event_post_wrapper: S31 Wi-Fi ISR calls: cpu0=18888 cpu1=0
[CPU0] esp_wifi_scan_event_parse: S31 scan count: ret=0 aps=3
bssid / frequency / signal level / encode / ssid
60:ce:41:46:0e:ec	2412	-77	0800	Kal'tsit
60:ce:41:ab:02:d0	2462	-76	0800	Kal'tsit
7c:39:85:2a:50:04	2462	-68	0800	Kal'tsit
nsh> [K
nsh> [K
ASSOCIATED_SCAN_ROUND=80 PASS
--- CMD: wapi scan wlan0 Kal\'tsit ---
wapi scan wlan0 Kal\'tsit
[CPU0] esp_wifi_start_scan: S31 scan request: type=0 channel=0 country_ret=0 first=1 count=11
[CPU0] esp_event_post_wrapper: S31 scan event: status=0 aps=3 id=208
[CPU0] esp_event_post_wrapper: S31 Wi-Fi ISR calls: cpu0=19064 cpu1=0
[CPU0] esp_wifi_scan_event_parse: S31 scan count: ret=0 aps=3
bssid / frequency / signal level / encode / ssid
60:ce:41:46:0e:ec	2412	-76	0800	Kal'tsit
60:ce:41:ab:02:d0	2462	-70	0800	Kal'tsit
7c:39:85:2a:50:04	2462	-66	0800	Kal'tsit
nsh> [K
nsh> [K
ASSOCIATED_SCAN_ROUND=81 PASS
--- CMD: wapi scan wlan0 Kal\'tsit ---
wapi scan wlan0 Kal\'tsit
[CPU0] esp_wifi_start_scan: S31 scan request: type=0 channel=0 country_ret=0 first=1 count=11
[CPU0] esp_event_post_wrapper: S31 scan event: status=0 aps=3 id=209
[CPU0] esp_event_post_wrapper: S31 Wi-Fi ISR calls: cpu0=19264 cpu1=0
[CPU0] esp_wifi_scan_event_parse: S31 scan count: ret=0 aps=3
bssid / frequency / signal level / encode / ssid
60:ce:41:46:0e:ec	2412	-84	0800	Kal'tsit
60:ce:41:ab:02:d0	2462	-77	0800	Kal'tsit
7c:39:85:2a:50:04	2462	-70	0800	Kal'tsit
nsh> [K
nsh> [K
ASSOCIATED_SCAN_ROUND=82 PASS
--- CMD: wapi scan wlan0 Kal\'tsit ---
wapi scan wlan0 Kal\'tsit
[CPU0] esp_wifi_start_scan: S31 scan request: type=0 channel=0 country_ret=0 first=1 count=11
[CPU0] esp_event_post_wrapper: S31 scan event: status=0 aps=3 id=210
[CPU0] esp_event_post_wrapper: S31 Wi-Fi ISR calls: cpu0=19434 cpu1=0
[CPU0] esp_wifi_scan_event_parse: S31 scan count: ret=0 aps=3
bssid / frequency / signal level / encode / ssid
60:ce:41:46:0e:ec	2412	-77	0800	Kal'tsit
60:ce:41:ab:02:d0	2462	-70	0800	Kal'tsit
7c:39:85:2a:50:04	2462	-67	0800	Kal'tsit
nsh> [K
nsh> [K
ASSOCIATED_SCAN_ROUND=83 PASS
--- CMD: wapi scan wlan0 Kal\'tsit ---
wapi scan wlan0 Kal\'tsit
[CPU0] esp_wifi_start_scan: S31 scan request: type=0 channel=0 country_ret=0 first=1 count=11
[CPU0] esp_event_post_wrapper: S31 scan event: status=0 aps=3 id=211
[CPU0] esp_event_post_wrapper: S31 Wi-Fi ISR calls: cpu0=19612 cpu1=0
[CPU0] esp_wifi_scan_event_parse: S31 scan count: ret=0 aps=3
bssid / frequency / signal level / encode / ssid
60:ce:41:46:0e:ec	2412	-76	0800	Kal'tsit
60:ce:41:ab:02:d0	2462	-70	0800	Kal'tsit
7c:39:85:2a:50:04	2462	-68	0800	Kal'tsit
nsh> [K
nsh> [K
ASSOCIATED_SCAN_ROUND=84 PASS
--- CMD: wapi scan wlan0 Kal\'tsit ---
wapi scan wlan0 Kal\'tsit
[CPU0] esp_wifi_start_scan: S31 scan request: type=0 channel=0 country_ret=0 first=1 count=11
[CPU0] esp_event_post_wrapper: S31 scan event: status=0 aps=3 id=212
[CPU0] esp_event_post_wrapper: S31 Wi-Fi ISR calls: cpu0=19763 cpu1=0
[CPU0] esp_wifi_scan_event_parse: S31 scan count: ret=0 aps=3
bssid / frequency / signal level / encode / ssid
60:ce:41:46:0e:ec	2412	-76	0800	Kal'tsit
60:ce:41:ab:02:d0	2462	-71	0800	Kal'tsit
7c:39:85:2a:50:04	2462	-69	0800	Kal'tsit
nsh> [K
nsh> [K
ASSOCIATED_SCAN_ROUND=85 PASS
--- CMD: wapi scan wlan0 Kal\'tsit ---
wapi scan wlan0 Kal\'tsit
[CPU0] esp_wifi_start_scan: S31 scan request: type=0 channel=0 country_ret=0 first=1 count=11
[CPU0] esp_event_post_wrapper: S31 scan event: status=0 aps=3 id=213
[CPU0] esp_event_post_wrapper: S31 Wi-Fi ISR calls: cpu0=19984 cpu1=0
[CPU0] esp_wifi_scan_event_parse: S31 scan count: ret=0 aps=3
bssid / frequency / signal level / encode / ssid
60:ce:41:46:0e:ec	2412	-77	0800	Kal'tsit
7c:39:85:2a:50:04	2462	-69	0800	Kal'tsit
60:ce:41:ab:02:d0	2462	-69	0800	Kal'tsit
nsh> [K
nsh> [K
ASSOCIATED_SCAN_ROUND=86 PASS
--- CMD: wapi scan wlan0 Kal\'tsit ---
wapi scan wlan0 Kal\'tsit
[CPU0] esp_wifi_start_scan: S31 scan request: type=0 channel=0 country_ret=0 first=1 count=11
[CPU0] esp_event_post_wrapper: S31 scan event: status=0 aps=3 id=214
[CPU0] esp_event_post_wrapper: S31 Wi-Fi ISR calls: cpu0=20165 cpu1=0
[CPU0] esp_wifi_scan_event_parse: S31 scan count: ret=0 aps=3
bssid / frequency / signal level / encode / ssid
60:ce:41:46:0e:ec	2412	-77	0800	Kal'tsit
60:ce:41:ab:02:d0	2462	-75	0800	Kal'tsit
7c:39:85:2a:50:04	2462	-67	0800	Kal'tsit
nsh> [K
nsh> [K
ASSOCIATED_SCAN_ROUND=87 PASS
--- CMD: wapi scan wlan0 Kal\'tsit ---
wapi scan wlan0 Kal\'tsit
[CPU0] esp_wifi_start_scan: S31 scan request: type=0 channel=0 country_ret=0 first=1 count=11
[CPU0] esp_event_post_wrapper: S31 scan event: status=0 aps=3 id=215
[CPU0] esp_event_post_wrapper: S31 Wi-Fi ISR calls: cpu0=20367 cpu1=0
[CPU0] esp_wifi_scan_event_parse: S31 scan count: ret=0 aps=3
bssid / frequency / signal level / encode / ssid
60:ce:41:46:0e:ec	2412	-77	0800	Kal'tsit
60:ce:41:ab:02:d0	2462	-70	0800	Kal'tsit
7c:39:85:2a:50:04	2462	-69	0800	Kal'tsit
nsh> [K
nsh> [K
ASSOCIATED_SCAN_ROUND=88 PASS
--- CMD: wapi scan wlan0 Kal\'tsit ---
wapi scan wlan0 Kal\'tsit
[CPU0] esp_wifi_start_scan: S31 scan request: type=0 channel=0 country_ret=0 first=1 count=11
[CPU0] esp_event_post_wrapper: S31 scan event: status=0 aps=3 id=216
[CPU0] esp_event_post_wrapper: S31 Wi-Fi ISR calls: cpu0=20518 cpu1=0
[CPU0] esp_wifi_scan_event_parse: S31 scan count: ret=0 aps=3
bssid / frequency / signal level / encode / ssid
60:ce:41:46:0e:ec	2412	-76	0800	Kal'tsit
60:ce:41:ab:02:d0	2462	-70	0800	Kal'tsit
7c:39:85:2a:50:04	2462	-69	0800	Kal'tsit
nsh> [K
nsh> [K
ASSOCIATED_SCAN_ROUND=89 PASS
{"case": "5.1.27", "status": "FAIL", "receipt": "build1354-network-sendbuf.sha256", "completed": 89, "error": "wapi scan wlan0 Kal\\'tsit\r\n", "elapsed_seconds": 372.2258774689981}
