--- CMD: cat /proc/net/tcp ---
cat /proc/net/tcp
nsh> [K
nsh> [K
--- CMD: cat /proc/iobinfo ---
cat /proc/iobinfo
    ntotal     nfree     nwait nthrottle
        96        96         0        72
nsh> [K
nsh> [K
--- CMD: ifconfig ---
ifconfig
wlan0	Link encap:Ethernet HWaddr 30:ed:a0:f3:f7:b0 at RUNNING mtu 1500
	inet addr:192.168.1.60 DRaddr:192.168.1.1 Mask:255.255.255.0

             IPv4   TCP   UDP  ICMP
Received     0010  0000  000d  0003
Dropped      0000  0000  0000  0000
  IPv4        VHL: 0000   Frg: 0000
  Checksum   0000  0000  0000  0000
  TCP         ACK: 0000   SYN: 0000
              RST: 0000  0000
              HDR: 0000
  Type       0000  ----  ----  0000
Sent         0005  0000  0002  0003
  Rexmit     ----  0000  ----  ----
nsh> [K
nsh> [K
--- CMD: iperf2 -c 192.168.1.29 -i 1 -p 5002 -t 20 > /tmp/tcp1616.log & ---
iperf2 -c 192.168.1.29 -i 1 -p 5002 -t 20 > /tmp/tcp1616.log &
iperf2 [10:101]
nsh> [K
nsh> [K
--- CMD: cat /proc/net/tcp ---
cat /proc/net/tcp
TCP sl  st flg ref tmr uack nrt   txsz   rxsz local_address           remote_address         
     1: 04  61   1   3 1460   0  17520      0     192.168.1.60:12608      192.168.1.29:5002  
nsh> [K
nsh> [K
--- CMD: cat /proc/iobinfo ---
cat /proc/iobinfo
    ntotal     nfree     nwait nthrottle
        96        46         0        22
nsh> [K
nsh> [K
--- CMD: cat /proc/net/tcp ---
cat /proc/net/tcp
TCP sl  st flg ref tmr uack nrt   txsz   rxsz local_address           remote_address         
     1: 04  61   1   3 1460   0  18980      0     192.168.1.60:12608      192.168.1.29:5002  
nsh> [K
nsh> [K
--- CMD: cat /proc/iobinfo ---
cat /proc/iobinfo
    ntotal     nfree     nwait nthrottle
        96        46         0        22
nsh> [K
nsh> [K
--- CMD: cat /proc/net/tcp ---
cat /proc/net/tcp
TCP sl  st flg ref tmr uack nrt   txsz   rxsz local_address           remote_address         
     1: 04  61   1   0    0   0  18980      0     192.168.1.60:12608      192.168.1.29:5002  
nsh> [K
nsh> [K
--- CMD: cat /proc/iobinfo ---
cat /proc/iobinfo
    ntotal     nfree     nwait nthrottle
        96        42         0        18
nsh> [K
nsh> [K
--- CMD: cat /proc/net/tcp ---
cat /proc/net/tcp
TCP sl  st flg ref tmr uack nrt   txsz   rxsz local_address           remote_address         
     1: 04  61   1   3 1460   0  17520      0     192.168.1.60:12608      192.168.1.29:5002  
nsh> [K
nsh> [K
--- CMD: cat /proc/iobinfo ---
cat /proc/iobinfo
    ntotal     nfree     nwait nthrottle
        96        43         0        19
nsh> [K
nsh> [K
--- CMD: cat /proc/net/tcp ---
cat /proc/net/tcp
TCP sl  st flg ref tmr uack nrt   txsz   rxsz local_address           remote_address         
     1: 04  61   1   3 1460   0  18980      0     192.168.1.60:12608      192.168.1.29:5002  
nsh> [K
nsh> [K
--- CMD: cat /proc/iobinfo ---
cat /proc/iobinfo
    ntotal     nfree     nwait nthrottle
        96        46         0        22
nsh> [K
nsh> [K
--- CMD: cat /proc/net/tcp ---
cat /proc/net/tcp
TCP sl  st flg ref tmr uack nrt   txsz   rxsz local_address           remote_address         
     1: 04  61   1   3 1460   0  18980      0     192.168.1.60:12608      192.168.1.29:5002  
nsh> [K
nsh> [K
--- CMD: cat /proc/iobinfo ---
cat /proc/iobinfo
    ntotal     nfree     nwait nthrottle
        96        45         0        21
nsh> [K
nsh> [K
--- CMD: cat /proc/net/tcp ---
cat /proc/net/tcp
TCP sl  st flg ref tmr uack nrt   txsz   rxsz local_address           remote_address         
     1: 04  61   1   3 1460   0  18980      0     192.168.1.60:12608      192.168.1.29:5002  
nsh> [K
nsh> [K
--- CMD: cat /proc/iobinfo ---
cat /proc/iobinfo
    ntotal     nfree     nwait nthrottle
        96        48         0        24
nsh> [K
nsh> [K
--- CMD: cat /proc/net/tcp ---
cat /proc/net/tcp
TCP sl  st flg ref tmr uack nrt   txsz   rxsz local_address           remote_address         
     1: 04  61   1   0    0   0  17520      0     192.168.1.60:12608      192.168.1.29:5002  
nsh> [K
nsh> [K
--- CMD: cat /proc/iobinfo ---
cat /proc/iobinfo
    ntotal     nfree     nwait nthrottle
        96        51         0        27
nsh> [K
nsh> [K
--- CMD: ps ---
ps
  PID GROUP CPU(AFFINITY)   PRI POLICY   TYPE    NPX STATE    EVENT     SIGMASK            STACK COMMAND
    0     0 000(0x00000003)   0 FIFO     Kthread   - Assigned           0000000000000000 0003024 CPU0 IDLE
    1     0 001(0x00000003)   0 FIFO     Kthread   - Running            0000000000000000 0003024 CPU1 IDLE
    2     0 ---(0x00000003) 100 RR       Kthread   - Waiting  Semaphore 0000000000000000 0001952 lpwork 0x2f018bc0 0x2f018c0c
    4     0 ---(0x00000003) 223 RR       Kthread   - Waiting  Semaphore 0000000000000000 0001968 hr_timer
    5     0 ---(0x00000001) 124 RR       Kthread   - Waiting  Semaphore 0000000000000000 0004016 ble_ctrl
    6     0 ---(0x00000001) 253 RR       Kthread   - Waiting  MQ empty  0000000000000000 0003520 wifi
    7     7 000(0x00000003) 101 RR       Task      - Running            0000000000000000 0004016 /system/bin/init
   10    10 ---(0x00000003) 100 RR       Task      - Waiting  Semaphore 0000000000000000 0008048 iperf2 -c 192.168.1.29 -i 1 -p 5002 -t 20
   11    10 ---(0x00000003) 101 RR       pthread   - Waiting  Signal    0000000000000000 0008144 iperf2 0x6100d684 0x61800808
   12    10 ---(0x00000003) 100 RR       pthread   - Waiting  Semaphore 0000000000000000 0008144 iperf2 0x6100d684 0x61800550
nsh> [K
nsh> [K
--- CMD: cat /tmp/tcp1616.log ---
cat /tmp/tcp1616.log
------------------------------------------------------------
Client connecting to 192.168.1.29, TCP port 5002
TCP window size: 16.0 KByte
------------------------------------------------------------
[  1] local 192.168.1.60 port 12608 connected with 192.168.1.29 port 5002
[ ID] Interval       Transfer     Bandwidth
[  1] 0.00-1.00 sec  48.1 KBytes   394 Kbits/sec
[  1] 1.00-2.00 sec  48.0 KBytes   393 Kbits/sec
[  1] 2.00-3.00 sec  28.3 KBytes   232 Kbits/sec
[  1] 3.00-4.00 sec  41.0 KBytes   336 Kbits/sec
[  1] 4.00-5.00 sec  28.5 KBytes   234 Kbits/sec
[  1] 5.00-6.00 sec  32.0 KBytes   262 Kbits/sec
[  1] 6.00-7.00 sec  29.6 KBytes   243 Kbits/sec
[  1] 7.00-8.00 sec  41.0 KBytes   336 Kbits/sec
[  1] 8.00-9.00 sec  32.0 KBytes   262 Kbits/sec
[  1] 9.00-10.00 sec  48.0 KBytes   393 Kbits/sec
[  1] 10.00-11.00 sec  32.0 KBytes   262 Kbits/sec
[  1] 11.00-12.00 sec  32.0 KBytes   262 Kbits/sec
nsh> [K
nsh> [K
QUEUE_SAMPLED_REVIEW_REQUIRED
