--- CMD: ifup wlan0 ---
ifup wlan0
ifup wlan0...OK
nsh> [K
nsh> [K
--- CMD: wapi reconnect wlan0 ---
wapi reconnect wlan0
[CPU0] esp_event_post_wrapper: S31 associated: channel=6 auth=3 bssid=60:ce:41:46:0e:ec
[CPU1] esp_evt_work_cb: S31 driver STA MAC: 30:ed:a0:f3:f7:b0
[CPU1] esp_evt_work_cb: S31 driver power save: ret=0 mode=0
[CPU1] esp_evt_work_cb: S31 driver protocol: ret=0 bitmap=7
[CPU1] esp_evt_work_cb: S31 negotiated PHY: ret=0 mode=4
[CPU1] esp_evt_work_cb: S31 HE SU beamformee disabled: ret=0 value=0
[CPU1] s31_wifi_rx_counters: S31 modem clocks connected: conf1=0038e7ff bb=1 bb80x1=1 bb44=1 mac=1 apb=1 fe160=1 sec=0
[CPU1] s31_wifi_rx_counters: S31 RX counters connected: ret=0 mpdu=24471 data=1021 fcs=13274 abort=28738 full=0 fifo=0 other=12952
[CPU1] s31_wifi_rx_counters: S31 HE counters: power=448 sigb=0 format=0 unsupported=0 siga=0 bboff=0 wdg=0
[CPU1] s31_wifi_rx_counters: S31 radio hangs: rx=0 tx=0 flags=00000000 panic=00000000 bf_timeout=0 bf_error=0
[CPU1] s31_wifi_rx_counters: S31 RX errors: ret=0 total=95 bitmap=95 tkip=0
[CPU0] s31_wifi_rx_counters: S31 RX types: ret=0 legacy=307 ht=407 su=0 ersu=0 mu=0 su_noeb=0 mu_noeb=0 stbc=0 retry=0
[CPU0] s31_wifi_rx_counters: S31 TX stats: ret=0 enable=623 complete=623 succ=384 ack=127 ba=188 retry=305 nomem=0 timeout=0
nsh> [K
nsh> [K
{"case": "5.1.26", "status": "FAIL", "receipt": "build1332-network-dns.sha256", "completed": 0, "error": "renew wlan0\r\n", "elapsed_seconds": 61.121621775004314}
