--- CMD: iperf2 -c 192.168.1.29 -i 1 -p 5002 -t 20 > /tmp/tcp1613.log & ---
iperf2 -c 192.168.1.29 -i 1 -p 5002 -t 20 > /tmp/tcp1613.log &
iperf2 [19:101]
nsh> [K
nsh> [K
--- CMD: cat /proc/net/tcp ---
cat /proc/net/tcp
nsh: cat: Could not open /proc/net/tcp (is procfs mounted?)
nsh: cat: open failed: No such file or directory
nsh> [K
nsh> [K
--- CMD: cat /proc/net/tcp ---
cat /proc/net/tcp
nsh: cat: Could not open /proc/net/tcp (is procfs mounted?)
nsh: cat: open failed: No such file or directory
nsh> [K
nsh> [K
--- CMD: cat /proc/net/tcp ---
cat /proc/net/tcp
nsh: cat: Could not open /proc/net/tcp (is procfs mounted?)
nsh: cat: open failed: No such file or directory
nsh> [K
nsh> [K
--- CMD: cat /proc/net/tcp ---
cat /proc/net/tcp
nsh: cat: Could not open /proc/net/tcp (is procfs mounted?)
nsh: cat: open failed: No such file or directory
nsh> [K
nsh> [K
--- CMD: cat /proc/net/tcp ---
cat /proc/net/tcp
nsh: cat: Could not open /proc/net/tcp (is procfs mounted?)
nsh: cat: open failed: No such file or directory
nsh> [K
nsh> [K
--- CMD: cat /proc/net/tcp ---
cat /proc/net/tcp
nsh: cat: Could not open /proc/net/tcp (is procfs mounted?)
nsh: cat: open failed: No such file or directory
nsh> [K
nsh> [K
--- CMD: cat /proc/net/tcp ---
cat /proc/net/tcp
nsh: cat: Could not open /proc/net/tcp (is procfs mounted?)
nsh: cat: open failed: No such file or directory
nsh> [K
nsh> [K
--- CMD: cat /proc/net/tcp ---
cat /proc/net/tcp
nsh: cat: Could not open /proc/net/tcp (is procfs mounted?)
nsh: cat: open failed: No such file or directory
nsh> [K
nsh> [K
--- CMD: cat /proc/net/tcp ---
cat /proc/net/tcp
nsh: cat: Could not open /proc/net/tcp (is procfs mounted?)
nsh: cat: open failed: No such file or directory
nsh> [K
nsh> [K
--- CMD: cat /proc/net/tcp ---
cat /proc/net/tcp
nsh: cat: Could not open /proc/net/tcp (is procfs mounted?)
nsh: cat: open failed: No such file or directory
nsh> [K
nsh> [K
--- CMD: ps ---
ps
  PID GROUP CPU(AFFINITY)   PRI POLICY   TYPE    NPX STATE    EVENT     SIGMASK            STACK COMMAND
    0     0 000(0x00000003)   0 FIFO     Kthread   - Assigned           0000000000000000 0003024 CPU0 IDLE
    1     0 001(0x00000003)   0 FIFO     Kthread   - Running            0000000000000000 0003024 CPU1 IDLE
    2     0 ---(0x00000003) 100 RR       Kthread   - Waiting  Semaphore 0000000000000000 0001952 lpwork 0x2f018bc0 0x2f018c0c
    4     0 ---(0x00000003) 223 RR       Kthread   - Waiting  Semaphore 0000000000000000 0001968 hr_timer
    5     0 ---(0x00000001) 124 RR       Kthread   - Waiting  Semaphore 0000000000000000 0004016 ble_ctrl
    6     0 ---(0x00000001) 253 RR       Kthread   - Waiting  MQ empty  0000000000000000 0003520 wifi
    7     7 000(0x00000003) 101 RR       Task      - Running            0000000000000000 0004016 /system/bin/init
   19    19 ---(0x00000003) 100 RR       Task      - Waiting  Semaphore 0000000000000000 0008048 iperf2 -c 192.168.1.29 -i 1 -p 5002 -t 20
   24    19 ---(0x00000003) 101 RR       pthread   - Waiting  Signal    0000000000000000 0008144 iperf2 0x6100d684 0x61800808
   25    19 ---(0x00000003) 100 RR       pthread   - Waiting  Semaphore 0000000000000000 0008144 iperf2 0x6100d684 0x61800550
nsh> [K
nsh> [K
--- CMD: cat /tmp/tcp1613.log ---
cat /tmp/tcp1613.log
------------------------------------------------------------
Client connecting to 192.168.1.29, TCP port 5002
TCP window size: 16.0 KByte
------------------------------------------------------------
[  1] local 192.168.1.60 port 21092 connected with 192.168.1.29 port 5002
[ ID] Interval       Transfer     Bandwidth
[  1] 0.00-1.00 sec  48.1 KBytes   394 Kbits/sec
[  1] 1.00-2.00 sec  30.7 KBytes   252 Kbits/sec
[  1] 2.00-3.00 sec  28.5 KBytes   234 Kbits/sec
[  1] 3.00-4.00 sec  41.0 KBytes   336 Kbits/sec
[  1] 4.00-5.00 sec  28.5 KBytes   234 Kbits/sec
[  1] 5.00-6.00 sec  28.5 KBytes   234 Kbits/sec
[  1] 6.00-7.00 sec  48.0 KBytes   393 Kbits/sec
[  1] 7.00-8.00 sec  48.0 KBytes   393 Kbits/sec
[  1] 8.00-9.00 sec  32.0 KBytes   262 Kbits/sec
[  1] 9.00-10.00 sec  48.0 KBytes   393 Kbits/sec
[  1] 10.00-11.00 sec  28.2 KBytes   231 Kbits/sec
nsh> [K
nsh> [K
OBSERVED_REVIEW_REQUIRED
