ESP-ROM:esp32s31-20251218
Build:Dec 18 2025
rst:0x1 (POWERON),boot:0x7f (SPI_FAST_FLASH_BOOT)
SPI mode:DIO, clock div:1
load:0x2e000000,len:0x18
load:0x2f000000,len:0x13f58
entry 0x2f010360
*** Booting NuttX ***
rtc: lma 0x00002020 vma 0x2e000000 len 0x18     (24)
dram: lma 0x00002040 vma 0x2f000000 len 0x13f58  (81752)
padd: lma 0x00015fc8 vma 0x00000000 len 0xa050   (41040)
imap: lma 0x00020020 vma 0x400c0020 len 0x1a200  (107008)
padd: lma 0x0003a228 vma 0x00000000 len 0x5ed0   (24272)
imap: lma 0x00040100 vma 0x40000100 len 0xb723c  (750140)
total segments stored 6
ABC[CPU0] CPU1 SMP online: ipi0=0 timer1=0
[CPU1] AppFS header: 2d726f6d3166732d
[CPU1] AppFS MTD boundary checks: PASS
[CPU1] AppFS writable LittleFS: offset=0x500000 size=0x700000
[CPU1] Initializing Wi-Fi station
[CPU0] E1 Wi-Fi station netdev ready
[CPU0] set_intr_wrapper: S31 IRQ route: cpu=0 source=122 vector=1 priority=1
[CPU0] set_intr_wrapper: S31 IRQ route: cpu=0 source=120 vector=1 priority=1
[CPU0] enable_intr_wrapper: S31 IRQ enable: mask=00000002 vector=1 irq=137
[CPU0] esp_wifi_sta_start: S31 frame statistics enable: rx=0 tx=0

NuttShell (NSH)
nsh> [K
NETWORK_BOOT=PASS seconds=0.649
--- CMD: ifup wlan0 ---
ifup wlan0
ifup wlan0...OK
nsh> [K
nsh> [K
--- CMD: wapi scan wlan0 ---
wapi scan wlan0
[CPU0] esp_wifi_start_scan: S31 scan request: type=0 channel=0 country_ret=0 first=1 count=11
[CPU0] esp_event_post_wrapper: S31 scan event: status=0 aps=13 id=128
[CPU0] esp_event_post_wrapper: S31 Wi-Fi ISR calls: cpu0=42 cpu1=0
[CPU0] esp_wifi_scan_event_parse: S31 scan count: ret=0 aps=13
bssid / frequency / signal level / encode / ssid
c2:a4:76:28:e1:eb	2437	-90	0800	@Ruijie-s9599_iot
c2:b9:cc:e7:e8:dd	2412	-90	0800	Jackie_GU
10:9f:4f:43:b2:ca	2437	-85	0800	CMCC-C2C9
b4:7c:a6:58:15:fe	2432	-84	0800	Home-Wireless
90:7e:43:c9:d4:3c	2427	-84	0800	XXN3M
a4:ba:70:3a:61:31	2412	-81	0800	CU-C4F4_plus
24:69:68:38:77:70	2412	-80	0800	wlj
bc:54:fc:36:e1:c2	2462	-79	0800	MERCURY_E1C2
94:bf:80:7e:6f:c9	2427	-78	0800	CU_rfNY
60:ce:41:46:0e:ec	2412	-73	0800	<redacted>
60:ce:41:ab:02:d2	2462	-66	0800	STB_T4Zp
7c:39:85:2a:50:04	2462	-65	0800	<redacted>
60:ce:41:ab:02:d0	2462	-64	0800	<redacted>
nsh> [K
nsh> [K
SCAN_SECONDS=2.971
SCAN_IOCTL=PASS
--- CMD: wapi pscan wlan0 ---
wapi pscan wlan0
[CPU0] esp_wifi_start_scan: S31 scan request: type=1 channel=0 country_ret=0 first=1 count=11
[CPU0] esp_event_post_wrapper: S31 scan event: status=0 aps=27 id=129
[CPU0] esp_event_post_wrapper: S31 Wi-Fi ISR calls: cpu0=118 cpu1=0
[CPU0] esp_wifi_scan_event_parse: S31 scan count: ret=0 aps=27
bssid / frequency / signal level / encode / ssid
68:dd:b7:77:db:38	2462	-91	0800	JSL
08:f4:58:ab:bf:e8	2437	-91	0800	HDMRC
8c:de:f9:a0:3f:6c	2442	-90	0800	Xiaomi_DDB3
08:f4:58:ab:c0:18	2437	-90	0800	HDMRC
3c:06:a7:2a:3e:71	2437	-90	0800	KYAFL
c0:a4:76:e8:e1:eb	2437	-89	0800	@Ruijie-s9599
c2:a4:76:28:e1:eb	2437	-88	0800	@Ruijie-s9599_iot
24:69:68:a9:77:6f	2412	-88	0800	TP-LINK_776F
b8:f8:83:2d:54:eb	2412	-87	0800	GS5.0
f4:2a:7d:53:3f:88	2462	-86	0800	TP-LINK_901
10:9f:4f:43:b2:ca	2437	-86	0800	CMCC-C2C9
64:75:20:ad:ed:3e	2417	-86	0800	CU_6hQR
c4:16:c8:5a:e5:6c	2462	-85	0800	HUAWEI-J
60:10:9e:e0:ae:2e	2417	-85	0800	STB_dK89
50:78:b3:a3:c4:f4	2412	-85	0800	CU-C4F4
98:0d:51:96:33:54	2437	-84	0800	HDMRC
30:99:35:5e:4f:63	2432	-84	0800	CU_nhbU
ca:33:e5:05:fe:88	2432	-84	0800	阳光
90:7e:43:c9:d4:3c	2427	-83	0800	XXN3M
24:69:68:38:77:70	2412	-81	0800	wlj
a4:ba:70:3a:61:31	2412	-81	0800	CU-C4F4_plus
bc:54:fc:36:e1:c2	2462	-80	0800	MERCURY_E1C2
94:bf:80:7e:6f:c9	2427	-78	0800	CU_rfNY
60:ce:41:46:0e:ec	2412	-72	0800	<redacted>
60:ce:41:ab:02:d2	2462	-65	0800	STB_T4Zp
7c:39:85:2a:50:04	2462	-65	0800	<redacted>
60:ce:41:ab:02:d0	2462	-64	0800	<redacted>
nsh> [K
nsh> [K
PSCAN_SECONDS=6.004
PSCAN_IOCTL=PASS
--- CMD: wapi psk wlan0 <redacted> 3 2 ---
wapi psk wlan0 <redacted> 3 2
nsh> [K
nsh> [K
--- CMD: wapi essid wlan0 <redacted> 2 ---
wapi essid wlan0 <redacted> 2
nsh> [K
nsh> [K
--- CMD: wapi ap wlan0 60:ce:41:ab:02:d0 ---
wapi ap wlan0 60:ce:41:ab:02:d0
[CPU0] esp_event_post_wrapper: S31 associated: channel=11 auth=3 bssid=60:ce:41:ab:02:d0
[CPU1] esp_evt_work_cb: S31 driver STA MAC: 30:ed:a0:f3:f7:b0
[CPU1] esp_evt_work_cb: S31 driver power save: ret=0 mode=0
[CPU0] esp_evt_work_cb: S31 driver protocol: ret=0 bitmap=7
[CPU0] esp_evt_work_cb: S31 negotiated PHY: ret=0 mode=4
[CPU0] esp_evt_work_cb: S31 HE SU beamformee disabled: ret=0 value=0
[CPU0] s31_wifi_rx_counters: S31 modem clocks connected: conf1=0038e7ff bb=1 bb80x1=1 bb44=1 mac=1 apb=1 fe160=1 sec=0
[CPU0] s31_wifi_rx_counters: S31 RX counters connected: ret=0 mpdu=29021 data=141 fcs=3107 abort=3427 full=0 fifo=0 other=1927
[CPU0] s31_wifi_rx_counters: S31 HE counters: power=385 sigb=0 format=0 unsupported=0 siga=0 bboff=0 wdg=0
[CPU0] s31_wifi_rx_counters: S31 radio hangs: rx=0 tx=0 flags=00000000 panic=00000000 bf_timeout=0 bf_error=0
[CPU0] s31_wifi_rx_counters: S31 RX errors: ret=0 total=0 bitmap=0 tkip=0
[CPU1] s31_wifi_rx_counters: S31 RX types: ret=0 legacy=3 ht=0 su=0 ersu=0 mu=0 su_noeb=0 mu_noeb=0 stbc=0 retry=0
[CPU0] s31_wifi_rx_counters: S31 TX stats: ret=0 enable=0 complete=0 succ=0 ack=0 ba=0 retry=0 nomem=0 timeout=0
nsh> [K
nsh> [K
PROTOCOL_PROFILE=PASS bitmap=7 phy=4
--- CMD: sleep 2 ---
sleep 2
nsh> [K
nsh> [K
--- CMD: ps ---
ps
  PID GROUP CPU(AFFINITY)   PRI POLICY   TYPE    NPX STATE    EVENT     SIGMASK            STACK COMMAND
    0     0 000(0x00000003)   0 FIFO     Kthread   - Assigned           0000000000000000 0003024 CPU0 IDLE
    1     0 001(0x00000003)   0 FIFO     Kthread   - Running            0000000000000000 0003024 CPU1 IDLE
    2     0 ---(0x00000003) 100 RR       Kthread   - Waiting  Semaphore 0000000000000000 0001952 lpwork 0x2f010f80 0x2f010fcc
    4     0 ---(0x00000003) 223 RR       Kthread   - Waiting  Semaphore 0000000000000000 0001968 hr_timer
    5     0 ---(0x00000001) 253 RR       Kthread   - Waiting  MQ empty  0000000000000000 0003520 wifi
    6     6 000(0x00000003) 101 RR       Task      - Running            0000000000000000 0004016 /system/bin/init
nsh> [K
nsh> [K
--- CMD: cat /dev/s31stat ---
cat /dev/s31stat
MONIRQ: cpu=0 defer=1840 replay=1840 ack=2474 drop=0 pending=0x0 sreplay=1
MONLAT: scope=monitor_to_wifi_cb units=cycles cpu=0 input=1 last=7865 max=78002 samples=251 over32=4 over100=2 over1000=0 sum=755329 direct=8 directmax=5378 deferred=243 deferredmax=78002
MONIRQ: cpu=1 defer=10544 replay=10544 ack=10555 drop=0 pending=0x0 sreplay=1
MONLAT: scope=monitor_to_wifi_cb units=cycles cpu=1 input=1 last=0 max=0 samples=0 over32=0 over100=0 over1000=0 sum=0 direct=0 directmax=0 deferred=0 deferredmax=0
ADDREN: created=6 fail=0 destroyed=5 live=1 livemax=2 pages=755 pgt=20
TCPSYNACK: seen=0 queued=0 nomem=0 error=0 badip=0 badtcp=0
WAIT: pid=2 object=0x2f010f94
LPTRACE: 0x40024aa2
WAIT: pid=4 object=0x2f010fec
nsh> [K
nsh> [K
--- CMD: ifconfig wlan0 ---
ifconfig wlan0
wlan0	Link encap:Ethernet HWaddr 30:ed:a0:f3:f7:b0 at RUNNING mtu 1500
	inet addr:0.0.0.0 DRaddr:10.0.0.1 Mask:255.255.255.0

nsh> [K
nsh> [K
--- CMD: renew wlan0 ---
renew wlan0
nsh> [K
nsh> [K
--- CMD: ifconfig wlan0 ---
ifconfig wlan0
wlan0	Link encap:Ethernet HWaddr 30:ed:a0:f3:f7:b0 at RUNNING mtu 1500
	inet addr:192.168.1.60 DRaddr:192.168.1.1 Mask:255.255.255.0

nsh> [K
nsh> [K
DHCP=PASS address=192.168.1.60
--- CMD: arp -i wlan0 -a 192.168.1.1 ---
arp -i wlan0 -a 192.168.1.1
nsh: arp: no such ARP entry: 192.168.1.1
nsh> [K
nsh> [K
--- CMD: ping -c 4 192.168.1.1 ---
ping -c 4 192.168.1.1
PING 192.168.1.1 56 bytes of data
56 bytes from 192.168.1.1: icmp_seq=0 time=50.0 ms
56 bytes from 192.168.1.1: icmp_seq=1 time=20.0 ms
56 bytes from 192.168.1.1: icmp_seq=2 time=20.0 ms
56 bytes from 192.168.1.1: icmp_seq=3 time=30.0 ms
4 packets transmitted, 4 received, 0% packet loss, time 4040 ms
rtt min/avg/max/mdev = 20.000/30.000/50.000/12.247 ms
nsh> [K
nsh> [K
--- CMD: arp -i wlan0 -a 192.168.1.1 ---
arp -i wlan0 -a 192.168.1.1
HWaddr: 60:ce:41:ab:02:ca
nsh> [K
nsh> [K
--- CMD: ping -c 4 192.168.1.1 ---
ping -c 4 192.168.1.1
PING 192.168.1.1 56 bytes of data
56 bytes from 192.168.1.1: icmp_seq=0 time=30.0 ms
56 bytes from 192.168.1.1: icmp_seq=1 time=20.0 ms
56 bytes from 192.168.1.1: icmp_seq=2 time=30.0 ms
56 bytes from 192.168.1.1: icmp_seq=3 time=20.0 ms
4 packets transmitted, 4 received, 0% packet loss, time 4040 ms
rtt min/avg/max/mdev = 20.000/25.000/30.000/5.000 ms
nsh> [K
nsh> [K
WARM_ARP_PING=PASS
COLD_GATEWAY_PING=PASS
--- CMD: cat /dev/s31stat ---
cat /dev/s31stat
MONIRQ: cpu=0 defer=6156 replay=6156 ack=6988 drop=0 pending=0x0 sreplay=6
MONLAT: scope=monitor_to_wifi_cb units=cycles cpu=0 input=1 last=767 max=335288 samples=2384 over32=22 over100=10 over1000=1 sum=5200355 direct=15 directmax=7050 deferred=2369 deferredmax=335288
MONIRQ: cpu=1 defer=12965 replay=12965 ack=12976 drop=0 pending=0x0 sreplay=1
MONLAT: scope=monitor_to_wifi_cb units=cycles cpu=1 input=1 last=0 max=0 samples=0 over32=0 over100=0 over1000=0 sum=0 direct=0 directmax=0 deferred=0 deferredmax=0
ADDRENV: created=9 fail=0 destroyed=8 live=1 livemax=2 pages=1179 pgt=32
TCPSYNACK: seen=0 queued=0 nomem=0 error=0 badip=0 badtcp=0
WAIT: pid=2 object=0x2f010f94
LPTRACE: 0x40024aa2
WAIT: pid=4 object=0x2f010fec
nsh> [K
nsh> [K
GATEWAY_PING=PASS
WPA2_DHCP_GATEWAY=PASS
--- CMD: ps ---
ps
  PID GROUP CPU(AFFINITY)   PRI POLICY   TYPE    NPX STATE    EVENT     SIGMASK            STACK COMMAND
    0     0 000(0x00000003)   0 FIFO     Kthread   - Assigned           0000000000000000 0003024 CPU0 IDLE
    1     0 001(0x00000003)   0 FIFO     Kthread   - Running            0000000000000000 0003024 CPU1 IDLE
    2     0 ---(0x00000003) 100 RR       Kthread   - Waiting  Semaphore 0000000000000000 0001952 lpwork 0x2f010f80 0x2f010fcc
    4     0 ---(0x00000003) 223 RR       Kthread   - Waiting  Semaphore 0000000000000000 0001968 hr_timer
    5     0 ---(0x00000001) 253 RR       Kthread   - Waiting  MQ empty  0000000000000000 0003520 wifi
    6     6 000(0x00000003) 101 RR       Task      - Running            0000000000000000 0004016 /system/bin/init
nsh> [K
nsh> [K
--- CMD: nettest & ---
nettest &
nettest [15:101]
nsh> [K
nsh> [KBinding to IPv4 Address: 00000000
server: Accepting connections on port 5471
NET_LEAK_LOAD_TCP_TEST_PID=15
--- CMD: arp -i wlan0 -d 192.168.1.29 ---
arp -i wlan0 -d 192.168.1.29
nsh: arp: no such ARP entry: 192.168.1.29
nsh> [K
nsh> [K
TCP_ARP_MODE=cold cleanup=board-reset
--- CMD: arp -i wlan0 -a 192.168.1.29 ---
arp -i wlan0 -a 192.168.1.29
nsh: arp: no such ARP entry: 192.168.1.29
nsh> [K
nsh> [K
--- CMD: cat /proc/net/tcp ---
cat /proc/net/tcp
nsh> [K
nsh> [K
--- CMD: cat /proc/net/stat ---
cat /proc/net/stat
             IPv4   TCP   UDP  ICMP
Received     000a  0000  0002  0008
Dropped      0000  0000  0000  0000
  IPv4        VHL: 0000   Frg: 0000
  Checksum   0000  0000  0000  0000
  TCP         ACK: 0000   SYN: 0000
              RST: 0000  0000
              HDR: 0000
  Type       0000  ----  ----  0000
Sent         000a  0000  0002  0008
  Rexmit     ----  0000  ----  ----
nsh> [K
nsh> [K
TCP_CONNECTED local=192.168.1.29 remote=192.168.1.60:5471
TCP_NETTEST=PASS bytes=4096 sha256=1301c7362ff8a67293b6cda58d8bbe583d48d90eac8acb0ef0d61fd5e66f6e62


--- SERIAL DURING TCP TEST ---
server: Connection accepted -- receiving
server: Reading...
server: Received 1460 of 4096 bytes
server: Reading...
server: Received 2920 of 4096 bytes
server: Reading...
server: Received 4096 of 4096 bytes
server: Sending 4096 bytes
server: Sent 4096 bytes
server: Wait before closing
server: Terminating

--- CMD: arp -i wlan0 -a 192.168.1.29 ---
arp -i wlan0 -a 192.168.1.29
HWaddr: a8:e2:91:97:1c:b4
nsh> [K
nsh> [K
--- CMD: cat /proc/net/tcp ---
cat /proc/net/tcp
TCP sl  st flg ref tmr uack nrt   rxsz local_address           remote_address         
     1: 09  40   0 240    0   0      0     192.168.1.60:5471       192.168.1.29:7002  
nsh> [K
nsh> [K
--- CMD: cat /proc/net/stat ---
cat /proc/net/stat
             IPv4   TCP   UDP  ICMP
Received     0014  000a  0002  0008
Dropped      0000  0000  0000  0000
  IPv4        VHL: 0000   Frg: 0000
  Checksum   0000  0000  0000  0000
  TCP         ACK: 0000   SYN: 0000
              RST: 0000  0000
              HDR: 0000
  Type       0000  ----  ----  0000
Sent         0011  0007  0002  0008
  Rexmit     ----  0000  ----  ----
nsh> [K
nsh> [K
--- CMD: cat /dev/s31stat ---
cat /dev/s31stat
MONIRQ: cpu=0 defer=7063 replay=7063 ack=8129 drop=0 pending=0x0 sreplay=6
MONLAT: scope=monitor_to_wifi_cb units=cycles cpu=0 input=1 last=1857 max=406225 samples=2527 over32=29 over100=15 over1000=2 sum=6565373 direct=18 directmax=7050 deferred=2509 deferredmax=406225
MONIRQ: cpu=1 defer=14764 replay=14764 ack=14775 drop=0 pending=0x0 sreplay=1
MONLAT: scope=monitor_to_wifi_cb units=cycles cpu=1 input=1 last=0 max=0 samples=0 over32=0 over100=0 over1000=0 sum=0 direct=0 directmax=0 deferred=0 deferredmax=0
ADDRENV: created=10 fail=0 destroyed=9 live=1 livemax=2 pages=1317 pgt=36
TCPSYNACK: seen=1 queued=1 nomem=0 error=0 badip=0 badtcp=0
WAIT: pid=2 object=0x2f010f94
LPTRACE: 0x40024aa2
WAIT: pid=4 object=0x2f010fec
nsh> [K
nsh> [K
--- CMD: ps ---
ps
  PID GROUP CPU(AFFINITY)   PRI POLICY   TYPE    NPX STATE    EVENT     SIGMASK            STACK COMMAND
    0     0 000(0x00000003)   0 FIFO     Kthread   - Assigned           0000000000000000 0003024 CPU0 IDLE
    1     0 001(0x00000003)   0 FIFO     Kthread   - Running            0000000000000000 0003024 CPU1 IDLE
    2     0 ---(0x00000003) 100 RR       Kthread   - Waiting  Semaphore 0000000000000000 0001952 lpwork 0x2f010f80 0x2f010fcc
    4     0 ---(0x00000003) 223 RR       Kthread   - Waiting  Semaphore 0000000000000000 0001968 hr_timer
    5     0 ---(0x00000001) 253 RR       Kthread   - Waiting  MQ empty  0000000000000000 0003520 wifi
    6     6 000(0x00000003) 101 RR       Task      - Running            0000000000000000 0004016 /system/bin/init
nsh> [K
nsh> [K
--- CMD: ps ---
ps
  PID GROUP CPU(AFFINITY)   PRI POLICY   TYPE    NPX STATE    EVENT     SIGMASK            STACK COMMAND
    0     0 000(0x00000003)   0 FIFO     Kthread   - Assigned           0000000000000000 0003024 CPU0 IDLE
    1     0 001(0x00000003)   0 FIFO     Kthread   - Running            0000000000000000 0003024 CPU1 IDLE
    2     0 ---(0x00000003) 100 RR       Kthread   - Waiting  Semaphore 0000000000000000 0001952 lpwork 0x2f010f80 0x2f010fcc
    4     0 ---(0x00000003) 223 RR       Kthread   - Waiting  Semaphore 0000000000000000 0001968 hr_timer
    5     0 ---(0x00000001) 253 RR       Kthread   - Waiting  MQ empty  0000000000000000 0003520 wifi
    6     6 000(0x00000003) 101 RR       Task      - Running            0000000000000000 0004016 /system/bin/init
nsh> [K
nsh> [K
TCP_SERVER_EXIT=PASS
--- CMD: ifdown wlan0 ---
ifdown wlan0
[CPU0] s31_wifi_rx_counters: S31 modem clocks stop: conf1=0038e7ff bb=1 bb80x1=1 bb44=1 mac=1 apb=1 fe160=1 sec=0
[CPU0] s31_wifi_rx_counters: S31 RX counters stop: ret=0 mpdu=63865 data=1123 fcs=4092 abort=10260 full=0 fifo=0 other=6445
[CPU0] s31_wifi_rx_counters: S31 HE counters: power=398 sigb=0 format=0 unsupported=0 siga=2 bboff=0 wdg=0
[CPU0] s31_wifi_rx_counters: S31 radio hangs: rx=0 tx=0 flags=00000000 panic=00000000 bf_timeout=0 bf_error=0
[CPU0] s31_wifi_rx_counters: S31 RX errors: ret=0 total=0 bitmap=0 tkip=0
[CPU0] s31_wifi_rx_counters: S31 RX types: ret=0 legacy=16 ht=18 su=0 ersu=0 mu=0 su_noeb=0 mu_noeb=0 stbc=0 retry=0
[CPU0] s31_wifi_rx_counters: S31 TX stats: ret=0 enable=32 complete=32 succ=22 ack=7 ba=15 retry=14 nomem=0 timeout=0
[CPU0] esp_event_post_wrapper: Station disconnected: reason=8 rssi=-63
[CPU0] disable_intr_wrapper: S31 IRQ disable: mask=00000002 vector=1 irq=137
[CPU1] esp_evt_work_cb: Failed to connect AP error=12290
ifdown wlan0...OK
nsh> [K
nsh> [K
PRE_RESET_IFDOWN=PASS
ESP-ROM:esp32s31-20251218
Build:Dec 18 2025
rst:0x1 (POWERON),boot:0x5f (SPI_FAST_FLASH_BOOT)
SPI mode:DIO, clock div:1
load:0x2e000000,len:0x18
load:0x2f000000,len:0x13f58
entry 0x2f010360
*** Booting NuttX ***
rtc: lma 0x00002020 vma 0x2e000000 len 0x18     (24)
dram: lma 0x00002040 vma 0x2f000000 len 0x13f58  (81752)
padd: lma 0x00015fc8 vma 0x00000000 len 0xa050   (41040)
imap: lma 0x00020020 vma 0x400c0020 len 0x1a200  (107008)
padd: lma 0x0003a228 vma 0x00000000 len 0x5ed0   (24272)
imap: lma 0x00040100 vma 0x40000100 len 0xb723c  (750140)
total segments stored 6
ABC[CPU0] CPU1 SMP online: ipi0=0 timer1=0
[CPU1] AppFS header: 2d726f6d3166732d
[CPU1] AppFS MTD boundary checks: PASS
[CPU1] AppFS writable LittleFS: offset=0x500000 size=0x700000
[CPU1] Initializing Wi-Fi station
[CPU0] E1 Wi-Fi station netdev ready
[CPU0] set_intr_wrapper: S31 IRQ route: cpu=0 source=122 vector=1 priority=1
[CPU0] set_intr_wrapper: S31 IRQ route: cpu=0 source=120 vector=1 priority=1
[CPU0] enable_intr_wrapper: S31 IRQ enable: mask=00000002 vector=1 irq=137
[CPU0] esp_wifi_sta_start: S31 frame statistics enable: rx=0 tx=0

NuttShell (NSH)
nsh> [K
NETWORK_CLEANUP_BOOT=PASS seconds=0.655
--- CMD: ifdown wlan0 ---
ifdown wlan0
[CPU0] s31_wifi_rx_counters: S31 modem clocks stop: conf1=0038e7ff bb=1 bb80x1=1 bb44=1 mac=1 apb=1 fe160=1 sec=0
[CPU0] s31_wifi_rx_counters: S31 RX counters stop: ret=0 mpdu=68 data=0 fcs=7 abort=11 full=0 fifo=0 other=8
[CPU0] s31_wifi_rx_counters: S31 HE counters: power=0 sigb=0 format=0 unsupported=0 siga=0 bboff=0 wdg=0
[CPU0] s31_wifi_rx_counters: S31 radio hangs: rx=0 tx=0 flags=00000000 panic=00000000 bf_timeout=0 bf_error=0
[CPU0] s31_wifi_rx_counters: S31 RX errors: ret=0 total=0 bitmap=0 tkip=0
[CPU0] s31_wifi_rx_counters: S31 RX types: ret=0 legacy=0 ht=0 su=0 ersu=0 mu=0 su_noeb=0 mu_noeb=0 stbc=0 retry=0
[CPU0] s31_wifi_rx_counters: S31 TX stats: ret=0 enable=0 complete=0 succ=0 ack=0 ba=0 retry=0 nomem=0 timeout=0
[CPU0] disable_intr_wrapper: S31 IRQ disable: mask=00000002 vector=1 irq=137
ifdown wlan0...OK
nsh> [K
nsh> [K
