ESP-ROM:esp32s31-20251218
Build:Dec 18 2025
rst:0x1 (POWERON),boot:0x7d (SPI_FAST_FLASH_BOOT)
SPI mode:DIO, clock div:1
load:0x2e000000,len:0x18
load:0x2f000000,len:0xee8c
load:0x2f00ef00,len:0x368c
entry 0x2f00ea54
*** Booting NuttX ***
rtc: lma 0x00002020 vma 0x2e000000 len 0x18     (24)
dram: lma 0x00002040 vma 0x2f000000 len 0xee8c   (61068)
dram: lma 0x00010ed4 vma 0x2f00ef00 len 0x368c   (13964)
padd: lma 0x00014598 vma 0x00000000 len 0xba80   (47744)
imap: lma 0x00020020 vma 0x400c0020 len 0x192fc  (103164)
padd: lma 0x00039324 vma 0x00000000 len 0x6dd4   (28116)
imap: lma 0x00040100 vma 0x40000100 len 0xb1680  (726656)
total segments stored 7
ABC[CPU0] CPU1 SMP online: ipi0=0 timer1=0
[CPU0] AppFS header: 2d726f6d3166732d
[CPU0] AppFS MTD boundary checks: PASS
[CPU0] AppFS writable LittleFS: offset=0x500000 size=0x700000
[CPU0] Initializing Wi-Fi station
[CPU0] E1 Wi-Fi station netdev ready
[CPU0] set_intr_wrapper: S31 IRQ route: cpu=0 source=122 vector=1 priority=1
[CPU0] set_intr_wrapper: S31 IRQ route: cpu=0 source=120 vector=1 priority=1
[CPU0] enable_intr_wrapper: S31 IRQ enable: mask=00000002 vector=1 irq=137

NuttShell (NSH)
nsh> [K
NETWORK_BOOT=PASS seconds=0.585
--- CMD: ifup wlan0 ---
ifup wlan0
ifup wlan0...OK
nsh> [K
nsh> [K
--- CMD: wapi scan wlan0 ---
wapi scan wlan0
[CPU0] esp_wifi_start_scan: S31 scan request: type=0 channel=0 country_ret=0 first=1 count=11
[CPU0] esp_event_post_wrapper: S31 scan event: status=0 aps=13 id=128
[CPU0] esp_event_post_wrapper: S31 Wi-Fi ISR calls: cpu0=55 cpu1=0
[CPU0] esp_wifi_scan_event_parse: S31 scan count: ret=0 aps=13
bssid / frequency / signal level / encode / ssid
60:10:9e:e0:ae:2c	2417	-87	0800	HUAWEI-J
d8:31:39:80:18:b0	2457	-86	0800	CU_9wN9
c2:a4:76:28:e1:eb	2437	-84	0800	@Ruijie-s9599_iot
98:bb:99:0b:c8:d8	2432	-84	0800	ASUS_1502
30:99:35:5e:4f:63	2432	-83	0800	CU_nhbU
98:0d:51:96:33:54	2437	-82	0800	HDMRC
a4:ba:70:3a:61:31	2412	-80	0800	CU-C4F4_plus
50:78:b3:a3:c4:f4	2412	-79	0800	CU-C4F4
60:ce:41:46:0e:ec	2437	-77	0800	<redacted>
24:69:68:38:77:70	2412	-77	0800	wlj
bc:54:fc:36:e1:c2	2462	-73	0800	MERCURY_E1C2
60:ce:41:ab:02:d0	2462	-63	0800	<redacted>
60:ce:41:ab:02:d2	2462	-62	0800	STB_T4Zp
nsh> [K
nsh> [K
SCAN_SECONDS=2.637
SCAN_IOCTL=PASS
--- CMD: wapi pscan wlan0 ---
wapi pscan wlan0
[CPU0] esp_wifi_start_scan: S31 scan request: type=1 channel=0 country_ret=0 first=1 count=11
[CPU0] esp_event_post_wrapper: S31 scan event: status=0 aps=24 id=129
[CPU0] esp_event_post_wrapper: S31 Wi-Fi ISR calls: cpu0=127 cpu1=0
[CPU0] esp_wifi_scan_event_parse: S31 scan count: ret=0 aps=24
bssid / frequency / signal level / encode / ssid
a4:ba:70:be:df:fb	2412	-89	0800	20371506
8c:de:f9:a0:3f:6c	2442	-88	0800	Xiaomi_DDB3
28:be:f3:8f:ec:26	2437	-88	0800	CMCC-bhm2
24:4b:fe:71:52:f0	2457	-87	0800	Asus-ax68u
98:bb:99:0b:c8:d8	2432	-86	0800	ASUS_1502
60:10:9e:e0:ae:2c	2417	-86	0800	HUAWEI-J
68:dd:b7:77:db:38	2462	-83	0800	JSL
c0:a4:76:e8:e1:eb	2437	-83	0800	@Ruijie-s9599
30:99:35:5e:4f:63	2432	-83	0800	CU_nhbU
ca:33:e5:05:fe:88	2432	-83	0800	阳光
b4:7c:a6:58:15:fe	2432	-83	0800	Home-Wireless
08:f4:58:ab:bf:e8	2437	-82	0800	HDMRC
60:ce:41:46:0e:ec	2437	-82	0800	<redacted>
3c:06:a7:2a:3e:71	2437	-82	0800	KYAFL
98:0d:51:96:33:54	2437	-81	0800	HDMRC
a4:ba:70:3a:61:31	2412	-80	0800	CU-C4F4_plus
10:9f:4f:43:b2:ca	2437	-79	0800	CMCC-C2C9
50:78:b3:a3:c4:f4	2412	-79	0800	CU-C4F4
24:69:68:38:77:70	2412	-77	0800	wlj
94:bf:80:7e:6f:c9	2427	-75	0800	CU_rfNY
bc:54:fc:36:e1:c2	2462	-72	0800	MERCURY_E1C2
7c:39:85:2a:50:04	2462	-67	0800	<redacted>
60:ce:41:ab:02:d0	2462	-65	0800	<redacted>
60:ce:41:ab:02:d2	2462	-63	0800	STB_T4Zp
nsh> [K
nsh> [K
PSCAN_SECONDS=5.305
PSCAN_IOCTL=PASS
--- CMD: wapi ap wlan0 60:ce:41:ab:02:d0 ---
wapi ap wlan0 60:ce:41:ab:02:d0
[CPU0] esp_wifi_sta_connect: Failed to connect ret=12298
[CPU0] esp_wifi_to_errno: ERROR: UNKNOWN ERROR
[CPU0] wlan_ioctl: ERROR: Failed to connect
[CPU0] wapi_set_ap: ioctl(SIOCSIWAP): Operation not permitted
[CPU0] main: ERROR: Process command (ap) failed.
nsh> [K
nsh> [K
ESP-ROM:esp32s31-20251218
Build:Dec 18 2025
rst:0x1 (POWERON),boot:0x7f (SPI_FAST_FLASH_BOOT)
SPI mode:DIO, clock div:1
load:0x2e000000,len:0x18
load:0x2f000000,len:0xee8c
load:0x2f00ef00,len:0x368c
entry 0x2f00ea54
*** Booting NuttX ***
rtc: lma 0x00002020 vma 0x2e000000 len 0x18     (24)
dram: lma 0x00002040 vma 0x2f000000 len 0xee8c   (61068)
dram: lma 0x00010ed4 vma 0x2f00ef00 len 0x368c   (13964)
padd: lma 0x00014598 vma 0x00000000 len 0xba80   (47744)
imap: lma 0x00020020 vma 0x400c0020 len 0x192fc  (103164)
padd: lma 0x00039324 vma 0x00000000 len 0x6dd4   (28116)
imap: lma 0x00040100 vma 0x40000100 len 0xb1680  (726656)
total segments stored 7
ABC[CPU0] CPU1 SMP online: ipi0=0 timer1=0
[CPU0] AppFS header: 2d726f6d3166732d
[CPU0] AppFS MTD boundary checks: PASS
[CPU0] AppFS writable LittleFS: offset=0x500000 size=0x700000
[CPU0] Initializing Wi-Fi station
[CPU0] E1 Wi-Fi station netdev ready
[CPU0] set_intr_wrapper: S31 IRQ route: cpu=0 source=122 vector=1 priority=1
[CPU0] set_intr_wrapper: S31 IRQ route: cpu=0 source=120 vector=1 priority=1
[CPU0] enable_intr_wrapper: S31 IRQ enable: mask=00000002 vector=1 irq=137

NuttShell (NSH)
nsh> [K
NETWORK_CLEANUP_BOOT=PASS seconds=0.583
--- CMD: ifdown wlan0 ---
ifdown wlan0
[CPU0] disable_intr_wrapper: S31 IRQ disable: mask=00000002 vector=1 irq=137
ifdown wlan0...OK
nsh> [K
nsh> [K
NETWORK_PROBE=FAIL: BSSID selection failed
