ESP-ROM:esp32s31-20251218
Build:Dec 18 2025
rst:0x1 (POWERON),boot:0x7f (SPI_FAST_FLASH_BOOT)
SPI mode:DIO, clock div:1
load:0x2e000000,len:0x18
load:0x2f000000,len:0x1032c
load:0x2f010380,len:0x36d8
entry 0x2f00fec4
*** Booting NuttX ***
rtc: lma 0x00002020 vma 0x2e000000 len 0x18     (24)
dram: lma 0x00002040 vma 0x2f000000 len 0x1032c  (66348)
dram: lma 0x00012374 vma 0x2f010380 len 0x36d8   (14040)
padd: lma 0x00015a78 vma 0x00000000 len 0xa5a0   (42400)
imap: lma 0x00020020 vma 0x400c0020 len 0x199cc  (104908)
padd: lma 0x000399f4 vma 0x00000000 len 0x6704   (26372)
imap: lma 0x00040100 vma 0x40000100 len 0xb2b28  (731944)
total segments stored 7
ABC[CPU0] CPU1 SMP online: ipi0=0 timer1=0
[CPU1] AppFS header: 2d726f6d3166732d
[CPU1] AppFS MTD boundary checks: PASS
[CPU1] AppFS writable LittleFS: offset=0x500000 size=0x700000
[CPU1] Initializing Wi-Fi station
[CPU1] E1 Wi-Fi station netdev ready
[CPU0] set_intr_wrapper: S31 IRQ route: cpu=0 source=122 vector=1 priority=1
[CPU0] set_intr_wrapper: S31 IRQ route: cpu=0 source=120 vector=1 priority=1
[CPU0] enable_intr_wrapper: S31 IRQ enable: mask=00000002 vector=1 irq=137
[CPU1] esp_wifi_sta_start: S31 frame statistics enable: rx=0 tx=0

NuttShell (NSH)
nsh> [K
NETWORK_BOOT=PASS seconds=0.645
--- CMD: ifup wlan0 ---
ifup wlan0
ifup wlan0...OK
nsh> [K
nsh> [K
--- CMD: wapi scan wlan0 ---
wapi scan wlan0
[CPU1] esp_wifi_start_scan: S31 scan request: type=0 channel=0 country_ret=0 first=1 count=11
[CPU0] esp_event_post_wrapper: S31 scan event: status=0 aps=15 id=128
[CPU0] esp_event_post_wrapper: S31 Wi-Fi ISR calls: cpu0=53 cpu1=0
[CPU1] esp_wifi_scan_event_parse: S31 scan count: ret=0 aps=15
bssid / frequency / signal level / encode / ssid
c2:a4:76:21:54:9e	2462	-93	0800	@Ruijie-s549B_iot
68:dd:b7:77:db:38	2462	-92	0800	JSL
c0:a4:76:31:54:9e	2462	-89	0800	爱我的女孩
3c:06:a7:2a:3e:71	2437	-88	0800	KYAFL
08:f4:58:ab:c0:18	2437	-88	0800	HDMRC
94:bf:80:7e:6f:c9	2422	-86	0800	CU_rfNY
b4:7c:a6:58:15:fe	2432	-84	0800	Home-Wireless
c4:16:c8:5a:e5:6c	2412	-83	0800	HUAWEI-J
24:69:68:38:77:70	2412	-81	0800	wlj
50:78:b3:a3:c4:f4	2412	-78	0800	CU-C4F4
bc:54:fc:36:e1:c2	2462	-74	0800	MERCURY_E1C2
60:ce:41:46:0e:ec	2412	-71	0800	<redacted>
7c:39:85:2a:50:04	2462	-64	0800	<redacted>
60:ce:41:ab:02:d2	2462	-64	0800	STB_T4Zp
60:ce:41:ab:02:d0	2462	-63	0800	<redacted>
nsh> [K
nsh> [K
SCAN_SECONDS=2.904
SCAN_IOCTL=PASS
--- CMD: wapi pscan wlan0 ---
wapi pscan wlan0
[CPU1] esp_wifi_start_scan: S31 scan request: type=1 channel=0 country_ret=0 first=1 count=11
[CPU0] esp_event_post_wrapper: S31 scan event: status=0 aps=19 id=129
[CPU0] esp_event_post_wrapper: S31 Wi-Fi ISR calls: cpu0=114 cpu1=0
[CPU1] esp_wifi_scan_event_parse: S31 scan count: ret=0 aps=19
bssid / frequency / signal level / encode / ssid
8c:de:f9:a0:3f:6c	2442	-91	0800	Xiaomi_DDB3
98:0d:51:96:33:54	2437	-91	0800	HDMRC
a4:ba:70:3a:61:31	2412	-91	0800	CU-C4F4_plus
3c:06:a7:2a:3e:71	2437	-90	0800	KYAFL
c2:a4:76:28:e1:eb	2437	-90	0800	@Ruijie-s9599_iot
08:f4:58:ab:bf:e8	2437	-89	0800	HDMRC
30:99:35:5e:4f:63	2432	-87	0800	CU_nhbU
94:bf:80:7e:6f:c9	2422	-87	0800	CU_rfNY
60:10:9e:e0:ae:2e	2417	-87	0800	STB_dK89
c8:cd:55:f5:00:39	2422	-86	0800	海淀区物资回收公司
c4:16:c8:5a:e5:6c	2412	-84	0800	HUAWEI-J
b4:7c:a6:58:15:fe	2432	-83	0800	Home-Wireless
24:69:68:38:77:70	2412	-80	0800	wlj
50:78:b3:a3:c4:f4	2412	-78	0800	CU-C4F4
bc:54:fc:36:e1:c2	2462	-74	0800	MERCURY_E1C2
60:ce:41:46:0e:ec	2412	-71	0800	<redacted>
60:ce:41:ab:02:d2	2462	-66	0800	STB_T4Zp
7c:39:85:2a:50:04	2462	-64	0800	<redacted>
60:ce:41:ab:02:d0	2462	-61	0800	<redacted>
nsh> [K
nsh> [K
PSCAN_SECONDS=5.832
PSCAN_IOCTL=PASS
--- CMD: wapi psk wlan0 <redacted> 3 2 ---
wapi psk wlan0 <redacted> 3 2
nsh> [K
nsh> [K
--- CMD: wapi essid wlan0 <redacted> 1 ---
wapi essid wlan0 <redacted> 1
[CPU0] esp_event_post_wrapper: S31 associated: channel=1 auth=3 bssid=60:ce:41:46:0e:ec
[CPU1] esp_evt_work_cb: S31 driver STA MAC: 30:ed:a0:f3:f7:b0
[CPU1] esp_evt_work_cb: S31 driver power save: ret=0 mode=0
[CPU1] esp_evt_work_cb: S31 driver protocol: ret=0 bitmap=7
[CPU1] esp_evt_work_cb: S31 negotiated PHY: ret=0 mode=4
[CPU1] esp_evt_work_cb: S31 HE SU beamformee disabled: ret=0 value=0
[CPU1] s31_wifi_rx_counters: S31 modem clocks connected: conf1=0038e7ff bb=1 bb80x1=1 bb44=1 mac=1 apb=1 fe160=1 sec=0
[CPU1] s31_wifi_rx_counters: S31 RX counters connected: ret=0 mpdu=24262 data=111 fcs=2462 abort=2906 full=0 fifo=0 other=1597
[CPU1] s31_wifi_rx_counters: S31 HE counters: power=362 sigb=0 format=0 unsupported=0 siga=0 bboff=0 wdg=0
[CPU1] s31_wifi_rx_counters: S31 radio hangs: rx=0 tx=0 flags=00000000 panic=00000000 bf_timeout=0 bf_error=0
[CPU1] s31_wifi_rx_counters: S31 RX errors: ret=0 total=0 bitmap=0 tkip=0
[CPU1] s31_wifi_rx_counters: S31 RX types: ret=0 legacy=5 ht=0 su=0 ersu=0 mu=0 su_noeb=0 mu_noeb=0 stbc=0 retry=0
[CPU1] s31_wifi_rx_counters: S31 TX stats: ret=0 enable=0 complete=0 succ=0 ack=0 ba=0 retry=0 nomem=0 timeout=0
nsh> [K
nsh> [K
PROTOCOL_PROFILE=PASS bitmap=7 phy=4
--- CMD: sleep 2 ---
sleep 2
nsh> [K
nsh> [K
--- CMD: ps ---
ps
  PID GROUP CPU(AFFINITY)   PRI POLICY   TYPE    NPX STATE    EVENT     SIGMASK            STACK COMMAND
    0     0 000(0x00000002)   0 FIFO     Kthread   - Running            0000000000000000 0003024 CPU0 IDLE
    1     0 001(0x00000002)   0 FIFO     Kthread   - Assigned           0000000000000000 0003024 CPU1 IDLE
    2     0 ---(0x00000002) 100 RR       Kthread   - Waiting  Semaphore 0000000000000000 0001952 lpwork 0x2f010b00 0x2f010b4c
    4     0 ---(0x00000002) 223 RR       Kthread   - Waiting  Semaphore 0000000000000000 0001968 hr_timer
    5     0 ---(0x00000001) 253 RR       Kthread   - Waiting  MQ empty  0000000000000000 0003520 wifi
    6     6 001(0x00000002) 101 RR       Task      - Running            0000000000000000 0004016 /system/bin/init
nsh> [K
nsh> [K
--- CMD: cat /dev/s31stat ---
cat /dev/s31stat
MONIRQ: cpu=0 defer=10818 replay=10818 ack=10991 drop=0 pending=0x0 sreplay=1
MONLAT: cpu=0 input=1 last=188 max=33083 samples=202 over32=2 over100=1 over1000=0 sum=111953
MONIRQ: cpu=1 defer=262 replay=262 ack=273 drop=0 pending=0x0 sreplay=1
MONLAT: cpu=1 input=1 last=0 max=0 samples=0 over32=0 over100=0 over1000=0 sum=0
ADDRENV: created=5 fail=0 destroyed=4 live=1 livemax=2 pages=604 pgt=16
WAIT: pid=2 object=0x2f010b14
LPTRACE: 0x4002480a
WAIT: pid=4 object=0x2f010b6c
nsh> [K
nsh> [K
--- CMD: ifconfig wlan0 ---
ifconfig wlan0
wlan0	Link encap:Ethernet HWaddr 30:ed:a0:f3:f7:b0 at RUNNING mtu 1500
	inet addr:0.0.0.0 DRaddr:10.0.0.1 Mask:255.255.255.0

nsh> [K
nsh> [K
--- CMD: renew wlan0 ---
renew wlan0
nsh> [K
nsh> [K
--- CMD: ifconfig wlan0 ---
ifconfig wlan0
wlan0	Link encap:Ethernet HWaddr 30:ed:a0:f3:f7:b0 at RUNNING mtu 1500
	inet addr:192.168.1.60 DRaddr:192.168.1.1 Mask:255.255.255.0

nsh> [K
nsh> [K
DHCP=PASS address=192.168.1.60
--- CMD: arp -i wlan0 -a 192.168.1.1 ---
arp -i wlan0 -a 192.168.1.1
nsh: arp: no such ARP entry: 192.168.1.1
nsh> [K
nsh> [K
--- CMD: ping -c 4 192.168.1.1 ---
ping -c 4 192.168.1.1
PING 192.168.1.1 56 bytes of data
56 bytes from 192.168.1.1: icmp_seq=0 time=50.0 ms
56 bytes from 192.168.1.1: icmp_seq=1 time=50.0 ms
56 bytes from 192.168.1.1: icmp_seq=2 time=20.0 ms
56 bytes from 192.168.1.1: icmp_seq=3 time=20.0 ms
4 packets transmitted, 4 received, 0% packet loss, time 4040 ms
rtt min/avg/max/mdev = 20.000/35.000/50.000/15.000 ms
nsh> [K
nsh> [K
--- CMD: arp -i wlan0 -a 192.168.1.1 ---
arp -i wlan0 -a 192.168.1.1
HWaddr: 60:ce:41:ab:02:ca
nsh> [K
nsh> [K
--- CMD: ping -c 4 192.168.1.1 ---
ping -c 4 192.168.1.1
PING 192.168.1.1 56 bytes of data
56 bytes from 192.168.1.1: icmp_seq=0 time=30.0 ms
56 bytes from 192.168.1.1: icmp_seq=1 time=20.0 ms
56 bytes from 192.168.1.1: icmp_seq=2 time=30.0 ms
56 bytes from 192.168.1.1: icmp_seq=3 time=30.0 ms
4 packets transmitted, 4 received, 0% packet loss, time 4040 ms
rtt min/avg/max/mdev = 20.000/27.500/30.000/4.330 ms
nsh> [K
nsh> [K
WARM_ARP_PING=PASS
COLD_GATEWAY_PING=PASS
--- CMD: cat /dev/s31stat ---
cat /dev/s31stat
MONIRQ: cpu=0 defer=16431 replay=16431 ack=16605 drop=0 pending=0x0 sreplay=2
MONLAT: cpu=0 input=1 last=3731 max=200929 samples=1221 over32=25 over100=18 over1000=0 sum=2052654
MONIRQ: cpu=1 defer=506 replay=506 ack=519 drop=0 pending=0x0 sreplay=1
MONLAT: cpu=1 input=1 last=0 max=0 samples=0 over32=0 over100=0 over1000=0 sum=0
ADDRENV: created=8 fail=0 destroyed=7 live=1 livemax=2 pages=1028 pgt=28
WAIT: pid=2 object=0x2f010b14
LPTRACE: 0x4002480a
WAIT: pid=4 object=0x2f010b6c
nsh> [K
nsh> [K
GATEWAY_PING=PASS
WPA2_DHCP_GATEWAY=PASS
--- CMD: ifdown wlan0 ---
ifdown wlan0
[CPU1] s31_wifi_rx_counters: S31 modem clocks stop: conf1=0038e7ff bb=1 bb80x1=1 bb44=1 mac=1 apb=1 fe160=1 sec=0
[CPU1] s31_wifi_rx_counters: S31 RX counters stop: ret=0 mpdu=42839 data=546 fcs=3203 abort=4566 full=0 fifo=0 other=2246
[CPU1] s31_wifi_rx_counters: S31 HE counters: power=385 sigb=0 format=0 unsupported=0 siga=0 bboff=0 wdg=0
[CPU1] s31_wifi_rx_counters: S31 radio hangs: rx=0 tx=0 flags=00000000 panic=00000000 bf_timeout=0 bf_error=0
[CPU1] s31_wifi_rx_counters: S31 RX errors: ret=0 total=0 bitmap=0 tkip=0
[CPU1] s31_wifi_rx_counters: S31 RX types: ret=0 legacy=35 ht=16 su=0 ersu=0 mu=0 su_noeb=0 mu_noeb=0 stbc=0 retry=0
[CPU1] s31_wifi_rx_counters: S31 TX stats: ret=0 enable=39 complete=39 succ=20 ack=10 ba=10 retry=19 nomem=0 timeout=0
[CPU0] esp_event_post_wrapper: Station disconnected: reason=8 rssi=-70
[CPU0] disable_intr_wrapper: S31 IRQ disable: mask=00000002 vector=1 irq=137
[CPU1] esp_evt_work_cb: Failed to connect AP error=12290
ifdown wlan0...OK
nsh> [K
nsh> [K
PRE_RESET_IFDOWN=PASS
ESP-ROM:esp32s31-20251218
Build:Dec 18 2025
rst:0x1 (POWERON),boot:0x7f (SPI_FAST_FLASH_BOOT)
SPI mode:DIO, clock div:1
load:0x2e000000,len:0x18
load:0x2f000000,len:0x1032c
load:0x2f010380,len:0x36d8
entry 0x2f00fec4
*** Booting NuttX ***
rtc: lma 0x00002020 vma 0x2e000000 len 0x18     (24)
dram: lma 0x00002040 vma 0x2f000000 len 0x1032c  (66348)
dram: lma 0x00012374 vma 0x2f010380 len 0x36d8   (14040)
padd: lma 0x00015a78 vma 0x00000000 len 0xa5a0   (42400)
imap: lma 0x00020020 vma 0x400c0020 len 0x199cc  (104908)
padd: lma 0x000399f4 vma 0x00000000 len 0x6704   (26372)
imap: lma 0x00040100 vma 0x40000100 len 0xb2b28  (731944)
total segments stored 7
ABC[CPU0] CPU1 SMP online: ipi0=0 timer1=0
[CPU1] AppFS header: 2d726f6d3166732d
[CPU1] AppFS MTD boundary checks: PASS
[CPU1] AppFS writable LittleFS: offset=0x500000 size=0x700000
[CPU1] Initializing Wi-Fi station
[CPU1] E1 Wi-Fi station netdev ready
[CPU0] set_intr_wrapper: S31 IRQ route: cpu=0 source=122 vector=1 priority=1
[CPU0] set_intr_wrapper: S31 IRQ route: cpu=0 source=120 vector=1 priority=1
[CPU0] enable_intr_wrapper: S31 IRQ enable: mask=00000002 vector=1 irq=137
[CPU1] esp_wifi_sta_start: S31 frame statistics enable: rx=0 tx=0

NuttShell (NSH)
nsh> [K
NETWORK_CLEANUP_BOOT=PASS seconds=0.642
--- CMD: ifdown wlan0 ---
ifdown wlan0
[CPU1] s31_wifi_rx_counters: S31 modem clocks stop: conf1=0038e7ff bb=1 bb80x1=1 bb44=1 mac=1 apb=1 fe160=1 sec=0
[CPU1] s31_wifi_rx_counters: S31 RX counters stop: ret=0 mpdu=48 data=0 fcs=10 abort=13 full=0 fifo=0 other=9
[CPU1] s31_wifi_rx_counters: S31 HE counters: power=0 sigb=0 format=0 unsupported=0 siga=0 bboff=0 wdg=0
[CPU1] s31_wifi_rx_counters: S31 radio hangs: rx=0 tx=0 flags=00000000 panic=00000000 bf_timeout=0 bf_error=0
[CPU1] s31_wifi_rx_counters: S31 RX errors: ret=0 total=0 bitmap=0 tkip=0
[CPU1] s31_wifi_rx_counters: S31 RX types: ret=0 legacy=0 ht=0 su=0 ersu=0 mu=0 su_noeb=0 mu_noeb=0 stbc=0 retry=0
[CPU1] s31_wifi_rx_counters: S31 TX stats: ret=0 enable=0 complete=0 succ=0 ack=0 ba=0 retry=0 nomem=0 timeout=0
[CPU0] disable_intr_wrapper: S31 IRQ disable: mask=00000002 vector=1 irq=137
ifdown wlan0...OK
nsh> [K
nsh> [K
