------------------------------------------------------------
Server listening on TCP port 5002
TCP window size: 64.0 KByte (default)
------------------------------------------------------------
[  1] local 192.168.1.29 port 5002 connected with 192.168.1.60 port 13007
[ ID] Interval       Transfer     Bandwidth
[  1] 0.00-1.00 sec   429 KBytes  3.51 Mbits/sec
[  1] 1.00-2.00 sec   361 KBytes  2.96 Mbits/sec
[  1] 2.00-3.00 sec   410 KBytes  3.36 Mbits/sec
[  1] 3.00-4.00 sec   417 KBytes  3.42 Mbits/sec
[  1] 4.00-5.00 sec   406 KBytes  3.32 Mbits/sec
[  1] 5.00-6.00 sec   463 KBytes  3.79 Mbits/sec
[  1] 6.00-7.00 sec   441 KBytes  3.61 Mbits/sec
[  1] 7.00-8.00 sec   410 KBytes  3.36 Mbits/sec
[  1] 8.00-9.00 sec   439 KBytes  3.60 Mbits/sec
[  1] 9.00-10.00 sec   439 KBytes  3.59 Mbits/sec
[  1] 10.00-11.00 sec   391 KBytes  3.21 Mbits/sec
[  1] 11.00-12.00 sec   413 KBytes  3.38 Mbits/sec
[  1] 12.00-13.00 sec   425 KBytes  3.48 Mbits/sec
[  1] 13.00-14.00 sec   412 KBytes  3.37 Mbits/sec
[  1] 14.00-15.00 sec   416 KBytes  3.41 Mbits/sec
[  1] 15.00-16.00 sec   435 KBytes  3.56 Mbits/sec
[  1] 16.00-17.00 sec   397 KBytes  3.25 Mbits/sec
[  1] 17.00-18.00 sec   384 KBytes  3.15 Mbits/sec
[  1] 18.00-19.00 sec   396 KBytes  3.25 Mbits/sec
[  1] 19.00-20.00 sec   427 KBytes  3.50 Mbits/sec
[  1] 20.00-21.00 sec   437 KBytes  3.58 Mbits/sec
[  1] 21.00-22.00 sec   401 KBytes  3.29 Mbits/sec
[  1] 22.00-23.00 sec   456 KBytes  3.73 Mbits/sec
[  1] 23.00-24.00 sec   457 KBytes  3.74 Mbits/sec
[  1] 24.00-25.00 sec   416 KBytes  3.41 Mbits/sec
[  1] 25.00-26.00 sec   444 KBytes  3.63 Mbits/sec
[  1] 26.00-27.00 sec   441 KBytes  3.61 Mbits/sec
[  1] 27.00-28.00 sec   391 KBytes  3.20 Mbits/sec
[  1] 28.00-29.00 sec   423 KBytes  3.47 Mbits/sec
[  1] 29.00-30.00 sec   448 KBytes  3.67 Mbits/sec
[  1] 30.00-31.00 sec   385 KBytes  3.15 Mbits/sec
[  1] 31.00-32.00 sec   451 KBytes  3.70 Mbits/sec
[  1] 32.00-33.00 sec   419 KBytes  3.43 Mbits/sec
[  1] 33.00-34.00 sec   387 KBytes  3.17 Mbits/sec
[  1] 34.00-35.00 sec   435 KBytes  3.56 Mbits/sec
[  1] 35.00-36.00 sec   438 KBytes  3.59 Mbits/sec
[  1] 36.00-37.00 sec   369 KBytes  3.03 Mbits/sec
[  1] 37.00-38.00 sec   432 KBytes  3.54 Mbits/sec
[  1] 38.00-39.00 sec   413 KBytes  3.38 Mbits/sec
[  1] 39.00-40.00 sec   433 KBytes  3.55 Mbits/sec
[  1] 40.00-41.00 sec   460 KBytes  3.77 Mbits/sec
[  1] 41.00-42.00 sec   425 KBytes  3.48 Mbits/sec
[  1] 42.00-43.00 sec   396 KBytes  3.24 Mbits/sec
[  1] 43.00-44.00 sec   435 KBytes  3.56 Mbits/sec
[  1] 44.00-45.00 sec   440 KBytes  3.61 Mbits/sec
[  1] 45.00-46.00 sec   435 KBytes  3.57 Mbits/sec
[  1] 46.00-47.00 sec   214 KBytes  1.75 Mbits/sec
[  1] 47.00-48.00 sec   201 KBytes  1.65 Mbits/sec
[  1] 48.00-49.00 sec   276 KBytes  2.26 Mbits/sec
[  1] 49.00-50.00 sec   390 KBytes  3.19 Mbits/sec
[  1] 50.00-51.00 sec   345 KBytes  2.83 Mbits/sec
[  1] 51.00-52.00 sec   388 KBytes  3.18 Mbits/sec
[  1] 52.00-53.00 sec   436 KBytes  3.57 Mbits/sec
[  1] 53.00-54.00 sec   351 KBytes  2.87 Mbits/sec
[  1] 54.00-55.00 sec   442 KBytes  3.62 Mbits/sec
[  1] 55.00-56.00 sec   455 KBytes  3.73 Mbits/sec
[  1] 56.00-57.00 sec   435 KBytes  3.57 Mbits/sec
[  1] 57.00-58.00 sec   455 KBytes  3.73 Mbits/sec
[  1] 58.00-59.00 sec   435 KBytes  3.56 Mbits/sec
[  1] 59.00-60.00 sec   385 KBytes  3.16 Mbits/sec
[  1] 60.00-61.00 sec   451 KBytes  3.69 Mbits/sec
[  1] 61.00-62.00 sec   458 KBytes  3.75 Mbits/sec
[  1] 62.00-63.00 sec   438 KBytes  3.59 Mbits/sec
[  1] 63.00-64.00 sec   446 KBytes  3.66 Mbits/sec
[  1] 64.00-65.00 sec   447 KBytes  3.66 Mbits/sec
[  1] 65.00-66.00 sec   398 KBytes  3.26 Mbits/sec
[  1] 66.00-67.00 sec   454 KBytes  3.72 Mbits/sec
[  1] 67.00-68.00 sec   428 KBytes  3.50 Mbits/sec
[  1] 68.00-69.00 sec   428 KBytes  3.50 Mbits/sec
[  1] 69.00-70.00 sec   463 KBytes  3.79 Mbits/sec
[  1] 70.00-71.00 sec   451 KBytes  3.69 Mbits/sec
[  1] 71.00-72.00 sec   431 KBytes  3.53 Mbits/sec
[  1] 72.00-73.00 sec   452 KBytes  3.71 Mbits/sec
[  1] 73.00-74.00 sec   422 KBytes  3.46 Mbits/sec
[  1] 74.00-75.00 sec   413 KBytes  3.38 Mbits/sec
[  1] 75.00-76.00 sec   418 KBytes  3.42 Mbits/sec
[  1] 76.00-77.00 sec   406 KBytes  3.32 Mbits/sec
[  1] 77.00-78.00 sec   435 KBytes  3.56 Mbits/sec
[  1] 78.00-79.00 sec   423 KBytes  3.47 Mbits/sec
[  1] 79.00-80.00 sec   371 KBytes  3.04 Mbits/sec
[  1] 80.00-81.00 sec   426 KBytes  3.49 Mbits/sec
[  1] 81.00-82.00 sec   202 KBytes  1.66 Mbits/sec
recv failed: Connection timed out.
[  1] 82.00-83.00 sec   105 KBytes   860 Kbits/sec
[  1] 0.00-83.19 sec  33.2 MBytes  3.34 Mbits/sec
