--- CMD: cat /tmp/tcp1613.log ---
cat /tmp/tcp1613.log
------------------------------------------------------------
Client connecting to 192.168.1.29, TCP port 5002
TCP window size: 16.0 KByte
------------------------------------------------------------
[  1] local 192.168.1.60 port 21092 connected with 192.168.1.29 port 5002
[ ID] Interval       Transfer     Bandwidth
[  1] 0.00-1.00 sec  48.1 KBytes   394 Kbits/sec
[  1] 1.00-2.00 sec  30.7 KBytes   252 Kbits/sec
[  1] 2.00-3.00 sec  28.5 KBytes   234 Kbits/sec
[  1] 3.00-4.00 sec  41.0 KBytes   336 Kbits/sec
[  1] 4.00-5.00 sec  28.5 KBytes   234 Kbits/sec
[  1] 5.00-6.00 sec  28.5 KBytes   234 Kbits/sec
[  1] 6.00-7.00 sec  48.0 KBytes   393 Kbits/sec
[  1] 7.00-8.00 sec  48.0 KBytes   393 Kbits/sec
[  1] 8.00-9.00 sec  32.0 KBytes   262 Kbits/sec
[  1] 9.00-10.00 sec  48.0 KBytes   393 Kbits/sec
[  1] 10.00-11.00 sec  28.2 KBytes   231 Kbits/sec
[  1] 11.00-12.00 sec  44.5 KBytes   365 Kbits/sec
[  1] 12.00-13.00 sec  29.6 KBytes   243 Kbits/sec
[  1] 13.00-14.00 sec  22.8 KBytes   187 Kbits/sec
[  1] 14.00-15.00 sec  44.5 KBytes   365 Kbits/sec
[  1] 15.00-16.00 sec  32.0 KBytes   262 Kbits/sec
[  1] 16.00-17.00 sec  48.0 KBytes   393 Kbits/sec
[  1] 17.00-18.00 sec  32.0 KBytes   262 Kbits/sec
[  1] 18.00-19.00 sec  44.2 KBytes   362 Kbits/sec
[  1] 19.00-20.00 sec  32.0 KBytes   262 Kbits/sec
[  1] 20.00-20.77 sec  16.0 KBytes   171 Kbits/sec
[  1] 0.00-20.77 sec   755 KBytes   298 Kbits/sec
nsh> [K
nsh> [K
--- CMD: ps ---
ps
  PID GROUP CPU(AFFINITY)   PRI POLICY   TYPE    NPX STATE    EVENT     SIGMASK            STACK COMMAND
    0     0 000(0x00000003)   0 FIFO     Kthread   - Assigned           0000000000000000 0003024 CPU0 IDLE
    1     0 001(0x00000003)   0 FIFO     Kthread   - Running            0000000000000000 0003024 CPU1 IDLE
    2     0 ---(0x00000003) 100 RR       Kthread   - Waiting  Semaphore 0000000000000000 0001952 lpwork 0x2f018bc0 0x2f018c0c
    4     0 ---(0x00000003) 223 RR       Kthread   - Waiting  Semaphore 0000000000000000 0001968 hr_timer
    5     0 ---(0x00000001) 124 RR       Kthread   - Waiting  Semaphore 0000000000000000 0004016 ble_ctrl
    6     0 ---(0x00000001) 253 RR       Kthread   - Waiting  MQ empty  0000000000000000 0003520 wifi
    7     7 000(0x00000003) 101 RR       Task      - Running            0000000000000000 0004016 /system/bin/init
nsh> [K
nsh> [K
--- CMD: cat /proc/iobinfo ---
cat /proc/iobinfo
    ntotal     nfree     nwait nthrottle
        96        96         0        72
nsh> [K
nsh> [K
--- CMD: rm /tmp/tcp1613.log ---
rm /tmp/tcp1613.log
nsh> [K
nsh> [K
BACKGROUND_TCP_EXITED_AND_LOG_COLLECTED
