ESP-ROM:esp32s31-20251218
Build:Dec 18 2025
rst:0x1 (POWERON),boot:0x7f (SPI_FAST_FLASH_BOOT)
SPI mode:DIO, clock div:1
load:0x2e000000,len:0x18
load:0x2f000000,len:0xee8c
load:0x2f00ef00,len:0x368c
entry 0x2f00ea54
*** Booting NuttX ***
rtc: lma 0x00002020 vma 0x2e000000 len 0x18     (24)
dram: lma 0x00002040 vma 0x2f000000 len 0xee8c   (61068)
dram: lma 0x00010ed4 vma 0x2f00ef00 len 0x368c   (13964)
padd: lma 0x00014598 vma 0x00000000 len 0xba80   (47744)
imap: lma 0x00020020 vma 0x400c0020 len 0x19204  (102916)
padd: lma 0x0003922c vma 0x00000000 len 0x6ecc   (28364)
imap: lma 0x00040100 vma 0x40000100 len 0xb1480  (726144)
total segments stored 7
ABC[CPU0] CPU1 SMP online: ipi0=0 timer1=0
[CPU0] AppFS header: 2d726f6d3166732d
[CPU0] AppFS MTD boundary checks: PASS
[CPU0] AppFS writable LittleFS: offset=0x500000 size=0x700000
[CPU0] Initializing Wi-Fi station
[CPU0] E1 Wi-Fi station netdev ready
[CPU0] set_intr_wrapper: S31 IRQ route: cpu=0 source=122 vector=1 priority=1
[CPU0] set_intr_wrapper: S31 IRQ route: cpu=0 source=120 vector=1 priority=1
[CPU0] enable_intr_wrapper: S31 IRQ enable: mask=00000002 vector=1 irq=137

NuttShell (NSH)
nsh> [K
NETWORK_BOOT=PASS seconds=0.589
--- CMD: ifup wlan0 ---
ifup wlan0
ifup wlan0...OK
nsh> [K
nsh> [K
--- CMD: wapi scan wlan0 ---
wapi scan wlan0
[CPU0] esp_wifi_start_scan: S31 scan request: type=0 channel=0 country_ret=0 first=1 count=11
[CPU0] esp_event_post_wrapper: S31 scan event: status=0 aps=8 id=128
[CPU0] esp_event_post_wrapper: S31 Wi-Fi ISR calls: cpu0=40 cpu1=0
[CPU0] esp_wifi_scan_event_parse: S31 scan count: ret=0 aps=8
bssid / frequency / signal level / encode / ssid
60:10:9e:e0:ae:2e	2417	-83	0800	STB_dK89
ca:33:e5:05:fe:88	2432	-82	0800	阳光
90:7e:43:c9:d4:3c	2427	-81	0800	XXN3M
bc:54:fc:36:e1:c2	2462	-76	0800	MERCURY_E1C2
94:bf:80:7e:6f:c9	2422	-76	0800	CU_rfNY
7c:39:85:2a:50:04	2462	-74	0800	<redacted>
60:ce:41:ab:02:d2	2462	-62	0800	STB_T4Zp
60:ce:41:ab:02:d0	2462	-62	0800	<redacted>
nsh> [K
nsh> [K
SCAN_SECONDS=2.608
SCAN_IOCTL=PASS
--- CMD: wapi pscan wlan0 ---
wapi pscan wlan0
[CPU0] esp_wifi_start_scan: S31 scan request: type=1 channel=0 country_ret=0 first=1 count=11
[CPU0] esp_event_post_wrapper: S31 scan event: status=0 aps=8 id=129
[CPU0] esp_event_post_wrapper: S31 Wi-Fi ISR calls: cpu0=69 cpu1=0
[CPU0] esp_wifi_scan_event_parse: S31 scan count: ret=0 aps=8
bssid / frequency / signal level / encode / ssid
c2:a4:76:2e:95:9b	2462	-90	0800	@Ruijie-s9599_iot
b4:7c:a6:58:15:fe	2432	-83	0800	Home-Wireless
f4:2a:7d:53:3f:88	2462	-82	0800	TP-LINK_901
bc:54:fc:36:e1:c2	2462	-77	0800	MERCURY_E1C2
94:bf:80:7e:6f:c9	2422	-77	0800	CU_rfNY
7c:39:85:2a:50:04	2462	-69	0800	<redacted>
60:ce:41:ab:02:d0	2462	-63	0800	<redacted>
60:ce:41:ab:02:d2	2462	-62	0800	STB_T4Zp
nsh> [K
nsh> [K
PSCAN_SECONDS=5.243
PSCAN_IOCTL=PASS
--- CMD: wapi psk wlan0 <redacted> 3 2 ---
wapi psk wlan0 <redacted> 3 2
nsh> [K
nsh> [K
--- CMD: wapi essid wlan0 <redacted> 1 ---
wapi essid wlan0 <redacted> 1
nsh> [K
nsh> [K
--- CMD: ifconfig wlan0 0.0.0.0 ---
ifconfig wlan0 0.0.0.0
nsh> [K
nsh> [K
--- CMD: renew wlan0 ---
renew wlan0
nsh> [K
nsh> [K
--- CMD: ifconfig wlan0 ---
ifconfig wlan0
wlan0	Link encap:Ethernet HWaddr 30:ed:a0:f3:f7:b0 at RUNNING mtu 1500
	inet addr:192.168.1.60 DRaddr:192.168.1.1 Mask:255.255.255.0

nsh> [K
nsh> [K
DHCP=PASS address=192.168.1.60
--- CMD: ping -c 4 192.168.1.1 ---
ping -c 4 192.168.1.1
PING 192.168.1.1 56 bytes of data
No response from 192.168.1.1: icmp_seq=0 time=1000 ms
No response from 192.168.1.1: icmp_seq=1 time=1000 ms
No response from 192.168.1.1: icmp_seq=2 time=1000 ms
No response from 192.168.1.1: icmp_seq=3 time=1000 ms
4 packets transmitted, 0 received, 100% packet loss, time 4080 ms
nsh> [K
nsh> [K
ESP-ROM:esp32s31-20251218
Build:Dec 18 2025
rst:0x1 (POWERON),boot:0x7f (SPI_FAST_FLASH_BOOT)
SPI mode:DIO, clock div:1
load:0x2e000000,len:0x18
load:0x2f000000,len:0xee8c
load:0x2f00ef00,len:0x368c
entry 0x2f00ea54
*** Booting NuttX ***
rtc: lma 0x00002020 vma 0x2e000000 len 0x18     (24)
dram: lma 0x00002040 vma 0x2f000000 len 0xee8c   (61068)
dram: lma 0x00010ed4 vma 0x2f00ef00 len 0x368c   (13964)
padd: lma 0x00014598 vma 0x00000000 len 0xba80   (47744)
imap: lma 0x00020020 vma 0x400c0020 len 0x19204  (102916)
padd: lma 0x0003922c vma 0x00000000 len 0x6ecc   (28364)
imap: lma 0x00040100 vma 0x40000100 len 0xb1480  (726144)
total segments stored 7
ABC[CPU0] CPU1 SMP online: ipi0=0 timer1=0
[CPU0] AppFS header: 2d726f6d3166732d
[CPU0] AppFS MTD boundary checks: PASS
[CPU0] AppFS writable LittleFS: offset=0x500000 size=0x700000
[CPU0] Initializing Wi-Fi station
[CPU0] E1 Wi-Fi station netdev ready
[CPU0] set_intr_wrapper: S31 IRQ route: cpu=0 source=122 vector=1 priority=1
[CPU0] set_intr_wrapper: S31 IRQ route: cpu=0 source=120 vector=1 priority=1
[CPU0] enable_intr_wrapper: S31 IRQ enable: mask=00000002 vector=1 irq=137

NuttShell (NSH)
nsh> [K
NETWORK_CLEANUP_BOOT=PASS seconds=0.586
--- CMD: ifdown wlan0 ---
ifdown wlan0
[CPU0] disable_intr_wrapper: S31 IRQ disable: mask=00000002 vector=1 irq=137
ifdown wlan0...OK
nsh> [K
nsh> [K
NETWORK_PROBE=FAIL: gateway ping did not pass
