--- CMD: cat /proc/net/tcp ---
cat /proc/net/tcp
nsh> [K
nsh> [K
--- CMD: cat /proc/iobinfo ---
cat /proc/iobinfo
    ntotal     nfree     nwait nthrottle
        96        96         0        72
nsh> [K
nsh> [K
--- CMD: ifconfig ---
ifconfig
wlan0	Link encap:Ethernet HWaddr 30:ed:a0:f3:f7:b0 at RUNNING mtu 1500
	inet addr:192.168.1.60 DRaddr:192.168.1.1 Mask:255.255.255.0

	RX: Received Fragment Errors   Bytes   
	    0000001b 00000000 00000000 a56             
	    IPv4     ARP      Dropped 
	    00000000 00000000 00000000
	TX: Queued   Sent     Errors   Timeouts Bytes   
	    00000006 00000008 00000000 00000000 335              
	Total Errors: 00000000

             IPv4   TCP   UDP  ICMP
Received     0006  0000  0002  0003
Dropped      0001  0000  0000  0000
  IPv4        VHL: 0000   Frg: 0000
  Checksum   0000  0000  0000  0000
  TCP         ACK: 0000   SYN: 0000
              RST: 0000  0000
              HDR: 0000
  Type       0000  ----  ----  0000
Sent         0005  0000  0002  0003
  Rexmit     ----  0000  ----  ----
nsh> [K
nsh> [K
--- CMD: iperf2 -c 192.168.1.29 -i 1 -p 5002 -t 20 > /tmp/tcp1624.log & ---
iperf2 -c 192.168.1.29 -i 1 -p 5002 -t 20 > /tmp/tcp1624.log &
iperf2 [10:101]
nsh> [K
nsh> [K
--- CMD: cat /proc/net/tcp ---
cat /proc/net/tcp
TCP sl  st flg ref tmr uack nrt   txsz   rxsz   mss     sndwnd local_address           remote_address         
     1: 04  61   1   3 18168   0  18168      0  1460      65535     192.168.1.60:31009      192.168.1.29:5002  
nsh> [K
nsh> [K
--- CMD: cat /proc/iobinfo ---
cat /proc/iobinfo
    ntotal     nfree     nwait nthrottle
        96        52         0        28
nsh> [K
nsh> [K
--- CMD: ifconfig ---
ifconfig
wlan0	Link encap:Ethernet HWaddr 30:ed:a0:f3:f7:b0 at RUNNING mtu 1500
	inet addr:192.168.1.60 DRaddr:192.168.1.1 Mask:255.255.255.0

	RX: Received Fragment Errors   Bytes   
	    00000060 00000000 00000000 1a82            
	    IPv4     ARP      Dropped 
	    00000000 00000000 00000000
	TX: Queued   Sent     Errors   Timeouts Bytes   
	    000000f9 000000f9 00000000 00000000 46457            
	Total Errors: 00000000

             IPv4   TCP   UDP  ICMP
Received     004b  0045  0002  0003
Dropped      0001  0000  0000  0000
  IPv4        VHL: 0000   Frg: 0000
  Checksum   0000  0000  0000  0000
  TCP         ACK: 0000   SYN: 0000
              RST: 0000  0000
              HDR: 0000
  Type       0000  ----  ----  0000
Sent         00fe  00f9  0002  0003
  Rexmit     ----  0001  ----  ----
nsh> [K
nsh> [K
--- CMD: cat /proc/net/tcp ---
cat /proc/net/tcp
TCP sl  st flg ref tmr uack nrt   txsz   rxsz   mss     sndwnd local_address           remote_address         
     1: 04  61   1   3 18168   0  18168      0  1460      65535     192.168.1.60:31009      192.168.1.29:5002  
nsh> [K
nsh> [K
--- CMD: cat /proc/iobinfo ---
cat /proc/iobinfo
    ntotal     nfree     nwait nthrottle
        96        46         0        22
nsh> [K
nsh> [K
--- CMD: ifconfig ---
ifconfig
wlan0	Link encap:Ethernet HWaddr 30:ed:a0:f3:f7:b0 at RUNNING mtu 1500
	inet addr:192.168.1.60 DRaddr:192.168.1.1 Mask:255.255.255.0

	RX: Received Fragment Errors   Bytes   
	    000000be 00000000 00000000 308a            
	    IPv4     ARP      Dropped 
	    00000000 00000000 00000000
	TX: Queued   Sent     Errors   Timeouts Bytes   
	    0000024d 00000241 00000000 00000000 a74ef            
	Total Errors: 00000000

             IPv4   TCP   UDP  ICMP
Received     00a9  00a3  0002  0003
Dropped      0001  0000  0000  0000
  IPv4        VHL: 0000   Frg: 0000
  Checksum   0000  0000  0000  0000
  TCP         ACK: 0000   SYN: 0000
              RST: 0000  0000
              HDR: 0000
  Type       0000  ----  ----  0000
Sent         024f  024a  0002  0003
  Rexmit     ----  0001  ----  ----
nsh> [K
nsh> [K
--- CMD: cat /proc/net/tcp ---
cat /proc/net/tcp
TCP sl  st flg ref tmr uack nrt   txsz   rxsz   mss     sndwnd local_address           remote_address         
     1: 04  61   1   3 19304   0  19304      0  1460      65535     192.168.1.60:31009      192.168.1.29:5002  
nsh> [K
nsh> [K
--- CMD: cat /proc/iobinfo ---
cat /proc/iobinfo
    ntotal     nfree     nwait nthrottle
        96        46         0        22
nsh> [K
nsh> [K
--- CMD: ifconfig ---
ifconfig
wlan0	Link encap:Ethernet HWaddr 30:ed:a0:f3:f7:b0 at RUNNING mtu 1500
	inet addr:192.168.1.60 DRaddr:192.168.1.1 Mask:255.255.255.0

	RX: Received Fragment Errors   Bytes   
	    00000115 00000000 00000000 44ee            
	    IPv4     ARP      Dropped 
	    00000000 00000000 00000000
	TX: Queued   Sent     Errors   Timeouts Bytes   
	    00000380 0000037b 00000000 00000000 ff141            
	Total Errors: 00000000

             IPv4   TCP   UDP  ICMP
Received     00fe  00f8  0002  0003
Dropped      0001  0000  0000  0000
  IPv4        VHL: 0000   Frg: 0000
  Checksum   0000  0000  0000  0000
  TCP         ACK: 0000   SYN: 0000
              RST: 0000  0000
              HDR: 0000
  Type       0000  ----  ----  0000
Sent         037f  037a  0002  0003
  Rexmit     ----  0001  ----  ----
nsh> [K
nsh> [K
--- CMD: cat /proc/net/tcp ---
cat /proc/net/tcp
TCP sl  st flg ref tmr uack nrt   txsz   rxsz   mss     sndwnd local_address           remote_address         
     1: 04  61   1   3 20764   0  20764      0  1460      65535     192.168.1.60:31009      192.168.1.29:5002  
nsh> [K
nsh> [K
--- CMD: cat /proc/iobinfo ---
cat /proc/iobinfo
    ntotal     nfree     nwait nthrottle
        96        49         0        25
nsh> [K
nsh> [K
--- CMD: ifconfig ---
ifconfig
wlan0	Link encap:Ethernet HWaddr 30:ed:a0:f3:f7:b0 at RUNNING mtu 1500
	inet addr:192.168.1.60 DRaddr:192.168.1.1 Mask:255.255.255.0

	RX: Received Fragment Errors   Bytes   
	    00000162 00000000 00000000 56fa            
	    IPv4     ARP      Dropped 
	    00000000 00000000 00000000
	TX: Queued   Sent     Errors   Timeouts Bytes   
	    00000495 0000048b 00000000 00000000 14e73f           
	Total Errors: 00000000

             IPv4   TCP   UDP  ICMP
Received     014b  0145  0002  0003
Dropped      0001  0000  0000  0000
  IPv4        VHL: 0000   Frg: 0000
  Checksum   0000  0000  0000  0000
  TCP         ACK: 0000   SYN: 0000
              RST: 0000  0000
              HDR: 0000
  Type       0000  ----  ----  0000
Sent         0498  0493  0002  0003
  Rexmit     ----  0001  ----  ----
nsh> [K
nsh> [K
--- CMD: cat /proc/net/tcp ---
cat /proc/net/tcp
TCP sl  st flg ref tmr uack nrt   txsz   rxsz   mss     sndwnd local_address           remote_address         
     1: 04  61   1   3 13464   0  13464      0  1460      65535     192.168.1.60:31009      192.168.1.29:5002  
nsh> [K
nsh> [K
--- CMD: cat /proc/iobinfo ---
cat /proc/iobinfo
    ntotal     nfree     nwait nthrottle
        96        51         0        27
nsh> [K
nsh> [K
--- CMD: ifconfig ---
ifconfig
wlan0	Link encap:Ethernet HWaddr 30:ed:a0:f3:f7:b0 at RUNNING mtu 1500
	inet addr:192.168.1.60 DRaddr:192.168.1.1 Mask:255.255.255.0

	RX: Received Fragment Errors   Bytes   
	    000001bf 00000000 00000000 6cc6            
	    IPv4     ARP      Dropped 
	    00000000 00000000 00000000
	TX: Queued   Sent     Errors   Timeouts Bytes   
	    000005cb 000005c0 00000000 00000000 1a68a3           
	Total Errors: 00000000

             IPv4   TCP   UDP  ICMP
Received     01a8  01a2  0002  0003
Dropped      0001  0000  0000  0000
  IPv4        VHL: 0000   Frg: 0000
  Checksum   0000  0000  0000  0000
  TCP         ACK: 0000   SYN: 0000
              RST: 0000  0000
              HDR: 0000
  Type       0000  ----  ----  0000
Sent         05cd  05c8  0002  0003
  Rexmit     ----  0001  ----  ----
nsh> [K
nsh> [K
--- CMD: cat /proc/net/tcp ---
cat /proc/net/tcp
TCP sl  st flg ref tmr uack nrt   txsz   rxsz   mss     sndwnd local_address           remote_address         
     1: 04  61   1   3 17520   0  17520      0  1460      65535     192.168.1.60:31009      192.168.1.29:5002  
nsh> [K
nsh> [K
--- CMD: cat /proc/iobinfo ---
cat /proc/iobinfo
    ntotal     nfree     nwait nthrottle
        96        46         0        22
nsh> [K
nsh> [K
--- CMD: ifconfig ---
ifconfig
wlan0	Link encap:Ethernet HWaddr 30:ed:a0:f3:f7:b0 at RUNNING mtu 1500
	inet addr:192.168.1.60 DRaddr:192.168.1.1 Mask:255.255.255.0

	RX: Received Fragment Errors   Bytes   
	    0000022d 00000000 00000000 867e            
	    IPv4     ARP      Dropped 
	    00000000 00000000 00000000
	TX: Queued   Sent     Errors   Timeouts Bytes   
	    00000733 00000728 00000000 00000000 20ddb7           
	Total Errors: 00000000

             IPv4   TCP   UDP  ICMP
Received     0214  020e  0002  0003
Dropped      0001  0000  0000  0000
  IPv4        VHL: 0000   Frg: 0000
  Checksum   0000  0000  0000  0000
  TCP         ACK: 0000   SYN: 0000
              RST: 0000  0000
              HDR: 0000
  Type       0000  ----  ----  0000
Sent         0731  072c  0002  0003
  Rexmit     ----  0001  ----  ----
nsh> [K
nsh> [K
--- CMD: cat /proc/net/tcp ---
cat /proc/net/tcp
TCP sl  st flg ref tmr uack nrt   txsz   rxsz   mss     sndwnd local_address           remote_address         
     1: 04  61   1   3 19304   0  19304      0  1460      65535     192.168.1.60:31009      192.168.1.29:5002  
nsh> [K
nsh> [K
--- CMD: cat /proc/iobinfo ---
cat /proc/iobinfo
    ntotal     nfree     nwait nthrottle
        96        45         0        21
nsh> [K
nsh> [K
--- CMD: ifconfig ---
ifconfig
wlan0	Link encap:Ethernet HWaddr 30:ed:a0:f3:f7:b0 at RUNNING mtu 1500
	inet addr:192.168.1.60 DRaddr:192.168.1.1 Mask:255.255.255.0

	RX: Received Fragment Errors   Bytes   
	    000002aa 00000000 00000000 ae36            
	    IPv4     ARP      Dropped 
	    00000000 00000000 00000000
	TX: Queued   Sent     Errors   Timeouts Bytes   
	    00000878 00000874 00000000 00000000 26a851           
	Total Errors: 00000000

             IPv4   TCP   UDP  ICMP
Received     028e  027f  0009  0005
Dropped      0001  0000  0000  0000
  IPv4        VHL: 0000   Frg: 0000
  Checksum   0000  0000  0000  0000
  TCP         ACK: 0000   SYN: 0000
              RST: 0000  0000
              HDR: 0000
  Type       0000  ----  ----  0000
Sent         0879  0872  0002  0005
  Rexmit     ----  0001  ----  ----
nsh> [K
nsh> [K
--- CMD: cat /proc/net/tcp ---
cat /proc/net/tcp
TCP sl  st flg ref tmr uack nrt   txsz   rxsz   mss     sndwnd local_address           remote_address         
     1: 04  61   1   3 16384   0  16384      0  1460      65535     192.168.1.60:31009      192.168.1.29:5002  
nsh> [K
nsh> [K
--- CMD: cat /proc/iobinfo ---
cat /proc/iobinfo
    ntotal     nfree     nwait nthrottle
        96        52         0        28
nsh> [K
nsh> [K
--- CMD: ifconfig ---
ifconfig
wlan0	Link encap:Ethernet HWaddr 30:ed:a0:f3:f7:b0 at RUNNING mtu 1500
	inet addr:192.168.1.60 DRaddr:192.168.1.1 Mask:255.255.255.0

	RX: Received Fragment Errors   Bytes   
	    0000031c 00000000 00000000 c9b8            
	    IPv4     ARP      Dropped 
	    00000000 00000000 00000000
	TX: Queued   Sent     Errors   Timeouts Bytes   
	    000009c1 000009bd 00000000 00000000 2c7ed3           
	Total Errors: 00000000

             IPv4   TCP   UDP  ICMP
Received     0300  02f0  000a  0005
Dropped      0001  0000  0000  0000
  IPv4        VHL: 0000   Frg: 0000
  Checksum   0000  0000  0000  0000
  TCP         ACK: 0000   SYN: 0000
              RST: 0000  0000
              HDR: 0000
  Type       0000  ----  ----  0000
Sent         09c3  09bc  0002  0005
  Rexmit     ----  0001  ----  ----
nsh> [K
nsh> [K
--- CMD: ps ---
ps
  PID GROUP CPU(AFFINITY)   PRI POLICY   TYPE    NPX STATE    EVENT     SIGMASK            STACK COMMAND
    0     0 000(0x00000003)   0 FIFO     Kthread   - Assigned           0000000000000000 0003024 CPU0 IDLE
    1     0 001(0x00000003)   0 FIFO     Kthread   - Assigned           0000000000000000 0003024 CPU1 IDLE
    2     0 ---(0x00000003) 100 RR       Kthread   - Waiting  Semaphore 0000000000000000 0001952 lpwork 0x2f018bc0 0x2f018c0c
    4     0 ---(0x00000003) 223 RR       Kthread   - Waiting  Semaphore 0000000000000000 0001968 hr_timer
    5     0 ---(0x00000001) 124 RR       Kthread   - Waiting  Semaphore 0000000000000000 0004016 ble_ctrl
    6     0 000(0x00000001) 253 RR       Kthread   - Running            0000000000000000 0003520 wifi
    7     7 000(0x00000003) 101 RR       Task      - Running            0000000000000000 0004016 /system/bin/init
   10    10 ---(0x00000003) 100 RR       Task      - Waiting  Semaphore 0000000000000000 0008048 iperf2 -c 192.168.1.29 -i 1 -p 5002 -t 20
   11    10 ---(0x00000003) 101 RR       pthread   - Waiting  Signal    0000000000000000 0008144 iperf2 0x6100d684 0x61800808
   12    10 ---(0x00000003) 100 RR       pthread   - Waiting  Semaphore 0000000000000000 0008144 iperf2 0x6100d684 0x61800550
nsh> [K
nsh> [K
--- CMD: cat /tmp/tcp1624.log ---
cat /tmp/tcp1624.log
------------------------------------------------------------
Client connecting to 192.168.1.29, TCP port 5002
TCP window size: 16.0 KByte
------------------------------------------------------------
[  1] local 192.168.1.60 port 31009 connected with 192.168.1.29 port 5002
[ ID] Interval       Transfer     Bandwidth
[  1] 0.00-1.00 sec   176 KBytes  1.44 Mbits/sec
[  1] 1.00-2.00 sec   224 KBytes  1.84 Mbits/sec
[  1] 2.00-3.00 sec   240 KBytes  1.97 Mbits/sec
[  1] 3.00-4.00 sec   240 KBytes  1.97 Mbits/sec
[  1] 4.00-5.00 sec   208 KBytes  1.70 Mbits/sec
[  1] 5.00-6.00 sec   208 KBytes  1.70 Mbits/sec
[  1] 6.00-7.00 sec   208 KBytes  1.70 Mbits/sec
[  1] 7.00-8.00 sec   288 KBytes  2.36 Mbits/sec
[  1] 8.00-9.00 sec   256 KBytes  2.10 Mbits/sec
[  1] 9.00-10.00 sec   288 KBytes  2.36 Mbits/sec
[  1] 10.00-11.00 sec   240 KBytes  1.97 Mbits/sec
[  1] 11.00-12.00 sec   240 KBytes  1.97 Mbits/sec
nsh> [K
nsh> [K
QUEUE_SAMPLED_REVIEW_REQUIRED
