ifconfig
wlan0	Link encap:Ethernet HWaddr 30:ed:a0:f3:f7:b0 at RUNNING mtu 1500
	inet addr:192.168.1.60 DRaddr:192.168.1.1 Mask:255.255.255.0

	RX: Received Fragment Errors   Bytes   
	    0001a487 00000000 00000000 87f5154         
	    IPv4     ARP      Dropped 
	    00000000 00000000 00000000
	TX: Queued   Sent     Errors   Timeouts Bytes   
	    000144f7 000144f9 00000000 00000000 2576b9f          
	Total Errors: 00000000

             IPv4   TCP   UDP  ICMP
Received     9f5c  9d66  0148  00a0
Dropped      000e  0000  0000  0000
  IPv4        VHL: 0000   Frg: 0000
  Checksum   0000  0000  0000  0000
  TCP         ACK: 0000   SYN: 0000
              RST: 0000  0000
              HDR: 0000
  Type       0000  ----  ----  0000
Sent         448a  43e8  0002  00a0
  Rexmit     ----  0003  ----  ----
nsh> [K
nsh> [K[  1] local 0.0.0.0 port 5003 connected with 192.168.1.29 port 65379
[ ID] Interval       Transfer     Bandwidth        Jitter   Lost/Total Datagrams
[  1] 0.00-1.00 sec  1.06 MBytes  8.90 Mbits/sec   1.463 ms 265/1022 (26%)
[  1] 0.00-1.00 sec  2 datagrams received out-of-order
[  1] 1.00-2.00 sec  1.07 MBytes  8.97 Mbits/sec   1.640 ms 307/1070 (29%)
[  1] 1.00-2.00 sec  2 datagrams received out-of-order
[  1] 2.00-3.00 sec  1.09 MBytes  9.10 Mbits/sec   3.689 ms 510/1284 (40%)
[  1] 2.00-3.00 sec  9 datagrams received out-of-order
[  1] 3.00-4.00 sec  1.23 MBytes  10.3 Mbits/sec   1.307 ms 493/1368 (36%)
[  1] 3.00-4.00 sec  4 datagrams received out-of-order
[  1] 4.00-5.00 sec  1.21 MBytes  10.2 Mbits/sec   1.879 ms 556/1421 (39%)
[  1] 4.00-5.00 sec  1 datagrams received out-of-order
[  1] 5.00-6.00 sec  1.22 MBytes  10.2 Mbits/sec   2.075 ms 578/1449 (40%)
[  1] 5.00-6.00 sec  13 datagrams received out-of-order
[  1] 6.00-7.00 sec  1.31 MBytes  10.9 Mbits/sec   1.231 ms 624/1555 (40%)
[  1] 6.00-7.00 sec  2 datagrams received out-of-order
[  1] 7.00-8.00 sec  1.17 MBytes  9.80 Mbits/sec   1.363 ms 636/1469 (43%)
[  1] 7.00-8.00 sec  2 datagrams received out-of-order
[  1] 8.00-9.00 sec  1.18 MBytes  9.91 Mbits/sec   2.944 ms 653/1496 (44%)
[  1] 8.00-9.00 sec  16 datagrams received out-of-order
[  1] 9.00-10.00 sec  1.11 MBytes  9.28 Mbits/sec   1.230 ms 368/1157 (32%)
[  1] 9.00-10.00 sec  1 datagrams received out-of-order
[  1] 10.00-11.00 sec  1.09 MBytes  9.11 Mbits/sec   2.380 ms 154/929 (17%)
[  1] 10.00-11.00 sec  16 datagrams received out-of-order
[  1] 11.00-12.00 sec  1.14 MBytes  9.56 Mbits/sec   1.806 ms 530/1343 (39%)
[  1] 11.00-12.00 sec  1 datagrams received out-of-order
[  1] 12.00-13.00 sec  1.11 MBytes  9.35 Mbits/sec   4.019 ms 721/1516 (48%)
[  1] 12.00-13.00 sec  4 datagrams received out-of-order
[  1] 13.00-14.00 sec  1.17 MBytes  9.82 Mbits/sec   1.447 ms 503/1338 (38%)
[  1] 13.00-14.00 sec  3 datagrams received out-of-order
[  1] 14.00-15.00 sec  1.21 MBytes  10.2 Mbits/sec   0.801 ms 768/1632 (47%)
[  1] 14.00-15.00 sec  14 datagrams received out-of-order
[  1] 15.00-16.00 sec  1.22 MBytes  10.2 Mbits/sec   2.274 ms 369/1237 (30%)
[  1] 15.00-16.00 sec  9 datagrams received out-of-order
[  1] 16.00-17.00 sec  1.10 MBytes  9.26 Mbits/sec   1.294 ms 371/1158 (32%)
[  1] 16.00-17.00 sec  17 datagrams received out-of-order
[  1] 17.00-18.00 sec  1.29 MBytes  10.8 Mbits/sec   3.164 ms 532/1450 (37%)
[  1] 17.00-18.00 sec  4 datagrams received out-of-order
[  1] 18.00-19.00 sec  1.13 MBytes  9.44 Mbits/sec   1.220 ms 466/1269 (37%)
[  1] 18.00-19.00 sec  4 datagrams received out-of-order
[  1] 19.00-20.00 sec  1.11 MBytes  9.34 Mbits/sec   2.228 ms 369/1163 (32%)
[  1] 19.00-20.00 sec  6 datagrams received out-of-order
[  1] 20.00-21.00 sec  1.09 MBytes  9.18 Mbits/sec   1.031 ms 150/931 (16%)
[  1] 20.00-21.00 sec  4 datagrams received out-of-order
[  1] 21.00-22.00 sec  1.10 MBytes  9.23 Mbits/sec   5.610 ms 262/1047 (25%)
[  1] 21.00-22.00 sec  59 datagrams received out-of-order
[  1] 22.00-23.00 sec  1.12 MBytes  9.42 Mbits/sec   1.479 ms 452/1253 (36%)
[  1] 22.00-23.00 sec  4 datagrams received out-of-order
[  1] 23.00-24.00 sec  1.20 MBytes  10.1 Mbits/sec   1.578 ms 352/1210 (29%)
[  1] 23.00-24.00 sec  5 datagrams received out-of-order
[  1] 24.00-25.00 sec  1.06 MBytes  8.89 Mbits/sec   2.438 ms 157/913 (17%)
[  1] 24.00-25.00 sec  5 datagrams received out-of-order
[  1] 25.00-26.00 sec  1.13 MBytes  9.48 Mbits/sec   2.171 ms 428/1234 (35%)
[  1] 25.00-26.00 sec  20 datagrams received out-of-order
[  1] 26.00-27.00 sec   940 KBytes  7.70 Mbits/sec   0.780 ms 431/1086 (40%)
[  1] 26.00-27.00 sec  2 datagrams received out-of-order
[  1] 27.00-28.00 sec  1.00 MBytes  8.42 Mbits/sec   3.814 ms 268/984 (27%)
[  1] 27.00-28.00 sec  4 datagrams received out-of-order
[  1] 28.00-29.00 sec  1.06 MBytes  8.88 Mbits/sec   3.571 ms 427/1182 (36%)
[  1] 28.00-29.00 sec  3 datagrams received out-of-order
[  1] 29.00-30.00 sec  1.05 MBytes  8.80 Mbits/sec   3.084 ms 83/831 (10%)
[  1] 29.00-30.00 sec  11 datagrams received out-of-order
[  1] 30.00-31.00 sec  1.35 MBytes  11.3 Mbits/sec   1.242 ms 417/1377 (30%)
[  1] 30.00-31.00 sec  4 datagrams received out-of-order
[  1] 31.00-32.00 sec  1.15 MBytes  9.65 Mbits/sec   1.809 ms 289/1110 (26%)
[  1] 31.00-32.00 sec  5 datagrams received out-of-order
[  1] 32.00-33.00 sec  1.08 MBytes  9.09 Mbits/sec   4.233 ms 243/1016 (24%)
[  1] 32.00-33.00 sec  3 datagrams received out-of-order
[  1] 33.00-34.00 sec  1.23 MBytes  10.3 Mbits/sec   3.012 ms 411/1288 (32%)
[  1] 33.00-34.00 sec  1 datagrams received out-of-order
[  1] 34.00-35.00 sec  1.01 MBytes  8.49 Mbits/sec   2.242 ms 322/1044 (31%)
[  1] 34.00-35.00 sec  4 datagrams received out-of-order
[  1] 35.00-36.00 sec  1005 KBytes  8.23 Mbits/sec   1.602 ms 255/955 (27%)
[  1] 35.00-36.00 sec  4 datagrams received out-of-order
[  1] 36.00-37.00 sec  1.10 MBytes  9.27 Mbits/sec   2.549 ms 403/1191 (34%)
[  1] 36.00-37.00 sec  2 datagrams received out-of-order
[  1] 37.00-38.00 sec   814 KBytes  6.67 Mbits/sec   2.117 ms 29/596 (4.9%)
[  1] 37.00-38.00 sec  7 datagrams received out-of-order
[  1] 38.00-39.00 sec  1.07 MBytes  9.00 Mbits/sec   1.576 ms 378/1143 (33%)
[  1] 38.00-39.00 sec  8 datagrams received out-of-order
[  1] 39.00-40.00 sec  1.23 MBytes  10.3 Mbits/sec   1.197 ms 801/1680 (48%)
[  1] 39.00-40.00 sec  3 datagrams received out-of-order
[  1] 40.00-41.00 sec  1.26 MBytes  10.6 Mbits/sec   1.506 ms 1003/1902 (53%)
[  1] 40.00-41.00 sec  5 datagrams received out-of-order
[  1] 41.00-42.00 sec  1.31 MBytes  11.0 Mbits/sec   1.902 ms 694/1627 (43%)
[  1] 41.00-42.00 sec  4 datagrams received out-of-order
[  1] 42.00-43.00 sec  1.02 MBytes  8.53 Mbits/sec   1.947 ms 143/868 (16%)
[  1] 42.00-43.00 sec  12 datagrams received out-of-order
[  1] 43.00-44.00 sec   935 KBytes  7.66 Mbits/sec  13.099 ms 213/864 (25%)
[  1] 43.00-44.00 sec  8 datagrams received out-of-order
[  1] 44.00-45.00 sec   792 KBytes  6.49 Mbits/sec   1.944 ms 18/570 (3.2%)
[  1] 44.00-45.00 sec  13 datagrams received out-of-order
[  1] 45.00-46.00 sec   953 KBytes  7.81 Mbits/sec   3.241 ms 84/748 (11%)
[  1] 45.00-46.00 sec  14 datagrams received out-of-order
[  1] 46.00-47.00 sec   838 KBytes  6.87 Mbits/sec   1.829 ms 94/678 (14%)
[  1] 46.00-47.00 sec  12 datagrams received out-of-order
[  1] 47.00-48.00 sec   940 KBytes  7.70 Mbits/sec   1.576 ms 96/751 (13%)
[  1] 47.00-48.00 sec  2 datagrams received out-of-order
[  1] 48.00-49.00 sec  1.01 MBytes  8.49 Mbits/sec   1.372 ms 174/896 (19%)
[  1] 48.00-49.00 sec  20 datagrams received out-of-order
[  1] 49.00-50.00 sec   899 KBytes  7.36 Mbits/sec   2.220 ms 238/864 (28%)
[  1] 49.00-50.00 sec  3 datagrams received out-of-order
[  1] 50.00-51.00 sec  1.18 MBytes  9.88 Mbits/sec   1.957 ms 422/1262 (33%)
[  1] 50.00-51.00 sec  1 datagrams received out-of-order
[  1] 51.00-52.00 sec  1.13 MBytes  9.44 Mbits/sec   0.957 ms 636/1439 (44%)
[  1] 51.00-52.00 sec  3 datagrams received out-of-order
[  1] 52.00-53.00 sec  1.08 MBytes  9.06 Mbits/sec   3.142 ms 528/1298 (41%)
[  1] 52.00-53.00 sec  1 datagrams received out-of-order
[  1] 53.00-54.00 sec  1.18 MBytes  9.90 Mbits/sec   2.743 ms 586/1428 (41%)
[  1] 53.00-54.00 sec  4 datagrams received out-of-order
[  1] 54.00-55.00 sec  1.17 MBytes  9.83 Mbits/sec   1.296 ms 630/1466 (43%)
[  1] 54.00-55.00 sec  2 datagrams received out-of-order
[  1] 55.00-56.00 sec  1.15 MBytes  9.62 Mbits/sec   3.391 ms 549/1367 (40%)
[  1] 55.00-56.00 sec  5 datagrams received out-of-order
[  1] 56.00-57.00 sec  1.03 MBytes  8.66 Mbits/sec   4.565 ms 363/1099 (33%)
[  1] 56.00-57.00 sec  5 datagrams received out-of-order
[  1] 57.00-58.00 sec   978 KBytes  8.01 Mbits/sec   1.180 ms 240/921 (26%)
[  1] 57.00-58.00 sec  3 datagrams received out-of-order
[  1] 58.00-59.00 sec  1.12 MBytes  9.40 Mbits/sec   1.843 ms 255/1054 (24%)
[  1] 58.00-59.00 sec  3 datagrams received out-of-order
[  1] 59.00-60.00 sec  1.09 MBytes  9.15 Mbits/sec   4.547 ms 389/1167 (33%)
[  1] 59.00-60.00 sec  23 datagrams received out-of-order
[  1] 60.00-61.00 sec   958 KBytes  7.84 Mbits/sec   1.049 ms 291/958 (30%)
[  1] 60.00-61.00 sec  4 datagrams received out-of-order
[  1] 61.00-62.00 sec  1.13 MBytes  9.49 Mbits/sec   2.025 ms 384/1191 (32%)
[  1] 61.00-62.00 sec  1 datagrams received out-of-order
[  1] 62.00-63.00 sec  1.04 MBytes  8.69 Mbits/sec   3.642 ms 353/1092 (32%)
[  1] 62.00-63.00 sec  4 datagrams received out-of-order
[  1] 63.00-64.00 sec  1.18 MBytes  9.88 Mbits/sec   1.648 ms 263/1103 (24%)
[  1] 63.00-64.00 sec  6 datagrams received out-of-order
[  1] 64.00-65.00 sec  1.22 MBytes  10.2 Mbits/sec   2.589 ms 480/1347 (36%)
[  1] 64.00-65.00 sec  5 datagrams received out-of-order
[  1] 65.00-66.00 sec  1.27 MBytes  10.7 Mbits/sec   1.164 ms 499/1406 (35%)
[  1] 65.00-66.00 sec  4 datagrams received out-of-order
[  1] 66.00-67.00 sec  1.11 MBytes  9.35 Mbits/sec   1.322 ms 570/1365 (42%)
[  1] 66.00-67.00 sec  2 datagrams received out-of-order
[  1] 67.00-68.00 sec  1.16 MBytes  9.77 Mbits/sec   3.253 ms 438/1269 (35%)
[  1] 67.00-68.00 sec  3 datagrams received out-of-order
[  1] 68.00-69.00 sec  1.15 MBytes  9.62 Mbits/sec   1.228 ms 405/1223 (33%)
[  1] 68.00-69.00 sec  3 datagrams received out-of-order
[  1] 69.00-70.00 sec  1.04 MBytes  8.69 Mbits/sec   1.943 ms 288/1027 (28%)
[  1] 69.00-70.00 sec  5 datagrams received out-of-order
[  1] 70.00-71.00 sec  1.16 MBytes  9.75 Mbits/sec   1.809 ms 239/1068 (22%)
[  1] 70.00-71.00 sec  4 datagrams received out-of-order
[  1] 71.00-72.00 sec  1.08 MBytes  9.09 Mbits/sec   1.415 ms 404/1177 (34%)
[  1] 71.00-72.00 sec  2 datagrams received out-of-order
[  1] 72.00-73.00 sec  1.17 MBytes  9.81 Mbits/sec   1.487 ms 600/1434 (42%)
[  1] 72.00-73.00 sec  13 datagrams received out-of-order
[  1] 73.00-74.00 sec  1.16 MBytes  9.75 Mbits/sec   1.062 ms 509/1338 (38%)
[  1] 73.00-74.00 sec  1 datagrams received out-of-order
[  1] 74.00-75.00 sec  1.06 MBytes  8.93 Mbits/sec   5.736 ms 401/1160 (35%)
[  1] 74.00-75.00 sec  4 datagrams received out-of-order
[  1] 75.00-76.00 sec  1.18 MBytes  9.93 Mbits/sec   2.153 ms 502/1346 (37%)
[  1] 75.00-76.00 sec  4 datagrams received out-of-order
[  1] 76.00-77.00 sec  1.12 MBytes  9.43 Mbits/sec   2.330 ms 536/1338 (40%)
[  1] 76.00-77.00 sec  3 datagrams received out-of-order
[  1] 77.00-78.00 sec  1.10 MBytes  9.23 Mbits/sec   1.389 ms 457/1242 (37%)
[  1] 77.00-78.00 sec  12 datagrams received out-of-order
[  1] 78.00-79.00 sec  1.20 MBytes  10.1 Mbits/sec   1.784 ms 506/1362 (37%)
[  1] 78.00-79.00 sec  4 datagrams received out-of-order
[  1] 79.00-80.00 sec  1.13 MBytes  9.51 Mbits/sec   7.271 ms 467/1276 (37%)
[  1] 79.00-80.00 sec  3 datagrams received out-of-order
[  1] 80.00-81.00 sec  1.17 MBytes  9.85 Mbits/sec   1.803 ms 523/1361 (38%)
[  1] 80.00-81.00 sec  4 datagrams received out-of-order
[  1] 81.00-82.00 sec  1.21 MBytes  10.2 Mbits/sec   3.702 ms 686/1552 (44%)
[  1] 81.00-82.00 sec  3 datagrams received out-of-order
[  1] 82.00-83.00 sec  1.19 MBytes  9.97 Mbits/sec   2.059 ms 406/1254 (32%)
[  1] 82.00-83.00 sec  19 datagrams received out-of-order
[  1] 83.00-84.00 sec  1.10 MBytes  9.21 Mbits/sec   0.973 ms 492/1275 (39%)
[  1] 83.00-84.00 sec  2 datagrams received out-of-order
[  1] 84.00-85.00 sec  1.21 MBytes  10.1 Mbits/sec   1.292 ms 417/1279 (33%)
[  1] 84.00-85.00 sec  3 datagrams received out-of-order
[  1] 85.00-86.00 sec  1.12 MBytes  9.38 Mbits/sec   2.844 ms 570/1368 (42%)
[  1] 85.00-86.00 sec  2 datagrams received out-of-order
[  1] 86.00-87.00 sec   334 KBytes  2.74 Mbits/sec   5.353 ms 22/255 (8.6%)
[  1] 86.00-87.00 sec  14 datagrams received out-of-order
[  1] 87.00-88.00 sec   824 KBytes  6.75 Mbits/sec   2.667 ms 194/768 (25%)
[  1] 87.00-88.00 sec  7 datagrams received out-of-order
[  1] 88.00-89.00 sec   871 KBytes  7.14 Mbits/sec   2.438 ms 203/810 (25%)
[  1] 88.00-89.00 sec  22 datagrams received out-of-order
[  1] 89.00-90.00 sec  1.22 MBytes  10.3 Mbits/sec   3.049 ms 311/1183 (26%)
[  1] 90.00-91.00 sec  1.14 MBytes  9.57 Mbits/sec   4.130 ms 449/1263 (36%)
[  1] 90.00-91.00 sec  5 datagrams received out-of-order
[  1] 91.00-92.00 sec  1.16 MBytes  9.69 Mbits/sec   2.076 ms 351/1175 (30%)
[  1] 91.00-92.00 sec  3 datagrams received out-of-order
[  1] 92.00-93.00 sec  1.06 MBytes  8.88 Mbits/sec   1.272 ms 326/1081 (30%)
[  1] 92.00-93.00 sec  24 datagrams received out-of-order
[  1] 93.00-94.00 sec  1.11 MBytes  9.31 Mbits/sec   2.732 ms 409/1201 (34%)
[  1] 93.00-94.00 sec  4 datagrams received out-of-order
[  1] 94.00-95.00 sec  1.15 MBytes  9.64 Mbits/sec   1.090 ms 447/1267 (35%)
[  1] 94.00-95.00 sec  2 datagrams received out-of-order
[  1] 95.00-96.00 sec  1.21 MBytes  10.2 Mbits/sec   1.580 ms 457/1321 (35%)
[  1] 95.00-96.00 sec  7 datagrams received out-of-order
[  1] 96.00-97.00 sec  1.25 MBytes  10.5 Mbits/sec   1.184 ms 474/1363 (35%)
[  1] 96.00-97.00 sec  1 datagrams received out-of-order
[  1] 97.00-98.00 sec  1.13 MBytes  9.46 Mbits/sec   1.347 ms 414/1218 (34%)
[  1] 97.00-98.00 sec  1 datagrams received out-of-order
[  1] 98.00-99.00 sec  1.18 MBytes  9.87 Mbits/sec   1.253 ms 345/1184 (29%)
[  1] 98.00-99.00 sec  1 datagrams received out-of-order
[  1] 99.00-100.00 sec  1.10 MBytes  9.27 Mbits/sec   4.084 ms 407/1195 (34%)
[  1] 99.00-100.00 sec  4 datagrams received out-of-order
[  1] 100.00-101.00 sec  1.02 MBytes  8.60 Mbits/sec   1.056 ms 318/1049 (30%)
[  1] 101.00-102.00 sec  1.12 MBytes  9.41 Mbits/sec   2.049 ms 309/1109 (28%)
[  1] 101.00-102.00 sec  2 datagrams received out-of-order
[  1] 102.00-103.00 sec  1.28 MBytes  10.7 Mbits/sec   1.740 ms 586/1498 (39%)
[  1] 103.00-104.00 sec  1.18 MBytes  9.91 Mbits/sec   3.280 ms 613/1456 (42%)
[  1] 103.00-104.00 sec  5 datagrams received out-of-order
[  1] 104.00-105.00 sec  1.23 MBytes  10.3 Mbits/sec   1.840 ms 801/1680 (48%)
[  1] 104.00-105.00 sec  3 datagrams received out-of-order
[  1] 105.00-106.00 sec  1.24 MBytes  10.4 Mbits/sec   1.571 ms 824/1706 (48%)
[  1] 105.00-106.00 sec  5 datagrams received out-of-order
[  1] 106.00-107.00 sec  1.14 MBytes  9.56 Mbits/sec   1.513 ms 459/1272 (36%)
[  1] 106.00-107.00 sec  6 datagrams received out-of-order
[  1] 107.00-108.00 sec  1.24 MBytes  10.4 Mbits/sec   1.602 ms 542/1426 (38%)
[  1] 107.00-108.00 sec  5 datagrams received out-of-order
[  1] 108.00-109.00 sec  1.23 MBytes  10.3 Mbits/sec   2.067 ms 487/1361 (36%)
[  1] 108.00-109.00 sec  3 datagrams received out-of-order
[  1] 109.00-110.00 sec  1.25 MBytes  10.5 Mbits/sec   2.456 ms 533/1424 (37%)
[  1] 109.00-110.00 sec  4 datagrams received out-of-order
[  1] 110.00-111.00 sec  1.24 MBytes  10.4 Mbits/sec   1.522 ms 669/1552 (43%)
[  1] 110.00-111.00 sec  4 datagrams received out-of-order
[  1] 111.00-112.00 sec  1.23 MBytes  10.3 Mbits/sec   2.218 ms 633/1511 (42%)
[  1] 111.00-112.00 sec  2 datagrams received out-of-order
[  1] 112.00-113.00 sec  1.13 MBytes  9.48 Mbits/sec   1.541 ms 475/1281 (37%)
[  1] 112.00-113.00 sec  4 datagrams received out-of-order
[  1] 113.00-114.00 sec  1.17 MBytes  9.82 Mbits/sec   6.474 ms 437/1272 (34%)
[  1] 113.00-114.00 sec  3 datagrams received out-of-order
[  1] 114.00-115.00 sec  1.25 MBytes  10.5 Mbits/sec   3.274 ms 361/1250 (29%)
[  1] 114.00-115.00 sec  2 datagrams received out-of-order
[  1] 115.00-116.00 sec  1.14 MBytes  9.55 Mbits/sec   1.175 ms 498/1310 (38%)
[  1] 115.00-116.00 sec  3 datagrams received out-of-order
[  1] 116.00-117.00 sec  1.20 MBytes  10.1 Mbits/sec   1.416 ms 550/1406 (39%)
[  1] 116.00-117.00 sec  2 datagrams received out-of-order
[  1] 117.00-118.00 sec  1.11 MBytes  9.31 Mbits/sec   0.845 ms 490/1282 (38%)
[  1] 117.00-118.00 sec  1 datagrams received out-of-order
[  1] 118.00-119.00 sec   962 KBytes  7.88 Mbits/sec   1.867 ms 336/1006 (33%)
[  1] 118.00-119.00 sec  1 datagrams received out-of-order
[  1] 119.00-120.00 sec  1.22 MBytes  10.2 Mbits/sec   2.790 ms 444/1311 (34%)
[  1] 119.00-120.00 sec  4 datagrams received out-of-order
[  1] 120.00-121.00 sec  1.18 MBytes  9.93 Mbits/sec   1.346 ms 470/1314 (36%)
[  1] 120.00-121.00 sec  7 datagrams received out-of-order
[  1] 121.00-122.00 sec  1.23 MBytes  10.3 Mbits/sec   1.629 ms 594/1472 (40%)
[  1] 121.00-122.00 sec  2 datagrams received out-of-order
[  1] 122.00-123.00 sec  1.07 MBytes  8.97 Mbits/sec   2.010 ms 464/1227 (38%)
[  1] 122.00-123.00 sec  2 datagrams received out-of-order
[  1] 123.00-124.00 sec  1.17 MBytes  9.80 Mbits/sec   1.063 ms 489/1322 (37%)
[  1] 123.00-124.00 sec  2 datagrams received out-of-order
[  1] 124.00-125.00 sec  1.12 MBytes  9.38 Mbits/sec   3.385 ms 387/1185 (33%)
[  1] 124.00-125.00 sec  1 datagrams received out-of-order
[  1] 125.00-126.00 sec  1.19 MBytes  10.0 Mbits/sec   1.929 ms 585/1437 (41%)
[  1] 125.00-126.00 sec  3 datagrams received out-of-order
[  1] 126.00-127.00 sec  1.14 MBytes  9.56 Mbits/sec   1.670 ms 645/1458 (44%)
[  1] 127.00-128.00 sec  1.18 MBytes  9.93 Mbits/sec   1.850 ms 691/1535 (45%)
[  1] 127.00-128.00 sec  2 datagrams received out-of-order
[  1] 128.00-129.00 sec  1.25 MBytes  10.5 Mbits/sec   3.637 ms 864/1756 (49%)
[  1] 128.00-129.00 sec  8 datagrams received out-of-order
[  1] 129.00-130.00 sec  1.12 MBytes  9.38 Mbits/sec   0.936 ms 597/1395 (43%)
[  1] 130.00-131.00 sec  1.14 MBytes  9.57 Mbits/sec   2.615 ms 622/1436 (43%)
[  1] 130.00-131.00 sec  17 datagrams received out-of-order
[  1] 131.00-132.00 sec  1015 KBytes  8.31 Mbits/sec   1.227 ms 222/929 (24%)
[  1] 131.00-132.00 sec  5 datagrams received out-of-order
[  1] 132.00-133.00 sec   986 KBytes  8.08 Mbits/sec   1.218 ms 398/1085 (37%)
[  1] 132.00-133.00 sec  27 datagrams received out-of-order
[  1] 133.00-134.00 sec  1.12 MBytes  9.42 Mbits/sec   1.440 ms 592/1393 (42%)
[  1] 133.00-134.00 sec  4 datagrams received out-of-order
[  1] 134.00-135.00 sec  1.15 MBytes  9.63 Mbits/sec   1.432 ms 684/1503 (46%)
[  1] 135.00-136.00 sec  1.11 MBytes  9.34 Mbits/sec   2.385 ms 417/1211 (34%)
[  1] 135.00-136.00 sec  3 datagrams received out-of-order
[  1] 136.00-137.00 sec  1.18 MBytes  9.90 Mbits/sec   3.145 ms 566/1408 (40%)
[  1] 136.00-137.00 sec  3 datagrams received out-of-order
[  1] 137.00-138.00 sec  1.13 MBytes  9.51 Mbits/sec   2.819 ms 506/1315 (38%)
[  1] 137.00-138.00 sec  1 datagrams received out-of-order
[  1] 138.00-139.00 sec  1.15 MBytes  9.61 Mbits/sec   3.031 ms 478/1295 (37%)
[  1] 139.00-140.00 sec  1.18 MBytes  9.87 Mbits/sec   2.652 ms 508/1347 (38%)
[  1] 139.00-140.00 sec  6 datagrams received out-of-order
[  1] 140.00-141.00 sec  1.06 MBytes  8.86 Mbits/sec   2.032 ms 567/1320 (43%)
[  1] 140.00-141.00 sec  4 datagrams received out-of-order
[  1] 141.00-142.00 sec  1.10 MBytes  9.24 Mbits/sec   1.719 ms 451/1237 (36%)
[  1] 141.00-142.00 sec  3 datagrams received out-of-order
[  1] 142.00-143.00 sec  1.23 MBytes  10.3 Mbits/sec   0.791 ms 642/1517 (42%)
[  1] 142.00-143.00 sec  1 datagrams received out-of-order
[  1] 143.00-144.00 sec  1.24 MBytes  10.4 Mbits/sec   2.354 ms 466/1353 (34%)
[  1] 143.00-144.00 sec  3 datagrams received out-of-order
[  1] 144.00-145.00 sec  1.26 MBytes  10.5 Mbits/sec   1.336 ms 604/1501 (40%)
[  1] 144.00-145.00 sec  5 datagrams received out-of-order
[  1] 145.00-146.00 sec  1.35 MBytes  11.3 Mbits/sec   1.180 ms 650/1614 (40%)
[  1] 145.00-146.00 sec  6 datagrams received out-of-order
[  1] 146.00-147.00 sec  1009 KBytes  8.27 Mbits/sec   1.484 ms 399/1102 (36%)
[  1] 146.00-147.00 sec  2 datagrams received out-of-order
[  1] 147.00-148.00 sec  1.13 MBytes  9.44 Mbits/sec   1.617 ms 524/1327 (39%)
[  1] 147.00-148.00 sec  23 datagrams received out-of-order
[  1] 148.00-149.00 sec  1.16 MBytes  9.76 Mbits/sec   1.380 ms 437/1267 (34%)
[  1] 148.00-149.00 sec  3 datagrams received out-of-order
[  1] 149.00-150.00 sec  1.08 MBytes  9.09 Mbits/sec   1.123 ms 480/1253 (38%)
[  1] 149.00-150.00 sec  4 datagrams received out-of-order
[  1] 150.00-151.00 sec  1.18 MBytes  9.87 Mbits/sec   1.809 ms 464/1303 (36%)
[  1] 150.00-151.00 sec  3 datagrams received out-of-order
[  1] 151.00-152.00 sec  1.26 MBytes  10.6 Mbits/sec   2.194 ms 571/1469 (39%)
[  1] 151.00-152.00 sec  2 datagrams received out-of-order
[  1] 152.00-153.00 sec  1.17 MBytes  9.85 Mbits/sec   1.824 ms 573/1411 (41%)
[  1] 153.00-154.00 sec  1.20 MBytes  10.1 Mbits/sec   1.659 ms 682/1537 (44%)
[  1] 153.00-154.00 sec  2 datagrams received out-of-order
[  1] 154.00-155.00 sec  1.23 MBytes  10.3 Mbits/sec   2.174 ms 576/1450 (40%)
[  1] 154.00-155.00 sec  2 datagrams received out-of-order
[  1] 155.00-156.00 sec  1.13 MBytes  9.47 Mbits/sec   1.658 ms 425/1230 (35%)
[  1] 155.00-156.00 sec  6 datagrams received out-of-order
[  1] 156.00-157.00 sec  1.24 MBytes  10.4 Mbits/sec   1.492 ms 384/1266 (30%)
[  1] 156.00-157.00 sec  2 datagrams received out-of-order
[  1] 157.00-158.00 sec  1.28 MBytes  10.7 Mbits/sec   2.192 ms 411/1321 (31%)
[  1] 157.00-158.00 sec  7 datagrams received out-of-order
[  1] 158.00-159.00 sec  1.10 MBytes  9.21 Mbits/sec   0.729 ms 520/1303 (40%)
[  1] 158.00-159.00 sec  4 datagrams received out-of-order
[  1] 159.00-160.00 sec  1.25 MBytes  10.5 Mbits/sec   2.170 ms 548/1441 (38%)
[  1] 159.00-160.00 sec  1 datagrams received out-of-order
[  1] 160.00-161.00 sec  1.18 MBytes  9.91 Mbits/sec   2.156 ms 571/1414 (40%)
[  1] 160.00-161.00 sec  2 datagrams received out-of-order
[  1] 161.00-162.00 sec  1.16 MBytes  9.73 Mbits/sec   1.683 ms 527/1354 (39%)
[  1] 161.00-162.00 sec  6 datagrams received out-of-order
[  1] 162.00-163.00 sec  1.25 MBytes  10.5 Mbits/sec   1.886 ms 514/1408 (37%)
[  1] 162.00-163.00 sec  1 datagrams received out-of-order
[  1] 163.00-164.00 sec  1.30 MBytes  10.9 Mbits/sec   1.673 ms 403/1333 (30%)
[  1] 163.00-164.00 sec  2 datagrams received out-of-order
[  1] 164.00-165.00 sec  1.11 MBytes  9.30 Mbits/sec   0.853 ms 426/1217 (35%)
[  1] 164.00-165.00 sec  8 datagrams received out-of-order
[  1] 165.00-166.00 sec  1.02 MBytes  8.54 Mbits/sec   1.587 ms 416/1142 (36%)
[  1] 165.00-166.00 sec  3 datagrams received out-of-order
[  1] 166.00-167.00 sec  1.15 MBytes  9.61 Mbits/sec   4.723 ms 470/1287 (37%)
[  1] 166.00-167.00 sec  4 datagrams received out-of-order
[  1] 167.00-168.00 sec  1.23 MBytes  10.3 Mbits/sec   1.167 ms 676/1556 (43%)
[  1] 167.00-168.00 sec  7 datagrams received out-of-order
[  1] 168.00-169.00 sec  1.12 MBytes  9.36 Mbits/sec   1.438 ms 437/1233 (35%)
[  1] 168.00-169.00 sec  1 datagrams received out-of-order
[  1] 169.00-170.00 sec  1.10 MBytes  9.24 Mbits/sec   1.151 ms 494/1280 (39%)
[  1] 169.00-170.00 sec  4 datagrams received out-of-order
[  1] 170.00-171.00 sec  1.24 MBytes  10.4 Mbits/sec   0.988 ms 511/1399 (37%)
[  1] 170.00-171.00 sec  1 datagrams received out-of-order
[  1] 171.00-172.00 sec  1.18 MBytes  9.94 Mbits/sec   1.098 ms 669/1514 (44%)
[  1] 171.00-172.00 sec  2 datagrams received out-of-order
[  1] 172.00-173.00 sec  1.20 MBytes  10.1 Mbits/sec   1.102 ms 727/1585 (46%)
[  1] 172.00-173.00 sec  8 datagrams received out-of-order
[  1] 173.00-174.00 sec  1.23 MBytes  10.3 Mbits/sec   1.470 ms 673/1548 (43%)
[  1] 173.00-174.00 sec  4 datagrams received out-of-order
[  1] 174.00-175.00 sec  1.24 MBytes  10.4 Mbits/sec   1.451 ms 940/1825 (52%)
[  1] 174.00-175.00 sec  5 datagrams received out-of-order
[  1] 175.00-176.00 sec  1.09 MBytes  9.10 Mbits/sec   3.866 ms 759/1533 (50%)
[  1] 175.00-176.00 sec  1 datagrams received out-of-order
[  1] 176.00-177.00 sec  1.32 MBytes  11.1 Mbits/sec   0.993 ms 635/1578 (40%)
[  1] 176.00-177.00 sec  2 datagrams received out-of-order
[  1] 177.00-178.00 sec  1.21 MBytes  10.1 Mbits/sec   1.876 ms 673/1534 (44%)
[  1] 177.00-178.00 sec  2 datagrams received out-of-order
[  1] 178.00-179.00 sec  1.06 MBytes  8.88 Mbits/sec   2.413 ms 471/1226 (38%)
[  1] 179.00-180.00 sec  1.18 MBytes  9.94 Mbits/sec   0.969 ms 528/1373 (38%)
[  1] 180.00-181.00 sec  1.24 MBytes  10.4 Mbits/sec   1.607 ms 402/1290 (31%)
[  1] 180.00-181.00 sec  4 datagrams received out-of-order
[  1] 181.00-182.00 sec  1.12 MBytes  9.36 Mbits/sec   1.327 ms 502/1298 (39%)
[  1] 181.00-182.00 sec  5 datagrams received out-of-order
[  1] 182.00-183.00 sec  1.18 MBytes  9.94 Mbits/sec   2.431 ms 572/1417 (40%)
[  1] 182.00-183.00 sec  3 datagrams received out-of-order
[  1] 183.00-184.00 sec  1.14 MBytes  9.58 Mbits/sec   2.470 ms 547/1362 (40%)
[  1] 183.00-184.00 sec  5 datagrams received out-of-order
[  1] 184.00-185.00 sec  1.17 MBytes  9.80 Mbits/sec   1.109 ms 589/1422 (41%)
[  1] 184.00-185.00 sec  3 datagrams received out-of-order
[  1] 185.00-186.00 sec  1.27 MBytes  10.7 Mbits/sec   1.765 ms 519/1428 (36%)
[  1] 185.00-186.00 sec  6 datagrams received out-of-order
[  1] 186.00-187.00 sec  1.10 MBytes  9.23 Mbits/sec   1.714 ms 478/1263 (38%)
[  1] 186.00-187.00 sec  33 datagrams received out-of-order
[  1] 187.00-188.00 sec  1.01 MBytes  8.48 Mbits/sec   1.678 ms 289/1010 (29%)
[  1] 187.00-188.00 sec  1 datagrams received out-of-order
[  1] 188.00-189.00 sec  1.19 MBytes  9.98 Mbits/sec   4.004 ms 545/1394 (39%)
[  1] 188.00-189.00 sec  5 datagrams received out-of-order
[  1] 189.00-190.00 sec  1.11 MBytes  9.28 Mbits/sec   2.033 ms 400/1189 (34%)
[  1] 189.00-190.00 sec  5 datagrams received out-of-order
[  1] 190.00-191.00 sec  1.15 MBytes  9.65 Mbits/sec   2.534 ms 561/1382 (41%)
[  1] 190.00-191.00 sec  3 datagrams received out-of-order
[  1] 191.00-192.00 sec  1.14 MBytes  9.56 Mbits/sec   1.673 ms 567/1380 (41%)
[  1] 191.00-192.00 sec  4 datagrams received out-of-order
[  1] 192.00-193.00 sec  1.18 MBytes  9.89 Mbits/sec   1.315 ms 493/1334 (37%)
[  1] 192.00-193.00 sec  4 datagrams received out-of-order
[  1] 193.00-194.00 sec  1.22 MBytes  10.2 Mbits/sec   1.490 ms 514/1382 (37%)
[  1] 193.00-194.00 sec  4 datagrams received out-of-order
[  1] 194.00-195.00 sec  1.03 MBytes  8.62 Mbits/sec   1.432 ms 410/1143 (36%)
[  1] 194.00-195.00 sec  3 datagrams received out-of-order
[  1] 195.00-196.00 sec  1.13 MBytes  9.49 Mbits/sec   6.424 ms 265/1072 (25%)
[  1] 195.00-196.00 sec  3 datagrams received out-of-order
[  1] 196.00-197.00 sec  1.18 MBytes  9.91 Mbits/sec   1.706 ms 275/1118 (25%)
[  1] 196.00-197.00 sec  2 datagrams received out-of-order
[  1] 197.00-198.00 sec  1.19 MBytes  9.98 Mbits/sec   2.009 ms 321/1170 (27%)
[  1] 198.00-199.00 sec  1.05 MBytes  8.84 Mbits/sec   1.164 ms 346/1098 (32%)
[  1] 198.00-199.00 sec  14 datagrams received out-of-order
[  1] 199.00-200.00 sec  1.19 MBytes  10.0 Mbits/sec   1.119 ms 493/1345 (37%)
[  1] 199.00-200.00 sec  2 datagrams received out-of-order
[  1] 200.00-201.00 sec  1.24 MBytes  10.4 Mbits/sec   1.381 ms 353/1234 (29%)
[  1] 200.00-201.00 sec  6 datagrams received out-of-order
[  1] 201.00-202.00 sec  1.13 MBytes  9.51 Mbits/sec   1.415 ms 319/1128 (28%)
[  1] 201.00-202.00 sec  9 datagrams received out-of-order
[  1] 202.00-203.00 sec  1.22 MBytes  10.2 Mbits/sec   3.970 ms 554/1422 (39%)
[  1] 202.00-203.00 sec  5 datagrams received out-of-order
[  1] 203.00-204.00 sec  1.15 MBytes  9.62 Mbits/sec   1.513 ms 471/1289 (37%)
[  1] 203.00-204.00 sec  1 datagrams received out-of-order
[  1] 204.00-205.00 sec  1.18 MBytes  9.94 Mbits/sec   2.667 ms 381/1226 (31%)
[  1] 204.00-205.00 sec  3 datagrams received out-of-order
[  1] 205.00-206.00 sec  1.17 MBytes  9.80 Mbits/sec   1.851 ms 485/1318 (37%)
[  1] 205.00-206.00 sec  2 datagrams received out-of-order
[  1] 206.00-207.00 sec  1.16 MBytes  9.76 Mbits/sec   1.895 ms 569/1399 (41%)
[  1] 206.00-207.00 sec  10 datagrams received out-of-order
[  1] 207.00-208.00 sec  1.23 MBytes  10.3 Mbits/sec   1.323 ms 451/1326 (34%)
[  1] 207.00-208.00 sec  35 datagrams received out-of-order
[  1] 208.00-209.00 sec  1.23 MBytes  10.3 Mbits/sec   2.228 ms 536/1410 (38%)
[  1] 208.00-209.00 sec  4 datagrams received out-of-order
[  1] 209.00-210.00 sec  1.24 MBytes  10.4 Mbits/sec   1.512 ms 670/1552 (43%)
[  1] 209.00-210.00 sec  2 datagrams received out-of-order
[  1] 210.00-211.00 sec  1.21 MBytes  10.1 Mbits/sec   1.993 ms 401/1262 (32%)
[  1] 210.00-211.00 sec  1 datagrams received out-of-order
[  1] 211.00-212.00 sec  1.14 MBytes  9.58 Mbits/sec   1.608 ms 489/1304 (38%)
[  1] 211.00-212.00 sec  2 datagrams received out-of-order
[  1] 212.00-213.00 sec  1.33 MBytes  11.2 Mbits/sec   3.624 ms 475/1425 (33%)
[  1] 212.00-213.00 sec  6 datagrams received out-of-order
[  1] 213.00-214.00 sec  1.14 MBytes  9.60 Mbits/sec   2.595 ms 432/1248 (35%)
[  1] 213.00-214.00 sec  9 datagrams received out-of-order
[  1] 214.00-215.00 sec  1.18 MBytes  9.88 Mbits/sec   2.049 ms 598/1438 (42%)
[  1] 214.00-215.00 sec  5 datagrams received out-of-order
[  1] 215.00-216.00 sec  1.10 MBytes  9.22 Mbits/sec   2.144 ms 590/1374 (43%)
[  1] 215.00-216.00 sec  4 datagrams received out-of-order
[  1] 216.00-217.00 sec  1.22 MBytes  10.2 Mbits/sec   1.424 ms 545/1413 (39%)
[  1] 216.00-217.00 sec  5 datagrams received out-of-order
[  1] 217.00-218.00 sec  1.26 MBytes  10.5 Mbits/sec   3.099 ms 363/1260 (29%)
[  1] 217.00-218.00 sec  7 datagrams received out-of-order
[  1] 218.00-219.00 sec  1.07 MBytes  8.94 Mbits/sec   3.555 ms 482/1242 (39%)
[  1] 218.00-219.00 sec  3 datagrams received out-of-order
[  1] 219.00-220.00 sec  1.23 MBytes  10.3 Mbits/sec   1.271 ms 464/1338 (35%)
[  1] 219.00-220.00 sec  6 datagrams received out-of-order
[  1] 220.00-221.00 sec  1.09 MBytes  9.16 Mbits/sec   0.800 ms 547/1326 (41%)
[  1] 220.00-221.00 sec  3 datagrams received out-of-order
[  1] 221.00-222.00 sec  1.15 MBytes  9.65 Mbits/sec   2.666 ms 530/1351 (39%)
[  1] 221.00-222.00 sec  3 datagrams received out-of-order
[  1] 222.00-223.00 sec  1.18 MBytes  9.89 Mbits/sec   3.510 ms 385/1226 (31%)
[  1] 222.00-223.00 sec  3 datagrams received out-of-order
[  1] 223.00-224.00 sec  1.27 MBytes  10.6 Mbits/sec   0.991 ms 604/1509 (40%)
[  1] 223.00-224.00 sec  2 datagrams received out-of-order
[  1] 224.00-225.00 sec  1.19 MBytes  9.95 Mbits/sec   3.405 ms 811/1657 (49%)
[  1] 224.00-225.00 sec  2 datagrams received out-of-order
[  1] 225.00-226.00 sec  1.18 MBytes  9.88 Mbits/sec   1.972 ms 481/1321 (36%)
[  1] 225.00-226.00 sec  1 datagrams received out-of-order
[  1] 226.00-227.00 sec  1.09 MBytes  9.18 Mbits/sec   1.562 ms 319/1100 (29%)
[  1] 226.00-227.00 sec  4 datagrams received out-of-order
[  1] 227.00-228.00 sec  1.16 MBytes  9.76 Mbits/sec   0.897 ms 428/1258 (34%)
[  1] 227.00-228.00 sec  16 datagrams received out-of-order
[  1] 228.00-229.00 sec  1.08 MBytes  9.02 Mbits/sec   1.207 ms 488/1255 (39%)
[  1] 228.00-229.00 sec  3 datagrams received out-of-order
[  1] 229.00-230.00 sec  1.09 MBytes  9.16 Mbits/sec   1.907 ms 332/1111 (30%)
[  1] 229.00-230.00 sec  2 datagrams received out-of-order
[  1] 230.00-231.00 sec  1.00 MBytes  8.42 Mbits/sec   2.460 ms 260/976 (27%)
[  1] 230.00-231.00 sec  14 datagrams received out-of-order
[  1] 231.00-232.00 sec  1024 KBytes  8.38 Mbits/sec   5.491 ms 208/921 (23%)
[  1] 231.00-232.00 sec  5 datagrams received out-of-order
[  1] 232.00-233.00 sec  1.18 MBytes  9.87 Mbits/sec   1.101 ms 572/1411 (41%)
[  1] 232.00-233.00 sec  3 datagrams received out-of-order
[  1] 233.00-234.00 sec  1.21 MBytes  10.2 Mbits/sec   1.317 ms 496/1360 (36%)
[  1] 233.00-234.00 sec  3 datagrams received out-of-order
[  1] 234.00-235.00 sec  1.21 MBytes  10.2 Mbits/sec   1.530 ms 524/1389 (38%)
[  1] 234.00-235.00 sec  3 datagrams received out-of-order
[  1] 235.00-236.00 sec  1.16 MBytes  9.76 Mbits/sec   1.828 ms 629/1459 (43%)
[  1] 235.00-236.00 sec  6 datagrams received out-of-order
[  1] 236.00-237.00 sec  1.15 MBytes  9.63 Mbits/sec   2.302 ms 499/1318 (38%)
[  1] 236.00-237.00 sec  8 datagrams received out-of-order
[  1] 237.00-238.00 sec  1.18 MBytes  9.89 Mbits/sec   1.250 ms 557/1398 (40%)
[  1] 237.00-238.00 sec  5 datagrams received out-of-order
[  1] 238.00-239.00 sec  1.14 MBytes  9.55 Mbits/sec   3.374 ms 462/1274 (36%)
[  1] 238.00-239.00 sec  3 datagrams received out-of-order
[  1] 239.00-240.00 sec   757 KBytes  6.20 Mbits/sec   3.514 ms 229/756 (30%)
[  1] 239.00-240.00 sec  3 datagrams received out-of-order
[  1] 240.00-241.00 sec   680 KBytes  5.57 Mbits/sec   1.083 ms 36/510 (7.1%)
[  1] 240.00-241.00 sec  10 datagrams received out-of-order
[  1] 241.00-242.00 sec  1.15 MBytes  9.61 Mbits/sec   3.816 ms 810/1627 (50%)
[  1] 241.00-242.00 sec  18 datagrams received out-of-order
[  1] 242.00-243.00 sec  1.02 MBytes  8.53 Mbits/sec   1.453 ms 162/887 (18%)
[  1] 242.00-243.00 sec  25 datagrams received out-of-order
[  1] 243.00-244.00 sec  1.08 MBytes  9.06 Mbits/sec   5.195 ms 483/1253 (39%)
[  1] 243.00-244.00 sec  6 datagrams received out-of-order
[  1] 244.00-245.00 sec  1.07 MBytes  8.98 Mbits/sec   2.276 ms 297/1061 (28%)
[  1] 244.00-245.00 sec  7 datagrams received out-of-order
[  1] 245.00-246.00 sec   978 KBytes  8.01 Mbits/sec   1.363 ms 399/1080 (37%)
[  1] 245.00-246.00 sec  2 datagrams received out-of-order
[  1] 246.00-247.00 sec  1.04 MBytes  8.70 Mbits/sec   4.308 ms 326/1066 (31%)
[  1] 246.00-247.00 sec  2 datagrams received out-of-order
[  1] 247.00-248.00 sec  1.21 MBytes  10.2 Mbits/sec   2.263 ms 453/1317 (34%)
[  1] 247.00-248.00 sec  1 datagrams received out-of-order
[  1] 248.00-249.00 sec  1.13 MBytes  9.50 Mbits/sec   1.512 ms 238/1046 (23%)
[  1] 248.00-249.00 sec  21 datagrams received out-of-order
[  1] 249.00-250.00 sec  1.00 MBytes  8.41 Mbits/sec   2.445 ms 25/740 (3.4%)
[  1] 249.00-250.00 sec  25 datagrams received out-of-order
[  1] 250.00-251.00 sec   952 KBytes  7.80 Mbits/sec   3.582 ms 245/908 (27%)
[  1] 250.00-251.00 sec  5 datagrams received out-of-order
[  1] 251.00-252.00 sec  1.12 MBytes  9.37 Mbits/sec   2.716 ms 419/1216 (34%)
[  1] 251.00-252.00 sec  1 datagrams received out-of-order
[  1] 252.00-253.00 sec  1003 KBytes  8.22 Mbits/sec   2.165 ms 269/968 (28%)
[  1] 252.00-253.00 sec  1 datagrams received out-of-order
[  1] 253.00-254.00 sec   924 KBytes  7.57 Mbits/sec   4.526 ms 256/900 (28%)
[  1] 253.00-254.00 sec  3 datagrams received out-of-order
[  1] 254.00-255.00 sec  1.14 MBytes  9.55 Mbits/sec   1.769 ms 414/1226 (34%)
[  1] 254.00-255.00 sec  18 datagrams received out-of-order
[  1] 255.00-256.00 sec  1.14 MBytes  9.53 Mbits/sec   1.264 ms 663/1473 (45%)
[  1] 255.00-256.00 sec  3 datagrams received out-of-order
[  1] 256.00-257.00 sec  1.11 MBytes  9.30 Mbits/sec   1.803 ms 562/1353 (42%)
[  1] 256.00-257.00 sec  2 datagrams received out-of-order
[  1] 257.00-258.00 sec  1.27 MBytes  10.7 Mbits/sec   1.352 ms 622/1531 (41%)
[  1] 257.00-258.00 sec  2 datagrams received out-of-order
[  1] 258.00-259.00 sec  1.10 MBytes  9.23 Mbits/sec   1.390 ms 441/1226 (36%)
[  1] 258.00-259.00 sec  4 datagrams received out-of-order
[  1] 259.00-260.00 sec  1.04 MBytes  8.69 Mbits/sec   1.580 ms 333/1072 (31%)
[  1] 259.00-260.00 sec  1 datagrams received out-of-order
[  1] 260.00-261.00 sec  1.17 MBytes  9.82 Mbits/sec   1.737 ms 511/1346 (38%)
[  1] 260.00-261.00 sec  1 datagrams received out-of-order
[  1] 261.00-262.00 sec  1.23 MBytes  10.3 Mbits/sec   1.611 ms 427/1302 (33%)
[  1] 261.00-262.00 sec  5 datagrams received out-of-order
[  1] 262.00-263.00 sec  1.23 MBytes  10.3 Mbits/sec   2.957 ms 440/1318 (33%)
[  1] 262.00-263.00 sec  2 datagrams received out-of-order
[  1] 263.00-264.00 sec  1.15 MBytes  9.67 Mbits/sec   2.990 ms 375/1197 (31%)
[  1] 263.00-264.00 sec  4 datagrams received out-of-order
[  1] 264.00-265.00 sec  1.09 MBytes  9.11 Mbits/sec   1.752 ms 261/1036 (25%)
[  1] 264.00-265.00 sec  5 datagrams received out-of-order
[  1] 265.00-266.00 sec  1.01 MBytes  8.51 Mbits/sec   5.623 ms 196/920 (21%)
[  1] 265.00-266.00 sec  6 datagrams received out-of-order
[  1] 266.00-267.00 sec  1.09 MBytes  9.14 Mbits/sec   5.337 ms 190/967 (20%)
[  1] 266.00-267.00 sec  42 datagrams received out-of-order
[  1] 267.00-268.00 sec  1.16 MBytes  9.69 Mbits/sec   2.108 ms 805/1629 (49%)
[  1] 267.00-268.00 sec  15 datagrams received out-of-order
[  1] 268.00-269.00 sec  1.16 MBytes  9.73 Mbits/sec   1.200 ms 734/1561 (47%)
[  1] 268.00-269.00 sec  3 datagrams received out-of-order
[  1] 269.00-270.00 sec  1.19 MBytes  9.98 Mbits/sec   1.331 ms 804/1653 (49%)
[  1] 269.00-270.00 sec  24 datagrams received out-of-order
[  1] 270.00-271.00 sec  1.35 MBytes  11.3 Mbits/sec   2.313 ms 1052/2012 (52%)
[  1] 270.00-271.00 sec  3 datagrams received out-of-order
[  1] 271.00-272.00 sec  1.24 MBytes  10.4 Mbits/sec   1.658 ms 886/1767 (50%)
[  1] 271.00-272.00 sec  3 datagrams received out-of-order
[  1] 272.00-273.00 sec  1.35 MBytes  11.4 Mbits/sec   1.882 ms 1014/1980 (51%)
[  1] 272.00-273.00 sec  8 datagrams received out-of-order
[  1] 273.00-274.00 sec  1.26 MBytes  10.5 Mbits/sec   0.929 ms 991/1888 (52%)
[  1] 273.00-274.00 sec  4 datagrams received out-of-order
[  1] 274.00-275.00 sec  1.11 MBytes  9.34 Mbits/sec   0.737 ms 678/1472 (46%)
[  1] 274.00-275.00 sec  1 datagrams received out-of-order
[  1] 275.00-276.00 sec  1.16 MBytes  9.76 Mbits/sec   3.862 ms 714/1544 (46%)
[  1] 275.00-276.00 sec  3 datagrams received out-of-order
[  1] 276.00-277.00 sec  1.14 MBytes  9.54 Mbits/sec   1.090 ms 720/1531 (47%)
[  1] 276.00-277.00 sec  2 datagrams received out-of-order
[  1] 277.00-278.00 sec  1.18 MBytes  9.87 Mbits/sec   0.605 ms 897/1736 (52%)
[  1] 277.00-278.00 sec  1 datagrams received out-of-order
[  1] 278.00-279.00 sec  1.31 MBytes  10.9 Mbits/sec   2.813 ms 993/1924 (52%)
[  1] 278.00-279.00 sec  6 datagrams received out-of-order
[  1] 279.00-280.00 sec  1.16 MBytes  9.69 Mbits/sec   1.334 ms 753/1577 (48%)
[  1] 279.00-280.00 sec  2 datagrams received out-of-order
[  1] 280.00-281.00 sec  1.24 MBytes  10.4 Mbits/sec   2.361 ms 766/1654 (46%)
[  1] 280.00-281.00 sec  4 datagrams received out-of-order
[  1] 281.00-282.00 sec  1.16 MBytes  9.73 Mbits/sec   1.234 ms 927/1754 (53%)
[  1] 281.00-282.00 sec  2 datagrams received out-of-order
[  1] 282.00-283.00 sec  1.11 MBytes  9.35 Mbits/sec   1.349 ms 698/1493 (47%)
[  1] 282.00-283.00 sec  6 datagrams received out-of-order
[  1] 283.00-284.00 sec  1.14 MBytes  9.54 Mbits/sec   2.611 ms 756/1567 (48%)
[  1] 283.00-284.00 sec  4 datagrams received out-of-order
[  1] 284.00-285.00 sec  1.12 MBytes  9.38 Mbits/sec   1.417 ms 919/1717 (54%)
[  1] 284.00-285.00 sec  3 datagrams received out-of-order
[  1] 285.00-286.00 sec  1.14 MBytes  9.55 Mbits/sec   1.697 ms 737/1549 (48%)
[  1] 285.00-286.00 sec  3 datagrams received out-of-order
[  1] 286.00-287.00 sec  1.34 MBytes  11.2 Mbits/sec   0.599 ms 618/1572 (39%)
[  1] 286.00-287.00 sec  6 datagrams received out-of-order
[  1] 287.00-288.00 sec  1.23 MBytes  10.3 Mbits/sec   1.138 ms 669/1546 (43%)
[  1] 287.00-288.00 sec  1 datagrams received out-of-order
[  1] 288.00-289.00 sec  1.16 MBytes  9.76 Mbits/sec   2.205 ms 755/1585 (48%)
[  1] 288.00-289.00 sec  5 datagrams received out-of-order
[  1] 289.00-290.00 sec  1.16 MBytes  9.76 Mbits/sec   5.584 ms 926/1756 (53%)
[  1] 289.00-290.00 sec  8 datagrams received out-of-order
[  1] 290.00-291.00 sec  1.17 MBytes  9.82 Mbits/sec   1.108 ms 664/1499 (44%)
[  1] 290.00-291.00 sec  3 datagrams received out-of-order
[  1] 291.00-292.00 sec  1.13 MBytes  9.51 Mbits/sec   1.130 ms 711/1520 (47%)
[  1] 291.00-292.00 sec  2 datagrams received out-of-order
[  1] 292.00-293.00 sec  1.19 MBytes  9.96 Mbits/sec   1.600 ms 707/1554 (45%)
[  1] 292.00-293.00 sec  3 datagrams received out-of-order
[  1] 293.00-294.00 sec  1.20 MBytes  10.1 Mbits/sec   2.375 ms 741/1598 (46%)
[  1] 293.00-294.00 sec  8 datagrams received out-of-order
[  1] 294.00-295.00 sec  1.13 MBytes  9.46 Mbits/sec   2.413 ms 973/1777 (55%)
[  1] 294.00-295.00 sec  3 datagrams received out-of-order
[  1] 295.00-296.00 sec  1.25 MBytes  10.5 Mbits/sec   1.016 ms 986/1877 (53%)
[  1] 295.00-296.00 sec  1 datagrams received out-of-order
[  1] 296.00-297.00 sec  1.21 MBytes  10.1 Mbits/sec   1.810 ms 747/1609 (46%)
[  1] 296.00-297.00 sec  17 datagrams received out-of-order
[  1] 297.00-298.00 sec  1.13 MBytes  9.50 Mbits/sec   4.169 ms 383/1191 (32%)
[  1] 297.00-298.00 sec  3 datagrams received out-of-order
[  1] 298.00-299.00 sec  1.08 MBytes  9.08 Mbits/sec   3.304 ms 335/1107 (30%)
[  1] 298.00-299.00 sec  2 datagrams received out-of-order
[  1] 299.00-300.00 sec  1.14 MBytes  9.56 Mbits/sec   1.355 ms 456/1269 (36%)
[  1] 299.00-300.00 sec  6 datagrams received out-of-order
[  1] 300.00-300.46 sec   524 KBytes  9.33 Mbits/sec  16.260 ms 151/516 (29%)
[  1] 300.00-300.46 sec  5 datagrams received out-of-order
[  1] 0.00-300.46 sec   342 MBytes  9.54 Mbits/sec  16.260 ms 146815/390518 (38%)
[  1] 0.00-300.46 sec  1662 datagrams received out-of-order
[  3] WARNING: ack of last datagram failed.
ps
  PID GROUP CPU(AFFINITY)   PRI POLICY   TYPE    NPX STATE    EVENT     SIGMASK            STACK COMMAND
    0     0 000(0x00000003)   0 FIFO     Kthread   - Assigned           0000000000000000 0003024 CPU0 IDLE
    1     0 001(0x00000003)   0 FIFO     Kthread   - Running            0000000000000000 0003024 CPU1 IDLE
    2     0 ---(0x00000003) 100 RR       Kthread   - Waiting  Semaphore 0000000000000000 0001952 lpwork 0x2f018bc0 0x2f018c0c
    4     0 ---(0x00000003) 223 RR       Kthread   - Waiting  Semaphore 0000000000000000 0001968 hr_timer
    5     0 ---(0x00000001) 124 RR       Kthread   - Waiting  Semaphore 0000000000000000 0004016 ble_ctrl
    6     0 ---(0x00000001) 253 RR       Kthread   - Waiting  MQ empty  0000000000000000 0003520 wifi
    7     7 000(0x00000003) 101 RR       Task      - Running            0000000000000000 0004016 /system/bin/init
   26    26 ---(0x00000003) 100 RR       Task      - Waiting  Semaphore 0000000000000000 0008080 iperf2 -s -p 5003 -i 1 -u
   27    26 ---(0x00000003) 101 RR       pthread   - Waiting  Semaphore 0000000000000000 0008144 iperf2 0x6100d684 0x61800db8
   28    26 ---(0x00000003) 100 RR       pthread   - Waiting  Semaphore 0000000000000000 0008144 iperf2 0x6100d684 0x61800550
nsh> [K
nsh> [K