--- CMD: ps ---
ps
  PID GROUP CPU(AFFINITY)   PRI POLICY   TYPE    NPX STATE    EVENT     SIGMASK            STACK COMMAND
    0     0 000(0x00000003)   0 FIFO     Kthread   - Assigned           0000000000000000 0003024 CPU0 IDLE
    1     0 001(0x00000003)   0 FIFO     Kthread   - Running            0000000000000000 0003024 CPU1 IDLE
    2     0 ---(0x00000003) 100 RR       Kthread   - Waiting  Semaphore 0000000000000000 0001952 lpwork 0x2f011140 0x2f01118c
    4     0 ---(0x00000003) 223 RR       Kthread   - Waiting  Semaphore 0000000000000000 0001968 hr_timer
    5     0 ---(0x00000001) 253 RR       Kthread   - Waiting  MQ empty  0000000000000000 0003520 wifi
    6     6 000(0x00000003) 101 RR       Task      - Running            0000000000000000 0004016 /system/bin/init
nsh> [K
nsh> [K
--- CMD: ifconfig ---
ifconfig
wlan0	Link encap:Ethernet HWaddr 30:ed:a0:f3:f7:b0 at RUNNING mtu 1500
	inet addr:192.168.1.60 DRaddr:192.168.1.1 Mask:255.255.255.0

nsh> [K
nsh> [K
--- CMD: iperf2 -s -p 5003 -i 1 -u & ---
iperf2 -s -p 5003 -i 1 -u &
iperf2 [10:101]
nsh> [K
nsh> [K------------------------------------------------------------
Server listening on UDP port 5003
UDP buffer size: -1.00 Byte (WARNING: requested 16.0 KByte)
------------------------------------------------------------
[  1] local 0.0.0.0 port 5003 connected with 192.168.1.29 port 53062
[ ID] Interval       Transfer     Bandwidth        Jitter   Lost/Total Datagrams
[  1] 0.00-1.00 sec  35.9 KBytes   294 Kbits/sec  1852856.330 ms 0/25 (0%)
[  1] 1.00-2.00 sec   218 KBytes  1.79 Mbits/sec  107.015 ms 0/152 (0%)
[  1] 1.00-2.00 sec  1 datagrams received out-of-order
[  1] 2.00-3.00 sec   362 KBytes  2.96 Mbits/sec   3.421 ms 0/252 (0%)
[  1] 3.00-4.00 sec   422 KBytes  3.46 Mbits/sec   2.996 ms 0/294 (0%)
[  1] 3.00-4.00 sec  1 datagrams received out-of-order
[  1] 4.00-5.00 sec   382 KBytes  3.13 Mbits/sec   2.844 ms 0/266 (0%)
[  1] 4.00-5.00 sec  1 datagrams received out-of-order
[  1] 5.00-6.00 sec   342 KBytes  2.80 Mbits/sec   5.547 ms 0/238 (0%)
[  1] 6.00-7.00 sec   352 KBytes  2.88 Mbits/sec   3.303 ms 0/245 (0%)
[  1] 7.00-8.00 sec   256 KBytes  2.09 Mbits/sec   8.176 ms 0/178 (0%)
[  1] 8.00-9.00 sec   353 KBytes  2.89 Mbits/sec   3.570 ms 0/246 (0%)
[  1] 9.00-10.00 sec   446 KBytes  3.66 Mbits/sec   2.211 ms 0/311 (0%)
[  1] 10.00-11.00 sec   612 KBytes  5.01 Mbits/sec   1.711 ms 0/426 (0%)
[  1] 11.00-12.00 sec   556 KBytes  4.55 Mbits/sec   1.259 ms 0/387 (0%)
[  1] 11.00-12.00 sec  3 datagrams received out-of-order
[  1] 12.00-13.00 sec   435 KBytes  3.56 Mbits/sec   2.462 ms 0/303 (0%)
[  1] 12.00-13.00 sec  1 datagrams received out-of-order
[  1] 13.00-14.00 sec   754 KBytes  6.17 Mbits/sec   1.446 ms 9/534 (1.7%)
[  1] 13.00-14.00 sec  1 datagrams received out-of-order
--- CMD: ps ---
ps
  PID GROUP CPU(AFFINITY)   PRI POLICY   TYPE    NPX STATE    EVENT     SIGMASK            STACK COMMAND
    0     0 000(0x00000003)   0 FIFO     Kthread   - Assigned           0000000000000000 0003024 CPU0 IDLE
    1     0 001(0x00000003)   0 FIFO     Kthread   - Assigned           0000000000000000 0003024 CPU1 IDLE
    2     0 ---(0x00000003) 100 RR       Kthread   - Waiting  Semaphore 0000000000000000 0001952 lpwork 0x2f011140 0x2f01118c
    4     0 ---(0x00000003) 223 RR       Kthread   - Waiting  Semaphore 0000000000000000 0001968 hr_timer
    5     0 ---(0x00000001) 253 RR       Kthread   - Waiting  MQ empty  0000000000000000 0003520 wifi
    6     6 000(0x00000003) 101 RR       Task      - Running            0000000000000000 0004016 /system/bin/init
   10    10 ---(0x00000003) 100 RR       Task      - Waiting  Semaphore 0000000000000000 0008080 iperf2 -s -p 5003 -i 1 -u
   11    10 001(0x00000003) 101 RR       pthread   - Running            0000000000000000 0008144 iperf2 0x6100d684 0x61800db8
   12    10 ---(0x00000003) 100 RR       pthread   - Waiting  Semaphore 0000000000000000 0008144 iperf2 0x6100d684 0x61800550
[  1] 14.00-15.00 sec   659 KBytes  5.40 Mbits/sec   2.278 ms 0/459 (0%)
[  1] 14.00-15.00 sec  2 datagrams received out-of-order
   13    10 ---(0x00000003) 100 RR       pthread   - Waiting  Semaphore 0000000000000000 0008144 iperf2 0x6100d684 0x6180a298
nsh> [K
nsh> [K
--- CMD: kill -15 10 ---
kill -15 10
nsh> [KWaiting for server threads to complete. Interrupt again to force quit.
[  1] 15.00-15.35 sec   204 KBytes  4.77 Mbits/sec   4.546 ms 0/142 (0%)

[  1] 0.00-15.35 sec  6.24 MBytes  3.41 Mbits/sec   4.546 ms 9/4458 (0.2%)
[  1] 0.00-15.35 sec  10 datagrams received out-of-order
nsh> [K
--- CMD: ifconfig ---
ifconfig
wlan0	Link encap:Ethernet HWaddr 30:ed:a0:f3:f7:b0 at RUNNING mtu 1500
	inet addr:192.168.1.60 DRaddr:192.168.1.1 Mask:255.255.255.0

nsh> [K
nsh> [K
--- CMD: free ---
free
      total       used       free    maxused    maxfree  nused  nfree name
     310892     112708     198184     132488     151912    254     16 Kmem
   16777216    1454080   15323136   15323136 Page
nsh> [K
nsh> [K
{"case": "5.1.24", "scope": "DIAGNOSTIC_ONLY", "status": "DIAGNOSTIC_COMPLETE", "receipt": "build1480-sem-timeout-addrenv.sha256", "duration_seconds": 10, "offered_load": "40M", "host_topology": "Native Windows iperf2 on WLAN192.168.1.29, direct LAN; diagnostic10s40M", "server_pid": 10, "client_exit": 0, "wall_seconds": 13.254845157003729, "host_full_duration": false, "board_summary_present": true, "rate_acceptance": "DIAGNOSTIC_ONLY; not original acceptance", "board_capture_sha256": "57e846871018affaaa5894219c401f759fdca204745f3c80519e00355b5ac766"}
