--- CMD: ps ---
ps
  PID GROUP CPU(AFFINITY)   PRI POLICY   TYPE    NPX STATE    EVENT     SIGMASK            STACK COMMAND
    0     0 000(0x00000003)   0 FIFO     Kthread   - Assigned           0000000000000000 0003024 CPU0 IDLE
    1     0 001(0x00000003)   0 FIFO     Kthread   - Running            0000000000000000 0003024 CPU1 IDLE
    2     0 ---(0x00000003) 100 RR       Kthread   - Waiting  Semaphore 0000000000000000 0001952 lpwork 0x2f011140 0x2f01118c
    4     0 ---(0x00000003) 223 RR       Kthread   - Waiting  Semaphore 0000000000000000 0001968 hr_timer
    5     0 ---(0x00000001) 253 RR       Kthread   - Waiting  MQ empty  0000000000000000 0003520 wifi
    6     6 000(0x00000003) 101 RR       Task      - Running            0000000000000000 0004016 /system/bin/init
nsh> [K
nsh> [K
--- CMD: iperf2 -c 192.168.1.29 -i 1 -p 5002 -t 10 ---
iperf2 -c 192.168.1.29 -i 1 -p 5002 -t 10
------------------------------------------------------------
Client connecting to 192.168.1.29, TCP port 5002
TCP window size: 16.0 KByte
------------------------------------------------------------
[  1] local 192.168.1.60 port 28387 connected with 192.168.1.29 port 5002
[ ID] Interval       Transfer     Bandwidth
[  1] 0.00-1.00 sec  44.5 KBytes   365 Kbits/sec
[  1] 1.00-2.00 sec  32.0 KBytes   262 Kbits/sec
[  1] 2.00-3.00 sec  48.0 KBytes   393 Kbits/sec
[  1] 3.00-4.00 sec  32.0 KBytes   262 Kbits/sec
[  1] 4.00-5.00 sec  47.7 KBytes   391 Kbits/sec
[  1] 5.00-6.00 sec  32.0 KBytes   262 Kbits/sec
[  1] 6.00-7.00 sec  48.0 KBytes   393 Kbits/sec
[  1] 7.00-8.00 sec  28.4 KBytes   232 Kbits/sec
[  1] 8.00-9.00 sec  29.6 KBytes   243 Kbits/sec
[  1] 9.00-10.00 sec  32.0 KBytes   262 Kbits/sec
[  1] 10.00-11.27 sec  16.0 KBytes   103 Kbits/sec
[  1] 0.00-11.27 sec   390 KBytes   284 Kbits/sec
nsh> [K
nsh> [K[CPU0] S31_TCP_SHUTDOWN state=7 how=3 write_empty=1 unacked_empty=1 tx_unacked=0 seq=1557723603
{"scope": "DIAGNOSTIC_ONLY", "receipt": "build1461-tcp-shutdown-diag.sha256", "status": "DIAGNOSTIC_RETURNED", "shutdown_lines": ["nsh> \u001b[K[CPU0] S31_TCP_SHUTDOWN state=7 how=3 write_empty=1 unacked_empty=1 tx_unacked=0 seq=1557723603"]}
