XTS_COMMAND=ifconfig
--- CMD: ifconfig ---
ifconfig
wlan0	Link encap:Ethernet HWaddr 30:ed:a0:f3:f7:b0 at RUNNING mtu 1500
	inet addr:192.168.1.60 DRaddr:192.168.1.1 Mask:255.255.255.0

	RX: Received Fragment Errors   Bytes   
	    00000077 00000000 00000000 1b900000000     
	    IPv4     ARP      Dropped 
	    00000000 00000000 00000000
	TX: Queued   Sent     Errors   Timeouts Bytes   
	    00000000 00000000 00000000 00000000 400e7138         
	Total Errors: 00000000

             IPv4   TCP   UDP  ICMP
Received     0019  0000  000e  000a
Dropped      0001  0000  0000  0000
  IPv4        VHL: 0000   Frg: 0000
  Checksum   0000  0000  0000  0000
  TCP         ACK: 0000   SYN: 0000
              RST: 0000  0000
              HDR: 0000
  Type       0000  ----  ----  0000
Sent         000f  0000  0002  000d
  Rexmit     ----  0000  ----  ----
nsh> [K
nsh> [K
XTS_COMMAND=cat /proc/net/tcp
--- CMD: cat /proc/net/tcp ---
cat /proc/net/tcp
nsh> [K
nsh> [K
XTS_COMMAND=iperf2 -c 192.168.1.29 -i 1 -p 5002 -t 10
--- CMD: iperf2 -c 192.168.1.29 -i 1 -p 5002 -t 10 ---
iperf2 -c 192.168.1.29 -i 1 -p 5002 -t 10
------------------------------------------------------------
Client connecting to 192.168.1.29, TCP port 5002
TCP window size: 16.0 KByte
------------------------------------------------------------
[  1] local 192.168.1.60 port 29859 connected with 192.168.1.29 port 5002
[ ID] Interval       Transfer     Bandwidth
[  1] 0.00-1.00 sec  28.5 KBytes   234 Kbits/sec
[  1] 1.00-2.00 sec  22.8 KBytes   187 Kbits/sec
[  1] 2.00-3.00 sec  48.0 KBytes   393 Kbits/sec
[  1] 3.00-4.00 sec  32.0 KBytes   262 Kbits/sec
[  1] 4.00-5.00 sec  44.4 KBytes   363 Kbits/sec
[  1] 5.00-6.00 sec  28.5 KBytes   234 Kbits/sec
[  1] 6.00-7.00 sec  28.5 KBytes   234 Kbits/sec
[  1] 7.00-8.00 sec  28.5 KBytes   234 Kbits/sec
[  1] 8.00-9.00 sec  28.5 KBytes   234 Kbits/sec
[  1] 9.00-10.00 sec  41.0 KBytes   336 Kbits/sec
[CPU0] S31_TCP_SHUTDOWN state=4 how=2 write_empty=1 unacked_empty=1 tx_unacked=0 seq=1801818761
[  1] 10.00-11.30 sec  16.0 KBytes   101 Kbits/sec
[  1] 0.00-11.30 sec   347 KBytes   251 Kbits/sec
nsh> [K
nsh> [K
XTS_COMMAND=ifconfig
--- CMD: ifconfig ---
ifconfig
wlan0	Link encap:Ethernet HWaddr 30:ed:a0:f3:f7:b0 at RUNNING mtu 1500
	inet addr:192.168.1.60 DRaddr:192.168.1.1 Mask:255.255.255.0

	RX: Received Fragment Errors   Bytes   
	    0000013c 00000000 00000000 1b900000000     
	    IPv4     ARP      Dropped 
	    00000000 00000000 00000000
	TX: Queued   Sent     Errors   Timeouts Bytes   
	    00000000 00000000 00000000 00000000 400e7138         
	Total Errors: 00000000

             IPv4   TCP   UDP  ICMP
Received     00d7  00b9  0013  000a
Dropped      0001  0000  0000  0000
  IPv4        VHL: 0000   Frg: 0000
  Checksum   0000  0000  0000  0000
  TCP         ACK: 0000   SYN: 0000
              RST: 0000  0000
              HDR: 0000
  Type       0000  ----  ----  0000
Sent         0108  00f9  0002  000d
  Rexmit     ----  0001  ----  ----
nsh> [K
nsh> [K
XTS_COMMAND=cat /proc/net/tcp
--- CMD: cat /proc/net/tcp ---
cat /proc/net/tcp
nsh> [K
nsh> [K
XTS_COMMAND=free
--- CMD: free ---
free
      total       used       free    maxused    maxfree  nused  nfree name
     310628     100884     209744     139520     160824    227     20 Kmem
   16777216     684032   16093184   16093184 Page
nsh> [K
nsh> [K
{"scope": "DIAGNOSTIC_ONLY", "receipt": "build1528-tx-burst.sha256", "status": "DIAGNOSTIC_RETURNED"}
