--- CMD: ps ---
ps
  PID GROUP CPU(AFFINITY)   PRI POLICY   TYPE    NPX STATE    EVENT     SIGMASK            STACK COMMAND
    0     0 000(0x00000003)   0 FIFO     Kthread   - Assigned           0000000000000000 0003024 CPU0 IDLE
    1     0 001(0x00000003)   0 FIFO     Kthread   - Running            0000000000000000 0003024 CPU1 IDLE
    2     0 ---(0x00000003) 100 RR       Kthread   - Waiting  Semaphore 0000000000000000 0001952 lpwork 0x2f018bc0 0x2f018c0c
    4     0 ---(0x00000003) 223 RR       Kthread   - Waiting  Semaphore 0000000000000000 0001968 hr_timer
    5     0 ---(0x00000001) 124 RR       Kthread   - Waiting  Semaphore 0000000000000000 0004016 ble_ctrl
    6     0 ---(0x00000001) 253 RR       Kthread   - Waiting  MQ empty  0000000000000000 0003520 wifi
    7     7 000(0x00000003) 101 RR       Task      - Running            0000000000000000 0004016 /system/bin/init
nsh> [K
nsh> [K
--- CMD: ifconfig ---
ifconfig
wlan0	Link encap:Ethernet HWaddr 30:ed:a0:f3:f7:b0 at RUNNING mtu 1500
	inet addr:192.168.1.60 DRaddr:192.168.1.1 Mask:255.255.255.0

	RX: Received Fragment Errors   Bytes   
	    000a1d3f 00000000 00000000 3abb31d4        
	    IPv4     ARP      Dropped 
	    00000000 00000000 0002f1db
	TX: Queued   Sent     Errors   Timeouts Bytes   
	    0003304d 00033055 00000000 00000000 10482355         
	Total Errors: 00000000

             IPv4   TCP   UDP  ICMP
Received     029e  b03d  4b90  0507
Dropped      01ca  0000  0000  0000
  IPv4        VHL: 0000   Frg: 0000
  Checksum   0000  0000  0000  0000
  TCP         ACK: 0000   SYN: 0000
              RST: 0000  0000
              HDR: 0000
  Type       0000  ----  ----  0000
Sent         2c05  696b  bd90  050a
  Rexmit     ----  0000  ----  ----
nsh> [K
nsh> [K
--- CMD: iperf2 -s -p 5001 -i 1 > /tmp/r1677 & ---
iperf2 -s -p 5001 -i 1 > /tmp/r1677 &
iperf2 [83:101]
nsh> [K
nsh> [K
[CPU1] tcp_setsockopt: ERROR: TCP_NODELAY not supported
tcpnodelay failed: Invalid system call number
--- CMD: cat /tmp/r1677 ---
cat /tmp/r1677
------------------------------------------------------------
Server listening on TCP port 5001
TCP window size: -1.00 Byte (WARNING: requested 16.0 KByte)
------------------------------------------------------------
[  1] local 192.168.1.60 port 5001 connected with 192.168.1.29 port 8023
[ ID] Interval       Transfer     Bandwidth
[  1] 0.00-1.00 sec   425 KBytes  3.48 Mbits/sec
[  1] 1.00-2.00 sec  2.85 KBytes  23.4 Kbits/sec
[  1] 2.00-3.00 sec   222 KBytes  1.82 Mbits/sec
[  1] 3.00-4.00 sec   387 KBytes  3.17 Mbits/sec
[  1] 4.00-5.00 sec  2.85 KBytes  23.4 Kbits/sec
[  1] 5.00-6.00 sec   294 KBytes  2.41 Mbits/sec
[  1] 6.00-7.00 sec  1.43 KBytes  11.7 Kbits/sec
[  1] 7.00-8.00 sec   104 KBytes   853 Kbits/sec
[  1] 8.00-9.00 sec   557 KBytes  4.56 Mbits/sec
[  1] 9.00-10.00 sec  59.9 KBytes   491 Kbits/sec
[  1] 10.00-11.00 sec  39.9 KBytes   327 Kbits/sec
[  1] 11.00-12.00 sec   572 KBytes  4.68 Mbits/sec
[  1] 12.00-13.00 sec   321 KBytes  2.63 Mbits/sec
[  1] 13.00-14.00 sec   572 KBytes  4.68 Mbits/sec
[  1] 14.00-15.00 sec   429 KBytes  3.52 Mbits/sec
[  1] 15.00-16.00 sec  2.85 KBytes  23.4 Kbits/sec
[  1] 16.00-17.00 sec  44.2 KBytes   362 Kbits/sec
[  1] 17.00-18.00 sec   211 KBytes  1.73 Mbits/sec
[  1] 18.00-19.00 sec   304 KBytes  2.49 Mbits/sec
[  1] 19.00-20.00 sec  1.43 KBytes  11.7 Kbits/sec
[  1] 20.00-21.00 sec   358 KBytes  2.93 Mbits/sec
[  1] 21.00-22.00 sec  1.43 KBytes  11.7 Kbits/sec
[  1] 22.00-23.00 sec   106 KBytes   864 Kbits/sec
[  1] 23.00-24.00 sec   476 KBytes  3.90 Mbits/sec
[  1] 24.00-25.00 sec  2.85 KBytes  23.4 Kbits/sec
[  1] 25.00-26.00 sec   181 KBytes  1.48 Mbits/sec
[  1] 26.00-27.00 sec   138 KBytes  1.13 Mbits/sec
[  1] 27.00-28.00 sec  15.7 KBytes   128 Kbits/sec
[  1] 28.00-29.00 sec   271 KBytes  2.22 Mbits/sec
[  1] 29.00-30.00 sec  2.85 KBytes  23.4 Kbits/sec
[  1] 30.00-31.00 sec   281 KBytes  2.30 Mbits/sec
[  1] 0.00-31.02 sec  6.25 MBytes  1.69 Mbits/sec
nsh> [K
nsh> [K
--- CMD: ps ---
ps
  PID GROUP CPU(AFFINITY)   PRI POLICY   TYPE    NPX STATE    EVENT     SIGMASK            STACK COMMAND
    0     0 000(0x00000003)   0 FIFO     Kthread   - Assigned           0000000000000000 0003024 CPU0 IDLE
    1     0 001(0x00000003)   0 FIFO     Kthread   - Running            0000000000000000 0003024 CPU1 IDLE
    2     0 ---(0x00000003) 100 RR       Kthread   - Waiting  Semaphore 0000000000000000 0001952 lpwork 0x2f018bc0 0x2f018c0c
    4     0 ---(0x00000003) 223 RR       Kthread   - Waiting  Semaphore 0000000000000000 0001968 hr_timer
    5     0 ---(0x00000001) 124 RR       Kthread   - Waiting  Semaphore 0000000000000000 0004016 ble_ctrl
    6     0 ---(0x00000001) 253 RR       Kthread   - Waiting  MQ empty  0000000000000000 0003520 wifi
    7     7 000(0x00000003) 101 RR       Task      - Running            0000000000000000 0004016 /system/bin/init
   83    83 ---(0x00000003) 100 RR       Task      - Waiting  Semaphore 0000000000000000 0008080 iperf2 -s -p 5001 -i 1
   88    83 ---(0x00000003) 101 RR       pthread   - Waiting  Semaphore 0000000000000000 0008144 iperf2 0x6100d684 0x618007f0
   89    83 ---(0x00000003) 100 RR       pthread   - Waiting  Semaphore 0000000000000000 0008144 iperf2 0x6100d684 0x61800550
nsh> [K
nsh> [K
--- CMD: kill -15 83 ---
kill -15 83
nsh> [K
nsh> [K
--- CMD: ps ---
[CPU0] inet_accept: ERROR: psock_tcp_accept failed: -4
[CPU0] psock_accept: ERROR: si_accept failed: -4
ps
  PID GROUP CPU(AFFINITY)   PRI POLICY   TYPE    NPX STATE    EVENT     SIGMASK            STACK COMMAND
    0     0 000(0x00000003)   0 FIFO     Kthread   - Assigned           0000000000000000 0003024 CPU0 IDLE
    1     0 001(0x00000003)   0 FIFO     Kthread   - Running            0000000000000000 0003024 CPU1 IDLE
    2     0 ---(0x00000003) 100 RR       Kthread   - Waiting  Semaphore 0000000000000000 0001952 lpwork 0x2f018bc0 0x2f018c0c
    4     0 ---(0x00000003) 223 RR       Kthread   - Waiting  Semaphore 0000000000000000 0001968 hr_timer
    5     0 ---(0x00000001) 124 RR       Kthread   - Waiting  Semaphore 0000000000000000 0004016 ble_ctrl
    6     0 ---(0x00000001) 253 RR       Kthread   - Waiting  MQ empty  0000000000000000 0003520 wifi
    7     7 000(0x00000003) 101 RR       Task      - Running            0000000000000000 0004016 /system/bin/init
nsh> [K
nsh> [K
--- CMD: cat /tmp/r1677 ---
cat /tmp/r1677
------------------------------------------------------------
Server listening on TCP port 5001
TCP window size: -1.00 Byte (WARNING: requested 16.0 KByte)
------------------------------------------------------------
[  1] local 192.168.1.60 port 5001 connected with 192.168.1.29 port 8023
[ ID] Interval       Transfer     Bandwidth
[  1] 0.00-1.00 sec   425 KBytes  3.48 Mbits/sec
[  1] 1.00-2.00 sec  2.85 KBytes  23.4 Kbits/sec
[  1] 2.00-3.00 sec   222 KBytes  1.82 Mbits/sec
[  1] 3.00-4.00 sec   387 KBytes  3.17 Mbits/sec
[  1] 4.00-5.00 sec  2.85 KBytes  23.4 Kbits/sec
[  1] 5.00-6.00 sec   294 KBytes  2.41 Mbits/sec
[  1] 6.00-7.00 sec  1.43 KBytes  11.7 Kbits/sec
[  1] 7.00-8.00 sec   104 KBytes   853 Kbits/sec
[  1] 8.00-9.00 sec   557 KBytes  4.56 Mbits/sec
[  1] 9.00-10.00 sec  59.9 KBytes   491 Kbits/sec
[  1] 10.00-11.00 sec  39.9 KBytes   327 Kbits/sec
[  1] 11.00-12.00 sec   572 KBytes  4.68 Mbits/sec
[  1] 12.00-13.00 sec   321 KBytes  2.63 Mbits/sec
[  1] 13.00-14.00 sec   572 KBytes  4.68 Mbits/sec
[  1] 14.00-15.00 sec   429 KBytes  3.52 Mbits/sec
[  1] 15.00-16.00 sec  2.85 KBytes  23.4 Kbits/sec
[  1] 16.00-17.00 sec  44.2 KBytes   362 Kbits/sec
[  1] 17.00-18.00 sec   211 KBytes  1.73 Mbits/sec
[  1] 18.00-19.00 sec   304 KBytes  2.49 Mbits/sec
[  1] 19.00-20.00 sec  1.43 KBytes  11.7 Kbits/sec
[  1] 20.00-21.00 sec   358 KBytes  2.93 Mbits/sec
[  1] 21.00-22.00 sec  1.43 KBytes  11.7 Kbits/sec
[  1] 22.00-23.00 sec   106 KBytes   864 Kbits/sec
[  1] 23.00-24.00 sec   476 KBytes  3.90 Mbits/sec
[  1] 24.00-25.00 sec  2.85 KBytes  23.4 Kbits/sec
[  1] 25.00-26.00 sec   181 KBytes  1.48 Mbits/sec
[  1] 26.00-27.00 sec   138 KBytes  1.13 Mbits/sec
[  1] 27.00-28.00 sec  15.7 KBytes   128 Kbits/sec
[  1] 28.00-29.00 sec   271 KBytes  2.22 Mbits/sec
[  1] 29.00-30.00 sec  2.85 KBytes  23.4 Kbits/sec
[  1] 30.00-31.00 sec   281 KBytes  2.30 Mbits/sec
[  1] 0.00-31.02 sec  6.25 MBytes  1.69 Mbits/sec
nsh> [K
nsh> [K
--- CMD: ifconfig ---
ifconfig
wlan0	Link encap:Ethernet HWaddr 30:ed:a0:f3:f7:b0 at RUNNING mtu 1500
	inet addr:192.168.1.60 DRaddr:192.168.1.1 Mask:255.255.255.0

	RX: Received Fragment Errors   Bytes   
	    000a2fde 00000000 00000000 3b287576        
	    IPv4     ARP      Dropped 
	    00000000 00000000 0002f1db
	TX: Queued   Sent     Errors   Timeouts Bytes   
	    00033b70 00033b78 00000000 00000000 104a7d97         
	Total Errors: 00000000

             IPv4   TCP   UDP  ICMP
Received     1528  c2bc  4b93  050d
Dropped      01cc  0000  0000  0000
  IPv4        VHL: 0000   Frg: 0000
  Checksum   0000  0000  0000  0000
  TCP         ACK: 0000   SYN: 0000
              RST: 0000  0000
              HDR: 0000
  Type       0000  ----  ----  0000
Sent         3727  7487  bd90  0510
  Rexmit     ----  0003  ----  ----
nsh> [K
nsh> [K
--- CMD: cat /proc/iobinfo ---
cat /proc/iobinfo
    ntotal     nfree     nwait nthrottle
        96        96         0        72
nsh> [K
nsh> [K
--- CMD: rm /tmp/r1677 ---
rm /tmp/r1677
nsh> [K
nsh> [K
DIAGNOSTIC_COMPLETE
