esptool v5.4.0
Serial port /dev/ttyUSB0:
Connecting....
Connected to ESP32-S31 on /dev/ttyUSB0:
Chip type:          ESP32-S31 (revision v0.0)
Features:           Wi-Fi 6, BT 5.4 (LE), IEEE802.15.4, Dual Core + LP Core, 300MHz
Crystal frequency:  40MHz
MAC:                30:ed:a0:f3:f7:b0

Uploading stub flasher...
Running stub flasher...
Stub flasher running.
Changing baud rate to 460800...
Changed.

Configuring flash size...

Writing '/home/regex/work/esp32s31-openvela/openvela-dev/out/esp32s31-cmake-production6/nuttx.bin' at 0x00002000...
SHA digest in image updated.
Flash will be erased from 0x00002000 to 0x000f1fff...
Compressed 979836 bytes to 538837...
Writing at 0x00007e0e ╸                                3.0% 16.00kB/526.21kB [0s] 
Writing at 0x0000e032 ━╸                               6.1% 32.00kB/526.21kB [0s] 
Writing at 0x00023129 ━━╸                              9.1% 48.00kB/526.21kB [1s] 
Writing at 0x0002accb ━━━╸                            12.2% 64.00kB/526.21kB [1s] 
Writing at 0x000352a8 ━━━━╸                           15.2% 80.00kB/526.21kB [2s] 
Writing at 0x00044374 ━━━━━                           18.2% 96.00kB/526.21kB [2s] 
Writing at 0x0004a9a9 ━━━━━━                          21.3% 112.00kB/526.21kB [2s] 
Writing at 0x000512ec ━━━━━━━                         24.3% 128.00kB/526.21kB [3s] 
Writing at 0x0005972e ━━━━━━━━                        27.4% 144.00kB/526.21kB [3s] 
Writing at 0x0006180a ━━━━━━━━━                       30.4% 160.00kB/526.21kB [3s] 
Writing at 0x00069014 ━━━━━━━━━━                      33.4% 176.00kB/526.21kB [4s] 
Writing at 0x00070191 ━━━━━━━━━━╸                     36.5% 192.00kB/526.21kB [4s] 
Writing at 0x00076404 ━━━━━━━━━━━╸                    39.5% 208.00kB/526.21kB [5s] 
Writing at 0x0007c385 ━━━━━━━━━━━━╸                   42.6% 224.00kB/526.21kB [5s] 
Writing at 0x00081b08 ━━━━━━━━━━━━━╸                  45.6% 240.00kB/526.21kB [5s] 
Writing at 0x000874aa ━━━━━━━━━━━━━━╸                 48.6% 256.00kB/526.21kB [6s] 
Writing at 0x0008cecf ━━━━━━━━━━━━━━━╸                51.7% 272.00kB/526.21kB [6s] 
Writing at 0x00092b55 ━━━━━━━━━━━━━━━━                54.7% 288.00kB/526.21kB [6s] 
Writing at 0x0009993c ━━━━━━━━━━━━━━━━━               57.8% 304.00kB/526.21kB [7s] 
Writing at 0x000a2aa9 ━━━━━━━━━━━━━━━━━━              60.8% 320.00kB/526.21kB [7s] 
Writing at 0x000a802c ━━━━━━━━━━━━━━━━━━━             63.9% 336.00kB/526.21kB [8s] 
Writing at 0x000ae6a4 ━━━━━━━━━━━━━━━━━━━━            66.9% 352.00kB/526.21kB [8s] 
Writing at 0x000b511e ━━━━━━━━━━━━━━━━━━━━╸           69.9% 368.00kB/526.21kB [8s] 
Writing at 0x000bb329 ━━━━━━━━━━━━━━━━━━━━━╸          73.0% 384.00kB/526.21kB [9s] 
Writing at 0x000c1038 ━━━━━━━━━━━━━━━━━━━━━━╸         76.0% 400.00kB/526.21kB [9s] 
Writing at 0x000c711e ━━━━━━━━━━━━━━━━━━━━━━━╸        79.1% 416.00kB/526.21kB [9s] 
Writing at 0x000cd772 ━━━━━━━━━━━━━━━━━━━━━━━━╸       82.1% 432.00kB/526.21kB [10s] 
Writing at 0x000d3b2f ━━━━━━━━━━━━━━━━━━━━━━━━━╸      85.1% 448.00kB/526.21kB [10s] 
Writing at 0x000d9a47 ━━━━━━━━━━━━━━━━━━━━━━━━━━      88.2% 464.00kB/526.21kB [10s] 
Writing at 0x000dfb79 ━━━━━━━━━━━━━━━━━━━━━━━━━━━     91.2% 480.00kB/526.21kB [11s] 
Writing at 0x000e5bad ━━━━━━━━━━━━━━━━━━━━━━━━━━━━    94.3% 496.00kB/526.21kB [11s] 
Writing at 0x000ebb0a ━━━━━━━━━━━━━━━━━━━━━━━━━━━━━   97.3% 512.00kB/526.21kB [12s] 
Writing at 0x000f137c ━━━━━━━━━━━━━━━━━━━━━━━━━━━━━━ 100.0% 526.21kB/526.21kB [12s] 
Wrote 979836 bytes (538837 compressed) at 0x00002000 in 12.5 seconds (629.1 kbit/s).
Verifying written data...
Hash of data verified.

Writing '/home/regex/work/esp32s31-openvela/openvela-dev/out/esp32s31-cmake-production6/appfs.img' at 0x00200000...
Flash will be erased from 0x00200000 to 0x00274fff...
Compressed 478208 bytes to 280305...
Writing at 0x002073d4 ━╸                               5.8% 16.00kB/273.74kB [0s] 
Writing at 0x0020d02e ━━━╸                            11.7% 32.00kB/273.74kB [0s] 
Writing at 0x00213070 ━━━━━                           17.5% 48.00kB/273.74kB [1s] 
Writing at 0x00218a7e ━━━━━━━                         23.4% 64.00kB/273.74kB [1s] 
Writing at 0x0021ff7f ━━━━━━━━╸                       29.2% 80.00kB/273.74kB [1s] 
Writing at 0x00228005 ━━━━━━━━━━╸                     35.1% 96.00kB/273.74kB [2s] 
Writing at 0x0022e66b ━━━━━━━━━━━━                    40.9% 112.00kB/273.74kB [2s] 
Writing at 0x00235879 ━━━━━━━━━━━━━━                  46.8% 128.00kB/273.74kB [2s] 
Writing at 0x0023cd15 ━━━━━━━━━━━━━━━╸                52.6% 144.00kB/273.74kB [3s] 
Writing at 0x002449c2 ━━━━━━━━━━━━━━━━━╸              58.5% 160.00kB/273.74kB [3s] 
Writing at 0x0024a1c7 ━━━━━━━━━━━━━━━━━━━             64.3% 176.00kB/273.74kB [4s] 
Writing at 0x00252c51 ━━━━━━━━━━━━━━━━━━━━━           70.1% 192.00kB/273.74kB [4s] 
Writing at 0x0025967c ━━━━━━━━━━━━━━━━━━━━━━╸         76.0% 208.00kB/273.74kB [4s] 
Writing at 0x0025f643 ━━━━━━━━━━━━━━━━━━━━━━━━╸       81.8% 224.00kB/273.74kB [5s] 
Writing at 0x00265946 ━━━━━━━━━━━━━━━━━━━━━━━━━━      87.7% 240.00kB/273.74kB [5s] 
Writing at 0x0026b1aa ━━━━━━━━━━━━━━━━━━━━━━━━━━━━    93.5% 256.00kB/273.74kB [5s] 
Writing at 0x00272fa4 ━━━━━━━━━━━━━━━━━━━━━━━━━━━━━╸  99.4% 272.00kB/273.74kB [6s] 
Writing at 0x00274c00 ━━━━━━━━━━━━━━━━━━━━━━━━━━━━━━ 100.0% 273.74kB/273.74kB [6s] 
Wrote 478208 bytes (280305 compressed) at 0x00200000 in 6.4 seconds (595.4 kbit/s).
Verifying written data...
Hash of data verified.

Hard resetting via RTS pin...
