esptool v5.4.0
Serial port /dev/ttyUSB0:
Connecting....
Connected to ESP32-S31 on /dev/ttyUSB0:
Chip type:          ESP32-S31 (revision v0.0)
Features:           Wi-Fi 6, BT 5.4 (LE), IEEE802.15.4, Dual Core + LP Core, 300MHz
Crystal frequency:  40MHz
MAC:                30:ed:a0:f3:f7:b0

Uploading stub flasher...
Running stub flasher...
Stub flasher running.
Changing baud rate to 460800...
Changed.

Configuring flash size...
SHA digest in image updated.
Flash will be erased from 0x00002000 to 0x000f1fff...
Compressed 980864 bytes to 539849...
Writing at 0x00007e05 ╸                                3.0% 16.00kB/527.20kB [0s] 
Writing at 0x0000e02e ━╸                               6.1% 32.00kB/527.20kB [0s] 
Writing at 0x000230bc ━━╸                              9.1% 48.00kB/527.20kB [1s] 
Writing at 0x0002ade6 ━━━╸                            12.1% 64.00kB/527.20kB [1s] 
Writing at 0x000350bb ━━━━╸                           15.2% 80.00kB/527.20kB [1s] 
Writing at 0x00044226 ━━━━━                           18.2% 96.00kB/527.20kB [2s] 
Writing at 0x0004a82f ━━━━━━                          21.2% 112.00kB/527.20kB [2s] 
Writing at 0x00051170 ━━━━━━━                         24.3% 128.00kB/527.20kB [3s] 
Writing at 0x0005954a ━━━━━━━━                        27.3% 144.00kB/527.20kB [3s] 
Writing at 0x0006167f ━━━━━━━━━                       30.3% 160.00kB/527.20kB [3s] 
Writing at 0x00068ea3 ━━━━━━━━━━                      33.4% 176.00kB/527.20kB [4s] 
Writing at 0x0006ffae ━━━━━━━━━━╸                     36.4% 192.00kB/527.20kB [4s] 
Writing at 0x0007625d ━━━━━━━━━━━╸                    39.5% 208.00kB/527.20kB [4s] 
Writing at 0x0007c250 ━━━━━━━━━━━━╸                   42.5% 224.00kB/527.20kB [5s] 
Writing at 0x00081970 ━━━━━━━━━━━━━╸                  45.5% 240.00kB/527.20kB [5s] 
Writing at 0x00087353 ━━━━━━━━━━━━━━╸                 48.6% 256.00kB/527.20kB [5s] 
Writing at 0x0008cd23 ━━━━━━━━━━━━━━━                 51.6% 272.00kB/527.20kB [6s] 
Writing at 0x000929bf ━━━━━━━━━━━━━━━━                54.6% 288.00kB/527.20kB [6s] 
Writing at 0x000996ce ━━━━━━━━━━━━━━━━━               57.7% 304.00kB/527.20kB [6s] 
Writing at 0x000a246a ━━━━━━━━━━━━━━━━━━              60.7% 320.00kB/527.20kB [7s] 
Writing at 0x000a7e3c ━━━━━━━━━━━━━━━━━━━             63.7% 336.00kB/527.20kB [7s] 
Writing at 0x000ae424 ━━━━━━━━━━━━━━━━━━━━            66.8% 352.00kB/527.20kB [7s] 
Writing at 0x000b5002 ━━━━━━━━━━━━━━━━━━━━╸           69.8% 368.00kB/527.20kB [8s] 
Writing at 0x000bb15f ━━━━━━━━━━━━━━━━━━━━━╸          72.8% 384.00kB/527.20kB [8s] 
Writing at 0x000c0e7c ━━━━━━━━━━━━━━━━━━━━━━╸         75.9% 400.00kB/527.20kB [9s] 
Writing at 0x000c6e89 ━━━━━━━━━━━━━━━━━━━━━━━╸        78.9% 416.00kB/527.20kB [9s] 
Writing at 0x000cd2a0 ━━━━━━━━━━━━━━━━━━━━━━━━╸       81.9% 432.00kB/527.20kB [9s] 
Writing at 0x000d3945 ━━━━━━━━━━━━━━━━━━━━━━━━━       85.0% 448.00kB/527.20kB [10s] 
Writing at 0x000d9890 ━━━━━━━━━━━━━━━━━━━━━━━━━━      88.0% 464.00kB/527.20kB [10s] 
Writing at 0x000df8fc ━━━━━━━━━━━━━━━━━━━━━━━━━━━     91.0% 480.00kB/527.20kB [10s] 
Writing at 0x000e5a79 ━━━━━━━━━━━━━━━━━━━━━━━━━━━━    94.1% 496.00kB/527.20kB [11s] 
Writing at 0x000eb9a2 ━━━━━━━━━━━━━━━━━━━━━━━━━━━━━   97.1% 512.00kB/527.20kB [11s] 
Writing at 0x000f1780 ━━━━━━━━━━━━━━━━━━━━━━━━━━━━━━ 100.0% 527.20kB/527.20kB [11s] 
Wrote 980864 bytes (539849 compressed) at 0x00002000 in 11.9 seconds (660.8 kbit/s).
Verifying written data...
Hash of data verified.

Hard resetting via RTS pin...
