esptool v5.4.0
Serial port /dev/ttyUSB0:
Connecting....
Connected to ESP32-S31 on /dev/ttyUSB0:
Chip type:          ESP32-S31 (revision v0.0)
Features:           Wi-Fi 6, BT 5.4 (LE), IEEE802.15.4, Dual Core + LP Core, 300MHz
Crystal frequency:  40MHz
MAC:                30:ed:a0:f3:f7:b0

Uploading stub flasher...
Running stub flasher...
Stub flasher running.
Changing baud rate to 460800...
Changed.

Configuring flash size...
SHA digest in image updated.
Flash will be erased from 0x00002000 to 0x000f1fff...
Compressed 980608 bytes to 539529...
Writing at 0x00007e0b ╸                                3.0% 16.00kB/526.88kB [0s] 
Writing at 0x0000e037 ━╸                               6.1% 32.00kB/526.88kB [0s] 
Writing at 0x00023145 ━━╸                              9.1% 48.00kB/526.88kB [1s] 
Writing at 0x0002adc8 ━━━╸                            12.1% 64.00kB/526.88kB [1s] 
Writing at 0x0003513d ━━━━╸                           15.2% 80.00kB/526.88kB [1s] 
Writing at 0x00044272 ━━━━━                           18.2% 96.00kB/526.88kB [2s] 
Writing at 0x0004a888 ━━━━━━                          21.3% 112.00kB/526.88kB [2s] 
Writing at 0x000511ca ━━━━━━━                         24.3% 128.00kB/526.88kB [3s] 
Writing at 0x000595d5 ━━━━━━━━                        27.3% 144.00kB/526.88kB [3s] 
Writing at 0x000616e8 ━━━━━━━━━                       30.4% 160.00kB/526.88kB [3s] 
Writing at 0x00068f08 ━━━━━━━━━━                      33.4% 176.00kB/526.88kB [4s] 
Writing at 0x0007006d ━━━━━━━━━━╸                     36.4% 192.00kB/526.88kB [4s] 
Writing at 0x000762c2 ━━━━━━━━━━━╸                    39.5% 208.00kB/526.88kB [4s] 
Writing at 0x0007c293 ━━━━━━━━━━━━╸                   42.5% 224.00kB/526.88kB [5s] 
Writing at 0x000819c0 ━━━━━━━━━━━━━╸                  45.6% 240.00kB/526.88kB [5s] 
Writing at 0x000873c5 ━━━━━━━━━━━━━━╸                 48.6% 256.00kB/526.88kB [5s] 
Writing at 0x0008cd9d ━━━━━━━━━━━━━━━                 51.6% 272.00kB/526.88kB [6s] 
Writing at 0x00092a56 ━━━━━━━━━━━━━━━━                54.7% 288.00kB/526.88kB [6s] 
Writing at 0x00099764 ━━━━━━━━━━━━━━━━━               57.7% 304.00kB/526.88kB [6s] 
Writing at 0x000a2821 ━━━━━━━━━━━━━━━━━━              60.7% 320.00kB/526.88kB [7s] 
Writing at 0x000a7fd8 ━━━━━━━━━━━━━━━━━━━             63.8% 336.00kB/526.88kB [7s] 
Writing at 0x000ae544 ━━━━━━━━━━━━━━━━━━━━            66.8% 352.00kB/526.88kB [7s] 
Writing at 0x000b50a2 ━━━━━━━━━━━━━━━━━━━━╸           69.8% 368.00kB/526.88kB [8s] 
Writing at 0x000bb1e3 ━━━━━━━━━━━━━━━━━━━━━╸          72.9% 384.00kB/526.88kB [8s] 
Writing at 0x000c0f48 ━━━━━━━━━━━━━━━━━━━━━━╸         75.9% 400.00kB/526.88kB [8s] 
Writing at 0x000c6f7d ━━━━━━━━━━━━━━━━━━━━━━━╸        79.0% 416.00kB/526.88kB [9s] 
Writing at 0x000cd631 ━━━━━━━━━━━━━━━━━━━━━━━━╸       82.0% 432.00kB/526.88kB [9s] 
Writing at 0x000d3a5e ━━━━━━━━━━━━━━━━━━━━━━━━━╸      85.0% 448.00kB/526.88kB [9s] 
Writing at 0x000d994f ━━━━━━━━━━━━━━━━━━━━━━━━━━      88.1% 464.00kB/526.88kB [10s] 
Writing at 0x000df9ae ━━━━━━━━━━━━━━━━━━━━━━━━━━━     91.1% 480.00kB/526.88kB [10s] 
Writing at 0x000e5b63 ━━━━━━━━━━━━━━━━━━━━━━━━━━━━    94.1% 496.00kB/526.88kB [11s] 
Writing at 0x000eba54 ━━━━━━━━━━━━━━━━━━━━━━━━━━━━━   97.2% 512.00kB/526.88kB [11s] 
Writing at 0x000f1680 ━━━━━━━━━━━━━━━━━━━━━━━━━━━━━━ 100.0% 526.88kB/526.88kB [11s] 
Wrote 980608 bytes (539529 compressed) at 0x00002000 in 11.7 seconds (668.1 kbit/s).
Verifying written data...
Hash of data verified.

Hard resetting via RTS pin...
