esptool v5.4.0
Image size: 980060 bytes

ESP32-S31 Image Header
======================
Image version: 1
Entry point: 0x2f00c45e
Segments: 3
Flash size: 16MB
Flash freq: 80m
Flash mode: DIO

ESP32-S31 Extended Image Header
===============================
WP pin: 0xee (disabled)
Flash pins drive settings: clk_drv: 0x0, q_drv: 0x0, d_drv: 0x0, cs0_drv: 0x0, hd_drv: 0x0, wp_drv: 0x0
Chip ID: 32 (ESP32-S31)
Minimal chip revision: v0.0, (legacy min_rev = 0)
Maximal chip revision: v655.35

Segments Information
====================
Segment   Length   Load addr   File offs  Memory types
-------  -------  ----------  ----------  ------------
      0  0x00018  0x2e000000  0x00000018  RTC_IRAM, RTC_DRAM
      1  0x0c898  0x2f000000  0x00000038  DRAM, BYTE_ACCESSIBLE, IRAM
      2  0x03050  0x2f00c900  0x0000c8d8  DRAM, BYTE_ACCESSIBLE, IRAM

ESP32-S31 Image Footer
======================
Checksum: 0x7a (valid)
Validation hash: ff9411153f73bcb7c970657091bc0a65bf447346c55834e092239a65fda66d74 (valid)
