esptool v5.4.0
Serial port /dev/ttyUSB0:
Connecting....
Connected to ESP32-S31 on /dev/ttyUSB0:
Chip type:          ESP32-S31 (revision v0.0)
Features:           Wi-Fi 6, BT 5.4 (LE), IEEE802.15.4, Dual Core + LP Core, 300MHz
Crystal frequency:  40MHz
MAC:                30:ed:a0:f3:f7:b0

Uploading stub flasher...
Running stub flasher...
Stub flasher running.
Changing baud rate to 460800...
Changed.

Configuring flash size...
SHA digest in image updated.
Flash will be erased from 0x00002000 to 0x000f1fff...
Compressed 980060 bytes to 533276...
Writing at 0x00007e47 ╸                                3.1% 16.00kB/520.78kB [0s] 
Writing at 0x0000df7a ━╸                               6.1% 32.00kB/520.78kB [0s] 
Writing at 0x000271a4 ━━╸                              9.2% 48.00kB/520.78kB [1s] 
Writing at 0x0002d7de ━━━╸                            12.3% 64.00kB/520.78kB [1s] 
Writing at 0x00040d3c ━━━━╸                           15.4% 80.00kB/520.78kB [2s] 
Writing at 0x000468f2 ━━━━━╸                          18.4% 96.00kB/520.78kB [2s] 
Writing at 0x0004dc9a ━━━━━━                          21.5% 112.00kB/520.78kB [2s] 
Writing at 0x00054f64 ━━━━━━━                         24.6% 128.00kB/520.78kB [3s] 
Writing at 0x0005beae ━━━━━━━━                        27.7% 144.00kB/520.78kB [3s] 
Writing at 0x000626af ━━━━━━━━━                       30.7% 160.00kB/520.78kB [3s] 
Writing at 0x00068876 ━━━━━━━━━━                      33.8% 176.00kB/520.78kB [4s] 
Writing at 0x0006e13c ━━━━━━━━━━━                     36.9% 192.00kB/520.78kB [4s] 
Writing at 0x00073b8a ━━━━━━━━━━━╸                    39.9% 208.00kB/520.78kB [5s] 
Writing at 0x00079274 ━━━━━━━━━━━━╸                   43.0% 224.00kB/520.78kB [5s] 
Writing at 0x0007ec5f ━━━━━━━━━━━━━╸                  46.1% 240.00kB/520.78kB [5s] 
Writing at 0x000860f3 ━━━━━━━━━━━━━━╸                 49.2% 256.00kB/520.78kB [6s] 
Writing at 0x0008d688 ━━━━━━━━━━━━━━━╸                52.2% 272.00kB/520.78kB [6s] 
Writing at 0x00095925 ━━━━━━━━━━━━━━━━╸               55.3% 288.00kB/520.78kB [6s] 
Writing at 0x0009e063 ━━━━━━━━━━━━━━━━━╸              58.4% 304.00kB/520.78kB [7s] 
Writing at 0x000a4efc ━━━━━━━━━━━━━━━━━━              61.4% 320.00kB/520.78kB [7s] 
Writing at 0x000aad5c ━━━━━━━━━━━━━━━━━━━             64.5% 336.00kB/520.78kB [8s] 
Writing at 0x000b1223 ━━━━━━━━━━━━━━━━━━━━            67.6% 352.00kB/520.78kB [8s] 
Writing at 0x000b793c ━━━━━━━━━━━━━━━━━━━━━           70.7% 368.00kB/520.78kB [8s] 
Writing at 0x000bd9d0 ━━━━━━━━━━━━━━━━━━━━━━          73.7% 384.00kB/520.78kB [9s] 
Writing at 0x000c39c4 ━━━━━━━━━━━━━━━━━━━━━━━         76.8% 400.00kB/520.78kB [9s] 
Writing at 0x000c96b8 ━━━━━━━━━━━━━━━━━━━━━━━╸        79.9% 416.00kB/520.78kB [9s] 
Writing at 0x000cf45b ━━━━━━━━━━━━━━━━━━━━━━━━╸       83.0% 432.00kB/520.78kB [10s] 
Writing at 0x000d508c ━━━━━━━━━━━━━━━━━━━━━━━━━╸      86.0% 448.00kB/520.78kB [10s] 
Writing at 0x000db4a2 ━━━━━━━━━━━━━━━━━━━━━━━━━━╸     89.1% 464.00kB/520.78kB [10s] 
Writing at 0x000e1405 ━━━━━━━━━━━━━━━━━━━━━━━━━━━╸    92.2% 480.00kB/520.78kB [11s] 
Writing at 0x000e7ef7 ━━━━━━━━━━━━━━━━━━━━━━━━━━━━╸   95.2% 496.00kB/520.78kB [11s] 
Writing at 0x000edfcb ━━━━━━━━━━━━━━━━━━━━━━━━━━━━━   98.3% 512.00kB/520.78kB [12s] 
Writing at 0x000f145c ━━━━━━━━━━━━━━━━━━━━━━━━━━━━━━ 100.0% 520.78kB/520.78kB [12s] 
Wrote 980060 bytes (533276 compressed) at 0x00002000 in 12.4 seconds (634.0 kbit/s).
Verifying written data...
Hash of data verified.

Hard resetting via RTS pin...
