esptool v5.4.0
Serial port /dev/ttyUSB0:
Connecting....
Connected to ESP32-S31 on /dev/ttyUSB0:
Chip type:          ESP32-S31 (revision v0.0)
Features:           Wi-Fi 6, BT 5.4 (LE), IEEE802.15.4, Dual Core + LP Core, 300MHz
Crystal frequency:  40MHz
MAC:                30:ed:a0:f3:f7:b0

Uploading stub flasher...
Running stub flasher...
Stub flasher running.
Changing baud rate to 460800...
Changed.

Configuring flash size...
SHA digest in image updated.
Flash will be erased from 0x00002000 to 0x000f1fff...
Compressed 980352 bytes to 539311...
Writing at 0x00007e0b ╸                                3.0% 16.00kB/526.67kB [0s] 
Writing at 0x0000e033 ━╸                               6.1% 32.00kB/526.67kB [0s] 
Writing at 0x0002312c ━━╸                              9.1% 48.00kB/526.67kB [1s] 
Writing at 0x0002adcf ━━━╸                            12.2% 64.00kB/526.67kB [1s] 
Writing at 0x0003518a ━━━━╸                           15.2% 80.00kB/526.67kB [1s] 
Writing at 0x0004429c ━━━━━                           18.2% 96.00kB/526.67kB [2s] 
Writing at 0x0004a8a4 ━━━━━━                          21.3% 112.00kB/526.67kB [2s] 
Writing at 0x000511e6 ━━━━━━━                         24.3% 128.00kB/526.67kB [3s] 
Writing at 0x000595f8 ━━━━━━━━                        27.3% 144.00kB/526.67kB [3s] 
Writing at 0x00061709 ━━━━━━━━━                       30.4% 160.00kB/526.67kB [3s] 
Writing at 0x00068f39 ━━━━━━━━━━                      33.4% 176.00kB/526.67kB [4s] 
Writing at 0x000700ac ━━━━━━━━━━╸                     36.5% 192.00kB/526.67kB [4s] 
Writing at 0x00076363 ━━━━━━━━━━━╸                    39.5% 208.00kB/526.67kB [4s] 
Writing at 0x0007c2dc ━━━━━━━━━━━━╸                   42.5% 224.00kB/526.67kB [5s] 
Writing at 0x00081a3d ━━━━━━━━━━━━━╸                  45.6% 240.00kB/526.67kB [5s] 
Writing at 0x00087412 ━━━━━━━━━━━━━━╸                 48.6% 256.00kB/526.67kB [5s] 
Writing at 0x0008ce05 ━━━━━━━━━━━━━━━                 51.6% 272.00kB/526.67kB [6s] 
Writing at 0x00092aa5 ━━━━━━━━━━━━━━━━                54.7% 288.00kB/526.67kB [6s] 
Writing at 0x000997bf ━━━━━━━━━━━━━━━━━               57.7% 304.00kB/526.67kB [6s] 
Writing at 0x000a29f6 ━━━━━━━━━━━━━━━━━━              60.8% 320.00kB/526.67kB [7s] 
Writing at 0x000a7fec ━━━━━━━━━━━━━━━━━━━             63.8% 336.00kB/526.67kB [7s] 
Writing at 0x000ae5a3 ━━━━━━━━━━━━━━━━━━━━            66.8% 352.00kB/526.67kB [7s] 
Writing at 0x000b50c0 ━━━━━━━━━━━━━━━━━━━━╸           69.9% 368.00kB/526.67kB [8s] 
Writing at 0x000bb278 ━━━━━━━━━━━━━━━━━━━━━╸          72.9% 384.00kB/526.67kB [8s] 
Writing at 0x000c0fb4 ━━━━━━━━━━━━━━━━━━━━━━╸         75.9% 400.00kB/526.67kB [8s] 
Writing at 0x000c701a ━━━━━━━━━━━━━━━━━━━━━━━╸        79.0% 416.00kB/526.67kB [9s] 
Writing at 0x000cd6b7 ━━━━━━━━━━━━━━━━━━━━━━━━╸       82.0% 432.00kB/526.67kB [9s] 
Writing at 0x000d3a5f ━━━━━━━━━━━━━━━━━━━━━━━━━╸      85.1% 448.00kB/526.67kB [10s] 
Writing at 0x000d9987 ━━━━━━━━━━━━━━━━━━━━━━━━━━      88.1% 464.00kB/526.67kB [10s] 
Writing at 0x000df9f6 ━━━━━━━━━━━━━━━━━━━━━━━━━━━     91.1% 480.00kB/526.67kB [10s] 
Writing at 0x000e5b69 ━━━━━━━━━━━━━━━━━━━━━━━━━━━━    94.2% 496.00kB/526.67kB [11s] 
Writing at 0x000ebab6 ━━━━━━━━━━━━━━━━━━━━━━━━━━━━━   97.2% 512.00kB/526.67kB [11s] 
Writing at 0x000f1580 ━━━━━━━━━━━━━━━━━━━━━━━━━━━━━━ 100.0% 526.67kB/526.67kB [11s] 
Wrote 980352 bytes (539311 compressed) at 0x00002000 in 11.8 seconds (662.1 kbit/s).
Verifying written data...
Hash of data verified.

Hard resetting via RTS pin...
