esptool v5.4.0
Serial port /dev/ttyUSB0:
Connecting....
Connected to ESP32-S31 on /dev/ttyUSB0:
Chip type:          ESP32-S31 (revision v0.0)
Features:           Wi-Fi 6, BT 5.4 (LE), IEEE802.15.4, Dual Core + LP Core, 300MHz
Crystal frequency:  40MHz
MAC:                30:ed:a0:f3:f7:b0

Uploading stub flasher...
Running stub flasher...
Stub flasher running.
Changing baud rate to 460800...
Changed.

Configuring flash size...
SHA digest in image updated.
Flash will be erased from 0x00002000 to 0x000f1fff...
Compressed 980096 bytes to 539162...
Writing at 0x00007e10 ╸                                3.0% 16.00kB/526.53kB [0s] 
Writing at 0x0000e039 ━╸                               6.1% 32.00kB/526.53kB [0s] 
Writing at 0x00023128 ━━╸                              9.1% 48.00kB/526.53kB [1s] 
Writing at 0x0002ad2f ━━━╸                            12.2% 64.00kB/526.53kB [1s] 
Writing at 0x0003516f ━━━━╸                           15.2% 80.00kB/526.53kB [1s] 
Writing at 0x00044300 ━━━━━                           18.2% 96.00kB/526.53kB [2s] 
Writing at 0x0004a917 ━━━━━━                          21.3% 112.00kB/526.53kB [2s] 
Writing at 0x00051263 ━━━━━━━                         24.3% 128.00kB/526.53kB [3s] 
Writing at 0x000596c1 ━━━━━━━━                        27.3% 144.00kB/526.53kB [3s] 
Writing at 0x0006177b ━━━━━━━━━                       30.4% 160.00kB/526.53kB [3s] 
Writing at 0x00068fa8 ━━━━━━━━━━                      33.4% 176.00kB/526.53kB [4s] 
Writing at 0x0007011f ━━━━━━━━━━╸                     36.5% 192.00kB/526.53kB [4s] 
Writing at 0x00076385 ━━━━━━━━━━━╸                    39.5% 208.00kB/526.53kB [4s] 
Writing at 0x0007c2ea ━━━━━━━━━━━━╸                   42.5% 224.00kB/526.53kB [5s] 
Writing at 0x00081a6d ━━━━━━━━━━━━━╸                  45.6% 240.00kB/526.53kB [5s] 
Writing at 0x00087423 ━━━━━━━━━━━━━━╸                 48.6% 256.00kB/526.53kB [5s] 
Writing at 0x0008ce21 ━━━━━━━━━━━━━━━                 51.7% 272.00kB/526.53kB [6s] 
Writing at 0x00092ad8 ━━━━━━━━━━━━━━━━                54.7% 288.00kB/526.53kB [6s] 
Writing at 0x00099876 ━━━━━━━━━━━━━━━━━               57.7% 304.00kB/526.53kB [7s] 
Writing at 0x000a2a69 ━━━━━━━━━━━━━━━━━━              60.8% 320.00kB/526.53kB [7s] 
Writing at 0x000a7fc6 ━━━━━━━━━━━━━━━━━━━             63.8% 336.00kB/526.53kB [7s] 
Writing at 0x000ae62b ━━━━━━━━━━━━━━━━━━━━            66.9% 352.00kB/526.53kB [8s] 
Writing at 0x000b508c ━━━━━━━━━━━━━━━━━━━━╸           69.9% 368.00kB/526.53kB [8s] 
Writing at 0x000bb2a1 ━━━━━━━━━━━━━━━━━━━━━╸          72.9% 384.00kB/526.53kB [8s] 
Writing at 0x000c0f98 ━━━━━━━━━━━━━━━━━━━━━━╸         76.0% 400.00kB/526.53kB [9s] 
Writing at 0x000c7028 ━━━━━━━━━━━━━━━━━━━━━━━╸        79.0% 416.00kB/526.53kB [9s] 
Writing at 0x000cd6a6 ━━━━━━━━━━━━━━━━━━━━━━━━╸       82.0% 432.00kB/526.53kB [9s] 
Writing at 0x000d3a70 ━━━━━━━━━━━━━━━━━━━━━━━━━╸      85.1% 448.00kB/526.53kB [10s] 
Writing at 0x000d995a ━━━━━━━━━━━━━━━━━━━━━━━━━━      88.1% 464.00kB/526.53kB [10s] 
Writing at 0x000dfa5d ━━━━━━━━━━━━━━━━━━━━━━━━━━━     91.2% 480.00kB/526.53kB [10s] 
Writing at 0x000e5b16 ━━━━━━━━━━━━━━━━━━━━━━━━━━━━    94.2% 496.00kB/526.53kB [11s] 
Writing at 0x000eba82 ━━━━━━━━━━━━━━━━━━━━━━━━━━━━━   97.2% 512.00kB/526.53kB [11s] 
Writing at 0x000f1480 ━━━━━━━━━━━━━━━━━━━━━━━━━━━━━━ 100.0% 526.53kB/526.53kB [12s] 
Wrote 980096 bytes (539162 compressed) at 0x00002000 in 13.8 seconds (569.9 kbit/s).
Verifying written data...
Hash of data verified.

Hard resetting via RTS pin...
