+ '[' configure = configure ']'
+ tools/configure.sh -l esp32s31-core-function-board:production
  Copy files
  Select CONFIG_HOST_LINUX=y
  Refreshing...
CP: arch/dummy/Kconfig to /home/regex/work/esp32s31-openvela/openvela-dev/out/esp32s31-make-production-verify/nuttx/arch/dummy/dummy_kconfig
CP: boards/dummy/Kconfig to /home/regex/work/esp32s31-openvela/openvela-dev/out/esp32s31-make-production-verify/nuttx/boards/dummy/dummy_kconfig
LN: platform/board to /home/regex/work/esp32s31-openvela/openvela-dev/out/esp32s31-make-production-verify/apps/platform/dummy
LN: include/arch to arch/risc-v/include
LN: include/arch/board to /home/regex/work/esp32s31-openvela/openvela-dev/out/esp32s31-make-production-verify/nuttx/boards/risc-v/esp32s31/esp32s31-core-function-board/include
LN: drivers/platform to /home/regex/work/esp32s31-openvela/openvela-dev/out/esp32s31-make-production-verify/nuttx/drivers/dummy
LN: include/arch/chip to /home/regex/work/esp32s31-openvela/openvela-dev/out/esp32s31-make-production-verify/nuttx/arch/risc-v/include/esp32s31
LN: arch/risc-v/src/chip to /home/regex/work/esp32s31-openvela/openvela-dev/out/esp32s31-make-production-verify/nuttx/arch/risc-v/src/esp32s31
LN: arch/risc-v/src/board to /home/regex/work/esp32s31-openvela/openvela-dev/out/esp32s31-make-production-verify/nuttx/boards/risc-v/esp32s31/esp32s31-core-function-board/../common
LN: arch/risc-v/src/board/board to /home/regex/work/esp32s31-openvela/openvela-dev/out/esp32s31-make-production-verify/nuttx/boards/risc-v/esp32s31/esp32s31-core-function-board/src
mkkconfig in /home/regex/work/esp32s31-openvela/openvela-dev/out/esp32s31-make-production-verify/apps/audioutils
mkkconfig in /home/regex/work/esp32s31-openvela/openvela-dev/out/esp32s31-make-production-verify/apps/benchmarks
mkkconfig in /home/regex/work/esp32s31-openvela/openvela-dev/out/esp32s31-make-production-verify/apps/boot
mkkconfig in /home/regex/work/esp32s31-openvela/openvela-dev/out/esp32s31-make-production-verify/apps/canutils
mkkconfig in /home/regex/work/esp32s31-openvela/openvela-dev/out/esp32s31-make-production-verify/apps/crypto
mkkconfig in /home/regex/work/esp32s31-openvela/openvela-dev/out/esp32s31-make-production-verify/apps/database
mkkconfig in /home/regex/work/esp32s31-openvela/openvela-dev/out/esp32s31-make-production-verify/apps/examples/elf/tests
mkkconfig in /home/regex/work/esp32s31-openvela/openvela-dev/out/esp32s31-make-production-verify/apps/examples/elf
mkkconfig in /home/regex/work/esp32s31-openvela/openvela-dev/out/esp32s31-make-production-verify/apps/examples/mcuboot
mkkconfig in /home/regex/work/esp32s31-openvela/openvela-dev/out/esp32s31-make-production-verify/apps/examples/module
mkkconfig in /home/regex/work/esp32s31-openvela/openvela-dev/out/esp32s31-make-production-verify/apps/examples/rust
mkkconfig in /home/regex/work/esp32s31-openvela/openvela-dev/out/esp32s31-make-production-verify/apps/examples/sotest
mkkconfig in /home/regex/work/esp32s31-openvela/openvela-dev/out/esp32s31-make-production-verify/apps/examples
mkkconfig in /home/regex/work/esp32s31-openvela/openvela-dev/out/esp32s31-make-production-verify/apps/fsutils
mkkconfig in /home/regex/work/esp32s31-openvela/openvela-dev/out/esp32s31-make-production-verify/apps/games
mkkconfig in /home/regex/work/esp32s31-openvela/openvela-dev/out/esp32s31-make-production-verify/apps/graphics
mkkconfig in /home/regex/work/esp32s31-openvela/openvela-dev/out/esp32s31-make-production-verify/apps/industry
mkkconfig in /home/regex/work/esp32s31-openvela/openvela-dev/out/esp32s31-make-production-verify/apps/inertial
mkkconfig in /home/regex/work/esp32s31-openvela/openvela-dev/out/esp32s31-make-production-verify/apps/interpreters/luamodules
mkkconfig in /home/regex/work/esp32s31-openvela/openvela-dev/out/esp32s31-make-production-verify/apps/interpreters
mkkconfig in /home/regex/work/esp32s31-openvela/openvela-dev/out/esp32s31-make-production-verify/apps/logging
mkkconfig in /home/regex/work/esp32s31-openvela/openvela-dev/out/esp32s31-make-production-verify/apps/lte
mkkconfig in /home/regex/work/esp32s31-openvela/openvela-dev/out/esp32s31-make-production-verify/apps/math
mkkconfig in /home/regex/work/esp32s31-openvela/openvela-dev/out/esp32s31-make-production-verify/apps/mlearning
mkkconfig in /home/regex/work/esp32s31-openvela/openvela-dev/out/esp32s31-make-production-verify/apps/netutils
mkkconfig in /home/regex/work/esp32s31-openvela/openvela-dev/out/esp32s31-make-production-verify/apps/sdr
mkkconfig in /home/regex/work/esp32s31-openvela/openvela-dev/out/esp32s31-make-production-verify/apps/system
mkkconfig in /home/regex/work/esp32s31-openvela/openvela-dev/out/esp32s31-make-production-verify/apps/testing/arch
mkkconfig in /home/regex/work/esp32s31-openvela/openvela-dev/out/esp32s31-make-production-verify/apps/testing/crypto
mkkconfig in /home/regex/work/esp32s31-openvela/openvela-dev/out/esp32s31-make-production-verify/apps/testing/cxx
mkkconfig in /home/regex/work/esp32s31-openvela/openvela-dev/out/esp32s31-make-production-verify/apps/testing/drivers
mkkconfig in /home/regex/work/esp32s31-openvela/openvela-dev/out/esp32s31-make-production-verify/apps/testing/fs
mkkconfig in /home/regex/work/esp32s31-openvela/openvela-dev/out/esp32s31-make-production-verify/apps/testing/libc
mkkconfig in /home/regex/work/esp32s31-openvela/openvela-dev/out/esp32s31-make-production-verify/apps/testing/mm
mkkconfig in /home/regex/work/esp32s31-openvela/openvela-dev/out/esp32s31-make-production-verify/apps/testing/sched
mkkconfig in /home/regex/work/esp32s31-openvela/openvela-dev/out/esp32s31-make-production-verify/apps/testing
mkkconfig in /home/regex/work/esp32s31-openvela/openvela-dev/out/esp32s31-make-production-verify/apps/videoutils
mkkconfig in /home/regex/work/esp32s31-openvela/openvela-dev/out/esp32s31-make-production-verify/apps/wireless/bluetooth
mkkconfig in /home/regex/work/esp32s31-openvela/openvela-dev/out/esp32s31-make-production-verify/apps/wireless/ieee802154
mkkconfig in /home/regex/work/esp32s31-openvela/openvela-dev/out/esp32s31-make-production-verify/apps/wireless
mkkconfig in /home/regex/work/esp32s31-openvela/openvela-dev/out/esp32s31-make-production-verify/apps
Loaded configuration '.config'
Configuration saved to '.config'
