+ '[' '' = resetconfig ']'
+ cmake --build /home/regex/work/esp32s31-openvela/openvela-dev/out/esp32s31-cmake-production6 -j8
[1/30] cd /home/regex/work/esp32s31-openvela/openvela-dev/out/esp32s31-cmake-production6/libs/libc/misc && /usr/bin/cmake -E touch /home/regex/work/esp32s31-openvela/openvela-dev/nuttx/libs/libc/misc/lib_utsname.c
[2/30] cd /home/regex/work/esp32s31-openvela/openvela-dev/nuttx && /usr/bin/cmake -DKCONFIG_CONFIG=/home/regex/work/esp32s31-openvela/openvela-dev/nuttx/boards/risc-v/esp32s31/esp32s31-core-function-board/configs/production/defconfig -DNUTTX_DIR=/home/regex/work/esp32s31-openvela/openvela-dev/nuttx -DCMAKE_BINARY_DIR=/home/regex/work/esp32s31-openvela/openvela-dev/out/esp32s31-cmake-production6 -P /home/regex/work/esp32s31-openvela/openvela-dev/nuttx/cmake/nuttx_generate_dts.cmake
[3/30] Building C object libs/libc/CMakeFiles/kc.dir/misc/lib_utsname.c.o
[4/30] Building C object libs/libc/CMakeFiles/c.dir/misc/lib_utsname.c.o
[5/30] cd /home/regex/work/esp32s31-openvela/openvela-dev/out/esp32s31-cmake-production6/syscall && cmake --build /home/regex/work/esp32s31-openvela/openvela-dev/out/esp32s31-cmake-production6/bin_host --target mksyscall
[ 50%] Built target csvparser
[100%] Built target mksyscall
[6/30] Building C object arch/CMakeFiles/arch.dir/risc-v/src/common/espressif/esp_wlan.c.o
[7/30] Building C object arch/CMakeFiles/arch.dir/risc-v/src/esp32c6/esp_wifi_adapter.c.o
[8/30] Linking C static library libs/libc/libc.a
[9/30] Linking C static library libs/libc/libkc.a
[10/30] Refreshing ELF relink sentinel:renew
[11/30] Refreshing ELF relink sentinel:init
[12/30] Refreshing ELF relink sentinel:sh
[13/30] Refreshing ELF relink sentinel:ping
[14/30] Refreshing ELF relink sentinel:wapi
[15/30] Building C object apps/system/dhcpc/CMakeFiles/ELF_renew.dir/ELF_renew_relink.c.o
[16/30] Building C object apps/system/nsh/CMakeFiles/ELF_init.dir/ELF_init_relink.c.o
[17/30] Building C object apps/system/nsh/CMakeFiles/ELF_sh.dir/ELF_sh_relink.c.o
[18/30] Building C object apps/system/ping/CMakeFiles/ELF_ping.dir/ELF_ping_relink.c.o
[19/30] Building C object apps/wireless/wapi/CMakeFiles/ELF_wapi.dir/ELF_wapi_relink.c.o
[20/30] Linking C static library apps/system/ping/libELF_ping.a
[21/30] Linking C static library apps/system/dhcpc/libELF_renew.a
[22/30] Linking C static library apps/wireless/wapi/libELF_wapi.a
[23/30] Linking C static library arch/libarch.a
[24/30] Linking C static library apps/system/nsh/libELF_sh.a
[25/30] Linking C static library apps/system/nsh/libELF_init.a
[26/30] Generating external ESP32-S31 application ROMFS
[27/30] Linking C executable nuttx
[28/30] Generating nuttx.hex
[29/30] Generating System.map
[30/30] Generating ESP32-S31 simple-boot image for offset 0x2000
esptool v5.4.0
Creating ESP32-S31 image...
Image has only RAM segments visible. ROM segments are hidden and SHA256 digest is not appended.
Merged 1 ELF section.
Successfully created ESP32-S31 image.
+ restore_cfg
+ '[' -f /tmp/esp32s31-source-config.O5tanj/.config ']'
+ mv /tmp/esp32s31-source-config.O5tanj/.config .config
+ '[' -f /tmp/esp32s31-source-config.O5tanj/config.h ']'
+ mv /tmp/esp32s31-source-config.O5tanj/config.h include/nuttx/config.h
+ rmdir /tmp/esp32s31-source-config.O5tanj
