ESP-ROM:esp32s31-20251218
Build:Dec 18 2025
rst:0x1 (POWERON),boot:0x7f (SPI_FAST_FLASH_BOOT)
SPI mode:DIO, clock div:1
load:0x2e000000,len:0x18
load:0x2f000000,len:0xee94
load:0x2f00ef00,len:0x368c
entry 0x2f00ea5a
*** Booting NuttX ***
rtc: lma 0x00002020 vma 0x2e000000 len 0x18     (24)
dram: lma 0x00002040 vma 0x2f000000 len 0xee94   (61076)
dram: lma 0x00010edc vma 0x2f00ef00 len 0x368c   (13964)
padd: lma 0x00014598 vma 0x00000000 len 0xba80   (47744)
imap: lma 0x00020020 vma 0x400c0020 len 0x19054  (102484)
padd: lma 0x0003907c vma 0x00000000 len 0x707c   (28796)
imap: lma 0x00040100 vma 0x40000100 len 0xb137c  (725884)
total segments stored 7
ABC[CPU0] CPU1 SMP online: ipi0=0 timer1=0
[CPU0] AppFS header: 2d726f6d3166732d
[CPU0] AppFS MTD boundary checks: PASS
[CPU0] AppFS writable LittleFS: offset=0x500000 size=0x700000
[CPU0] Initializing Wi-Fi station
[CPU0] E1 Wi-Fi station netdev ready

NuttShell (NSH)
nsh> [K
HEAP_BOOT=PASS seconds=0.589
--- CMD: sleep 3 ---
sleep 3
nsh> [K
nsh> [K
--- CMD: free ---
free
      total       used       free    maxused    maxfree  nused  nfree name
     528380       6732     521648      22176     516088      9      2 (null)
     344052      73324     270728      95368     238952    159     11 Kmem
   16777216     692224   16084992   16084992 Page
nsh> [K
nsh> [K
HEAP boot used=73324 blocks=159
--- CMD: ifup wlan0 ---
ifup wlan0
ifup wlan0...OK
nsh> [K
nsh> [K
--- CMD: sleep 1 ---
sleep 1
nsh> [K
nsh> [K
--- CMD: ifdown wlan0 ---
ifdown wlan0
ifdown wlan0...OK
nsh> [K
nsh> [K
--- CMD: sleep 3 ---
sleep 3
nsh> [K
nsh> [K
--- CMD: free ---
free
      total       used       free    maxused    maxfree  nused  nfree name
     528380       6732     521648      22176     516088      9      2 (null)
     344052      71188     272864      95368     238952    152     12 Kmem
   16777216     692224   16084992   16084992 Page
nsh> [K
nsh> [K
HEAP radio-1 used=71188 blocks=152
--- CMD: ifup wlan0 ---
ifup wlan0
ifup wlan0...OK
nsh> [K
nsh> [K
--- CMD: sleep 1 ---
sleep 1
nsh> [K
nsh> [K
--- CMD: ifdown wlan0 ---
ifdown wlan0
ifdown wlan0...OK
nsh> [K
nsh> [K
--- CMD: sleep 3 ---
sleep 3
nsh> [K
nsh> [K
--- CMD: free ---
free
      total       used       free    maxused    maxfree  nused  nfree name
     528380       6732     521648      22176     516088      9      2 (null)
     344052      71188     272864      95368     238952    152     12 Kmem
   16777216     692224   16084992   16084992 Page
nsh> [K
nsh> [K
HEAP radio-2 used=71188 blocks=152
--- CMD: ifup wlan0 ---
ifup wlan0
ifup wlan0...OK
nsh> [K
nsh> [K
--- CMD: sleep 1 ---
sleep 1
nsh> [K
nsh> [K
--- CMD: ifdown wlan0 ---
ifdown wlan0
ifdown wlan0...OK
nsh> [K
nsh> [K
--- CMD: sleep 3 ---
sleep 3
nsh> [K
nsh> [K
--- CMD: free ---
free
      total       used       free    maxused    maxfree  nused  nfree name
     528380       6732     521648      22176     516088      9      2 (null)
     344052      71188     272864      95368     238952    152     12 Kmem
   16777216     692224   16084992   16084992 Page
nsh> [K
nsh> [K
HEAP radio-3 used=71188 blocks=152
--- CMD: ifup wlan0 ---
ifup wlan0
ifup wlan0...OK
nsh> [K
nsh> [K
--- CMD: sleep 1 ---
sleep 1
nsh> [K
nsh> [K
--- CMD: ifdown wlan0 ---
ifdown wlan0
ifdown wlan0...OK
nsh> [K
nsh> [K
--- CMD: sleep 3 ---
sleep 3
nsh> [K
nsh> [K
--- CMD: free ---
free
      total       used       free    maxused    maxfree  nused  nfree name
     528380       6732     521648      22176     516088      9      2 (null)
     344052      71188     272864      95368     238952    152     12 Kmem
   16777216     692224   16084992   16084992 Page
nsh> [K
nsh> [K
HEAP radio-4 used=71188 blocks=152
--- CMD: ifup wlan0 ---
ifup wlan0
ifup wlan0...OK
nsh> [K
nsh> [K
--- CMD: sleep 1 ---
sleep 1
nsh> [K
nsh> [K
--- CMD: ifdown wlan0 ---
ifdown wlan0
ifdown wlan0...OK
nsh> [K
nsh> [K
--- CMD: sleep 3 ---
sleep 3
nsh> [K
nsh> [K
--- CMD: free ---
free
      total       used       free    maxused    maxfree  nused  nfree name
     528380       6732     521648      22176     516088      9      2 (null)
     344052      71188     272864      95368     238952    152     12 Kmem
   16777216     692224   16084992   16084992 Page
nsh> [K
nsh> [K
HEAP radio-5 used=71188 blocks=152
--- CMD: ifup wlan0 ---
ifup wlan0
ifup wlan0...OK
nsh> [K
nsh> [K
--- CMD: sleep 1 ---
sleep 1
nsh> [K
nsh> [K
--- CMD: ifdown wlan0 ---
ifdown wlan0
ifdown wlan0...OK
nsh> [K
nsh> [K
--- CMD: sleep 3 ---
sleep 3
nsh> [K
nsh> [K
--- CMD: free ---
free
      total       used       free    maxused    maxfree  nused  nfree name
     528380       6732     521648      22176     516088      9      2 (null)
     344052      71188     272864      95368     238952    152     12 Kmem
   16777216     692224   16084992   16084992 Page
nsh> [K
nsh> [K
HEAP radio-6 used=71188 blocks=152
--- CMD: ifup wlan0 ---
ifup wlan0
ifup wlan0...OK
nsh> [K
nsh> [K
--- CMD: sleep 1 ---
sleep 1
nsh> [K
nsh> [K
--- CMD: ifdown wlan0 ---
ifdown wlan0
ifdown wlan0...OK
nsh> [K
nsh> [K
--- CMD: sleep 3 ---
sleep 3
nsh> [K
nsh> [K
--- CMD: free ---
free
      total       used       free    maxused    maxfree  nused  nfree name
     528380       6732     521648      22176     516088      9      2 (null)
     344052      71188     272864      95368     238952    152     12 Kmem
   16777216     692224   16084992   16084992 Page
nsh> [K
nsh> [K
HEAP radio-7 used=71188 blocks=152
--- CMD: ifup wlan0 ---
ifup wlan0
ifup wlan0...OK
nsh> [K
nsh> [K
--- CMD: sleep 1 ---
sleep 1
nsh> [K
nsh> [K
--- CMD: ifdown wlan0 ---
ifdown wlan0
ifdown wlan0...OK
nsh> [K
nsh> [K
--- CMD: sleep 3 ---
sleep 3
nsh> [K
nsh> [K
--- CMD: free ---
free
      total       used       free    maxused    maxfree  nused  nfree name
     528380       6732     521648      22176     516088      9      2 (null)
     344052      71188     272864      95368     238952    152     12 Kmem
   16777216     692224   16084992   16084992 Page
nsh> [K
nsh> [K
HEAP radio-8 used=71188 blocks=152
--- CMD: ifup wlan0 ---
ifup wlan0
ifup wlan0...OK
nsh> [K
nsh> [K
--- CMD: sleep 1 ---
sleep 1
nsh> [K
nsh> [K
--- CMD: ifdown wlan0 ---
ifdown wlan0
ifdown wlan0...OK
nsh> [K
nsh> [K
--- CMD: sleep 3 ---
sleep 3
nsh> [K
nsh> [K
--- CMD: free ---
free
      total       used       free    maxused    maxfree  nused  nfree name
     528380       6732     521648      22176     516088      9      2 (null)
     344052      71188     272864      95368     238952    152     12 Kmem
   16777216     692224   16084992   16084992 Page
nsh> [K
nsh> [K
HEAP radio-9 used=71188 blocks=152
--- CMD: ifup wlan0 ---
ifup wlan0
ifup wlan0...OK
nsh> [K
nsh> [K
--- CMD: sleep 1 ---
sleep 1
nsh> [K
nsh> [K
--- CMD: ifdown wlan0 ---
ifdown wlan0
ifdown wlan0...OK
nsh> [K
nsh> [K
--- CMD: sleep 3 ---
sleep 3
nsh> [K
nsh> [K
--- CMD: free ---
free
      total       used       free    maxused    maxfree  nused  nfree name
     528380       6732     521648      22176     516088      9      2 (null)
     344052      71188     272864      95368     238952    152     12 Kmem
   16777216     692224   16084992   16084992 Page
nsh> [K
nsh> [K
HEAP radio-10 used=71188 blocks=152
--- CMD: ps ---
ps
  PID GROUP CPU(AFFINITY)   PRI POLICY   TYPE    NPX STATE    EVENT     SIGMASK            STACK COMMAND
    0     0 000(0x00000003)   0 FIFO     Kthread   - Assigned           0000000000000000 0003024 CPU0 IDLE
    1     0 001(0x00000003)   0 FIFO     Kthread   - Running            0000000000000000 0003024 CPU1 IDLE
    2     0 ---(0x00000003) 100 RR       Kthread   - Waiting  Semaphore 0000000000000000 0001952 lpwork 0x2f00f680 0x2f00f6cc
    4     0 ---(0x00000003) 223 RR       Kthread   - Waiting  Semaphore 0000000000000000 0001968 hr_timer
    5     0 ---(0x00000001) 253 RR       Kthread   - Waiting  MQ empty  0000000000000000 0003520 wifi
    6     6 000(0x00000003) 101 RR       Task      - Running            0000000000000000 0004016 /system/bin/init
nsh> [K
nsh> [K
RADIO_HEAP_PROBE=COMPLETE; inspect trend, not a leak-free claim
