ESP-ROM:esp32s31-20251218
Build:Dec 18 2025
rst:0x1 (POWERON),boot:0x7f (SPI_FAST_FLASH_BOOT)
SPI mode:DIO, clock div:1
load:0x2e000000,len:0x18
load:0x2f000000,len:0xc898
load:0x2f00c900,len:0x3050
entry 0x2f00c45e
*** Booting NuttX ***
rtc: lma 0x00002020 vma 0x2e000000 len 0x18     (24)
dram: lma 0x00002040 vma 0x2f000000 len 0xc898   (51352)
dram: lma 0x0000e8e0 vma 0x2f00c900 len 0x3050   (12368)
padd: lma 0x00011968 vma 0x00000000 len 0xe6b0   (59056)
imap: lma 0x00020020 vma 0x400c0020 len 0x1899c  (100764)
padd: lma 0x000389c4 vma 0x00000000 len 0x7734   (30516)
imap: lma 0x00040100 vma 0x40000100 len 0xb135c  (725852)
total segments stored 7
ABC[CPU0] CPU1 SMP online: ipi0=0 timer1=0
[CPU0] AppFS header: 2d726f6d3166732d
[CPU0] AppFS MTD boundary checks: PASS
[CPU0] AppFS writable LittleFS: offset=0x500000 size=0x700000
[CPU0] Initializing Wi-Fi station
[CPU0] E1 Wi-Fi station netdev ready

NuttShell (NSH)
nsh> [K
SCAN_HEAP_BOOT=PASS seconds=3.301
--- CMD: sleep 3 ---
sleep 3
nsh> [K
nsh> [K
--- CMD: free ---
free
      total       used       free    maxused    maxfree  nused  nfree name
     528380       6732     521648      22176     516088      9      2 (null)
     354620      73300     281320      95344     255336    159     11 Kmem
   16777216     679936   16097280   16097280 Page
nsh> [K
nsh> [K
HEAP boot used=73300 blocks=159
--- CMD: wapi help ---
wapi help
Usage:
	wapi show         <ifname>
	wapi scan         <ifname>
	wapi pscan        <ifname>
	wapi scan_results <ifname>
	wapi ip           <ifname> <IP address>
	wapi mask         <ifname> <mask>
	wapi freq         <ifname> <frequency>  <index/flag>
	wapi essid        <ifname> <essid>      <index/flag>
	wapi psk          <ifname> <passphrase> <index/flag> [wpa]
	wapi disconnect   <ifname>
	wapi mode         <ifname>              <index/mode>
	wapi ap           <ifname>              <MAC address>
	wapi bitrate      <ifname> <bitrate>    <index/flag>
	wapi txpower      <ifname> <txpower>    <index/flag>
	wapi country      <ifname> <country code>
	wapi sense        <ifname>
	wapi pta_prio     <ifname>  <index/flag>
	wapi power_save   <ifname>  <on|off>
	wapi help

Frequency Flags:
	[0] WAPI_FREQ_AUTO
	[1] WAPI_FREQ_FIXED

ESSID Flags:
	[0] WAPI_ESSID_OFF
	[1] WAPI_ESSID_ON
	[2] WAPI_ESSID_DELAY_ON

Passphrase algorithm Flags:
	[0] WPA_ALG_NONE
	[1] WPA_ALG_WEP
	[2] WPA_ALG_TKIP
	[3] WPA_ALG_CCMP

Passphrase WPA version:
	[0] WPA_VER_NONE
	[1] WPA_VER_1
	[2] WPA_VER_2
	[3] WPA_VER_3

Operating Modes:
	[0] WAPI_MODE_AUTO
	[1] WAPI_MODE_ADHOC
	[2] WAPI_MODE_MANAGED
	[3] WAPI_MODE_MASTER
	[4] WAPI_MODE_REPEAT
	[5] WAPI_MODE_SECOND
	[6] WAPI_MODE_MONITOR
	[7] WAPI_MODE_MESH

Bitrate Flags:
	[0] WAPI_BITRATE_AUTO
	[1] WAPI_BITRATE_FIXED

TX power Flags:
	[0] WAPI_TXPOWER_DBM
	[1] WAPI_TXPOWER_MWATT
	[2] WAPI_TXPOWER_RELATIVE

pta prio Flags:
	[0] WAPI_PTA_PRIORITY_COEX_MAXIMIZED
	[1] WAPI_PTA_PRIORITY_COEX_HIGH
	[2] WAPI_PTA_PRIORITY_BALANCED
	[3] WAPI_PTA_PRIORITY_WLAN_HIGHD
	[4] WAPI_PTA_PRIORITY_WLAN_MAXIMIZED
nsh> [K
nsh> [K
--- CMD: sleep 3 ---
sleep 3
nsh> [K
nsh> [K
--- CMD: free ---
free
      total       used       free    maxused    maxfree  nused  nfree name
     528380       6732     521648      22176     516088      9      2 (null)
     528380       6732     521648      22176     516088      9      2 (null)
     354620      76884     277736     109776     214376    162     12 Kmem
   16777216     679936   16097280   16097280 Page
nsh> [K
nsh> [K
HEAP help-1 used=76884 blocks=162
--- CMD: wapi help ---
wapi help
Usage:
	wapi show         <ifname>
	wapi scan         <ifname>
	wapi pscan        <ifname>
	wapi scan_results <ifname>
	wapi ip           <ifname> <IP address>
	wapi mask         <ifname> <mask>
	wapi freq         <ifname> <frequency>  <index/flag>
	wapi essid        <ifname> <essid>      <index/flag>
	wapi psk          <ifname> <passphrase> <index/flag> [wpa]
	wapi disconnect   <ifname>
	wapi mode         <ifname>              <index/mode>
	wapi ap           <ifname>              <MAC address>
	wapi bitrate      <ifname> <bitrate>    <index/flag>
	wapi txpower      <ifname> <txpower>    <index/flag>
	wapi country      <ifname> <country code>
	wapi sense        <ifname>
	wapi pta_prio     <ifname>  <index/flag>
	wapi power_save   <ifname>  <on|off>
	wapi help

Frequency Flags:
	[0] WAPI_FREQ_AUTO
	[1] WAPI_FREQ_FIXED

ESSID Flags:
	[0] WAPI_ESSID_OFF
	[1] WAPI_ESSID_ON
	[2] WAPI_ESSID_DELAY_ON

Passphrase algorithm Flags:
	[0] WPA_ALG_NONE
	[1] WPA_ALG_WEP
	[2] WPA_ALG_TKIP
	[3] WPA_ALG_CCMP

Passphrase WPA version:
	[0] WPA_VER_NONE
	[1] WPA_VER_1
	[2] WPA_VER_2
	[3] WPA_VER_3

Operating Modes:
	[0] WAPI_MODE_AUTO
	[1] WAPI_MODE_ADHOC
	[2] WAPI_MODE_MANAGED
	[3] WAPI_MODE_MASTER
	[4] WAPI_MODE_REPEAT
	[5] WAPI_MODE_SECOND
	[6] WAPI_MODE_MONITOR
	[7] WAPI_MODE_MESH

Bitrate Flags:
	[0] WAPI_BITRATE_AUTO
	[1] WAPI_BITRATE_FIXED

TX power Flags:
	[0] WAPI_TXPOWER_DBM
	[1] WAPI_TXPOWER_MWATT
	[2] WAPI_TXPOWER_RELATIVE

pta prio Flags:
	[0] WAPI_PTA_PRIORITY_COEX_MAXIMIZED
	[1] WAPI_PTA_PRIORITY_COEX_HIGH
	[2] WAPI_PTA_PRIORITY_BALANCED
	[3] WAPI_PTA_PRIORITY_WLAN_HIGHD
	[4] WAPI_PTA_PRIORITY_WLAN_MAXIMIZED
nsh> [K
nsh> [K
--- CMD: sleep 3 ---
sleep 3
nsh> [K
nsh> [K
--- CMD: free ---
free
      total       used       free    maxused    maxfree  nused  nfree name
     528380       6732     521648      22176     516088      9      2 (null)
     528380       6732     521648      22176     516088      9      2 (null)
     528380       6732     521648      22176     516088      9      2 (null)
     354620      76924     277696     113368     206184    163     13 Kmem
   16777216     679936   16097280   16097280 Page
nsh> [K
nsh> [K
HEAP help-2 used=76924 blocks=163
--- CMD: wapi help ---
wapi help
Usage:
	wapi show         <ifname>
	wapi scan         <ifname>
	wapi pscan        <ifname>
	wapi scan_results <ifname>
	wapi ip           <ifname> <IP address>
	wapi mask         <ifname> <mask>
	wapi freq         <ifname> <frequency>  <index/flag>
	wapi essid        <ifname> <essid>      <index/flag>
	wapi psk          <ifname> <passphrase> <index/flag> [wpa]
	wapi disconnect   <ifname>
	wapi mode         <ifname>              <index/mode>
	wapi ap           <ifname>              <MAC address>
	wapi bitrate      <ifname> <bitrate>    <index/flag>
	wapi txpower      <ifname> <txpower>    <index/flag>
	wapi country      <ifname> <country code>
	wapi sense        <ifname>
	wapi pta_prio     <ifname>  <index/flag>
	wapi power_save   <ifname>  <on|off>
	wapi help

Frequency Flags:
	[0] WAPI_FREQ_AUTO
	[1] WAPI_FREQ_FIXED

ESSID Flags:
	[0] WAPI_ESSID_OFF
	[1] WAPI_ESSID_ON
	[2] WAPI_ESSID_DELAY_ON

Passphrase algorithm Flags:
	[0] WPA_ALG_NONE
	[1] WPA_ALG_WEP
	[2] WPA_ALG_TKIP
	[3] WPA_ALG_CCMP

Passphrase WPA version:
	[0] WPA_VER_NONE
	[1] WPA_VER_1
	[2] WPA_VER_2
	[3] WPA_VER_3

Operating Modes:
	[0] WAPI_MODE_AUTO
	[1] WAPI_MODE_ADHOC
	[2] WAPI_MODE_MANAGED
	[3] WAPI_MODE_MASTER
	[4] WAPI_MODE_REPEAT
	[5] WAPI_MODE_SECOND
	[6] WAPI_MODE_MONITOR
	[7] WAPI_MODE_MESH

Bitrate Flags:
	[0] WAPI_BITRATE_AUTO
	[1] WAPI_BITRATE_FIXED

TX power Flags:
	[0] WAPI_TXPOWER_DBM
	[1] WAPI_TXPOWER_MWATT
	[2] WAPI_TXPOWER_RELATIVE

pta prio Flags:
	[0] WAPI_PTA_PRIORITY_COEX_MAXIMIZED
	[1] WAPI_PTA_PRIORITY_COEX_HIGH
	[2] WAPI_PTA_PRIORITY_BALANCED
	[3] WAPI_PTA_PRIORITY_WLAN_HIGHD
	[4] WAPI_PTA_PRIORITY_WLAN_MAXIMIZED
nsh> [K
nsh> [K
--- CMD: sleep 3 ---
sleep 3
nsh> [K
nsh> [K
--- CMD: free ---
free
      total       used       free    maxused    maxfree  nused  nfree name
     528380       6732     521648      22176     516088      9      2 (null)
     528380       6732     521648      22176     516088      9      2 (null)
     528380       6732     521648      22176     516088      9      2 (null)
     528380       6732     521648      22176     516088      9      2 (null)
     354620      77012     277608     113400     197992    165     14 Kmem
   16777216     679936   16097280   16097280 Page
nsh> [K
nsh> [K
HEAP help-3 used=77012 blocks=165
--- CMD: wapi help ---
wapi help
Usage:
	wapi show         <ifname>
	wapi scan         <ifname>
	wapi pscan        <ifname>
	wapi scan_results <ifname>
	wapi ip           <ifname> <IP address>
	wapi mask         <ifname> <mask>
	wapi freq         <ifname> <frequency>  <index/flag>
	wapi essid        <ifname> <essid>      <index/flag>
	wapi psk          <ifname> <passphrase> <index/flag> [wpa]
	wapi disconnect   <ifname>
	wapi mode         <ifname>              <index/mode>
	wapi ap           <ifname>              <MAC address>
	wapi bitrate      <ifname> <bitrate>    <index/flag>
	wapi txpower      <ifname> <txpower>    <index/flag>
	wapi country      <ifname> <country code>
	wapi sense        <ifname>
	wapi pta_prio     <ifname>  <index/flag>
	wapi power_save   <ifname>  <on|off>
	wapi help

Frequency Flags:
	[0] WAPI_FREQ_AUTO
	[1] WAPI_FREQ_FIXED

ESSID Flags:
	[0] WAPI_ESSID_OFF
	[1] WAPI_ESSID_ON
	[2] WAPI_ESSID_DELAY_ON

Passphrase algorithm Flags:
	[0] WPA_ALG_NONE
	[1] WPA_ALG_WEP
	[2] WPA_ALG_TKIP
	[3] WPA_ALG_CCMP

Passphrase WPA version:
	[0] WPA_VER_NONE
	[1] WPA_VER_1
	[2] WPA_VER_2
	[3] WPA_VER_3

Operating Modes:
	[0] WAPI_MODE_AUTO
	[1] WAPI_MODE_ADHOC
	[2] WAPI_MODE_MANAGED
	[3] WAPI_MODE_MASTER
	[4] WAPI_MODE_REPEAT
	[5] WAPI_MODE_SECOND
	[6] WAPI_MODE_MONITOR
	[7] WAPI_MODE_MESH

Bitrate Flags:
	[0] WAPI_BITRATE_AUTO
	[1] WAPI_BITRATE_FIXED

TX power Flags:
	[0] WAPI_TXPOWER_DBM
	[1] WAPI_TXPOWER_MWATT
	[2] WAPI_TXPOWER_RELATIVE

pta prio Flags:
	[0] WAPI_PTA_PRIORITY_COEX_MAXIMIZED
	[1] WAPI_PTA_PRIORITY_COEX_HIGH
	[2] WAPI_PTA_PRIORITY_BALANCED
	[3] WAPI_PTA_PRIORITY_WLAN_HIGHD
	[4] WAPI_PTA_PRIORITY_WLAN_MAXIMIZED
nsh> [K
nsh> [K
--- CMD: sleep 3 ---
sleep 3
nsh> [K
nsh> [K
--- CMD: free ---
free
      total       used       free    maxused    maxfree  nused  nfree name
     528380       6732     521648      22176     516088      9      2 (null)
     528380       6732     521648      22176     516088      9      2 (null)
     528380       6732     521648      22176     516088      9      2 (null)
     528380       6732     521648      22176     516088      9      2 (null)
     528380       6732     521648      22176     516088      9      2 (null)
     354620      76988     277632     113488     214376    165     14 Kmem
   16777216     679936   16097280   16097280 Page
nsh> [K
nsh> [K
HEAP help-4 used=76988 blocks=165
--- CMD: wapi help ---
wapi help
Usage:
	wapi show         <ifname>
	wapi scan         <ifname>
	wapi pscan        <ifname>
	wapi scan_results <ifname>
	wapi ip           <ifname> <IP address>
	wapi mask         <ifname> <mask>
	wapi freq         <ifname> <frequency>  <index/flag>
	wapi essid        <ifname> <essid>      <index/flag>
	wapi psk          <ifname> <passphrase> <index/flag> [wpa]
	wapi disconnect   <ifname>
	wapi mode         <ifname>              <index/mode>
	wapi ap           <ifname>              <MAC address>
	wapi bitrate      <ifname> <bitrate>    <index/flag>
	wapi txpower      <ifname> <txpower>    <index/flag>
	wapi country      <ifname> <country code>
	wapi sense        <ifname>
	wapi pta_prio     <ifname>  <index/flag>
	wapi power_save   <ifname>  <on|off>
	wapi help

Frequency Flags:
	[0] WAPI_FREQ_AUTO
	[1] WAPI_FREQ_FIXED

ESSID Flags:
	[0] WAPI_ESSID_OFF
	[1] WAPI_ESSID_ON
	[2] WAPI_ESSID_DELAY_ON

Passphrase algorithm Flags:
	[0] WPA_ALG_NONE
	[1] WPA_ALG_WEP
	[2] WPA_ALG_TKIP
	[3] WPA_ALG_CCMP

Passphrase WPA version:
	[0] WPA_VER_NONE
	[1] WPA_VER_1
	[2] WPA_VER_2
	[3] WPA_VER_3

Operating Modes:
	[0] WAPI_MODE_AUTO
	[1] WAPI_MODE_ADHOC
	[2] WAPI_MODE_MANAGED
	[3] WAPI_MODE_MASTER
	[4] WAPI_MODE_REPEAT
	[5] WAPI_MODE_SECOND
	[6] WAPI_MODE_MONITOR
	[7] WAPI_MODE_MESH

Bitrate Flags:
	[0] WAPI_BITRATE_AUTO
	[1] WAPI_BITRATE_FIXED

TX power Flags:
	[0] WAPI_TXPOWER_DBM
	[1] WAPI_TXPOWER_MWATT
	[2] WAPI_TXPOWER_RELATIVE

pta prio Flags:
	[0] WAPI_PTA_PRIORITY_COEX_MAXIMIZED
	[1] WAPI_PTA_PRIORITY_COEX_HIGH
	[2] WAPI_PTA_PRIORITY_BALANCED
	[3] WAPI_PTA_PRIORITY_WLAN_HIGHD
	[4] WAPI_PTA_PRIORITY_WLAN_MAXIMIZED
nsh> [K
nsh> [K
--- CMD: sleep 3 ---
sleep 3
nsh> [K
nsh> [K
--- CMD: free ---
free
      total       used       free    maxused    maxfree  nused  nfree name
     528380       6732     521648      22176     516088      9      2 (null)
     528380       6732     521648      22176     516088      9      2 (null)
     528380       6732     521648      22176     516088      9      2 (null)
     528380       6732     521648      22176     516088      9      2 (null)
     528380       6732     521648      22176     516088      9      2 (null)
     528380       6732     521648      22176     516088      9      2 (null)
     354620      77076     277544     113488     214376    167     14 Kmem
   16777216     679936   16097280   16097280 Page
nsh> [K
nsh> [K
HEAP help-5 used=77076 blocks=167
--- CMD: ifup wlan0 ---
ifup wlan0
ifup wlan0...OK
nsh> [K
nsh> [K
--- CMD: sleep 3 ---
sleep 3
nsh> [K
nsh> [K
--- CMD: free ---
free
      total       used       free    maxused    maxfree  nused  nfree name
     528380       6732     521648      22176     516088      9      2 (null)
     528380       6732     521648      22176     516088      9      2 (null)
     528380       6732     521648      22176     516088      9      2 (null)
     528380       6732     521648      22176     516088      9      2 (null)
     528380       6732     521648      22176     516088      9      2 (null)
     528380       6732     521648      22176     516088      9      2 (null)
     354620      77076     277544     113488     214376    167     14 Kmem
   16777216     679936   16097280   16097280 Page
nsh> [K
nsh> [K
HEAP radio-up used=77076 blocks=167
--- CMD: wapi show wlan0 ---
wapi show wlan0
wlan0 Configuration:
       IP: 10.0.0.2
  NetMask: 255.255.255.0
Frequency: 2412
     Flag: WAPI_FREQ_AUTO
[CPU0] wlan_ioctl: ERROR: Unrecognized IOCTL command: 35813
[CPU0] wapi_get_country: ioctl(SIOCGIWSENS): Not a typewriter
[CPU0] wlan_ioctl: ERROR: Unrecognized IOCTL command: 35815
[CPU0] wapi_get_pta_prio: ioctl(SIOCGIWPTAPRIO): Not a typewriter
  Channel: 1
Frequency: 2412
    ESSID: 
     Flag: WAPI_ESSID_OFF
     Mode: WAPI_MODE_MANAGED
       AP: ff:ff:ff:ff:ff:ff
  BitRate: 0
     Flag: WAPI_BITRATE_AUTO
  TxPower: 20
     Flag: WAPI_TXPOWER_DBM
    Sense: -128
nsh> [K
nsh> [K
SCAN_HEAP_PROBE=FAIL: command failed: wapi show wlan0
