--- CMD: uname -a ---
ESP-ROM:esp32s31-20251218
Build:Dec 18 2025
rst:0x1 (POWERON),boot:0x5f (SPI_FAST_FLASH_BOOT)
SPI mode:DIO, clock div:1
load:0x2e000000,len:0x18
load:0x2f000000,len:0x13f58
entry 0x2f010368
*** Booting NuttX ***
rtc: lma 0x00002020 vma 0x2e000000 len 0x18     (24)
dram: lma 0x00002040 vma 0x2f000000 len 0x13f58  (81752)
padd: lma 0x00015fc8 vma 0x00000000 len 0xa050   (41040)
imap: lma 0x00020020 vma 0x400c0020 len 0x19fbc  (106428)
padd: lma 0x00039fe4 vma 0x00000000 len 0x6114   (24852)
imap: lma 0x00040100 vma 0x40000100 len 0xb6e64  (749156)
total segments stored 6
ABC[CPU0] CPU1 SMP online: ipi0=0 timer1=0
[CPU1] AppFS header: 2d726f6d3166732d
[CPU1] AppFS MTD boundary checks: PASS
[CPU1] AppFS writable LittleFS: offset=0x500000 size=0x700000
[CPU1] Initializing Wi-Fi station
[CPU0] E1 Wi-Fi station netdev ready
[CPU0] set_intr_wrapper: S31 IRQ route: cpu=0 source=122 vector=1 priority=1
[CPU0] set_intr_wrapper: S31 IRQ route: cpu=0 source=120 vector=1 priority=1
[CPU0] enable_intr_wrapper: S31 IRQ enable: mask=00000002 vector=1 irq=137
[CPU0] esp_wifi_sta_start: S31 frame statistics enable: rx=0 tx=0

NuttShell (NSH)
nsh> [K
--- CMD: ps ---
ps
  PID GROUP CPU(AFFINITY)   PRI POLICY   TYPE    NPX STATE    EVENT     SIGMASK            STACK COMMAND
    0     0 000(0x00000003)   0 FIFO     Kthread   - Assigned           0000000000000000 0003024 CPU0 IDLE
    1     0 001(0x00000003)   0 FIFO     Kthread   - Running            0000000000000000 0003024 CPU1 IDLE
    2     0 ---(0x00000003) 100 RR       Kthread   - Waiting  Semaphore 0000000000000000 0001952 lpwork 0x2f010f80 0x2f010fcc
    4     0 ---(0x00000003) 223 RR       Kthread   - Waiting  Semaphore 0000000000000000 0001968 hr_timer
    5     0 ---(0x00000001) 253 RR       Kthread   - Waiting  MQ empty  0000000000000000 0003520 wifi
    6     6 000(0x00000003) 101 RR       Task      - Running            0000000000000000 0004016 /system/bin/init
nsh> [K
nsh> [K
--- CMD: cat /proc/4/status ---
cat /proc/4/status
Name:       hr_timer
Type:       Kthread
Group:      0
CPU:        ---(0x00000003)
State:      Waiting,Semaphore
Flags:      -
Priority:   223
Scheduler:  SCHED_RR
SigMask:    0000000000000000
nsh> [K
nsh> [K
HR_AFFINITY_SAMPLE=0 pid=4 cpu=--- mask=0x3
--- CMD: cat /proc/4/status ---
cat /proc/4/status
Name:       hr_timer
Type:       Kthread
Group:      0
CPU:        ---(0x00000003)
State:      Waiting,Semaphore
Flags:      -
Priority:   223
Scheduler:  SCHED_RR
SigMask:    0000000000000000
nsh> [K
nsh> [K
HR_AFFINITY_SAMPLE=1 pid=4 cpu=--- mask=0x3
--- CMD: cat /proc/4/status ---
cat /proc/4/status
Name:       hr_timer
Type:       Kthread
Group:      0
CPU:        ---(0x00000003)
State:      Waiting,Semaphore
Flags:      -
Priority:   223
Scheduler:  SCHED_RR
SigMask:    0000000000000000
nsh> [K
nsh> [K
HR_AFFINITY_SAMPLE=2 pid=4 cpu=--- mask=0x3
--- CMD: cat /dev/s31stat ---
cat /dev/s31stat
MONIRQ: cpu=0 defer=5 replay=5 ack=635 drop=0 pending=0x0 sreplay=0
MONLAT: scope=monitor_to_wifi_cb units=cycles cpu=0 input=1 last=0 max=0 samples=0 over32=0 over100=0 over1000=0 sum=0 direct=0 directmax=0 deferred=0 deferredmax=0
MONIRQ: cpu=1 defer=3067 replay=3067 ack=3068 drop=0 pending=0x0 sreplay=1
MONLAT: scope=monitor_to_wifi_cb units=cycles cpu=1 input=1 last=0 max=0 samples=0 over32=0 over100=0 over1000=0 sum=0 direct=0 directmax=0 deferred=0 deferredmax=0
ADDRENV: created=1 fail=0 destroyed=0 live=1 livemax=1 pages=0 pgt=0
WAIT: pid=2 object=0x2f010f94
LPTRACE: 0x4002485c
WAIT: pid=4 object=0x2f010fec
nsh> [K
nsh> [K
HR_AFFINITY_READ=PASS observation_only=1 reset=0
