esptool v5.4.0
Serial port /dev/ttyUSB0:
Connecting....
Connected to ESP32-S31 on /dev/ttyUSB0:
Chip type:          ESP32-S31 (revision v0.0)
Features:           Wi-Fi 6, BT 5.4 (LE), IEEE802.15.4, Dual Core + LP Core, 300MHz
Crystal frequency:  40MHz
MAC:                30:ed:a0:f3:f7:b0

Uploading stub flasher...
Running stub flasher...
Stub flasher running.
Changing baud rate to 460800...
Changed.

Configuring flash size...
Reading from 0x00d01000                                  0.1% 4.00kB/3.00MB [0s] 
Reading from 0x00d02000                                  0.3% 8.00kB/3.00MB [0s] 
Reading from 0x00d03000                                  0.4% 12.00kB/3.00MB [0s] 
Reading from 0x00d04000                                  0.5% 16.00kB/3.00MB [0s] 
Reading from 0x00d05000                                  0.7% 20.00kB/3.00MB [0s] 
Reading from 0x00d06000                                  0.8% 24.00kB/3.00MB [0s] 
Reading from 0x00d07000                                  0.9% 28.00kB/3.00MB [0s] 
Reading from 0x00d08000                                  1.0% 32.00kB/3.00MB [0s] 
Reading from 0x00d09000                                  1.2% 36.00kB/3.00MB [0s] 
Reading from 0x00d0a000                                  1.3% 40.00kB/3.00MB [1s] 
Reading from 0x00d0b000                                  1.4% 44.00kB/3.00MB [1s] 
Reading from 0x00d0c000                                  1.6% 48.00kB/3.00MB [1s] 
Reading from 0x00d0d000 ╸                                1.7% 52.00kB/3.00MB [1s] 
Reading from 0x00d0e000 ╸                                1.8% 56.00kB/3.00MB [1s] 
Reading from 0x00d0f000 ╸                                2.0% 60.00kB/3.00MB [1s] 
Reading from 0x00d10000 ╸                                2.1% 64.00kB/3.00MB [1s] 
Reading from 0x00d11000 ╸                                2.2% 68.00kB/3.00MB [1s] 
Reading from 0x00d12000 ╸                                2.3% 72.00kB/3.00MB [1s] 
Reading from 0x00d13000 ╸                                2.5% 76.00kB/3.00MB [2s] 
Reading from 0x00d14000 ╸                                2.6% 80.00kB/3.00MB [2s] 
Reading from 0x00d15000 ╸                                2.7% 84.00kB/3.00MB [2s] 
Reading from 0x00d16000 ╸                                2.9% 88.00kB/3.00MB [2s] 
Reading from 0x00d17000 ╸                                3.0% 92.00kB/3.00MB [2s] 
Reading from 0x00d18000 ╸                                3.1% 96.00kB/3.00MB [2s] 
Reading from 0x00d19000 ╸                                3.3% 100.00kB/3.00MB [2s] 
Reading from 0x00d1a000 ━                                3.4% 104.00kB/3.00MB [2s] 
Reading from 0x00d1b000 ━                                3.5% 108.00kB/3.00MB [2s] 
Reading from 0x00d1c000 ━                                3.6% 112.00kB/3.00MB [2s] 
Reading from 0x00d1d000 ━                                3.8% 116.00kB/3.00MB [3s] 
Reading from 0x00d1e000 ━                                3.9% 120.00kB/3.00MB [3s] 
Reading from 0x00d1f000 ━                                4.0% 124.00kB/3.00MB [3s] 
Reading from 0x00d20000 ━                                4.2% 128.00kB/3.00MB [3s] 
Reading from 0x00d21000 ━                                4.3% 132.00kB/3.00MB [3s] 
Reading from 0x00d22000 ━                                4.4% 136.00kB/3.00MB [3s] 
Reading from 0x00d23000 ━                                4.6% 140.00kB/3.00MB [3s] 
Reading from 0x00d24000 ━                                4.7% 144.00kB/3.00MB [3s] 
Reading from 0x00d25000 ━                                4.8% 148.00kB/3.00MB [3s] 
Reading from 0x00d26000 ━                                4.9% 152.00kB/3.00MB [4s] 
Reading from 0x00d27000 ━╸                               5.1% 156.00kB/3.00MB [4s] 
Reading from 0x00d28000 ━╸                               5.2% 160.00kB/3.00MB [4s] 
Reading from 0x00d29000 ━╸                               5.3% 164.00kB/3.00MB [4s] 
Reading from 0x00d2a000 ━╸                               5.5% 168.00kB/3.00MB [4s] 
Reading from 0x00d2b000 ━╸                               5.6% 172.00kB/3.00MB [4s] 
Reading from 0x00d2c000 ━╸                               5.7% 176.00kB/3.00MB [4s] 
Reading from 0x00d2d000 ━╸                               5.9% 180.00kB/3.00MB [4s] 
Reading from 0x00d2e000 ━╸                               6.0% 184.00kB/3.00MB [4s] 
Reading from 0x00d2f000 ━╸                               6.1% 188.00kB/3.00MB [5s] 
Reading from 0x00d30000 ━╸                               6.2% 192.00kB/3.00MB [5s] 
Reading from 0x00d31000 ━╸                               6.4% 196.00kB/3.00MB [5s] 
Reading from 0x00d32000 ━╸                               6.5% 200.00kB/3.00MB [5s] 
Reading from 0x00d33000 ━╸                               6.6% 204.00kB/3.00MB [5s] 
Reading from 0x00d34000 ━━                               6.8% 208.00kB/3.00MB [5s] 
Reading from 0x00d35000 ━━                               6.9% 212.00kB/3.00MB [5s] 
Reading from 0x00d36000 ━━                               7.0% 216.00kB/3.00MB [5s] 
Reading from 0x00d37000 ━━                               7.2% 220.00kB/3.00MB [5s] 
Reading from 0x00d38000 ━━                               7.3% 224.00kB/3.00MB [5s] 
Reading from 0x00d39000 ━━                               7.4% 228.00kB/3.00MB [6s] 
Reading from 0x00d3a000 ━━                               7.6% 232.00kB/3.00MB [6s] 
Reading from 0x00d3b000 ━━                               7.7% 236.00kB/3.00MB [6s] 
Reading from 0x00d3c000 ━━                               7.8% 240.00kB/3.00MB [6s] 
Reading from 0x00d3d000 ━━                               7.9% 244.00kB/3.00MB [6s] 
Reading from 0x00d3e000 ━━                               8.1% 248.00kB/3.00MB [6s] 
Reading from 0x00d3f000 ━━                               8.2% 252.00kB/3.00MB [6s] 
Reading from 0x00d40000 ━━╸                              8.3% 256.00kB/3.00MB [6s] 
Reading from 0x00d41000 ━━╸                              8.5% 260.00kB/3.00MB [6s] 
Reading from 0x00d42000 ━━╸                              8.6% 264.00kB/3.00MB [7s] 
Reading from 0x00d43000 ━━╸                              8.7% 268.00kB/3.00MB [7s] 
Reading from 0x00d44000 ━━╸                              8.9% 272.00kB/3.00MB [7s] 
Reading from 0x00d45000 ━━╸                              9.0% 276.00kB/3.00MB [7s] 
Reading from 0x00d46000 ━━╸                              9.1% 280.00kB/3.00MB [7s] 
Reading from 0x00d47000 ━━╸                              9.2% 284.00kB/3.00MB [7s] 
Reading from 0x00d48000 ━━╸                              9.4% 288.00kB/3.00MB [7s] 
Reading from 0x00d49000 ━━╸                              9.5% 292.00kB/3.00MB [7s] 
Reading from 0x00d4a000 ━━╸                              9.6% 296.00kB/3.00MB [7s] 
Reading from 0x00d4b000 ━━╸                              9.8% 300.00kB/3.00MB [8s] 
Reading from 0x00d4c000 ━━╸                              9.9% 304.00kB/3.00MB [8s] 
Reading from 0x00d4d000 ━━━                             10.0% 308.00kB/3.00MB [8s] 
Reading from 0x00d4e000 ━━━                             10.2% 312.00kB/3.00MB [8s] 
Reading from 0x00d4f000 ━━━                             10.3% 316.00kB/3.00MB [8s] 
Reading from 0x00d50000 ━━━                             10.4% 320.00kB/3.00MB [8s] 
Reading from 0x00d51000 ━━━                             10.5% 324.00kB/3.00MB [8s] 
Reading from 0x00d52000 ━━━                             10.7% 328.00kB/3.00MB [8s] 
Reading from 0x00d53000 ━━━                             10.8% 332.00kB/3.00MB [8s] 
Reading from 0x00d54000 ━━━                             10.9% 336.00kB/3.00MB [8s] 
Reading from 0x00d55000 ━━━                             11.1% 340.00kB/3.00MB [9s] 
Reading from 0x00d56000 ━━━                             11.2% 344.00kB/3.00MB [9s] 
Reading from 0x00d57000 ━━━                             11.3% 348.00kB/3.00MB [9s] 
Reading from 0x00d58000 ━━━                             11.5% 352.00kB/3.00MB [9s] 
Reading from 0x00d59000 ━━━                             11.6% 356.00kB/3.00MB [9s] 
Reading from 0x00d5a000 ━━━╸                            11.7% 360.00kB/3.00MB [9s] 
Reading from 0x00d5b000 ━━━╸                            11.8% 364.00kB/3.00MB [9s] 
Reading from 0x00d5c000 ━━━╸                            12.0% 368.00kB/3.00MB [9s] 
Reading from 0x00d5d000 ━━━╸                            12.1% 372.00kB/3.00MB [9s] 
Reading from 0x00d5e000 ━━━╸                            12.2% 376.00kB/3.00MB [10s] 
Reading from 0x00d5f000 ━━━╸                            12.4% 380.00kB/3.00MB [10s] 
Reading from 0x00d60000 ━━━╸                            12.5% 384.00kB/3.00MB [10s] 
Reading from 0x00d61000 ━━━╸                            12.6% 388.00kB/3.00MB [10s] 
Reading from 0x00d62000 ━━━╸                            12.8% 392.00kB/3.00MB [10s] 
Reading from 0x00d63000 ━━━╸                            12.9% 396.00kB/3.00MB [10s] 
Reading from 0x00d64000 ━━━╸                            13.0% 400.00kB/3.00MB [10s] 
Reading from 0x00d65000 ━━━╸                            13.2% 404.00kB/3.00MB [10s] 
Reading from 0x00d66000 ━━━╸                            13.3% 408.00kB/3.00MB [10s] 
Reading from 0x00d67000 ━━━━                            13.4% 412.00kB/3.00MB [10s] 
Reading from 0x00d68000 ━━━━                            13.5% 416.00kB/3.00MB [11s] 
Reading from 0x00d69000 ━━━━                            13.7% 420.00kB/3.00MB [11s] 
Reading from 0x00d6a000 ━━━━                            13.8% 424.00kB/3.00MB [11s] 
Reading from 0x00d6b000 ━━━━                            13.9% 428.00kB/3.00MB [11s] 
Reading from 0x00d6c000 ━━━━                            14.1% 432.00kB/3.00MB [11s] 
Reading from 0x00d6d000 ━━━━                            14.2% 436.00kB/3.00MB [11s] 
Reading from 0x00d6e000 ━━━━                            14.3% 440.00kB/3.00MB [11s] 
Reading from 0x00d6f000 ━━━━                            14.5% 444.00kB/3.00MB [11s] 
Reading from 0x00d70000 ━━━━                            14.6% 448.00kB/3.00MB [11s] 
Reading from 0x00d71000 ━━━━                            14.7% 452.00kB/3.00MB [12s] 
Reading from 0x00d72000 ━━━━                            14.8% 456.00kB/3.00MB [12s] 
Reading from 0x00d73000 ━━━━                            15.0% 460.00kB/3.00MB [12s] 
Reading from 0x00d74000 ━━━━╸                           15.1% 464.00kB/3.00MB [12s] 
Reading from 0x00d75000 ━━━━╸                           15.2% 468.00kB/3.00MB [12s] 
Reading from 0x00d76000 ━━━━╸                           15.4% 472.00kB/3.00MB [12s] 
Reading from 0x00d77000 ━━━━╸                           15.5% 476.00kB/3.00MB [12s] 
Reading from 0x00d78000 ━━━━╸                           15.6% 480.00kB/3.00MB [12s] 
Reading from 0x00d79000 ━━━━╸                           15.8% 484.00kB/3.00MB [12s] 
Reading from 0x00d7a000 ━━━━╸                           15.9% 488.00kB/3.00MB [12s] 
Reading from 0x00d7b000 ━━━━╸                           16.0% 492.00kB/3.00MB [13s] 
Reading from 0x00d7c000 ━━━━╸                           16.1% 496.00kB/3.00MB [13s] 
Reading from 0x00d7d000 ━━━━╸                           16.3% 500.00kB/3.00MB [13s] 
Reading from 0x00d7e000 ━━━━╸                           16.4% 504.00kB/3.00MB [13s] 
Reading from 0x00d7f000 ━━━━╸                           16.5% 508.00kB/3.00MB [13s] 
Reading from 0x00d80000 ━━━━━                           16.7% 512.00kB/3.00MB [13s] 
Reading from 0x00d81000 ━━━━━                           16.8% 516.00kB/3.00MB [13s] 
Reading from 0x00d82000 ━━━━━                           16.9% 520.00kB/3.00MB [13s] 
Reading from 0x00d83000 ━━━━━                           17.1% 524.00kB/3.00MB [13s] 
Reading from 0x00d84000 ━━━━━                           17.2% 528.00kB/3.00MB [14s] 
Reading from 0x00d85000 ━━━━━                           17.3% 532.00kB/3.00MB [14s] 
Reading from 0x00d86000 ━━━━━                           17.4% 536.00kB/3.00MB [14s] 
Reading from 0x00d87000 ━━━━━                           17.6% 540.00kB/3.00MB [14s] 
Reading from 0x00d88000 ━━━━━                           17.7% 544.00kB/3.00MB [14s] 
Reading from 0x00d89000 ━━━━━                           17.8% 548.00kB/3.00MB [14s] 
Reading from 0x00d8a000 ━━━━━                           18.0% 552.00kB/3.00MB [14s] 
Reading from 0x00d8b000 ━━━━━                           18.1% 556.00kB/3.00MB [14s] 
Reading from 0x00d8c000 ━━━━━                           18.2% 560.00kB/3.00MB [14s] 
Reading from 0x00d8d000 ━━━━━╸                          18.4% 564.00kB/3.00MB [14s] 
Reading from 0x00d8e000 ━━━━━╸                          18.5% 568.00kB/3.00MB [15s] 
Reading from 0x00d8f000 ━━━━━╸                          18.6% 572.00kB/3.00MB [15s] 
Reading from 0x00d90000 ━━━━━╸                          18.8% 576.00kB/3.00MB [15s] 
Reading from 0x00d91000 ━━━━━╸                          18.9% 580.00kB/3.00MB [15s] 
Reading from 0x00d92000 ━━━━━╸                          19.0% 584.00kB/3.00MB [15s] 
Reading from 0x00d93000 ━━━━━╸                          19.1% 588.00kB/3.00MB [15s] 
Reading from 0x00d94000 ━━━━━╸                          19.3% 592.00kB/3.00MB [15s] 
Reading from 0x00d95000 ━━━━━╸                          19.4% 596.00kB/3.00MB [15s] 
Reading from 0x00d96000 ━━━━━╸                          19.5% 600.00kB/3.00MB [15s] 
Reading from 0x00d97000 ━━━━━╸                          19.7% 604.00kB/3.00MB [16s] 
Reading from 0x00d98000 ━━━━━╸                          19.8% 608.00kB/3.00MB [16s] 
Reading from 0x00d99000 ━━━━━╸                          19.9% 612.00kB/3.00MB [16s] 
Reading from 0x00d9a000 ━━━━━━                          20.1% 616.00kB/3.00MB [16s] 
Reading from 0x00d9b000 ━━━━━━                          20.2% 620.00kB/3.00MB [16s] 
Reading from 0x00d9c000 ━━━━━━                          20.3% 624.00kB/3.00MB [16s] 
Reading from 0x00d9d000 ━━━━━━                          20.4% 628.00kB/3.00MB [16s] 
Reading from 0x00d9e000 ━━━━━━                          20.6% 632.00kB/3.00MB [16s] 
Reading from 0x00d9f000 ━━━━━━                          20.7% 636.00kB/3.00MB [16s] 
Reading from 0x00da0000 ━━━━━━                          20.8% 640.00kB/3.00MB [16s] 
Reading from 0x00da1000 ━━━━━━                          21.0% 644.00kB/3.00MB [17s] 
Reading from 0x00da2000 ━━━━━━                          21.1% 648.00kB/3.00MB [17s] 
Reading from 0x00da3000 ━━━━━━                          21.2% 652.00kB/3.00MB [17s] 
Reading from 0x00da4000 ━━━━━━                          21.4% 656.00kB/3.00MB [17s] 
Reading from 0x00da5000 ━━━━━━                          21.5% 660.00kB/3.00MB [17s] 
Reading from 0x00da6000 ━━━━━━                          21.6% 664.00kB/3.00MB [17s] 
Reading from 0x00da7000 ━━━━━━╸                         21.7% 668.00kB/3.00MB [17s] 
Reading from 0x00da8000 ━━━━━━╸                         21.9% 672.00kB/3.00MB [17s] 
Reading from 0x00da9000 ━━━━━━╸                         22.0% 676.00kB/3.00MB [17s] 
Reading from 0x00daa000 ━━━━━━╸                         22.1% 680.00kB/3.00MB [18s] 
Reading from 0x00dab000 ━━━━━━╸                         22.3% 684.00kB/3.00MB [18s] 
Reading from 0x00dac000 ━━━━━━╸                         22.4% 688.00kB/3.00MB [18s] 
Reading from 0x00dad000 ━━━━━━╸                         22.5% 692.00kB/3.00MB [18s] 
Reading from 0x00dae000 ━━━━━━╸                         22.7% 696.00kB/3.00MB [18s] 
Reading from 0x00daf000 ━━━━━━╸                         22.8% 700.00kB/3.00MB [18s] 
Reading from 0x00db0000 ━━━━━━╸                         22.9% 704.00kB/3.00MB [18s] 
Reading from 0x00db1000 ━━━━━━╸                         23.0% 708.00kB/3.00MB [18s] 
Reading from 0x00db2000 ━━━━━━╸                         23.2% 712.00kB/3.00MB [18s] 
Reading from 0x00db3000 ━━━━━━╸                         23.3% 716.00kB/3.00MB [18s] 
Reading from 0x00db4000 ━━━━━━━                         23.4% 720.00kB/3.00MB [19s] 
Reading from 0x00db5000 ━━━━━━━                         23.6% 724.00kB/3.00MB [19s] 
Reading from 0x00db6000 ━━━━━━━                         23.7% 728.00kB/3.00MB [19s] 
Reading from 0x00db7000 ━━━━━━━                         23.8% 732.00kB/3.00MB [19s] 
Reading from 0x00db8000 ━━━━━━━                         24.0% 736.00kB/3.00MB [19s] 
Reading from 0x00db9000 ━━━━━━━                         24.1% 740.00kB/3.00MB [19s] 
Reading from 0x00dba000 ━━━━━━━                         24.2% 744.00kB/3.00MB [19s] 
Reading from 0x00dbb000 ━━━━━━━                         24.3% 748.00kB/3.00MB [19s] 
Reading from 0x00dbc000 ━━━━━━━                         24.5% 752.00kB/3.00MB [19s] 
Reading from 0x00dbd000 ━━━━━━━                         24.6% 756.00kB/3.00MB [20s] 
Reading from 0x00dbe000 ━━━━━━━                         24.7% 760.00kB/3.00MB [20s] 
Reading from 0x00dbf000 ━━━━━━━                         24.9% 764.00kB/3.00MB [20s] 
Reading from 0x00dc0000 ━━━━━━━╸                        25.0% 768.00kB/3.00MB [20s] 
Reading from 0x00dc1000 ━━━━━━━╸                        25.1% 772.00kB/3.00MB [20s] 
Reading from 0x00dc2000 ━━━━━━━╸                        25.3% 776.00kB/3.00MB [20s] 
Reading from 0x00dc3000 ━━━━━━━╸                        25.4% 780.00kB/3.00MB [20s] 
Reading from 0x00dc4000 ━━━━━━━╸                        25.5% 784.00kB/3.00MB [20s] 
Reading from 0x00dc5000 ━━━━━━━╸                        25.7% 788.00kB/3.00MB [20s] 
Reading from 0x00dc6000 ━━━━━━━╸                        25.8% 792.00kB/3.00MB [21s] 
Reading from 0x00dc7000 ━━━━━━━╸                        25.9% 796.00kB/3.00MB [21s] 
Reading from 0x00dc8000 ━━━━━━━╸                        26.0% 800.00kB/3.00MB [21s] 
Reading from 0x00dc9000 ━━━━━━━╸                        26.2% 804.00kB/3.00MB [21s] 
Reading from 0x00dca000 ━━━━━━━╸                        26.3% 808.00kB/3.00MB [21s] 
Reading from 0x00dcb000 ━━━━━━━╸                        26.4% 812.00kB/3.00MB [21s] 
Reading from 0x00dcc000 ━━━━━━━╸                        26.6% 816.00kB/3.00MB [21s] 
Reading from 0x00dcd000 ━━━━━━━━                        26.7% 820.00kB/3.00MB [21s] 
Reading from 0x00dce000 ━━━━━━━━                        26.8% 824.00kB/3.00MB [21s] 
Reading from 0x00dcf000 ━━━━━━━━                        27.0% 828.00kB/3.00MB [21s] 
Reading from 0x00dd0000 ━━━━━━━━                        27.1% 832.00kB/3.00MB [22s] 
Reading from 0x00dd1000 ━━━━━━━━                        27.2% 836.00kB/3.00MB [22s] 
Reading from 0x00dd2000 ━━━━━━━━                        27.3% 840.00kB/3.00MB [22s] 
Reading from 0x00dd3000 ━━━━━━━━                        27.5% 844.00kB/3.00MB [22s] 
Reading from 0x00dd4000 ━━━━━━━━                        27.6% 848.00kB/3.00MB [22s] 
Reading from 0x00dd5000 ━━━━━━━━                        27.7% 852.00kB/3.00MB [22s] 
Reading from 0x00dd6000 ━━━━━━━━                        27.9% 856.00kB/3.00MB [22s] 
Reading from 0x00dd7000 ━━━━━━━━                        28.0% 860.00kB/3.00MB [22s] 
Reading from 0x00dd8000 ━━━━━━━━                        28.1% 864.00kB/3.00MB [22s] 
Reading from 0x00dd9000 ━━━━━━━━                        28.3% 868.00kB/3.00MB [23s] 
Reading from 0x00dda000 ━━━━━━━━╸                       28.4% 872.00kB/3.00MB [23s] 
Reading from 0x00ddb000 ━━━━━━━━╸                       28.5% 876.00kB/3.00MB [23s] 
Reading from 0x00ddc000 ━━━━━━━━╸                       28.6% 880.00kB/3.00MB [23s] 
Reading from 0x00ddd000 ━━━━━━━━╸                       28.8% 884.00kB/3.00MB [23s] 
Reading from 0x00dde000 ━━━━━━━━╸                       28.9% 888.00kB/3.00MB [23s] 
Reading from 0x00ddf000 ━━━━━━━━╸                       29.0% 892.00kB/3.00MB [23s] 
Reading from 0x00de0000 ━━━━━━━━╸                       29.2% 896.00kB/3.00MB [23s] 
Reading from 0x00de1000 ━━━━━━━━╸                       29.3% 900.00kB/3.00MB [23s] 
Reading from 0x00de2000 ━━━━━━━━╸                       29.4% 904.00kB/3.00MB [24s] 
Reading from 0x00de3000 ━━━━━━━━╸                       29.6% 908.00kB/3.00MB [24s] 
Reading from 0x00de4000 ━━━━━━━━╸                       29.7% 912.00kB/3.00MB [24s] 
Reading from 0x00de5000 ━━━━━━━━╸                       29.8% 916.00kB/3.00MB [24s] 
Reading from 0x00de6000 ━━━━━━━━╸                       29.9% 920.00kB/3.00MB [24s] 
Reading from 0x00de7000 ━━━━━━━━━                       30.1% 924.00kB/3.00MB [24s] 
Reading from 0x00de8000 ━━━━━━━━━                       30.2% 928.00kB/3.00MB [24s] 
Reading from 0x00de9000 ━━━━━━━━━                       30.3% 932.00kB/3.00MB [24s] 
Reading from 0x00dea000 ━━━━━━━━━                       30.5% 936.00kB/3.00MB [24s] 
Reading from 0x00deb000 ━━━━━━━━━                       30.6% 940.00kB/3.00MB [25s] 
Reading from 0x00dec000 ━━━━━━━━━                       30.7% 944.00kB/3.00MB [25s] 
Reading from 0x00ded000 ━━━━━━━━━                       30.9% 948.00kB/3.00MB [25s] 
Reading from 0x00dee000 ━━━━━━━━━                       31.0% 952.00kB/3.00MB [25s] 
Reading from 0x00def000 ━━━━━━━━━                       31.1% 956.00kB/3.00MB [25s] 
Reading from 0x00df0000 ━━━━━━━━━                       31.2% 960.00kB/3.00MB [25s] 
Reading from 0x00df1000 ━━━━━━━━━                       31.4% 964.00kB/3.00MB [25s] 
Reading from 0x00df2000 ━━━━━━━━━                       31.5% 968.00kB/3.00MB [25s] 
Reading from 0x00df3000 ━━━━━━━━━                       31.6% 972.00kB/3.00MB [25s] 
Reading from 0x00df4000 ━━━━━━━━━╸                      31.8% 976.00kB/3.00MB [25s] 
Reading from 0x00df5000 ━━━━━━━━━╸                      31.9% 980.00kB/3.00MB [26s] 
Reading from 0x00df6000 ━━━━━━━━━╸                      32.0% 984.00kB/3.00MB [26s] 
Reading from 0x00df7000 ━━━━━━━━━╸                      32.2% 988.00kB/3.00MB [26s] 
Reading from 0x00df8000 ━━━━━━━━━╸                      32.3% 992.00kB/3.00MB [26s] 
Reading from 0x00df9000 ━━━━━━━━━╸                      32.4% 996.00kB/3.00MB [26s] 
Reading from 0x00dfa000 ━━━━━━━━━╸                      32.6% 1000.00kB/3.00MB [26s] 
Reading from 0x00dfb000 ━━━━━━━━━╸                      32.7% 1004.00kB/3.00MB [26s] 
Reading from 0x00dfc000 ━━━━━━━━━╸                      32.8% 1008.00kB/3.00MB [26s] 
Reading from 0x00dfd000 ━━━━━━━━━╸                      32.9% 1012.00kB/3.00MB [26s] 
Reading from 0x00dfe000 ━━━━━━━━━╸                      33.1% 1016.00kB/3.00MB [27s] 
Reading from 0x00dff000 ━━━━━━━━━╸                      33.2% 1020.00kB/3.00MB [27s] 
Reading from 0x00e00000 ━━━━━━━━━━                      33.3% 1.00MB/3.00MB [27s] 
Reading from 0x00e01000 ━━━━━━━━━━                      33.5% 1.00MB/3.00MB [27s] 
Reading from 0x00e02000 ━━━━━━━━━━                      33.6% 1.01MB/3.00MB [27s] 
Reading from 0x00e03000 ━━━━━━━━━━                      33.7% 1.01MB/3.00MB [27s] 
Reading from 0x00e04000 ━━━━━━━━━━                      33.9% 1.02MB/3.00MB [27s] 
Reading from 0x00e05000 ━━━━━━━━━━                      34.0% 1.02MB/3.00MB [27s] 
Reading from 0x00e06000 ━━━━━━━━━━                      34.1% 1.02MB/3.00MB [27s] 
Reading from 0x00e07000 ━━━━━━━━━━                      34.2% 1.03MB/3.00MB [27s] 
Reading from 0x00e08000 ━━━━━━━━━━                      34.4% 1.03MB/3.00MB [28s] 
Reading from 0x00e09000 ━━━━━━━━━━                      34.5% 1.04MB/3.00MB [28s] 
Reading from 0x00e0a000 ━━━━━━━━━━                      34.6% 1.04MB/3.00MB [28s] 
Reading from 0x00e0b000 ━━━━━━━━━━                      34.8% 1.04MB/3.00MB [28s] 
Reading from 0x00e0c000 ━━━━━━━━━━                      34.9% 1.05MB/3.00MB [28s] 
Reading from 0x00e0d000 ━━━━━━━━━━╸                     35.0% 1.05MB/3.00MB [28s] 
Reading from 0x00e0e000 ━━━━━━━━━━╸                     35.2% 1.05MB/3.00MB [28s] 
Reading from 0x00e0f000 ━━━━━━━━━━╸                     35.3% 1.06MB/3.00MB [28s] 
Reading from 0x00e10000 ━━━━━━━━━━╸                     35.4% 1.06MB/3.00MB [28s] 
Reading from 0x00e11000 ━━━━━━━━━━╸                     35.5% 1.07MB/3.00MB [29s] 
Reading from 0x00e12000 ━━━━━━━━━━╸                     35.7% 1.07MB/3.00MB [29s] 
Reading from 0x00e13000 ━━━━━━━━━━╸                     35.8% 1.07MB/3.00MB [29s] 
Reading from 0x00e14000 ━━━━━━━━━━╸                     35.9% 1.08MB/3.00MB [29s] 
Reading from 0x00e15000 ━━━━━━━━━━╸                     36.1% 1.08MB/3.00MB [29s] 
Reading from 0x00e16000 ━━━━━━━━━━╸                     36.2% 1.09MB/3.00MB [29s] 
Reading from 0x00e17000 ━━━━━━━━━━╸                     36.3% 1.09MB/3.00MB [29s] 
Reading from 0x00e18000 ━━━━━━━━━━╸                     36.5% 1.09MB/3.00MB [29s] 
Reading from 0x00e19000 ━━━━━━━━━━╸                     36.6% 1.10MB/3.00MB [29s] 
Reading from 0x00e1a000 ━━━━━━━━━━━                     36.7% 1.10MB/3.00MB [29s] 
Reading from 0x00e1b000 ━━━━━━━━━━━                     36.8% 1.11MB/3.00MB [30s] 
Reading from 0x00e1c000 ━━━━━━━━━━━                     37.0% 1.11MB/3.00MB [30s] 
Reading from 0x00e1d000 ━━━━━━━━━━━                     37.1% 1.11MB/3.00MB [30s] 
Reading from 0x00e1e000 ━━━━━━━━━━━                     37.2% 1.12MB/3.00MB [30s] 
Reading from 0x00e1f000 ━━━━━━━━━━━                     37.4% 1.12MB/3.00MB [30s] 
Reading from 0x00e20000 ━━━━━━━━━━━                     37.5% 1.12MB/3.00MB [30s] 
Reading from 0x00e21000 ━━━━━━━━━━━                     37.6% 1.13MB/3.00MB [30s] 
Reading from 0x00e22000 ━━━━━━━━━━━                     37.8% 1.13MB/3.00MB [30s] 
Reading from 0x00e23000 ━━━━━━━━━━━                     37.9% 1.14MB/3.00MB [30s] 
Reading from 0x00e24000 ━━━━━━━━━━━                     38.0% 1.14MB/3.00MB [31s] 
Reading from 0x00e25000 ━━━━━━━━━━━                     38.2% 1.14MB/3.00MB [31s] 
Reading from 0x00e26000 ━━━━━━━━━━━                     38.3% 1.15MB/3.00MB [31s] 
Reading from 0x00e27000 ━━━━━━━━━━━╸                    38.4% 1.15MB/3.00MB [31s] 
Reading from 0x00e28000 ━━━━━━━━━━━╸                    38.5% 1.16MB/3.00MB [31s] 
Reading from 0x00e29000 ━━━━━━━━━━━╸                    38.7% 1.16MB/3.00MB [31s] 
Reading from 0x00e2a000 ━━━━━━━━━━━╸                    38.8% 1.16MB/3.00MB [31s] 
Reading from 0x00e2b000 ━━━━━━━━━━━╸                    38.9% 1.17MB/3.00MB [31s] 
Reading from 0x00e2c000 ━━━━━━━━━━━╸                    39.1% 1.17MB/3.00MB [31s] 
Reading from 0x00e2d000 ━━━━━━━━━━━╸                    39.2% 1.18MB/3.00MB [32s] 
Reading from 0x00e2e000 ━━━━━━━━━━━╸                    39.3% 1.18MB/3.00MB [32s] 
Reading from 0x00e2f000 ━━━━━━━━━━━╸                    39.5% 1.18MB/3.00MB [32s] 
Reading from 0x00e30000 ━━━━━━━━━━━╸                    39.6% 1.19MB/3.00MB [32s] 
Reading from 0x00e31000 ━━━━━━━━━━━╸                    39.7% 1.19MB/3.00MB [32s] 
Reading from 0x00e32000 ━━━━━━━━━━━╸                    39.8% 1.20MB/3.00MB [32s] 
Reading from 0x00e33000 ━━━━━━━━━━━╸                    40.0% 1.20MB/3.00MB [32s] 
Reading from 0x00e34000 ━━━━━━━━━━━━                    40.1% 1.20MB/3.00MB [32s] 
Reading from 0x00e35000 ━━━━━━━━━━━━                    40.2% 1.21MB/3.00MB [32s] 
Reading from 0x00e36000 ━━━━━━━━━━━━                    40.4% 1.21MB/3.00MB [32s] 
Reading from 0x00e37000 ━━━━━━━━━━━━                    40.5% 1.21MB/3.00MB [33s] 
Reading from 0x00e38000 ━━━━━━━━━━━━                    40.6% 1.22MB/3.00MB [33s] 
Reading from 0x00e39000 ━━━━━━━━━━━━                    40.8% 1.22MB/3.00MB [33s] 
Reading from 0x00e3a000 ━━━━━━━━━━━━                    40.9% 1.23MB/3.00MB [33s] 
Reading from 0x00e3b000 ━━━━━━━━━━━━                    41.0% 1.23MB/3.00MB [33s] 
Reading from 0x00e3c000 ━━━━━━━━━━━━                    41.1% 1.23MB/3.00MB [33s] 
Reading from 0x00e3d000 ━━━━━━━━━━━━                    41.3% 1.24MB/3.00MB [33s] 
Reading from 0x00e3e000 ━━━━━━━━━━━━                    41.4% 1.24MB/3.00MB [33s] 
Reading from 0x00e3f000 ━━━━━━━━━━━━                    41.5% 1.25MB/3.00MB [33s] 
Reading from 0x00e40000 ━━━━━━━━━━━━╸                   41.7% 1.25MB/3.00MB [34s] 
Reading from 0x00e41000 ━━━━━━━━━━━━╸                   41.8% 1.25MB/3.00MB [34s] 
Reading from 0x00e42000 ━━━━━━━━━━━━╸                   41.9% 1.26MB/3.00MB [34s] 
Reading from 0x00e43000 ━━━━━━━━━━━━╸                   42.1% 1.26MB/3.00MB [34s] 
Reading from 0x00e44000 ━━━━━━━━━━━━╸                   42.2% 1.27MB/3.00MB [34s] 
Reading from 0x00e45000 ━━━━━━━━━━━━╸                   42.3% 1.27MB/3.00MB [34s] 
Reading from 0x00e46000 ━━━━━━━━━━━━╸                   42.4% 1.27MB/3.00MB [34s] 
Reading from 0x00e47000 ━━━━━━━━━━━━╸                   42.6% 1.28MB/3.00MB [34s] 
Reading from 0x00e48000 ━━━━━━━━━━━━╸                   42.7% 1.28MB/3.00MB [34s] 
Reading from 0x00e49000 ━━━━━━━━━━━━╸                   42.8% 1.29MB/3.00MB [34s] 
Reading from 0x00e4a000 ━━━━━━━━━━━━╸                   43.0% 1.29MB/3.00MB [35s] 
Reading from 0x00e4b000 ━━━━━━━━━━━━╸                   43.1% 1.29MB/3.00MB [35s] 
Reading from 0x00e4c000 ━━━━━━━━━━━━╸                   43.2% 1.30MB/3.00MB [35s] 
Reading from 0x00e4d000 ━━━━━━━━━━━━━                   43.4% 1.30MB/3.00MB [35s] 
Reading from 0x00e4e000 ━━━━━━━━━━━━━                   43.5% 1.30MB/3.00MB [35s] 
Reading from 0x00e4f000 ━━━━━━━━━━━━━                   43.6% 1.31MB/3.00MB [35s] 
Reading from 0x00e50000 ━━━━━━━━━━━━━                   43.8% 1.31MB/3.00MB [35s] 
Reading from 0x00e51000 ━━━━━━━━━━━━━                   43.9% 1.32MB/3.00MB [35s] 
Reading from 0x00e52000 ━━━━━━━━━━━━━                   44.0% 1.32MB/3.00MB [35s] 
Reading from 0x00e53000 ━━━━━━━━━━━━━                   44.1% 1.32MB/3.00MB [36s] 
Reading from 0x00e54000 ━━━━━━━━━━━━━                   44.3% 1.33MB/3.00MB [36s] 
Reading from 0x00e55000 ━━━━━━━━━━━━━                   44.4% 1.33MB/3.00MB [36s] 
Reading from 0x00e56000 ━━━━━━━━━━━━━                   44.5% 1.34MB/3.00MB [36s] 
Reading from 0x00e57000 ━━━━━━━━━━━━━                   44.7% 1.34MB/3.00MB [36s] 
Reading from 0x00e58000 ━━━━━━━━━━━━━                   44.8% 1.34MB/3.00MB [36s] 
Reading from 0x00e59000 ━━━━━━━━━━━━━                   44.9% 1.35MB/3.00MB [36s] 
Reading from 0x00e5a000 ━━━━━━━━━━━━━╸                  45.1% 1.35MB/3.00MB [36s] 
Reading from 0x00e5b000 ━━━━━━━━━━━━━╸                  45.2% 1.36MB/3.00MB [36s] 
Reading from 0x00e5c000 ━━━━━━━━━━━━━╸                  45.3% 1.36MB/3.00MB [36s] 
Reading from 0x00e5d000 ━━━━━━━━━━━━━╸                  45.4% 1.36MB/3.00MB [37s] 
Reading from 0x00e5e000 ━━━━━━━━━━━━━╸                  45.6% 1.37MB/3.00MB [37s] 
Reading from 0x00e5f000 ━━━━━━━━━━━━━╸                  45.7% 1.37MB/3.00MB [37s] 
Reading from 0x00e60000 ━━━━━━━━━━━━━╸                  45.8% 1.38MB/3.00MB [37s] 
Reading from 0x00e61000 ━━━━━━━━━━━━━╸                  46.0% 1.38MB/3.00MB [37s] 
Reading from 0x00e62000 ━━━━━━━━━━━━━╸                  46.1% 1.38MB/3.00MB [37s] 
Reading from 0x00e63000 ━━━━━━━━━━━━━╸                  46.2% 1.39MB/3.00MB [37s] 
Reading from 0x00e64000 ━━━━━━━━━━━━━╸                  46.4% 1.39MB/3.00MB [37s] 
Reading from 0x00e65000 ━━━━━━━━━━━━━╸                  46.5% 1.39MB/3.00MB [37s] 
Reading from 0x00e66000 ━━━━━━━━━━━━━╸                  46.6% 1.40MB/3.00MB [38s] 
Reading from 0x00e67000 ━━━━━━━━━━━━━━                  46.7% 1.40MB/3.00MB [38s] 
Reading from 0x00e68000 ━━━━━━━━━━━━━━                  46.9% 1.41MB/3.00MB [38s] 
Reading from 0x00e69000 ━━━━━━━━━━━━━━                  47.0% 1.41MB/3.00MB [38s] 
Reading from 0x00e6a000 ━━━━━━━━━━━━━━                  47.1% 1.41MB/3.00MB [38s] 
Reading from 0x00e6b000 ━━━━━━━━━━━━━━                  47.3% 1.42MB/3.00MB [38s] 
Reading from 0x00e6c000 ━━━━━━━━━━━━━━                  47.4% 1.42MB/3.00MB [38s] 
Reading from 0x00e6d000 ━━━━━━━━━━━━━━                  47.5% 1.43MB/3.00MB [38s] 
Reading from 0x00e6e000 ━━━━━━━━━━━━━━                  47.7% 1.43MB/3.00MB [38s] 
Reading from 0x00e6f000 ━━━━━━━━━━━━━━                  47.8% 1.43MB/3.00MB [39s] 
Reading from 0x00e70000 ━━━━━━━━━━━━━━                  47.9% 1.44MB/3.00MB [39s] 
Reading from 0x00e71000 ━━━━━━━━━━━━━━                  48.0% 1.44MB/3.00MB [39s] 
Reading from 0x00e72000 ━━━━━━━━━━━━━━                  48.2% 1.45MB/3.00MB [39s] 
Reading from 0x00e73000 ━━━━━━━━━━━━━━                  48.3% 1.45MB/3.00MB [39s] 
Reading from 0x00e74000 ━━━━━━━━━━━━━━╸                 48.4% 1.45MB/3.00MB [39s] 
Reading from 0x00e75000 ━━━━━━━━━━━━━━╸                 48.6% 1.46MB/3.00MB [39s] 
Reading from 0x00e76000 ━━━━━━━━━━━━━━╸                 48.7% 1.46MB/3.00MB [39s] 
Reading from 0x00e77000 ━━━━━━━━━━━━━━╸                 48.8% 1.46MB/3.00MB [39s] 
Reading from 0x00e78000 ━━━━━━━━━━━━━━╸                 49.0% 1.47MB/3.00MB [39s] 
Reading from 0x00e79000 ━━━━━━━━━━━━━━╸                 49.1% 1.47MB/3.00MB [40s] 
Reading from 0x00e7a000 ━━━━━━━━━━━━━━╸                 49.2% 1.48MB/3.00MB [40s] 
Reading from 0x00e7b000 ━━━━━━━━━━━━━━╸                 49.3% 1.48MB/3.00MB [40s] 
Reading from 0x00e7c000 ━━━━━━━━━━━━━━╸                 49.5% 1.48MB/3.00MB [40s] 
Reading from 0x00e7d000 ━━━━━━━━━━━━━━╸                 49.6% 1.49MB/3.00MB [40s] 
Reading from 0x00e7e000 ━━━━━━━━━━━━━━╸                 49.7% 1.49MB/3.00MB [40s] 
Reading from 0x00e7f000 ━━━━━━━━━━━━━━╸                 49.9% 1.50MB/3.00MB [40s] 
Reading from 0x00e80000 ━━━━━━━━━━━━━━━                 50.0% 1.50MB/3.00MB [40s] 
Reading from 0x00e81000 ━━━━━━━━━━━━━━━                 50.1% 1.50MB/3.00MB [40s] 
Reading from 0x00e82000 ━━━━━━━━━━━━━━━                 50.3% 1.51MB/3.00MB [41s] 
Reading from 0x00e83000 ━━━━━━━━━━━━━━━                 50.4% 1.51MB/3.00MB [41s] 
Reading from 0x00e84000 ━━━━━━━━━━━━━━━                 50.5% 1.52MB/3.00MB [41s] 
Reading from 0x00e85000 ━━━━━━━━━━━━━━━                 50.7% 1.52MB/3.00MB [41s] 
Reading from 0x00e86000 ━━━━━━━━━━━━━━━                 50.8% 1.52MB/3.00MB [41s] 
Reading from 0x00e87000 ━━━━━━━━━━━━━━━                 50.9% 1.53MB/3.00MB [41s] 
Reading from 0x00e88000 ━━━━━━━━━━━━━━━                 51.0% 1.53MB/3.00MB [41s] 
Reading from 0x00e89000 ━━━━━━━━━━━━━━━                 51.2% 1.54MB/3.00MB [41s] 
Reading from 0x00e8a000 ━━━━━━━━━━━━━━━                 51.3% 1.54MB/3.00MB [41s] 
Reading from 0x00e8b000 ━━━━━━━━━━━━━━━                 51.4% 1.54MB/3.00MB [41s] 
Reading from 0x00e8c000 ━━━━━━━━━━━━━━━                 51.6% 1.55MB/3.00MB [42s] 
Reading from 0x00e8d000 ━━━━━━━━━━━━━━━╸                51.7% 1.55MB/3.00MB [42s] 
Reading from 0x00e8e000 ━━━━━━━━━━━━━━━╸                51.8% 1.55MB/3.00MB [42s] 
Reading from 0x00e8f000 ━━━━━━━━━━━━━━━╸                52.0% 1.56MB/3.00MB [42s] 
Reading from 0x00e90000 ━━━━━━━━━━━━━━━╸                52.1% 1.56MB/3.00MB [42s] 
Reading from 0x00e91000 ━━━━━━━━━━━━━━━╸                52.2% 1.57MB/3.00MB [42s] 
Reading from 0x00e92000 ━━━━━━━━━━━━━━━╸                52.3% 1.57MB/3.00MB [42s] 
Reading from 0x00e93000 ━━━━━━━━━━━━━━━╸                52.5% 1.57MB/3.00MB [42s] 
Reading from 0x00e94000 ━━━━━━━━━━━━━━━╸                52.6% 1.58MB/3.00MB [42s] 
Reading from 0x00e95000 ━━━━━━━━━━━━━━━╸                52.7% 1.58MB/3.00MB [43s] 
Reading from 0x00e96000 ━━━━━━━━━━━━━━━╸                52.9% 1.59MB/3.00MB [43s] 
Reading from 0x00e97000 ━━━━━━━━━━━━━━━╸                53.0% 1.59MB/3.00MB [43s] 
Reading from 0x00e98000 ━━━━━━━━━━━━━━━╸                53.1% 1.59MB/3.00MB [43s] 
Reading from 0x00e99000 ━━━━━━━━━━━━━━━╸                53.3% 1.60MB/3.00MB [43s] 
Reading from 0x00e9a000 ━━━━━━━━━━━━━━━━                53.4% 1.60MB/3.00MB [43s] 
Reading from 0x00e9b000 ━━━━━━━━━━━━━━━━                53.5% 1.61MB/3.00MB [43s] 
Reading from 0x00e9c000 ━━━━━━━━━━━━━━━━                53.6% 1.61MB/3.00MB [43s] 
Reading from 0x00e9d000 ━━━━━━━━━━━━━━━━                53.8% 1.61MB/3.00MB [43s] 
Reading from 0x00e9e000 ━━━━━━━━━━━━━━━━                53.9% 1.62MB/3.00MB [43s] 
Reading from 0x00e9f000 ━━━━━━━━━━━━━━━━                54.0% 1.62MB/3.00MB [44s] 
Reading from 0x00ea0000 ━━━━━━━━━━━━━━━━                54.2% 1.62MB/3.00MB [44s] 
Reading from 0x00ea1000 ━━━━━━━━━━━━━━━━                54.3% 1.63MB/3.00MB [44s] 
Reading from 0x00ea2000 ━━━━━━━━━━━━━━━━                54.4% 1.63MB/3.00MB [44s] 
Reading from 0x00ea3000 ━━━━━━━━━━━━━━━━                54.6% 1.64MB/3.00MB [44s] 
Reading from 0x00ea4000 ━━━━━━━━━━━━━━━━                54.7% 1.64MB/3.00MB [44s] 
Reading from 0x00ea5000 ━━━━━━━━━━━━━━━━                54.8% 1.64MB/3.00MB [44s] 
Reading from 0x00ea6000 ━━━━━━━━━━━━━━━━                54.9% 1.65MB/3.00MB [44s] 
Reading from 0x00ea7000 ━━━━━━━━━━━━━━━━╸               55.1% 1.65MB/3.00MB [44s] 
Reading from 0x00ea8000 ━━━━━━━━━━━━━━━━╸               55.2% 1.66MB/3.00MB [45s] 
Reading from 0x00ea9000 ━━━━━━━━━━━━━━━━╸               55.3% 1.66MB/3.00MB [45s] 
Reading from 0x00eaa000 ━━━━━━━━━━━━━━━━╸               55.5% 1.66MB/3.00MB [45s] 
Reading from 0x00eab000 ━━━━━━━━━━━━━━━━╸               55.6% 1.67MB/3.00MB [45s] 
Reading from 0x00eac000 ━━━━━━━━━━━━━━━━╸               55.7% 1.67MB/3.00MB [45s] 
Reading from 0x00ead000 ━━━━━━━━━━━━━━━━╸               55.9% 1.68MB/3.00MB [45s] 
Reading from 0x00eae000 ━━━━━━━━━━━━━━━━╸               56.0% 1.68MB/3.00MB [45s] 
Reading from 0x00eaf000 ━━━━━━━━━━━━━━━━╸               56.1% 1.68MB/3.00MB [45s] 
Reading from 0x00eb0000 ━━━━━━━━━━━━━━━━╸               56.2% 1.69MB/3.00MB [45s] 
Reading from 0x00eb1000 ━━━━━━━━━━━━━━━━╸               56.4% 1.69MB/3.00MB [45s] 
Reading from 0x00eb2000 ━━━━━━━━━━━━━━━━╸               56.5% 1.70MB/3.00MB [46s] 
Reading from 0x00eb3000 ━━━━━━━━━━━━━━━━╸               56.6% 1.70MB/3.00MB [46s] 
Reading from 0x00eb4000 ━━━━━━━━━━━━━━━━━               56.8% 1.70MB/3.00MB [46s] 
Reading from 0x00eb5000 ━━━━━━━━━━━━━━━━━               56.9% 1.71MB/3.00MB [46s] 
Reading from 0x00eb6000 ━━━━━━━━━━━━━━━━━               57.0% 1.71MB/3.00MB [46s] 
Reading from 0x00eb7000 ━━━━━━━━━━━━━━━━━               57.2% 1.71MB/3.00MB [46s] 
Reading from 0x00eb8000 ━━━━━━━━━━━━━━━━━               57.3% 1.72MB/3.00MB [46s] 
Reading from 0x00eb9000 ━━━━━━━━━━━━━━━━━               57.4% 1.72MB/3.00MB [46s] 
Reading from 0x00eba000 ━━━━━━━━━━━━━━━━━               57.6% 1.73MB/3.00MB [46s] 
Reading from 0x00ebb000 ━━━━━━━━━━━━━━━━━               57.7% 1.73MB/3.00MB [47s] 
Reading from 0x00ebc000 ━━━━━━━━━━━━━━━━━               57.8% 1.73MB/3.00MB [47s] 
Reading from 0x00ebd000 ━━━━━━━━━━━━━━━━━               57.9% 1.74MB/3.00MB [47s] 
Reading from 0x00ebe000 ━━━━━━━━━━━━━━━━━               58.1% 1.74MB/3.00MB [47s] 
Reading from 0x00ebf000 ━━━━━━━━━━━━━━━━━               58.2% 1.75MB/3.00MB [47s] 
Reading from 0x00ec0000 ━━━━━━━━━━━━━━━━━╸              58.3% 1.75MB/3.00MB [47s] 
Reading from 0x00ec1000 ━━━━━━━━━━━━━━━━━╸              58.5% 1.75MB/3.00MB [47s] 
Reading from 0x00ec2000 ━━━━━━━━━━━━━━━━━╸              58.6% 1.76MB/3.00MB [47s] 
Reading from 0x00ec3000 ━━━━━━━━━━━━━━━━━╸              58.7% 1.76MB/3.00MB [47s] 
Reading from 0x00ec4000 ━━━━━━━━━━━━━━━━━╸              58.9% 1.77MB/3.00MB [47s] 
Reading from 0x00ec5000 ━━━━━━━━━━━━━━━━━╸              59.0% 1.77MB/3.00MB [48s] 
Reading from 0x00ec6000 ━━━━━━━━━━━━━━━━━╸              59.1% 1.77MB/3.00MB [48s] 
Reading from 0x00ec7000 ━━━━━━━━━━━━━━━━━╸              59.2% 1.78MB/3.00MB [48s] 
Reading from 0x00ec8000 ━━━━━━━━━━━━━━━━━╸              59.4% 1.78MB/3.00MB [48s] 
Reading from 0x00ec9000 ━━━━━━━━━━━━━━━━━╸              59.5% 1.79MB/3.00MB [48s] 
Reading from 0x00eca000 ━━━━━━━━━━━━━━━━━╸              59.6% 1.79MB/3.00MB [48s] 
Reading from 0x00ecb000 ━━━━━━━━━━━━━━━━━╸              59.8% 1.79MB/3.00MB [48s] 
Reading from 0x00ecc000 ━━━━━━━━━━━━━━━━━╸              59.9% 1.80MB/3.00MB [48s] 
Reading from 0x00ecd000 ━━━━━━━━━━━━━━━━━━              60.0% 1.80MB/3.00MB [48s] 
Reading from 0x00ece000 ━━━━━━━━━━━━━━━━━━              60.2% 1.80MB/3.00MB [49s] 
Reading from 0x00ecf000 ━━━━━━━━━━━━━━━━━━              60.3% 1.81MB/3.00MB [49s] 
Reading from 0x00ed0000 ━━━━━━━━━━━━━━━━━━              60.4% 1.81MB/3.00MB [49s] 
Reading from 0x00ed1000 ━━━━━━━━━━━━━━━━━━              60.5% 1.82MB/3.00MB [49s] 
Reading from 0x00ed2000 ━━━━━━━━━━━━━━━━━━              60.7% 1.82MB/3.00MB [49s] 
Reading from 0x00ed3000 ━━━━━━━━━━━━━━━━━━              60.8% 1.82MB/3.00MB [49s] 
Reading from 0x00ed4000 ━━━━━━━━━━━━━━━━━━              60.9% 1.83MB/3.00MB [49s] 
Reading from 0x00ed5000 ━━━━━━━━━━━━━━━━━━              61.1% 1.83MB/3.00MB [49s] 
Reading from 0x00ed6000 ━━━━━━━━━━━━━━━━━━              61.2% 1.84MB/3.00MB [49s] 
Reading from 0x00ed7000 ━━━━━━━━━━━━━━━━━━              61.3% 1.84MB/3.00MB [49s] 
Reading from 0x00ed8000 ━━━━━━━━━━━━━━━━━━              61.5% 1.84MB/3.00MB [50s] 
Reading from 0x00ed9000 ━━━━━━━━━━━━━━━━━━              61.6% 1.85MB/3.00MB [50s] 
Reading from 0x00eda000 ━━━━━━━━━━━━━━━━━━╸             61.7% 1.85MB/3.00MB [50s] 
Reading from 0x00edb000 ━━━━━━━━━━━━━━━━━━╸             61.8% 1.86MB/3.00MB [50s] 
Reading from 0x00edc000 ━━━━━━━━━━━━━━━━━━╸             62.0% 1.86MB/3.00MB [50s] 
Reading from 0x00edd000 ━━━━━━━━━━━━━━━━━━╸             62.1% 1.86MB/3.00MB [50s] 
Reading from 0x00ede000 ━━━━━━━━━━━━━━━━━━╸             62.2% 1.87MB/3.00MB [50s] 
Reading from 0x00edf000 ━━━━━━━━━━━━━━━━━━╸             62.4% 1.87MB/3.00MB [50s] 
Reading from 0x00ee0000 ━━━━━━━━━━━━━━━━━━╸             62.5% 1.88MB/3.00MB [50s] 
Reading from 0x00ee1000 ━━━━━━━━━━━━━━━━━━╸             62.6% 1.88MB/3.00MB [51s] 
Reading from 0x00ee2000 ━━━━━━━━━━━━━━━━━━╸             62.8% 1.88MB/3.00MB [51s] 
Reading from 0x00ee3000 ━━━━━━━━━━━━━━━━━━╸             62.9% 1.89MB/3.00MB [51s] 
Reading from 0x00ee4000 ━━━━━━━━━━━━━━━━━━╸             63.0% 1.89MB/3.00MB [51s] 
Reading from 0x00ee5000 ━━━━━━━━━━━━━━━━━━╸             63.2% 1.89MB/3.00MB [51s] 
Reading from 0x00ee6000 ━━━━━━━━━━━━━━━━━━╸             63.3% 1.90MB/3.00MB [51s] 
Reading from 0x00ee7000 ━━━━━━━━━━━━━━━━━━━             63.4% 1.90MB/3.00MB [51s] 
Reading from 0x00ee8000 ━━━━━━━━━━━━━━━━━━━             63.5% 1.91MB/3.00MB [51s] 
Reading from 0x00ee9000 ━━━━━━━━━━━━━━━━━━━             63.7% 1.91MB/3.00MB [51s] 
Reading from 0x00eea000 ━━━━━━━━━━━━━━━━━━━             63.8% 1.91MB/3.00MB [51s] 
Reading from 0x00eeb000 ━━━━━━━━━━━━━━━━━━━             63.9% 1.92MB/3.00MB [52s] 
Reading from 0x00eec000 ━━━━━━━━━━━━━━━━━━━             64.1% 1.92MB/3.00MB [52s] 
Reading from 0x00eed000 ━━━━━━━━━━━━━━━━━━━             64.2% 1.93MB/3.00MB [52s] 
Reading from 0x00eee000 ━━━━━━━━━━━━━━━━━━━             64.3% 1.93MB/3.00MB [52s] 
Reading from 0x00eef000 ━━━━━━━━━━━━━━━━━━━             64.5% 1.93MB/3.00MB [52s] 
Reading from 0x00ef0000 ━━━━━━━━━━━━━━━━━━━             64.6% 1.94MB/3.00MB [52s] 
Reading from 0x00ef1000 ━━━━━━━━━━━━━━━━━━━             64.7% 1.94MB/3.00MB [52s] 
Reading from 0x00ef2000 ━━━━━━━━━━━━━━━━━━━             64.8% 1.95MB/3.00MB [52s] 
Reading from 0x00ef3000 ━━━━━━━━━━━━━━━━━━━             65.0% 1.95MB/3.00MB [52s] 
Reading from 0x00ef4000 ━━━━━━━━━━━━━━━━━━━╸            65.1% 1.95MB/3.00MB [53s] 
Reading from 0x00ef5000 ━━━━━━━━━━━━━━━━━━━╸            65.2% 1.96MB/3.00MB [53s] 
Reading from 0x00ef6000 ━━━━━━━━━━━━━━━━━━━╸            65.4% 1.96MB/3.00MB [53s] 
Reading from 0x00ef7000 ━━━━━━━━━━━━━━━━━━━╸            65.5% 1.96MB/3.00MB [53s] 
Reading from 0x00ef8000 ━━━━━━━━━━━━━━━━━━━╸            65.6% 1.97MB/3.00MB [53s] 
Reading from 0x00ef9000 ━━━━━━━━━━━━━━━━━━━╸            65.8% 1.97MB/3.00MB [53s] 
Reading from 0x00efa000 ━━━━━━━━━━━━━━━━━━━╸            65.9% 1.98MB/3.00MB [53s] 
Reading from 0x00efb000 ━━━━━━━━━━━━━━━━━━━╸            66.0% 1.98MB/3.00MB [53s] 
Reading from 0x00efc000 ━━━━━━━━━━━━━━━━━━━╸            66.1% 1.98MB/3.00MB [53s] 
Reading from 0x00efd000 ━━━━━━━━━━━━━━━━━━━╸            66.3% 1.99MB/3.00MB [53s] 
Reading from 0x00efe000 ━━━━━━━━━━━━━━━━━━━╸            66.4% 1.99MB/3.00MB [54s] 
Reading from 0x00eff000 ━━━━━━━━━━━━━━━━━━━╸            66.5% 2.00MB/3.00MB [54s] 
Reading from 0x00f00000 ━━━━━━━━━━━━━━━━━━━━            66.7% 2.00MB/3.00MB [54s] 
Reading from 0x00f01000 ━━━━━━━━━━━━━━━━━━━━            66.8% 2.00MB/3.00MB [54s] 
Reading from 0x00f02000 ━━━━━━━━━━━━━━━━━━━━            66.9% 2.01MB/3.00MB [54s] 
Reading from 0x00f03000 ━━━━━━━━━━━━━━━━━━━━            67.1% 2.01MB/3.00MB [54s] 
Reading from 0x00f04000 ━━━━━━━━━━━━━━━━━━━━            67.2% 2.02MB/3.00MB [54s] 
Reading from 0x00f05000 ━━━━━━━━━━━━━━━━━━━━            67.3% 2.02MB/3.00MB [54s] 
Reading from 0x00f06000 ━━━━━━━━━━━━━━━━━━━━            67.4% 2.02MB/3.00MB [54s] 
Reading from 0x00f07000 ━━━━━━━━━━━━━━━━━━━━            67.6% 2.03MB/3.00MB [55s] 
Reading from 0x00f08000 ━━━━━━━━━━━━━━━━━━━━            67.7% 2.03MB/3.00MB [55s] 
Reading from 0x00f09000 ━━━━━━━━━━━━━━━━━━━━            67.8% 2.04MB/3.00MB [55s] 
Reading from 0x00f0a000 ━━━━━━━━━━━━━━━━━━━━            68.0% 2.04MB/3.00MB [55s] 
Reading from 0x00f0b000 ━━━━━━━━━━━━━━━━━━━━            68.1% 2.04MB/3.00MB [55s] 
Reading from 0x00f0c000 ━━━━━━━━━━━━━━━━━━━━            68.2% 2.05MB/3.00MB [55s] 
Reading from 0x00f0d000 ━━━━━━━━━━━━━━━━━━━━╸           68.4% 2.05MB/3.00MB [55s] 
Reading from 0x00f0e000 ━━━━━━━━━━━━━━━━━━━━╸           68.5% 2.05MB/3.00MB [55s] 
Reading from 0x00f0f000 ━━━━━━━━━━━━━━━━━━━━╸           68.6% 2.06MB/3.00MB [55s] 
Reading from 0x00f10000 ━━━━━━━━━━━━━━━━━━━━╸           68.8% 2.06MB/3.00MB [55s] 
Reading from 0x00f11000 ━━━━━━━━━━━━━━━━━━━━╸           68.9% 2.07MB/3.00MB [56s] 
Reading from 0x00f12000 ━━━━━━━━━━━━━━━━━━━━╸           69.0% 2.07MB/3.00MB [56s] 
Reading from 0x00f13000 ━━━━━━━━━━━━━━━━━━━━╸           69.1% 2.07MB/3.00MB [56s] 
Reading from 0x00f14000 ━━━━━━━━━━━━━━━━━━━━╸           69.3% 2.08MB/3.00MB [56s] 
Reading from 0x00f15000 ━━━━━━━━━━━━━━━━━━━━╸           69.4% 2.08MB/3.00MB [56s] 
Reading from 0x00f16000 ━━━━━━━━━━━━━━━━━━━━╸           69.5% 2.09MB/3.00MB [56s] 
Reading from 0x00f17000 ━━━━━━━━━━━━━━━━━━━━╸           69.7% 2.09MB/3.00MB [56s] 
Reading from 0x00f18000 ━━━━━━━━━━━━━━━━━━━━╸           69.8% 2.09MB/3.00MB [56s] 
Reading from 0x00f19000 ━━━━━━━━━━━━━━━━━━━━╸           69.9% 2.10MB/3.00MB [56s] 
Reading from 0x00f1a000 ━━━━━━━━━━━━━━━━━━━━━           70.1% 2.10MB/3.00MB [57s] 
Reading from 0x00f1b000 ━━━━━━━━━━━━━━━━━━━━━           70.2% 2.11MB/3.00MB [57s] 
Reading from 0x00f1c000 ━━━━━━━━━━━━━━━━━━━━━           70.3% 2.11MB/3.00MB [57s] 
Reading from 0x00f1d000 ━━━━━━━━━━━━━━━━━━━━━           70.4% 2.11MB/3.00MB [57s] 
Reading from 0x00f1e000 ━━━━━━━━━━━━━━━━━━━━━           70.6% 2.12MB/3.00MB [57s] 
Reading from 0x00f1f000 ━━━━━━━━━━━━━━━━━━━━━           70.7% 2.12MB/3.00MB [57s] 
Reading from 0x00f20000 ━━━━━━━━━━━━━━━━━━━━━           70.8% 2.12MB/3.00MB [57s] 
Reading from 0x00f21000 ━━━━━━━━━━━━━━━━━━━━━           71.0% 2.13MB/3.00MB [57s] 
Reading from 0x00f22000 ━━━━━━━━━━━━━━━━━━━━━           71.1% 2.13MB/3.00MB [57s] 
Reading from 0x00f23000 ━━━━━━━━━━━━━━━━━━━━━           71.2% 2.14MB/3.00MB [57s] 
Reading from 0x00f24000 ━━━━━━━━━━━━━━━━━━━━━           71.4% 2.14MB/3.00MB [58s] 
Reading from 0x00f25000 ━━━━━━━━━━━━━━━━━━━━━           71.5% 2.14MB/3.00MB [58s] 
Reading from 0x00f26000 ━━━━━━━━━━━━━━━━━━━━━           71.6% 2.15MB/3.00MB [58s] 
Reading from 0x00f27000 ━━━━━━━━━━━━━━━━━━━━━╸          71.7% 2.15MB/3.00MB [58s] 
Reading from 0x00f28000 ━━━━━━━━━━━━━━━━━━━━━╸          71.9% 2.16MB/3.00MB [58s] 
Reading from 0x00f29000 ━━━━━━━━━━━━━━━━━━━━━╸          72.0% 2.16MB/3.00MB [58s] 
Reading from 0x00f2a000 ━━━━━━━━━━━━━━━━━━━━━╸          72.1% 2.16MB/3.00MB [58s] 
Reading from 0x00f2b000 ━━━━━━━━━━━━━━━━━━━━━╸          72.3% 2.17MB/3.00MB [58s] 
Reading from 0x00f2c000 ━━━━━━━━━━━━━━━━━━━━━╸          72.4% 2.17MB/3.00MB [58s] 
Reading from 0x00f2d000 ━━━━━━━━━━━━━━━━━━━━━╸          72.5% 2.18MB/3.00MB [59s] 
Reading from 0x00f2e000 ━━━━━━━━━━━━━━━━━━━━━╸          72.7% 2.18MB/3.00MB [59s] 
Reading from 0x00f2f000 ━━━━━━━━━━━━━━━━━━━━━╸          72.8% 2.18MB/3.00MB [59s] 
Reading from 0x00f30000 ━━━━━━━━━━━━━━━━━━━━━╸          72.9% 2.19MB/3.00MB [59s] 
Reading from 0x00f31000 ━━━━━━━━━━━━━━━━━━━━━╸          73.0% 2.19MB/3.00MB [59s] 
Reading from 0x00f32000 ━━━━━━━━━━━━━━━━━━━━━╸          73.2% 2.20MB/3.00MB [59s] 
Reading from 0x00f33000 ━━━━━━━━━━━━━━━━━━━━━╸          73.3% 2.20MB/3.00MB [59s] 
Reading from 0x00f34000 ━━━━━━━━━━━━━━━━━━━━━━          73.4% 2.20MB/3.00MB [59s] 
Reading from 0x00f35000 ━━━━━━━━━━━━━━━━━━━━━━          73.6% 2.21MB/3.00MB [59s] 
Reading from 0x00f36000 ━━━━━━━━━━━━━━━━━━━━━━          73.7% 2.21MB/3.00MB [59s] 
Reading from 0x00f37000 ━━━━━━━━━━━━━━━━━━━━━━          73.8% 2.21MB/3.00MB [1:00] 
Reading from 0x00f38000 ━━━━━━━━━━━━━━━━━━━━━━          74.0% 2.22MB/3.00MB [1:00] 
Reading from 0x00f39000 ━━━━━━━━━━━━━━━━━━━━━━          74.1% 2.22MB/3.00MB [1:00] 
Reading from 0x00f3a000 ━━━━━━━━━━━━━━━━━━━━━━          74.2% 2.23MB/3.00MB [1:00] 
Reading from 0x00f3b000 ━━━━━━━━━━━━━━━━━━━━━━          74.3% 2.23MB/3.00MB [1:00] 
Reading from 0x00f3c000 ━━━━━━━━━━━━━━━━━━━━━━          74.5% 2.23MB/3.00MB [1:00] 
Reading from 0x00f3d000 ━━━━━━━━━━━━━━━━━━━━━━          74.6% 2.24MB/3.00MB [1:00] 
Reading from 0x00f3e000 ━━━━━━━━━━━━━━━━━━━━━━          74.7% 2.24MB/3.00MB [1:00] 
Reading from 0x00f3f000 ━━━━━━━━━━━━━━━━━━━━━━          74.9% 2.25MB/3.00MB [1:00] 
Reading from 0x00f40000 ━━━━━━━━━━━━━━━━━━━━━━╸         75.0% 2.25MB/3.00MB [1:01] 
Reading from 0x00f41000 ━━━━━━━━━━━━━━━━━━━━━━╸         75.1% 2.25MB/3.00MB [1:01] 
Reading from 0x00f42000 ━━━━━━━━━━━━━━━━━━━━━━╸         75.3% 2.26MB/3.00MB [1:01] 
Reading from 0x00f43000 ━━━━━━━━━━━━━━━━━━━━━━╸         75.4% 2.26MB/3.00MB [1:01] 
Reading from 0x00f44000 ━━━━━━━━━━━━━━━━━━━━━━╸         75.5% 2.27MB/3.00MB [1:01] 
Reading from 0x00f45000 ━━━━━━━━━━━━━━━━━━━━━━╸         75.7% 2.27MB/3.00MB [1:01] 
Reading from 0x00f46000 ━━━━━━━━━━━━━━━━━━━━━━╸         75.8% 2.27MB/3.00MB [1:01] 
Reading from 0x00f47000 ━━━━━━━━━━━━━━━━━━━━━━╸         75.9% 2.28MB/3.00MB [1:01] 
Reading from 0x00f48000 ━━━━━━━━━━━━━━━━━━━━━━╸         76.0% 2.28MB/3.00MB [1:01] 
Reading from 0x00f49000 ━━━━━━━━━━━━━━━━━━━━━━╸         76.2% 2.29MB/3.00MB [1:01] 
Reading from 0x00f4a000 ━━━━━━━━━━━━━━━━━━━━━━╸         76.3% 2.29MB/3.00MB [1:02] 
Reading from 0x00f4b000 ━━━━━━━━━━━━━━━━━━━━━━╸         76.4% 2.29MB/3.00MB [1:02] 
Reading from 0x00f4c000 ━━━━━━━━━━━━━━━━━━━━━━╸         76.6% 2.30MB/3.00MB [1:02] 
Reading from 0x00f4d000 ━━━━━━━━━━━━━━━━━━━━━━━         76.7% 2.30MB/3.00MB [1:02] 
Reading from 0x00f4e000 ━━━━━━━━━━━━━━━━━━━━━━━         76.8% 2.30MB/3.00MB [1:02] 
Reading from 0x00f4f000 ━━━━━━━━━━━━━━━━━━━━━━━         77.0% 2.31MB/3.00MB [1:02] 
Reading from 0x00f50000 ━━━━━━━━━━━━━━━━━━━━━━━         77.1% 2.31MB/3.00MB [1:02] 
Reading from 0x00f51000 ━━━━━━━━━━━━━━━━━━━━━━━         77.2% 2.32MB/3.00MB [1:02] 
Reading from 0x00f52000 ━━━━━━━━━━━━━━━━━━━━━━━         77.3% 2.32MB/3.00MB [1:02] 
Reading from 0x00f53000 ━━━━━━━━━━━━━━━━━━━━━━━         77.5% 2.32MB/3.00MB [1:03] 
Reading from 0x00f54000 ━━━━━━━━━━━━━━━━━━━━━━━         77.6% 2.33MB/3.00MB [1:03] 
Reading from 0x00f55000 ━━━━━━━━━━━━━━━━━━━━━━━         77.7% 2.33MB/3.00MB [1:03] 
Reading from 0x00f56000 ━━━━━━━━━━━━━━━━━━━━━━━         77.9% 2.34MB/3.00MB [1:03] 
Reading from 0x00f57000 ━━━━━━━━━━━━━━━━━━━━━━━         78.0% 2.34MB/3.00MB [1:03] 
Reading from 0x00f58000 ━━━━━━━━━━━━━━━━━━━━━━━         78.1% 2.34MB/3.00MB [1:03] 
Reading from 0x00f59000 ━━━━━━━━━━━━━━━━━━━━━━━         78.3% 2.35MB/3.00MB [1:03] 
Reading from 0x00f5a000 ━━━━━━━━━━━━━━━━━━━━━━━╸        78.4% 2.35MB/3.00MB [1:03] 
Reading from 0x00f5b000 ━━━━━━━━━━━━━━━━━━━━━━━╸        78.5% 2.36MB/3.00MB [1:03] 
Reading from 0x00f5c000 ━━━━━━━━━━━━━━━━━━━━━━━╸        78.6% 2.36MB/3.00MB [1:04] 
Reading from 0x00f5d000 ━━━━━━━━━━━━━━━━━━━━━━━╸        78.8% 2.36MB/3.00MB [1:04] 
Reading from 0x00f5e000 ━━━━━━━━━━━━━━━━━━━━━━━╸        78.9% 2.37MB/3.00MB [1:04] 
Reading from 0x00f5f000 ━━━━━━━━━━━━━━━━━━━━━━━╸        79.0% 2.37MB/3.00MB [1:04] 
Reading from 0x00f60000 ━━━━━━━━━━━━━━━━━━━━━━━╸        79.2% 2.38MB/3.00MB [1:04] 
Reading from 0x00f61000 ━━━━━━━━━━━━━━━━━━━━━━━╸        79.3% 2.38MB/3.00MB [1:04] 
Reading from 0x00f62000 ━━━━━━━━━━━━━━━━━━━━━━━╸        79.4% 2.38MB/3.00MB [1:04] 
Reading from 0x00f63000 ━━━━━━━━━━━━━━━━━━━━━━━╸        79.6% 2.39MB/3.00MB [1:04] 
Reading from 0x00f64000 ━━━━━━━━━━━━━━━━━━━━━━━╸        79.7% 2.39MB/3.00MB [1:04] 
Reading from 0x00f65000 ━━━━━━━━━━━━━━━━━━━━━━━╸        79.8% 2.39MB/3.00MB [1:04] 
Reading from 0x00f66000 ━━━━━━━━━━━━━━━━━━━━━━━╸        79.9% 2.40MB/3.00MB [1:05] 
Reading from 0x00f67000 ━━━━━━━━━━━━━━━━━━━━━━━━        80.1% 2.40MB/3.00MB [1:05] 
Reading from 0x00f68000 ━━━━━━━━━━━━━━━━━━━━━━━━        80.2% 2.41MB/3.00MB [1:05] 
Reading from 0x00f69000 ━━━━━━━━━━━━━━━━━━━━━━━━        80.3% 2.41MB/3.00MB [1:05] 
Reading from 0x00f6a000 ━━━━━━━━━━━━━━━━━━━━━━━━        80.5% 2.41MB/3.00MB [1:05] 
Reading from 0x00f6b000 ━━━━━━━━━━━━━━━━━━━━━━━━        80.6% 2.42MB/3.00MB [1:05] 
Reading from 0x00f6c000 ━━━━━━━━━━━━━━━━━━━━━━━━        80.7% 2.42MB/3.00MB [1:05] 
Reading from 0x00f6d000 ━━━━━━━━━━━━━━━━━━━━━━━━        80.9% 2.43MB/3.00MB [1:05] 
Reading from 0x00f6e000 ━━━━━━━━━━━━━━━━━━━━━━━━        81.0% 2.43MB/3.00MB [1:05] 
Reading from 0x00f6f000 ━━━━━━━━━━━━━━━━━━━━━━━━        81.1% 2.43MB/3.00MB [1:06] 
Reading from 0x00f70000 ━━━━━━━━━━━━━━━━━━━━━━━━        81.2% 2.44MB/3.00MB [1:06] 
Reading from 0x00f71000 ━━━━━━━━━━━━━━━━━━━━━━━━        81.4% 2.44MB/3.00MB [1:06] 
Reading from 0x00f72000 ━━━━━━━━━━━━━━━━━━━━━━━━        81.5% 2.45MB/3.00MB [1:06] 
Reading from 0x00f73000 ━━━━━━━━━━━━━━━━━━━━━━━━        81.6% 2.45MB/3.00MB [1:06] 
Reading from 0x00f74000 ━━━━━━━━━━━━━━━━━━━━━━━━╸       81.8% 2.45MB/3.00MB [1:06] 
Reading from 0x00f75000 ━━━━━━━━━━━━━━━━━━━━━━━━╸       81.9% 2.46MB/3.00MB [1:06] 
Reading from 0x00f76000 ━━━━━━━━━━━━━━━━━━━━━━━━╸       82.0% 2.46MB/3.00MB [1:06] 
Reading from 0x00f77000 ━━━━━━━━━━━━━━━━━━━━━━━━╸       82.2% 2.46MB/3.00MB [1:06] 
Reading from 0x00f78000 ━━━━━━━━━━━━━━━━━━━━━━━━╸       82.3% 2.47MB/3.00MB [1:07] 
Reading from 0x00f79000 ━━━━━━━━━━━━━━━━━━━━━━━━╸       82.4% 2.47MB/3.00MB [1:07] 
Reading from 0x00f7a000 ━━━━━━━━━━━━━━━━━━━━━━━━╸       82.6% 2.48MB/3.00MB [1:07] 
Reading from 0x00f7b000 ━━━━━━━━━━━━━━━━━━━━━━━━╸       82.7% 2.48MB/3.00MB [1:07] 
Reading from 0x00f7c000 ━━━━━━━━━━━━━━━━━━━━━━━━╸       82.8% 2.48MB/3.00MB [1:07] 
Reading from 0x00f7d000 ━━━━━━━━━━━━━━━━━━━━━━━━╸       82.9% 2.49MB/3.00MB [1:07] 
Reading from 0x00f7e000 ━━━━━━━━━━━━━━━━━━━━━━━━╸       83.1% 2.49MB/3.00MB [1:07] 
Reading from 0x00f7f000 ━━━━━━━━━━━━━━━━━━━━━━━━╸       83.2% 2.50MB/3.00MB [1:07] 
Reading from 0x00f80000 ━━━━━━━━━━━━━━━━━━━━━━━━━       83.3% 2.50MB/3.00MB [1:07] 
Reading from 0x00f81000 ━━━━━━━━━━━━━━━━━━━━━━━━━       83.5% 2.50MB/3.00MB [1:07] 
Reading from 0x00f82000 ━━━━━━━━━━━━━━━━━━━━━━━━━       83.6% 2.51MB/3.00MB [1:08] 
Reading from 0x00f83000 ━━━━━━━━━━━━━━━━━━━━━━━━━       83.7% 2.51MB/3.00MB [1:08] 
Reading from 0x00f84000 ━━━━━━━━━━━━━━━━━━━━━━━━━       83.9% 2.52MB/3.00MB [1:08] 
Reading from 0x00f85000 ━━━━━━━━━━━━━━━━━━━━━━━━━       84.0% 2.52MB/3.00MB [1:08] 
Reading from 0x00f86000 ━━━━━━━━━━━━━━━━━━━━━━━━━       84.1% 2.52MB/3.00MB [1:08] 
Reading from 0x00f87000 ━━━━━━━━━━━━━━━━━━━━━━━━━       84.2% 2.53MB/3.00MB [1:08] 
Reading from 0x00f88000 ━━━━━━━━━━━━━━━━━━━━━━━━━       84.4% 2.53MB/3.00MB [1:08] 
Reading from 0x00f89000 ━━━━━━━━━━━━━━━━━━━━━━━━━       84.5% 2.54MB/3.00MB [1:08] 
Reading from 0x00f8a000 ━━━━━━━━━━━━━━━━━━━━━━━━━       84.6% 2.54MB/3.00MB [1:08] 
Reading from 0x00f8b000 ━━━━━━━━━━━━━━━━━━━━━━━━━       84.8% 2.54MB/3.00MB [1:09] 
Reading from 0x00f8c000 ━━━━━━━━━━━━━━━━━━━━━━━━━       84.9% 2.55MB/3.00MB [1:09] 
Reading from 0x00f8d000 ━━━━━━━━━━━━━━━━━━━━━━━━━╸      85.0% 2.55MB/3.00MB [1:09] 
Reading from 0x00f8e000 ━━━━━━━━━━━━━━━━━━━━━━━━━╸      85.2% 2.55MB/3.00MB [1:09] 
Reading from 0x00f8f000 ━━━━━━━━━━━━━━━━━━━━━━━━━╸      85.3% 2.56MB/3.00MB [1:09] 
Reading from 0x00f90000 ━━━━━━━━━━━━━━━━━━━━━━━━━╸      85.4% 2.56MB/3.00MB [1:09] 
Reading from 0x00f91000 ━━━━━━━━━━━━━━━━━━━━━━━━━╸      85.5% 2.57MB/3.00MB [1:09] 
Reading from 0x00f92000 ━━━━━━━━━━━━━━━━━━━━━━━━━╸      85.7% 2.57MB/3.00MB [1:09] 
Reading from 0x00f93000 ━━━━━━━━━━━━━━━━━━━━━━━━━╸      85.8% 2.57MB/3.00MB [1:09] 
Reading from 0x00f94000 ━━━━━━━━━━━━━━━━━━━━━━━━━╸      85.9% 2.58MB/3.00MB [1:10] 
Reading from 0x00f95000 ━━━━━━━━━━━━━━━━━━━━━━━━━╸      86.1% 2.58MB/3.00MB [1:10] 
Reading from 0x00f96000 ━━━━━━━━━━━━━━━━━━━━━━━━━╸      86.2% 2.59MB/3.00MB [1:10] 
Reading from 0x00f97000 ━━━━━━━━━━━━━━━━━━━━━━━━━╸      86.3% 2.59MB/3.00MB [1:10] 
Reading from 0x00f98000 ━━━━━━━━━━━━━━━━━━━━━━━━━╸      86.5% 2.59MB/3.00MB [1:10] 
Reading from 0x00f99000 ━━━━━━━━━━━━━━━━━━━━━━━━━╸      86.6% 2.60MB/3.00MB [1:10] 
Reading from 0x00f9a000 ━━━━━━━━━━━━━━━━━━━━━━━━━━      86.7% 2.60MB/3.00MB [1:10] 
Reading from 0x00f9b000 ━━━━━━━━━━━━━━━━━━━━━━━━━━      86.8% 2.61MB/3.00MB [1:10] 
Reading from 0x00f9c000 ━━━━━━━━━━━━━━━━━━━━━━━━━━      87.0% 2.61MB/3.00MB [1:10] 
Reading from 0x00f9d000 ━━━━━━━━━━━━━━━━━━━━━━━━━━      87.1% 2.61MB/3.00MB [1:11] 
Reading from 0x00f9e000 ━━━━━━━━━━━━━━━━━━━━━━━━━━      87.2% 2.62MB/3.00MB [1:11] 
Reading from 0x00f9f000 ━━━━━━━━━━━━━━━━━━━━━━━━━━      87.4% 2.62MB/3.00MB [1:11] 
Reading from 0x00fa0000 ━━━━━━━━━━━━━━━━━━━━━━━━━━      87.5% 2.62MB/3.00MB [1:11] 
Reading from 0x00fa1000 ━━━━━━━━━━━━━━━━━━━━━━━━━━      87.6% 2.63MB/3.00MB [1:11] 
Reading from 0x00fa2000 ━━━━━━━━━━━━━━━━━━━━━━━━━━      87.8% 2.63MB/3.00MB [1:11] 
Reading from 0x00fa3000 ━━━━━━━━━━━━━━━━━━━━━━━━━━      87.9% 2.64MB/3.00MB [1:11] 
Reading from 0x00fa4000 ━━━━━━━━━━━━━━━━━━━━━━━━━━      88.0% 2.64MB/3.00MB [1:11] 
Reading from 0x00fa5000 ━━━━━━━━━━━━━━━━━━━━━━━━━━      88.2% 2.64MB/3.00MB [1:11] 
Reading from 0x00fa6000 ━━━━━━━━━━━━━━━━━━━━━━━━━━      88.3% 2.65MB/3.00MB [1:12] 
Reading from 0x00fa7000 ━━━━━━━━━━━━━━━━━━━━━━━━━━╸     88.4% 2.65MB/3.00MB [1:12] 
Reading from 0x00fa8000 ━━━━━━━━━━━━━━━━━━━━━━━━━━╸     88.5% 2.66MB/3.00MB [1:12] 
Reading from 0x00fa9000 ━━━━━━━━━━━━━━━━━━━━━━━━━━╸     88.7% 2.66MB/3.00MB [1:12] 
Reading from 0x00faa000 ━━━━━━━━━━━━━━━━━━━━━━━━━━╸     88.8% 2.66MB/3.00MB [1:12] 
Reading from 0x00fab000 ━━━━━━━━━━━━━━━━━━━━━━━━━━╸     88.9% 2.67MB/3.00MB [1:12] 
Reading from 0x00fac000 ━━━━━━━━━━━━━━━━━━━━━━━━━━╸     89.1% 2.67MB/3.00MB [1:12] 
Reading from 0x00fad000 ━━━━━━━━━━━━━━━━━━━━━━━━━━╸     89.2% 2.68MB/3.00MB [1:12] 
Reading from 0x00fae000 ━━━━━━━━━━━━━━━━━━━━━━━━━━╸     89.3% 2.68MB/3.00MB [1:12] 
Reading from 0x00faf000 ━━━━━━━━━━━━━━━━━━━━━━━━━━╸     89.5% 2.68MB/3.00MB [1:12] 
Reading from 0x00fb0000 ━━━━━━━━━━━━━━━━━━━━━━━━━━╸     89.6% 2.69MB/3.00MB [1:13] 
Reading from 0x00fb1000 ━━━━━━━━━━━━━━━━━━━━━━━━━━╸     89.7% 2.69MB/3.00MB [1:13] 
Reading from 0x00fb2000 ━━━━━━━━━━━━━━━━━━━━━━━━━━╸     89.8% 2.70MB/3.00MB [1:13] 
Reading from 0x00fb3000 ━━━━━━━━━━━━━━━━━━━━━━━━━━╸     90.0% 2.70MB/3.00MB [1:13] 
Reading from 0x00fb4000 ━━━━━━━━━━━━━━━━━━━━━━━━━━━     90.1% 2.70MB/3.00MB [1:13] 
Reading from 0x00fb5000 ━━━━━━━━━━━━━━━━━━━━━━━━━━━     90.2% 2.71MB/3.00MB [1:13] 
Reading from 0x00fb6000 ━━━━━━━━━━━━━━━━━━━━━━━━━━━     90.4% 2.71MB/3.00MB [1:13] 
Reading from 0x00fb7000 ━━━━━━━━━━━━━━━━━━━━━━━━━━━     90.5% 2.71MB/3.00MB [1:13] 
Reading from 0x00fb8000 ━━━━━━━━━━━━━━━━━━━━━━━━━━━     90.6% 2.72MB/3.00MB [1:13] 
Reading from 0x00fb9000 ━━━━━━━━━━━━━━━━━━━━━━━━━━━     90.8% 2.72MB/3.00MB [1:14] 
Reading from 0x00fba000 ━━━━━━━━━━━━━━━━━━━━━━━━━━━     90.9% 2.73MB/3.00MB [1:14] 
Reading from 0x00fbb000 ━━━━━━━━━━━━━━━━━━━━━━━━━━━     91.0% 2.73MB/3.00MB [1:14] 
Reading from 0x00fbc000 ━━━━━━━━━━━━━━━━━━━━━━━━━━━     91.1% 2.73MB/3.00MB [1:14] 
Reading from 0x00fbd000 ━━━━━━━━━━━━━━━━━━━━━━━━━━━     91.3% 2.74MB/3.00MB [1:14] 
Reading from 0x00fbe000 ━━━━━━━━━━━━━━━━━━━━━━━━━━━     91.4% 2.74MB/3.00MB [1:14] 
Reading from 0x00fbf000 ━━━━━━━━━━━━━━━━━━━━━━━━━━━     91.5% 2.75MB/3.00MB [1:14] 
Reading from 0x00fc0000 ━━━━━━━━━━━━━━━━━━━━━━━━━━━╸    91.7% 2.75MB/3.00MB [1:14] 
Reading from 0x00fc1000 ━━━━━━━━━━━━━━━━━━━━━━━━━━━╸    91.8% 2.75MB/3.00MB [1:14] 
Reading from 0x00fc2000 ━━━━━━━━━━━━━━━━━━━━━━━━━━━╸    91.9% 2.76MB/3.00MB [1:15] 
Reading from 0x00fc3000 ━━━━━━━━━━━━━━━━━━━━━━━━━━━╸    92.1% 2.76MB/3.00MB [1:15] 
Reading from 0x00fc4000 ━━━━━━━━━━━━━━━━━━━━━━━━━━━╸    92.2% 2.77MB/3.00MB [1:15] 
Reading from 0x00fc5000 ━━━━━━━━━━━━━━━━━━━━━━━━━━━╸    92.3% 2.77MB/3.00MB [1:15] 
Reading from 0x00fc6000 ━━━━━━━━━━━━━━━━━━━━━━━━━━━╸    92.4% 2.77MB/3.00MB [1:15] 
Reading from 0x00fc7000 ━━━━━━━━━━━━━━━━━━━━━━━━━━━╸    92.6% 2.78MB/3.00MB [1:15] 
Reading from 0x00fc8000 ━━━━━━━━━━━━━━━━━━━━━━━━━━━╸    92.7% 2.78MB/3.00MB [1:15] 
Reading from 0x00fc9000 ━━━━━━━━━━━━━━━━━━━━━━━━━━━╸    92.8% 2.79MB/3.00MB [1:15] 
Reading from 0x00fca000 ━━━━━━━━━━━━━━━━━━━━━━━━━━━╸    93.0% 2.79MB/3.00MB [1:15] 
Reading from 0x00fcb000 ━━━━━━━━━━━━━━━━━━━━━━━━━━━╸    93.1% 2.79MB/3.00MB [1:16] 
Reading from 0x00fcc000 ━━━━━━━━━━━━━━━━━━━━━━━━━━━╸    93.2% 2.80MB/3.00MB [1:16] 
Reading from 0x00fcd000 ━━━━━━━━━━━━━━━━━━━━━━━━━━━━    93.4% 2.80MB/3.00MB [1:16] 
Reading from 0x00fce000 ━━━━━━━━━━━━━━━━━━━━━━━━━━━━    93.5% 2.80MB/3.00MB [1:16] 
Reading from 0x00fcf000 ━━━━━━━━━━━━━━━━━━━━━━━━━━━━    93.6% 2.81MB/3.00MB [1:16] 
Reading from 0x00fd0000 ━━━━━━━━━━━━━━━━━━━━━━━━━━━━    93.8% 2.81MB/3.00MB [1:16] 
Reading from 0x00fd1000 ━━━━━━━━━━━━━━━━━━━━━━━━━━━━    93.9% 2.82MB/3.00MB [1:16] 
Reading from 0x00fd2000 ━━━━━━━━━━━━━━━━━━━━━━━━━━━━    94.0% 2.82MB/3.00MB [1:16] 
Reading from 0x00fd3000 ━━━━━━━━━━━━━━━━━━━━━━━━━━━━    94.1% 2.82MB/3.00MB [1:16] 
Reading from 0x00fd4000 ━━━━━━━━━━━━━━━━━━━━━━━━━━━━    94.3% 2.83MB/3.00MB [1:16] 
Reading from 0x00fd5000 ━━━━━━━━━━━━━━━━━━━━━━━━━━━━    94.4% 2.83MB/3.00MB [1:17] 
Reading from 0x00fd6000 ━━━━━━━━━━━━━━━━━━━━━━━━━━━━    94.5% 2.84MB/3.00MB [1:17] 
Reading from 0x00fd7000 ━━━━━━━━━━━━━━━━━━━━━━━━━━━━    94.7% 2.84MB/3.00MB [1:17] 
Reading from 0x00fd8000 ━━━━━━━━━━━━━━━━━━━━━━━━━━━━    94.8% 2.84MB/3.00MB [1:17] 
Reading from 0x00fd9000 ━━━━━━━━━━━━━━━━━━━━━━━━━━━━    94.9% 2.85MB/3.00MB [1:17] 
Reading from 0x00fda000 ━━━━━━━━━━━━━━━━━━━━━━━━━━━━╸   95.1% 2.85MB/3.00MB [1:17] 
Reading from 0x00fdb000 ━━━━━━━━━━━━━━━━━━━━━━━━━━━━╸   95.2% 2.86MB/3.00MB [1:17] 
Reading from 0x00fdc000 ━━━━━━━━━━━━━━━━━━━━━━━━━━━━╸   95.3% 2.86MB/3.00MB [1:17] 
Reading from 0x00fdd000 ━━━━━━━━━━━━━━━━━━━━━━━━━━━━╸   95.4% 2.86MB/3.00MB [1:17] 
Reading from 0x00fde000 ━━━━━━━━━━━━━━━━━━━━━━━━━━━━╸   95.6% 2.87MB/3.00MB [1:18] 
Reading from 0x00fdf000 ━━━━━━━━━━━━━━━━━━━━━━━━━━━━╸   95.7% 2.87MB/3.00MB [1:18] 
Reading from 0x00fe0000 ━━━━━━━━━━━━━━━━━━━━━━━━━━━━╸   95.8% 2.88MB/3.00MB [1:18] 
Reading from 0x00fe1000 ━━━━━━━━━━━━━━━━━━━━━━━━━━━━╸   96.0% 2.88MB/3.00MB [1:18] 
Reading from 0x00fe2000 ━━━━━━━━━━━━━━━━━━━━━━━━━━━━╸   96.1% 2.88MB/3.00MB [1:18] 
Reading from 0x00fe3000 ━━━━━━━━━━━━━━━━━━━━━━━━━━━━╸   96.2% 2.89MB/3.00MB [1:18] 
Reading from 0x00fe4000 ━━━━━━━━━━━━━━━━━━━━━━━━━━━━╸   96.4% 2.89MB/3.00MB [1:18] 
Reading from 0x00fe5000 ━━━━━━━━━━━━━━━━━━━━━━━━━━━━╸   96.5% 2.89MB/3.00MB [1:18] 
Reading from 0x00fe6000 ━━━━━━━━━━━━━━━━━━━━━━━━━━━━╸   96.6% 2.90MB/3.00MB [1:18] 
Reading from 0x00fe7000 ━━━━━━━━━━━━━━━━━━━━━━━━━━━━━   96.7% 2.90MB/3.00MB [1:19] 
Reading from 0x00fe8000 ━━━━━━━━━━━━━━━━━━━━━━━━━━━━━   96.9% 2.91MB/3.00MB [1:19] 
Reading from 0x00fe9000 ━━━━━━━━━━━━━━━━━━━━━━━━━━━━━   97.0% 2.91MB/3.00MB [1:19] 
Reading from 0x00fea000 ━━━━━━━━━━━━━━━━━━━━━━━━━━━━━   97.1% 2.91MB/3.00MB [1:19] 
Reading from 0x00feb000 ━━━━━━━━━━━━━━━━━━━━━━━━━━━━━   97.3% 2.92MB/3.00MB [1:19] 
Reading from 0x00fec000 ━━━━━━━━━━━━━━━━━━━━━━━━━━━━━   97.4% 2.92MB/3.00MB [1:19] 
Reading from 0x00fed000 ━━━━━━━━━━━━━━━━━━━━━━━━━━━━━   97.5% 2.93MB/3.00MB [1:19] 
Reading from 0x00fee000 ━━━━━━━━━━━━━━━━━━━━━━━━━━━━━   97.7% 2.93MB/3.00MB [1:19] 
Reading from 0x00fef000 ━━━━━━━━━━━━━━━━━━━━━━━━━━━━━   97.8% 2.93MB/3.00MB [1:19] 
Reading from 0x00ff0000 ━━━━━━━━━━━━━━━━━━━━━━━━━━━━━   97.9% 2.94MB/3.00MB [1:19] 
Reading from 0x00ff1000 ━━━━━━━━━━━━━━━━━━━━━━━━━━━━━   98.0% 2.94MB/3.00MB [1:20] 
Reading from 0x00ff2000 ━━━━━━━━━━━━━━━━━━━━━━━━━━━━━   98.2% 2.95MB/3.00MB [1:20] 
Reading from 0x00ff3000 ━━━━━━━━━━━━━━━━━━━━━━━━━━━━━   98.3% 2.95MB/3.00MB [1:20] 
Reading from 0x00ff4000 ━━━━━━━━━━━━━━━━━━━━━━━━━━━━━╸  98.4% 2.95MB/3.00MB [1:20] 
Reading from 0x00ff5000 ━━━━━━━━━━━━━━━━━━━━━━━━━━━━━╸  98.6% 2.96MB/3.00MB [1:20] 
Reading from 0x00ff6000 ━━━━━━━━━━━━━━━━━━━━━━━━━━━━━╸  98.7% 2.96MB/3.00MB [1:20] 
Reading from 0x00ff7000 ━━━━━━━━━━━━━━━━━━━━━━━━━━━━━╸  98.8% 2.96MB/3.00MB [1:20] 
Reading from 0x00ff8000 ━━━━━━━━━━━━━━━━━━━━━━━━━━━━━╸  99.0% 2.97MB/3.00MB [1:20] 
Reading from 0x00ff9000 ━━━━━━━━━━━━━━━━━━━━━━━━━━━━━╸  99.1% 2.97MB/3.00MB [1:20] 
Reading from 0x00ffa000 ━━━━━━━━━━━━━━━━━━━━━━━━━━━━━╸  99.2% 2.98MB/3.00MB [1:21] 
Reading from 0x00ffb000 ━━━━━━━━━━━━━━━━━━━━━━━━━━━━━╸  99.3% 2.98MB/3.00MB [1:21] 
Reading from 0x00ffc000 ━━━━━━━━━━━━━━━━━━━━━━━━━━━━━╸  99.5% 2.98MB/3.00MB [1:21] 
Reading from 0x00ffd000 ━━━━━━━━━━━━━━━━━━━━━━━━━━━━━╸  99.6% 2.99MB/3.00MB [1:21] 
Reading from 0x00ffe000 ━━━━━━━━━━━━━━━━━━━━━━━━━━━━━╸  99.7% 2.99MB/3.00MB [1:21] 
Reading from 0x00fff000 ━━━━━━━━━━━━━━━━━━━━━━━━━━━━━╸  99.9% 3.00MB/3.00MB [1:21] 
Reading from 0x01000000 ━━━━━━━━━━━━━━━━━━━━━━━━━━━━━━ 100.0% 3.00MB/3.00MB [1:21] 
Read 3145728 bytes from 0x00d00000 in 75.5 seconds (333.2 kbit/s) to 'backups/2026-09-10-scan-stress/flash1159-large-after-kv/volume.bin'.

Hard resetting via RTS pin...
