XTS_RECEIPT=/home/regex/work/esp32s31-openvela/backups/2026-09-10-scan-stress/build979-flat-audio-duplex.sha256
SCOPE=command bringup; no speaker/listening evidence; NOT category PASS
ESP-ROM:esp32s31-20251218
Build:Dec 18 2025
rst:0x1 (POWERON),boot:0x5f (SPI_FAST_FLASH_BOOT)
SPI mode:DIO, clock div:1
load:0x2e000000,len:0x18
load:0x2f000000,len:0xb498
entry 0x2f008b38
*** Booting NuttX ***
rtc: lma 0x00002020 vma 0x2e000000 len 0x18     (24)
dram: lma 0x00002040 vma 0x2f000000 len 0xb498   (46232)
padd: lma 0x0000d508 vma 0x00000000 len 0x2b10   (11024)
imap: lma 0x00010020 vma 0x40040020 len 0xab7c   (43900)
padd: lma 0x0001aba4 vma 0x00000000 len 0x5554   (21844)
imap: lma 0x00020100 vma 0x40000100 len 0x3f514  (259348)
total segments stored 6
ABCES8311: pcm0p/pcm0c duplex, 48000/16/2 slots

NuttShell (NSH)
nsh> [K
XTS_COMMAND=ls /dev/audio
--- CMD: ls /dev/audio ---
ls /dev/audio
/dev/audio:
 pcm0c
 pcm0p
nsh> [K
nsh> [K
XTS_COMMAND=free
--- CMD: free ---
free
      total       used       free    maxused    maxfree  nused  nfree name
   17232328      23224   17209104      30176   16777200     45      3 Umem
nsh> [K
nsh> [K
XTS_COMMAND=nxlooper
nxlooper
NxLooper version 1.00
h for commands, q to exit

nxlooper> [K
XTS_COMMAND=device pcm0p
device pcm0p
nxlooper> [K
XTS_COMMAND=device pcm0c
device pcm0c
nxlooper> [K
XTS_COMMAND=loopback 2 16 48000
loopback 2 16 48000

Traceback (most recent call last):
  File "/home/regex/work/esp32s31-openvela/backups/2026-09-10-scan-stress/run1186-nxlooper.py", line 53, in <module>
    inner(port, 'loopback 2 16 48000')
  File "/home/regex/work/esp32s31-openvela/backups/2026-09-10-scan-stress/run1186-nxlooper.py", line 37, in inner
    k.require(prompt in output, 'interactive prompt missing')
  File "/home/regex/work/esp32s31-openvela/backups/2026-09-10-scan-stress/xts-kvdb-suite.py", line 22, in require
    raise RuntimeError(message)
RuntimeError: interactive prompt missing
