before-a.bin: OK
before-b.bin: OK
+ /home/regex/.espressif/python_env/idf6.1_py3.10_env/bin/esptool --chip esp32s31 --port /dev/serial/by-id/usb-Silicon_Labs_CP2102N_USB_to_UART_Bridge_Controller_f65e4ef67f71f011975a049f1045c30f-if00-port0 --baud 460800 write-flash --flash-size 16MB --flash-mode dio --flash-freq 80m 0x2000 /home/regex/work/esp32s31-openvela/openvela-dev/out/esp32s31-kv1130/nuttx.bin
esptool v5.4.0
Serial port /dev/serial/by-id/usb-Silicon_Labs_CP2102N_USB_to_UART_Bridge_Controller_f65e4ef67f71f011975a049f1045c30f-if00-port0:
Connecting....
Connected to ESP32-S31 on /dev/serial/by-id/usb-Silicon_Labs_CP2102N_USB_to_UART_Bridge_Controller_f65e4ef67f71f011975a049f1045c30f-if00-port0:
Chip type:          ESP32-S31 (revision v0.0)
Features:           Wi-Fi 6, BT 5.4 (LE), IEEE802.15.4, Dual Core + LP Core, 300MHz
Crystal frequency:  40MHz
MAC:                30:ed:a0:f3:f7:b0

Uploading stub flasher...
Running stub flasher...
Stub flasher running.
Changing baud rate to 460800...
Changed.

Configuring flash size...
SHA digest in image updated.
Flash will be erased from 0x00002000 to 0x00070fff...
Compressed 451436 bytes to 261539...
Writing at 0x00007e5c ━╸                               6.3% 16.00kB/255.41kB [0s] 
Writing at 0x0001395a ━━━╸                            12.5% 32.00kB/255.41kB [0s] 
Writing at 0x00020779 ━━━━━╸                          18.8% 48.00kB/255.41kB [1s] 
Writing at 0x0002656a ━━━━━━━╸                        25.1% 64.00kB/255.41kB [1s] 
Writing at 0x0002c8c0 ━━━━━━━━━                       31.3% 80.00kB/255.41kB [2s] 
Writing at 0x000330ac ━━━━━━━━━━━                     37.6% 96.00kB/255.41kB [2s] 
Writing at 0x00039316 ━━━━━━━━━━━━━                   43.9% 112.00kB/255.41kB [2s] 
Writing at 0x0003f6ec ━━━━━━━━━━━━━━━                 50.1% 128.00kB/255.41kB [3s] 
Writing at 0x00046cf1 ━━━━━━━━━━━━━━━━╸               56.4% 144.00kB/255.41kB [3s] 
Writing at 0x0004d1da ━━━━━━━━━━━━━━━━━━╸             62.6% 160.00kB/255.41kB [4s] 
Writing at 0x00052ead ━━━━━━━━━━━━━━━━━━━━╸           68.9% 176.00kB/255.41kB [4s] 
Writing at 0x0005951f ━━━━━━━━━━━━━━━━━━━━━━╸         75.2% 192.00kB/255.41kB [4s] 
Writing at 0x0005fbc6 ━━━━━━━━━━━━━━━━━━━━━━━━        81.4% 208.00kB/255.41kB [5s] 
Writing at 0x000655cf ━━━━━━━━━━━━━━━━━━━━━━━━━━      87.7% 224.00kB/255.41kB [5s] 
Writing at 0x0006b11e ━━━━━━━━━━━━━━━━━━━━━━━━━━━━    94.0% 240.00kB/255.41kB [6s] 
Writing at 0x0007036c ━━━━━━━━━━━━━━━━━━━━━━━━━━━━━━ 100.0% 255.41kB/255.41kB [6s] 
Wrote 451436 bytes (261539 compressed) at 0x00002000 in 6.6 seconds (544.4 kbit/s).
Verifying written data...
Hash of data verified.

Hard resetting via RTS pin...
