XTS_RECEIPT=/home/regex/work/esp32s31-openvela/backups/2026-09-10-scan-stress/build1101-flat-audio-mono.sha256
ESP-ROM:esp32s31-20251218
Build:Dec 18 2025
rst:0x1 (POWERON),boot:0x7f (SPI_FAST_FLASH_BOOT)
SPI mode:DIO, clock div:1
load:0x2e000000,len:0x18
load:0x2f000000,len:0xb498
entry 0x2f008b38
*** Booting NuttX ***
rtc: lma 0x00002020 vma 0x2e000000 len 0x18     (24)
dram: lma 0x00002040 vma 0x2f000000 len 0xb498   (46232)
padd: lma 0x0000d508 vma 0x00000000 len 0x2b10   (11024)
imap: lma 0x00010020 vma 0x40040020 len 0xab84   (43908)
padd: lma 0x0001abac vma 0x00000000 len 0x554c   (21836)
imap: lma 0x00020100 vma 0x40000100 len 0x3f548  (259400)
total segments stored 6
ABCES8311: pcm0c continuous native mono, 16000/16/1

NuttShell (NSH)
nsh> [K
--- CMD: mount ---
mount
  /proc type procfs
  /tmp type tmpfs
nsh> [K
nsh> [K
--- CMD: ls /dev/audio ---
ls /dev/audio
/dev/audio:
 pcm0c
 pcm0p
nsh> [K
nsh> [K
--- CMD: mkdir /data ---
mkdir /data
nsh> [K
nsh> [K
--- CMD: mount -t tmpfs /data ---
mount -t tmpfs /data
nsh> [K
nsh> [K
--- CMD: free ---
free
      total       used       free    maxused    maxfree  nused  nfree name
   17232328      23376   17208952      30176   16777200     48      4 Umem
nsh> [K
nsh> [K
AUDIO_BOOT_TMPFS=READY no_recording_started
