before-a.bin: OK
before-b.bin: OK
+ /home/regex/.espressif/python_env/idf6.1_py3.10_env/bin/esptool --chip esp32s31 --port /dev/serial/by-id/usb-Silicon_Labs_CP2102N_USB_to_UART_Bridge_Controller_f65e4ef67f71f011975a049f1045c30f-if00-port0 --baud 460800 write-flash --flash-size 16MB --flash-mode dio --flash-freq 80m 0x2000 /home/regex/work/esp32s31-openvela/openvela-dev/out/esp32s31-xts-flat-bttool1031/nuttx.bin
esptool v5.4.0
Serial port /dev/serial/by-id/usb-Silicon_Labs_CP2102N_USB_to_UART_Bridge_Controller_f65e4ef67f71f011975a049f1045c30f-if00-port0:
Connecting....
Connected to ESP32-S31 on /dev/serial/by-id/usb-Silicon_Labs_CP2102N_USB_to_UART_Bridge_Controller_f65e4ef67f71f011975a049f1045c30f-if00-port0:
Chip type:          ESP32-S31 (revision v0.0)
Features:           Wi-Fi 6, BT 5.4 (LE), IEEE802.15.4, Dual Core + LP Core, 300MHz
Crystal frequency:  40MHz
MAC:                30:ed:a0:f3:f7:b0

Uploading stub flasher...
Running stub flasher...
Stub flasher running.
Changing baud rate to 460800...
Changed.

Configuring flash size...
SHA digest in image updated.
Flash will be erased from 0x00002000 to 0x00129fff...
Compressed 1210368 bytes to 732013...
Writing at 0x00007d1b ╸                                2.2% 16.00kB/714.86kB [0s] 
Writing at 0x0000dbb5 ━                                4.5% 32.00kB/714.86kB [0s] 
Writing at 0x000146a9 ━━                               6.7% 48.00kB/714.86kB [1s] 
Writing at 0x0002a04e ━━╸                              9.0% 64.00kB/714.86kB [1s] 
Writing at 0x00034ac5 ━━━                             11.2% 80.00kB/714.86kB [2s] 
Writing at 0x0003c10c ━━━━                            13.4% 96.00kB/714.86kB [2s] 
Writing at 0x0004281a ━━━━╸                           15.7% 112.00kB/714.86kB [2s] 
Writing at 0x00048747 ━━━━━                           17.9% 128.00kB/714.86kB [3s] 
Writing at 0x0004e6db ━━━━━━                          20.1% 144.00kB/714.86kB [3s] 
Writing at 0x00055306 ━━━━━━╸                         22.4% 160.00kB/714.86kB [4s] 
Writing at 0x0005b4dc ━━━━━━━                         24.6% 176.00kB/714.86kB [4s] 
Writing at 0x000616e9 ━━━━━━━━                        26.9% 192.00kB/714.86kB [4s] 
Writing at 0x00067c4c ━━━━━━━━╸                       29.1% 208.00kB/714.86kB [5s] 
Writing at 0x0006f3fe ━━━━━━━━━                       31.3% 224.00kB/714.86kB [5s] 
Writing at 0x000751c9 ━━━━━━━━━━                      33.6% 240.00kB/714.86kB [6s] 
Writing at 0x0007bb46 ━━━━━━━━━━╸                     35.8% 256.00kB/714.86kB [6s] 
Writing at 0x00081b7c ━━━━━━━━━━━                     38.0% 272.00kB/714.86kB [6s] 
Writing at 0x000879bf ━━━━━━━━━━━━                    40.3% 288.00kB/714.86kB [7s] 
Writing at 0x0008dcc1 ━━━━━━━━━━━━╸                   42.5% 304.00kB/714.86kB [7s] 
Writing at 0x00093e58 ━━━━━━━━━━━━━                   44.8% 320.00kB/714.86kB [8s] 
Writing at 0x0009a226 ━━━━━━━━━━━━━━                  47.0% 336.00kB/714.86kB [8s] 
Writing at 0x000a047c ━━━━━━━━━━━━━━╸                 49.2% 352.00kB/714.86kB [8s] 
Writing at 0x000a676e ━━━━━━━━━━━━━━━                 51.5% 368.00kB/714.86kB [9s] 
Writing at 0x000ac6fd ━━━━━━━━━━━━━━━━                53.7% 384.00kB/714.86kB [9s] 
Writing at 0x000b2684 ━━━━━━━━━━━━━━━━╸               56.0% 400.00kB/714.86kB [10s] 
Writing at 0x000b8d1a ━━━━━━━━━━━━━━━━━               58.2% 416.00kB/714.86kB [10s] 
Writing at 0x000bf6e1 ━━━━━━━━━━━━━━━━━━              60.4% 432.00kB/714.86kB [10s] 
Writing at 0x000c5fc4 ━━━━━━━━━━━━━━━━━━╸             62.7% 448.00kB/714.86kB [11s] 
Writing at 0x000cc0fe ━━━━━━━━━━━━━━━━━━━             64.9% 464.00kB/714.86kB [11s] 
Writing at 0x000d286e ━━━━━━━━━━━━━━━━━━━━            67.1% 480.00kB/714.86kB [12s] 
Writing at 0x000d88e2 ━━━━━━━━━━━━━━━━━━━━╸           69.4% 496.00kB/714.86kB [12s] 
Writing at 0x000de820 ━━━━━━━━━━━━━━━━━━━━━           71.6% 512.00kB/714.86kB [12s] 
Writing at 0x000e454e ━━━━━━━━━━━━━━━━━━━━━━          73.9% 528.00kB/714.86kB [13s] 
Writing at 0x000eb1d2 ━━━━━━━━━━━━━━━━━━━━━━╸         76.1% 544.00kB/714.86kB [13s] 
Writing at 0x000f1048 ━━━━━━━━━━━━━━━━━━━━━━━╸        78.3% 560.00kB/714.86kB [14s] 
Writing at 0x000f6af8 ━━━━━━━━━━━━━━━━━━━━━━━━        80.6% 576.00kB/714.86kB [14s] 
Writing at 0x000fc12c ━━━━━━━━━━━━━━━━━━━━━━━━╸       82.8% 592.00kB/714.86kB [14s] 
Writing at 0x00101f6d ━━━━━━━━━━━━━━━━━━━━━━━━━╸      85.1% 608.00kB/714.86kB [15s] 
Writing at 0x00107e96 ━━━━━━━━━━━━━━━━━━━━━━━━━━      87.3% 624.00kB/714.86kB [15s] 
Writing at 0x0010e30d ━━━━━━━━━━━━━━━━━━━━━━━━━━╸     89.5% 640.00kB/714.86kB [15s] 
Writing at 0x0011411a ━━━━━━━━━━━━━━━━━━━━━━━━━━━╸    91.8% 656.00kB/714.86kB [16s] 
Writing at 0x00119a6c ━━━━━━━━━━━━━━━━━━━━━━━━━━━━    94.0% 672.00kB/714.86kB [16s] 
Writing at 0x0011fcc2 ━━━━━━━━━━━━━━━━━━━━━━━━━━━━╸   96.2% 688.00kB/714.86kB [17s] 
Writing at 0x00125a70 ━━━━━━━━━━━━━━━━━━━━━━━━━━━━━╸  98.5% 704.00kB/714.86kB [17s] 
Writing at 0x00129800 ━━━━━━━━━━━━━━━━━━━━━━━━━━━━━━ 100.0% 714.86kB/714.86kB [17s] 
Wrote 1210368 bytes (732013 compressed) at 0x00002000 in 15.7 seconds (615.0 kbit/s).
Verifying written data...
Hash of data verified.

Hard resetting via RTS pin...
