XTS_RECEIPT=/home/regex/work/esp32s31-openvela/backups/2026-09-10-scan-stress/build1265-media-flash.sha256
IMAGE_SHA256=09244fabd973fee23b23d7b28e9922dd868d57ebfc31c89f4e659646eb0b523d
ESP-ROM:esp32s31-20251218
Build:Dec 18 2025
rst:0x1 (POWERON),boot:0x7f (SPI_FAST_FLASH_BOOT)
SPI mode:DIO, clock div:1
load:0x2e000000,len:0x18
load:0x2f000000,len:0x933c
load:0x2f009380,len:0x2b58
entry 0x2f008f7c
*** Booting NuttX ***
rtc: lma 0x00002020 vma 0x2e000000 len 0x18     (24)
dram: lma 0x00002040 vma 0x2f000000 len 0x933c   (37692)
dram: lma 0x0000b384 vma 0x2f009380 len 0x2b58   (11096)
padd: lma 0x0000df08 vma 0x00000000 len 0x2110   (8464)
imap: lma 0x00010020 vma 0x400f0020 len 0x9a3c4  (631748)
padd: lma 0x000aa3ec vma 0x00000000 len 0x5d0c   (23820)
imap: lma 0x000b0100 vma 0x40000100 len 0xe9b88  (957320)
total segments stored 7
ABCES8311: pcm0p/pcm0c duplex, 48000/16/2 slots
xTS Flash scratch: /dev/xtsflash offset=0xd00000 size=0x300000

NuttShell (NSH)
nsh> [K
XTS_COMMAND=mkdir /flash
--- CMD: mkdir /flash ---
mkdir /flash
nsh> [K
nsh> [K
XTS_COMMAND=mount -t littlefs /dev/xtsflash /flash
--- CMD: mount -t littlefs /dev/xtsflash /flash ---
mount -t littlefs /dev/xtsflash /flash
nsh> [K
nsh> [K
XTS_COMMAND=df
--- CMD: df ---
df
  Block    Number
  Size     Blocks       Used   Available Mounted on
  4096        768        330         438 /flash
     0          0          0           0 /proc
   512          1          1           0 /tmp
nsh> [K
nsh> [K
XTS_COMMAND=ls -l /flash
--- CMD: ls -l /flash ---
ls -l /flash
/flash:
 drwxrwxrwx           0 .
 dr--r--r--           0 ..
 drwxrwxrwx           0 frag1164/
 -rw-r--r--      405504 persist.db
 drwxrwxrwx           0 s01_1173/
 drwxrwxrwx           0 s02/
 drwxrwxrwx           0 s07b/
 drwxrwxrwx           0 s07c/
 drwxrwxrwx           0 s07/
 drwxrwxrwx           0 s17/
 drwxrwxrwx           0 s18c/
 drwxrwxrwx           0 s18r/
 drwxrwxrwx           0 s19s/
 drwxrwxrwx           0 s19/
nsh> [K
nsh> [K
XTS_COMMAND=ls /dev/audio
--- CMD: ls /dev/audio ---
ls /dev/audio
/dev/audio:
 pcm0c
 pcm0p
nsh> [K
nsh> [K
XTS_COMMAND=free
--- CMD: free ---
free
      total       used       free    maxused    maxfree  nused  nfree name
   16839648      24392   16815256      30392   16777200     52      4 Umem
nsh> [K
nsh> [K
XTS_COMMAND=mount
--- CMD: mount ---
mount
  /flash type littlefs
  /proc type procfs
  /tmp type tmpfs
nsh> [K
nsh> [K
XTS_COMMAND=mkdir /data
--- CMD: mkdir /data ---
mkdir /data
nsh> [K
nsh> [K
XTS_COMMAND=mount -t tmpfs /data
--- CMD: mount -t tmpfs /data ---
mount -t tmpfs /data
nsh> [K
nsh> [K
XTS_COMMAND=mkdir /data/media
--- CMD: mkdir /data/media ---
mkdir /data/media
nsh> [K
nsh> [K
XTS_COMMAND=mkdir /tmp/media-kv
--- CMD: mkdir /tmp/media-kv ---
mkdir /tmp/media-kv
nsh> [K
nsh> [K
XTS_COMMAND=mount
--- CMD: mount ---
mount
  /data type tmpfs
  /flash type littlefs
  /proc type procfs
  /tmp type tmpfs
nsh> [K
nsh> [K
VOLATILE_MEDIA_STORAGE_READY; no media playback PASS
