before-a.bin: OK
before-b.bin: OK
+ /home/regex/.espressif/python_env/idf6.1_py3.10_env/bin/esptool --chip esp32s31 --port /dev/serial/by-id/usb-Silicon_Labs_CP2102N_USB_to_UART_Bridge_Controller_f65e4ef67f71f011975a049f1045c30f-if00-port0 --baud 460800 write-flash --flash-size 16MB --flash-mode dio --flash-freq 80m 0x2000 /home/regex/work/esp32s31-openvela/openvela-dev/out/esp32s31-xts-flat-audio-duplex1188/nuttx.bin
esptool v5.4.0
Serial port /dev/serial/by-id/usb-Silicon_Labs_CP2102N_USB_to_UART_Bridge_Controller_f65e4ef67f71f011975a049f1045c30f-if00-port0:
Connecting....
Connected to ESP32-S31 on /dev/serial/by-id/usb-Silicon_Labs_CP2102N_USB_to_UART_Bridge_Controller_f65e4ef67f71f011975a049f1045c30f-if00-port0:
Chip type:          ESP32-S31 (revision v0.0)
Features:           Wi-Fi 6, BT 5.4 (LE), IEEE802.15.4, Dual Core + LP Core, 300MHz
Crystal frequency:  40MHz
MAC:                30:ed:a0:f3:f7:b0

Uploading stub flasher...
Running stub flasher...
Stub flasher running.
Changing baud rate to 460800...
Changed.

Configuring flash size...
SHA digest in image updated.
Flash will be erased from 0x00002000 to 0x0005ffff...
Compressed 384560 bytes to 215955...
Writing at 0x00007f63 ━━                               7.6% 16.00kB/210.89kB [0s] 
Writing at 0x00013eb4 ━━━━╸                           15.2% 32.00kB/210.89kB [0s] 
Writing at 0x00020eae ━━━━━━╸                         22.8% 48.00kB/210.89kB [1s] 
Writing at 0x00026b78 ━━━━━━━━━                       30.3% 64.00kB/210.89kB [1s] 
Writing at 0x0002cf8c ━━━━━━━━━━━                     37.9% 80.00kB/210.89kB [2s] 
Writing at 0x0003303e ━━━━━━━━━━━━━╸                  45.5% 96.00kB/210.89kB [2s] 
Writing at 0x000390ba ━━━━━━━━━━━━━━━╸                53.1% 112.00kB/210.89kB [2s] 
Writing at 0x0003fbfd ━━━━━━━━━━━━━━━━━━              60.7% 128.00kB/210.89kB [3s] 
Writing at 0x00047175 ━━━━━━━━━━━━━━━━━━━━            68.3% 144.00kB/210.89kB [3s] 
Writing at 0x0004d311 ━━━━━━━━━━━━━━━━━━━━━━╸         75.9% 160.00kB/210.89kB [3s] 
Writing at 0x00053281 ━━━━━━━━━━━━━━━━━━━━━━━━━       83.5% 176.00kB/210.89kB [4s] 
Writing at 0x00058a51 ━━━━━━━━━━━━━━━━━━━━━━━━━━━     91.0% 192.00kB/210.89kB [4s] 
Writing at 0x0005ef6e ━━━━━━━━━━━━━━━━━━━━━━━━━━━━━╸  98.6% 208.00kB/210.89kB [5s] 
Writing at 0x0005fe30 ━━━━━━━━━━━━━━━━━━━━━━━━━━━━━━ 100.0% 210.89kB/210.89kB [5s] 
Wrote 384560 bytes (215955 compressed) at 0x00002000 in 5.2 seconds (594.2 kbit/s).
Verifying written data...
Hash of data verified.

Hard resetting via RTS pin...
