before-a.bin: OK
before-b.bin: OK
WIFI_ARTIFACT_CONFIG=PASS booleans=1754 protocol=7
+ /home/regex/.espressif/python_env/idf6.1_py3.10_env/bin/esptool --chip esp32s31 --port /dev/serial/by-id/usb-Silicon_Labs_CP2102N_USB_to_UART_Bridge_Controller_f65e4ef67f71f011975a049f1045c30f-if00-port0 --baud 460800 write-flash --flash-size 16MB --flash-mode dio --flash-freq 80m 0x2000 /home/regex/work/esp32s31-openvela/openvela-dev/out/esp32s31-competition/nuttx.bin 0x200000 /home/regex/work/esp32s31-openvela/openvela-dev/out/esp32s31-competition/appfs.img
esptool v5.4.0
Serial port /dev/serial/by-id/usb-Silicon_Labs_CP2102N_USB_to_UART_Bridge_Controller_f65e4ef67f71f011975a049f1045c30f-if00-port0:
Connecting....
Connected to ESP32-S31 on /dev/serial/by-id/usb-Silicon_Labs_CP2102N_USB_to_UART_Bridge_Controller_f65e4ef67f71f011975a049f1045c30f-if00-port0:
Chip type:          ESP32-S31 (revision v0.0)
Features:           Wi-Fi 6, BT 5.4 (LE), IEEE802.15.4, Dual Core + LP Core, 300MHz
Crystal frequency:  40MHz
MAC:                30:ed:a0:f3:f7:b0

Uploading stub flasher...
Running stub flasher...
Stub flasher running.
Changing baud rate to 460800...
Changed.

Configuring flash size...

Writing '/home/regex/work/esp32s31-openvela/openvela-dev/out/esp32s31-competition/nuttx.bin' at 0x00002000...
SHA digest in image updated.
Flash will be erased from 0x00002000 to 0x00120fff...
Compressed 1173468 bytes to 650102...
Writing at 0x00007d34 ╸                                2.5% 16.00kB/634.87kB [0s] 
Writing at 0x0000deb9 ━╸                               5.0% 32.00kB/634.87kB [0s] 
Writing at 0x00015865 ━━                               7.6% 48.00kB/634.87kB [1s] 
Writing at 0x0002a1d4 ━━━                             10.1% 64.00kB/634.87kB [1s] 
Writing at 0x0003063b ━━━╸                            12.6% 80.00kB/634.87kB [2s] 
Writing at 0x00034d9f ━━━━╸                           15.1% 96.00kB/634.87kB [2s] 
Writing at 0x0003ff5d ━━━━━                           17.6% 112.00kB/634.87kB [2s] 
Writing at 0x000551a2 ━━━━━━                          20.2% 128.00kB/634.87kB [3s] 
Writing at 0x0005b564 ━━━━━━╸                         22.7% 144.00kB/634.87kB [3s] 
Writing at 0x00062013 ━━━━━━━╸                        25.2% 160.00kB/634.87kB [4s] 
Writing at 0x0006aa47 ━━━━━━━━                        27.7% 176.00kB/634.87kB [4s] 
Writing at 0x00072903 ━━━━━━━━━                       30.2% 192.00kB/634.87kB [5s] 
Writing at 0x0007a109 ━━━━━━━━━╸                      32.8% 208.00kB/634.87kB [5s] 
Writing at 0x0008128d ━━━━━━━━━━╸                     35.3% 224.00kB/634.87kB [5s] 
Writing at 0x0008783d ━━━━━━━━━━━                     37.8% 240.00kB/634.87kB [6s] 
Writing at 0x0008d778 ━━━━━━━━━━━━                    40.3% 256.00kB/634.87kB [6s] 
Writing at 0x000934a5 ━━━━━━━━━━━━╸                   42.8% 272.00kB/634.87kB [7s] 
Writing at 0x00098ac1 ━━━━━━━━━━━━━╸                  45.4% 288.00kB/634.87kB [7s] 
Writing at 0x0009e53d ━━━━━━━━━━━━━━                  47.9% 304.00kB/634.87kB [7s] 
Writing at 0x000a4046 ━━━━━━━━━━━━━━━                 50.4% 320.00kB/634.87kB [8s] 
Writing at 0x000aa0b2 ━━━━━━━━━━━━━━━╸                52.9% 336.00kB/634.87kB [8s] 
Writing at 0x000b1ad6 ━━━━━━━━━━━━━━━━╸               55.4% 352.00kB/634.87kB [9s] 
Writing at 0x000ba13f ━━━━━━━━━━━━━━━━━               58.0% 368.00kB/634.87kB [9s] 
Writing at 0x000c0894 ━━━━━━━━━━━━━━━━━━              60.5% 384.00kB/634.87kB [9s] 
Writing at 0x000c652c ━━━━━━━━━━━━━━━━━━╸             63.0% 400.00kB/634.87kB [10s] 
Writing at 0x000ccd43 ━━━━━━━━━━━━━━━━━━━╸            65.5% 416.00kB/634.87kB [10s] 
Writing at 0x000d3664 ━━━━━━━━━━━━━━━━━━━━            68.0% 432.00kB/634.87kB [11s] 
Writing at 0x000d95d6 ━━━━━━━━━━━━━━━━━━━━━           70.6% 448.00kB/634.87kB [11s] 
Writing at 0x000df17b ━━━━━━━━━━━━━━━━━━━━━╸          73.1% 464.00kB/634.87kB [11s] 
Writing at 0x000e5527 ━━━━━━━━━━━━━━━━━━━━━━╸         75.6% 480.00kB/634.87kB [12s] 
Writing at 0x000ebd33 ━━━━━━━━━━━━━━━━━━━━━━━         78.1% 496.00kB/634.87kB [12s] 
Writing at 0x000f200a ━━━━━━━━━━━━━━━━━━━━━━━━        80.6% 512.00kB/634.87kB [13s] 
Writing at 0x000f7f1c ━━━━━━━━━━━━━━━━━━━━━━━━╸       83.2% 528.00kB/634.87kB [13s] 
Writing at 0x000fdf1c ━━━━━━━━━━━━━━━━━━━━━━━━━╸      85.7% 544.00kB/634.87kB [13s] 
Writing at 0x00103d67 ━━━━━━━━━━━━━━━━━━━━━━━━━━      88.2% 560.00kB/634.87kB [14s] 
Writing at 0x00109e32 ━━━━━━━━━━━━━━━━━━━━━━━━━━━     90.7% 576.00kB/634.87kB [14s] 
Writing at 0x00110117 ━━━━━━━━━━━━━━━━━━━━━━━━━━━╸    93.2% 592.00kB/634.87kB [15s] 
Writing at 0x001168bd ━━━━━━━━━━━━━━━━━━━━━━━━━━━━╸   95.8% 608.00kB/634.87kB [15s] 
Writing at 0x0011c72f ━━━━━━━━━━━━━━━━━━━━━━━━━━━━━   98.3% 624.00kB/634.87kB [15s] 
Writing at 0x001207dc ━━━━━━━━━━━━━━━━━━━━━━━━━━━━━━ 100.0% 634.87kB/634.87kB [16s] 
Wrote 1173468 bytes (650102 compressed) at 0x00002000 in 16.3 seconds (575.8 kbit/s).
Verifying written data...
Hash of data verified.

Writing '/home/regex/work/esp32s31-openvela/openvela-dev/out/esp32s31-competition/appfs.img' at 0x00200000...
Flash will be erased from 0x00200000 to 0x0043dfff...
Compressed 2348032 bytes to 1380987...
Writing at 0x002073e6                                  1.2% 16.00kB/1.32MB [0s] 
Writing at 0x0020cd03 ╸                                2.4% 32.00kB/1.32MB [0s] 
Writing at 0x00214244 ━                                3.6% 48.00kB/1.32MB [1s] 
Writing at 0x0021d98c ━                                4.7% 64.00kB/1.32MB [1s] 
Writing at 0x0022376d ━╸                               5.9% 80.00kB/1.32MB [1s] 
Writing at 0x002296b2 ━━                               7.1% 96.00kB/1.32MB [2s] 
Writing at 0x0022f261 ━━                               8.3% 112.00kB/1.32MB [2s] 
Writing at 0x00234fee ━━╸                              9.5% 128.00kB/1.32MB [3s] 
Writing at 0x0023b149 ━━━                             10.7% 144.00kB/1.32MB [3s] 
Writing at 0x00241a23 ━━━╸                            11.9% 160.00kB/1.32MB [3s] 
Writing at 0x0024747c ━━━╸                            13.1% 176.00kB/1.32MB [4s] 
Writing at 0x0024c758 ━━━━                            14.2% 192.00kB/1.32MB [4s] 
Writing at 0x002525dc ━━━━╸                           15.4% 208.00kB/1.32MB [5s] 
Writing at 0x00258989 ━━━━╸                           16.6% 224.00kB/1.32MB [5s] 
Writing at 0x0025e6c6 ━━━━━                           17.8% 240.00kB/1.32MB [5s] 
Writing at 0x00264767 ━━━━━╸                          19.0% 256.00kB/1.32MB [6s] 
Writing at 0x0026a4ca ━━━━━━                          20.2% 272.00kB/1.32MB [6s] 
Writing at 0x002702cc ━━━━━━                          21.4% 288.00kB/1.32MB [7s] 
Writing at 0x00275de1 ━━━━━━╸                         22.5% 304.00kB/1.32MB [7s] 
Writing at 0x0027d807 ━━━━━━━                         23.7% 320.00kB/1.32MB [7s] 
Writing at 0x0028988a ━━━━━━━                         24.9% 336.00kB/1.32MB [8s] 
Writing at 0x0029456d ━━━━━━━╸                        26.1% 352.00kB/1.32MB [8s] 
Writing at 0x002a22c5 ━━━━━━━━                        27.3% 368.00kB/1.32MB [9s] 
Writing at 0x002ab6c2 ━━━━━━━━╸                       28.5% 384.00kB/1.32MB [9s] 
Writing at 0x002b4a88 ━━━━━━━━╸                       29.7% 400.00kB/1.32MB [9s] 
Writing at 0x002be087 ━━━━━━━━━                       30.8% 416.00kB/1.32MB [10s] 
Writing at 0x002c4acb ━━━━━━━━━╸                      32.0% 432.00kB/1.32MB [10s] 
Writing at 0x002c9f51 ━━━━━━━━━╸                      33.2% 448.00kB/1.32MB [11s] 
Writing at 0x002cf989 ━━━━━━━━━━                      34.4% 464.00kB/1.32MB [11s] 
Writing at 0x002d52e3 ━━━━━━━━━━╸                     35.6% 480.00kB/1.32MB [11s] 
Writing at 0x002dac36 ━━━━━━━━━━━                     36.8% 496.00kB/1.32MB [12s] 
Writing at 0x002e091a ━━━━━━━━━━━                     38.0% 512.00kB/1.32MB [12s] 
Writing at 0x002e60c8 ━━━━━━━━━━━╸                    39.2% 528.00kB/1.32MB [13s] 
Writing at 0x002ebcc1 ━━━━━━━━━━━━                    40.3% 544.00kB/1.32MB [13s] 
Writing at 0x002f18d0 ━━━━━━━━━━━━                    41.5% 560.00kB/1.32MB [13s] 
Writing at 0x002f72ac ━━━━━━━━━━━━╸                   42.7% 576.00kB/1.32MB [14s] 
Writing at 0x002fcac0 ━━━━━━━━━━━━━                   43.9% 592.00kB/1.32MB [14s] 
Writing at 0x00302616 ━━━━━━━━━━━━━╸                  45.1% 608.00kB/1.32MB [15s] 
Writing at 0x00307d21 ━━━━━━━━━━━━━╸                  46.3% 624.00kB/1.32MB [15s] 
Writing at 0x0030da8a ━━━━━━━━━━━━━━                  47.5% 640.00kB/1.32MB [15s] 
Writing at 0x00313af7 ━━━━━━━━━━━━━━╸                 48.6% 656.00kB/1.32MB [16s] 
Writing at 0x00319afa ━━━━━━━━━━━━━━╸                 49.8% 672.00kB/1.32MB [16s] 
Writing at 0x0031f9d7 ━━━━━━━━━━━━━━━                 51.0% 688.00kB/1.32MB [17s] 
Writing at 0x00324e75 ━━━━━━━━━━━━━━━╸                52.2% 704.00kB/1.32MB [17s] 
Writing at 0x0032a5ae ━━━━━━━━━━━━━━━━                53.4% 720.00kB/1.32MB [17s] 
Writing at 0x0032ffd7 ━━━━━━━━━━━━━━━━                54.6% 736.00kB/1.32MB [18s] 
Writing at 0x00335c99 ━━━━━━━━━━━━━━━━╸               55.8% 752.00kB/1.32MB [18s] 
Writing at 0x0033baa4 ━━━━━━━━━━━━━━━━━               56.9% 768.00kB/1.32MB [19s] 
Writing at 0x0034122c ━━━━━━━━━━━━━━━━━               58.1% 784.00kB/1.32MB [19s] 
Writing at 0x00348e84 ━━━━━━━━━━━━━━━━━╸              59.3% 800.00kB/1.32MB [19s] 
Writing at 0x00354707 ━━━━━━━━━━━━━━━━━━              60.5% 816.00kB/1.32MB [20s] 
Writing at 0x0035f609 ━━━━━━━━━━━━━━━━━━╸             61.7% 832.00kB/1.32MB [20s] 
Writing at 0x0036605e ━━━━━━━━━━━━━━━━━━╸             62.9% 848.00kB/1.32MB [21s] 
Writing at 0x0036d099 ━━━━━━━━━━━━━━━━━━━             64.1% 864.00kB/1.32MB [21s] 
Writing at 0x00373d97 ━━━━━━━━━━━━━━━━━━━╸            65.3% 880.00kB/1.32MB [21s] 
Writing at 0x00379b7d ━━━━━━━━━━━━━━━━━━━╸            66.4% 896.00kB/1.32MB [22s] 
Writing at 0x003800f1 ━━━━━━━━━━━━━━━━━━━━            67.6% 912.00kB/1.32MB [22s] 
Writing at 0x003867f0 ━━━━━━━━━━━━━━━━━━━━╸           68.8% 928.00kB/1.32MB [23s] 
Writing at 0x0038c439 ━━━━━━━━━━━━━━━━━━━━╸           70.0% 944.00kB/1.32MB [23s] 
Writing at 0x003915c7 ━━━━━━━━━━━━━━━━━━━━━           71.2% 960.00kB/1.32MB [23s] 
Writing at 0x0039bd01 ━━━━━━━━━━━━━━━━━━━━━╸          72.4% 976.00kB/1.32MB [24s] 
Writing at 0x003a42b0 ━━━━━━━━━━━━━━━━━━━━━━          73.6% 992.00kB/1.32MB [24s] 
Writing at 0x003addb0 ━━━━━━━━━━━━━━━━━━━━━━          74.7% 1008.00kB/1.32MB [25s] 
Writing at 0x003b3d20 ━━━━━━━━━━━━━━━━━━━━━━╸         75.9% 1.00MB/1.32MB [25s] 
Writing at 0x003b9caa ━━━━━━━━━━━━━━━━━━━━━━━         77.1% 1.02MB/1.32MB [25s] 
Writing at 0x003bf2bb ━━━━━━━━━━━━━━━━━━━━━━━         78.3% 1.03MB/1.32MB [26s] 
Writing at 0x003c60cc ━━━━━━━━━━━━━━━━━━━━━━━╸        79.5% 1.05MB/1.32MB [26s] 
Writing at 0x003cdb09 ━━━━━━━━━━━━━━━━━━━━━━━━        80.7% 1.06MB/1.32MB [27s] 
Writing at 0x003d3950 ━━━━━━━━━━━━━━━━━━━━━━━━╸       81.9% 1.08MB/1.32MB [27s] 
Writing at 0x003dc12b ━━━━━━━━━━━━━━━━━━━━━━━━╸       83.0% 1.09MB/1.32MB [27s] 
Writing at 0x003e2c86 ━━━━━━━━━━━━━━━━━━━━━━━━━       84.2% 1.11MB/1.32MB [28s] 
Writing at 0x003e8b81 ━━━━━━━━━━━━━━━━━━━━━━━━━╸      85.4% 1.12MB/1.32MB [28s] 
Writing at 0x003ef8bc ━━━━━━━━━━━━━━━━━━━━━━━━━╸      86.6% 1.14MB/1.32MB [29s] 
Writing at 0x003f6bb7 ━━━━━━━━━━━━━━━━━━━━━━━━━━      87.8% 1.16MB/1.32MB [29s] 
Writing at 0x003fe0ec ━━━━━━━━━━━━━━━━━━━━━━━━━━╸     89.0% 1.17MB/1.32MB [29s] 
Writing at 0x00405e42 ━━━━━━━━━━━━━━━━━━━━━━━━━━━     90.2% 1.19MB/1.32MB [30s] 
Writing at 0x0040c503 ━━━━━━━━━━━━━━━━━━━━━━━━━━━     91.4% 1.20MB/1.32MB [30s] 
Writing at 0x0041385b ━━━━━━━━━━━━━━━━━━━━━━━━━━━╸    92.5% 1.22MB/1.32MB [31s] 
Writing at 0x0041bca7 ━━━━━━━━━━━━━━━━━━━━━━━━━━━━    93.7% 1.23MB/1.32MB [31s] 
Writing at 0x00422194 ━━━━━━━━━━━━━━━━━━━━━━━━━━━━    94.9% 1.25MB/1.32MB [31s] 
Writing at 0x00428100 ━━━━━━━━━━━━━━━━━━━━━━━━━━━━╸   96.1% 1.27MB/1.32MB [32s] 
Writing at 0x0042e098 ━━━━━━━━━━━━━━━━━━━━━━━━━━━━━   97.3% 1.28MB/1.32MB [32s] 
Writing at 0x0043361c ━━━━━━━━━━━━━━━━━━━━━━━━━━━━━╸  98.5% 1.30MB/1.32MB [33s] 
Writing at 0x0043a329 ━━━━━━━━━━━━━━━━━━━━━━━━━━━━━╸  99.7% 1.31MB/1.32MB [33s] 
Writing at 0x0043d400 ━━━━━━━━━━━━━━━━━━━━━━━━━━━━━━ 100.0% 1.32MB/1.32MB [33s] 
Wrote 2348032 bytes (1380987 compressed) at 0x00200000 in 31.5 seconds (595.5 kbit/s).
Verifying written data...
Hash of data verified.

Hard resetting via RTS pin...
