before-a.bin: OK
before-b.bin: OK
+ /home/regex/.espressif/python_env/idf6.1_py3.10_env/bin/esptool --chip esp32s31 --port /dev/serial/by-id/usb-Silicon_Labs_CP2102N_USB_to_UART_Bridge_Controller_f65e4ef67f71f011975a049f1045c30f-if00-port0 --baud 460800 write-flash --flash-size 16MB --flash-mode dio --flash-freq 80m 0x2000 /home/regex/work/esp32s31-openvela/openvela-dev/out/esp32s31-xts-flat-bttool/nuttx.bin
esptool v5.4.0
Serial port /dev/serial/by-id/usb-Silicon_Labs_CP2102N_USB_to_UART_Bridge_Controller_f65e4ef67f71f011975a049f1045c30f-if00-port0:
Connecting....
Connected to ESP32-S31 on /dev/serial/by-id/usb-Silicon_Labs_CP2102N_USB_to_UART_Bridge_Controller_f65e4ef67f71f011975a049f1045c30f-if00-port0:
Chip type:          ESP32-S31 (revision v0.0)
Features:           Wi-Fi 6, BT 5.4 (LE), IEEE802.15.4, Dual Core + LP Core, 300MHz
Crystal frequency:  40MHz
MAC:                30:ed:a0:f3:f7:b0

Uploading stub flasher...
Running stub flasher...
Stub flasher running.
Changing baud rate to 460800...
Changed.

Configuring flash size...
SHA digest in image updated.
Flash will be erased from 0x00002000 to 0x00129fff...
Compressed 1209988 bytes to 731725...
Writing at 0x00007d17 ╸                                2.2% 16.00kB/714.58kB [0s] 
Writing at 0x0000dbad ━                                4.5% 32.00kB/714.58kB [0s] 
Writing at 0x000146a2 ━━                               6.7% 48.00kB/714.58kB [1s] 
Writing at 0x0002a014 ━━╸                              9.0% 64.00kB/714.58kB [1s] 
Writing at 0x00034a24 ━━━                             11.2% 80.00kB/714.58kB [2s] 
Writing at 0x0003c0b8 ━━━━                            13.4% 96.00kB/714.58kB [2s] 
Writing at 0x000428a4 ━━━━╸                           15.7% 112.00kB/714.58kB [2s] 
Writing at 0x00048820 ━━━━━                           17.9% 128.00kB/714.58kB [3s] 
Writing at 0x0004e7bc ━━━━━━                          20.2% 144.00kB/714.58kB [3s] 
Writing at 0x00055349 ━━━━━━╸                         22.4% 160.00kB/714.58kB [4s] 
Writing at 0x0005b571 ━━━━━━━                         24.6% 176.00kB/714.58kB [4s] 
Writing at 0x00061780 ━━━━━━━━                        26.9% 192.00kB/714.58kB [4s] 
Writing at 0x00067cb8 ━━━━━━━━╸                       29.1% 208.00kB/714.58kB [5s] 
Writing at 0x0006f52b ━━━━━━━━━                       31.3% 224.00kB/714.58kB [5s] 
Writing at 0x0007520f ━━━━━━━━━━                      33.6% 240.00kB/714.58kB [6s] 
Writing at 0x0007bb92 ━━━━━━━━━━╸                     35.8% 256.00kB/714.58kB [6s] 
Writing at 0x00081bb9 ━━━━━━━━━━━                     38.1% 272.00kB/714.58kB [6s] 
Writing at 0x000879f2 ━━━━━━━━━━━━                    40.3% 288.00kB/714.58kB [7s] 
Writing at 0x0008dd20 ━━━━━━━━━━━━╸                   42.5% 304.00kB/714.58kB [7s] 
Writing at 0x00093eb6 ━━━━━━━━━━━━━                   44.8% 320.00kB/714.58kB [8s] 
Writing at 0x0009a270 ━━━━━━━━━━━━━━                  47.0% 336.00kB/714.58kB [8s] 
Writing at 0x000a04dc ━━━━━━━━━━━━━━╸                 49.3% 352.00kB/714.58kB [8s] 
Writing at 0x000a67b4 ━━━━━━━━━━━━━━━                 51.5% 368.00kB/714.58kB [9s] 
Writing at 0x000ac74f ━━━━━━━━━━━━━━━━                53.7% 384.00kB/714.58kB [9s] 
Writing at 0x000b26e5 ━━━━━━━━━━━━━━━━╸               56.0% 400.00kB/714.58kB [10s] 
Writing at 0x000b8e13 ━━━━━━━━━━━━━━━━━               58.2% 416.00kB/714.58kB [10s] 
Writing at 0x000bf7f1 ━━━━━━━━━━━━━━━━━━              60.5% 432.00kB/714.58kB [10s] 
Writing at 0x000c6082 ━━━━━━━━━━━━━━━━━━╸             62.7% 448.00kB/714.58kB [11s] 
Writing at 0x000cc160 ━━━━━━━━━━━━━━━━━━━             64.9% 464.00kB/714.58kB [11s] 
Writing at 0x000d2967 ━━━━━━━━━━━━━━━━━━━━            67.2% 480.00kB/714.58kB [12s] 
Writing at 0x000d8940 ━━━━━━━━━━━━━━━━━━━━╸           69.4% 496.00kB/714.58kB [12s] 
Writing at 0x000de850 ━━━━━━━━━━━━━━━━━━━━━           71.7% 512.00kB/714.58kB [12s] 
Writing at 0x000e4578 ━━━━━━━━━━━━━━━━━━━━━━          73.9% 528.00kB/714.58kB [13s] 
Writing at 0x000eb1f8 ━━━━━━━━━━━━━━━━━━━━━━╸         76.1% 544.00kB/714.58kB [13s] 
Writing at 0x000f104c ━━━━━━━━━━━━━━━━━━━━━━━╸        78.4% 560.00kB/714.58kB [14s] 
Writing at 0x000f6b25 ━━━━━━━━━━━━━━━━━━━━━━━━        80.6% 576.00kB/714.58kB [14s] 
Writing at 0x000fc15d ━━━━━━━━━━━━━━━━━━━━━━━━╸       82.8% 592.00kB/714.58kB [14s] 
Writing at 0x00101f8a ━━━━━━━━━━━━━━━━━━━━━━━━━╸      85.1% 608.00kB/714.58kB [15s] 
Writing at 0x00107ee3 ━━━━━━━━━━━━━━━━━━━━━━━━━━      87.3% 624.00kB/714.58kB [15s] 
Writing at 0x0010e33f ━━━━━━━━━━━━━━━━━━━━━━━━━━╸     89.6% 640.00kB/714.58kB [16s] 
Writing at 0x00114148 ━━━━━━━━━━━━━━━━━━━━━━━━━━━╸    91.8% 656.00kB/714.58kB [16s] 
Writing at 0x00119aba ━━━━━━━━━━━━━━━━━━━━━━━━━━━━    94.0% 672.00kB/714.58kB [16s] 
Writing at 0x0011fccb ━━━━━━━━━━━━━━━━━━━━━━━━━━━━╸   96.3% 688.00kB/714.58kB [17s] 
Writing at 0x00125ab4 ━━━━━━━━━━━━━━━━━━━━━━━━━━━━━╸  98.5% 704.00kB/714.58kB [17s] 
Writing at 0x00129684 ━━━━━━━━━━━━━━━━━━━━━━━━━━━━━━ 100.0% 714.58kB/714.58kB [17s] 
Wrote 1209988 bytes (731725 compressed) at 0x00002000 in 17.9 seconds (540.0 kbit/s).
Verifying written data...
Hash of data verified.

Hard resetting via RTS pin...
