XTS_RECEIPT=/home/regex/work/esp32s31-openvela/backups/2026-09-10-scan-stress/build1195-scanf-eof.sha256
SCOPE=command bringup; no speaker/listening evidence; NOT category PASS
ESP-ROM:esp32s31-20251218
Build:Dec 18 2025
rst:0x1 (POWERON),boot:0x7f (SPI_FAST_FLASH_BOOT)
SPI mode:DIO, clock div:1
load:0x2e000000,len:0x18
load:0x2f000000,len:0xb498
entry 0x2f008b38
*** Booting NuttX ***
rtc: lma 0x00002020 vma 0x2e000000 len 0x18     (24)
dram: lma 0x00002040 vma 0x2f000000 len 0xb498   (46232)
padd: lma 0x0000d508 vma 0x00000000 len 0x2b10   (11024)
imap: lma 0x00010020 vma 0x40050020 len 0xc508   (50440)
padd: lma 0x0001c530 vma 0x00000000 len 0x3bc8   (15304)
imap: lma 0x00020100 vma 0x40000100 len 0x408a4  (264356)
total segments stored 6
ABCes8311_initialize: Initializing ES8311
es8311_initialize: ES8311: address=18 frequency=100000
es8311_reset: ES8311 reset triggered.
es8311_writereg: Write: 01 <- 30
es8311_writereg: Write: 02 <- 00
es8311_writereg: Write: 03 <- 10
es8311_writereg: Write: 16 <- 24
es8311_writereg: Write: 04 <- 10
es8311_writereg: Write: 05 <- 00
es8311_writereg: Write: 0b <- 00
es8311_writereg: Write: 0c <- 00
es8311_writereg: Write: 10 <- 1f
es8311_writereg: Write: 11 <- 7f
es8311_writereg: Write: 00 <- 80
es8311_reset: ES8311 in Slave mode.
es8311_readreg: Read: 00 -> 80
es8311_writereg: Write: 00 <- 80
es8311_writereg: Write: 01 <- 3f
es8311_readreg: Read: 01 -> 3f
es8311_writereg: Write: 01 <- 3f
es8311_getcoeff: MCLK: 12288000, samplerate: 48000
es8311_readreg: Read: 02 -> 00
es8311_writereg: Write: 02 <- 00
es8311_readreg: Read: 05 -> 00
es8311_writereg: Write: 05 <- 00
es8311_readreg: Read: 03 -> 10
es8311_writereg: Write: 03 <- 10
es8311_readreg: Read: 04 -> 10
es8311_writereg: Write: 04 <- 10
es8311_readreg: Read: 07 -> 00
es8311_writereg: Write: 07 <- 00
es8311_readreg: Read: 08 -> ff
es8311_writereg: Write: 08 <- ff
es8311_readreg: Read: 06 -> 03
es8311_writereg: Write: 06 <- 03
es8311_setsamplerate: Sample rate set to: 48000.
es8311_readreg: Read: 0a -> 4c
es8311_writereg: Write: 0a <- 4c
es8311_readreg: Read: 09 -> 4c
es8311_writereg: Write: 09 <- 4c
es8311_setbitspersample: Bits per sample set to: 16
es8311_readreg: Read: 01 -> 3f
es8311_writereg: Write: 01 <- 3f
es8311_readreg: Read: 06 -> 03
es8311_writereg: Write: 06 <- 03
es8311_writereg: Write: 13 <- 10
es8311_writereg: Write: 1b <- 0a
es8311_writereg: Write: 1c <- 6a
es8311_writereg: Write: 17 <- c8
es8311_setvolume: Volume set to 1000
es8311_writereg: Write: 32 <- ad
es8311_setvolume: Volume set to 400
es8311_reset: ES8311 reset complete.
es8311_initialize: ES8311 initialized.
es8311_initialize: Initializing ES8311
es8311_initialize: ES8311: address=18 frequency=100000
es8311_initialize: ES8311 initialized.
audio_register: Registering /dev/audio/pcm0p
audio_register: Registering /dev/audio/pcm0c
ES8311: pcm0p/pcm0c duplex, 48000/16/2 slots

NuttShell (NSH)
nsh> [K
XTS_COMMAND=ls /dev/audio
--- CMD: ls /dev/audio ---
ls /dev/audio
/dev/audio:
 pcm0c
 pcm0p
nsh> [K
nsh> [K
XTS_COMMAND=free
--- CMD: free ---
free
      total       used       free    maxused    maxfree  nused  nfree name
   17232328      23224   17209104      30176   16777200     45      3 Umem
nsh> [K
nsh> [K
XTS_COMMAND=nxlooper
nxlooper
NxLooper version 1.00
h for commands, q to exit

nxlooper> [K
XTS_COMMAND=device pcm0p
device pcm0p
audio_ioctl: cmd: 4097 arg: 788602368
audio_ioctl: AUDIOIOC_GETCAPS: Device=0
es8311_getcaps: getcaps: type=0 ac_type=0
audio_close: calling shutdown
es8311_shutdown: Shutdown triggered
nxlooper> [K
XTS_COMMAND=device pcm0c
device pcm0c
audio_ioctl: cmd: 4097 arg: 788602368
audio_ioctl: AUDIOIOC_GETCAPS: Device=0
es8311_getcaps: getcaps: type=0 ac_type=0
audio_close: calling shutdown
es8311_shutdown: Shutdown triggered
nxlooper> [K
XTS_COMMAND=loopback 2 16 48000
loopback 2 16 48000
nxlooper_loopback: ==============================
nxlooper_loopback: loopback raw data
nxlooper_loopback: ==============================
audio_ioctl: cmd: 4098 arg: 0
audio_ioctl: AUDIOIOC_RESERVE
es8311_reserve: ES8311 Reserve
audio_ioctl: cmd: 4098 arg: 0
audio_ioctl: AUDIOIOC_RESERVE
es8311_reserve: ES8311 Reserve
audio_ioctl: cmd: 4097 arg: 788602432
audio_ioctl: AUDIOIOC_GETCAPS: Device=1
es8311_getcaps: getcaps: type=1 ac_type=1
audio_ioctl: cmd: 4100 arg: 788602320
audio_ioctl: AUDIOIOC_INITIALIZE: Device=1
audio_configure: configure: status=0 ac_type: 1 
es8311_configure: configure: ac_type: 1
audio_ioctl: cmd: 4100 arg: 788602320
audio_ioctl: AUDIOIOC_INITIALIZE: Device=2
audio_configure: configure: status=0 ac_type: 2 
es8311_configure: configure: ac_type: 2
audio_ioctl: cmd: 4106 arg: 788602272
audio_ioctl: AUDIOIOC_GETBUFFERINFO
es8311_ioctl: AUDIOIOC_GETBUFFERINFO:
audio_ioctl: cmd: 4110 arg: 5
audio_ioctl: AUDIOIOC_REGISTERMQ
audio_ioctl: cmd: 4110 arg: 5
audio_ioctl: AUDIOIOC_REGISTERMQ
nxlooper_loopthread: Entry
audio_ioctl: cmd: 4106 arg: 788628332
audio_ioctl: AUDIOIOC_GETBUFFERINFO
es8311_ioctl: AUDIOIOC_GETBUFFERINFO:
audio_ioctl: cmd: 4107 arg: 788628352
audio_ioctl: AUDIOIOC_ALLOCBUFFER
audio_ioctl: cmd: 4107 arg: 788628352
audio_ioctl: AUDIOIOC_ALLOCBUFFER
audio_ioctl: cmd: 4107 arg: 788628352
audio_ioctl: AUDIOIOC_ALLOCBUFFER
audio_ioctl: cmd: 4107 arg: 788628352
audio_ioctl: AUDIOIOC_ALLOCBUFFER
audio_ioctl: cmd: 4109 arg: 788628280
audio_ioctl: AUDIOIOC_ENQUEUEBUFFER
es8311_enqueuebuffer: Enqueueing: apb=0x2f012310 curbyte=0 nbytes=4096 flags=0010
audio_ioctl: cmd: 4109 arg: 788628280
audio_ioctl: AUDIOIOC_ENQUEUEBUFFER
es8311_enqueuebuffer: Enqueueing: apb=0x2f0123a8 curbyte=0 nbytes=4096 flags=0010
audio_ioctl: cmd: 4109 arg: 788628280
audio_ioctl: AUDIOIOC_ENQUEUEBUFFER
es8311_enqueuebuffer: Enqueueing: apb=0x2f012440 curbyte=0 nbytes=4096 flags=0010
audio_ioctl: cmd: 4109 arg: 788628280
audio_ioctl: AUDIOIOC_ENQUEUEBUFFER
es8311_enqueuebuffer: Enqueueing: apb=0x2f0124d8 curbyte=0 nbytes=4096 flags=0010
audio_ioctl: cmd: 4106 arg: 788628336
audio_ioctl: AUDIOIOC_GETBUFFERINFO
es8311_ioctl: AUDIOIOC_GETBUFFERINFO:
audio_ioctl: cmd: 4107 arg: 788628352
audio_ioctl: AUDIOIOC_ALLOCBUFFER
audio_ioctl: cmd: 4107 arg: 788628352
audio_ioctl: AUDIOIOC_ALLOCBUFFER
audio_ioctl: cmd: 4107 arg: 788628352
audio_ioctl: AUDIOIOC_ALLOCBUFFER
audio_ioctl: cmd: 4107 arg: 788628352
audio_ioctl: AUDIOIOC_ALLOCBUFFER
audio_ioctl: cmd: 4102 arg: 0
audio_ioctl: AUDIOIOC_START
audio_start: start: status=1
es8311_start: ES8311 Start
es8311_readreg: Read: 0a -> 4c
es8311_writereg: Write: 0a <- 0c
es8311_writereg: Write: 17 <- bf
es8311_writereg: Write: 0e <- 02
es8311_writereg: Write: 12 <- 00
es8311_writereg: Write: 14 <- 1a
es8311_writereg: Write: 0d <- 01
es8311_writereg: Write: 15 <- 40
es8311_writereg: Write: 37 <- 48
es8311_writereg: Write: 45 <- 00
es8311_writereg: Write: 44 <- 50
es8311_start: Operation has been started.
es8311_readreg: Read: 0a -> 0c
es8311_writereg: Write: 0a <- 0c
es8311_start: Starting worker thread
es8311_workerthread: ES8311 worker thread starting
es8311_processbegin: Transferring apb=0x2f012310, size=4096 inflight=0
es8311_processbegin: Transferring apb=0x2f0123a8, size=4096 inflight=1
es8311_start: Created worker thread
es8311_processdone: Transfer done: apb=0x2f012310 inflight=2 result=-5
es8311_workerthread: AUDIO_MSG_COMPLETE
es8311_returnbuffers: Returning: apb=0x2f012310 curbyte=0 nbytes=4096 flags=0010
audio_callback: Entry
audio_dequeuebuffer: Entry
nxlooper_loopthread: message received size 8 id1
audio_ioctl: cmd: 4109 arg: 788628280
audio_ioctl: AUDIOIOC_ENQUEUEBUFFER
es8311_enqueuebuffer: Enqueueing: apb=0x2f012310 curbyte=0 nbytes=4096 flags=0010
nxlooper_enqueuerecordbuffer: ERROR: AUDIOIOC_ENQUEUEBUFFER ioctl failed: 5
nxlooper_loopthread: Stopping looping
audio_ioctl: cmd: 4103 arg: 0
audio_ioctl: AUDIOIOC_STOP
audio_ioctl: cmd: 4103 arg: 0
audio_ioctl: AUDIOIOC_STOP
audio_stop: stop: nstate=0 status=5
es8311_stop: ES8311 Stop
es8311_workerthread: AUDIO_MSG_STOP: Terminating
es8311_processdone: Transfer done: apb=0x2f0123a8 inflight=1 result=-5
es8311_workerthread: AUDIO_MSG_COMPLETE
es8311_returnbuffers: Returning: apb=0x2f0123a8 curbyte=0 nbytes=4096 flags=0010
audio_callback: Entry
audio_dequeuebuffer: Entry
es8311_readreg: Read: 0a -> 0c
es8311_writereg: Write: 0a <- 4c
es8311_reset: ES8311 reset triggered.
es8311_writereg: Write: 01 <- 30
es8311_writereg: Write: 02 <- 00
es8311_writereg: Write: 03 <- 10
es8311_writereg: Write: 16 <- 24
es8311_writereg: Write: 04 <- 10
es8311_writereg: Write: 05 <- 00
es8311_writereg: Write: 0b <- 00
es8311_writereg: Write: 0c <- 00
es8311_writereg: Write: 10 <- 1f
es8311_writereg: Write: 11 <- 7f
es8311_writereg: Write: 00 <- 80
es8311_reset: ES8311 in Slave mode.
es8311_readreg: Read: 00 -> 80
es8311_writereg: Write: 00 <- 80
es8311_writereg: Write: 01 <- 3f
es8311_readreg: Read: 01 -> 3f
es8311_writereg: Write: 01 <- 3f
es8311_getcoeff: MCLK: 12288000, samplerate: 48000
es8311_readreg: Read: 02 -> 00
es8311_writereg: Write: 02 <- 00
es8311_readreg: Read: 05 -> 00
es8311_writereg: Write: 05 <- 00
es8311_readreg: Read: 03 -> 10
es8311_writereg: Write: 03 <- 10
es8311_readreg: Read: 04 -> 10
es8311_writereg: Write: 04 <- 10
es8311_readreg: Read: 07 -> 00
es8311_writereg: Write: 07 <- 00
es8311_readreg: Read: 08 -> ff
es8311_writereg: Write: 08 <- ff
es8311_readreg: Read: 06 -> 03
es8311_writereg: Write: 06 <- 03
es8311_setsamplerate: Sample rate set to: 48000.
es8311_readreg: Read: 0a -> 4c
es8311_writereg: Write: 0a <- 4c
es8311_setbitspersample: Bits per sample set to: 16
es8311_readreg: Read: 01 -> 3f
es8311_writereg: Write: 01 <- 3f
es8311_readreg: Read: 06 -> 03
es8311_writereg: Write: 06 <- 03
es8311_writereg: Write: 13 <- 10
es8311_writereg: Write: 1b <- 0a
es8311_writereg: Write: 1c <- 6a
es8311_writereg: Write: 17 <- c8
es8311_setvolume: Volume set to 1000
es8311_writereg: Write: 32 <- ad
es8311_setvolume: Volume set to 400
es8311_reset: ES8311 reset complete.
es8311_writereg: Write: 0e <- ff
es8311_writereg: Write: 12 <- 02
es8311_writereg: Write: 14 <- 00
es8311_writereg: Write: 0d <- fa
audio_callback: Entry
audio_dequeuebuffer: Entry
audio_callback: Entry
audio_dequeuebuffer: Entry
audio_callback: Entry
audio_complete: Entry
es8311_workerthread: ES8311 worker thread finishing
es8311_stop: Failed to stop operation.
nxlooper_loopthread: message received size 8 id1
nxlooper_loopthread: message received size 8 id1
nxlooper_loopthread: message received size 8 id1
nxlooper_loopthread: message received size 8 id8
nxlooper> [K
Traceback (most recent call last):
  File "/home/regex/work/esp32s31-openvela/backups/2026-09-10-scan-stress/run1196-nxlooper-eof.py", line 53, in <module>
    inner(port, 'loopback 2 16 48000')
  File "/home/regex/work/esp32s31-openvela/backups/2026-09-10-scan-stress/run1196-nxlooper-eof.py", line 38, in inner
    k.require(not re.search(rb'error|fail|panic|assert|not found|not an audio|busy', output, re.I),
  File "/home/regex/work/esp32s31-openvela/backups/2026-09-10-scan-stress/xts-kvdb-suite.py", line 22, in require
    raise RuntimeError(message)
RuntimeError: interactive failure
