XTS_RECEIPT=/home/regex/work/esp32s31-openvela/backups/2026-09-10-scan-stress/build948-flat-category-kv.sha256
IMAGE_SHA256=c8e3dcc651b8c324cb9d44541e59b1d948a6536d79a5e33654aa10d5b208a4b1
XTS_PREREQUISITES={"/home/regex/work/esp32s31-openvela/backups/2026-09-10-scan-stress/build948-flat-category-kv.sha256": "046c258588768670fda0f85e303f7d8e3150c6def532ca2259966fcc1b827560", "/home/regex/work/esp32s31-openvela/backups/2026-09-10-scan-stress/checkpoint992-flash-target/initial-blank-backup/manifest.json": "a4109c2f6f9fb4c77a18fee0b98c60b6e59d9e0f5982a4604338d126e4062f18", "/home/regex/work/esp32s31-openvela/backups/2026-09-10-scan-stress/checkpoint992-flash-target/logs/xts992-original-flash-block.log": "2f5483d3f41f0f4d91b496e866a7869fb1222da94dec0abd7f02ac1c158a5327", "/home/regex/work/esp32s31-openvela/backups/2026-09-10-scan-stress/checkpoint994-flash-target/logs/xts994-original-flash-raw.log": "3aeac272d09344b2aaab464d1e83d94ce26e2e05cc643180ce82db430877bdfa", "/home/regex/work/esp32s31-openvela/openvela-dev/out/esp32s31-xts-flat-category-kv/.config": "0a892b869d16de93377ec0da2cf66e33ac83173177258a11cd8f10710f3adf5b"}
XTS_RESET=single_initial_reset
ESP-ROM:esp32s31-20251218
Build:Dec 18 2025
rst:0x1 (POWERON),boot:0x7f (SPI_FAST_FLASH_BOOT)
SPI mode:DIO, clock div:1
load:0x2e000000,len:0x18
load:0x2f000000,len:0x90a0
load:0x2f009100,len:0x1554
entry 0x2f008d18
*** Booting NuttX ***
rtc: lma 0x00002020 vma 0x2e000000 len 0x18     (24)
dram: lma 0x00002040 vma 0x2f000000 len 0x90a0   (37024)
dram: lma 0x0000b0e8 vma 0x2f009100 len 0x1554   (5460)
padd: lma 0x0000c668 vma 0x00000000 len 0x39b0   (14768)
imap: lma 0x00010020 vma 0x40060020 len 0xc590   (50576)
padd: lma 0x0001c5b8 vma 0x00000000 len 0x3b40   (15168)
imap: lma 0x00020100 vma 0x40000100 len 0x501b0  (328112)
total segments stored 7
ABCxTS Flash scratch: /dev/xtsflash offset=0xc00000 size=0x100000

NuttShell (NSH)
nsh> [K

XTS_COMMAND=mount
--- CMD: mount ---
mount
  /proc type procfs
  /tmp type tmpfs
nsh> [K
nsh> [K

XTS_COMMAND=ps
--- CMD: ps ---
ps
  PID GROUP PRI POLICY   TYPE    NPX STATE    EVENT     SIGMASK            STACK COMMAND
    0     0   0 FIFO     Kthread   - Ready              0000000000000000 0002016 CPU0 IDLE
    1     0 224 RR       Kthread   - Waiting  Semaphore 0000000000000000 0004016 hpwork 0x2f009600 0x2f009648
    2     0 100 RR       Kthread   - Waiting  Semaphore 0000000000000000 0004016 lpwork 0x2f009580 0x2f0095c8
    4     0 223 RR       Kthread   - Waiting  Semaphore 0000000000000000 0004032 hr_timer
    5     5 100 RR       Task      - Running            0000000000000000 0008120 nsh_main
nsh> [K
nsh> [K

XTS_COMMAND=ls /dev/xtsflash
--- CMD: ls /dev/xtsflash ---
ls /dev/xtsflash
 /dev/xtsflash
nsh> [K
nsh> [K

XTS_COMMAND=mkdir -p /data
--- CMD: mkdir -p /data ---
mkdir -p /data
nsh> [K
nsh> [K

XTS_COMMAND=mount -t littlefs -o forceformat /dev/xtsflash /data
--- CMD: mount -t littlefs -o forceformat /dev/xtsflash /data ---
mount -t littlefs -o forceformat /dev/xtsflash /data
nsh> [K
nsh> [K

XTS_COMMAND=mount
--- CMD: mount ---
mount
  /data type littlefs
  /proc type procfs
  /tmp type tmpfs
nsh> [K
nsh> [K

XTS_COMMAND=df
--- CMD: df ---
df
  Block    Number
  Size     Blocks       Used   Available Mounted on
  4096        256          2         254 /data
     0          0          0           0 /proc
   512          1          1           0 /tmp
nsh> [K
nsh> [K

XTS_COMMAND=free
--- CMD: free ---
free
      total       used       free    maxused    maxfree  nused  nfree name
   17233504      19360   17214144      25416   16777200     44      5 Umem
nsh> [K
nsh> [K
XTS_1012_FIRST_SCRATCH_MOUNT=PASS no_kv_test_executed
