XTS_RECEIPT=/home/regex/work/esp32s31-openvela/backups/2026-09-10-scan-stress/build967-competition-wapi.sha256
ESP-ROM:esp32s31-20251218
Build:Dec 18 2025
rst:0x1 (POWERON),boot:0x5f (SPI_FAST_FLASH_BOOT)
SPI mode:DIO, clock div:1
load:0x2e000000,len:0x18
load:0x2f000000,len:0x10820
load:0x2f010880,len:0x3a90
entry 0x2f0103b4
*** Booting NuttX ***
rtc: lma 0x00002020 vma 0x2e000000 len 0x18     (24)
dram: lma 0x00002040 vma 0x2f000000 len 0x10820  (67616)
dram: lma 0x00012868 vma 0x2f010880 len 0x3a90   (14992)
padd: lma 0x00016328 vma 0x00000000 len 0x9cf0   (40176)
imap: lma 0x00020020 vma 0x400e0020 len 0x21784  (137092)
padd: lma 0x000417ac vma 0x00000000 len 0xe94c   (59724)
imap: lma 0x00050100 vma 0x40000100 len 0xd06dc  (853724)
total segments stored 7
ABC[CPU0] S31 hardware crypto: SHA1/SHA256/SHA512 PIO
[CPU0] S31 hardware crypto: HMAC-SHA1/256 via SHA PIO
[CPU0] S31 hardware crypto: ECDSA P256 verify only
[CPU0] S31 hardware crypto: AES-CBC 128/256-bit PIO
[CPU0] S31 hardware crypto: AES-CTR/XTS full-block PIO
[CPU0] CPU1 SMP online: ipi0=0 timer1=0
[CPU1] AppFS header: 2d726f6d3166732d
[CPU1] AppFS MTD boundary checks: PASS
[CPU1] AppFS writable LittleFS: offset=0x500000 size=0x700000
[CPU1] Initializing Wi-Fi station
[CPU0] E1 Wi-Fi station netdev ready

NuttShell (NSH)
nsh> [K
--- CMD: ifconfig wlan0 ---
ifconfig wlan0
wlan0	Link encap:Ethernet HWaddr 30:ed:a0:f3:f7:b0 at DOWN mtu 1500
	inet addr:0.0.0.0 DRaddr:10.0.0.1 Mask:255.255.255.0

nsh> [K
nsh> [K
--- CMD: ifup wlan0 ---
ifup wlan0
[CPU0] set_intr_wrapper: S31 IRQ route: cpu=0 source=122 vector=1 priority=1
[CPU0] set_intr_wrapper: S31 IRQ route: cpu=0 source=120 vector=1 priority=1
[CPU0] enable_intr_wrapper: S31 IRQ enable: mask=00000002 vector=1 irq=137
[CPU0] esp_wifi_sta_start: S31 frame statistics enable: rx=0 tx=0
ifup wlan0...OK
nsh> [K
nsh> [K
--- CMD: wapi scan wlan0 ---
wapi scan wlan0
[CPU0] esp_wifi_start_scan: S31 scan request: type=0 channel=0 country_ret=0 first=1 count=11
[CPU0] esp_event_post_wrapper: S31 scan event: status=0 aps=14 id=128
[CPU0] esp_event_post_wrapper: S31 Wi-Fi ISR calls: cpu0=43 cpu1=0
[CPU0] esp_wifi_scan_event_parse: S31 scan count: ret=0 aps=14
bssid / frequency / signal level / encode / ssid
a4:ba:70:3a:61:31	2412	-92	0800	CU-C4F4_plus
c4:16:c8:5a:e5:6c	2462	-87	0800	HUAWEI-J
98:0d:51:96:33:54	2437	-87	0800	HDMRC
c2:a4:76:28:e1:eb	2437	-86	0800	@Ruijie-s9599_iot
c0:a4:76:e8:e1:eb	2437	-85	0800	@Ruijie-s9599
30:99:35:5e:4f:63	2432	-85	0800	CU_nhbU
ca:33:e5:05:fe:88	2432	-85	0800	阳光
90:7e:43:c9:d4:3c	2427	-85	0800	XXN3M
24:69:68:38:77:70	2412	-83	0800	wlj
7c:39:85:2a:50:04	2462	-76	0800	Kal'tsit
60:ce:41:46:0e:ec	2412	-75	0800	Kal'tsit
bc:54:fc:36:e1:c2	2462	-72	0800	MERCURY_E1C2
60:ce:41:ab:02:d2	2462	-66	0800	STB_T4Zp
60:ce:41:ab:02:d0	2462	-66	0800	Kal'tsit
nsh> [K
nsh> [K
XTS_5.1.42_SCAN=1 PASS AP_COUNT=14
--- CMD: wapi scan wlan0 ---
wapi scan wlan0
[CPU0] esp_wifi_start_scan: S31 scan request: type=0 channel=0 country_ret=0 first=1 count=11
[CPU0] esp_event_post_wrapper: S31 scan event: status=0 aps=17 id=129
[CPU0] esp_event_post_wrapper: S31 Wi-Fi ISR calls: cpu0=100 cpu1=0
[CPU0] esp_wifi_scan_event_parse: S31 scan count: ret=0 aps=17
bssid / frequency / signal level / encode / ssid
08:f4:58:ab:c0:18	2437	-90	0800	HDMRC
c4:16:c8:5a:e5:6c	2462	-87	0800	HUAWEI-J
c2:a4:76:28:e1:eb	2437	-87	0800	@Ruijie-s9599_iot
c0:a4:76:e8:e1:eb	2437	-87	0800	@Ruijie-s9599
c8:cd:55:f5:00:a1	2422	-87	0800	海淀区物资回收公司
60:10:9e:e0:ae:2c	2417	-87	0800	HUAWEI-J
10:9f:4f:43:b2:ca	2437	-86	0800	CMCC-C2C9
98:0d:51:96:33:54	2437	-86	0800	HDMRC
a4:ba:70:3a:61:31	2412	-86	0800	CU-C4F4_plus
24:69:68:38:77:70	2412	-83	0800	wlj
50:78:b3:a3:c4:f4	2412	-82	0800	CU-C4F4
94:bf:80:7e:6f:c9	2422	-81	0800	CU_rfNY
60:ce:41:46:0e:ec	2412	-75	0800	Kal'tsit
7c:39:85:2a:50:04	2462	-74	0800	Kal'tsit
bc:54:fc:36:e1:c2	2462	-72	0800	MERCURY_E1C2
60:ce:41:ab:02:d2	2462	-66	0800	STB_T4Zp
60:ce:41:ab:02:d0	2462	-66	0800	Kal'tsit
nsh> [K
nsh> [K
XTS_5.1.42_SCAN=2 PASS AP_COUNT=17
--- CMD: wapi scan wlan0 ---
wapi scan wlan0
[CPU0] esp_wifi_start_scan: S31 scan request: type=0 channel=0 country_ret=0 first=1 count=11
[CPU0] esp_event_post_wrapper: S31 scan event: status=0 aps=15 id=130
[CPU0] esp_event_post_wrapper: S31 Wi-Fi ISR calls: cpu0=149 cpu1=0
[CPU0] esp_wifi_scan_event_parse: S31 scan count: ret=0 aps=15
bssid / frequency / signal level / encode / ssid
c2:a4:76:28:e1:eb	2437	-88	0800	@Ruijie-s9599_iot
10:9f:4f:43:b2:ca	2437	-88	0800	CMCC-C2C9
c0:a4:76:e8:e1:eb	2437	-87	0800	@Ruijie-s9599
3c:06:a7:2a:3e:71	2437	-87	0800	KYAFL
60:10:9e:e0:ae:2e	2417	-87	0800	STB_dK89
90:7e:43:c9:d4:3c	2427	-86	0800	XXN3M
98:0d:51:96:33:54	2437	-85	0800	HDMRC
30:99:35:5e:4f:63	2432	-85	0800	CU_nhbU
24:69:68:38:77:70	2412	-82	0800	wlj
94:bf:80:7e:6f:c9	2422	-79	0800	CU_rfNY
7c:39:85:2a:50:04	2462	-76	0800	Kal'tsit
60:ce:41:46:0e:ec	2412	-76	0800	Kal'tsit
bc:54:fc:36:e1:c2	2462	-72	0800	MERCURY_E1C2
60:ce:41:ab:02:d2	2462	-66	0800	STB_T4Zp
60:ce:41:ab:02:d0	2462	-66	0800	Kal'tsit
nsh> [K
nsh> [K
XTS_5.1.42_SCAN=3 PASS AP_COUNT=15
--- CMD: wapi scan wlan0 ---
wapi scan wlan0
[CPU0] esp_wifi_start_scan: S31 scan request: type=0 channel=0 country_ret=0 first=1 count=11
[CPU0] esp_event_post_wrapper: S31 scan event: status=0 aps=16 id=131
[CPU0] esp_event_post_wrapper: S31 Wi-Fi ISR calls: cpu0=201 cpu1=0
[CPU0] esp_wifi_scan_event_parse: S31 scan count: ret=0 aps=16
bssid / frequency / signal level / encode / ssid
10:9f:4f:43:b2:ca	2437	-89	0800	CMCC-C2C9
08:f4:58:ab:c0:18	2437	-89	0800	HDMRC
c2:a4:76:28:e1:eb	2437	-88	0800	@Ruijie-s9599_iot
c0:a4:76:e8:e1:eb	2437	-87	0800	@Ruijie-s9599
60:10:9e:e0:ae:2c	2417	-87	0800	HUAWEI-J
a4:ba:70:3a:61:31	2412	-87	0800	CU-C4F4_plus
3c:06:a7:2a:3e:71	2437	-86	0800	KYAFL
98:0d:51:96:33:54	2437	-86	0800	HDMRC
ca:33:e5:05:fe:88	2432	-86	0800	阳光
24:69:68:38:77:70	2412	-83	0800	wlj
94:bf:80:7e:6f:c9	2422	-82	0800	CU_rfNY
60:ce:41:46:0e:ec	2412	-82	0800	Kal'tsit
7c:39:85:2a:50:04	2462	-73	0800	Kal'tsit
bc:54:fc:36:e1:c2	2462	-72	0800	MERCURY_E1C2
60:ce:41:ab:02:d2	2462	-65	0800	STB_T4Zp
60:ce:41:ab:02:d0	2462	-65	0800	Kal'tsit
nsh> [K
nsh> [K
XTS_5.1.42_SCAN=4 PASS AP_COUNT=16
--- CMD: wapi scan wlan0 ---
wapi scan wlan0
[CPU0] esp_wifi_start_scan: S31 scan request: type=0 channel=0 country_ret=0 first=1 count=11
[CPU0] esp_event_post_wrapper: S31 scan event: status=0 aps=19 id=132
[CPU0] esp_event_post_wrapper: S31 Wi-Fi ISR calls: cpu0=270 cpu1=0
[CPU0] esp_wifi_scan_event_parse: S31 scan count: ret=0 aps=19
bssid / frequency / signal level / encode / ssid
24:5a:5f:78:74:42	2462	-91	0800	falcom219
24:4b:fe:71:52:f0	2457	-90	0800	Asus-ax68u
08:f4:58:ab:c0:18	2437	-89	0800	HDMRC
60:10:9e:e0:ae:2e	2417	-89	0800	STB_dK89
60:10:9e:e0:ae:2c	2417	-89	0800	HUAWEI-J
3c:06:a7:2a:3e:71	2437	-88	0800	KYAFL
c0:a4:76:e8:e1:eb	2437	-88	0800	@Ruijie-s9599
a4:ba:70:3a:61:31	2412	-88	0800	CU-C4F4_plus
10:9f:4f:43:b2:ca	2437	-86	0800	CMCC-C2C9
ca:33:e5:05:fe:88	2432	-86	0800	阳光
c4:16:c8:5a:e5:6c	2462	-85	0800	HUAWEI-J
98:0d:51:96:33:54	2437	-85	0800	HDMRC
c2:a4:76:28:e1:eb	2437	-85	0800	@Ruijie-s9599_iot
24:69:68:38:77:70	2412	-83	0800	wlj
94:bf:80:7e:6f:c9	2422	-80	0800	CU_rfNY
60:ce:41:46:0e:ec	2412	-79	0800	Kal'tsit
7c:39:85:2a:50:04	2462	-73	0800	Kal'tsit
60:ce:41:ab:02:d2	2462	-65	0800	STB_T4Zp
60:ce:41:ab:02:d0	2462	-64	0800	Kal'tsit
nsh> [K
nsh> [K
XTS_5.1.42_SCAN=5 PASS AP_COUNT=19
--- CMD: wapi scan wlan0 ---
wapi scan wlan0
[CPU0] esp_wifi_start_scan: S31 scan request: type=0 channel=0 country_ret=0 first=1 count=11
[CPU0] esp_event_post_wrapper: S31 scan event: status=0 aps=19 id=133
[CPU0] esp_event_post_wrapper: S31 Wi-Fi ISR calls: cpu0=313 cpu1=0
[CPU0] esp_wifi_scan_event_parse: S31 scan count: ret=0 aps=19
bssid / frequency / signal level / encode / ssid
3c:06:a7:2a:3e:71	2437	-90	0800	KYAFL
24:5a:5f:78:74:42	2462	-89	0800	falcom219
24:4b:fe:71:52:f0	2457	-89	0800	Asus-ax68u
08:f4:58:ab:c0:18	2437	-89	0800	HDMRC
b8:f8:83:2d:54:eb	2412	-89	0800	GS5.0
c0:a4:76:e8:e1:eb	2437	-88	0800	@Ruijie-s9599
60:10:9e:e0:ae:2e	2417	-88	0800	STB_dK89
a4:ba:70:be:df:fb	2412	-88	0800	20371506
a4:ba:70:3a:61:31	2412	-88	0800	CU-C4F4_plus
c2:a4:76:28:e1:eb	2437	-86	0800	@Ruijie-s9599_iot
30:99:35:5e:4f:63	2432	-86	0800	CU_nhbU
98:0d:51:96:33:54	2437	-84	0800	HDMRC
24:69:68:38:77:70	2412	-84	0800	wlj
50:78:b3:a3:c4:f4	2412	-84	0800	CU-C4F4
94:bf:80:7e:6f:c9	2422	-80	0800	CU_rfNY
60:ce:41:46:0e:ec	2412	-76	0800	Kal'tsit
7c:39:85:2a:50:04	2462	-72	0800	Kal'tsit
60:ce:41:ab:02:d2	2462	-65	0800	STB_T4Zp
60:ce:41:ab:02:d0	2462	-65	0800	Kal'tsit
nsh> [K
nsh> [K
XTS_5.1.42_SCAN=6 PASS AP_COUNT=19
--- CMD: wapi scan wlan0 ---
wapi scan wlan0
[CPU0] esp_wifi_start_scan: S31 scan request: type=0 channel=0 country_ret=0 first=1 count=11
[CPU0] esp_event_post_wrapper: S31 scan event: status=0 aps=16 id=134
[CPU0] esp_event_post_wrapper: S31 Wi-Fi ISR calls: cpu0=364 cpu1=0
[CPU0] esp_wifi_scan_event_parse: S31 scan count: ret=0 aps=16
bssid / frequency / signal level / encode / ssid
08:f4:58:ab:c0:18	2437	-91	0800	HDMRC
24:5a:5f:78:74:42	2462	-90	0800	falcom219
3c:06:a7:2a:3e:71	2437	-88	0800	KYAFL
64:75:20:ad:ed:3e	2417	-88	0800	CU_6hQR
c0:a4:76:e8:e1:eb	2437	-87	0800	@Ruijie-s9599
ca:33:e5:05:fe:88	2432	-86	0800	阳光
10:9f:4f:43:b2:ca	2437	-85	0800	CMCC-C2C9
24:69:68:38:77:70	2412	-85	0800	wlj
50:78:b3:a3:c4:f4	2412	-85	0800	CU-C4F4
98:0d:51:96:33:54	2437	-83	0800	HDMRC
94:bf:80:7e:6f:c9	2422	-80	0800	CU_rfNY
60:ce:41:46:0e:ec	2412	-76	0800	Kal'tsit
7c:39:85:2a:50:04	2462	-72	0800	Kal'tsit
bc:54:fc:36:e1:c2	2462	-72	0800	MERCURY_E1C2
60:ce:41:ab:02:d2	2462	-65	0800	STB_T4Zp
60:ce:41:ab:02:d0	2462	-65	0800	Kal'tsit
nsh> [K
nsh> [K
XTS_5.1.42_SCAN=7 PASS AP_COUNT=16
--- CMD: wapi scan wlan0 ---
wapi scan wlan0
[CPU0] esp_wifi_start_scan: S31 scan request: type=0 channel=0 country_ret=0 first=1 count=11
[CPU0] esp_event_post_wrapper: S31 scan event: status=0 aps=18 id=135
[CPU0] esp_event_post_wrapper: S31 Wi-Fi ISR calls: cpu0=412 cpu1=0
[CPU0] esp_wifi_scan_event_parse: S31 scan count: ret=0 aps=18
bssid / frequency / signal level / encode / ssid
3c:06:a7:2a:3e:71	2437	-92	0800	KYAFL
60:10:9e:e0:ae:2e	2417	-89	0800	STB_dK89
08:f4:58:ab:c0:18	2437	-88	0800	HDMRC
64:75:20:ad:ed:3e	2417	-88	0800	CU_6hQR
24:4b:fe:71:52:f0	2457	-87	0800	Asus-ax68u
10:9f:4f:43:b2:ca	2437	-86	0800	CMCC-C2C9
c2:a4:76:28:e1:eb	2437	-86	0800	@Ruijie-s9599_iot
c0:a4:76:e8:e1:eb	2437	-85	0800	@Ruijie-s9599
98:0d:51:96:33:54	2437	-85	0800	HDMRC
a4:ba:70:3a:61:31	2412	-85	0800	CU-C4F4_plus
24:69:68:38:77:70	2412	-84	0800	wlj
50:78:b3:a3:c4:f4	2412	-84	0800	CU-C4F4
94:bf:80:7e:6f:c9	2422	-81	0800	CU_rfNY
60:ce:41:46:0e:ec	2412	-76	0800	Kal'tsit
7c:39:85:2a:50:04	2462	-73	0800	Kal'tsit
bc:54:fc:36:e1:c2	2462	-72	0800	MERCURY_E1C2
60:ce:41:ab:02:d2	2462	-66	0800	STB_T4Zp
60:ce:41:ab:02:d0	2462	-65	0800	Kal'tsit
nsh> [K
nsh> [K
XTS_5.1.42_SCAN=8 PASS AP_COUNT=18
--- CMD: wapi scan wlan0 ---
wapi scan wlan0
[CPU0] esp_wifi_start_scan: S31 scan request: type=0 channel=0 country_ret=0 first=1 count=11
[CPU0] esp_event_post_wrapper: S31 scan event: status=0 aps=20 id=136
[CPU0] esp_event_post_wrapper: S31 Wi-Fi ISR calls: cpu0=484 cpu1=0
[CPU0] esp_wifi_scan_event_parse: S31 scan count: ret=0 aps=20
bssid / frequency / signal level / encode / ssid
b8:f8:83:2d:54:eb	2412	-91	0800	GS5.0
08:f4:58:ab:c0:18	2437	-90	0800	HDMRC
24:4b:fe:71:52:f0	2457	-89	0800	Asus-ax68u
98:0d:51:96:33:54	2437	-88	0800	HDMRC
c0:a4:76:e8:e1:eb	2437	-88	0800	@Ruijie-s9599
60:10:9e:e0:ae:2e	2417	-88	0800	STB_dK89
60:10:9e:e0:ae:2c	2417	-88	0800	HUAWEI-J
a4:ba:70:3a:61:31	2412	-88	0800	CU-C4F4_plus
10:9f:4f:43:b2:ca	2437	-87	0800	CMCC-C2C9
ca:33:e5:05:fe:88	2432	-86	0800	阳光
50:78:b3:a3:c4:f4	2412	-86	0800	CU-C4F4
c2:a4:76:28:e1:eb	2437	-85	0800	@Ruijie-s9599_iot
90:7e:43:c9:d4:3c	2427	-85	0800	XXN3M
24:69:68:38:77:70	2412	-84	0800	wlj
94:bf:80:7e:6f:c9	2422	-81	0800	CU_rfNY
60:ce:41:46:0e:ec	2412	-79	0800	Kal'tsit
bc:54:fc:36:e1:c2	2462	-73	0800	MERCURY_E1C2
7c:39:85:2a:50:04	2462	-66	0800	Kal'tsit
60:ce:41:ab:02:d0	2462	-66	0800	Kal'tsit
60:ce:41:ab:02:d2	2462	-65	0800	STB_T4Zp
nsh> [K
nsh> [K
XTS_5.1.42_SCAN=9 PASS AP_COUNT=20
--- CMD: wapi scan wlan0 ---
wapi scan wlan0
[CPU0] esp_wifi_start_scan: S31 scan request: type=0 channel=0 country_ret=0 first=1 count=11
[CPU0] esp_event_post_wrapper: S31 scan event: status=0 aps=20 id=137
[CPU0] esp_event_post_wrapper: S31 Wi-Fi ISR calls: cpu0=544 cpu1=0
[CPU0] esp_wifi_scan_event_parse: S31 scan count: ret=0 aps=20
bssid / frequency / signal level / encode / ssid
3c:06:a7:2a:3e:71	2437	-91	0800	KYAFL
08:f4:58:ab:c0:18	2437	-89	0800	HDMRC
a4:ba:70:be:df:fb	2412	-89	0800	20371506
24:4b:fe:71:52:f0	2457	-88	0800	Asus-ax68u
c0:a4:76:e8:e1:eb	2437	-88	0800	@Ruijie-s9599
c2:a4:76:28:e1:eb	2437	-88	0800	@Ruijie-s9599_iot
60:10:9e:e0:ae:2c	2417	-88	0800	HUAWEI-J
64:75:20:ad:ed:3e	2417	-88	0800	CU_6hQR
60:10:9e:e0:ae:2e	2417	-88	0800	STB_dK89
b8:f8:83:2d:54:eb	2412	-88	0800	GS5.0
50:78:b3:a3:c4:f4	2412	-87	0800	CU-C4F4
a4:ba:70:3a:61:31	2412	-86	0800	CU-C4F4_plus
98:0d:51:96:33:54	2437	-85	0800	HDMRC
b4:7c:a6:58:15:fe	2432	-84	0800	Home-Wireless
24:69:68:38:77:70	2412	-83	0800	wlj
60:ce:41:46:0e:ec	2412	-82	0800	Kal'tsit
7c:39:85:2a:50:04	2462	-76	0800	Kal'tsit
bc:54:fc:36:e1:c2	2462	-73	0800	MERCURY_E1C2
60:ce:41:ab:02:d2	2462	-65	0800	STB_T4Zp
60:ce:41:ab:02:d0	2462	-65	0800	Kal'tsit
nsh> [K
nsh> [K
XTS_5.1.42_SCAN=10 PASS AP_COUNT=20
--- CMD: wapi scan wlan0 ---
wapi scan wlan0
[CPU0] esp_wifi_start_scan: S31 scan request: type=0 channel=0 country_ret=0 first=1 count=11
[CPU0] esp_event_post_wrapper: S31 scan event: status=0 aps=16 id=138
[CPU0] esp_event_post_wrapper: S31 Wi-Fi ISR calls: cpu0=594 cpu1=0
[CPU0] esp_wifi_scan_event_parse: S31 scan count: ret=0 aps=16
bssid / frequency / signal level / encode / ssid
24:5a:5f:78:74:42	2462	-91	0800	falcom219
3c:06:a7:2a:3e:71	2437	-90	0800	KYAFL
b8:f8:83:2d:54:eb	2412	-89	0800	GS5.0
60:10:9e:e0:ae:2c	2417	-88	0800	HUAWEI-J
08:f4:58:ab:c0:18	2437	-87	0800	HDMRC
10:9f:4f:43:b2:ca	2437	-87	0800	CMCC-C2C9
ca:33:e5:05:fe:88	2432	-87	0800	阳光
c2:a4:76:28:e1:eb	2437	-85	0800	@Ruijie-s9599_iot
98:0d:51:96:33:54	2437	-84	0800	HDMRC
24:69:68:38:77:70	2412	-84	0800	wlj
60:ce:41:46:0e:ec	2412	-81	0800	Kal'tsit
94:bf:80:7e:6f:c9	2422	-79	0800	CU_rfNY
7c:39:85:2a:50:04	2462	-74	0800	Kal'tsit
bc:54:fc:36:e1:c2	2462	-72	0800	MERCURY_E1C2
60:ce:41:ab:02:d0	2462	-66	0800	Kal'tsit
60:ce:41:ab:02:d2	2462	-63	0800	STB_T4Zp
nsh> [K
nsh> [K
XTS_5.1.42_SCAN=11 PASS AP_COUNT=16
--- CMD: wapi scan wlan0 ---
wapi scan wlan0
[CPU0] esp_wifi_start_scan: S31 scan request: type=0 channel=0 country_ret=0 first=1 count=11
[CPU0] esp_event_post_wrapper: S31 scan event: status=0 aps=19 id=139
[CPU0] esp_event_post_wrapper: S31 Wi-Fi ISR calls: cpu0=656 cpu1=0
[CPU0] esp_wifi_scan_event_parse: S31 scan count: ret=0 aps=19
bssid / frequency / signal level / encode / ssid
b8:f8:83:2d:54:eb	2412	-90	0800	GS5.0
08:f4:58:ab:c0:18	2437	-89	0800	HDMRC
a4:ba:70:be:df:fb	2412	-89	0800	20371506
10:9f:4f:43:b2:ca	2437	-88	0800	CMCC-C2C9
3c:06:a7:2a:3e:71	2437	-87	0800	KYAFL
60:10:9e:e0:ae:2e	2417	-87	0800	STB_dK89
60:10:9e:e0:ae:2c	2417	-87	0800	HUAWEI-J
a4:ba:70:3a:61:31	2412	-87	0800	CU-C4F4_plus
98:0d:51:96:33:54	2437	-86	0800	HDMRC
c2:a4:76:28:e1:eb	2437	-86	0800	@Ruijie-s9599_iot
ca:33:e5:05:fe:88	2432	-86	0800	阳光
30:99:35:5e:4f:63	2432	-85	0800	CU_nhbU
90:7e:43:c9:d4:3c	2427	-83	0800	XXN3M
94:bf:80:7e:6f:c9	2422	-81	0800	CU_rfNY
60:ce:41:46:0e:ec	2412	-74	0800	Kal'tsit
bc:54:fc:36:e1:c2	2462	-72	0800	MERCURY_E1C2
7c:39:85:2a:50:04	2462	-66	0800	Kal'tsit
60:ce:41:ab:02:d2	2462	-64	0800	STB_T4Zp
60:ce:41:ab:02:d0	2462	-64	0800	Kal'tsit
nsh> [K
nsh> [K
XTS_5.1.42_SCAN=12 PASS AP_COUNT=19
--- CMD: wapi scan wlan0 ---
wapi scan wlan0
[CPU0] esp_wifi_start_scan: S31 scan request: type=0 channel=0 country_ret=0 first=1 count=11
[CPU0] esp_event_post_wrapper: S31 scan event: status=0 aps=16 id=140
[CPU0] esp_event_post_wrapper: S31 Wi-Fi ISR calls: cpu0=708 cpu1=0
[CPU0] esp_wifi_scan_event_parse: S31 scan count: ret=0 aps=16
bssid / frequency / signal level / encode / ssid
08:f4:58:ab:c0:18	2437	-90	0800	HDMRC
b8:f8:83:2d:54:eb	2412	-90	0800	GS5.0
64:75:20:ad:ed:3e	2417	-89	0800	CU_6hQR
50:78:b3:a3:c4:f4	2412	-89	0800	CU-C4F4
3c:06:a7:2a:3e:71	2437	-88	0800	KYAFL
c2:a4:76:28:e1:eb	2437	-88	0800	@Ruijie-s9599_iot
c0:a4:76:e8:e1:eb	2437	-88	0800	@Ruijie-s9599
10:9f:4f:43:b2:ca	2437	-87	0800	CMCC-C2C9
a4:ba:70:3a:61:31	2412	-87	0800	CU-C4F4_plus
ca:33:e5:05:fe:88	2432	-85	0800	阳光
98:0d:51:96:33:54	2437	-81	0800	HDMRC
94:bf:80:7e:6f:c9	2422	-81	0800	CU_rfNY
7c:39:85:2a:50:04	2462	-72	0800	Kal'tsit
bc:54:fc:36:e1:c2	2462	-72	0800	MERCURY_E1C2
60:ce:41:ab:02:d2	2462	-65	0800	STB_T4Zp
60:ce:41:ab:02:d0	2462	-63	0800	Kal'tsit
nsh> [K
nsh> [K
XTS_5.1.42_SCAN=13 PASS AP_COUNT=16
--- CMD: wapi scan wlan0 ---
wapi scan wlan0
[CPU0] esp_wifi_start_scan: S31 scan request: type=0 channel=0 country_ret=0 first=1 count=11
[CPU0] esp_event_post_wrapper: S31 scan event: status=0 aps=20 id=141
[CPU0] esp_event_post_wrapper: S31 Wi-Fi ISR calls: cpu0=774 cpu1=0
[CPU0] esp_wifi_scan_event_parse: S31 scan count: ret=0 aps=20
bssid / frequency / signal level / encode / ssid
24:5a:5f:78:74:42	2462	-90	0800	falcom219
a4:ba:70:be:df:fb	2412	-90	0800	20371506
08:f4:58:ab:c0:18	2437	-89	0800	HDMRC
10:9f:4f:43:b2:ca	2437	-89	0800	CMCC-C2C9
3c:06:a7:2a:3e:71	2437	-89	0800	KYAFL
64:75:20:ad:ed:3e	2417	-89	0800	CU_6hQR
60:10:9e:e0:ae:2c	2417	-88	0800	HUAWEI-J
c0:a4:76:e8:e1:eb	2437	-87	0800	@Ruijie-s9599
a4:ba:70:3a:61:31	2412	-87	0800	CU-C4F4_plus
c2:a4:76:28:e1:eb	2437	-85	0800	@Ruijie-s9599_iot
ca:33:e5:05:fe:88	2432	-85	0800	阳光
98:0d:51:96:33:54	2437	-84	0800	HDMRC
30:99:35:5e:4f:63	2432	-84	0800	CU_nhbU
94:bf:80:7e:6f:c9	2422	-83	0800	CU_rfNY
24:69:68:38:77:70	2412	-83	0800	wlj
60:ce:41:46:0e:ec	2412	-76	0800	Kal'tsit
7c:39:85:2a:50:04	2462	-72	0800	Kal'tsit
bc:54:fc:36:e1:c2	2462	-72	0800	MERCURY_E1C2
60:ce:41:ab:02:d2	2462	-65	0800	STB_T4Zp
60:ce:41:ab:02:d0	2462	-64	0800	Kal'tsit
nsh> [K
nsh> [K
XTS_5.1.42_SCAN=14 PASS AP_COUNT=20
--- CMD: wapi scan wlan0 ---
wapi scan wlan0
[CPU0] esp_wifi_start_scan: S31 scan request: type=0 channel=0 country_ret=0 first=1 count=11
[CPU0] esp_event_post_wrapper: S31 scan event: status=0 aps=15 id=142
[CPU0] esp_event_post_wrapper: S31 Wi-Fi ISR calls: cpu0=832 cpu1=0
[CPU0] esp_wifi_scan_event_parse: S31 scan count: ret=0 aps=15
bssid / frequency / signal level / encode / ssid
3c:06:a7:2a:3e:71	2437	-90	0800	KYAFL
10:9f:4f:43:b2:ca	2437	-89	0800	CMCC-C2C9
08:f4:58:ab:c0:18	2437	-88	0800	HDMRC
64:75:20:ad:ed:3e	2417	-88	0800	CU_6hQR
98:0d:51:96:33:54	2437	-87	0800	HDMRC
c4:16:c8:5a:e5:6c	2462	-86	0800	HUAWEI-J
c0:a4:76:e8:e1:eb	2437	-86	0800	@Ruijie-s9599
30:99:35:5e:4f:63	2432	-86	0800	CU_nhbU
ca:33:e5:05:fe:88	2432	-86	0800	阳光
c2:a4:76:28:e1:eb	2437	-85	0800	@Ruijie-s9599_iot
94:bf:80:7e:6f:c9	2422	-79	0800	CU_rfNY
60:ce:41:46:0e:ec	2412	-77	0800	Kal'tsit
7c:39:85:2a:50:04	2462	-73	0800	Kal'tsit
60:ce:41:ab:02:d0	2462	-66	0800	Kal'tsit
60:ce:41:ab:02:d2	2462	-65	0800	STB_T4Zp
nsh> [K
nsh> [K
XTS_5.1.42_SCAN=15 PASS AP_COUNT=15
--- CMD: wapi scan wlan0 ---
wapi scan wlan0
[CPU0] esp_wifi_start_scan: S31 scan request: type=0 channel=0 country_ret=0 first=1 count=11
[CPU0] esp_event_post_wrapper: S31 scan event: status=0 aps=15 id=143
[CPU0] esp_event_post_wrapper: S31 Wi-Fi ISR calls: cpu0=893 cpu1=0
[CPU0] esp_wifi_scan_event_parse: S31 scan count: ret=0 aps=15
bssid / frequency / signal level / encode / ssid
b8:f8:83:2d:54:eb	2412	-92	0800	GS5.0
24:5a:5f:78:74:42	2462	-89	0800	falcom219
08:f4:58:ab:c0:18	2437	-89	0800	HDMRC
3c:06:a7:2a:3e:71	2437	-89	0800	KYAFL
c0:a4:76:e8:e1:eb	2437	-89	0800	@Ruijie-s9599
50:78:b3:a3:c4:f4	2412	-89	0800	CU-C4F4
c2:a4:76:28:e1:eb	2437	-88	0800	@Ruijie-s9599_iot
68:dd:b7:77:db:38	2462	-86	0800	JSL
10:9f:4f:43:b2:ca	2437	-86	0800	CMCC-C2C9
a4:ba:70:3a:61:31	2412	-86	0800	CU-C4F4_plus
98:0d:51:96:33:54	2437	-85	0800	HDMRC
60:ce:41:46:0e:ec	2412	-74	0800	Kal'tsit
7c:39:85:2a:50:04	2462	-73	0800	Kal'tsit
60:ce:41:ab:02:d2	2462	-65	0800	STB_T4Zp
60:ce:41:ab:02:d0	2462	-65	0800	Kal'tsit
nsh> [K
nsh> [K
XTS_5.1.42_SCAN=16 PASS AP_COUNT=15
--- CMD: wapi scan wlan0 ---
wapi scan wlan0
[CPU0] esp_wifi_start_scan: S31 scan request: type=0 channel=0 country_ret=0 first=1 count=11
[CPU0] esp_event_post_wrapper: S31 scan event: status=0 aps=13 id=144
[CPU0] esp_event_post_wrapper: S31 Wi-Fi ISR calls: cpu0=945 cpu1=0
[CPU0] esp_wifi_scan_event_parse: S31 scan count: ret=0 aps=13
bssid / frequency / signal level / encode / ssid
08:f4:58:ab:c0:18	2437	-90	0800	HDMRC
b8:f8:83:2d:54:eb	2412	-88	0800	GS5.0
a4:ba:70:3a:61:31	2412	-88	0800	CU-C4F4_plus
3c:06:a7:2a:3e:71	2437	-87	0800	KYAFL
c2:a4:76:28:e1:eb	2437	-87	0800	@Ruijie-s9599_iot
98:0d:51:96:33:54	2437	-86	0800	HDMRC
30:99:35:5e:4f:63	2432	-86	0800	CU_nhbU
10:9f:4f:43:b2:ca	2437	-85	0800	CMCC-C2C9
94:bf:80:7e:6f:c9	2422	-79	0800	CU_rfNY
60:ce:41:46:0e:ec	2412	-75	0800	Kal'tsit
bc:54:fc:36:e1:c2	2462	-72	0800	MERCURY_E1C2
60:ce:41:ab:02:d2	2462	-65	0800	STB_T4Zp
60:ce:41:ab:02:d0	2462	-65	0800	Kal'tsit
nsh> [K
nsh> [K
XTS_5.1.42_SCAN=17 PASS AP_COUNT=13
--- CMD: wapi scan wlan0 ---
wapi scan wlan0
[CPU0] esp_wifi_start_scan: S31 scan request: type=0 channel=0 country_ret=0 first=1 count=11
[CPU0] esp_event_post_wrapper: S31 scan event: status=0 aps=18 id=145
[CPU0] esp_event_post_wrapper: S31 Wi-Fi ISR calls: cpu0=1009 cpu1=0
[CPU0] esp_wifi_scan_event_parse: S31 scan count: ret=0 aps=18
bssid / frequency / signal level / encode / ssid
08:f4:58:ab:c0:18	2437	-90	0800	HDMRC
b8:f8:83:2d:54:eb	2412	-90	0800	GS5.0
50:78:b3:a3:c4:f4	2412	-89	0800	CU-C4F4
10:9f:4f:43:b2:ca	2437	-88	0800	CMCC-C2C9
3c:06:a7:2a:3e:71	2437	-88	0800	KYAFL
c0:a4:76:e8:e1:eb	2437	-88	0800	@Ruijie-s9599
a4:ba:70:be:df:fb	2412	-88	0800	20371506
ca:33:e5:05:fe:88	2432	-87	0800	阳光
a4:ba:70:3a:61:31	2412	-87	0800	CU-C4F4_plus
c2:a4:76:28:e1:eb	2437	-85	0800	@Ruijie-s9599_iot
24:69:68:38:77:70	2412	-84	0800	wlj
90:7e:43:c9:d4:3c	2427	-83	0800	XXN3M
94:bf:80:7e:6f:c9	2422	-81	0800	CU_rfNY
60:ce:41:46:0e:ec	2412	-80	0800	Kal'tsit
7c:39:85:2a:50:04	2462	-72	0800	Kal'tsit
bc:54:fc:36:e1:c2	2462	-72	0800	MERCURY_E1C2
60:ce:41:ab:02:d2	2462	-66	0800	STB_T4Zp
60:ce:41:ab:02:d0	2462	-65	0800	Kal'tsit
nsh> [K
nsh> [K
XTS_5.1.42_SCAN=18 PASS AP_COUNT=18
--- CMD: wapi scan wlan0 ---
wapi scan wlan0
[CPU0] esp_wifi_start_scan: S31 scan request: type=0 channel=0 country_ret=0 first=1 count=11
[CPU0] esp_event_post_wrapper: S31 scan event: status=0 aps=15 id=146
[CPU0] esp_event_post_wrapper: S31 Wi-Fi ISR calls: cpu0=1058 cpu1=0
[CPU0] esp_wifi_scan_event_parse: S31 scan count: ret=0 aps=15
bssid / frequency / signal level / encode / ssid
3c:06:a7:2a:3e:71	2437	-90	0800	KYAFL
24:4b:fe:71:52:f0	2457	-89	0800	Asus-ax68u
b8:f8:83:2d:54:eb	2412	-89	0800	GS5.0
08:f4:58:ab:c0:18	2437	-88	0800	HDMRC
10:9f:4f:43:b2:ca	2437	-88	0800	CMCC-C2C9
60:10:9e:e0:ae:2c	2417	-88	0800	HUAWEI-J
c4:16:c8:5a:e5:6c	2462	-86	0800	HUAWEI-J
c0:a4:76:e8:e1:eb	2437	-86	0800	@Ruijie-s9599
30:99:35:5e:4f:63	2432	-85	0800	CU_nhbU
98:0d:51:96:33:54	2437	-84	0800	HDMRC
24:69:68:38:77:70	2412	-84	0800	wlj
bc:54:fc:36:e1:c2	2462	-72	0800	MERCURY_E1C2
7c:39:85:2a:50:04	2462	-66	0800	Kal'tsit
60:ce:41:ab:02:d0	2462	-65	0800	Kal'tsit
60:ce:41:ab:02:d2	2462	-64	0800	STB_T4Zp
nsh> [K
nsh> [K
XTS_5.1.42_SCAN=19 PASS AP_COUNT=15
--- CMD: wapi scan wlan0 ---
wapi scan wlan0
[CPU0] esp_wifi_start_scan: S31 scan request: type=0 channel=0 country_ret=0 first=1 count=11
[CPU0] esp_event_post_wrapper: S31 scan event: status=0 aps=17 id=147
[CPU0] esp_event_post_wrapper: S31 Wi-Fi ISR calls: cpu0=1109 cpu1=0
[CPU0] esp_wifi_scan_event_parse: S31 scan count: ret=0 aps=17
bssid / frequency / signal level / encode / ssid
04:95:e6:28:ac:d1	2452	-92	0800	RD-Home
08:f4:58:ab:c0:18	2437	-90	0800	HDMRC
24:4b:fe:71:52:f0	2457	-89	0800	Asus-ax68u
60:10:9e:e0:ae:2e	2417	-89	0800	STB_dK89
60:10:9e:e0:ae:2c	2417	-88	0800	HUAWEI-J
a4:ba:70:3a:61:31	2412	-88	0800	CU-C4F4_plus
10:9f:4f:43:b2:ca	2437	-87	0800	CMCC-C2C9
30:99:35:5e:4f:63	2432	-87	0800	CU_nhbU
c2:a4:76:28:e1:eb	2437	-85	0800	@Ruijie-s9599_iot
c0:a4:76:e8:e1:eb	2437	-85	0800	@Ruijie-s9599
98:0d:51:96:33:54	2437	-84	0800	HDMRC
24:69:68:38:77:70	2412	-84	0800	wlj
60:ce:41:46:0e:ec	2412	-80	0800	Kal'tsit
bc:54:fc:36:e1:c2	2462	-74	0800	MERCURY_E1C2
7c:39:85:2a:50:04	2462	-66	0800	Kal'tsit
60:ce:41:ab:02:d0	2462	-65	0800	Kal'tsit
60:ce:41:ab:02:d2	2462	-63	0800	STB_T4Zp
nsh> [K
nsh> [K
XTS_5.1.42_SCAN=20 PASS AP_COUNT=17
--- CMD: wapi scan wlan0 ---
wapi scan wlan0
[CPU0] esp_wifi_start_scan: S31 scan request: type=0 channel=0 country_ret=0 first=1 count=11
[CPU0] esp_event_post_wrapper: S31 scan event: status=0 aps=19 id=148
[CPU0] esp_event_post_wrapper: S31 Wi-Fi ISR calls: cpu0=1170 cpu1=0
[CPU0] esp_wifi_scan_event_parse: S31 scan count: ret=0 aps=19
bssid / frequency / signal level / encode / ssid
cc:bc:e3:16:ba:00	2412	-93	0800	CU_Gy2m
60:10:9e:e0:ae:2e	2417	-90	0800	STB_dK89
3c:06:a7:2a:3e:71	2437	-89	0800	KYAFL
a4:ba:70:be:df:fb	2412	-89	0800	20371506
24:4b:fe:71:52:f0	2457	-88	0800	Asus-ax68u
c0:a4:76:e8:e1:eb	2437	-88	0800	@Ruijie-s9599
64:75:20:ad:ed:3e	2417	-88	0800	CU_6hQR
10:9f:4f:43:b2:ca	2437	-87	0800	CMCC-C2C9
a4:ba:70:3a:61:31	2412	-87	0800	CU-C4F4_plus
c4:16:c8:5a:e5:6c	2462	-86	0800	HUAWEI-J
b4:7c:a6:58:15:fe	2432	-86	0800	Home-Wireless
98:0d:51:96:33:54	2437	-85	0800	HDMRC
24:69:68:38:77:70	2412	-82	0800	wlj
94:bf:80:7e:6f:c9	2422	-81	0800	CU_rfNY
60:ce:41:46:0e:ec	2412	-76	0800	Kal'tsit
7c:39:85:2a:50:04	2462	-73	0800	Kal'tsit
bc:54:fc:36:e1:c2	2462	-72	0800	MERCURY_E1C2
60:ce:41:ab:02:d2	2462	-65	0800	STB_T4Zp
60:ce:41:ab:02:d0	2462	-65	0800	Kal'tsit
nsh> [K
nsh> [K
XTS_5.1.42_SCAN=21 PASS AP_COUNT=19
--- CMD: wapi scan wlan0 ---
wapi scan wlan0
[CPU0] esp_wifi_start_scan: S31 scan request: type=0 channel=0 country_ret=0 first=1 count=11
[CPU0] esp_event_post_wrapper: S31 scan event: status=0 aps=21 id=149
[CPU0] esp_event_post_wrapper: S31 Wi-Fi ISR calls: cpu0=1230 cpu1=0
[CPU0] esp_wifi_scan_event_parse: S31 scan count: ret=0 aps=21
bssid / frequency / signal level / encode / ssid
3c:06:a7:2a:3e:71	2437	-91	0800	KYAFL
24:4b:fe:71:52:f0	2457	-90	0800	Asus-ax68u
60:10:9e:e0:ae:2e	2417	-89	0800	STB_dK89
a4:ba:70:be:df:fb	2412	-89	0800	20371506
24:5a:5f:78:74:42	2462	-88	0800	falcom219
60:10:9e:e0:ae:2c	2417	-88	0800	HUAWEI-J
64:75:20:ad:ed:3e	2417	-88	0800	CU_6hQR
a4:ba:70:3a:61:31	2412	-88	0800	CU-C4F4_plus
c2:a4:76:28:e1:eb	2437	-87	0800	@Ruijie-s9599_iot
c0:a4:76:e8:e1:eb	2437	-87	0800	@Ruijie-s9599
08:f4:58:ab:c0:18	2437	-87	0800	HDMRC
10:9f:4f:43:b2:ca	2437	-87	0800	CMCC-C2C9
c4:16:c8:5a:e5:6c	2462	-86	0800	HUAWEI-J
98:0d:51:96:33:54	2437	-85	0800	HDMRC
90:7e:43:c9:d4:3c	2427	-85	0800	XXN3M
24:69:68:38:77:70	2412	-83	0800	wlj
60:ce:41:46:0e:ec	2412	-76	0800	Kal'tsit
bc:54:fc:36:e1:c2	2462	-73	0800	MERCURY_E1C2
7c:39:85:2a:50:04	2462	-70	0800	Kal'tsit
60:ce:41:ab:02:d2	2462	-65	0800	STB_T4Zp
60:ce:41:ab:02:d0	2462	-65	0800	Kal'tsit
nsh> [K
nsh> [K
XTS_5.1.42_SCAN=22 PASS AP_COUNT=21
--- CMD: wapi scan wlan0 ---
wapi scan wlan0
[CPU0] esp_wifi_start_scan: S31 scan request: type=0 channel=0 country_ret=0 first=1 count=11
[CPU0] esp_event_post_wrapper: S31 scan event: status=0 aps=18 id=150
[CPU0] esp_event_post_wrapper: S31 Wi-Fi ISR calls: cpu0=1294 cpu1=0
[CPU0] esp_wifi_scan_event_parse: S31 scan count: ret=0 aps=18
bssid / frequency / signal level / encode / ssid
24:4b:fe:71:52:f0	2457	-91	0800	Asus-ax68u
3c:06:a7:2a:3e:71	2437	-90	0800	KYAFL
b8:f8:83:2d:54:eb	2412	-90	0800	GS5.0
24:5a:5f:78:74:42	2462	-88	0800	falcom219
c2:a4:76:28:e1:eb	2437	-88	0800	@Ruijie-s9599_iot
c0:a4:76:e8:e1:eb	2437	-88	0800	@Ruijie-s9599
64:75:20:ad:ed:3e	2417	-87	0800	CU_6hQR
50:78:b3:a3:c4:f4	2412	-87	0800	CU-C4F4
a4:ba:70:3a:61:31	2412	-87	0800	CU-C4F4_plus
98:0d:51:96:33:54	2437	-85	0800	HDMRC
60:ce:41:46:0e:ec	2412	-85	0800	Kal'tsit
30:99:35:5e:4f:63	2432	-84	0800	CU_nhbU
24:69:68:38:77:70	2412	-84	0800	wlj
94:bf:80:7e:6f:c9	2422	-81	0800	CU_rfNY
bc:54:fc:36:e1:c2	2462	-74	0800	MERCURY_E1C2
7c:39:85:2a:50:04	2462	-73	0800	Kal'tsit
60:ce:41:ab:02:d0	2462	-65	0800	Kal'tsit
60:ce:41:ab:02:d2	2462	-64	0800	STB_T4Zp
nsh> [K
nsh> [K
XTS_5.1.42_SCAN=23 PASS AP_COUNT=18
--- CMD: wapi scan wlan0 ---
wapi scan wlan0
[CPU0] esp_wifi_start_scan: S31 scan request: type=0 channel=0 country_ret=0 first=1 count=11
[CPU0] esp_event_post_wrapper: S31 scan event: status=0 aps=11 id=151
[CPU0] esp_event_post_wrapper: S31 Wi-Fi ISR calls: cpu0=1336 cpu1=0
[CPU0] esp_wifi_scan_event_parse: S31 scan count: ret=0 aps=11
bssid / frequency / signal level / encode / ssid
3c:06:a7:2a:3e:71	2437	-89	0800	KYAFL
c0:a4:76:e8:e1:eb	2437	-89	0800	@Ruijie-s9599
a4:ba:70:3a:61:31	2412	-86	0800	CU-C4F4_plus
c4:16:c8:5a:e5:6c	2462	-85	0800	HUAWEI-J
24:69:68:38:77:70	2412	-85	0800	wlj
30:99:35:5e:4f:63	2432	-83	0800	CU_nhbU
60:ce:41:46:0e:ec	2412	-75	0800	Kal'tsit
7c:39:85:2a:50:04	2462	-74	0800	Kal'tsit
bc:54:fc:36:e1:c2	2462	-73	0800	MERCURY_E1C2
60:ce:41:ab:02:d2	2462	-65	0800	STB_T4Zp
60:ce:41:ab:02:d0	2462	-63	0800	Kal'tsit
nsh> [K
nsh> [K
XTS_5.1.42_SCAN=24 PASS AP_COUNT=11
--- CMD: wapi scan wlan0 ---
wapi scan wlan0
[CPU0] esp_wifi_start_scan: S31 scan request: type=0 channel=0 country_ret=0 first=1 count=11
[CPU0] esp_event_post_wrapper: S31 scan event: status=0 aps=16 id=152
[CPU0] esp_event_post_wrapper: S31 Wi-Fi ISR calls: cpu0=1381 cpu1=0
[CPU0] esp_wifi_scan_event_parse: S31 scan count: ret=0 aps=16
bssid / frequency / signal level / encode / ssid
08:f4:58:ab:c0:18	2437	-89	0800	HDMRC
a4:ba:70:be:df:fb	2412	-89	0800	20371506
24:5a:5f:78:74:42	2462	-88	0800	falcom219
b8:f8:83:2d:54:eb	2412	-88	0800	GS5.0
a4:ba:70:3a:61:31	2412	-88	0800	CU-C4F4_plus
d8:31:39:80:18:b0	2457	-87	0800	CU_9wN9
68:dd:b7:77:db:38	2462	-86	0800	JSL
90:7e:43:c9:d4:3c	2427	-86	0800	XXN3M
c0:a4:76:e8:e1:eb	2437	-85	0800	@Ruijie-s9599
98:0d:51:96:33:54	2437	-85	0800	HDMRC
c4:16:c8:5a:e5:6c	2462	-84	0800	HUAWEI-J
60:ce:41:46:0e:ec	2412	-76	0800	Kal'tsit
bc:54:fc:36:e1:c2	2462	-73	0800	MERCURY_E1C2
7c:39:85:2a:50:04	2462	-66	0800	Kal'tsit
60:ce:41:ab:02:d0	2462	-65	0800	Kal'tsit
60:ce:41:ab:02:d2	2462	-64	0800	STB_T4Zp
nsh> [K
nsh> [K
XTS_5.1.42_SCAN=25 PASS AP_COUNT=16
--- CMD: wapi scan wlan0 ---
wapi scan wlan0
[CPU0] esp_wifi_start_scan: S31 scan request: type=0 channel=0 country_ret=0 first=1 count=11
[CPU0] esp_event_post_wrapper: S31 scan event: status=0 aps=14 id=153
[CPU0] esp_event_post_wrapper: S31 Wi-Fi ISR calls: cpu0=1439 cpu1=0
[CPU0] esp_wifi_scan_event_parse: S31 scan count: ret=0 aps=14
bssid / frequency / signal level / encode / ssid
24:5a:5f:78:74:42	2462	-89	0800	falcom219
64:75:20:ad:ed:3e	2417	-89	0800	CU_6hQR
60:10:9e:e0:ae:2e	2417	-89	0800	STB_dK89
10:9f:4f:43:b2:ca	2437	-88	0800	CMCC-C2C9
c0:a4:76:e8:e1:eb	2437	-88	0800	@Ruijie-s9599
a0:55:2e:e2:61:c4	2432	-87	0800	CMCC-zy7A
a4:ba:70:3a:61:31	2412	-87	0800	CU-C4F4_plus
98:0d:51:96:33:54	2437	-86	0800	HDMRC
24:69:68:38:77:70	2412	-84	0800	wlj
60:ce:41:46:0e:ec	2412	-78	0800	Kal'tsit
7c:39:85:2a:50:04	2462	-73	0800	Kal'tsit
bc:54:fc:36:e1:c2	2462	-72	0800	MERCURY_E1C2
60:ce:41:ab:02:d2	2462	-66	0800	STB_T4Zp
60:ce:41:ab:02:d0	2462	-64	0800	Kal'tsit
nsh> [K
nsh> [K
XTS_5.1.42_SCAN=26 PASS AP_COUNT=14
--- CMD: wapi scan wlan0 ---
wapi scan wlan0
[CPU0] esp_wifi_start_scan: S31 scan request: type=0 channel=0 country_ret=0 first=1 count=11
[CPU0] esp_event_post_wrapper: S31 scan event: status=0 aps=22 id=154
[CPU0] esp_event_post_wrapper: S31 Wi-Fi ISR calls: cpu0=1507 cpu1=0
[CPU0] esp_wifi_scan_event_parse: S31 scan count: ret=0 aps=22
bssid / frequency / signal level / encode / ssid
3c:06:a7:2a:3e:71	2437	-91	0800	KYAFL
a4:ba:70:be:df:fb	2412	-90	0800	20371506
24:4b:fe:71:52:f0	2457	-89	0800	Asus-ax68u
c0:a4:76:e8:e1:eb	2437	-89	0800	@Ruijie-s9599
b8:f8:83:2d:54:eb	2412	-89	0800	GS5.0
10:9f:4f:43:b2:ca	2437	-88	0800	CMCC-C2C9
64:75:20:ad:ed:3e	2417	-88	0800	CU_6hQR
60:10:9e:e0:ae:2c	2417	-88	0800	HUAWEI-J
50:78:b3:a3:c4:f4	2412	-88	0800	CU-C4F4
a0:55:2e:e2:61:c4	2432	-87	0800	CMCC-zy7A
30:99:35:5e:4f:63	2432	-86	0800	CU_nhbU
ca:33:e5:05:fe:88	2432	-86	0800	阳光
a4:ba:70:3a:61:31	2412	-86	0800	CU-C4F4_plus
c4:16:c8:5a:e5:6c	2462	-85	0800	HUAWEI-J
98:0d:51:96:33:54	2437	-84	0800	HDMRC
24:69:68:38:77:70	2412	-83	0800	wlj
94:bf:80:7e:6f:c9	2422	-81	0800	CU_rfNY
60:ce:41:46:0e:ec	2412	-80	0800	Kal'tsit
bc:54:fc:36:e1:c2	2462	-73	0800	MERCURY_E1C2
7c:39:85:2a:50:04	2462	-67	0800	Kal'tsit
60:ce:41:ab:02:d0	2462	-66	0800	Kal'tsit
60:ce:41:ab:02:d2	2462	-65	0800	STB_T4Zp
nsh> [K
nsh> [K
XTS_5.1.42_SCAN=27 PASS AP_COUNT=22
--- CMD: wapi scan wlan0 ---
wapi scan wlan0
[CPU0] esp_wifi_start_scan: S31 scan request: type=0 channel=0 country_ret=0 first=1 count=11
[CPU0] esp_event_post_wrapper: S31 scan event: status=0 aps=16 id=155
[CPU0] esp_event_post_wrapper: S31 Wi-Fi ISR calls: cpu0=1568 cpu1=0
[CPU0] esp_wifi_scan_event_parse: S31 scan count: ret=0 aps=16
bssid / frequency / signal level / encode / ssid
b8:f8:83:2d:54:eb	2412	-91	0800	GS5.0
08:f4:58:ab:c0:18	2437	-90	0800	HDMRC
a4:ba:70:be:df:fb	2412	-88	0800	20371506
24:4b:fe:71:52:f0	2457	-87	0800	Asus-ax68u
10:9f:4f:43:b2:ca	2437	-87	0800	CMCC-C2C9
ca:33:e5:05:fe:88	2432	-87	0800	阳光
a0:55:2e:e2:61:c4	2432	-87	0800	CMCC-zy7A
50:78:b3:a3:c4:f4	2412	-87	0800	CU-C4F4
98:0d:51:96:33:54	2437	-84	0800	HDMRC
30:99:35:5e:4f:63	2432	-82	0800	CU_nhbU
94:bf:80:7e:6f:c9	2422	-81	0800	CU_rfNY
60:ce:41:46:0e:ec	2412	-79	0800	Kal'tsit
7c:39:85:2a:50:04	2462	-74	0800	Kal'tsit
bc:54:fc:36:e1:c2	2462	-74	0800	MERCURY_E1C2
60:ce:41:ab:02:d2	2462	-65	0800	STB_T4Zp
60:ce:41:ab:02:d0	2462	-64	0800	Kal'tsit
nsh> [K
nsh> [K
XTS_5.1.42_SCAN=28 PASS AP_COUNT=16
--- CMD: wapi scan wlan0 ---
wapi scan wlan0
[CPU0] esp_wifi_start_scan: S31 scan request: type=0 channel=0 country_ret=0 first=1 count=11
[CPU0] esp_event_post_wrapper: S31 scan event: status=0 aps=14 id=156
[CPU0] esp_event_post_wrapper: S31 Wi-Fi ISR calls: cpu0=1626 cpu1=0
[CPU0] esp_wifi_scan_event_parse: S31 scan count: ret=0 aps=14
bssid / frequency / signal level / encode / ssid
24:4b:fe:71:52:f0	2457	-89	0800	Asus-ax68u
08:f4:58:ab:c0:18	2437	-89	0800	HDMRC
c0:a4:76:e8:e1:eb	2437	-88	0800	@Ruijie-s9599
60:10:9e:e0:ae:2c	2417	-88	0800	HUAWEI-J
3c:06:a7:2a:3e:71	2437	-87	0800	KYAFL
c2:a4:76:28:e1:eb	2437	-86	0800	@Ruijie-s9599_iot
98:0d:51:96:33:54	2437	-85	0800	HDMRC
90:7e:43:c9:d4:3c	2427	-84	0800	XXN3M
94:bf:80:7e:6f:c9	2422	-79	0800	CU_rfNY
60:ce:41:46:0e:ec	2412	-76	0800	Kal'tsit
bc:54:fc:36:e1:c2	2462	-72	0800	MERCURY_E1C2
7c:39:85:2a:50:04	2462	-67	0800	Kal'tsit
60:ce:41:ab:02:d2	2462	-64	0800	STB_T4Zp
60:ce:41:ab:02:d0	2462	-64	0800	Kal'tsit
nsh> [K
nsh> [K
XTS_5.1.42_SCAN=29 PASS AP_COUNT=14
--- CMD: wapi scan wlan0 ---
wapi scan wlan0
[CPU0] esp_wifi_start_scan: S31 scan request: type=0 channel=0 country_ret=0 first=1 count=11
[CPU0] esp_event_post_wrapper: S31 scan event: status=0 aps=16 id=157
[CPU0] esp_event_post_wrapper: S31 Wi-Fi ISR calls: cpu0=1684 cpu1=0
[CPU0] esp_wifi_scan_event_parse: S31 scan count: ret=0 aps=16
bssid / frequency / signal level / encode / ssid
f4:2a:7d:53:3f:88	2462	-92	0800	TP-LINK_901
a4:ba:70:3a:61:31	2412	-89	0800	CU-C4F4_plus
24:5a:5f:78:74:42	2462	-88	0800	falcom219
c0:a4:76:e8:e1:eb	2437	-88	0800	@Ruijie-s9599
08:f4:58:ab:c0:18	2437	-87	0800	HDMRC
c4:16:c8:5a:e5:6c	2462	-86	0800	HUAWEI-J
c2:a4:76:28:e1:eb	2437	-86	0800	@Ruijie-s9599_iot
ca:33:e5:05:fe:88	2432	-86	0800	阳光
98:0d:51:96:33:54	2437	-85	0800	HDMRC
30:99:35:5e:4f:63	2432	-85	0800	CU_nhbU
24:69:68:38:77:70	2412	-85	0800	wlj
94:bf:80:7e:6f:c9	2422	-80	0800	CU_rfNY
7c:39:85:2a:50:04	2462	-75	0800	Kal'tsit
bc:54:fc:36:e1:c2	2462	-73	0800	MERCURY_E1C2
60:ce:41:ab:02:d2	2462	-66	0800	STB_T4Zp
60:ce:41:ab:02:d0	2462	-64	0800	Kal'tsit
nsh> [K
nsh> [K
XTS_5.1.42_SCAN=30 PASS AP_COUNT=16
--- CMD: wapi scan wlan0 ---
wapi scan wlan0
[CPU0] esp_wifi_start_scan: S31 scan request: type=0 channel=0 country_ret=0 first=1 count=11
[CPU0] esp_event_post_wrapper: S31 scan event: status=0 aps=14 id=158
[CPU0] esp_event_post_wrapper: S31 Wi-Fi ISR calls: cpu0=1726 cpu1=0
[CPU0] esp_wifi_scan_event_parse: S31 scan count: ret=0 aps=14
bssid / frequency / signal level / encode / ssid
3c:06:a7:2a:3e:71	2437	-90	0800	KYAFL
24:4b:fe:71:52:f0	2457	-89	0800	Asus-ax68u
08:f4:58:ab:c0:18	2437	-89	0800	HDMRC
50:78:b3:a3:c4:f4	2412	-88	0800	CU-C4F4
c2:a4:76:28:e1:eb	2437	-87	0800	@Ruijie-s9599_iot
c4:16:c8:5a:e5:6c	2462	-86	0800	HUAWEI-J
10:9f:4f:43:b2:ca	2437	-86	0800	CMCC-C2C9
98:0d:51:96:33:54	2437	-86	0800	HDMRC
a4:ba:70:3a:61:31	2412	-86	0800	CU-C4F4_plus
24:69:68:38:77:70	2412	-83	0800	wlj
bc:54:fc:36:e1:c2	2462	-73	0800	MERCURY_E1C2
7c:39:85:2a:50:04	2462	-67	0800	Kal'tsit
60:ce:41:ab:02:d0	2462	-65	0800	Kal'tsit
60:ce:41:ab:02:d2	2462	-64	0800	STB_T4Zp
nsh> [K
nsh> [K
XTS_5.1.42_SCAN=31 PASS AP_COUNT=14
--- CMD: wapi scan wlan0 ---
wapi scan wlan0
[CPU0] esp_wifi_start_scan: S31 scan request: type=0 channel=0 country_ret=0 first=1 count=11
[CPU0] esp_event_post_wrapper: S31 scan event: status=0 aps=15 id=159
[CPU0] esp_event_post_wrapper: S31 Wi-Fi ISR calls: cpu0=1765 cpu1=0
[CPU0] esp_wifi_scan_event_parse: S31 scan count: ret=0 aps=15
bssid / frequency / signal level / encode / ssid
50:78:b3:a3:c4:f4	2412	-89	0800	CU-C4F4
24:5a:5f:78:74:42	2462	-88	0800	falcom219
98:0d:51:96:33:54	2437	-87	0800	HDMRC
c0:a4:76:e8:e1:eb	2437	-87	0800	@Ruijie-s9599
c4:16:c8:5a:e5:6c	2462	-86	0800	HUAWEI-J
ca:33:e5:05:fe:88	2432	-86	0800	阳光
a4:ba:70:3a:61:31	2412	-86	0800	CU-C4F4_plus
10:9f:4f:43:b2:ca	2437	-83	0800	CMCC-C2C9
24:69:68:38:77:70	2412	-83	0800	wlj
94:bf:80:7e:6f:c9	2422	-80	0800	CU_rfNY
60:ce:41:46:0e:ec	2412	-76	0800	Kal'tsit
bc:54:fc:36:e1:c2	2462	-73	0800	MERCURY_E1C2
7c:39:85:2a:50:04	2462	-72	0800	Kal'tsit
60:ce:41:ab:02:d0	2462	-66	0800	Kal'tsit
60:ce:41:ab:02:d2	2462	-65	0800	STB_T4Zp
nsh> [K
nsh> [K
XTS_5.1.42_SCAN=32 PASS AP_COUNT=15
--- CMD: wapi scan wlan0 ---
wapi scan wlan0
[CPU0] esp_wifi_start_scan: S31 scan request: type=0 channel=0 country_ret=0 first=1 count=11
[CPU0] esp_event_post_wrapper: S31 scan event: status=0 aps=14 id=160
[CPU0] esp_event_post_wrapper: S31 Wi-Fi ISR calls: cpu0=1826 cpu1=0
[CPU0] esp_wifi_scan_event_parse: S31 scan count: ret=0 aps=14
bssid / frequency / signal level / encode / ssid
3c:06:a7:2a:3e:71	2437	-90	0800	KYAFL
64:75:20:ad:ed:3e	2417	-89	0800	CU_6hQR
08:f4:58:ab:c0:18	2437	-88	0800	HDMRC
10:9f:4f:43:b2:ca	2437	-87	0800	CMCC-C2C9
a4:ba:70:3a:61:31	2412	-87	0800	CU-C4F4_plus
c4:16:c8:5a:e5:6c	2462	-86	0800	HUAWEI-J
c2:a4:76:28:e1:eb	2437	-86	0800	@Ruijie-s9599_iot
30:99:35:5e:4f:63	2432	-84	0800	CU_nhbU
24:69:68:38:77:70	2412	-83	0800	wlj
94:bf:80:7e:6f:c9	2422	-80	0800	CU_rfNY
60:ce:41:46:0e:ec	2412	-76	0800	Kal'tsit
bc:54:fc:36:e1:c2	2462	-72	0800	MERCURY_E1C2
60:ce:41:ab:02:d2	2462	-66	0800	STB_T4Zp
60:ce:41:ab:02:d0	2462	-64	0800	Kal'tsit
nsh> [K
nsh> [K
XTS_5.1.42_SCAN=33 PASS AP_COUNT=14
--- CMD: wapi scan wlan0 ---
wapi scan wlan0
[CPU0] esp_wifi_start_scan: S31 scan request: type=0 channel=0 country_ret=0 first=1 count=11
[CPU0] esp_event_post_wrapper: S31 scan event: status=0 aps=15 id=161
[CPU0] esp_event_post_wrapper: S31 Wi-Fi ISR calls: cpu0=1877 cpu1=0
[CPU0] esp_wifi_scan_event_parse: S31 scan count: ret=0 aps=15
bssid / frequency / signal level / encode / ssid
24:5a:5f:78:74:42	2462	-90	0800	falcom219
3c:06:a7:2a:3e:71	2437	-90	0800	KYAFL
08:f4:58:ab:c0:18	2437	-90	0800	HDMRC
c2:a4:76:28:e1:eb	2437	-88	0800	@Ruijie-s9599_iot
90:7e:43:c9:d4:3c	2427	-87	0800	XXN3M
98:0d:51:96:33:54	2437	-86	0800	HDMRC
ca:33:e5:05:fe:88	2432	-86	0800	阳光
30:99:35:5e:4f:63	2432	-85	0800	CU_nhbU
24:69:68:38:77:70	2412	-84	0800	wlj
60:ce:41:46:0e:ec	2412	-83	0800	Kal'tsit
94:bf:80:7e:6f:c9	2422	-81	0800	CU_rfNY
7c:39:85:2a:50:04	2462	-76	0800	Kal'tsit
bc:54:fc:36:e1:c2	2462	-73	0800	MERCURY_E1C2
60:ce:41:ab:02:d0	2462	-65	0800	Kal'tsit
60:ce:41:ab:02:d2	2462	-61	0800	STB_T4Zp
nsh> [K
nsh> [K
XTS_5.1.42_SCAN=34 PASS AP_COUNT=15
--- CMD: wapi scan wlan0 ---
wapi scan wlan0
[CPU1] esp_wifi_start_scan: S31 scan request: type=0 channel=0 country_ret=0 first=1 count=11
[CPU0] esp_event_post_wrapper: S31 scan event: status=0 aps=14 id=162
[CPU0] esp_event_post_wrapper: S31 Wi-Fi ISR calls: cpu0=1918 cpu1=0
[CPU0] esp_wifi_scan_event_parse: S31 scan count: ret=0 aps=14
bssid / frequency / signal level / encode / ssid
50:78:b3:a3:c4:f4	2412	-91	0800	CU-C4F4
c0:a4:76:e8:e1:eb	2437	-89	0800	@Ruijie-s9599
24:5a:5f:78:74:42	2462	-88	0800	falcom219
a4:ba:70:3a:61:31	2412	-86	0800	CU-C4F4_plus
98:0d:51:96:33:54	2437	-85	0800	HDMRC
ca:33:e5:05:fe:88	2432	-85	0800	阳光
30:99:35:5e:4f:63	2432	-84	0800	CU_nhbU
24:69:68:38:77:70	2412	-83	0800	wlj
94:bf:80:7e:6f:c9	2422	-80	0800	CU_rfNY
60:ce:41:46:0e:ec	2412	-77	0800	Kal'tsit
7c:39:85:2a:50:04	2462	-74	0800	Kal'tsit
bc:54:fc:36:e1:c2	2462	-74	0800	MERCURY_E1C2
60:ce:41:ab:02:d0	2462	-66	0800	Kal'tsit
60:ce:41:ab:02:d2	2462	-65	0800	STB_T4Zp
nsh> [K
nsh> [K
XTS_5.1.42_SCAN=35 PASS AP_COUNT=14
--- CMD: wapi scan wlan0 ---
wapi scan wlan0
[CPU0] esp_wifi_start_scan: S31 scan request: type=0 channel=0 country_ret=0 first=1 count=11
[CPU0] esp_event_post_wrapper: S31 scan event: status=0 aps=12 id=163
[CPU0] esp_event_post_wrapper: S31 Wi-Fi ISR calls: cpu0=1973 cpu1=0
[CPU0] esp_wifi_scan_event_parse: S31 scan count: ret=0 aps=12
bssid / frequency / signal level / encode / ssid
c0:a4:76:e8:e1:eb	2437	-88	0800	@Ruijie-s9599
60:10:9e:e0:ae:2e	2417	-87	0800	STB_dK89
50:78:b3:a3:c4:f4	2412	-87	0800	CU-C4F4
a4:ba:70:3a:61:31	2412	-87	0800	CU-C4F4_plus
c2:a4:76:28:e1:eb	2437	-85	0800	@Ruijie-s9599_iot
98:0d:51:96:33:54	2437	-85	0800	HDMRC
24:69:68:38:77:70	2412	-84	0800	wlj
94:bf:80:7e:6f:c9	2422	-82	0800	CU_rfNY
60:ce:41:46:0e:ec	2412	-74	0800	Kal'tsit
bc:54:fc:36:e1:c2	2462	-72	0800	MERCURY_E1C2
60:ce:41:ab:02:d2	2462	-65	0800	STB_T4Zp
60:ce:41:ab:02:d0	2462	-65	0800	Kal'tsit
nsh> [K
nsh> [K
XTS_5.1.42_SCAN=36 PASS AP_COUNT=12
--- CMD: wapi scan wlan0 ---
wapi scan wlan0
[CPU0] esp_wifi_start_scan: S31 scan request: type=0 channel=0 country_ret=0 first=1 count=11
[CPU0] esp_event_post_wrapper: S31 scan event: status=0 aps=20 id=164
[CPU0] esp_event_post_wrapper: S31 Wi-Fi ISR calls: cpu0=2039 cpu1=0
[CPU0] esp_wifi_scan_event_parse: S31 scan count: ret=0 aps=20
bssid / frequency / signal level / encode / ssid
24:5a:5f:78:74:42	2462	-91	0800	falcom219
3c:06:a7:2a:3e:71	2437	-91	0800	KYAFL
c0:a4:76:e8:e1:eb	2437	-89	0800	@Ruijie-s9599
08:f4:58:ab:c0:18	2437	-89	0800	HDMRC
64:75:20:ad:ed:3e	2417	-89	0800	CU_6hQR
60:10:9e:e0:ae:2e	2417	-89	0800	STB_dK89
10:9f:4f:43:b2:ca	2437	-87	0800	CMCC-C2C9
ca:33:e5:05:fe:88	2432	-87	0800	阳光
c2:a4:76:28:e1:eb	2437	-86	0800	@Ruijie-s9599_iot
c4:16:c8:5a:e5:6c	2462	-85	0800	HUAWEI-J
98:0d:51:96:33:54	2437	-85	0800	HDMRC
c8:cd:55:f5:00:a1	2422	-84	0800	海淀区物资回收公司
24:69:68:38:77:70	2412	-84	0800	wlj
a4:ba:70:be:df:fb	2412	-84	0800	20371506
60:ce:41:46:0e:ec	2412	-82	0800	Kal'tsit
7c:39:85:2a:50:04	2462	-80	0800	Kal'tsit
94:bf:80:7e:6f:c9	2422	-80	0800	CU_rfNY
bc:54:fc:36:e1:c2	2462	-72	0800	MERCURY_E1C2
60:ce:41:ab:02:d0	2462	-65	0800	Kal'tsit
60:ce:41:ab:02:d2	2462	-64	0800	STB_T4Zp
nsh> [K
nsh> [K
XTS_5.1.42_SCAN=37 PASS AP_COUNT=20
--- CMD: wapi scan wlan0 ---
wapi scan wlan0
[CPU0] esp_wifi_start_scan: S31 scan request: type=0 channel=0 country_ret=0 first=1 count=11
[CPU0] esp_event_post_wrapper: S31 scan event: status=0 aps=19 id=165
[CPU0] esp_event_post_wrapper: S31 Wi-Fi ISR calls: cpu0=2103 cpu1=0
[CPU0] esp_wifi_scan_event_parse: S31 scan count: ret=0 aps=19
bssid / frequency / signal level / encode / ssid
04:95:e6:28:ac:d1	2452	-90	0800	RD-Home
3c:06:a7:2a:3e:71	2437	-90	0800	KYAFL
24:5a:5f:78:74:42	2462	-89	0800	falcom219
60:10:9e:e0:ae:2c	2417	-89	0800	HUAWEI-J
a4:ba:70:be:df:fb	2412	-89	0800	20371506
24:4b:fe:71:52:f0	2457	-88	0800	Asus-ax68u
08:f4:58:ab:c0:18	2437	-88	0800	HDMRC
10:9f:4f:43:b2:ca	2437	-88	0800	CMCC-C2C9
c2:a4:76:28:e1:eb	2437	-88	0800	@Ruijie-s9599_iot
c0:a4:76:e8:e1:eb	2437	-87	0800	@Ruijie-s9599
b8:f8:83:2d:54:eb	2412	-87	0800	GS5.0
a4:ba:70:3a:61:31	2412	-87	0800	CU-C4F4_plus
ca:33:e5:05:fe:88	2432	-86	0800	阳光
94:bf:80:7e:6f:c9	2422	-81	0800	CU_rfNY
60:ce:41:46:0e:ec	2412	-79	0800	Kal'tsit
7c:39:85:2a:50:04	2462	-78	0800	Kal'tsit
bc:54:fc:36:e1:c2	2462	-73	0800	MERCURY_E1C2
60:ce:41:ab:02:d0	2462	-66	0800	Kal'tsit
60:ce:41:ab:02:d2	2462	-65	0800	STB_T4Zp
nsh> [K
nsh> [K
XTS_5.1.42_SCAN=38 PASS AP_COUNT=19
--- CMD: wapi scan wlan0 ---
wapi scan wlan0
[CPU0] esp_wifi_start_scan: S31 scan request: type=0 channel=0 country_ret=0 first=1 count=11
[CPU0] esp_event_post_wrapper: S31 scan event: status=0 aps=15 id=166
[CPU0] esp_event_post_wrapper: S31 Wi-Fi ISR calls: cpu0=2159 cpu1=0
[CPU0] esp_wifi_scan_event_parse: S31 scan count: ret=0 aps=15
bssid / frequency / signal level / encode / ssid
3c:06:a7:2a:3e:71	2437	-89	0800	KYAFL
08:f4:58:ab:c0:18	2437	-88	0800	HDMRC
b8:f8:83:2d:54:eb	2412	-88	0800	GS5.0
a4:ba:70:3a:61:31	2412	-88	0800	CU-C4F4_plus
c4:16:c8:5a:e5:6c	2462	-86	0800	HUAWEI-J
c2:a4:76:28:e1:eb	2437	-86	0800	@Ruijie-s9599_iot
c0:a4:76:e8:e1:eb	2437	-86	0800	@Ruijie-s9599
50:78:b3:a3:c4:f4	2412	-86	0800	CU-C4F4
98:0d:51:96:33:54	2437	-84	0800	HDMRC
94:bf:80:7e:6f:c9	2422	-83	0800	CU_rfNY
60:ce:41:46:0e:ec	2412	-81	0800	Kal'tsit
7c:39:85:2a:50:04	2462	-80	0800	Kal'tsit
bc:54:fc:36:e1:c2	2462	-73	0800	MERCURY_E1C2
60:ce:41:ab:02:d2	2462	-65	0800	STB_T4Zp
60:ce:41:ab:02:d0	2462	-64	0800	Kal'tsit
nsh> [K
nsh> [K
XTS_5.1.42_SCAN=39 PASS AP_COUNT=15
--- CMD: wapi scan wlan0 ---
wapi scan wlan0
[CPU0] esp_wifi_start_scan: S31 scan request: type=0 channel=0 country_ret=0 first=1 count=11
[CPU0] esp_event_post_wrapper: S31 scan event: status=0 aps=25 id=167
[CPU0] esp_event_post_wrapper: S31 Wi-Fi ISR calls: cpu0=2233 cpu1=0
[CPU0] esp_wifi_scan_event_parse: S31 scan count: ret=0 aps=25
bssid / frequency / signal level / encode / ssid
24:5a:5f:78:74:42	2462	-90	0800	falcom219
08:f4:58:ab:c0:18	2437	-89	0800	HDMRC
3c:06:a7:2a:3e:71	2437	-89	0800	KYAFL
60:10:9e:e0:ae:2c	2417	-89	0800	HUAWEI-J
24:4b:fe:71:52:f0	2457	-88	0800	Asus-ax68u
c0:a4:76:e8:e1:eb	2437	-88	0800	@Ruijie-s9599
64:75:20:ad:ed:3e	2417	-88	0800	CU_6hQR
60:10:9e:e0:ae:2e	2417	-88	0800	STB_dK89
10:9f:4f:43:b2:ca	2437	-87	0800	CMCC-C2C9
ca:33:e5:05:fe:88	2432	-87	0800	阳光
c8:cd:55:f5:00:a1	2422	-87	0800	海淀区物资回收公司
50:78:b3:a3:c4:f4	2412	-86	0800	CU-C4F4
a4:ba:70:3a:61:31	2412	-86	0800	CU-C4F4_plus
68:dd:b7:77:db:38	2462	-85	0800	JSL
c4:16:c8:5a:e5:6c	2462	-85	0800	HUAWEI-J
30:99:35:5e:4f:63	2432	-85	0800	CU_nhbU
24:69:68:38:77:70	2412	-84	0800	wlj
c2:a4:76:28:e1:eb	2437	-83	0800	@Ruijie-s9599_iot
a4:ba:70:be:df:fb	2412	-83	0800	20371506
94:bf:80:7e:6f:c9	2422	-82	0800	CU_rfNY
60:ce:41:46:0e:ec	2412	-76	0800	Kal'tsit
7c:39:85:2a:50:04	2462	-74	0800	Kal'tsit
bc:54:fc:36:e1:c2	2462	-72	0800	MERCURY_E1C2
60:ce:41:ab:02:d0	2462	-65	0800	Kal'tsit
60:ce:41:ab:02:d2	2462	-65	0800	STB_T4Zp
nsh> [K
nsh> [K
XTS_5.1.42_SCAN=40 PASS AP_COUNT=25
--- CMD: wapi scan wlan0 ---
wapi scan wlan0
[CPU0] esp_wifi_start_scan: S31 scan request: type=0 channel=0 country_ret=0 first=1 count=11
[CPU0] esp_event_post_wrapper: S31 scan event: status=0 aps=19 id=168
[CPU0] esp_event_post_wrapper: S31 Wi-Fi ISR calls: cpu0=2304 cpu1=0
[CPU0] esp_wifi_scan_event_parse: S31 scan count: ret=0 aps=19
bssid / frequency / signal level / encode / ssid
24:5a:5f:78:74:42	2462	-90	0800	falcom219
3c:06:a7:2a:3e:71	2437	-90	0800	KYAFL
c2:a4:76:28:e1:eb	2437	-90	0800	@Ruijie-s9599_iot
60:10:9e:e0:ae:2e	2417	-90	0800	STB_dK89
24:4b:fe:71:52:f0	2457	-89	0800	Asus-ax68u
10:9f:4f:43:b2:ca	2437	-89	0800	CMCC-C2C9
08:f4:58:ab:c0:18	2437	-88	0800	HDMRC
c0:a4:76:e8:e1:eb	2437	-88	0800	@Ruijie-s9599
c4:16:c8:5a:e5:6c	2462	-87	0800	HUAWEI-J
68:dd:b7:77:db:38	2462	-86	0800	JSL
50:78:b3:a3:c4:f4	2412	-86	0800	CU-C4F4
98:0d:51:96:33:54	2437	-85	0800	HDMRC
24:69:68:38:77:70	2412	-83	0800	wlj
60:ce:41:46:0e:ec	2412	-81	0800	Kal'tsit
94:bf:80:7e:6f:c9	2422	-80	0800	CU_rfNY
bc:54:fc:36:e1:c2	2462	-73	0800	MERCURY_E1C2
7c:39:85:2a:50:04	2462	-71	0800	Kal'tsit
60:ce:41:ab:02:d2	2462	-65	0800	STB_T4Zp
60:ce:41:ab:02:d0	2462	-64	0800	Kal'tsit
nsh> [K
nsh> [K
XTS_5.1.42_SCAN=41 PASS AP_COUNT=19
--- CMD: wapi scan wlan0 ---
wapi scan wlan0
[CPU0] esp_wifi_start_scan: S31 scan request: type=0 channel=0 country_ret=0 first=1 count=11
[CPU0] esp_event_post_wrapper: S31 scan event: status=0 aps=17 id=169
[CPU0] esp_event_post_wrapper: S31 Wi-Fi ISR calls: cpu0=2362 cpu1=0
[CPU0] esp_wifi_scan_event_parse: S31 scan count: ret=0 aps=17
bssid / frequency / signal level / encode / ssid
24:5a:5f:78:74:42	2462	-92	0800	falcom219
24:4b:fe:71:52:f0	2457	-88	0800	Asus-ax68u
c0:a4:76:e8:e1:eb	2437	-88	0800	@Ruijie-s9599
10:9f:4f:43:b2:ca	2437	-88	0800	CMCC-C2C9
08:f4:58:ab:c0:18	2437	-87	0800	HDMRC
98:0d:51:96:33:54	2437	-87	0800	HDMRC
ca:33:e5:05:fe:88	2432	-86	0800	阳光
90:7e:43:c9:d4:3c	2427	-86	0800	XXN3M
68:dd:b7:77:db:38	2462	-85	0800	JSL
30:99:35:5e:4f:63	2432	-85	0800	CU_nhbU
24:69:68:38:77:70	2412	-85	0800	wlj
a4:ba:70:3a:61:31	2412	-85	0800	CU-C4F4_plus
60:ce:41:46:0e:ec	2412	-83	0800	Kal'tsit
7c:39:85:2a:50:04	2462	-73	0800	Kal'tsit
bc:54:fc:36:e1:c2	2462	-72	0800	MERCURY_E1C2
60:ce:41:ab:02:d2	2462	-65	0800	STB_T4Zp
60:ce:41:ab:02:d0	2462	-65	0800	Kal'tsit
nsh> [K
nsh> [K
XTS_5.1.42_SCAN=42 PASS AP_COUNT=17
--- CMD: wapi scan wlan0 ---
wapi scan wlan0
[CPU0] esp_wifi_start_scan: S31 scan request: type=0 channel=0 country_ret=0 first=1 count=11
[CPU0] esp_event_post_wrapper: S31 scan event: status=0 aps=14 id=170
[CPU0] esp_event_post_wrapper: S31 Wi-Fi ISR calls: cpu0=2416 cpu1=0
[CPU0] esp_wifi_scan_event_parse: S31 scan count: ret=0 aps=14
bssid / frequency / signal level / encode / ssid
3c:06:a7:2a:3e:71	2437	-90	0800	KYAFL
c0:a4:76:e8:e1:eb	2437	-90	0800	@Ruijie-s9599
24:5a:5f:78:74:42	2462	-89	0800	falcom219
08:f4:58:ab:c0:18	2437	-89	0800	HDMRC
60:10:9e:e0:ae:2e	2417	-89	0800	STB_dK89
60:10:9e:e0:ae:2c	2417	-88	0800	HUAWEI-J
c4:16:c8:5a:e5:6c	2462	-87	0800	HUAWEI-J
10:9f:4f:43:b2:ca	2437	-87	0800	CMCC-C2C9
ca:33:e5:05:fe:88	2432	-82	0800	阳光
60:ce:41:46:0e:ec	2412	-82	0800	Kal'tsit
7c:39:85:2a:50:04	2462	-73	0800	Kal'tsit
bc:54:fc:36:e1:c2	2462	-72	0800	MERCURY_E1C2
60:ce:41:ab:02:d2	2462	-66	0800	STB_T4Zp
60:ce:41:ab:02:d0	2462	-66	0800	Kal'tsit
nsh> [K
nsh> [K
XTS_5.1.42_SCAN=43 PASS AP_COUNT=14
--- CMD: wapi scan wlan0 ---
wapi scan wlan0
[CPU0] esp_wifi_start_scan: S31 scan request: type=0 channel=0 country_ret=0 first=1 count=11
[CPU0] esp_event_post_wrapper: S31 scan event: status=0 aps=17 id=171
[CPU0] esp_event_post_wrapper: S31 Wi-Fi ISR calls: cpu0=2471 cpu1=0
[CPU0] esp_wifi_scan_event_parse: S31 scan count: ret=0 aps=17
bssid / frequency / signal level / encode / ssid
24:5a:5f:78:74:42	2462	-89	0800	falcom219
10:9f:4f:43:b2:ca	2437	-89	0800	CMCC-C2C9
3c:06:a7:2a:3e:71	2437	-89	0800	KYAFL
68:dd:b7:77:db:38	2462	-87	0800	JSL
c2:a4:76:28:e1:eb	2437	-87	0800	@Ruijie-s9599_iot
c0:a4:76:e8:e1:eb	2437	-87	0800	@Ruijie-s9599
ca:33:e5:05:fe:88	2432	-87	0800	阳光
90:7e:43:c9:d4:3c	2427	-86	0800	XXN3M
30:99:35:5e:4f:63	2432	-85	0800	CU_nhbU
a4:ba:70:be:df:fb	2412	-85	0800	20371506
24:69:68:38:77:70	2412	-84	0800	wlj
98:0d:51:96:33:54	2437	-83	0800	HDMRC
60:ce:41:46:0e:ec	2412	-77	0800	Kal'tsit
7c:39:85:2a:50:04	2462	-75	0800	Kal'tsit
bc:54:fc:36:e1:c2	2462	-72	0800	MERCURY_E1C2
60:ce:41:ab:02:d0	2462	-66	0800	Kal'tsit
60:ce:41:ab:02:d2	2462	-65	0800	STB_T4Zp
nsh> [K
nsh> [K
XTS_5.1.42_SCAN=44 PASS AP_COUNT=17
--- CMD: wapi scan wlan0 ---
wapi scan wlan0
[CPU0] esp_wifi_start_scan: S31 scan request: type=0 channel=0 country_ret=0 first=1 count=11
[CPU0] esp_event_post_wrapper: S31 scan event: status=0 aps=16 id=172
[CPU0] esp_event_post_wrapper: S31 Wi-Fi ISR calls: cpu0=2536 cpu1=0
[CPU0] esp_wifi_scan_event_parse: S31 scan count: ret=0 aps=16
bssid / frequency / signal level / encode / ssid
10:9f:4f:43:b2:ca	2437	-90	0800	CMCC-C2C9
b8:f8:83:2d:54:eb	2412	-90	0800	GS5.0
24:4b:fe:71:52:f0	2457	-89	0800	Asus-ax68u
60:10:9e:e0:ae:2e	2417	-88	0800	STB_dK89
08:f4:58:ab:c0:18	2437	-87	0800	HDMRC
64:75:20:ad:ed:3e	2417	-87	0800	CU_6hQR
c0:a4:76:e8:e1:eb	2437	-86	0800	@Ruijie-s9599
ca:33:e5:05:fe:88	2432	-86	0800	阳光
a4:ba:70:3a:61:31	2412	-86	0800	CU-C4F4_plus
98:0d:51:96:33:54	2437	-84	0800	HDMRC
60:ce:41:46:0e:ec	2412	-81	0800	Kal'tsit
94:bf:80:7e:6f:c9	2422	-80	0800	CU_rfNY
7c:39:85:2a:50:04	2462	-75	0800	Kal'tsit
bc:54:fc:36:e1:c2	2462	-72	0800	MERCURY_E1C2
60:ce:41:ab:02:d2	2462	-66	0800	STB_T4Zp
60:ce:41:ab:02:d0	2462	-64	0800	Kal'tsit
nsh> [K
nsh> [K
XTS_5.1.42_SCAN=45 PASS AP_COUNT=16
--- CMD: wapi scan wlan0 ---
wapi scan wlan0
[CPU0] esp_wifi_start_scan: S31 scan request: type=0 channel=0 country_ret=0 first=1 count=11
[CPU0] esp_event_post_wrapper: S31 scan event: status=0 aps=18 id=173
[CPU0] esp_event_post_wrapper: S31 Wi-Fi ISR calls: cpu0=2604 cpu1=0
[CPU0] esp_wifi_scan_event_parse: S31 scan count: ret=0 aps=18
bssid / frequency / signal level / encode / ssid
24:4b:fe:71:52:f0	2457	-91	0800	Asus-ax68u
3c:06:a7:2a:3e:71	2437	-90	0800	KYAFL
24:5a:5f:78:74:42	2462	-89	0800	falcom219
08:f4:58:ab:c0:18	2437	-89	0800	HDMRC
10:9f:4f:43:b2:ca	2437	-88	0800	CMCC-C2C9
c0:a4:76:e8:e1:eb	2437	-87	0800	@Ruijie-s9599
60:10:9e:e0:ae:2c	2417	-87	0800	HUAWEI-J
a4:ba:70:3a:61:31	2412	-87	0800	CU-C4F4_plus
98:0d:51:96:33:54	2437	-86	0800	HDMRC
c2:a4:76:28:e1:eb	2437	-86	0800	@Ruijie-s9599_iot
50:78:b3:a3:c4:f4	2412	-86	0800	CU-C4F4
24:69:68:38:77:70	2412	-83	0800	wlj
94:bf:80:7e:6f:c9	2422	-82	0800	CU_rfNY
60:ce:41:46:0e:ec	2412	-75	0800	Kal'tsit
7c:39:85:2a:50:04	2462	-72	0800	Kal'tsit
bc:54:fc:36:e1:c2	2462	-70	0800	MERCURY_E1C2
60:ce:41:ab:02:d0	2462	-66	0800	Kal'tsit
60:ce:41:ab:02:d2	2462	-65	0800	STB_T4Zp
nsh> [K
nsh> [K
XTS_5.1.42_SCAN=46 PASS AP_COUNT=18
--- CMD: wapi scan wlan0 ---
wapi scan wlan0
[CPU0] esp_wifi_start_scan: S31 scan request: type=0 channel=0 country_ret=0 first=1 count=11
[CPU0] esp_event_post_wrapper: S31 scan event: status=0 aps=15 id=174
[CPU0] esp_event_post_wrapper: S31 Wi-Fi ISR calls: cpu0=2671 cpu1=0
[CPU0] esp_wifi_scan_event_parse: S31 scan count: ret=0 aps=15
bssid / frequency / signal level / encode / ssid
24:5a:5f:78:74:42	2462	-91	0800	falcom219
a4:ba:70:3a:61:31	2412	-89	0800	CU-C4F4_plus
10:9f:4f:43:b2:ca	2437	-88	0800	CMCC-C2C9
60:10:9e:e0:ae:2c	2417	-88	0800	HUAWEI-J
c2:a4:76:28:e1:eb	2437	-87	0800	@Ruijie-s9599_iot
68:dd:b7:77:db:38	2462	-86	0800	JSL
c0:a4:76:e8:e1:eb	2437	-86	0800	@Ruijie-s9599
50:78:b3:a3:c4:f4	2412	-86	0800	CU-C4F4
98:0d:51:96:33:54	2437	-85	0800	HDMRC
ca:33:e5:05:fe:88	2432	-85	0800	阳光
60:ce:41:46:0e:ec	2412	-81	0800	Kal'tsit
bc:54:fc:36:e1:c2	2462	-72	0800	MERCURY_E1C2
7c:39:85:2a:50:04	2462	-72	0800	Kal'tsit
60:ce:41:ab:02:d2	2462	-66	0800	STB_T4Zp
60:ce:41:ab:02:d0	2462	-65	0800	Kal'tsit
nsh> [K
nsh> [K
XTS_5.1.42_SCAN=47 PASS AP_COUNT=15
--- CMD: wapi scan wlan0 ---
wapi scan wlan0
[CPU0] esp_wifi_start_scan: S31 scan request: type=0 channel=0 country_ret=0 first=1 count=11
[CPU0] esp_event_post_wrapper: S31 scan event: status=0 aps=21 id=175
[CPU0] esp_event_post_wrapper: S31 Wi-Fi ISR calls: cpu0=2720 cpu1=0
[CPU0] esp_wifi_scan_event_parse: S31 scan count: ret=0 aps=21
bssid / frequency / signal level / encode / ssid
24:5a:5f:78:74:42	2462	-91	0800	falcom219
3c:06:a7:2a:3e:71	2437	-91	0800	KYAFL
b8:f8:83:2d:54:eb	2412	-91	0800	GS5.0
10:9f:4f:43:b2:ca	2437	-89	0800	CMCC-C2C9
08:f4:58:ab:c0:18	2437	-88	0800	HDMRC
a0:55:2e:e2:61:c4	2432	-88	0800	CMCC-zy7A
60:10:9e:e0:ae:2e	2417	-88	0800	STB_dK89
60:10:9e:e0:ae:2c	2417	-88	0800	HUAWEI-J
c2:a4:76:28:e1:eb	2437	-87	0800	@Ruijie-s9599_iot
50:78:b3:a3:c4:f4	2412	-87	0800	CU-C4F4
98:0d:51:96:33:54	2437	-86	0800	HDMRC
c0:a4:76:e8:e1:eb	2437	-86	0800	@Ruijie-s9599
30:99:35:5e:4f:63	2432	-86	0800	CU_nhbU
ca:33:e5:05:fe:88	2432	-86	0800	阳光
24:69:68:38:77:70	2412	-84	0800	wlj
94:bf:80:7e:6f:c9	2422	-79	0800	CU_rfNY
60:ce:41:46:0e:ec	2412	-79	0800	Kal'tsit
7c:39:85:2a:50:04	2462	-72	0800	Kal'tsit
bc:54:fc:36:e1:c2	2462	-72	0800	MERCURY_E1C2
60:ce:41:ab:02:d2	2462	-65	0800	STB_T4Zp
60:ce:41:ab:02:d0	2462	-65	0800	Kal'tsit
nsh> [K
nsh> [K
XTS_5.1.42_SCAN=48 PASS AP_COUNT=21
Traceback (most recent call last):
  File "/home/regex/work/esp32s31-openvela/backups/2026-09-10-scan-stress/xts-wifi-lifecycle.py", line 148, in <module>
    main()
  File "/home/regex/work/esp32s31-openvela/backups/2026-09-10-scan-stress/xts-wifi-lifecycle.py", line 115, in main
    result = command(port, 'wapi scan wlan0')
  File "/home/regex/work/esp32s31-openvela/backups/2026-09-10-scan-stress/xts-wifi-lifecycle.py", line 46, in command
    result = transport.run_command(port, text, timeout=30)
  File "/home/regex/work/esp32s31-openvela/openvela-dev/nuttx/tools/espressif/esp32s31_nuttx_smoke.py", line 216, in run_command
    output = collect_until_prompt(port, timeout, visible_command)
  File "/home/regex/work/esp32s31-openvela/openvela-dev/nuttx/tools/espressif/esp32s31_nuttx_smoke.py", line 117, in collect_until_prompt
    raise TimeoutError(output.decode("utf-8", errors="replace"))
TimeoutError: wapi scan wlan0
[CPU1] riscv_exception: EXCEPTION: Load page fault. MCAUSE: 0000000d, EPC: 4003c5c2, MTVAL: 20818000
[CPU1] riscv_exception: PANIC!!! Exception = 0000000d
[CPU1] dump_assert_info: Current Version: NuttX  0.0.0 428252a08db-dirty Sep 16 2026 03:32:35 risc-v
[CPU1] dump_assert_info: Assertion failed panic: at file: /arch/risc-v/src/common/riscv_exception.c:131 task(CPU1): hr_timer process: Kernel 0x2f003d76
[CPU1] up_dump_register: PC: 40023098
[CPU1] up_dump_register: A0: 2f01a97c A1: 00000083 A2: 400e01d8 A3: 2f038634
[CPU1] up_dump_register: A4: 00000001 A5: 2f0161b8 A6: 20810000 A7: 2038a000
[CPU1] up_dump_register: T0: 1704dc3c T1: 00000000 T2: 10000000 T3: 2d689acf
[CPU1] up_dump_register: T4: 40627d8e T5: 730020f7 T6: 07740e67
[CPU1] up_dump_register: S0: 0000010c S1: 2f01a870 S2: 00000001 S3: 2f032b70
[CPU1] up_dump_register: S4: 400e01d8 S5: 400e0398 S6: 2f016000 S7: 00000006
[CPU1] up_dump_register: S8: 00000000 S9: 00000001 S10: 00000001 S11: 00000083
[CPU1] up_dump_register: SP: 2f016a58 FP: 0000010c TP: 00000000 RA: 40023098
[CPU1] dump_stackinfo: IRQ Stack:
[CPU1] dump_stackinfo:   base: 0x2f0163f0
[CPU1] dump_stackinfo:   size: 00002048
[CPU1] dump_stackinfo:     sp: 0x2f016a58
[CPU1] stack_dump:  2f016a38: 2f016000 400e0398 400e01d8 2f032b70 00042100 2f01a870 2f01a97c 4002331c
[CPU1] stack_dump:  2f016a58: 400e2228 2f003d76 2f016b00 4000b7da 00000000 2f016aa0 00000281 0a000000
[CPU1] stack_dump:  2f016a78: 0000002f 00000001 2f032b70 2f01a97c 400e01d8 400e0398 00000083 7474754e
[CPU1] stack_dump:  2f016a98: 00000058 0000000d 2f016164 2f038634 2f010034 400e0378 00000002 4000b690
[CPU1] stack_dump:  2f016ab8: 00000000 00000000 00000000 00000003 302e3000 0000302e 00000000 2f032b70
[CPU1] stack_dump:  2f016ad8: 00000000 3234000d 32353238 64383061 69642d62 20797472 20706553 32203631
[CPU1] stack_dump:  2f016af8: 20363230 333a3330 35333a32 4000b700 4000b746 00000000 7369727c 00762d63
[CPU1] stack_dump:  2f016b18: 400e8000 2f032b70 00000002 40006c84 00000004 2f01aed0 2f018260 00000003
[CPU1] stack_dump:  2f016b38: 00000002 00000001 00000000 2f032b70 00000000 0000000d 2f0161c4 2f038634
[CPU1] stack_dump:  2f016b58: 400e8000 2f032b70 00042100 400026e6 00000000 2f044c28 2f011068 0000000d
[CPU1] stack_dump:  2f016b78: 00000000 00000034 40002566 2f016080 00000004 2f0161b4 2f038634 2f008384
[CPU1] stack_dump:  2f016b98: 80046020 40038f60 00000000 00000002 00000002 2f044c48 2f011084 0000000d
[CPU1] stack_dump:  2f016bb8: 2f038634 ffffffff 0000000d 2f001e94 2f0161b4 40037e80 00000000 00000008
[CPU1] stack_dump:  2f016bd8: 0000000d 4003c5c2 2f016bf0 2f000f1e 00000000 4003c5c2 00000000 00000000
[CPU1] dump_stackinfo: User Stack:
[CPU1] dump_stackinfo:   base: 0x2f038050
[CPU1] dump_stackinfo:   size: 00001968
[CPU1] dump_stackinfo:     sp: 0x2f038740
[CPU1] stack_dump:  2f038720: 00000002 00000000 00010002 00000002 2f016104 00042020 00000001 00042020
[CPU1] stack_dump:  2f038740: 00042020 00000000 2f016000 4003c590 00000000 2f0115e4 2f080000 2f825f08
[CPU1] stack_dump:  2f038760: 00000000 00000001 2f0115e4 40082686 2f011000 2f011068 2f011000 4004c082
[CPU1] stack_dump:  2f038780: 00000002 2f011084 00000000 2f031bc8 2f011000 2f011068 00000000 2f003ee8
[CPU1] stack_dump:  2f0387a0: 00000000 00000000 00000000 00042020 00000000 00000000 00000000 00000000
[CPU1] stack_dump:  2f0387c0: 00000000 00000000 00000000 00000000 00000000 00000000 00000000 00000000
[CPU1] stack_dump:  2f0387e0: 2f003d76 2f032b70 00000002 4002ab0c 00000000 00000000 00000000 00000000
[CPU1] stack_dump:  2f038800: 00000000 00000000 00000000 00000000 00000000 00000000 00000000 00000000
[CPU1] sched_dumpstack: backtrace| 4: 0x4003c5c2
[CPU1] dump_fatal_info: Dump CPU0: RUNNING
[CPU1] dump_tasks:    PID GROUP   CPU PRI POLICY   TYPE    NPX STATE   EVENT      SIGMASK          STACKBASE  STACKSIZE   COMMAND
[CPU1] dump_tasks:   ----   ---     0 --- -------- ------- --- ------- ---------- ---------------- 0x2f016bf0      2048   irq
[CPU1] dump_tasks:   ----   ---     1 --- -------- ------- --- ------- ---------- ---------------- 0x2f0163f0      2048   irq
[CPU1] dump_task:       0     0     0   0 FIFO     Kthread -   Assigned           0000000000000000 0x2f02db2c      3024   CPU0 IDLE
[CPU1] dump_task:       1     0     1   0 FIFO     Kthread -   Assigned           0000000000000000 0x2f02e72c      3024   CPU1 IDLE
[CPU1] dump_task:       2     0     0 100 RR       Kthread -   Waiting Semaphore  0000000000000000 0x2f032060      1952   lpwork 0x2f011000 0x2f01104c
[CPU1] dump_task:       4     0     1 223 RR       Kthread -   Running            0000000000000000 0x2f038050      1968   hr_timer
[CPU1] dump_task:       5     0     0 253 RR       Kthread -   Waiting MQ empty   0000000000000000 0x2f03a040      3520   wifi
[CPU1] dump_task:       6     6     0 101 RR       Task    -   Running            0000000000000000 0x61802050      4016   /system/bin/init
[CPU1] sched_dumpstack: backtrace| 0: 0x2f001e00
[CPU1] sched_dumpstack: backtrace| 1: 0x2f001e00
[CPU1] sched_dumpstack: backtrace| 2: 0x40025786
[CPU1] sched_dumpstack: backtrace| 4: 0x4003c5c2
[CPU1] sched_dumpstack: backtrace| 5: 0x40025786

