XTS_RECEIPT=/home/regex/work/esp32s31-openvela/backups/2026-09-10-scan-stress/build968-flat-audio.sha256
ESP-ROM:esp32s31-20251218
Build:Dec 18 2025
rst:0x1 (POWERON),boot:0x7f (SPI_FAST_FLASH_BOOT)
SPI mode:DIO, clock div:1
load:0x2e000000,len:0x18
load:0x2f000000,len:0x12318
entry 0x2f008b38
*** Booting NuttX ***
rtc: lma 0x00002020 vma 0x2e000000 len 0x18     (24)
dram: lma 0x00002040 vma 0x2f000000 len 0x12318  (74520)
padd: lma 0x00014388 vma 0x00000000 len 0xbc90   (48272)
imap: lma 0x00020020 vma 0x40040020 len 0xa92c   (43308)
padd: lma 0x0002a954 vma 0x00000000 len 0x57a4   (22436)
imap: lma 0x00030100 vma 0x40000100 len 0x3de04  (253444)
total segments stored 6
ABCES8311: raw PCM playback/capture, half-duplex

NuttShell (NSH)
nsh> [K
--- CMD: mount ---
mount
  /proc type procfs
  /tmp type tmpfs
nsh> [K
nsh> [K
--- CMD: ls /dev/audio ---
ls /dev/audio
/dev/audio:
 pcm0c
 pcm0p
nsh> [K
nsh> [K
--- CMD: mkdir /data ---
mkdir /data
nsh> [K
nsh> [K
--- CMD: mount -t tmpfs /data ---
mount -t tmpfs /data
nsh> [K
nsh> [K
--- CMD: free ---
free
      total       used       free    maxused    maxfree  nused  nfree name
   17204104      23376   17180728      30176   16777200     48      4 Umem
nsh> [K
nsh> [K
AUDIO_BOOT_TMPFS=READY no_recording_started
