XTS_RECEIPT=/home/regex/work/esp32s31-openvela/backups/2026-09-10-scan-stress/build1102-flat-category-fs-sync.sha256
IMAGE_SHA256=54d06bdefc5837541d08fbf3e66500d918d7ea4ce1f9d9efd5de80b8ff4c5ded
XTS_CASE=19

XTS_COMMAND=mount
--- CMD: mount ---
mount
  /data type littlefs
  /proc type procfs
  /tmp type tmpfs
nsh> [K
nsh> [K

XTS_COMMAND=ps
--- CMD: ps ---
ps
  PID GROUP PRI POLICY   TYPE    NPX STATE    EVENT     SIGMASK            STACK COMMAND
    0     0   0 FIFO     Kthread   - Ready              0000000000000000 0002016 CPU0 IDLE
    1     0 224 RR       Kthread   - Waiting  Semaphore 0000000000000000 0004016 hpwork 0x2f009540 0x2f009588
    2     0 100 RR       Kthread   - Waiting  Semaphore 0000000000000000 0004016 lpwork 0x2f0094c0 0x2f009508
    4     0 223 RR       Kthread   - Waiting  Semaphore 0000000000000000 0004024 hr_timer
    5     5 100 RR       Task      - Running            0000000000000000 0008128 nsh_main
nsh> [K
nsh> [K

XTS_COMMAND=ls /dev/xtsflash
--- CMD: ls /dev/xtsflash ---
ls /dev/xtsflash
 /dev/xtsflash
nsh> [K
nsh> [K

XTS_COMMAND=df
--- CMD: df ---
df
  Block    Number
  Size     Blocks       Used   Available Mounted on
  4096        768         75         693 /data
     0          0          0           0 /proc
   512          1          1           0 /tmp
nsh> [K
nsh> [K

XTS_COMMAND=mkdir /data/s19s
--- CMD: mkdir /data/s19s ---
mkdir /data/s19s
nsh> [K
nsh> [K

XTS_COMMAND=vela_fs_stability_test04 /data/s19s
vela_fs_stability_test04 /data/s19s
fs system partion is OK !
[threadroutine_2] 1th write test file, total write 4096 bytes
[threadroutine_3] 1th write test file, total write 4096 bytes
[threadroutine_2] 2th write test file, total write 8192 bytes
[threadroutine_3] 2th write test file, total write 8192 bytes
[threadroutine_2] 3th write test file, total write 12288 bytes
[threadroutine_3] 3th write test file, total write 12288 bytes
[threadroutine_2] 4th write test file, total write 16384 bytes
[threadroutine_3] 4th write test file, total write 16384 bytes
[threadroutine_2] 5th write test file, total write 20480 bytes
[threadroutine_3] 5th write test file, total write 20480 bytes
[threadroutine_2] 6th write test file, total write 24576 bytes
[threadroutine_3] 6th write test file, total write 24576 bytes
[threadroutine_2] 7th write test file, total write 28672 bytes
[threadroutine_3] 7th write test file, total write 28672 bytes
[threadroutine_2] 8th write test file, total write 32768 bytes
[threadroutine_3] 8th write test file, total write 32768 bytes
[threadroutine_2] 9th write test file, total write 36864 bytes
[threadroutine_3] 9th write test file, total write 36864 bytes
[threadroutine_2] 10th write test file, total write 40960 bytes
[threadroutine_3] 10th write test file, total write 40960 bytes
[threadroutine_2] 11th write test file, total write 45056 bytes
[threadroutine_3] 11th write test file, total write 45056 bytes
[threadroutine_2] 12th write test file, total write 49152 bytes
[threadroutine_3] 12th write test file, total write 49152 bytes
[threadroutine_2] 13th write test file, total write 53248 bytes
[threadroutine_3] 13th write test file, total write 53248 bytes
[threadroutine_2] 14th write test file, total write 57344 bytes
[threadroutine_3] 14th write test file, total write 57344 bytes
[threadroutine_2] 15th write test file, total write 61440 bytes
[threadroutine_3] 15th write test file, total write 61440 bytes
[threadroutine_2] 16th write test file, total write 65536 bytes
[threadroutine_3] 16th write test file, total write 65536 bytes
[threadroutine_2] 17th write test file, total write 69632 bytes
[threadroutine_3] 17th write test file, total write 69632 bytes
[threadroutine_2] 18th write test file, total write 73728 bytes
[threadroutine_3] 18th write test file, total write 73728 bytes
[threadroutine_2] 19th write test file, total write 77824 bytes
[threadroutine_3] 19th write test file, total write 77824 bytes
[threadroutine_2] 20th write test file, total write 81920 bytes
[threadroutine_3] 20th write test file, total write 81920 bytes
[threadroutine_2] 21th write test file, total write 86016 bytes
[threadroutine_3] 21th write test file, total write 86016 bytes
[threadroutine_2] 22th write test file, total write 90112 bytes
[threadroutine_3] 22th write test file, total write 90112 bytes
[threadroutine_2] 23th write test file, total write 94208 bytes
[threadroutine_3] 23th write test file, total write 94208 bytes
[threadroutine_2] 24th write test file, total write 98304 bytes
[threadroutine_3] 24th write test file, total write 98304 bytes
[threadroutine_2] 25th write test file, total write 102400 bytes
[threadroutine_3] 25th write test file, total write 102400 bytes
[threadroutine_2] 26th write test file, total write 106496 bytes
[threadroutine_3] 26th write test file, total write 106496 bytes
[threadroutine_2] 27th write test file, total write 110592 bytes
[threadroutine_3] 27th write test file, total write 110592 bytes
[threadroutine_2] 28th write test file, total write 114688 bytes
[threadroutine_3] 28th write test file, total write 114688 bytes
[threadroutine_2] 29th write test file, total write 118784 bytes
[threadroutine_3] 29th write test file, total write 118784 bytes
[threadroutine_2] 30th write test file, total write 122880 bytes
[threadroutine_3] 30th write test file, total write 122880 bytes
[threadroutine_2] 31th write test file, total write 126976 bytes
[threadroutine_3] 31th write test file, total write 126976 bytes
[threadroutine_2] 32th write test file, total write 131072 bytes
[threadroutine_3] 32th write test file, total write 131072 bytes
[threadroutine_2] 33th write test file, total write 135168 bytes
[threadroutine_3] 33th write test file, total write 135168 bytes
[threadroutine_2] 34th write test file, total write 139264 bytes
[threadroutine_3] 34th write test file, total write 139264 bytes
[threadroutine_2] 35th write test file, total write 143360 bytes
[threadroutine_3] 35th write test file, total write 143360 bytes
[threadroutine_2] 36th write test file, total write 147456 bytes
[threadroutine_3] 36th write test file, total write 147456 bytes
[threadroutine_2] 37th write test file, total write 151552 bytes
[threadroutine_3] 37th write test file, total write 151552 bytes
[threadroutine_2] 38th write test file, total write 155648 bytes
[threadroutine_3] 38th write test file, total write 155648 bytes
[threadroutine_2] 39th write test file, total write 159744 bytes
[threadroutine_3] 39th write test file, total write 159744 bytes
[threadroutine_2] 40th write test file, total write 163840 bytes
[threadroutine_3] 40th write test file, total write 163840 bytes
[threadroutine_2] 41th write test file, total write 167936 bytes
[threadroutine_3] 41th write test file, total write 167936 bytes
[threadroutine_2] 42th write test file, total write 172032 bytes
[threadroutine_3] 42th write test file, total write 172032 bytes
[threadroutine_2] 43th write test file, total write 176128 bytes
[threadroutine_3] 43th write test file, total write 176128 bytes
[threadroutine_2] 44th write test file, total write 180224 bytes
[threadroutine_3] 44th write test file, total write 180224 bytes
[threadroutine_2] 45th write test file, total write 184320 bytes
[threadroutine_3] 45th write test file, total write 184320 bytes
[threadroutine_2] 46th write test file, total write 188416 bytes
[threadroutine_3] 46th write test file, total write 188416 bytes
[threadroutine_2] 47th write test file, total write 192512 bytes
[threadroutine_3] 47th write test file, total write 192512 bytes
[threadroutine_2] 48th write test file, total write 196608 bytes
[threadroutine_3] 48th write test file, total write 196608 bytes
[threadroutine_2] 49th write test file, total write 200704 bytes
[threadroutine_3] 49th write test file, total write 200704 bytes
[threadroutine_2] 50th write test file, total write 204800 bytes
[threadroutine_3] 50th write test file, total write 204800 bytes
[threadroutine_2] 51th write test file, total write 208896 bytes
[threadroutine_3] 51th write test file, total write 208896 bytes
[threadroutine_2] 52th write test file, total write 212992 bytes
[threadroutine_3] 52th write test file, total write 212992 bytes
[threadroutine_2] 53th write test file, total write 217088 bytes
[threadroutine_3] 53th write test file, total write 217088 bytes
[threadroutine_2] 54th write test file, total write 221184 bytes
[threadroutine_3] 54th write test file, total write 221184 bytes
[threadroutine_2] 55th write test file, total write 225280 bytes
[threadroutine_3] 55th write test file, total write 225280 bytes
[threadroutine_2] 56th write test file, total write 229376 bytes
[threadroutine_3] 56th write test file, total write 229376 bytes

XTS_RESET=host_controlled elapsed_seconds=15.003
ESP-ROM:esp32s31-20251218
Build:Dec 18 2025
rst:0x1 (POWERON),boot:0x7f (SPI_FAST_FLASH_BOOT)
SPI mode:DIO, clock div:1
load:0x2e000000,len:0x18
load:0x2f000000,len:0x9098
load:0x2f009100,len:0x17c8
entry 0x2f008d10
*** Booting NuttX ***
rtc: lma 0x00002020 vma 0x2e000000 len 0x18     (24)
dram: lma 0x00002040 vma 0x2f000000 len 0x9098   (37016)
dram: lma 0x0000b0e0 vma 0x2f009100 len 0x17c8   (6088)
padd: lma 0x0000c8d8 vma 0x00000000 len 0x3740   (14144)
imap: lma 0x00010020 vma 0x40050020 len 0xd6f0   (55024)
padd: lma 0x0001d718 vma 0x00000000 len 0x29e0   (10720)
imap: lma 0x00020100 vma 0x40000100 len 0x485e0  (296416)
total segments stored 7
ABCxTS Flash scratch: /dev/xtsflash offset=0xd00000 size=0x300000

NuttShell (NSH)
nsh> [K
XTS_RECOVERY_MOUNT_BEGIN
XTS_RECEIPT=/home/regex/work/esp32s31-openvela/backups/2026-09-10-scan-stress/build1102-flat-category-fs-sync.sha256
IMAGE_SHA256=54d06bdefc5837541d08fbf3e66500d918d7ea4ce1f9d9efd5de80b8ff4c5ded
xTS Flash scratch: /dev/xtsflash offset=0xd00000 size=0x300000

XTS_COMMAND=mount
--- CMD: mount ---
mount
  /proc type procfs
  /tmp type tmpfs
nsh> [K
nsh> [K

XTS_COMMAND=mkdir -p /data
--- CMD: mkdir -p /data ---
mkdir -p /data
nsh> [K
nsh> [K

XTS_COMMAND=mount -t littlefs -o sync /dev/xtsflash /data
--- CMD: mount -t littlefs -o sync /dev/xtsflash /data ---
mount -t littlefs -o sync /dev/xtsflash /data
nsh> [K
nsh> [K

XTS_COMMAND=mount
--- CMD: mount ---
mount
  /data type littlefs
  /proc type procfs
  /tmp type tmpfs
nsh> [K
nsh> [K

XTS_COMMAND=ls -l /data/s19s
--- CMD: ls -l /data/s19s ---
ls -l /data/s19s
/data/s19s:
 drwxrwxrwx           0 .
 drwxrwxrwx           0 ..
 -rwx------      229376 stability_test04_file_1
 -rwx------      229376 stability_test04_file_2
nsh> [K
nsh> [K
XTS_RECOVERED_FILE_1_BYTES=229376
XTS_RECOVERED_FILE_2_BYTES=229376
XTS_TEST_SOURCE=test04_reader_safety_patch writer_unchanged

XTS_COMMAND=vela_fs_stability_test04 /data/s19s
--- CMD: vela_fs_stability_test04 /data/s19s ---
vela_fs_stability_test04 /data/s19s
fs system partion is OK !
file: /data/s19s/stability_test04_file_1   total size:229376
file: /data/s19s/stability_test04_file_2   total size:229376
TEST PASSED !
nsh> [K
nsh> [K

XTS_COMMAND=df
--- CMD: df ---
df
  Block    Number
  Size     Blocks       Used   Available Mounted on
  4096        768         77         691 /data
     0          0          0           0 /proc
   512          1          1           0 /tmp
nsh> [K
nsh> [K
XTS_RECOVERY=19 PASS single_original_run
