ESP-ROM:esp32s31-20251218
Build:Dec 18 2025
rst:0x1 (POWERON),boot:0x7f (SPI_FAST_FLASH_BOOT)
SPI mode:DIO, clock div:1
load:0x2e000000,len:0x18
load:0x2f000000,len:0x13fa8
entry 0x2f010388
*** Booting NuttX ***
rtc: lma 0x00002020 vma 0x2e000000 len 0x18     (24)
dram: lma 0x00002040 vma 0x2f000000 len 0x13fa8  (81832)
padd: lma 0x00016018 vma 0x00000000 len 0xa000   (40960)
imap: lma 0x00020020 vma 0x400d0020 len 0x1b108  (110856)
padd: lma 0x0003b130 vma 0x00000000 len 0x4fc8   (20424)
imap: lma 0x00040100 vma 0x40000100 len 0xc289c  (796828)
total segments stored 6
ABC[CPU0] CPU1 SMP online: ipi0=0 timer1=0
[CPU1] AppFS header: 2d726f6d3166732d
[CPU1] AppFS MTD boundary checks: PASS
[CPU1] AppFS writable LittleFS: offset=0x500000 size=0x700000
[CPU1] Initializing Wi-Fi station
[CPU0] E1 Wi-Fi station netdev ready
[CPU0] set_intr_wrapper: S31 IRQ route: cpu=0 source=122 vector=1 priority=1
[CPU0] set_intr_wrapper: S31 IRQ route: cpu=0 source=120 vector=1 priority=1
[CPU0] enable_intr_wrapper: S31 IRQ enable: mask=00000002 vector=1 irq=137
[CPU0] esp_wifi_sta_start: S31 frame statistics enable: rx=0 tx=0

NuttShell (NSH)
nsh> [K
XTS_BOOT=PASS seconds=0.697
--- CMD: ifdown wlan0 ---
ifdown wlan0
[CPU0] nxposix_spawn_exec: ERROR: exec failed: 2
[CPU0] s31_wifi_rx_counters: S31 modem clocks stop: conf1=0038e7ff bb=1 bb80x1=1 bb44=1 mac=1 apb=1 fe160=1 sec=0
[CPU0] s31_wifi_rx_counters: S31 RX counters stop: ret=0 mpdu=90 data=0 fcs=3 abort=12 full=0 fifo=0 other=7
[CPU0] s31_wifi_rx_counters: S31 HE counters: power=2 sigb=0 format=0 unsupported=0 siga=0 bboff=0 wdg=0
[CPU0] s31_wifi_rx_counters: S31 radio hangs: rx=0 tx=0 flags=00000000 panic=00000000 bf_timeout=0 bf_error=0
[CPU0] s31_wifi_rx_counters: S31 RX errors: ret=0 total=0 bitmap=0 tkip=0
[CPU0] s31_wifi_rx_counters: S31 RX types: ret=0 legacy=0 ht=0 su=0 ersu=0 mu=0 su_noeb=0 mu_noeb=0 stbc=0 retry=0
[CPU0] s31_wifi_rx_counters: S31 TX stats: ret=0 enable=0 complete=0 succ=0 ack=0 ba=0 retry=0 nomem=0 timeout=0
[CPU0] disable_intr_wrapper: S31 IRQ disable: mask=00000002 vector=1 irq=137
ifdown wlan0...OK
nsh> [K
nsh> [K
--- CMD: ls /system/bin/cmocka_syscall_test ---
ls /system/bin/cmocka_syscall_test
[CPU0] nxposix_spawn_exec: ERROR: exec failed: 2
 /system/bin/cmocka_syscall_test
nsh> [K
nsh> [K
--- CMD: free ---
free
[CPU0] nxposix_spawn_exec: ERROR: exec failed: 2
      total       used       free    maxused    maxfree  nused  nfree name
     304828      73004     231824      88112     209256    190     10 Kmem
   16777216     696320   16080896   16080896 Page
nsh> [K
nsh> [K
--- CMD: mount ---
mount
[CPU0] nxposix_spawn_exec: ERROR: exec failed: 2
  /apps type littlefs
  /proc type procfs
  /system/bin type romfs
  /tmp type tmpfs
nsh> [K
nsh> [K
--- CMD: ls /tmp/CM_syscall_testdir ---
ls /tmp/CM_syscall_testdir
[CPU0] nxposix_spawn_exec: ERROR: exec failed: 2
nsh: ls: stat failed: No such file or directory
nsh> [K
nsh> [K
--- CMD: ls /fcntl05_fifo ---
ls /fcntl05_fifo
[CPU0] nxposix_spawn_exec: ERROR: exec failed: 2
nsh: ls: stat failed: No such file or directory
nsh> [K
nsh> [K
--- CMD: ls /Lstat01_tst_syml ---
ls /Lstat01_tst_syml
[CPU0] nxposix_spawn_exec: ERROR: exec failed: 2
nsh: ls: stat failed: No such file or directory
nsh> [K
nsh> [K
--- CMD: ls /Symlink02_file ---
ls /Symlink02_file
[CPU0] nxposix_spawn_exec: ERROR: exec failed: 2
nsh: ls: stat failed: No such file or directory
nsh> [K
nsh> [K
--- CMD: ls /var/Test_Fifo_SyscallFsync02 ---
ls /var/Test_Fifo_SyscallFsync02
[CPU0] nxposix_spawn_exec: ERROR: exec failed: 2
nsh: ls: stat failed: No such file or directory
nsh> [K
nsh> [K
XTS_COMMAND=cmocka_syscall_test
cmocka_syscall_test
[CPU1] [==========] nuttx_syscall_test_suites: Running 83 test(s).
[CPU1] [ RUN      ] test_nuttx_syscall_chdir01
[CPU1] [       OK ] test_nuttx_syscall_chdir01
[CPU1] [ RUN      ] test_nuttx_syscall_chdir02
[CPU1] [       OK ] test_nuttx_syscall_chdir02
[CPU1] [ RUN      ] test_nuttx_syscall_getitimer01
[CPU1] [       OK ] test_nuttx_syscall_getitimer01
[CPU1] [ RUN      ] test_nuttx_syscall_clockgettime01
[CPU1] [       OK ] test_nuttx_syscall_clockgettime01
[CPU1] [ RUN      ] test_nuttx_syscall_clocknanosleep01
[CPU0] [       OK ] test_nuttx_syscall_clocknanosleep01
[CPU0] [ RUN      ] test_nuttx_syscall_clocksettime01
[CPU0] [       OK ] test_nuttx_syscall_clocksettime01
[CPU0] [ RUN      ] test_nuttx_syscall_close01
[CPU0] [       OK ] test_nuttx_syscall_close01
[CPU0] [ RUN      ] test_nuttx_syscall_close02
[CPU0] [       OK ] test_nuttx_syscall_close02
[CPU0] [ RUN      ] test_nuttx_syscall_close03
[CPU0] [  ERROR   ] --- ERROR: open test file fail !

[   LINE   ] --- /testing/testsuites/kernel/syscall/cases/close_test.c:146: error: Failure!
[CPU0] [  FAILED  ] test_nuttx_syscall_close03
[CPU0] [ RUN      ] test_nuttx_syscall_creat01
[CPU0] [       OK ] test_nuttx_syscall_creat01
[CPU0] [ RUN      ] test_nuttx_syscall_creat02
[CPU0] [       OK ] test_nuttx_syscall_creat02
[CPU0] [ RUN      ] test_nuttx_syscall_fcntl02
[CPU0] [       OK ] test_nuttx_syscall_fcntl02
[CPU0] [ RUN      ] test_nuttx_syscall_fcntl03
[CPU0] [       OK ] test_nuttx_syscall_fcntl03
[CPU0] [ RUN      ] test_nuttx_syscall_fcntl04
[CPU0] [       OK ] test_nuttx_syscall_fcntl04
[CPU0] [ RUN      ] test_nuttx_syscall_fcntl06
[CPU0] [       OK ] test_nuttx_syscall_fcntl06
[CPU0] [ RUN      ] test_nuttx_syscall_fstatfs01
[CPU0] [       OK ] test_nuttx_syscall_fstatfs01
[CPU0] [ RUN      ] test_nuttx_syscall_fsync01
[CPU0] [       OK ] test_nuttx_syscall_fsync01
[CPU0] [ RUN      ] test_nuttx_syscall_fsync02
[CPU0] [       OK ] test_nuttx_syscall_fsync02
[CPU0] [ RUN      ] test_nuttx_syscall_fsync03
[CPU0] [       OK ] test_nuttx_syscall_fsync03
[CPU0] [ RUN      ] test_nuttx_syscall_getpeername01
[CPU0] [       OK ] test_nuttx_syscall_getpeername01
[CPU0] [ RUN      ] test_nuttx_syscall_getsockopt01
[CPU0] ipv4_getsockopt: ERROR: Unrecognized IPv4 option: -1
[CPU0] tcp_getsockopt: ERROR: Unrecognized TCP option: -1
[CPU0] [       OK ] test_nuttx_syscall_getsockopt01
[CPU0] [ RUN      ] test_nuttx_syscall_setsockopt01
[CPU0] ipv4_setsockopt: ERROR: Unrecognized IPv4 option: -1
[CPU0] tcp_setsockopt: ERROR: Unrecognized TCP option: -1
[CPU0] [       OK ] test_nuttx_syscall_setsockopt01
[CPU0] [ RUN      ] test_nuttx_syscall_listen01
[CPU0] listen(-400, 0) failed
[CPU0] bad file descriptor successful
[CPU0] listen(3, 0) failed
[CPU0] not a socket successful
[CPU0] inet_listen: ERROR:  Unsupported socket type: 2
[CPU0] psock_listen: ERROR: si_listen failed: -95
[CPU0] listen(4, 0) failed
[CPU0] UDP listen successful
[CPU0] [       OK ] test_nuttx_syscall_listen01
[CPU0] [ RUN      ] test_nuttx_syscall_socketpair02
[CPU0] [       OK ] test_nuttx_syscall_socketpair02
[CPU0] [ RUN      ] test_nuttx_syscall_ftruncate01
[CPU0] [       OK ] test_nuttx_syscall_ftruncate01
[CPU0] [ RUN      ] test_nuttx_syscall_getcwd01
[CPU0] [       OK ] test_nuttx_syscall_getcwd01
[CPU0] [ RUN      ] test_nuttx_syscall_getcwd02
[CPU0] [       OK ] test_nuttx_syscall_getcwd02
[CPU0] [ RUN      ] test_nuttx_syscall_getpid01
[CPU0] [       OK ] test_nuttx_syscall_getpid01
[CPU0] [ RUN      ] test_nuttx_syscall_getppid01
[CPU0] [       OK ] test_nuttx_syscall_getppid01
[CPU0] [ RUN      ] test_nuttx_syscall_gethostname01
[CPU0] [       OK ] test_nuttx_syscall_gethostname01
[CPU0] [ RUN      ] test_nuttx_syscall_gettimeofday01
[CPU0] [       OK ] test_nuttx_syscall_gettimeofday01
[CPU0] [ RUN      ] test_nuttx_syscall_lseek01
[CPU0] [       OK ] test_nuttx_syscall_lseek01
[CPU0] [ RUN      ] test_nuttx_syscall_lseek07
[CPU0] [       OK ] test_nuttx_syscall_lseek07
[CPU0] [ RUN      ] test_nuttx_syscall_lstat01
[CPU0] [       OK ] test_nuttx_syscall_lstat01
[CPU0] [ RUN      ] test_nuttx_syscall_dup01
[CPU0] [       OK ] test_nuttx_syscall_dup01
[CPU0] [ RUN      ] test_nuttx_syscall_dup02
[CPU0] [       OK ] test_nuttx_syscall_dup02
[CPU0] [ RUN      ] test_nuttx_syscall_dup03
[CPU0] [       OK ] test_nuttx_syscall_dup03
[CPU0] [ RUN      ] test_nuttx_syscall_dup04
[CPU0] [       OK ] test_nuttx_syscall_dup04
[CPU0] [ RUN      ] test_nuttx_syscall_dup05
[CPU0] [       OK ] test_nuttx_syscall_dup05
[CPU0] [ RUN      ] test_nuttx_syscall_dup201
[CPU0] [       OK ] test_nuttx_syscall_dup201
[CPU0] [ RUN      ] test_nuttx_syscall_dup202
[CPU0] [       OK ] test_nuttx_syscall_dup202
[CPU0] [ RUN      ] test_nuttx_syscall_fpathconf01
[CPU0] [  ERROR   ] --- fd > 0
[   LINE   ] --- /testing/testsuites/kernel/syscall/cases/fpathconf_test.c:89: error: Failure!
[CPU0] [  FAILED  ] test_nuttx_syscall_fpathconf01
[CPU0] [ RUN      ] test_nuttx_syscall_getegid01
[CPU0] [       OK ] test_nuttx_syscall_getegid01
[CPU0] [ RUN      ] test_nuttx_syscall_getegid02
[CPU0] [       OK ] test_nuttx_syscall_getegid02
[CPU0] [ RUN      ] test_nuttx_syscall_geteuid01
[CPU0] [       OK ] test_nuttx_syscall_geteuid01
[CPU0] [ RUN      ] test_nuttx_syscall_getgid01
[CPU0] [       OK ] test_nuttx_syscall_getgid01
[CPU0] [ RUN      ] test_nuttx_syscall_getgid02
[CPU0] [       OK ] test_nuttx_syscall_getgid02
[CPU0] [ RUN      ] test_nuttx_syscall_getuid01
[CPU0] [       OK ] test_nuttx_syscall_getuid01
[CPU0] [ RUN      ] test_nuttx_syscall_pathconf01
[CPU0] [       OK ] test_nuttx_syscall_pathconf01
[CPU0] [ RUN      ] test_nuttx_syscall_pipe01
[CPU0] [       OK ] test_nuttx_syscall_pipe01
[CPU0] [ RUN      ] test_nuttx_syscall_pipe02
[CPU0] [       OK ] test_nuttx_syscall_pipe02
[CPU0] [ RUN      ] test_nuttx_syscall_pread01
[CPU0] [       OK ] test_nuttx_syscall_pread01
[CPU0] [ RUN      ] test_nuttx_syscall_pwrite01
[CPU0] [       OK ] test_nuttx_syscall_pwrite01
[CPU0] [ RUN      ] test_nuttx_syscall_pwrite02
[CPU0] [       OK ] test_nuttx_syscall_pwrite02
[CPU0] [ RUN      ] test_nuttx_syscall_rmdir01
[CPU0] [       OK ] test_nuttx_syscall_rmdir01
[CPU0] [ RUN      ] test_nuttx_syscall_rmdir02
[CPU0] [       OK ] test_nuttx_syscall_rmdir02
[CPU0] [ RUN      ] test_nuttx_syscall_truncate01
[CPU0] open test file fail !
[CPU0] [  ERROR   ] --- ERROR: test fail !
[   LINE   ] --- /testing/testsuites/kernel/syscall/cases/truncate_test.c:84: error: Failure!
[CPU0] [  FAILED  ] test_nuttx_syscall_truncate01
[CPU0] [ RUN      ] test_nuttx_syscall_unlink01
[CPU0] [       OK ] test_nuttx_syscall_unlink01
[CPU0] [ RUN      ] test_nuttx_syscall_nansleep01
[CPU0] [       OK ] test_nuttx_syscall_nansleep01
[CPU0] [ RUN      ] test_nuttx_syscall_nansleep02
[CPU0] [       OK ] test_nuttx_syscall_nansleep02
[CPU0] [ RUN      ] test_nuttx_syscall_time01
[CPU0] [       OK ] test_nuttx_syscall_time01
[CPU0] [ RUN      ] test_nuttx_syscall_time02
[CPU0] [       OK ] test_nuttx_syscall_time02
[CPU0] [ RUN      ] test_nuttx_syscall_timercreate01
[CPU0] [       OK ] test_nuttx_syscall_timercreate01
[CPU0] [ RUN      ] test_nuttx_syscall_timerdelete01
[CPU0] [       OK ] test_nuttx_syscall_timerdelete01
[CPU0] [ RUN      ] test_nuttx_syscall_timergettime01
[CPU0] [       OK ] test_nuttx_syscall_timergettime01
[CPU0] [ RUN      ] test_nuttx_syscall_mkdir01
[CPU0] [       OK ] test_nuttx_syscall_mkdir01
[CPU0] [ RUN      ] test_nuttx_syscall_mkdir02
[CPU0] [       OK ] test_nuttx_syscall_mkdir02
[CPU0] [ RUN      ] test_nuttx_syscall_mkdir03
[CPU0] [       OK ] test_nuttx_syscall_mkdir03
[CPU0] [ RUN      ] test_nuttx_syscall_sched01
[CPU0] [       OK ] test_nuttx_syscall_sched01
[CPU0] [ RUN      ] test_nuttx_syscall_sched02
[CPU0] [       OK ] test_nuttx_syscall_sched02
[CPU0] [ RUN      ] test_nuttx_syscall_sched03
[CPU0] [       OK ] test_nuttx_syscall_sched03
[CPU0] [ RUN      ] test_nuttx_syscall_sched04
[CPU0] [       OK ] test_nuttx_syscall_sched04
[CPU0] [ RUN      ] test_nuttx_syscall_write01
[CPU0] [       OK ] test_nuttx_syscall_write01
[CPU0] [ RUN      ] test_nuttx_syscall_write02
[CPU0] [       OK ] test_nuttx_syscall_write02
[CPU0] [ RUN      ] test_nuttx_syscall_write03
[CPU0] [  ERROR   ] --- fd > 0
[   LINE   ] --- /testing/testsuites/kernel/syscall/cases/write_test.c:140: error: Failure!
[CPU0] [  FAILED  ] test_nuttx_syscall_write03
[CPU0] [ RUN      ] test_nuttx_syscall_read01
[CPU0] [       OK ] test_nuttx_syscall_read01
[CPU0] [ RUN      ] test_nuttx_syscall_read02
[CPU0] [       OK ] test_nuttx_syscall_read02
[CPU0] [ RUN      ] test_nuttx_syscall_read03
[CPU0] [       OK ] test_nuttx_syscall_read03
[CPU0] [ RUN      ] test_nuttx_syscall_read04
[CPU0] [       OK ] test_nuttx_syscall_read04
[CPU0] [ RUN      ] test_nuttx_syscall_symlink01
[CPU0] [  ERROR   ] --- fd > 0
[   LINE   ] --- /testing/testsuites/kernel/syscall/cases/symlink_test.c:58: error: Failure!
[CPU0] [  FAILED  ] test_nuttx_syscall_symlink01
[CPU0] [ RUN      ] test_nuttx_syscall_symlink02
[CPU0] open test file fail !
[CPU0] [  ERROR   ] --- ERROR: test fail !
[   LINE   ] --- /testing/testsuites/kernel/syscall/cases/symlink_test.c:92: error: Failure!
[CPU0] [  FAILED  ] test_nuttx_syscall_symlink02
[CPU0] [ RUN      ] test_nuttx_syscall_sockettest01
[CPU0] net_sockif: ERROR: Address family unsupported: 0
[CPU0] psock_socket: ERROR: socket address family unsupported: 0
[CPU0] socket: ERROR: psock_socket() failed: -97
[CPU0] socket: ERROR: psock_socket() failed: -22
[CPU0] NO.1 do socket() test, ret=-1  erron=22 experrno=97
[CPU0] inet_setup: ERROR: Unsupported type: 3
[CPU0] psock_socket: ERROR: socket si_setup() failed: -93
[CPU0] socket: ERROR: psock_socket() failed: -93
[CPU0] NO.2 do socket() test, ret=-1  erron=93 experrno=97
[CPU0] inet_setup: ERROR: Unsupported stream protocol: 17
[CPU0] psock_socket: ERROR: socket si_setup() failed: -93
[CPU0] socket: ERROR: psock_socket() failed: -93
[CPU0] NO.3 do socket() test, ret=-1  erron=93 experrno=97
[CPU0] inet_setup: ERROR: Unsupported datagram protocol: 6
[CPU0] psock_socket: ERROR: socket si_setup() failed: -93
[CPU0] socket: ERROR: psock_socket() failed: -93
[CPU0] NO.4 do socket() test, ret=-1  erron=93 experrno=97
[CPU0] inet_setup: ERROR: Unsupported stream protocol: 1
[CPU0] psock_socket: ERROR: socket si_setup() failed: -93
[CPU0] socket: ERROR: psock_socket() failed: -93
[CPU0] NO.6 do socket() test, ret=-1  erron=93 experrno=97
[CPU0] [       OK ] test_nuttx_syscall_sockettest01
[CPU0] [ RUN      ] test_nuttx_syscall_sockettest02
[CPU0] [       OK ] test_nuttx_syscall_sockettest02
[CPU0] [==========] nuttx_syscall_test_suites: 83 test(s) run.
[CPU0] [  PASSED  ] 77 test(s).
[CPU0] [  FAILED  ] nuttx_syscall_test_suites: 6 test(s), listed below:
[CPU0] [  FAILED  ] test_nuttx_syscall_close03
[CPU0] [  FAILED  ] test_nuttx_syscall_fpathconf01
[CPU0] [  FAILED  ] test_nuttx_syscall_truncate01
[CPU0] [  FAILED  ] test_nuttx_syscall_write03
[CPU0] [  FAILED  ] test_nuttx_syscall_symlink01
[CPU0] [  FAILED  ] test_nuttx_syscall_symlink02
[CPU0] 
 6 FAILED TEST(S)
[CPU1] dump_assert_info: Current Version: NuttX  0.0.0 428252a08db-dirty Sep 14 2026 22:36:56 risc-v
[CPU1] dump_assert_info: Assertion failed : at file: /mm/mm_heap/mm_free.c:315 task(CPU1): cmocka_syscall_test process: cmocka_syscall_test 0x61006c00
[CPU1] up_dump_register: PC: 40025f28
[CPU1] up_dump_register: A0: 2f01c91c A1: 0000013b A2: 00000000 A3: 2f0528e8
[CPU1] up_dump_register: A4: 00000000 A5: 2f0181c8 A6: 00000001 A7: 2f052dc8
[CPU1] up_dump_register: T0: 2f018bd0 T1: 2f0183d0 T2: 10000000 T3: fefefefe
[CPU1] up_dump_register: T4: 0000003d T5: 80808080 T6: 3d3d3d3d
[CPU1] up_dump_register: S0: 0000010c S1: 2f01c810 S2: 00000001 S3: 2f04a008
[CPU1] up_dump_register: S4: 00000000 S5: 400d0d90 S6: 2f018000 S7: 00000006
[CPU1] up_dump_register: S8: 00000000 S9: 00000000 S10: 00000000 S11: 0000013b
[CPU1] up_dump_register: SP: 2f018a70 FP: 0000010c TP: 2f04a008 RA: 40025f28
[CPU1] dump_stackinfo: IRQ Stack:
[CPU1] dump_stackinfo:   base: 0x2f0183d0
[CPU1] dump_stackinfo:   size: 00002048
[CPU1] dump_stackinfo:     sp: 0x2f018a70
[CPU1] stack_dump:  2f018a50: 2f018000 400d0d90 400d6fc4 2f04a008 00044020 2f01c810 2f01c91c 400261ac
[CPU1] stack_dump:  2fTraceback (most recent call last):
  File "/home/regex/work/esp32s31-openvela/backups/2026-09-10-scan-stress/xts-run-standard.py", line 64, in <module>
    raise RuntimeError('target fatal failure; log retained')
RuntimeError: target fatal failure; log retained
