ESP-ROM:esp32s31-20251218
Build:Dec 18 2025
rst:0x1 (POWERON),boot:0x7f (SPI_FAST_FLASH_BOOT)
SPI mode:DIO, clock div:1
load:0x2e000000,len:0x18
load:0x2f000000,len:0x13fa8
entry 0x2f01035c
*** Booting NuttX ***
rtc: lma 0x00002020 vma 0x2e000000 len 0x18     (24)
dram: lma 0x00002040 vma 0x2f000000 len 0x13fa8  (81832)
padd: lma 0x00016018 vma 0x00000000 len 0xa000   (40960)
imap: lma 0x00020020 vma 0x400d0020 len 0x1b108  (110856)
padd: lma 0x0003b130 vma 0x00000000 len 0x4fc8   (20424)
imap: lma 0x00040100 vma 0x40000100 len 0xc289c  (796828)
total segments stored 6
ABC[CPU0] CPU1 SMP online: ipi0=0 timer1=0
[CPU1] AppFS header: 2d726f6d3166732d
[CPU1] AppFS MTD boundary checks: PASS
[CPU1] AppFS writable LittleFS: offset=0x500000 size=0x700000
[CPU1] Initializing Wi-Fi station
[CPU0] E1 Wi-Fi station netdev ready
[CPU0] set_intr_wrapper: S31 IRQ route: cpu=0 source=122 vector=1 priority=1
[CPU0] set_intr_wrapper: S31 IRQ route: cpu=0 source=120 vector=1 priority=1
[CPU0] enable_intr_wrapper: S31 IRQ enable: mask=00000002 vector=1 irq=137
[CPU0] esp_wifi_sta_start: S31 frame statistics enable: rx=0 tx=0

NuttShell (NSH)
nsh> [K
XTS_BOOT=PASS seconds=0.674
--- CMD: ifdown wlan0 ---
ifdown wlan0
[CPU0] nxposix_spawn_exec: ERROR: exec failed: 2
[CPU0] s31_wifi_rx_counters: S31 modem clocks stop: conf1=0038e7ff bb=1 bb80x1=1 bb44=1 mac=1 apb=1 fe160=1 sec=0
[CPU0] s31_wifi_rx_counters: S31 RX counters stop: ret=0 mpdu=37 data=0 fcs=2 abort=7 full=0 fifo=0 other=4
[CPU0] s31_wifi_rx_counters: S31 HE counters: power=0 sigb=0 format=0 unsupported=0 siga=0 bboff=0 wdg=0
[CPU0] s31_wifi_rx_counters: S31 radio hangs: rx=0 tx=0 flags=00000000 panic=00000000 bf_timeout=0 bf_error=0
[CPU0] s31_wifi_rx_counters: S31 RX errors: ret=0 total=0 bitmap=0 tkip=0
[CPU0] s31_wifi_rx_counters: S31 RX types: ret=0 legacy=0 ht=0 su=0 ersu=0 mu=0 su_noeb=0 mu_noeb=0 stbc=0 retry=0
[CPU0] s31_wifi_rx_counters: S31 TX stats: ret=0 enable=0 complete=0 succ=0 ack=0 ba=0 retry=0 nomem=0 timeout=0
[CPU0] disable_intr_wrapper: S31 IRQ disable: mask=00000002 vector=1 irq=137
ifdown wlan0...OK
nsh> [K
nsh> [K
--- CMD: ls /system/bin/cmocka_syscall_test ---
ls /system/bin/cmocka_syscall_test
[CPU0] nxposix_spawn_exec: ERROR: exec failed: 2
 /system/bin/cmocka_syscall_test
nsh> [K
nsh> [K
--- CMD: free ---
free
[CPU0] nxposix_spawn_exec: ERROR: exec failed: 2
      total       used       free    maxused    maxfree  nused  nfree name
     304828      73004     231824      88112     209256    190     10 Kmem
   16777216     696320   16080896   16080896 Page
nsh> [K
nsh> [K
--- CMD: mount ---
mount
[CPU0] nxposix_spawn_exec: ERROR: exec failed: 2
  /apps type littlefs
  /proc type procfs
  /system/bin type romfs
  /tmp type tmpfs
nsh> [K
nsh> [K
--- CMD: ls /tmp/CM_syscall_testdir ---
ls /tmp/CM_syscall_testdir
[CPU0] nxposix_spawn_exec: ERROR: exec failed: 2
nsh: ls: stat failed: No such file or directory
nsh> [K
nsh> [K
--- CMD: ls /fcntl05_fifo ---
ls /fcntl05_fifo
[CPU0] nxposix_spawn_exec: ERROR: exec failed: 2
nsh: ls: stat failed: No such file or directory
nsh> [K
nsh> [K
--- CMD: ls /Lstat01_tst_syml ---
ls /Lstat01_tst_syml
[CPU0] nxposix_spawn_exec: ERROR: exec failed: 2
nsh: ls: stat failed: No such file or directory
nsh> [K
nsh> [K
--- CMD: ls /Symlink02_file ---
ls /Symlink02_file
[CPU0] nxposix_spawn_exec: ERROR: exec failed: 2
nsh: ls: stat failed: No such file or directory
nsh> [K
nsh> [K
--- CMD: ls /var/Test_Fifo_SyscallFsync02 ---
ls /var/Test_Fifo_SyscallFsync02
[CPU0] nxposix_spawn_exec: ERROR: exec failed: 2
nsh: ls: stat failed: No such file or directory
nsh> [K
nsh> [K
XTS_COMMAND=cmocka_syscall_test
cmocka_syscall_test
[CPU1] [==========] nuttx_syscall_test_suites: Running 83 test(s).
[CPU1] [ RUN      ] test_nuttx_syscall_chdir01
[CPU1] [       OK ] test_nuttx_syscall_chdir01
[CPU1] [ RUN      ] test_nuttx_syscall_chdir02
[CPU1] [       OK ] test_nuttx_syscall_chdir02
[CPU1] [ RUN      ] test_nuttx_syscall_getitimer01
[CPU1] [       OK ] test_nuttx_syscall_getitimer01
[CPU1] [ RUN      ] test_nuttx_syscall_clockgettime01
[CPU1] [       OK ] test_nuttx_syscall_clockgettime01
[CPU1] [ RUN      ] test_nuttx_syscall_clocknanosleep01
[CPU0] [       OK ] test_nuttx_syscall_clocknanosleep01
[CPU0] [ RUN      ] test_nuttx_syscall_clocksettime01
[CPU0] [       OK ] test_nuttx_syscall_clocksettime01
[CPU0] [ RUN      ] test_nuttx_syscall_close01
[CPU0] [       OK ] test_nuttx_syscall_close01
[CPU0] [ RUN      ] test_nuttx_syscall_close02
[CPU0] [       OK ] test_nuttx_syscall_close02
[CPU0] [ RUN      ] test_nuttx_syscall_close03
[CPU0] [  ERROR   ] --- ERROR: open test file fail !

[   LINE   ] --- /testing/testsuites/kernel/syscall/cases/close_test.c:146: error: Failure!
[CPU0] [  FAILED  ] test_nuttx_syscall_close03
[CPU0] [ RUN      ] test_nuttx_syscall_creat01
[CPU0] [       OK ] test_nuttx_syscall_creat01
[CPU0] [ RUN      ] test_nuttx_syscall_creat02
[CPU0] [       OK ] test_nuttx_syscall_creat02
[CPU0] [ RUN      ] test_nuttx_syscall_fcntl02
[CPU0] [       OK ] test_nuttx_syscall_fcntl02
[CPU0] [ RUN      ] test_nuttx_syscall_fcntl03
[CPU0] [       OK ] test_nuttx_syscall_fcntl03
[CPU0] [ RUN      ] test_nuttx_syscall_fcntl04
[CPU0] [       OK ] test_nuttx_syscall_fcntl04
[CPU0] [ RUN      ] test_nuttx_syscall_fcntl06
[CPU0] [       OK ] test_nuttx_syscall_fcntl06
[CPU0] [ RUN      ] test_nuttx_syscall_fstatfs01
[CPU0] [       OK ] test_nuttx_syscall_fstatfs01
[CPU0] [ RUN      ] test_nuttx_syscall_fsync01
[CPU0] [       OK ] test_nuttx_syscall_fsync01
[CPU0] [ RUN      ] test_nuttx_syscall_fsync02
[CPU0] [       OK ] test_nuttx_syscall_fsync02
[CPU0] [ RUN      ] test_nuttx_syscall_fsync03
[CPU0] [       OK ] test_nuttx_syscall_fsync03
[CPU0] [ RUN      ] test_nuttx_syscall_getpeername01
[CPU0] [       OK ] test_nuttx_syscall_getpeername01
[CPU0] [ RUN      ] test_nuttx_syscall_getsockopt01
[CPU0] ipv4_getsockopt: ERROR: Unrecognized IPv4 option: -1
[CPU0] tcp_getsockopt: ERROR: Unrecognized TCP option: -1
[CPU0] [       OK ] test_nuttx_syscall_getsockopt01
[CPU0] [ RUN      ] test_nuttx_syscall_setsockopt01
[CPU0] ipv4_setsockopt: ERROR: Unrecognized IPv4 option: -1
[CPU0] tcp_setsockopt: ERROR: Unrecognized TCP option: -1
[CPU0] [       OK ] test_nuttx_syscall_setsockopt01
[CPU0] [ RUN      ] test_nuttx_syscall_listen01
[CPU0] listen(-400, 0) failed
[CPU0] bad file descriptor successful
[CPU0] listen(3, 0) failed
[CPU0] not a socket successful
[CPU0] inet_listen: ERROR:  Unsupported socket type: 2
[CPU0] psock_listen: ERROR: si_listen failed: -95
[CPU0] listen(4, 0) failed
[CPU0] UDP listen successful
[CPU0] [       OK ] test_nuttx_syscall_listen01
[CPU0] [ RUN      ] test_nuttx_syscall_socketpair02
[CPU0] [       OK ] test_nuttx_syscall_socketpair02
[CPU0] [ RUN      ] test_nuttx_syscall_ftruncate01
[CPU0] [       OK ] test_nuttx_syscall_ftruncate01
[CPU0] [ RUN      ] test_nuttx_syscall_getcwd01
[CPU0] [       OK ] test_nuttx_syscall_getcwd01
[CPU0] [ RUN      ] test_nuttx_syscall_getcwd02
[CPU0] [       OK ] test_nuttx_syscall_getcwd02
[CPU0] [ RUN      ] test_nuttx_syscall_getpid01
[CPU0] [       OK ] test_nuttx_syscall_getpid01
[CPU0] [ RUN      ] test_nuttx_syscall_getppid01
[CPU0] [       OK ] test_nuttx_syscall_getppid01
[CPU0] [ RUN      ] test_nuttx_syscall_gethostname01
[CPU0] [       OK ] test_nuttx_syscall_gethostname01
[CPU0] [ RUN      ] test_nuttx_syscall_gettimeofday01
[CPU0] riscv_exception: EXCEPTION: Instruction page fault. MCAUSE: 0000000c, EPC: 61006be4, MTVAL: 61006be4
[CPU0] riscv_exception: Segmentation fault in PID 7: cmocka_syscall_test
nsh> [K
nsh> [K