ESP-ROM:esp32s31-20251218
Build:Dec 18 2025
rst:0x1 (POWERON),boot:0x7d (SPI_FAST_FLASH_BOOT)
SPI mode:DIO, clock div:1
load:0x2e000000,len:0x18
load:0x2f000000,len:0x13f68
entry 0x2f01035c
*** Booting NuttX ***
rtc: lma 0x00002020 vma 0x2e000000 len 0x18     (24)
dram: lma 0x00002040 vma 0x2f000000 len 0x13f68  (81768)
padd: lma 0x00015fd8 vma 0x00000000 len 0xa040   (41024)
imap: lma 0x00020020 vma 0x400c0020 len 0x1a150  (106832)
padd: lma 0x0003a178 vma 0x00000000 len 0x5f80   (24448)
imap: lma 0x00040100 vma 0x40000100 len 0xb95c8  (759240)
total segments stored 6
ABC[CPU0] CPU1 SMP online: ipi0=0 timer1=0
[CPU0] AppFS header: 2d726f6d3166732d
[CPU0] AppFS MTD boundary checks: PASS
[CPU0] AppFS writable LittleFS: offset=0x500000 size=0x700000
[CPU0] Initializing Wi-Fi station
[CPU0] E1 Wi-Fi station netdev ready
[CPU0] set_intr_wrapper: S31 IRQ route: cpu=0 source=122 vector=1 priority=1
[CPU0] set_intr_wrapper: S31 IRQ route: cpu=0 source=120 vector=1 priority=1
[CPU0] enable_intr_wrapper: S31 IRQ enable: mask=00000002 vector=1 irq=137
[CPU1] esp_wifi_sta_start: S31 frame statistics enable: rx=0 tx=0

NuttShell (NSH)
nsh> [K
XTS_BOOT=PASS seconds=0.694
--- CMD: ifdown wlan0 ---
ifdown wlan0
[CPU0] s31_wifi_rx_counters: S31 modem clocks stop: conf1=0038e7ff bb=1 bb80x1=1 bb44=1 mac=1 apb=1 fe160=1 sec=0
[CPU0] s31_wifi_rx_counters: S31 RX counters stop: ret=0 mpdu=66 data=0 fcs=5 abort=6 full=0 fifo=0 other=2
[CPU0] s31_wifi_rx_counters: S31 HE counters: power=0 sigb=0 format=0 unsupported=0 siga=0 bboff=0 wdg=0
[CPU0] s31_wifi_rx_counters: S31 radio hangs: rx=0 tx=0 flags=00000000 panic=00000000 bf_timeout=0 bf_error=0
[CPU0] s31_wifi_rx_counters: S31 RX errors: ret=0 total=0 bitmap=0 tkip=0
[CPU0] s31_wifi_rx_counters: S31 RX types: ret=0 legacy=0 ht=0 su=0 ersu=0 mu=0 su_noeb=0 mu_noeb=0 stbc=0 retry=0
[CPU0] s31_wifi_rx_counters: S31 TX stats: ret=0 enable=0 complete=0 succ=0 ack=0 ba=0 retry=0 nomem=0 timeout=0
[CPU0] disable_intr_wrapper: S31 IRQ disable: mask=00000002 vector=1 irq=137
ifdown wlan0...OK
nsh> [K
nsh> [K
--- CMD: ls /system/bin/cmocka_sched_test ---
ls /system/bin/cmocka_sched_test
 /system/bin/cmocka_sched_test
nsh> [K
nsh> [K
--- CMD: free ---
free
      total       used       free    maxused    maxfree  nused  nfree name
     317788      72748     245040     113312     206184    184     11 Kmem
   16777216     692224   16084992   16084992 Page
nsh> [K
nsh> [K
XTS_COMMAND=cmocka_sched_test
cmocka_sched_test
[CPU1] [==========] nuttx_sched_test_suites: Running 9 test(s).
[CPU1] [ RUN      ] test_nuttx_sched_pthread01
[CPU0] [       OK ] test_nuttx_sched_pthread01
[CPU0] [ RUN      ] test_nuttx_sched_pthread02
[CPU1] [       OK ] test_nuttx_sched_pthread02
[CPU1] [ RUN      ] test_nuttx_sched_pthread03
[CPU0] [       OK ] test_nuttx_sched_pthread03
[CPU0] [ RUN      ] test_nuttx_sched_pthread04
[CPU0] [       OK ] test_nuttx_sched_pthread04
[CPU0] [ RUN      ] test_nuttx_sched_pthread05
[CPU1] [       OK ] test_nuttx_sched_pthread05
[CPU1] [ RUN      ] test_nuttx_sched_pthread06
[CPU0] [       OK ] test_nuttx_sched_pthread06
[CPU0] [ RUN      ] test_nuttx_sched_pthread07
[CPU1] [       OK ] test_nuttx_sched_pthread07
[CPU1] [ RUN      ] test_nuttx_sched_pthread08
[CPU0] [       OK ] test_nuttx_sched_pthread08
[CPU0] [ RUN      ] test_nuttx_sched_pthread09

S31SM:M-TRAP mcause=0x18000005 mepc=0x400218e4 mtval=0x000000c4
S31SM:FAULT-REGS a0=0x00000000 a1=0x00000001 ra=0x40021910 sp=0x2f058a24
S31SM:FAULT-FPU hart=0 mstatus=0x800468a2 fcsr=0x00000001
Traceback (most recent call last):
  File "/home/regex/work/esp32s31-openvela/backups/2026-09-10-scan-stress/xts-run-standard.py", line 53, in <module>
    raise RuntimeError('target fatal failure; log retained')
RuntimeError: target fatal failure; log retained
