--- CMD: uname -a ---
uname -a
NuttX  0.0.0 428252a08db-dirty Sep 14 2026 23:42:46 risc-v esp32s31-core-function-board
nsh> [K
nsh> [K
--- CMD: free ---
free
      total       used       free    maxused    maxfree  nused  nfree name
     304828      79404     225424      90832     209256    233      9 Kmem
   16777216     696320   16080896   16080896 Page
nsh> [K
nsh> [K
--- CMD: mount ---
mount
  /apps type littlefs
  /proc type procfs
  /system/bin type romfs
  /tmp type tmpfs
nsh> [K
nsh> [K
--- CMD: ls -l /tmp/experiments/AlgorithmTesting/RandomExcursionsVariant ---
ls -l /tmp/experiments/AlgorithmTesting/RandomExcursionsVariant
nsh: ls: stat failed: No such file or directory
nsh> [K
nsh> [K
--- CMD: cat /tmp/experiments/AlgorithmTesting/finalAnalysisReport.txt ---
cat /tmp/experiments/AlgorithmTesting/finalAnalysisReport.txt
nsh: cat: open failed: No such file or directory
nsh> [K
nsh> [K
