ESP-ROM:esp32s31-20251218
Build:Dec 18 2025
rst:0x1 (POWERON),boot:0x7d (SPI_FAST_FLASH_BOOT)
SPI mode:DIO, clock div:1
load:0x2e000000,len:0x18
load:0x2f000000,len:0x13fa8
entry 0x2f010388
*** Booting NuttX ***
rtc: lma 0x00002020 vma 0x2e000000 len 0x18     (24)
dram: lma 0x00002040 vma 0x2f000000 len 0x13fa8  (81832)
padd: lma 0x00016018 vma 0x00000000 len 0xa000   (40960)
imap: lma 0x00020020 vma 0x400d0020 len 0x1ae04  (110084)
padd: lma 0x0003ae2c vma 0x00000000 len 0x52cc   (21196)
imap: lma 0x00040100 vma 0x40000100 len 0xc2a60  (797280)
total segments stored 6
ABC[CPU0] CPU1 SMP online: ipi0=0 timer1=0
[CPU1] AppFS header: 2d726f6d3166732d
[CPU1] AppFS MTD boundary checks: PASS
[CPU1] AppFS writable LittleFS: offset=0x500000 size=0x700000
[CPU1] Initializing Wi-Fi station
[CPU0] E1 Wi-Fi station netdev ready
[CPU0] set_intr_wrapper: S31 IRQ route: cpu=0 source=122 vector=1 priority=1
[CPU0] set_intr_wrapper: S31 IRQ route: cpu=0 source=120 vector=1 priority=1
[CPU0] enable_intr_wrapper: S31 IRQ enable: mask=00000002 vector=1 irq=137
[CPU0] esp_wifi_sta_start: S31 frame statistics enable: rx=0 tx=0

NuttShell (NSH)
nsh> [K
XTS_REBOOT_SETUP=PASS seconds=0.697
XTS_COMMAND=reboot sample=1 utc=2026-09-14T14:55:03.511153+00:00
reboot
nsh: reboot: command not found
nsh> [K
Traceback (most recent call last):
  File "/home/regex/work/esp32s31-openvela/backups/2026-09-10-scan-stress/xts-reboot.py", line 29, in <module>
    production.require(b'ESP-ROM:esp32s31' in output and
  File "/home/regex/work/esp32s31-openvela/openvela-dev/nuttx/tools/espressif/esp32s31_production_smoke.py", line 22, in require
    raise RuntimeError(message)
RuntimeError: reboot did not reach complete NSH/SMP startup
