MISMATCH .gcc_except_table._ZNSt3__112_GLOBAL__N_1L29throw_from_string_invalid_argERKNS_12basic_stringIcNS_11char_traitsIcEENS_9allocatorIcEEEE linked=0x61016ac5 loaded=0x61016ac8
MISMATCH .gcc_except_table._ZNSt3__112basic_stringIcNS_11char_traitsIcEENS_9allocatorIcEEE6__initEPKcj linked=0x61016ade loaded=0x61016ae4
MISMATCH .gcc_except_table._ZNKSt3__112basic_stringIcNS_11char_traitsIcEENS_9allocatorIcEEE2atEj linked=0x61016aea loaded=0x61016af0
MISMATCH .gcc_except_table._ZNSt3__112basic_stringIcNS_11char_traitsIcEENS_9allocatorIcEEE7reserveEj linked=0x61016af8 loaded=0x61016afc
MISMATCH .gcc_except_table._ZNKSt3__112basic_stringIcNS_11char_traitsIcEENS_9allocatorIcEEE4copyEPcjj linked=0x61016b18 loaded=0x61016b1c
MISMATCH .gcc_except_table._ZNSt3__112basic_stringIcNS_11char_traitsIcEENS_9allocatorIcEEEC2ERKS5_jjRKS4_ linked=0x61016b24 loaded=0x61016b28
MISMATCH .gcc_except_table._ZNSt3__112basic_stringIcNS_11char_traitsIcEENS_9allocatorIcEEE6__initEjc linked=0x61016b30 loaded=0x61016b34
MISMATCH .gcc_except_table._ZNSt3__112basic_stringIcNS_11char_traitsIcEENS_9allocatorIcEEE9__grow_byEjjjjjj linked=0x61016b3c loaded=0x61016b40
MISMATCH .gcc_except_table._ZNSt3__112basic_stringIcNS_11char_traitsIcEENS_9allocatorIcEEE6insertEjjc linked=0x61016b48 loaded=0x61016b4c
MISMATCH .gcc_except_table._ZNSt3__112basic_stringIcNS_11char_traitsIcEENS_9allocatorIcEEE7replaceEjjjc linked=0x61016b55 loaded=0x61016b5c
MISMATCH .gcc_except_table._ZNSt3__112basic_stringIcNS_11char_traitsIcEENS_9allocatorIcEEE21__grow_by_and_replaceEjjjjjjPKc linked=0x61016b62 loaded=0x61016b6c
MISMATCH .gcc_except_table._ZNSt3__112basic_stringIcNS_11char_traitsIcEENS_9allocatorIcEEE7replaceEjjPKcj linked=0x61016b6e loaded=0x61016b78
MISMATCH .gcc_except_table._ZNSt3__112basic_stringIcNS_11char_traitsIcEENS_9allocatorIcEEE6insertEjPKcj linked=0x61016b7c loaded=0x61016b88
MISMATCH .gcc_except_table._ZNSt3__112basic_stringIcNS_11char_traitsIcEENS_9allocatorIcEEE5eraseEjj linked=0x61016b8a loaded=0x61016b98
MISMATCH .gcc_except_table._ZNSt3__112basic_stringIcNS_11char_traitsIcEENS_9allocatorIcEEE6appendERKS5_jj linked=0x61016b96 loaded=0x61016ba4
MISMATCH .gcc_except_table._ZNSt3__112basic_stringIcNS_11char_traitsIcEENS_9allocatorIcEEE2atEj linked=0x61016ba2 loaded=0x61016bb0
MISMATCH .gcc_except_table._ZNKSt3__112basic_stringIcNS_11char_traitsIcEENS_9allocatorIcEEE7compareEjjRKS5_jj linked=0x61016bae loaded=0x61016bbc
MISMATCH .gcc_except_table._ZNKSt3__112basic_stringIcNS_11char_traitsIcEENS_9allocatorIcEEE7compareEjjPKcj linked=0x61016bc5 loaded=0x61016bd4
MISMATCH .gcc_except_table._ZNKSt3__112basic_stringIcNS_11char_traitsIcEENS_9allocatorIcEEE7compareEPKc linked=0x61016bd1 loaded=0x61016be0
MISMATCH .gcc_except_table._ZNSt3__112basic_stringIcNS_11char_traitsIcEENS_9allocatorIcEEE7replaceEjjRKS5_jj linked=0x61016bd5 loaded=0x61016be4
MISMATCH .gcc_except_table._ZNSt3__112basic_stringIcNS_11char_traitsIcEENS_9allocatorIcEEE6insertEjRKS5_jj linked=0x61016be1 loaded=0x61016bf0
MISMATCH .gcc_except_table._ZNSt3__1plIcNS_11char_traitsIcEENS_9allocatorIcEEEENS_12basic_stringIT_T0_T1_EEPKS6_RKS9_ linked=0x61016bed loaded=0x61016bfc
MISMATCH .gcc_except_table._ZNSt3__14stoiERKNS_12basic_stringIcNS_11char_traitsIcEENS_9allocatorIcEEEEPji linked=0x61016bfb loaded=0x61016c0c
MISMATCH .gcc_except_table._ZNSt3__14stolERKNS_12basic_stringIcNS_11char_traitsIcEENS_9allocatorIcEEEEPji linked=0x61016c0b loaded=0x61016c1c
MISMATCH .gcc_except_table._ZNSt3__15stoulERKNS_12basic_stringIcNS_11char_traitsIcEENS_9allocatorIcEEEEPji linked=0x61016c1b loaded=0x61016c2c
MISMATCH .gcc_except_table._ZNSt3__15stollERKNS_12basic_stringIcNS_11char_traitsIcEENS_9allocatorIcEEEEPji linked=0x61016c33 loaded=0x61016c44
MISMATCH .gcc_except_table._ZNSt3__16stoullERKNS_12basic_stringIcNS_11char_traitsIcEENS_9allocatorIcEEEEPji linked=0x61016c49 loaded=0x61016c5c
MISMATCH .gcc_except_table._ZNSt3__14stofERKNS_12basic_stringIcNS_11char_traitsIcEENS_9allocatorIcEEEEPj linked=0x61016c5f loaded=0x61016c74
MISMATCH .gcc_except_table._ZNSt3__14stodERKNS_12basic_stringIcNS_11char_traitsIcEENS_9allocatorIcEEEEPj linked=0x61016c75 loaded=0x61016c8c
MISMATCH .gcc_except_table._ZNSt3__15stoldERKNS_12basic_stringIcNS_11char_traitsIcEENS_9allocatorIcEEEEPj linked=0x61016c8b loaded=0x61016ca4
MISMATCH .gcc_except_table._ZNSt3__19to_stringEf linked=0x61016ca3 loaded=0x61016cbc
MISMATCH .gcc_except_table._ZNSt3__19to_stringEd linked=0x61016cb5 loaded=0x61016cd0
MISMATCH .gcc_except_table._ZNSt3__19to_stringEe linked=0x61016cc7 loaded=0x61016ce4
MISMATCH .gcc_except_table._ZNSt3__112basic_stringIcNS_11char_traitsIcEENS_9allocatorIcEEE25__init_copy_ctor_externalEPKcj linked=0x61016cd9 loaded=0x61016cf8
MISMATCH .gcc_except_table._ZNSt3__112basic_stringIcNS_11char_traitsIcEENS_9allocatorIcEEE6assignERKS5_jj linked=0x61016ce9 loaded=0x61016d08
MISMATCH .gcc_except_table._ZNSt3__112basic_stringIcNS_11char_traitsIcEENS_9allocatorIcEEE6__initIPcLi0EEEvT_S8_ linked=0x61016cf5 loaded=0x61016d14
MISMATCH .srodata._ZNSt3__112basic_stringIcNS_11char_traitsIcEENS_9allocatorIcEEE4nposE linked=0x61016d04 loaded=0x61016d20
MISMATCH .gcc_except_table._ZN10__cxxabiv112_GLOBAL__N_119InitByteGlobalMutexINS0_11LibcppMutexENS0_13LibcppCondVarEL_ZNS0_12GlobalStaticIS2_E8instanceEEL_ZNS4_IS3_E8instanceEELPFmvE0EE9LockGuardD2Ev linked=0x61016d08 loaded=0x61016d24
MISMATCH .gcc_except_table.__cxa_guard_acquire linked=0x61016d0c loaded=0x61016d28
MISMATCH .gcc_except_table._ZSt11__terminatePFvvE linked=0x61016d20 loaded=0x61016d3c
MISMATCH .gcc_except_table._ZSt9terminatev linked=0x61016d30 loaded=0x61016d4c
MISMATCH .srodata._ZTISt9exception linked=0x61016d34 loaded=0x61016d50
MISMATCH .gcc_except_table.__cxa_allocate_exception linked=0x61016d3c loaded=0x61016d58
MISMATCH .gcc_except_table.__cxa_free_exception linked=0x61016d44 loaded=0x61016d60
MISMATCH .gcc_except_table.__cxa_begin_catch linked=0x61016d48 loaded=0x61016d64
MISMATCH .gcc_except_table.__cxa_decrement_exception_refcount linked=0x61016d4c loaded=0x61016d68
MISMATCH .gcc_except_table.__cxa_current_primary_exception linked=0x61016d54 loaded=0x61016d70
MISMATCH .gcc_except_table.__cxa_uncaught_exceptions linked=0x61016d58 loaded=0x61016d74
MISMATCH .gcc_except_table.__cxa_call_unexpected linked=0x61016d5c loaded=0x61016d78
MISMATCH .srodata._ZTSPKDe linked=0x61016d84 loaded=0x61016da0
MISMATCH .srodata._ZTSPDe linked=0x61016d8c loaded=0x61016da8
MISMATCH .srodata._ZTSDe linked=0x61016d90 loaded=0x61016dac
MISMATCH .srodata._ZTIDe linked=0x61016d94 loaded=0x61016db0
MISMATCH .srodata._ZTSPKDd linked=0x61016d9c loaded=0x61016db8
MISMATCH .srodata._ZTSPDd linked=0x61016da4 loaded=0x61016dc0
MISMATCH .srodata._ZTSDd linked=0x61016da8 loaded=0x61016dc4
MISMATCH .srodata._ZTIDd linked=0x61016dac loaded=0x61016dc8
MISMATCH .srodata._ZTSPKDf linked=0x61016db4 loaded=0x61016dd0
MISMATCH .srodata._ZTSPDf linked=0x61016dbc loaded=0x61016dd8
MISMATCH .srodata._ZTSDf linked=0x61016dc0 loaded=0x61016ddc
MISMATCH .srodata._ZTIDf linked=0x61016dc4 loaded=0x61016de0
MISMATCH .srodata._ZTSPKDn linked=0x61016dcc loaded=0x61016de8
MISMATCH .srodata._ZTSPDn linked=0x61016dd4 loaded=0x61016df0
MISMATCH .srodata._ZTSDn linked=0x61016dd8 loaded=0x61016df4
MISMATCH .srodata._ZTIDn linked=0x61016ddc loaded=0x61016df8
MISMATCH .srodata._ZTSPKDF64x linked=0x61016de4 loaded=0x61016e00
MISMATCH .srodata._ZTSPDF64x linked=0x61016dec loaded=0x61016e08
MISMATCH .srodata._ZTSDF64x linked=0x61016df4 loaded=0x61016e10
MISMATCH .srodata._ZTIDF64x linked=0x61016dfc loaded=0x61016e18
MISMATCH .srodata._ZTSPKDF32x linked=0x61016e04 loaded=0x61016e20
MISMATCH .srodata._ZTSPDF32x linked=0x61016e0c loaded=0x61016e28
MISMATCH .srodata._ZTSDF32x linked=0x61016e14 loaded=0x61016e30
MISMATCH .srodata._ZTIDF32x linked=0x61016e1c loaded=0x61016e38
MISMATCH .srodata._ZTSPDF128_ linked=0x61016e24 loaded=0x61016e40
MISMATCH .srodata._ZTSDF128_ linked=0x61016e2c loaded=0x61016e48
MISMATCH .srodata._ZTIDF128_ linked=0x61016e34 loaded=0x61016e50
MISMATCH .srodata._ZTSPKDF64_ linked=0x61016e3c loaded=0x61016e58
MISMATCH .srodata._ZTSPDF64_ linked=0x61016e44 loaded=0x61016e60
MISMATCH .srodata._ZTSDF64_ linked=0x61016e4c loaded=0x61016e68
MISMATCH .srodata._ZTIDF64_ linked=0x61016e54 loaded=0x61016e70
MISMATCH .srodata._ZTSPKDF32_ linked=0x61016e5c loaded=0x61016e78
MISMATCH .srodata._ZTSPDF32_ linked=0x61016e64 loaded=0x61016e80
MISMATCH .srodata._ZTSDF32_ linked=0x61016e6c loaded=0x61016e88
MISMATCH .srodata._ZTIDF32_ linked=0x61016e74 loaded=0x61016e90
MISMATCH .srodata._ZTSPKDF16_ linked=0x61016e7c loaded=0x61016e98
MISMATCH .srodata._ZTSPDF16_ linked=0x61016e84 loaded=0x61016ea0
MISMATCH .srodata._ZTSDF16_ linked=0x61016e8c loaded=0x61016ea8
MISMATCH .srodata._ZTIDF16_ linked=0x61016e94 loaded=0x61016eb0
MISMATCH .srodata._ZTSPKDF16b linked=0x61016e9c loaded=0x61016eb8
MISMATCH .srodata._ZTSPDF16b linked=0x61016ea4 loaded=0x61016ec0
MISMATCH .srodata._ZTSDF16b linked=0x61016eac loaded=0x61016ec8
MISMATCH .srodata._ZTIDF16b linked=0x61016eb4 loaded=0x61016ed0
MISMATCH .srodata._ZTSPKe linked=0x61016ebc loaded=0x61016ed8
MISMATCH .srodata._ZTSPe linked=0x61016ec0 loaded=0x61016edc
MISMATCH .srodata._ZTSe linked=0x61016ec4 loaded=0x61016ee0
MISMATCH .srodata._ZTIe linked=0x61016ec8 loaded=0x61016ee4
MISMATCH .srodata._ZTSPKd linked=0x61016ed0 loaded=0x61016eec
MISMATCH .srodata._ZTSPd linked=0x61016ed4 loaded=0x61016ef0
MISMATCH .srodata._ZTSd linked=0x61016ed8 loaded=0x61016ef4
MISMATCH .srodata._ZTId linked=0x61016edc loaded=0x61016ef8
MISMATCH .srodata._ZTSPKf linked=0x61016ee4 loaded=0x61016f00
MISMATCH .srodata._ZTSPf linked=0x61016ee8 loaded=0x61016f04
MISMATCH .srodata._ZTSf linked=0x61016eec loaded=0x61016f08
MISMATCH .srodata._ZTIf linked=0x61016ef0 loaded=0x61016f0c
MISMATCH .srodata._ZTSPKy linked=0x61016ef8 loaded=0x61016f14
MISMATCH .srodata._ZTSPy linked=0x61016efc loaded=0x61016f18
MISMATCH .srodata._ZTSy linked=0x61016f00 loaded=0x61016f1c
MISMATCH .srodata._ZTIy linked=0x61016f04 loaded=0x61016f20
MISMATCH .srodata._ZTSPKx linked=0x61016f0c loaded=0x61016f28
MISMATCH .srodata._ZTSPx linked=0x61016f10 loaded=0x61016f2c
MISMATCH .srodata._ZTSx linked=0x61016f14 loaded=0x61016f30
MISMATCH .srodata._ZTIx linked=0x61016f18 loaded=0x61016f34
MISMATCH .srodata._ZTSPKm linked=0x61016f20 loaded=0x61016f3c
MISMATCH .srodata._ZTSPm linked=0x61016f24 loaded=0x61016f40
MISMATCH .srodata._ZTSm linked=0x61016f28 loaded=0x61016f44
MISMATCH .srodata._ZTIm linked=0x61016f2c loaded=0x61016f48
MISMATCH .srodata._ZTSPKl linked=0x61016f34 loaded=0x61016f50
MISMATCH .srodata._ZTSPl linked=0x61016f38 loaded=0x61016f54
MISMATCH .srodata._ZTSl linked=0x61016f3c loaded=0x61016f58
MISMATCH .srodata._ZTIl linked=0x61016f40 loaded=0x61016f5c
MISMATCH .srodata._ZTSPKj linked=0x61016f48 loaded=0x61016f64
MISMATCH .srodata._ZTSPj linked=0x61016f4c loaded=0x61016f68
MISMATCH .srodata._ZTSj linked=0x61016f50 loaded=0x61016f6c
MISMATCH .srodata._ZTIj linked=0x61016f54 loaded=0x61016f70
MISMATCH .srodata._ZTSPKi linked=0x61016f5c loaded=0x61016f78
MISMATCH .srodata._ZTSPi linked=0x61016f60 loaded=0x61016f7c
MISMATCH .srodata._ZTSi linked=0x61016f64 loaded=0x61016f80
MISMATCH .srodata._ZTIi linked=0x61016f68 loaded=0x61016f84
MISMATCH .srodata._ZTSPKt linked=0x61016f70 loaded=0x61016f8c
MISMATCH .srodata._ZTSPt linked=0x61016f74 loaded=0x61016f90
MISMATCH .srodata._ZTSt linked=0x61016f78 loaded=0x61016f94
MISMATCH .srodata._ZTIt linked=0x61016f7c loaded=0x61016f98
MISMATCH .srodata._ZTSPKs linked=0x61016f84 loaded=0x61016fa0
MISMATCH .srodata._ZTSPs linked=0x61016f88 loaded=0x61016fa4
MISMATCH .srodata._ZTSs linked=0x61016f8c loaded=0x61016fa8
MISMATCH .srodata._ZTIs linked=0x61016f90 loaded=0x61016fac
MISMATCH .srodata._ZTSPKh linked=0x61016f98 loaded=0x61016fb4
MISMATCH .srodata._ZTSPh linked=0x61016f9c loaded=0x61016fb8
MISMATCH .srodata._ZTSh linked=0x61016fa0 loaded=0x61016fbc
MISMATCH .srodata._ZTIh linked=0x61016fa4 loaded=0x61016fc0
MISMATCH .srodata._ZTSPKa linked=0x61016fac loaded=0x61016fc8
MISMATCH .srodata._ZTSPa linked=0x61016fb0 loaded=0x61016fcc
MISMATCH .srodata._ZTSa linked=0x61016fb4 loaded=0x61016fd0
MISMATCH .srodata._ZTIa linked=0x61016fb8 loaded=0x61016fd4
MISMATCH .srodata._ZTSPKc linked=0x61016fc0 loaded=0x61016fdc
MISMATCH .srodata._ZTSPc linked=0x61016fc4 loaded=0x61016fe0
MISMATCH .srodata._ZTSc linked=0x61016fc8 loaded=0x61016fe4
MISMATCH .srodata._ZTIc linked=0x61016fcc loaded=0x61016fe8
MISMATCH .srodata._ZTSPKDi linked=0x61016fd4 loaded=0x61016ff0
MISMATCH .srodata._ZTSPDi linked=0x61016fdc loaded=0x61016ff8
MISMATCH .srodata._ZTSDi linked=0x61016fe0 loaded=0x61016ffc
MISMATCH .srodata._ZTIDi linked=0x61016fe4 loaded=0x61017000
MISMATCH .srodata._ZTSPKDs linked=0x61016fec loaded=0x61017008
MISMATCH .srodata._ZTSPDs linked=0x61016ff4 loaded=0x61017010
MISMATCH .srodata._ZTSDs linked=0x61016ff8 loaded=0x61017014
MISMATCH .srodata._ZTIDs linked=0x61016ffc loaded=0x61017018
MISMATCH .srodata._ZTSPKDu linked=0x61017004 loaded=0x61017020
MISMATCH .srodata._ZTSPDu linked=0x6101700c loaded=0x61017028
MISMATCH .srodata._ZTSDu linked=0x61017010 loaded=0x6101702c
MISMATCH .srodata._ZTIDu linked=0x61017014 loaded=0x61017030
MISMATCH .srodata._ZTSPKw linked=0x6101701c loaded=0x61017038
MISMATCH .srodata._ZTSPw linked=0x61017020 loaded=0x6101703c
MISMATCH .srodata._ZTSw linked=0x61017024 loaded=0x61017040
MISMATCH .srodata._ZTIw linked=0x61017028 loaded=0x61017044
MISMATCH .srodata._ZTSPKb linked=0x61017030 loaded=0x6101704c
MISMATCH .srodata._ZTSPb linked=0x61017034 loaded=0x61017050
MISMATCH .srodata._ZTSb linked=0x61017038 loaded=0x61017054
MISMATCH .srodata._ZTIb linked=0x6101703c loaded=0x61017058
MISMATCH .srodata._ZTSPKv linked=0x61017044 loaded=0x61017060
MISMATCH .srodata._ZTSPv linked=0x61017048 loaded=0x61017064
MISMATCH .srodata._ZTSv linked=0x6101704c loaded=0x61017068
MISMATCH .srodata._ZTIv linked=0x61017050 loaded=0x6101706c
MISMATCH .srodata._ZZNK10__cxxabiv129__pointer_to_member_type_info9can_catchEPKNS_16__shim_type_infoERPvE12null_ptr_rep_0 linked=0x61017058 loaded=0x61017074
MISMATCH .srodata._ZZNK10__cxxabiv129__pointer_to_member_type_info9can_catchEPKNS_16__shim_type_infoERPvE12null_ptr_rep linked=0x6101705c loaded=0x61017078
MISMATCH .srodata._ZTISt9type_info linked=0x61017064 loaded=0x61017080
MISMATCH .gcc_except_table._ZN12_GLOBAL__N_1L15fallback_mallocEj linked=0x6101706c loaded=0x61017088
MISMATCH .gcc_except_table._ZN10__cxxabiv128__aligned_free_with_fallbackEPv linked=0x6101707e loaded=0x6101709c
MISMATCH .srodata.CSWTCH.72 linked=0x6101708c loaded=0x610170ac
MISMATCH .srodata.CSWTCH.71 linked=0x61017094 loaded=0x610170b4
MISMATCH .eh_frame linked=0x61017098 loaded=0x610170b8
ELF_LAYOUT file=/tmp/s31-elf791.6S65K7/bin_debug/cxxtest allocated=213 mismatches=180
