--- CMD: uname -a ---
uname -a
NuttX  0.0.0 428252a08db-dirty Sep 14 2026 22:45:00 risc-v esp32s31-core-function-board
nsh> [K
nsh> [K
--- CMD: ifdown wlan0 ---
ifdown wlan0
ifdown wlan0...OK
nsh> [K
nsh> [K
--- CMD: ls /system/bin/cmocka_sched_test ---
ls /system/bin/cmocka_sched_test
 /system/bin/cmocka_sched_test
nsh> [K
nsh> [K
--- CMD: free ---
free
      total       used       free    maxused    maxfree  nused  nfree name
     304828      81404     223424     253704     172744    201     16 Kmem
   16777216     696320   16080896   16080896 Page
nsh> [K
nsh> [K
XTS_COMMAND=cmocka_sched_test
cmocka_sched_test
[CPU1] [==========] nuttx_sched_test_suites: Running 9 test(s).
[CPU1] [ RUN      ] test_nuttx_sched_pthread01
[CPU0] [       OK ] test_nuttx_sched_pthread01
[CPU0] [ RUN      ] test_nuttx_sched_pthread02
[CPU1] [       OK ] test_nuttx_sched_pthread02
[CPU1] [ RUN      ] test_nuttx_sched_pthread03
[CPU0] [       OK ] test_nuttx_sched_pthread03
[CPU0] [ RUN      ] test_nuttx_sched_pthread04
[CPU0] [       OK ] test_nuttx_sched_pthread04
[CPU0] [ RUN      ] test_nuttx_sched_pthread05
[CPU1] [       OK ] test_nuttx_sched_pthread05
[CPU1] [ RUN      ] test_nuttx_sched_pthread06
[CPU0] [       OK ] test_nuttx_sched_pthread06
[CPU0] [ RUN      ] test_nuttx_sched_pthread07
[CPU0] [       OK ] test_nuttx_sched_pthread07
[CPU0] [ RUN      ] test_nuttx_sched_pthread08
[CPU0] [       OK ] test_nuttx_sched_pthread08
[CPU0] [ RUN      ] test_nuttx_sched_pthread09
[CPU0] [       OK ] test_nuttx_sched_pthread09
[CPU0] [==========] nuttx_sched_test_suites: 9 test(s) run.
[CPU0] [  PASSED  ] 9 test(s).
nsh> [K
nsh> [KXTS_STANDARD=cmocka_sched_test PASS subcases=9 seconds=0.309
