ESP-ROM:esp32s31-20251218
Build:Dec 18 2025
rst:0x1 (POWERON),boot:0x7f (SPI_FAST_FLASH_BOOT)
SPI mode:DIO, clock div:1
load:0x2e000000,len:0x18
load:0x2f000000,len:0x140a8
entry 0x2f010474
*** Booting NuttX ***
rtc: lma 0x00002020 vma 0x2e000000 len 0x18     (24)
dram: lma 0x00002040 vma 0x2f000000 len 0x140a8  (82088)
padd: lma 0x00016118 vma 0x00000000 len 0x9f00   (40704)
imap: lma 0x00020020 vma 0x400d0020 len 0x1ae14  (110100)
padd: lma 0x0003ae3c vma 0x00000000 len 0x52bc   (21180)
imap: lma 0x00040100 vma 0x40000100 len 0xc2cb4  (797876)
total segments stored 6
ABC[CPU0] CPU1 SMP online: ipi0=0 timer1=0
[CPU1] AppFS header: 2d726f6d3166732d
[CPU1] AppFS MTD boundary checks: PASS
[CPU1] AppFS writable LittleFS: offset=0x500000 size=0x700000
[CPU1] Initializing Wi-Fi station
[CPU0] E1 Wi-Fi station netdev ready
[CPU0] set_intr_wrapper: S31 IRQ route: cpu=0 source=122 vector=1 priority=1
[CPU0] set_intr_wrapper: S31 IRQ route: cpu=0 source=120 vector=1 priority=1
[CPU0] enable_intr_wrapper: S31 IRQ enable: mask=00000002 vector=1 irq=137
[CPU0] esp_wifi_sta_start: S31 frame statistics enable: rx=0 tx=0

NuttShell (NSH)
nsh> [K
XTS_FOOTPRINT_BOOT=PASS seconds=0.693
--- CMD: ifdown wlan0 ---
ifdown wlan0
[CPU0] s31_wifi_rx_counters: S31 modem clocks stop: conf1=0038e7ff bb=1 bb80x1=1 bb44=1 mac=1 apb=1 fe160=1 sec=0
[CPU0] s31_wifi_rx_counters: S31 RX counters stop: ret=0 mpdu=79 data=0 fcs=3 abort=11 full=0 fifo=0 other=5
[CPU0] s31_wifi_rx_counters: S31 HE counters: power=1 sigb=0 format=0 unsupported=0 siga=0 bboff=0 wdg=0
[CPU0] s31_wifi_rx_counters: S31 radio hangs: rx=0 tx=0 flags=00000000 panic=00000000 bf_timeout=0 bf_error=0
[CPU0] s31_wifi_rx_counters: S31 RX errors: ret=0 total=0 bitmap=0 tkip=0
[CPU0] s31_wifi_rx_counters: S31 RX types: ret=0 legacy=0 ht=0 su=0 ersu=0 mu=0 su_noeb=0 mu_noeb=0 stbc=0 retry=0
[CPU0] s31_wifi_rx_counters: S31 TX stats: ret=0 enable=0 complete=0 succ=0 ack=0 ba=0 retry=0 nomem=0 timeout=0
[CPU0] disable_intr_wrapper: S31 IRQ disable: mask=00000002 vector=1 irq=137
ifdown wlan0...OK
nsh> [K
nsh> [K
--- CMD: ps ---
ps
  PID GROUP CPU(AFFINITY)   PRI POLICY   TYPE    NPX STATE    EVENT     SIGMASK            STACK COMMAND
    0     0 000(0x00000003)   0 FIFO     Kthread   - Assigned           0000000000000000 0003024 CPU0 IDLE
    1     0 001(0x00000003)   0 FIFO     Kthread   - Running            0000000000000000 0003024 CPU1 IDLE
    2     0 ---(0x00000003) 100 RR       Kthread   - Waiting  Semaphore 0000000000000000 0001952 lpwork 0x2f0110c0 0x2f01110c
    4     0 ---(0x00000003) 223 RR       Kthread   - Waiting  Semaphore 0000000000000000 0001968 hr_timer
    5     0 ---(0x00000001) 253 RR       Kthread   - Waiting  MQ empty  0000000000000000 0003520 wifi
    6     6 000(0x00000003) 101 RR       Task      - Running            0000000000000000 0004016 /system/bin/init
nsh> [K
nsh> [K
--- CMD: taskset -p 6 ---
taskset -p 6
pid 6's current affinity mask: 0x3
nsh> [K
nsh> [K
--- CMD: taskset -p 1 6 ---
taskset -p 1 6
pid 6's current affinity mask: 0x1
nsh> [K
nsh> [K
--- CMD: cat /proc/6/status ---
cat /proc/6/status
Name:       /system/bin/init
Type:       Task
Group:      6
CPU:        000(0x00000001)
State:      Running
Flags:      -
Priority:   101
Scheduler:  SCHED_RR
SigMask:    0000000000000000
nsh> [K
nsh> [K
XTS_FOOTPRINT_CPU=0 AFFINITY=1
--- CMD: free ---
free
      total       used       free    maxused    maxfree  nused  nfree name
     304828      78524     226304     101248     181576    208     11 Kmem
   16777216     696320   16080896   16080896 Page
nsh> [K
nsh> [K
--- CMD: df -h ---
df -h
  Filesystem      Size      Used  Available Mounted on
  littlefs          7M        8K      7160K /apps
  procfs            0B        0B         0B /proc
  romfs          1761K     1761K         0B /system/bin
  tmpfs           512B      512B         0B /tmp
nsh> [K
nsh> [K
--- CMD: taskset -p 2 6 ---
taskset -p 2 6
pid 6's current affinity mask: 0x2
nsh> [K
nsh> [K
--- CMD: cat /proc/6/status ---
cat /proc/6/status
Name:       /system/bin/init
Type:       Task
Group:      6
CPU:        001(0x00000002)
State:      Running
Flags:      -
Priority:   101
Scheduler:  SCHED_RR
SigMask:    0000000000000000
nsh> [K
nsh> [K
XTS_FOOTPRINT_CPU=1 AFFINITY=2
--- CMD: free ---
free
      total       used       free    maxused    maxfree  nused  nfree name
     304828      78588     226240     104800     181104    209     12 Kmem
   16777216     696320   16080896   16080896 Page
nsh> [K
nsh> [K
--- CMD: df -h ---
df -h
  Filesystem      Size      Used  Available Mounted on
  littlefs          7M        8K      7160K /apps
  procfs            0B        0B         0B /proc
  romfs          1761K     1761K         0B /system/bin
  tmpfs           512B      512B         0B /tmp
nsh> [K
nsh> [K
--- CMD: taskset -p 3 6 ---
taskset -p 3 6
pid 6's current affinity mask: 0x3
nsh> [K
nsh> [K
XTS_COMMANDS=free,df-h PASS CPUs=0,1; shared SMP pools, do not double-count. Flash physical map still requires report.
