ESP-ROM:esp32s31-20251218
Build:Dec 18 2025
rst:0x1 (POWERON),boot:0x5b (SPI_FAST_FLASH_BOOT)
SPI mode:DIO, clock div:1
load:0x2e000000,len:0x18
load:0x2f000000,len:0x16a14
load:0x2f016a80,len:0x37f8
entry 0x2f0164f8

S31SM:M-TRAP mcause=0x30000002 mepc=0x40012210 mtval=0x0000bad0
ESP-ROM:esp32s31-20251218
Build:Dec 18 2025
rst:0x7 (HP_SYS_HP_WDT0_RESET),boot:0x5b (SPI_FAST_FLASH_BOOT)
Core0 Saved PC:0x400121fc
SPI mode:DIO, clock div:1
load:0x2e000000,len:0x18
load:0x2f000000,len:0x16a14
load:0x2f016a80,len:0x37f8
entry 0x2f0164f8

S31SM:M-TRAP mcause=0x30000002 mepc=0x40012210 mtval=0x0000bad0
ESP-ROM:esp32s31-20251218
Build:Dec 18 2025
rst:0x7 (HP_SYS_HP_WDT0_RESET),boot:0x5b (SPI_FAST_FLASH_BOOT)
Core0 Saved PC:0x400121fc
SPI mode:DIO, clock div:1
load:0x2e000000,len:0x18
load:0x2f000000,len:0x16a14
load:0x2f016a80,len:0x37f8
entry 0x2f0164f8

S31SM:M-TRAP mcause=0x30000002 mepc=0x40012210 mtval=0x0000bad0
ESP-ROM:esp32s31-20251218
Build:Dec 18 2025
rst:0x7 (HP_SYS_HP_WDT0_RESET),boot:0x5b (SPI_FAST_FLASH_BOOT)
Core0 Saved PC:0x400121fc
SPI mode:DIO, clock div:1
load:0x2e000000,len:0x18
load:0x2f000000,len:0x16a14
load:0x2f016a80,len:0x37f8
entry 0x2f0164f8

S31SM:M-TRAP mcause=0x30000002 mepc=0x40012210 mtval=0x0000bad0
ESP-ROM:esp32s31-20251218
Build:Dec 18 2025
rst:0x7 (HP_SYS_HP_WDT0_RESET),boot:0x5b (SPI_FAST_FLASH_BOOT)
Core0 Saved PC:0x400121fc
SPI mode:DIO, clock div:1
load:0x2e000000,len:0x18
load:0x2f000000,len:0x16a14
load:0x2f016a80,len:0x37f8
entry 0x2f0164f8

S31SM:M-TRAP mcause=0x30000002 mepc=0x40012210 mtval=0x0000bad0
ESP-ROM:esp32s31-20251218
Build:Dec 18 2025
rst:0x10 (CHIP_LP_WDT_RESET),boot:0x5b (SPI_FAST_FLASH_BOOT)
SPI mode:DIO, clock div:1
load:0x2e000000,len:0x18
load:0x2f000000,len:0x16a14
load:0x2f016a80,len:0x37f8
entry 0x2f0164f8

S31SM:M-TRAP mcause=0x30000002 mepc=0x40012210 mtval=0x0000bad0
ESP-ROM:esp32s31-20251218
Build:Dec 18 2025
rst:0x7 (HP_SYS_HP_WDT0_RESET),boot:0x5b (SPI_FAST_FLASH_BOOT)
Core0 Saved PC:0x400121fc
SPI mode:DIO, clock div:1
load:0x2e000000,len:0x18
load:0x2f000000,len:0x16a14
load:0x2f016a80,len:0x37f8
entry 0x2f0164f8

S31SM:M-TRAP mcause=0x30000002 mepc=0x40012210 mtval=0x0000bad0
ESP-ROM:esp32s31-20251218
Build:Dec 18 2025
rst:0x7 (HP_SYS_HP_WDT0_RESET),boot:0x5b (SPI_FAST_FLASH_BOOT)
Core0 Saved PC:0x400121fc
SPI mode:DIO, clock div:1
load:0x2e000000,len:0x18
load:0x2f000000,len:0x16a14
load:0x2f016a80,len:0x37f8
entry 0x2f0164f8

S31SM:M-TRAP mcause=0x30000002 mepc=0x40012210 mtval=0x0000bad0
ESP-ROM:esp32s31-20251218
Build:Dec 18 2025
rst:0x7 (HP_SYS_HP_WDT0_RESET),boot:0x5b (SPI_FAST_FLASH_BOOT)
Core0 Saved PC:0x400121fc
SPI mode:DIO, clock div:1
load:0x2e000000,len:0x18
load:0x2f000000,len:0x16a14
load:0x2f016a80,len:0x37f8
entry 0x2f0164f8

S31SM:M-TRAP mcause=0x30000002 mepc=0x40012210 mtval=0x0000bad0
ESP-ROM:esp32s31-20251218
Build:Dec 18 2025
rst:0x7 (HP_SYS_HP_WDT0_RESET),boot:0x5b (SPI_FAST_FLASH_BOOT)
Core0 Saved PC:0x400121fc
SPI mode:DIO, clock div:1
load:0x2e000000,len:0x18
load:0x2f000000,len:0x16a14
load:0x2f016a80,len:0x37f8
entry 0x2f0164f8

S31SM:M-TRAP mcause=0x30000002 mepc=0x40012210 mtval=0x0000bad0
ESP-ROM:esp32s31-20251218
Build:Dec 18 2025
rst:0x10 (CHIP_LP_WDT_RESET),boot:0x5b (SPI_FAST_FLASH_BOOT)
SPI mode:DIO, clock div:1
load:0x2e000000,len:0x18
load:0x2f000000,len:0x16a14
load:0x2f016a80,len:0x37f8
entry 0x2f0164f8

S31SM:M-TRAP mcause=0x30000002 mepc=0x40012210 mtval=0x0000bad0
ESP-ROM:esp32s31-20251218
Build:Dec 18 2025
rst:0x7 (HP_SYS_HP_WDT0_RESET),boot:0x5b (SPI_FAST_FLASH_BOOT)
Core0 Saved PC:0x400121fc
SPI mode:DIO, clock div:1
load:0x2e000000,len:0x18
load:0x2f000000,len:0x16a14
load:0x2f016a80,len:0x37f8
entry 0x2f0164f8

S31SM:M-TRAP mcause=0x30000002 mepc=0x40012210 mtval=0x0000bad0
ESP-ROM:esp32s31-20251218
Build:Dec 18 2025
rst:0x7 (HP_SYS_HP_WDT0_RESET),boot:0x5b (SPI_FAST_FLASH_BOOT)
Core0 Saved PC:0x400121fc
SPI mode:DIO, clock div:1
load:0x2e000000,len:0x18
load:0x2f000000,len:0x16a14
load:0x2f016a80,len:0x37f8
entry 0x2f0164f8

S31SM:M-TRAP mcause=0x30000002 mepc=0x40012210 mtval=0x0000bad0
ESP-ROM:esp32s31-20251218
Build:Dec 18 2025
rst:0x7 (HP_SYS_HP_WDT0_RESET),boot:0x5b (SPI_FAST_FLASH_BOOT)
Core0 Saved PC:0x400121fc
SPI mode:DIO, clock div:1
load:0x2e000000,len:0x18
load:0x2f000000,len:0x16a14
load:0x2f016a80,len:0x37f8
entry 0x2f0164f8

S31SM:M-TRAP mcause=0x30000002 mepc=0x40012210 mtval=0x0000bad0
ESP-ROM:esp32s31-20251218
Build:Dec 18 2025
rst:0x7 (HP_SYS_HP_WDT0_RESET),boot:0x5b (SPI_FAST_FLASH_BOOT)
Core0 Saved PC:0x400121fc
SPI mode:DIO, clock div:1
load:0x2e000000,len:0x18
load:0x2f000000,len:0x16a14
load:0x2f016a80,len:0x37f8
entry 0x2f0164f8

S31SM:M-TRAP mcause=0x30000002 mepc=0x40012210 mtval=0x0000bad0
ESP-ROM:esp32s31-20251218
Build:Dec 18 2025
rst:0x10 (CHIP_LP_WDT_RESET),boot:0x5b (SPI_FAST_FLASH_BOOT)
SPI mode:DIO, clock div:1
load:0x2e000000,len:0x18
load:0x2f000000,len:0x16a14
load:0x2f016a80,len:0x37f8
entry 0x2f0164f8

S31SM:M-TRAP mcause=0x30000002 mepc=0x40012210 mtval=0x0000bad0
ESP-ROM:esp32s31-20251218
Build:Dec 18 2025
rst:0x7 (HP_SYS_HP_WDT0_RESET),boot:0x5b (SPI_FAST_FLASH_BOOT)
Core0 Saved PC:0x400121fc
SPI mode:DIO, clock div:1
load:0x2e000000,len:0x18
load:0x2f000000,len:0x16a14
load:0x2f016a80,len:0x37f8
entry 0x2f0164f8

S31SM:M-TRAP mcause=0x30000002 mepc=0x40012210 mtval=0x0000bad0
ESP-ROM:esp32s31-20251218
Build:Dec 18 2025
rst:0x7 (HP_SYS_HP_WDT0_RESET),boot:0x5b (SPI_FAST_FLASH_BOOT)
Core0 Saved PC:0x400121fc
SPI mode:DIO, clock div:1
load:0x2e000000,len:0x18
load:0x2f000000,len:0x16a14
load:0x2f016a80,len:0x37f8
entry 0x2f0164f8

S31SM:M-TRAP mcause=0x30000002 mepc=0x40012210 mtval=0x0000bad0
ESP-ROM:esp32s31-20251218
Build:Dec 18 2025
rst:0x7 (HP_SYS_HP_WDT0_RESET),boot:0x5b (SPI_FAST_FLASH_BOOT)
Core0 Saved PC:0x400121fc
SPI mode:DIO, clock div:1
load:0x2e000000,len:0x18
load:0x2f000000,len:0x16a14
load:0x2f016a80,len:0x37f8
entry 0x2f0164f8

S31SM:M-TRAP mcause=0x30000002 mepc=0x40012210 mtval=0x0000bad0
ESP-ROM:esp32s31-20251218
Build:Dec 18 2025
rst:0x7 (HP_SYS_HP_WDT0_RESET),boot:0x5b (SPI_FAST_FLASH_BOOT)
Core0 Saved PC:0x400121fc
SPI mode:DIO, clock div:1
load:0x2e000000,len:0x18
load:0x2f000000,len:0x16a14
load:0x2f016a80,len:0x37f8
entry 0x2f0164f8

S31SM:M-TRAP mcause=0x30000002 mepc=0x40012210 mtval=0x0000bad0
ESP-ROM:esp32s31-20251218
Build:Dec 18 2025
rst:0x10 (CHIP_LP_WDT_RESET),boot:0x5b (SPI_FAST_FLASH_BOOT)
SPI mode:DIO, clock div:1
load:0x2e000000,len:0x18
load:0x2f000000,len:0x16a14
load:0x2f016a80,len:0x37f8
entry 0x2f0164f8

S31SM:M-TRAP mcause=0x30000002 mepc=0x40012210 mtval=0x0000bad0
ESP-ROM:esp32s31-20251218
Build:Dec 18 2025
rst:0x7 (HP_SYS_HP_WDT0_RESET),boot:0x5b (SPI_FAST_FLASH_BOOT)
Core0 Saved PC:0x400121fc
SPI mode:DIO, clock div:1
load:0x2e000000,len:0x18
load:0x2f000000,len:0x16a14
load:0x2f016a80,len:0x37f8
entry 0x2f0164f8

S31SM:M-TRAP mcause=0x30000002 mepc=0x40012210 mtval=0x0000bad0
ESP-ROM:esp32s31-20251218
Build:Dec 18 2025
rst:0x7 (HP_SYS_HP_WDT0_RESET),boot:0x5b (SPI_FAST_FLASH_BOOT)
Core0 Saved PC:0x400121fc
SPI mode:DIO, clock div:1
load:0x2e000000,len:0x18
load:0x2f000000,len:0x16a14
load:0x2f016a80,len:0x37f8
entry 0x2f0164f8

S31SM:M-TRAP mcause=0x30000002 mepc=0x40012210 mtval=0x0000bad0
ESP-ROM:esp32s31-20251218
Build:Dec 18 2025
rst:0x7 (HP_SYS_HP_WDT0_RESET),boot:0x5b (SPI_FAST_FLASH_BOOT)
Core0 Saved PC:0x400121fc
SPI mode:DIO, clock div:1
load:0x2e000000,len:0x18
load:0x2f000000,len:0x16a14
load:0x2f016a80,len:0x37f8
entry 0x2f0164f8

S31SM:M-TRAP mcause=0x30000002 mepc=0x40012210 mtval=0x0000bad0
ESP-ROM:esp32s31-20251218
Build:Dec 18 2025
rst:0x7 (HP_SYS_HP_WDT0_RESET),boot:0x5b (SPI_FAST_FLASH_BOOT)
Core0 Saved PC:0x400121fc
SPI mode:DIO, clock div:1
load:0x2e000000,len:0x18
load:0x2f000000,len:0x16a14
load:0x2f016a80,len:0x37f8
entry 0x2f0164f8

S31SM:M-TRAP mcause=0x30000002 mepc=0x40012210 mtval=0x0000bad0
ESP-ROM:esp32s31-20251218
Build:Dec 18 2025
rst:0x10 (CHIP_LP_WDT_RESET),boot:0x5b (SPI_FAST_FLASH_BOOT)
SPI mode:DIO, clock div:1
load:0x2e000000,len:0x18
load:0x2f000000,len:0x16a14
load:0x2f016a80,len:0x37f8
entry 0x2f0164f8

S31SM:M-TRAP mcause=0x30000002 mepc=0x40012210 mtval=0x0000bad0
ESP-ROM:esp32s31-20251218
Build:Dec 18 2025
rst:0x7 (HP_SYS_HP_WDT0_RESET),boot:0x5b (SPI_FAST_FLASH_BOOT)
Core0 Saved PC:0x400121fc
SPI mode:DIO, clock div:1
load:0x2e000000,len:0x18
load:0x2f000000,len:0x16a14
load:0x2f016a80,len:0x37f8
entry 0x2f0164f8

S31SM:M-TRAP mcause=0x30000002 mepc=0x40012210 mtval=0x0000bad0
ESP-ROM:esp32s31-20251218
Build:Dec 18 2025
rst:0x7 (HP_SYS_HP_WDT0_RESET),boot:0x5b (SPI_FAST_FLASH_BOOT)
Core0 Saved PC:0x400121fc
SPI mode:DIO, clock div:1
load:0x2e000000,len:0x18
load:0x2f000000,len:0x16a14
load:0x2f016a80,len:0x37f8
entry 0x2f0164f8

S31SM:M-TRAP mcause=0x30000002 mepc=0x40012210 mtval=0x0000bad0
ESP-ROM:esp32s31-20251218
Build:Dec 18 2025
rst:0x7 (HP_SYS_HP_WDT0_RESET),boot:0x5b (SPI_FAST_FLASH_BOOT)
Core0 Saved PC:0x400121fc
SPI mode:DIO, clock div:1
load:0x2e000000,len:0x18
load:0x2f000000,len:0x16a14
load:0x2f016a80,len:0x37f8
entry 0x2f0164f8

S31SM:M-TRAP mcause=0x30000002 mepc=0x40012210 mtval=0x0000bad0
ESP-ROM:esp32s31-20251218
Build:Dec 18 2025
rst:0x7 (HP_SYS_HP_WDT0_RESET),boot:0x5b (SPI_FAST_FLASH_BOOT)
Core0 Saved PC:0x400121fc
SPI mode:DIO, clock div:1
load:0x2e000000,len:0x18
load:0x2f000000,len:0x16a14
load:0x2f016a80,len:0x37f8
entry 0x2f0164f8

S31SM:M-TRAP mcause=0x30000002 mepc=0x40012210 mtval=0x0000bad0
ESP-ROM:esp32s31-20251218
Build:Dec 18 2025
rst:0x10 (CHIP_LP_WDT_RESET),boot:0x5b (SPI_FAST_FLASH_BOOT)
SPI mode:DIO, clock div:1
load:0x2e000000,len:0x18
load:0x2f000000,len:0x16a14
load:0x2f016a80,len:0x37f8
entry 0x2f0164f8

S31SM:M-TRAP mcause=0x30000002 mepc=0x40012210 mtval=0x0000bad0
ESP-ROM:esp32s31-20251218
Build:Dec 18 2025
rst:0x7 (HP_SYS_HP_WDT0_RESET),boot:0x5b (SPI_FAST_FLASH_BOOT)
Core0 Saved PC:0x400121fc
SPI mode:DIO, clock div:1
load:0x2e000000,len:0x18
load:0x2f000000,len:0x16a14
load:0x2f016a80,len:0x37f8
entry 0x2f0164f8

S31SM:M-TRAP mcause=0x30000002 mepc=0x40012210 mtval=0x0000bad0
ESP-ROM:esp32s31-20251218
Build:Dec 18 2025
rst:0x7 (HP_SYS_HP_WDT0_RESET),boot:0x5b (SPI_FAST_FLASH_BOOT)
Core0 Saved PC:0x400121fc
SPI mode:DIO, clock div:1
load:0x2e000000,len:0x18
load:0x2f000000,len:0x16a14
load:0x2f016a80,len:0x37f8
entry 0x2f0164f8

S31SM:M-TRAP mcause=0x30000002 mepc=0x40012210 mtval=0x0000bad0
ESP-ROM:esp32s31-20251218
Build:Dec 18 2025
rst:0x7 (HP_SYS_HP_WDT0_RESET),boot:0x5b (SPI_FAST_FLASH_BOOT)
Core0 Saved PC:0x400121fc
SPI mode:DIO, clock div:1
load:0x2e000000,len:0x18
load:0x2f000000,len:0x16a14
load:0x2f016a80,len:0x37f8
entry 0x2f0164f8

S31SM:M-TRAP mcause=0x30000002 mepc=0x40012210 mtval=0x0000bad0
ESP-ROM:esp32s31-20251218
Build:Dec 18 2025
rst:0x7 (HP_SYS_HP_WDT0_RESET),boot:0x5b (SPI_FAST_FLASH_BOOT)
Core0 Saved PC:0x400121fc
SPI mode:DIO, clock div:1
load:0x2e000000,len:0x18
load:0x2f000000,len:0x16a14
load:0x2f016a80,len:0x37f8
entry 0x2f0164f8

S31SM:M-TRAP mcause=0x30000002 mepc=0x40012210 mtval=0x0000bad0
ESP-ROM:esp32s31-20251218
Build:Dec 18 2025
rst:0x10 (CHIP_LP_WDT_RESET),boot:0x5b (SPI_FAST_FLASH_BOOT)
SPI mode:DIO, clock div:1
load:0x2e000000,len:0x18
load:0x2f000000,len:0x16a14
load:0x2f016a80,len:0x37f8
entry 0x2f0164f8

S31SM:M-TRAP mcause=0x30000002 mepc=0x40012210 mtval=0x0000bad0
ESP-ROM:esp32s31-20251218
Build:Dec 18 2025
rst:0x7 (HP_SYS_HP_WDT0_RESET),boot:0x5b (SPI_FAST_FLASH_BOOT)
Core0 Saved PC:0x400121fc
SPI mode:DIO, clock div:1
load:0x2e000000,len:0x18
load:0x2f000000,len:0x16a14
load:0x2f016a80,len:0x37f8
entry 0x2f0164f8

S31SM:M-TRAP mcause=0x30000002 mepc=0x40012210 mtval=0x0000bad0
ESP-ROM:esp32s31-20251218
Build:Dec 18 2025
rst:0x7 (HP_SYS_HP_WDT0_RESET),boot:0x5b (SPI_FAST_FLASH_BOOT)
Core0 Saved PC:0x400121fc
SPI mode:DIO, clock div:1
load:0x2e000000,len:0x18
load:0x2f000000,len:0x16a14
load:0x2f016a80,len:0x37f8
entry 0x2f0164f8

S31SM:M-TRAP mcause=0x30000002 mepc=0x40012210 mtval=0x0000bad0
ESP-ROM:esp32s31-20251218
Build:Dec 18 2025
rst:0x7 (HP_SYS_HP_WDT0_RESET),boot:0x5b (SPI_FAST_FLASH_BOOT)
Core0 Saved PC:0x400121fc
SPI mode:DIO, clock div:1
load:0x2e000000,len:0x18
load:0x2f000000,len:0x16a14
load:0x2f016a80,len:0x37f8
entry 0x2f0164f8

S31SM:M-TRAP mcause=0x30000002 mepc=0x40012210 mtval=0x0000bad0
ESP-ROM:esp32s31-20251218
Build:Dec 18 2025
rst:0x7 (HP_SYS_HP_WDT0_RESET),boot:0x5b (SPI_FAST_FLASH_BOOT)
Core0 Saved PC:0x400121fc
SPI mode:DIO, clock div:1
load:0x2e000000,len:0x18
load:0x2f000000,len:0x16a14
load:0x2f016a80,len:0x37f8
entry 0x2f0164f8

S31SM:M-TRAP mcause=0x30000002 mepc=0x40012210 mtval=0x0000bad0
ESP-ROM:esp32s31-20251218
Build:Dec 18 2025
rst:0x10 (CHIP_LP_WDT_RESET),boot:0x5b (SPI_FAST_FLASH_BOOT)
SPI mode:DIO, clock div:1
load:0x2e000000,len:0x18
load:0x2f000000,len:0x16a14
load:0x2f016a80,len:0x37f8
entry 0x2f0164f8

S31SM:M-TRAP mcause=0x30000002 mepc=0x40012210 mtval=0x0000bad0
ESP-ROM:esp32s31-20251218
Build:Dec 18 2025
rst:0x7 (HP_SYS_HP_WDT0_RESET),boot:0x5b (SPI_FAST_FLASH_BOOT)
Core0 Saved PC:0x400121fc
SPI mode:DIO, clock div:1
load:0x2e000000,len:0x18
load:0x2f000000,len:0x16a14
load:0x2f016a80,len:0x37f8
entry 0x2f0164f8

S31SM:M-TRAP mcause=0x30000002 mepc=0x40012210 mtval=0x0000bad0
ESP-ROM:esp32s31-20251218
Build:Dec 18 2025
rst:0x7 (HP_SYS_HP_WDT0_RESET),boot:0x5b (SPI_FAST_FLASH_BOOT)
Core0 Saved PC:0x400121fc
SPI mode:DIO, clock div:1
load:0x2e000000,len:0x18
load:0x2f000000,len:0x16a14
load:0x2f016a80,len:0x37f8
entry 0x2f0164f8

S31SM:M-TRAP mcause=0x30000002 mepc=0x40012210 mtval=0x0000bad0
ESP-ROM:esp32s31-20251218
Build:Dec 18 2025
rst:0x7 (HP_SYS_HP_WDT0_RESET),boot:0x5b (SPI_FAST_FLASH_BOOT)
Core0 Saved PC:0x400121fc
SPI mode:DIO, clock div:1
load:0x2e000000,len:0x18
load:0x2f000000,len:0x16a14
load:0x2f016a80,len:0x37f8
entry 0x2f0164f8

S31SM:M-TRAP mcause=0x30000002 mepc=0x40012210 mtval=0x0000bad0
ESP-ROM:esp32s31-20251218
Build:Dec 18 2025
rst:0x7 (HP_SYS_HP_WDT0_RESET),boot:0x5b (SPI_FAST_FLASH_BOOT)
Core0 Saved PC:0x400121fc
SPI mode:DIO, clock div:1
load:0x2e000000,len:0x18
load:0x2f000000,len:0x16a14
load:0x2f016a80,len:0x37f8
entry 0x2f0164f8

S31SM:M-TRAP mcause=0x30000002 mepc=0x40012210 mtval=0x0000bad0
ESP-ROM:esp32s31-20251218
Build:Dec 18 2025
rst:0x10 (CHIP_LP_WDT_RESET),boot:0x5b (SPI_FAST_FLASH_BOOT)
SPI mode:DIO, clock div:1
load:0x2e000000,len:0x18
load:0x2f000000,len:0x16a14
load:0x2f016a80,len:0x37f8
entry 0x2f0164f8

S31SM:M-TRAP mcause=0x30000002 mepc=0x40012210 mtval=0x0000bad0
ESP-ROM:esp32s31-20251218
Build:Dec 18 2025
rst:0x7 (HP_SYS_HP_WDT0_RESET),boot:0x5b (SPI_FAST_FLASH_BOOT)
Core0 Saved PC:0x400121fc
SPI mode:DIO, clock div:1
load:0x2e000000,len:0x18
load:0x2f000000,len:0x16a14
load:0x2f016a80,len:0x37f8
entry 0x2f0164f8

S31SM:M-TRAP mcause=0x30000002 mepc=0x40012210 mtval=0x0000bad0
ESP-ROM:esp32s31-20251218
Build:Dec 18 2025
rst:0x7 (HP_SYS_HP_WDT0_RESET),boot:0x5b (SPI_FAST_FLASH_BOOT)
Core0 Saved PC:0x400121fc
SPI mode:DIO, clock div:1
load:0x2e000000,len:0x18
load:0x2f000000,len:0x16a14
load:0x2f016a80,len:0x37f8
entry 0x2f0164f8

S31SM:M-TRAP mcause=0x30000002 mepc=0x40012210 mtval=0x0000bad0
ESP-ROM:esp32s31-20251218
Build:Dec 18 2025
rst:0x7 (HP_SYS_HP_WDT0_RESET),boot:0x5b (SPI_FAST_FLASH_BOOT)
Core0 Saved PC:0x400121fc
SPI mode:DIO, clock div:1
load:0x2e000000,len:0x18
load:0x2f000000,len:0x16a14
load:0x2f016a80,len:0x37f8
entry 0x2f0164f8

S31SM:M-TRAP mcause=0x30000002 mepc=0x40012210 mtval=0x0000bad0
ESP-ROM:esp32s31-20251218
Build:Dec 18 2025
rst:0x7 (HP_SYS_HP_WDT0_RESET),boot:0x5b (SPI_FAST_FLASH_BOOT)
Core0 Saved PC:0x400121fc
SPI mode:DIO, clock div:1
load:0x2e000000,len:0x18
load:0x2f000000,len:0x16a14
load:0x2f016a80,len:0x37f8
entry 0x2f0164f8

S31SM:M-TRAP mcause=0x30000002 mepc=0x40012210 mtval=0x0000bad0
ESP-ROM:esp32s31-20251218
Build:Dec 18 2025
rst:0x10 (CHIP_LP_WDT_RESET),boot:0x5b (SPI_FAST_FLASH_BOOT)
SPI mode:DIO, clock div:1
load:0x2e000000,len:0x18
load:0x2f000000,len:0x16a14
load:0x2f016a80,len:0x37f8
entry 0x2f0164f8

S31SM:M-TRAP mcause=0x30000002 mepc=0x40012210 mtval=0x0000bad0
ESP-ROM:esp32s31-20251218
Build:Dec 18 2025
rst:0x7 (HP_SYS_HP_WDT0_RESET),boot:0x5b (SPI_FAST_FLASH_BOOT)
Core0 Saved PC:0x400121fc
SPI mode:DIO, clock div:1
load:0x2e000000,len:0x18
load:0x2f000000,len:0x16a14
load:0x2f016a80,len:0x37f8
entry 0x2f0164f8

S31SM:M-TRAP mcause=0x30000002 mepc=0x40012210 mtval=0x0000bad0
