Traceback (most recent call last):
  File "/home/regex/work/esp32s31-openvela/backups/2026-09-10-scan-stress/xts-flat.py", line 51, in <module>
    boot = transport.collect_until_prompt(port, 30)
  File "/home/regex/work/esp32s31-openvela/openvela-dev/nuttx/tools/espressif/esp32s31_nuttx_smoke.py", line 117, in collect_until_prompt
    raise TimeoutError(output.decode("utf-8", errors="replace"))
TimeoutError: ESP-ROM:esp32s31-20251218
Build:Dec 18 2025
rst:0x1 (POWERON),boot:0x7f (SPI_FAST_FLASH_BOOT)
SPI mode:DIO, clock div:1
load:0x2f000000,len:0x9944
entry 0x2f00834a
*** Booting NuttX ***
dram: lma 0x00002020 vma 0x2f000000 len 0x9944   (39236)
padd: lma 0x0000b998 vma 0x00000000 len 0x4680   (18048)
imap: lma 0x00010020 vma 0x40030020 len 0x79e4   (31204)
padd: lma 0x00017a0c vma 0x00000000 len 0x86ec   (34540)
imap: lma 0x00020100 vma 0x40000100 len 0x2e238  (188984)
total segments stored 5
ABCDS31 heap entry
S31 heap add 0x50000000..0x51000000

