ESP-ROM:esp32s31-20251218
Build:Dec 18 2025
rst:0x1 (POWERON),boot:0x7f (SPI_FAST_FLASH_BOOT)
SPI mode:DIO, clock div:1
load:0x2f000000,len:0x872c
load:0x2f008780,len:0x1244
entry 0x2f008394
*** Booting NuttX ***
dram: lma 0x00002020 vma 0x2f000000 len 0x872c   (34604)
dram: lma 0x0000a754 vma 0x2f008780 len 0x1244   (4676)
padd: lma 0x0000b9c8 vma 0x00000000 len 0x4650   (18000)
imap: lma 0x00010020 vma 0x40030020 len 0x7a54   (31316)
padd: lma 0x00017a7c vma 0x00000000 len 0x867c   (34428)
imap: lma 0x00020100 vma 0x40000100 len 0x2e338  (189240)
total segments stored 6
ABCDheap lock start
heap lock done
heap guard start
heap record done
S31 heap entry
S31 heap add 0x50000000..0x51000000
heap lock start
heap lock done
heap guard start
heap record done
