Traceback (most recent call last):
  File "/home/regex/work/esp32s31-openvela/backups/2026-09-10-scan-stress/xts-run-standard.py", line 36, in <module>
    production.boot(port, 'XTS_BOOT')
  File "/home/regex/work/esp32s31-openvela/openvela-dev/nuttx/tools/espressif/esp32s31_production_smoke.py", line 28, in boot
    output = transport.collect_until_prompt(port, 30.0)
  File "/home/regex/work/esp32s31-openvela/openvela-dev/nuttx/tools/espressif/esp32s31_nuttx_smoke.py", line 117, in collect_until_prompt
    raise TimeoutError(output.decode("utf-8", errors="replace"))
TimeoutError: ESP-ROM:esp32s31-20251218
Build:Dec 18 2025
rst:0x1 (POWERON),boot:0x7f (SPI_FAST_FLASH_BOOT)
SPI mode:DIO, clock div:1
load:0x2e000000,len:0x18
load:0x2f000000,len:0x18ff8
entry 0x2f0152b2
*** Booting NuttX ***
rtc: lma 0x00002020 vma 0x2e000000 len 0x18     (24)
dram: lma 0x00002040 vma 0x2f000000 len 0x18ff8  (102392)
padd: lma 0x0001b068 vma 0x00000000 len 0x4fb0   (20400)
imap: lma 0x00020020 vma 0x40110020 len 0x1b06c  (110700)
padd: lma 0x0003b094 vma 0x00000000 len 0x5064   (20580)
imap: lma 0x00040100 vma 0x40000100 len 0x1067d8 (1075160)
total segments stored 6
ABC[CPU0] CPU1 SMP online: ipi0=0 timer1=0

S31SM:M-TRAP mcause=0x18000005 mepc=0x2f00693c mtval=0x50fe0000

