test_empty_batch_header_is_acknowledged (__main__.ReceiveTests) ... FAIL
test_final_packet_keeps_only_remaining_file_bytes (__main__.ReceiveTests) ... 
======================================================================
FAIL: test_empty_batch_header_is_acknowledged (__main__.ReceiveTests)
----------------------------------------------------------------------
Traceback (most recent call last):
  File "/home/regex/work/esp32s31-openvela/openvela-dev/apps/system/ymodem/test_sbrb.py", line 66, in test_empty_batch_header_is_acknowledged
    self.assertEqual(replies[-1], sbrb.ACK)
AssertionError: b'C' != b'\x06'

======================================================================
FAIL: test_final_packet_keeps_only_remaining_file_bytes (__main__.ReceiveTests) (size=129)
----------------------------------------------------------------------
Traceback (most recent call last):
  File "/home/regex/work/esp32s31-openvela/openvela-dev/apps/system/ymodem/test_sbrb.py", line 62, in test_final_packet_keeps_only_remaining_file_bytes
    self.assertEqual(actual, expected)
AssertionError: b'\x0[219 chars]f\x80\x00\x00\x00\x00\x00\x00\x00\x00\x00\x00\[3019 chars]\x00' != b'\x0[219 chars]f\x80'

======================================================================
FAIL: test_final_packet_keeps_only_remaining_file_bytes (__main__.ReceiveTests) (size=1025)
----------------------------------------------------------------------
Traceback (most recent call last):
  File "/home/regex/work/esp32s31-openvela/openvela-dev/apps/system/ymodem/test_sbrb.py", line 62, in test_final_packet_keeps_only_remaining_file_bytes
    self.assertEqual(actual, expected)
AssertionError: b'\x0[2936 chars]f\x00\x00\x00\x00\x00\x00\x00\x00\x00\x00\x00\[459 chars]\x00' != b'\x0[2936 chars]f\x00'

----------------------------------------------------------------------
Ran 2 tests in 0.124s

FAILED (failures=3)
