------------------------------------------------------------
Server listening on UDP port 5004
UDP buffer size: 64.0 KByte (default)
------------------------------------------------------------
[  1] local 192.168.1.29 port 5004 connected with 192.168.1.60 port 18861
[ ID] Interval       Transfer     Bandwidth        Jitter   Lost/Total Datagrams
[  1] 0.00-1.00 sec   488 KBytes  4.00 Mbits/sec   3.219 ms 0/340 (0%)
[  1] 1.00-2.00 sec   488 KBytes  4.00 Mbits/sec   4.075 ms 0/340 (0%)
[  1] 2.00-3.00 sec   491 KBytes  4.02 Mbits/sec   2.793 ms 0/342 (0%)
[  1] 3.00-4.00 sec   455 KBytes  3.73 Mbits/sec   3.331 ms 0/317 (0%)
[  1] 4.00-5.00 sec   494 KBytes  4.05 Mbits/sec   4.236 ms 0/344 (0%)
[  1] 5.00-6.00 sec   497 KBytes  4.07 Mbits/sec   3.305 ms 0/346 (0%)
[  1] 6.00-7.00 sec   477 KBytes  3.90 Mbits/sec   3.581 ms 0/332 (0%)
[  1] 7.00-8.00 sec   484 KBytes  3.96 Mbits/sec   3.625 ms 0/337 (0%)
[  1] 8.00-9.00 sec   495 KBytes  4.06 Mbits/sec   3.671 ms 0/345 (0%)
[  1] 9.00-10.00 sec   491 KBytes  4.02 Mbits/sec   3.884 ms 0/342 (0%)
[  1] 10.00-11.00 sec   482 KBytes  3.95 Mbits/sec   3.551 ms 0/336 (0%)
[  1] 11.00-12.00 sec   497 KBytes  4.07 Mbits/sec   3.956 ms 0/346 (0%)
[  1] 12.00-13.00 sec   477 KBytes  3.90 Mbits/sec   3.573 ms 0/332 (0%)
[  1] 13.00-14.00 sec   479 KBytes  3.93 Mbits/sec   3.034 ms 0/334 (0%)
[  1] 14.00-15.00 sec   514 KBytes  4.21 Mbits/sec   2.900 ms 0/358 (0%)
[  1] 15.00-16.00 sec   482 KBytes  3.95 Mbits/sec   3.659 ms 0/336 (0%)
[  1] 16.00-17.00 sec   478 KBytes  3.92 Mbits/sec   4.537 ms 0/333 (0%)
[  1] 17.00-18.00 sec   495 KBytes  4.06 Mbits/sec   4.222 ms 0/345 (0%)
[  1] 18.00-19.00 sec   479 KBytes  3.93 Mbits/sec   3.042 ms 0/334 (0%)
[  1] 19.00-20.00 sec   474 KBytes  3.88 Mbits/sec   4.815 ms 0/330 (0%)
[  1] 20.00-21.00 sec   487 KBytes  3.99 Mbits/sec   4.249 ms 0/339 (0%)
[  1] 21.00-22.00 sec   507 KBytes  4.15 Mbits/sec   3.593 ms 0/353 (0%)
[  1] 22.00-23.00 sec   501 KBytes  4.10 Mbits/sec   3.502 ms 0/349 (0%)
[  1] 23.00-24.00 sec   481 KBytes  3.94 Mbits/sec   3.787 ms 0/335 (0%)
[  1] 24.00-25.00 sec   482 KBytes  3.95 Mbits/sec   3.757 ms 0/336 (0%)
[  1] 25.00-26.00 sec   471 KBytes  3.86 Mbits/sec   4.801 ms 0/328 (0%)
[  1] 26.00-27.00 sec   492 KBytes  4.03 Mbits/sec   3.387 ms 0/343 (0%)
[  1] 27.00-28.00 sec   481 KBytes  3.94 Mbits/sec   2.932 ms 0/335 (0%)
[  1] 28.00-29.00 sec   490 KBytes  4.01 Mbits/sec   3.456 ms 0/341 (0%)
[  1] 29.00-30.00 sec   488 KBytes  4.00 Mbits/sec   3.832 ms 0/340 (0%)
[  1] 30.00-31.00 sec   457 KBytes  3.74 Mbits/sec   3.661 ms 0/318 (0%)
[  1] 31.00-32.00 sec   479 KBytes  3.93 Mbits/sec   3.201 ms 0/334 (0%)
[  1] 32.00-33.00 sec   490 KBytes  4.01 Mbits/sec   3.254 ms 0/341 (0%)
[  1] 33.00-34.00 sec   464 KBytes  3.80 Mbits/sec   3.574 ms 0/323 (0%)
[  1] 34.00-35.00 sec   505 KBytes  4.14 Mbits/sec   3.850 ms 0/352 (0%)
[  1] 35.00-36.00 sec   488 KBytes  4.00 Mbits/sec   3.623 ms 0/340 (0%)
[  1] 36.00-37.00 sec   475 KBytes  3.89 Mbits/sec   4.265 ms 0/331 (0%)
[  1] 37.00-38.00 sec   500 KBytes  4.09 Mbits/sec   3.625 ms 0/348 (0%)
[  1] 38.00-39.00 sec   482 KBytes  3.95 Mbits/sec   4.182 ms 0/336 (0%)
[  1] 39.00-40.00 sec   471 KBytes  3.86 Mbits/sec   3.783 ms 0/328 (0%)
[  1] 40.00-41.00 sec   511 KBytes  4.19 Mbits/sec   3.575 ms 0/356 (0%)
[  1] 41.00-42.00 sec   490 KBytes  4.01 Mbits/sec   4.482 ms 0/341 (0%)
[  1] 42.00-43.00 sec   471 KBytes  3.86 Mbits/sec   4.552 ms 0/328 (0%)
[  1] 43.00-44.00 sec   505 KBytes  4.14 Mbits/sec   3.810 ms 0/352 (0%)
[  1] 44.00-45.00 sec   487 KBytes  3.99 Mbits/sec   3.386 ms 0/339 (0%)
[  1] 45.00-46.00 sec   508 KBytes  4.16 Mbits/sec   3.520 ms 0/354 (0%)
[  1] 46.00-47.00 sec   464 KBytes  3.80 Mbits/sec   3.709 ms 0/323 (0%)
[  1] 47.00-48.00 sec   488 KBytes  4.00 Mbits/sec   3.636 ms 0/340 (0%)
[  1] 48.00-49.00 sec   492 KBytes  4.03 Mbits/sec   3.262 ms 0/343 (0%)
[  1] 49.00-50.00 sec   482 KBytes  3.95 Mbits/sec   2.913 ms 0/336 (0%)
[  1] 50.00-51.00 sec   471 KBytes  3.86 Mbits/sec   3.990 ms 0/328 (0%)
[  1] 51.00-52.00 sec   501 KBytes  4.10 Mbits/sec   3.035 ms 0/349 (0%)
[  1] 52.00-53.00 sec   487 KBytes  3.99 Mbits/sec   3.336 ms 0/339 (0%)
[  1] 53.00-54.00 sec   504 KBytes  4.13 Mbits/sec   3.575 ms 0/351 (0%)
[  1] 54.00-55.00 sec   488 KBytes  4.00 Mbits/sec   3.607 ms 0/340 (0%)
[  1] 55.00-56.00 sec   471 KBytes  3.86 Mbits/sec   3.103 ms 0/328 (0%)
[  1] 56.00-57.00 sec   498 KBytes  4.08 Mbits/sec   3.802 ms 0/347 (0%)
[  1] 57.00-58.00 sec   479 KBytes  3.93 Mbits/sec   4.041 ms 0/334 (0%)
[  1] 58.00-59.00 sec   490 KBytes  4.01 Mbits/sec   3.309 ms 0/341 (0%)
[  1] 59.00-60.00 sec   461 KBytes  3.77 Mbits/sec   3.532 ms 0/321 (0%)
[  1] 60.00-61.00 sec   461 KBytes  3.77 Mbits/sec   4.408 ms 0/321 (0%)
[  1] 61.00-62.00 sec   471 KBytes  3.86 Mbits/sec   3.282 ms 0/328 (0%)
[  1] 62.00-63.00 sec   502 KBytes  4.12 Mbits/sec   3.641 ms 0/350 (0%)
[  1] 63.00-64.00 sec   491 KBytes  4.02 Mbits/sec   3.993 ms 0/342 (0%)
[  1] 64.00-65.00 sec   490 KBytes  4.01 Mbits/sec   3.967 ms 0/341 (0%)
[  1] 65.00-66.00 sec   495 KBytes  4.06 Mbits/sec   2.872 ms 0/345 (0%)
[  1] 66.00-67.00 sec   485 KBytes  3.97 Mbits/sec   4.036 ms 0/338 (0%)
[  1] 67.00-68.00 sec   471 KBytes  3.86 Mbits/sec   3.654 ms 0/328 (0%)
[  1] 68.00-69.00 sec   484 KBytes  3.96 Mbits/sec   4.365 ms 0/337 (0%)
[  1] 69.00-70.00 sec   505 KBytes  4.14 Mbits/sec   3.495 ms 0/352 (0%)
[  1] 70.00-71.00 sec   494 KBytes  4.05 Mbits/sec   3.097 ms 0/344 (0%)
[  1] 71.00-72.00 sec   469 KBytes  3.85 Mbits/sec   5.110 ms 0/327 (0%)
[  1] 72.00-73.00 sec   494 KBytes  4.05 Mbits/sec   3.245 ms 0/344 (0%)
[  1] 73.00-74.00 sec   490 KBytes  4.01 Mbits/sec   4.410 ms 0/341 (0%)
[  1] 74.00-75.00 sec   462 KBytes  3.79 Mbits/sec   3.842 ms 0/322 (0%)
[  1] 75.00-76.00 sec   514 KBytes  4.21 Mbits/sec   4.410 ms 0/358 (0%)
[  1] 76.00-77.00 sec   488 KBytes  4.00 Mbits/sec   4.175 ms 0/340 (0%)
[  1] 77.00-78.00 sec   449 KBytes  3.68 Mbits/sec   4.965 ms 0/313 (0%)
[  1] 78.00-79.00 sec   508 KBytes  4.16 Mbits/sec   3.187 ms 0/354 (0%)
[  1] 79.00-80.00 sec   504 KBytes  4.13 Mbits/sec   3.877 ms 0/351 (0%)
[  1] 80.00-81.00 sec   477 KBytes  3.90 Mbits/sec   3.476 ms 0/332 (0%)
[  1] 81.00-82.00 sec   502 KBytes  4.12 Mbits/sec   3.889 ms 0/350 (0%)
[  1] 82.00-83.00 sec   487 KBytes  3.99 Mbits/sec   3.821 ms 0/339 (0%)
[  1] 83.00-84.00 sec   481 KBytes  3.94 Mbits/sec   3.331 ms 0/335 (0%)
[  1] 84.00-85.00 sec   477 KBytes  3.90 Mbits/sec   3.228 ms 0/332 (0%)
[  1] 85.00-86.00 sec   498 KBytes  4.08 Mbits/sec   3.870 ms 0/347 (0%)
[  1] 86.00-87.00 sec   502 KBytes  4.12 Mbits/sec   3.694 ms 0/350 (0%)
[  1] 87.00-88.00 sec   481 KBytes  3.94 Mbits/sec   4.466 ms 0/335 (0%)
[  1] 88.00-89.00 sec   488 KBytes  4.00 Mbits/sec   4.410 ms 0/340 (0%)
[  1] 89.00-90.00 sec   488 KBytes  4.00 Mbits/sec   4.048 ms 0/340 (0%)
[  1] 90.00-91.00 sec   465 KBytes  3.81 Mbits/sec   4.270 ms 0/324 (0%)
[  1] 91.00-92.00 sec   494 KBytes  4.05 Mbits/sec   3.616 ms 0/344 (0%)
[  1] 92.00-93.00 sec   501 KBytes  4.10 Mbits/sec   3.696 ms 0/349 (0%)
[  1] 93.00-94.00 sec   490 KBytes  4.01 Mbits/sec   3.857 ms 0/341 (0%)
[  1] 94.00-95.00 sec   451 KBytes  3.69 Mbits/sec   5.377 ms 0/314 (0%)
[  1] 95.00-96.00 sec   521 KBytes  4.27 Mbits/sec   3.477 ms 0/363 (0%)
[  1] 96.00-97.00 sec   487 KBytes  3.99 Mbits/sec   3.463 ms 0/339 (0%)
[  1] 97.00-98.00 sec   484 KBytes  3.96 Mbits/sec   3.922 ms 0/337 (0%)
[  1] 98.00-99.00 sec   474 KBytes  3.88 Mbits/sec   3.395 ms 0/330 (0%)
[  1] 99.00-100.00 sec   478 KBytes  3.92 Mbits/sec   3.750 ms 0/333 (0%)
[  1] 100.00-101.00 sec   471 KBytes  3.86 Mbits/sec   4.026 ms 0/328 (0%)
[  1] 101.00-102.00 sec   475 KBytes  3.89 Mbits/sec   5.846 ms 0/331 (0%)
[  1] 102.00-103.00 sec   514 KBytes  4.21 Mbits/sec   3.344 ms 0/358 (0%)
[  1] 103.00-104.00 sec   490 KBytes  4.01 Mbits/sec   3.538 ms 0/341 (0%)
[  1] 104.00-105.00 sec   484 KBytes  3.96 Mbits/sec   3.650 ms 0/337 (0%)
[  1] 105.00-106.00 sec   488 KBytes  4.00 Mbits/sec   3.958 ms 0/340 (0%)
[  1] 106.00-107.00 sec   495 KBytes  4.06 Mbits/sec   4.153 ms 0/345 (0%)
[  1] 107.00-108.00 sec   490 KBytes  4.01 Mbits/sec   3.455 ms 0/341 (0%)
[  1] 108.00-109.00 sec   485 KBytes  3.97 Mbits/sec   3.894 ms 0/338 (0%)
[  1] 109.00-110.00 sec   505 KBytes  4.14 Mbits/sec   3.381 ms 0/352 (0%)
[  1] 110.00-111.00 sec   491 KBytes  4.02 Mbits/sec   3.506 ms 0/342 (0%)
[  1] 111.00-112.00 sec   484 KBytes  3.96 Mbits/sec   3.992 ms 0/337 (0%)
[  1] 112.00-113.00 sec   497 KBytes  4.07 Mbits/sec   3.343 ms 0/346 (0%)
[  1] 113.00-114.00 sec   472 KBytes  3.87 Mbits/sec   3.812 ms 0/329 (0%)
[  1] 114.00-115.00 sec   468 KBytes  3.83 Mbits/sec   4.592 ms 0/326 (0%)
[  1] 115.00-116.00 sec   501 KBytes  4.10 Mbits/sec   3.856 ms 0/349 (0%)
[  1] 116.00-117.00 sec   492 KBytes  4.03 Mbits/sec   3.065 ms 0/343 (0%)
[  1] 117.00-118.00 sec   471 KBytes  3.86 Mbits/sec   4.219 ms 0/328 (0%)
[  1] 118.00-119.00 sec   491 KBytes  4.02 Mbits/sec   3.316 ms 0/342 (0%)
[  1] 119.00-120.00 sec   491 KBytes  4.02 Mbits/sec   3.724 ms 0/342 (0%)
[  1] 120.00-121.00 sec   435 KBytes  3.56 Mbits/sec   3.886 ms 0/303 (0%)
[  1] 121.00-122.00 sec   528 KBytes  4.33 Mbits/sec   3.119 ms 0/368 (0%)
[  1] 122.00-123.00 sec   500 KBytes  4.09 Mbits/sec   3.584 ms 0/348 (0%)
[  1] 123.00-124.00 sec   479 KBytes  3.93 Mbits/sec   3.465 ms 0/334 (0%)
[  1] 124.00-125.00 sec   495 KBytes  4.06 Mbits/sec   4.687 ms 0/345 (0%)
[  1] 125.00-126.00 sec   495 KBytes  4.06 Mbits/sec   3.840 ms 0/345 (0%)
[  1] 126.00-127.00 sec   497 KBytes  4.07 Mbits/sec   3.970 ms 0/346 (0%)
[  1] 127.00-128.00 sec   477 KBytes  3.90 Mbits/sec   4.644 ms 0/332 (0%)
[  1] 128.00-129.00 sec   500 KBytes  4.09 Mbits/sec   4.170 ms 0/348 (0%)
[  1] 129.00-130.00 sec   477 KBytes  3.90 Mbits/sec   3.270 ms 0/332 (0%)
[  1] 130.00-131.00 sec   488 KBytes  4.00 Mbits/sec   4.653 ms 0/340 (0%)
[  1] 131.00-132.00 sec   494 KBytes  4.05 Mbits/sec   3.814 ms 0/344 (0%)
[  1] 131.00-132.00 sec  2 datagrams received out-of-order
[  1] 132.00-133.00 sec   504 KBytes  4.13 Mbits/sec   2.995 ms 0/351 (0%)
[  1] 133.00-134.00 sec   398 KBytes  3.26 Mbits/sec   4.435 ms 0/277 (0%)
[  1] 133.00-134.00 sec  1 datagrams received out-of-order
[  1] 134.00-135.00 sec   500 KBytes  4.09 Mbits/sec   5.317 ms 0/348 (0%)
[  1] 135.00-136.00 sec   520 KBytes  4.26 Mbits/sec   3.066 ms 0/362 (0%)
[  1] 135.00-136.00 sec  1 datagrams received out-of-order
[  1] 136.00-137.00 sec   474 KBytes  3.88 Mbits/sec   3.829 ms 0/330 (0%)
[  1] 136.00-137.00 sec  3 datagrams received out-of-order
[  1] 137.00-138.00 sec   345 KBytes  2.82 Mbits/sec   9.057 ms 0/240 (0%)
[  1] 137.00-138.00 sec  3 datagrams received out-of-order
[  1] 138.00-139.00 sec   524 KBytes  4.29 Mbits/sec   3.834 ms 0/365 (0%)
[  1] 139.00-140.00 sec   490 KBytes  4.01 Mbits/sec   4.087 ms 0/341 (0%)
[  1] 140.00-141.00 sec   502 KBytes  4.12 Mbits/sec   4.592 ms 0/350 (0%)
[  1] 141.00-142.00 sec   517 KBytes  4.23 Mbits/sec   3.420 ms 0/360 (0%)
[  1] 142.00-143.00 sec   468 KBytes  3.83 Mbits/sec   3.179 ms 0/326 (0%)
[  1] 142.00-143.00 sec  8 datagrams received out-of-order
[  1] 143.00-144.00 sec   490 KBytes  4.01 Mbits/sec   4.185 ms 0/341 (0%)
[  1] 144.00-145.00 sec   495 KBytes  4.06 Mbits/sec   3.663 ms 0/345 (0%)
[  1] 145.00-146.00 sec   487 KBytes  3.99 Mbits/sec   3.639 ms 0/339 (0%)
[  1] 146.00-147.00 sec   501 KBytes  4.10 Mbits/sec   4.030 ms 0/349 (0%)
[  1] 147.00-148.00 sec   484 KBytes  3.96 Mbits/sec   3.402 ms 0/337 (0%)
[  1] 148.00-149.00 sec   487 KBytes  3.99 Mbits/sec   4.223 ms 0/339 (0%)
[  1] 149.00-150.00 sec   494 KBytes  4.05 Mbits/sec   3.516 ms 0/344 (0%)
[  1] 150.00-151.00 sec   494 KBytes  4.05 Mbits/sec   4.035 ms 0/344 (0%)
[  1] 151.00-152.00 sec   455 KBytes  3.73 Mbits/sec   3.803 ms 0/317 (0%)
[  1] 152.00-153.00 sec   478 KBytes  3.92 Mbits/sec   3.249 ms 0/333 (0%)
[  1] 153.00-154.00 sec   487 KBytes  3.99 Mbits/sec   4.130 ms 0/339 (0%)
[  1] 154.00-155.00 sec   511 KBytes  4.19 Mbits/sec   3.141 ms 0/356 (0%)
[  1] 155.00-156.00 sec   490 KBytes  4.01 Mbits/sec   3.219 ms 0/341 (0%)
[  1] 156.00-157.00 sec   498 KBytes  4.08 Mbits/sec   3.617 ms 0/347 (0%)
[  1] 157.00-158.00 sec   485 KBytes  3.97 Mbits/sec   3.827 ms 0/338 (0%)
[  1] 158.00-159.00 sec   512 KBytes  4.20 Mbits/sec   3.547 ms 0/357 (0%)
[  1] 159.00-160.00 sec   495 KBytes  4.06 Mbits/sec   3.853 ms 0/345 (0%)
[  1] 160.00-161.00 sec   501 KBytes  4.10 Mbits/sec   3.301 ms 0/349 (0%)
[  1] 161.00-162.00 sec   497 KBytes  4.07 Mbits/sec   2.979 ms 0/346 (0%)
[  1] 162.00-163.00 sec   488 KBytes  4.00 Mbits/sec   3.606 ms 0/340 (0%)
[  1] 163.00-164.00 sec   478 KBytes  3.92 Mbits/sec   3.797 ms 0/333 (0%)
[  1] 164.00-165.00 sec   487 KBytes  3.99 Mbits/sec   3.526 ms 0/339 (0%)
[  1] 164.00-165.00 sec  1 datagrams received out-of-order
[  1] 165.00-166.00 sec   474 KBytes  3.88 Mbits/sec   4.170 ms 0/330 (0%)
[  1] 166.00-167.00 sec   492 KBytes  4.03 Mbits/sec   3.451 ms 0/343 (0%)
[  1] 167.00-168.00 sec   474 KBytes  3.88 Mbits/sec   3.860 ms 0/330 (0%)
[  1] 168.00-169.00 sec   525 KBytes  4.30 Mbits/sec   4.072 ms 0/366 (0%)
[  1] 169.00-170.00 sec   468 KBytes  3.83 Mbits/sec   4.015 ms 0/326 (0%)
[  1] 170.00-171.00 sec   501 KBytes  4.10 Mbits/sec   3.667 ms 0/349 (0%)
[  1] 171.00-172.00 sec   497 KBytes  4.07 Mbits/sec   3.824 ms 0/346 (0%)
[  1] 172.00-173.00 sec   478 KBytes  3.92 Mbits/sec   3.603 ms 0/333 (0%)
[  1] 173.00-174.00 sec   477 KBytes  3.90 Mbits/sec   5.118 ms 0/332 (0%)
[  1] 174.00-175.00 sec   482 KBytes  3.95 Mbits/sec   4.750 ms 0/336 (0%)
[  1] 175.00-176.00 sec   492 KBytes  4.03 Mbits/sec   3.640 ms 0/343 (0%)
[  1] 176.00-177.00 sec   500 KBytes  4.09 Mbits/sec   3.794 ms 0/348 (0%)
[  1] 177.00-178.00 sec   478 KBytes  3.92 Mbits/sec   3.866 ms 0/333 (0%)
[  1] 178.00-179.00 sec   497 KBytes  4.07 Mbits/sec   4.294 ms 0/346 (0%)
[  1] 179.00-180.00 sec   478 KBytes  3.92 Mbits/sec   3.118 ms 0/333 (0%)
[  1] 180.00-181.00 sec   485 KBytes  3.97 Mbits/sec   3.719 ms 0/338 (0%)
[  1] 181.00-182.00 sec   475 KBytes  3.89 Mbits/sec   4.206 ms 0/331 (0%)
[  1] 182.00-183.00 sec   479 KBytes  3.93 Mbits/sec   4.157 ms 0/334 (0%)
[  1] 183.00-184.00 sec   475 KBytes  3.89 Mbits/sec   4.643 ms 0/331 (0%)
[  1] 184.00-185.00 sec   505 KBytes  4.14 Mbits/sec   3.296 ms 0/352 (0%)
[  1] 184.00-185.00 sec  4 datagrams received out-of-order
[  1] 185.00-186.00 sec   508 KBytes  4.16 Mbits/sec   3.493 ms 0/354 (0%)
[  1] 186.00-187.00 sec   481 KBytes  3.94 Mbits/sec   4.211 ms 0/335 (0%)
[  1] 187.00-188.00 sec   502 KBytes  4.12 Mbits/sec   3.965 ms 0/350 (0%)
[  1] 188.00-189.00 sec   497 KBytes  4.07 Mbits/sec   3.883 ms 0/346 (0%)
[  1] 189.00-190.00 sec   442 KBytes  3.62 Mbits/sec   6.310 ms 0/308 (0%)
[  1] 189.00-190.00 sec  2 datagrams received out-of-order
[  1] 190.00-191.00 sec   488 KBytes  4.00 Mbits/sec   5.108 ms 0/340 (0%)
[  1] 190.00-191.00 sec  1 datagrams received out-of-order
[  1] 191.00-192.00 sec   492 KBytes  4.03 Mbits/sec   4.589 ms 0/343 (0%)
[  1] 192.00-193.00 sec   492 KBytes  4.03 Mbits/sec   2.466 ms 0/343 (0%)
[  1] 192.00-193.00 sec  3 datagrams received out-of-order
[  1] 193.00-194.00 sec   505 KBytes  4.14 Mbits/sec   3.025 ms 0/352 (0%)
[  1] 194.00-195.00 sec   487 KBytes  3.99 Mbits/sec   4.572 ms 0/339 (0%)
[  1] 195.00-196.00 sec   457 KBytes  3.74 Mbits/sec   6.886 ms 0/318 (0%)
[  1] 196.00-197.00 sec   501 KBytes  4.10 Mbits/sec   6.208 ms 0/349 (0%)
[  1] 196.00-197.00 sec  3 datagrams received out-of-order
[  1] 197.00-198.00 sec   313 KBytes  2.56 Mbits/sec  12.176 ms 0/218 (0%)
[  1] 198.00-199.00 sec   184 KBytes  1.51 Mbits/sec  13.750 ms 0/128 (0%)
[  1] 198.00-199.00 sec  1 datagrams received out-of-order
[  1] 199.00-200.00 sec   156 KBytes  1.28 Mbits/sec   6.183 ms 0/109 (0%)
[  1] 200.00-201.00 sec  60.3 KBytes   494 Kbits/sec  19.684 ms 0/42 (0%)
[  1] 201.00-202.00 sec   121 KBytes   988 Kbits/sec  14.766 ms 0/84 (0%)
[  1] 202.00-203.00 sec  51.7 KBytes   423 Kbits/sec  28.034 ms 0/36 (0%)
[  1] 203.00-204.00 sec   234 KBytes  1.92 Mbits/sec   5.805 ms 0/163 (0%)
[  1] 204.00-205.00 sec   425 KBytes  3.48 Mbits/sec   5.347 ms 0/296 (0%)
[  1] 204.00-205.00 sec  1 datagrams received out-of-order
[  1] 205.00-206.00 sec   459 KBytes  3.76 Mbits/sec   7.222 ms 0/320 (0%)
[  1] 205.00-206.00 sec  5 datagrams received out-of-order
[  1] 206.00-207.00 sec   161 KBytes  1.32 Mbits/sec  20.132 ms 0/112 (0%)
[  1] 206.00-207.00 sec  1 datagrams received out-of-order
[  1] 207.00-208.00 sec   105 KBytes   858 Kbits/sec  22.577 ms 0/73 (0%)
[  1] 208.00-209.00 sec   105 KBytes   858 Kbits/sec  21.159 ms 1/74 (1.4%)
[  1] 209.00-210.00 sec   141 KBytes  1.15 Mbits/sec  14.384 ms 0/98 (0%)
[  1] 210.00-211.00 sec  57.4 KBytes   470 Kbits/sec  29.103 ms 0/40 (0%)
[  1] 211.00-212.00 sec   202 KBytes  1.66 Mbits/sec  11.662 ms 0/141 (0%)
[  1] 212.00-213.00 sec   144 KBytes  1.18 Mbits/sec  14.957 ms 0/100 (0%)
[  1] 213.00-214.00 sec   135 KBytes  1.11 Mbits/sec   9.359 ms 0/94 (0%)
[  1] 214.00-215.00 sec   126 KBytes  1.03 Mbits/sec   9.712 ms 0/88 (0%)
[  1] 215.00-216.00 sec  84.7 KBytes   694 Kbits/sec  25.667 ms 0/59 (0%)
[  1] 216.00-217.00 sec   169 KBytes  1.39 Mbits/sec   6.280 ms 0/118 (0%)
[  1] 217.00-218.00 sec   119 KBytes   976 Kbits/sec  17.939 ms 0/83 (0%)
[  1] 218.00-219.00 sec   165 KBytes  1.35 Mbits/sec  13.918 ms 0/115 (0%)
[  1] 219.00-220.00 sec   158 KBytes  1.29 Mbits/sec   6.194 ms 0/110 (0%)
[  1] 220.00-221.00 sec  56.0 KBytes   459 Kbits/sec  18.831 ms 1/40 (2.5%)
[  1] 221.00-222.00 sec   103 KBytes   847 Kbits/sec  28.897 ms 1/73 (1.4%)
[  1] 222.00-223.00 sec   154 KBytes  1.26 Mbits/sec  13.187 ms 0/107 (0%)
[  1] 223.00-224.00 sec   118 KBytes   964 Kbits/sec  14.390 ms 0/82 (0%)
[  1] 224.00-225.00 sec   135 KBytes  1.11 Mbits/sec  11.895 ms 1/95 (1.1%)
[  1] 225.00-226.00 sec  47.4 KBytes   388 Kbits/sec  29.413 ms 0/33 (0%)
[  1] 226.00-227.00 sec   177 KBytes  1.45 Mbits/sec   9.618 ms 1/124 (0.81%)
[  1] 227.00-228.00 sec   102 KBytes   835 Kbits/sec  18.749 ms 0/71 (0%)
[  1] 228.00-229.00 sec   126 KBytes  1.03 Mbits/sec  13.463 ms 0/88 (0%)
[  1] 229.00-230.00 sec   165 KBytes  1.35 Mbits/sec   7.230 ms 0/115 (0%)
[  1] 230.00-231.00 sec  81.8 KBytes   670 Kbits/sec  17.127 ms 0/57 (0%)
[  1] 231.00-232.00 sec   172 KBytes  1.41 Mbits/sec   7.120 ms 0/120 (0%)
[  1] 232.00-233.00 sec   167 KBytes  1.36 Mbits/sec   9.667 ms 0/116 (0%)
[  1] 233.00-234.00 sec   155 KBytes  1.27 Mbits/sec  17.068 ms 0/108 (0%)
[  1] 234.00-235.00 sec  91.9 KBytes   753 Kbits/sec  20.873 ms 0/64 (0%)
[  1] 235.00-236.00 sec   111 KBytes   906 Kbits/sec  17.279 ms 0/77 (0%)
[  1] 236.00-237.00 sec  25.8 KBytes   212 Kbits/sec  43.324 ms 0/18 (0%)
[  1] 237.00-238.00 sec  94.7 KBytes   776 Kbits/sec  31.841 ms 0/66 (0%)
[  1] 238.00-239.00 sec  35.9 KBytes   294 Kbits/sec  31.551 ms 0/25 (0%)
[  1] 239.00-240.00 sec  8.61 KBytes  70.6 Kbits/sec  29.988 ms 0/6 (0%)
[  1] 240.00-241.00 sec  25.8 KBytes   212 Kbits/sec  52.945 ms 2/20 (10%)
[  1] 241.00-242.00 sec  2.87 KBytes  23.5 Kbits/sec  114.849 ms 1/3 (33%)
[  1] 242.00-243.00 sec  28.7 KBytes   235 Kbits/sec  53.440 ms 0/20 (0%)
[  1] 243.00-244.00 sec  57.4 KBytes   470 Kbits/sec  48.118 ms 1/41 (2.4%)
[  1] 244.00-245.00 sec  94.7 KBytes   776 Kbits/sec  15.406 ms 0/66 (0%)
[  1] 245.00-246.00 sec   154 KBytes  1.26 Mbits/sec   6.252 ms 0/107 (0%)
[  1] 246.00-247.00 sec   221 KBytes  1.81 Mbits/sec   6.221 ms 0/154 (0%)
[  1] 247.00-248.00 sec   225 KBytes  1.85 Mbits/sec   8.031 ms 0/157 (0%)
[  1] 248.00-249.00 sec   251 KBytes  2.06 Mbits/sec   7.293 ms 0/175 (0%)
[  1] 249.00-250.00 sec   442 KBytes  3.62 Mbits/sec   3.835 ms 0/308 (0%)
[  1] 250.00-251.00 sec   492 KBytes  4.03 Mbits/sec   5.137 ms 0/343 (0%)
[  1] 251.00-252.00 sec   501 KBytes  4.10 Mbits/sec   4.230 ms 0/349 (0%)
[  1] 252.00-253.00 sec   477 KBytes  3.90 Mbits/sec   3.250 ms 0/332 (0%)
[  1] 253.00-254.00 sec   475 KBytes  3.89 Mbits/sec   5.319 ms 0/331 (0%)
[  1] 254.00-255.00 sec   491 KBytes  4.02 Mbits/sec   4.238 ms 0/342 (0%)
[  1] 255.00-256.00 sec   477 KBytes  3.90 Mbits/sec   4.480 ms 0/332 (0%)
[  1] 256.00-257.00 sec   508 KBytes  4.16 Mbits/sec   3.871 ms 0/354 (0%)
[  1] 257.00-258.00 sec   479 KBytes  3.93 Mbits/sec   3.598 ms 0/334 (0%)
[  1] 258.00-259.00 sec   491 KBytes  4.02 Mbits/sec   3.861 ms 0/342 (0%)
[  1] 259.00-260.00 sec   491 KBytes  4.02 Mbits/sec   3.797 ms 0/342 (0%)
[  1] 260.00-261.00 sec   492 KBytes  4.03 Mbits/sec   3.952 ms 0/343 (0%)
[  1] 261.00-262.00 sec   479 KBytes  3.93 Mbits/sec   2.864 ms 0/334 (0%)
[  1] 262.00-263.00 sec   498 KBytes  4.08 Mbits/sec   3.705 ms 0/347 (0%)
[  1] 263.00-264.00 sec   487 KBytes  3.99 Mbits/sec   3.923 ms 0/339 (0%)
[  1] 264.00-265.00 sec   508 KBytes  4.16 Mbits/sec   3.418 ms 0/354 (0%)
[  1] 265.00-266.00 sec   500 KBytes  4.09 Mbits/sec   3.208 ms 0/348 (0%)
[  1] 266.00-267.00 sec   482 KBytes  3.95 Mbits/sec   4.065 ms 0/336 (0%)
[  1] 267.00-268.00 sec   497 KBytes  4.07 Mbits/sec   3.636 ms 0/346 (0%)
[  1] 268.00-269.00 sec   478 KBytes  3.92 Mbits/sec   4.970 ms 0/333 (0%)
[  1] 269.00-270.00 sec   490 KBytes  4.01 Mbits/sec   3.996 ms 0/341 (0%)
[  1] 270.00-271.00 sec   484 KBytes  3.96 Mbits/sec   4.007 ms 0/337 (0%)
[  1] 271.00-272.00 sec   481 KBytes  3.94 Mbits/sec   5.120 ms 0/335 (0%)
[  1] 272.00-273.00 sec   482 KBytes  3.95 Mbits/sec   3.746 ms 0/336 (0%)
[  1] 273.00-274.00 sec   487 KBytes  3.99 Mbits/sec   3.039 ms 0/339 (0%)
[  1] 274.00-275.00 sec   484 KBytes  3.96 Mbits/sec   2.912 ms 0/337 (0%)
[  1] 275.00-276.00 sec   498 KBytes  4.08 Mbits/sec   3.451 ms 0/347 (0%)
[  1] 276.00-277.00 sec   485 KBytes  3.97 Mbits/sec   4.916 ms 0/338 (0%)
[  1] 277.00-278.00 sec   501 KBytes  4.10 Mbits/sec   3.413 ms 0/349 (0%)
[  1] 278.00-279.00 sec   495 KBytes  4.06 Mbits/sec   3.693 ms 0/345 (0%)
[  1] 279.00-280.00 sec   504 KBytes  4.13 Mbits/sec   3.298 ms 0/351 (0%)
[  1] 280.00-281.00 sec   492 KBytes  4.03 Mbits/sec   4.160 ms 0/343 (0%)
[  1] 281.00-282.00 sec   471 KBytes  3.86 Mbits/sec   3.508 ms 0/328 (0%)
[  1] 282.00-283.00 sec   504 KBytes  4.13 Mbits/sec   3.839 ms 0/351 (0%)
[  1] 283.00-284.00 sec   482 KBytes  3.95 Mbits/sec   3.795 ms 0/336 (0%)
[  1] 284.00-285.00 sec   478 KBytes  3.92 Mbits/sec   3.711 ms 0/333 (0%)
[  1] 285.00-286.00 sec   505 KBytes  4.14 Mbits/sec   3.187 ms 0/352 (0%)
[  1] 286.00-287.00 sec   475 KBytes  3.89 Mbits/sec   4.017 ms 0/331 (0%)
[  1] 287.00-288.00 sec   500 KBytes  4.09 Mbits/sec   3.964 ms 0/348 (0%)
[  1] 288.00-289.00 sec   501 KBytes  4.10 Mbits/sec   3.941 ms 0/349 (0%)
[  1] 289.00-290.00 sec   487 KBytes  3.99 Mbits/sec   3.512 ms 0/339 (0%)
[  1] 290.00-291.00 sec   492 KBytes  4.03 Mbits/sec   3.879 ms 0/343 (0%)
[  1] 291.00-292.00 sec   501 KBytes  4.10 Mbits/sec   2.754 ms 0/349 (0%)
[  1] 292.00-293.00 sec   492 KBytes  4.03 Mbits/sec   3.461 ms 0/343 (0%)
[  1] 293.00-294.00 sec   472 KBytes  3.87 Mbits/sec   4.160 ms 0/329 (0%)
[  1] 294.00-295.00 sec   504 KBytes  4.13 Mbits/sec   4.160 ms 0/351 (0%)
[  1] 295.00-296.00 sec   479 KBytes  3.93 Mbits/sec   3.186 ms 0/334 (0%)
[  1] 296.00-297.00 sec   479 KBytes  3.93 Mbits/sec   3.359 ms 0/334 (0%)
[  1] 297.00-298.00 sec   478 KBytes  3.92 Mbits/sec   4.808 ms 0/333 (0%)
[  1] 298.00-299.00 sec   488 KBytes  4.00 Mbits/sec   4.080 ms 0/340 (0%)
[  1] 299.00-300.00 sec   477 KBytes  3.90 Mbits/sec   4.772 ms 0/332 (0%)
[  1] 0.00-300.03 sec   125 MBytes  3.49 Mbits/sec   4.114 ms 9/89057 (0.01%)
[  1] 0.00-300.03 sec  40 datagrams received out-of-order
