------------------------------------------------------------
Server listening on UDP port 5004
UDP buffer size: 64.0 KByte (default)
------------------------------------------------------------
[  1] local 192.168.1.29 port 5004 connected with 192.168.1.60 port 19111
[ ID] Interval       Transfer     Bandwidth        Jitter   Lost/Total Datagrams
[  1] 0.00-1.00 sec   267 KBytes  2.19 Mbits/sec  72.600 ms 0/186 (0%)
[  1] 1.00-2.00 sec   343 KBytes  2.81 Mbits/sec   5.693 ms 0/239 (0%)
[  1] 2.00-3.00 sec   304 KBytes  2.49 Mbits/sec   6.528 ms 0/212 (0%)
[  1] 3.00-4.00 sec   372 KBytes  3.05 Mbits/sec   5.032 ms 0/259 (0%)
[  1] 4.00-5.00 sec   329 KBytes  2.69 Mbits/sec   5.511 ms 0/229 (0%)
[  1] 5.00-6.00 sec   366 KBytes  3.00 Mbits/sec   4.451 ms 0/255 (0%)
[  1] 6.00-7.00 sec   322 KBytes  2.63 Mbits/sec   7.102 ms 0/224 (0%)
[  1] 7.00-8.00 sec   310 KBytes  2.54 Mbits/sec   6.045 ms 0/216 (0%)
[  1] 8.00-9.00 sec   312 KBytes  2.55 Mbits/sec   5.516 ms 0/217 (0%)
[  1] 9.00-10.00 sec   343 KBytes  2.81 Mbits/sec   5.743 ms 0/239 (0%)
[  1] 10.00-11.00 sec   333 KBytes  2.73 Mbits/sec   4.759 ms 0/232 (0%)
[  1] 11.00-12.00 sec   273 KBytes  2.23 Mbits/sec   5.684 ms 1/191 (0.52%)
[  1] 12.00-13.00 sec   291 KBytes  2.39 Mbits/sec   6.399 ms 0/203 (0%)
[  1] 13.00-14.00 sec   322 KBytes  2.63 Mbits/sec   4.982 ms 0/224 (0%)
[  1] 14.00-15.00 sec   299 KBytes  2.45 Mbits/sec   5.211 ms 0/208 (0%)
[  1] 15.00-16.00 sec   306 KBytes  2.50 Mbits/sec   5.170 ms 8/221 (3.6%)
[  1] 16.00-17.00 sec   327 KBytes  2.68 Mbits/sec   5.244 ms 0/228 (0%)
[  1] 17.00-18.00 sec   299 KBytes  2.45 Mbits/sec   5.916 ms 0/208 (0%)
[  1] 18.00-19.00 sec   319 KBytes  2.61 Mbits/sec   5.288 ms 0/222 (0%)
[  1] 19.00-20.00 sec   289 KBytes  2.36 Mbits/sec   4.544 ms 5/206 (2.4%)
[  1] 20.00-21.00 sec   287 KBytes  2.35 Mbits/sec   5.770 ms 0/200 (0%)
[  1] 21.00-22.00 sec   306 KBytes  2.50 Mbits/sec   7.244 ms 0/213 (0%)
[  1] 22.00-23.00 sec   334 KBytes  2.74 Mbits/sec   5.806 ms 0/233 (0%)
[  1] 23.00-24.00 sec   300 KBytes  2.46 Mbits/sec   7.781 ms 3/212 (1.4%)
[  1] 24.00-25.00 sec   342 KBytes  2.80 Mbits/sec   6.043 ms 0/238 (0%)
[  1] 25.00-26.00 sec   299 KBytes  2.45 Mbits/sec   5.480 ms 0/208 (0%)
[  1] 26.00-27.00 sec   294 KBytes  2.41 Mbits/sec   5.193 ms 0/205 (0%)
[  1] 27.00-28.00 sec   271 KBytes  2.22 Mbits/sec   6.397 ms 0/189 (0%)
[  1] 28.00-29.00 sec   334 KBytes  2.74 Mbits/sec   5.456 ms 0/233 (0%)
[  1] 29.00-30.00 sec   349 KBytes  2.86 Mbits/sec   4.492 ms 0/243 (0%)
[  1] 30.00-31.00 sec   375 KBytes  3.07 Mbits/sec   4.884 ms 0/261 (0%)
[  1] 31.00-32.00 sec   309 KBytes  2.53 Mbits/sec   6.889 ms 0/215 (0%)
[  1] 32.00-33.00 sec   301 KBytes  2.47 Mbits/sec   8.048 ms 0/210 (0%)
[  1] 33.00-34.00 sec   330 KBytes  2.70 Mbits/sec   5.981 ms 3/233 (1.3%)
[  1] 34.00-35.00 sec   356 KBytes  2.92 Mbits/sec   6.542 ms 0/248 (0%)
[  1] 35.00-36.00 sec   343 KBytes  2.81 Mbits/sec   5.581 ms 0/239 (0%)
[  1] 36.00-37.00 sec   284 KBytes  2.33 Mbits/sec   5.452 ms 0/198 (0%)
[  1] 37.00-38.00 sec   350 KBytes  2.87 Mbits/sec   4.730 ms 0/244 (0%)
[  1] 38.00-39.00 sec   332 KBytes  2.72 Mbits/sec   6.536 ms 0/231 (0%)
[  1] 39.00-40.00 sec   330 KBytes  2.70 Mbits/sec   6.105 ms 0/230 (0%)
[  1] 40.00-41.00 sec   227 KBytes  1.86 Mbits/sec   5.584 ms 9/167 (5.4%)
[  1] 41.00-42.00 sec   434 KBytes  3.55 Mbits/sec   5.779 ms 1/303 (0.33%)
[  1] 42.00-43.00 sec   267 KBytes  2.19 Mbits/sec   6.538 ms 0/186 (0%)
[  1] 43.00-44.00 sec   309 KBytes  2.53 Mbits/sec   5.041 ms 0/215 (0%)
[  1] 44.00-45.00 sec   326 KBytes  2.67 Mbits/sec   5.054 ms 0/227 (0%)
[  1] 45.00-46.00 sec   310 KBytes  2.54 Mbits/sec   4.938 ms 0/216 (0%)
[  1] 46.00-47.00 sec   284 KBytes  2.33 Mbits/sec   6.065 ms 0/198 (0%)
[  1] 47.00-48.00 sec   293 KBytes  2.40 Mbits/sec   8.185 ms 0/204 (0%)
[  1] 48.00-49.00 sec   324 KBytes  2.66 Mbits/sec   5.804 ms 0/226 (0%)
[  1] 49.00-50.00 sec   316 KBytes  2.59 Mbits/sec   5.211 ms 0/220 (0%)
[  1] 50.00-51.00 sec   300 KBytes  2.46 Mbits/sec   5.371 ms 0/209 (0%)
[  1] 51.00-52.00 sec   316 KBytes  2.59 Mbits/sec   7.435 ms 0/220 (0%)
[  1] 52.00-53.00 sec   300 KBytes  2.46 Mbits/sec   5.314 ms 0/209 (0%)
[  1] 53.00-54.00 sec   317 KBytes  2.60 Mbits/sec   6.806 ms 0/221 (0%)
[  1] 54.00-55.00 sec   317 KBytes  2.60 Mbits/sec   5.857 ms 0/221 (0%)
[  1] 55.00-56.00 sec   276 KBytes  2.26 Mbits/sec   8.167 ms 0/192 (0%)
[  1] 56.00-57.00 sec   253 KBytes  2.07 Mbits/sec   7.796 ms 0/176 (0%)
[  1] 57.00-58.00 sec   258 KBytes  2.12 Mbits/sec   9.901 ms 0/180 (0%)
[  1] 58.00-59.00 sec   329 KBytes  2.69 Mbits/sec   5.400 ms 0/229 (0%)
[  1] 59.00-60.00 sec   372 KBytes  3.05 Mbits/sec   5.238 ms 0/259 (0%)
[  1] 60.00-61.00 sec   356 KBytes  2.92 Mbits/sec   6.003 ms 0/248 (0%)
[  1] 61.00-62.00 sec   312 KBytes  2.55 Mbits/sec   8.490 ms 0/217 (0%)
[  1] 62.00-63.00 sec   327 KBytes  2.68 Mbits/sec   6.137 ms 0/228 (0%)
[  1] 63.00-64.00 sec   322 KBytes  2.63 Mbits/sec   7.520 ms 0/224 (0%)
[  1] 64.00-65.00 sec   310 KBytes  2.54 Mbits/sec   6.331 ms 2/218 (0.92%)
[  1] 65.00-66.00 sec   375 KBytes  3.07 Mbits/sec   5.796 ms 0/261 (0%)
[  1] 66.00-67.00 sec   290 KBytes  2.38 Mbits/sec   5.091 ms 0/202 (0%)
[  1] 67.00-68.00 sec   264 KBytes  2.16 Mbits/sec   6.724 ms 0/184 (0%)
[  1] 68.00-69.00 sec   274 KBytes  2.25 Mbits/sec   7.189 ms 0/191 (0%)
[  1] 69.00-70.00 sec   406 KBytes  3.33 Mbits/sec   6.361 ms 0/283 (0%)
[  1] 70.00-71.00 sec   320 KBytes  2.62 Mbits/sec   5.860 ms 0/223 (0%)
[  1] 71.00-72.00 sec   306 KBytes  2.50 Mbits/sec   5.962 ms 0/213 (0%)
[  1] 72.00-73.00 sec   284 KBytes  2.33 Mbits/sec   5.605 ms 0/198 (0%)
[  1] 73.00-74.00 sec   274 KBytes  2.25 Mbits/sec   6.536 ms 0/191 (0%)
[  1] 74.00-75.00 sec   324 KBytes  2.66 Mbits/sec   5.947 ms 0/226 (0%)
[  1] 75.00-76.00 sec   332 KBytes  2.72 Mbits/sec   4.812 ms 0/231 (0%)
[  1] 76.00-77.00 sec   353 KBytes  2.89 Mbits/sec   4.416 ms 0/246 (0%)
[  1] 77.00-78.00 sec   352 KBytes  2.88 Mbits/sec   5.103 ms 0/245 (0%)
[  1] 78.00-79.00 sec   362 KBytes  2.96 Mbits/sec   5.848 ms 0/252 (0%)
[  1] 79.00-80.00 sec   334 KBytes  2.74 Mbits/sec   4.626 ms 0/233 (0%)
[  1] 80.00-81.00 sec   297 KBytes  2.43 Mbits/sec   6.176 ms 0/207 (0%)
[  1] 81.00-82.00 sec   347 KBytes  2.85 Mbits/sec   5.838 ms 0/242 (0%)
[  1] 82.00-83.00 sec   316 KBytes  2.59 Mbits/sec   6.932 ms 0/220 (0%)
[  1] 83.00-84.00 sec   310 KBytes  2.54 Mbits/sec   7.577 ms 0/216 (0%)
[  1] 84.00-85.00 sec   347 KBytes  2.85 Mbits/sec   6.247 ms 0/242 (0%)
[  1] 85.00-86.00 sec   319 KBytes  2.61 Mbits/sec   6.689 ms 0/222 (0%)
[  1] 86.00-87.00 sec   323 KBytes  2.65 Mbits/sec   6.691 ms 0/225 (0%)
[  1] 87.00-88.00 sec   257 KBytes  2.11 Mbits/sec   7.074 ms 0/179 (0%)
[  1] 88.00-89.00 sec   324 KBytes  2.66 Mbits/sec   5.960 ms 0/226 (0%)
[  1] 89.00-90.00 sec   313 KBytes  2.56 Mbits/sec   4.368 ms 0/218 (0%)
[  1] 90.00-91.00 sec   293 KBytes  2.40 Mbits/sec   4.855 ms 0/204 (0%)
[  1] 91.00-92.00 sec   343 KBytes  2.81 Mbits/sec   5.887 ms 0/239 (0%)
[  1] 92.00-93.00 sec   362 KBytes  2.96 Mbits/sec   5.543 ms 0/252 (0%)
[  1] 93.00-94.00 sec   304 KBytes  2.49 Mbits/sec   7.465 ms 0/212 (0%)
[  1] 94.00-95.00 sec   343 KBytes  2.81 Mbits/sec   5.007 ms 0/239 (0%)
[  1] 95.00-96.00 sec   296 KBytes  2.42 Mbits/sec   9.269 ms 0/206 (0%)
[  1] 96.00-97.00 sec   289 KBytes  2.36 Mbits/sec   9.420 ms 2/203 (0.99%)
[  1] 97.00-98.00 sec   355 KBytes  2.90 Mbits/sec   7.503 ms 0/247 (0%)
[  1] 98.00-99.00 sec   353 KBytes  2.89 Mbits/sec   5.097 ms 0/246 (0%)
[  1] 99.00-100.00 sec   353 KBytes  2.89 Mbits/sec   6.260 ms 0/246 (0%)
[  1] 100.00-101.00 sec   340 KBytes  2.79 Mbits/sec   4.454 ms 0/237 (0%)
[  1] 101.00-102.00 sec   290 KBytes  2.38 Mbits/sec  10.474 ms 0/202 (0%)
[  1] 102.00-103.00 sec   304 KBytes  2.49 Mbits/sec   6.576 ms 0/212 (0%)
[  1] 103.00-104.00 sec   349 KBytes  2.86 Mbits/sec   7.307 ms 0/243 (0%)
[  1] 104.00-105.00 sec   301 KBytes  2.47 Mbits/sec   7.171 ms 0/210 (0%)
[  1] 105.00-106.00 sec   323 KBytes  2.65 Mbits/sec   5.019 ms 0/225 (0%)
[  1] 106.00-107.00 sec   327 KBytes  2.68 Mbits/sec   7.692 ms 0/228 (0%)
[  1] 107.00-108.00 sec   283 KBytes  2.32 Mbits/sec   7.778 ms 0/197 (0%)
[  1] 108.00-109.00 sec   355 KBytes  2.90 Mbits/sec   5.162 ms 0/247 (0%)
[  1] 109.00-110.00 sec   346 KBytes  2.83 Mbits/sec   6.078 ms 0/241 (0%)
[  1] 110.00-111.00 sec   322 KBytes  2.63 Mbits/sec   7.678 ms 0/224 (0%)
[  1] 111.00-112.00 sec   345 KBytes  2.82 Mbits/sec   5.526 ms 0/240 (0%)
[  1] 112.00-113.00 sec   309 KBytes  2.53 Mbits/sec   5.266 ms 0/215 (0%)
[  1] 113.00-114.00 sec   345 KBytes  2.82 Mbits/sec   4.648 ms 0/240 (0%)
[  1] 114.00-115.00 sec   312 KBytes  2.55 Mbits/sec   5.307 ms 0/217 (0%)
[  1] 115.00-116.00 sec   317 KBytes  2.60 Mbits/sec   6.659 ms 0/221 (0%)
[  1] 116.00-117.00 sec   312 KBytes  2.55 Mbits/sec   4.986 ms 0/217 (0%)
[  1] 117.00-118.00 sec   316 KBytes  2.59 Mbits/sec   3.990 ms 0/220 (0%)
[  1] 118.00-119.00 sec   326 KBytes  2.67 Mbits/sec   5.533 ms 0/227 (0%)
[  1] 119.00-120.00 sec   330 KBytes  2.70 Mbits/sec   4.768 ms 0/230 (0%)
[  1] 120.00-121.00 sec   323 KBytes  2.65 Mbits/sec   5.770 ms 0/225 (0%)
[  1] 121.00-122.00 sec   290 KBytes  2.38 Mbits/sec   6.662 ms 0/202 (0%)
[  1] 122.00-123.00 sec   319 KBytes  2.61 Mbits/sec   5.145 ms 0/222 (0%)
[  1] 123.00-124.00 sec   334 KBytes  2.74 Mbits/sec   5.722 ms 0/233 (0%)
[  1] 124.00-125.00 sec   337 KBytes  2.76 Mbits/sec   5.139 ms 0/235 (0%)
[  1] 125.00-126.00 sec   343 KBytes  2.81 Mbits/sec   6.474 ms 0/239 (0%)
[  1] 126.00-127.00 sec   340 KBytes  2.79 Mbits/sec   5.590 ms 0/237 (0%)
[  1] 127.00-128.00 sec   319 KBytes  2.61 Mbits/sec   6.613 ms 0/222 (0%)
[  1] 128.00-129.00 sec   293 KBytes  2.40 Mbits/sec   8.329 ms 0/204 (0%)
[  1] 129.00-130.00 sec   320 KBytes  2.62 Mbits/sec   5.165 ms 0/223 (0%)
[  1] 130.00-131.00 sec   312 KBytes  2.55 Mbits/sec   6.461 ms 0/217 (0%)
[  1] 131.00-132.00 sec   340 KBytes  2.79 Mbits/sec   4.261 ms 0/237 (0%)
[  1] 132.00-133.00 sec   320 KBytes  2.62 Mbits/sec   5.176 ms 0/223 (0%)
[  1] 133.00-134.00 sec   323 KBytes  2.65 Mbits/sec   5.150 ms 0/225 (0%)
[  1] 134.00-135.00 sec   347 KBytes  2.85 Mbits/sec   4.159 ms 0/242 (0%)
[  1] 135.00-136.00 sec   301 KBytes  2.47 Mbits/sec   6.529 ms 0/210 (0%)
[  1] 136.00-137.00 sec   355 KBytes  2.90 Mbits/sec   5.706 ms 0/247 (0%)
[  1] 137.00-138.00 sec   385 KBytes  3.15 Mbits/sec   5.592 ms 0/268 (0%)
[  1] 138.00-139.00 sec   320 KBytes  2.62 Mbits/sec   7.006 ms 0/223 (0%)
[  1] 139.00-140.00 sec   326 KBytes  2.67 Mbits/sec   4.858 ms 0/227 (0%)
[  1] 140.00-141.00 sec   254 KBytes  2.08 Mbits/sec   4.851 ms 0/177 (0%)
[  1] 141.00-142.00 sec   379 KBytes  3.10 Mbits/sec   5.576 ms 0/264 (0%)
[  1] 142.00-143.00 sec   337 KBytes  2.76 Mbits/sec   5.376 ms 0/235 (0%)
[  1] 143.00-144.00 sec   289 KBytes  2.36 Mbits/sec   6.520 ms 0/201 (0%)
[  1] 144.00-145.00 sec   332 KBytes  2.72 Mbits/sec   6.993 ms 0/231 (0%)
[  1] 145.00-146.00 sec   340 KBytes  2.79 Mbits/sec   4.530 ms 0/237 (0%)
[  1] 146.00-147.00 sec   350 KBytes  2.87 Mbits/sec   5.101 ms 0/244 (0%)
[  1] 147.00-148.00 sec   309 KBytes  2.53 Mbits/sec   5.050 ms 0/215 (0%)
[  1] 148.00-149.00 sec   352 KBytes  2.88 Mbits/sec   5.923 ms 0/245 (0%)
[  1] 149.00-150.00 sec   307 KBytes  2.52 Mbits/sec   5.603 ms 0/214 (0%)
[  1] 150.00-151.00 sec   333 KBytes  2.73 Mbits/sec   5.826 ms 0/232 (0%)
[  1] 151.00-152.00 sec   301 KBytes  2.47 Mbits/sec   5.847 ms 0/210 (0%)
[  1] 152.00-153.00 sec   337 KBytes  2.76 Mbits/sec   6.058 ms 0/235 (0%)
[  1] 153.00-154.00 sec   337 KBytes  2.76 Mbits/sec   7.193 ms 0/235 (0%)
[  1] 154.00-155.00 sec   310 KBytes  2.54 Mbits/sec   6.863 ms 0/216 (0%)
[  1] 155.00-156.00 sec   316 KBytes  2.59 Mbits/sec   7.224 ms 0/220 (0%)
[  1] 156.00-157.00 sec   389 KBytes  3.19 Mbits/sec   4.521 ms 0/271 (0%)
[  1] 157.00-158.00 sec   303 KBytes  2.48 Mbits/sec   6.489 ms 0/211 (0%)
[  1] 158.00-159.00 sec   320 KBytes  2.62 Mbits/sec   6.612 ms 0/223 (0%)
[  1] 159.00-160.00 sec   304 KBytes  2.49 Mbits/sec   5.035 ms 0/212 (0%)
[  1] 160.00-161.00 sec   339 KBytes  2.78 Mbits/sec   5.612 ms 0/236 (0%)
[  1] 161.00-162.00 sec   327 KBytes  2.68 Mbits/sec   7.194 ms 0/228 (0%)
[  1] 162.00-163.00 sec   343 KBytes  2.81 Mbits/sec   4.486 ms 0/239 (0%)
[  1] 163.00-164.00 sec   340 KBytes  2.79 Mbits/sec   5.512 ms 7/244 (2.9%)
[  1] 164.00-165.00 sec   284 KBytes  2.33 Mbits/sec   5.296 ms 11/209 (5.3%)
[  1] 165.00-166.00 sec   297 KBytes  2.43 Mbits/sec   7.772 ms 0/207 (0%)
[  1] 166.00-167.00 sec   182 KBytes  1.49 Mbits/sec  11.466 ms 2/129 (1.6%)
[  1] 167.00-168.00 sec   468 KBytes  3.83 Mbits/sec   7.924 ms 0/326 (0%)
[  1] 168.00-169.00 sec   287 KBytes  2.35 Mbits/sec   6.659 ms 0/200 (0%)
[  1] 169.00-170.00 sec   297 KBytes  2.43 Mbits/sec   7.540 ms 0/207 (0%)
[  1] 170.00-171.00 sec   312 KBytes  2.55 Mbits/sec   5.104 ms 0/217 (0%)
[  1] 171.00-172.00 sec   357 KBytes  2.93 Mbits/sec   4.953 ms 0/249 (0%)
[  1] 172.00-173.00 sec   329 KBytes  2.69 Mbits/sec   5.666 ms 0/229 (0%)
[  1] 173.00-174.00 sec   191 KBytes  1.56 Mbits/sec   9.358 ms 2/135 (1.5%)
[  1] 174.00-175.00 sec   488 KBytes  4.00 Mbits/sec   4.639 ms 0/340 (0%)
[  1] 175.00-176.00 sec   350 KBytes  2.87 Mbits/sec   4.672 ms 0/244 (0%)
[  1] 176.00-177.00 sec   250 KBytes  2.05 Mbits/sec   6.032 ms 3/177 (1.7%)
[  1] 0.00-177.28 sec  55.4 MBytes  2.62 Mbits/sec   6.032 ms 59/39583 (0.15%)
[  2] local 192.168.1.29 port 5004 connected with 192.168.1.60 port 19111
[ ID] Interval       Transfer     Bandwidth        Jitter   Lost/Total Datagrams
[  2] 0.00-1.00 sec   136 KBytes  1.12 Mbits/sec  23498.905 ms 39636/39731 (1e+02%)
[  2] 1.00-2.00 sec   596 KBytes  4.88 Mbits/sec   4.202 ms 12/427 (2.8%)
[  2] 2.00-3.00 sec   349 KBytes  2.86 Mbits/sec   5.651 ms 0/243 (0%)
[  2] 3.00-4.00 sec   289 KBytes  2.36 Mbits/sec   6.716 ms 0/201 (0%)
[  2] 4.00-5.00 sec   337 KBytes  2.76 Mbits/sec   5.494 ms 0/235 (0%)
[  2] 5.00-6.00 sec   333 KBytes  2.73 Mbits/sec   5.702 ms 0/232 (0%)
[  2] 6.00-7.00 sec   345 KBytes  2.82 Mbits/sec   5.466 ms 0/240 (0%)
[  2] 7.00-8.00 sec   359 KBytes  2.94 Mbits/sec   4.445 ms 0/250 (0%)
[  2] 8.00-9.00 sec   320 KBytes  2.62 Mbits/sec   4.526 ms 0/223 (0%)
[  2] 9.00-10.00 sec   366 KBytes  3.00 Mbits/sec   5.613 ms 0/255 (0%)
[  2] 10.00-11.00 sec   286 KBytes  2.34 Mbits/sec   4.887 ms 0/199 (0%)
[  2] 11.00-12.00 sec   319 KBytes  2.61 Mbits/sec   6.999 ms 0/222 (0%)
[  2] 12.00-13.00 sec   319 KBytes  2.61 Mbits/sec   6.084 ms 0/222 (0%)
[  2] 13.00-14.00 sec   296 KBytes  2.42 Mbits/sec   7.409 ms 0/206 (0%)
[  2] 14.00-15.00 sec   313 KBytes  2.56 Mbits/sec   8.053 ms 0/218 (0%)
[  2] 15.00-16.00 sec   314 KBytes  2.58 Mbits/sec   4.903 ms 0/219 (0%)
[  2] 16.00-17.00 sec   366 KBytes  3.00 Mbits/sec   5.294 ms 0/255 (0%)
[  2] 17.00-18.00 sec   290 KBytes  2.38 Mbits/sec   4.967 ms 0/202 (0%)
[  2] 18.00-19.00 sec   301 KBytes  2.47 Mbits/sec   5.258 ms 0/210 (0%)
[  2] 19.00-20.00 sec   310 KBytes  2.54 Mbits/sec   5.573 ms 0/216 (0%)
[  2] 20.00-21.00 sec   287 KBytes  2.35 Mbits/sec   7.309 ms 0/200 (0%)
[  2] 21.00-22.00 sec   330 KBytes  2.70 Mbits/sec   6.683 ms 0/230 (0%)
[  2] 22.00-23.00 sec   339 KBytes  2.78 Mbits/sec   5.631 ms 0/236 (0%)
[  2] 23.00-24.00 sec   324 KBytes  2.66 Mbits/sec   5.376 ms 6/232 (2.6%)
[  2] 24.00-25.00 sec   283 KBytes  2.32 Mbits/sec   7.116 ms 0/197 (0%)
[  2] 25.00-26.00 sec   334 KBytes  2.74 Mbits/sec   6.004 ms 0/233 (0%)
[  2] 26.00-27.00 sec   314 KBytes  2.58 Mbits/sec   7.282 ms 0/219 (0%)
[  2] 27.00-28.00 sec   310 KBytes  2.54 Mbits/sec   5.334 ms 0/216 (0%)
[  2] 28.00-29.00 sec   333 KBytes  2.73 Mbits/sec   5.013 ms 0/232 (0%)
[  2] 29.00-30.00 sec   293 KBytes  2.40 Mbits/sec   4.728 ms 0/204 (0%)
[  2] 30.00-31.00 sec   312 KBytes  2.55 Mbits/sec   3.911 ms 0/217 (0%)
[  2] 31.00-32.00 sec   350 KBytes  2.87 Mbits/sec   3.649 ms 3/247 (1.2%)
[  2] 32.00-33.00 sec   319 KBytes  2.61 Mbits/sec   8.246 ms 0/222 (0%)
[  2] 33.00-34.00 sec   340 KBytes  2.79 Mbits/sec   5.348 ms 0/237 (0%)
[  2] 34.00-35.00 sec   291 KBytes  2.39 Mbits/sec   6.025 ms 14/217 (6.5%)
[  2] 35.00-36.00 sec   267 KBytes  2.19 Mbits/sec   8.377 ms 0/186 (0%)
[  2] 36.00-37.00 sec   329 KBytes  2.69 Mbits/sec   5.638 ms 0/229 (0%)
[  2] 37.00-38.00 sec   323 KBytes  2.65 Mbits/sec   7.867 ms 0/225 (0%)
[  2] 38.00-39.00 sec   323 KBytes  2.65 Mbits/sec   5.067 ms 0/225 (0%)
[  2] 39.00-40.00 sec   355 KBytes  2.90 Mbits/sec   6.114 ms 1/248 (0.4%)
[  2] 40.00-41.00 sec   144 KBytes  1.18 Mbits/sec   6.725 ms 5/105 (4.8%)
[  2] 41.00-42.00 sec   558 KBytes  4.57 Mbits/sec   4.225 ms 0/389 (0%)
[  2] 42.00-43.00 sec   336 KBytes  2.75 Mbits/sec   4.716 ms 0/234 (0%)
[  2] 43.00-44.00 sec   376 KBytes  3.08 Mbits/sec   4.540 ms 0/262 (0%)
[  2] 44.00-45.00 sec   339 KBytes  2.78 Mbits/sec   6.009 ms 0/236 (0%)
[  2] 45.00-46.00 sec   327 KBytes  2.68 Mbits/sec   6.182 ms 0/228 (0%)
[  2] 46.00-47.00 sec   353 KBytes  2.89 Mbits/sec   7.782 ms 0/246 (0%)
[  2] 47.00-48.00 sec   324 KBytes  2.66 Mbits/sec   7.945 ms 0/226 (0%)
[  2] 48.00-49.00 sec   309 KBytes  2.53 Mbits/sec   6.543 ms 0/215 (0%)
[  2] 49.00-50.00 sec   326 KBytes  2.67 Mbits/sec   5.568 ms 0/227 (0%)
[  2] 50.00-51.00 sec   352 KBytes  2.88 Mbits/sec   5.438 ms 0/245 (0%)
[  2] 51.00-52.00 sec   320 KBytes  2.62 Mbits/sec   7.005 ms 0/223 (0%)
[  2] 52.00-53.00 sec   353 KBytes  2.89 Mbits/sec   4.954 ms 0/246 (0%)
[  2] 53.00-54.00 sec   332 KBytes  2.72 Mbits/sec   4.970 ms 0/231 (0%)
[  2] 54.00-55.00 sec   320 KBytes  2.62 Mbits/sec   5.950 ms 0/223 (0%)
[  2] 55.00-56.00 sec   334 KBytes  2.74 Mbits/sec   5.257 ms 0/233 (0%)
[  2] 56.00-57.00 sec   339 KBytes  2.78 Mbits/sec   5.761 ms 2/238 (0.84%)
[  2] 57.00-58.00 sec   322 KBytes  2.63 Mbits/sec   6.191 ms 0/224 (0%)
[  2] 58.00-59.00 sec   356 KBytes  2.92 Mbits/sec   4.889 ms 0/248 (0%)
[  2] 59.00-60.00 sec   342 KBytes  2.80 Mbits/sec   9.592 ms 0/238 (0%)
[  2] 60.00-61.00 sec   312 KBytes  2.55 Mbits/sec   6.400 ms 2/219 (0.91%)
[  2] 61.00-62.00 sec   345 KBytes  2.82 Mbits/sec   5.772 ms 0/240 (0%)
[  2] 62.00-63.00 sec   353 KBytes  2.89 Mbits/sec   5.508 ms 0/246 (0%)
[  2] 63.00-64.00 sec   290 KBytes  2.38 Mbits/sec   6.029 ms 0/202 (0%)
[  2] 64.00-65.00 sec   326 KBytes  2.67 Mbits/sec   5.925 ms 1/228 (0.44%)
[  2] 65.00-66.00 sec   314 KBytes  2.58 Mbits/sec   5.123 ms 0/219 (0%)
[  2] 66.00-67.00 sec   273 KBytes  2.23 Mbits/sec   4.935 ms 0/190 (0%)
[  2] 67.00-68.00 sec   322 KBytes  2.63 Mbits/sec   6.094 ms 3/227 (1.3%)
[  2] 68.00-69.00 sec   303 KBytes  2.48 Mbits/sec   5.849 ms 0/211 (0%)
[  2] 69.00-70.00 sec   313 KBytes  2.56 Mbits/sec   5.742 ms 0/218 (0%)
[  2] 70.00-71.00 sec   386 KBytes  3.16 Mbits/sec   6.322 ms 0/269 (0%)
[  2] 71.00-72.00 sec   423 KBytes  3.47 Mbits/sec   4.761 ms 0/295 (0%)
[  2] 72.00-73.00 sec   395 KBytes  3.23 Mbits/sec   5.785 ms 0/275 (0%)
[  2] 73.00-74.00 sec   403 KBytes  3.30 Mbits/sec   4.203 ms 0/281 (0%)
[  2] 74.00-75.00 sec   375 KBytes  3.07 Mbits/sec   6.213 ms 0/261 (0%)
[  2] 75.00-76.00 sec   419 KBytes  3.43 Mbits/sec   3.818 ms 0/292 (0%)
[  2] 76.00-77.00 sec   324 KBytes  2.66 Mbits/sec   3.883 ms 5/231 (2.2%)
[  2] 77.00-78.00 sec   449 KBytes  3.68 Mbits/sec   3.951 ms 0/313 (0%)
[  2] 78.00-79.00 sec   382 KBytes  3.13 Mbits/sec   5.527 ms 0/266 (0%)
[  2] 79.00-80.00 sec   334 KBytes  2.74 Mbits/sec   4.229 ms 0/233 (0%)
[  2] 80.00-81.00 sec   346 KBytes  2.83 Mbits/sec   4.807 ms 0/241 (0%)
[  2] 81.00-82.00 sec   312 KBytes  2.55 Mbits/sec   7.136 ms 0/217 (0%)
[  2] 82.00-83.00 sec   353 KBytes  2.89 Mbits/sec   5.003 ms 0/246 (0%)
[  2] 83.00-84.00 sec   369 KBytes  3.02 Mbits/sec   4.816 ms 0/257 (0%)
[  2] 84.00-85.00 sec   378 KBytes  3.09 Mbits/sec   4.111 ms 0/263 (0%)
[  2] 85.00-86.00 sec   356 KBytes  2.92 Mbits/sec   5.617 ms 0/248 (0%)
[  2] 86.00-87.00 sec   355 KBytes  2.90 Mbits/sec   5.804 ms 0/247 (0%)
[  2] 87.00-88.00 sec   385 KBytes  3.15 Mbits/sec   4.527 ms 0/268 (0%)
[  2] 88.00-89.00 sec   370 KBytes  3.03 Mbits/sec   5.232 ms 0/258 (0%)
[  2] 89.00-90.00 sec   319 KBytes  2.61 Mbits/sec   5.729 ms 0/222 (0%)
[  2] 90.00-91.00 sec   319 KBytes  2.61 Mbits/sec   5.314 ms 0/222 (0%)
[  2] 91.00-92.00 sec   369 KBytes  3.02 Mbits/sec   4.921 ms 0/257 (0%)
[  2] 92.00-93.00 sec   337 KBytes  2.76 Mbits/sec   6.181 ms 0/235 (0%)
[  2] 93.00-94.00 sec   320 KBytes  2.62 Mbits/sec   5.083 ms 0/223 (0%)
[  2] 94.00-95.00 sec   370 KBytes  3.03 Mbits/sec   5.106 ms 0/258 (0%)
[  2] 95.00-96.00 sec   382 KBytes  3.13 Mbits/sec   4.504 ms 0/266 (0%)
[  2] 96.00-97.00 sec   385 KBytes  3.15 Mbits/sec   4.290 ms 0/268 (0%)
[  2] 97.00-98.00 sec   345 KBytes  2.82 Mbits/sec   4.525 ms 0/240 (0%)
[  2] 98.00-99.00 sec   359 KBytes  2.94 Mbits/sec   5.447 ms 0/250 (0%)
[  2] 99.00-100.00 sec   359 KBytes  2.94 Mbits/sec   5.897 ms 0/250 (0%)
[  2] 100.00-101.00 sec   365 KBytes  2.99 Mbits/sec   5.281 ms 0/254 (0%)
[  2] 101.00-102.00 sec   398 KBytes  3.26 Mbits/sec   5.008 ms 0/277 (0%)
[  2] 102.00-103.00 sec   399 KBytes  3.27 Mbits/sec   4.481 ms 0/278 (0%)
[  2] 103.00-104.00 sec   319 KBytes  2.61 Mbits/sec   4.533 ms 0/222 (0%)
[  2] 104.00-105.00 sec   393 KBytes  3.22 Mbits/sec   5.017 ms 0/274 (0%)
[  2] 105.00-106.00 sec   334 KBytes  2.74 Mbits/sec   7.210 ms 0/233 (0%)
[  2] 106.00-107.00 sec   416 KBytes  3.41 Mbits/sec   4.965 ms 0/290 (0%)
[  2] 107.00-108.00 sec   353 KBytes  2.89 Mbits/sec   4.573 ms 5/251 (2%)
[  2] 108.00-109.00 sec   375 KBytes  3.07 Mbits/sec   4.384 ms 0/261 (0%)
[  2] 109.00-110.00 sec   411 KBytes  3.36 Mbits/sec   5.742 ms 0/286 (0%)
[  2] 110.00-111.00 sec   421 KBytes  3.45 Mbits/sec   3.536 ms 0/293 (0%)
[  2] 111.00-112.00 sec   393 KBytes  3.22 Mbits/sec   5.228 ms 0/274 (0%)
[  2] 112.00-113.00 sec   241 KBytes  1.98 Mbits/sec   8.506 ms 6/174 (3.4%)
[  2] 113.00-114.00 sec   207 KBytes  1.69 Mbits/sec   6.959 ms 16/160 (10%)
[  2] 114.00-115.00 sec   264 KBytes  2.16 Mbits/sec   9.376 ms 25/209 (12%)
[  2] 115.00-116.00 sec   146 KBytes  1.20 Mbits/sec   6.812 ms 0/102 (0%)
[  2] 116.00-117.00 sec  76.1 KBytes   623 Kbits/sec  11.484 ms 0/53 (0%)
[  2] 117.00-118.00 sec   240 KBytes  1.96 Mbits/sec   4.537 ms 0/167 (0%)
[  2] 118.00-119.00 sec   365 KBytes  2.99 Mbits/sec   4.415 ms 0/254 (0%)
[  2] 119.00-120.00 sec   474 KBytes  3.88 Mbits/sec   4.822 ms 5/335 (1.5%)
[  2] 120.00-121.00 sec   630 KBytes  5.16 Mbits/sec   4.822 ms 1/440 (0.23%)
[  2] 121.00-122.00 sec   630 KBytes  5.16 Mbits/sec   5.216 ms 6/445 (1.3%)
[  2] 122.00-122.74 sec   564 KBytes  6.23 Mbits/sec   3.428 ms 0/393 (0%)
[  2] 0.00-122.74 sec  41.2 MBytes  2.82 Mbits/sec   3.428 ms 39754/69152 (57%)
