XTS_RECEIPT=/home/regex/work/esp32s31-openvela/backups/2026-09-10-scan-stress/build1144-kv-large.sha256
IMAGE_SHA256=b41c760b9b43daa756e39a1dfd8f5b2ffc0c8564c692551dc4c3ce027c5aa3d8
CONFIG_SHA256=28a061986f47f7104509b3630426781d5f239170c1b62a3615c2c0ea5c6d50ea
XTS_RESET=single_initial_reset
ESP-ROM:esp32s31-20251218
Build:Dec 18 2025
rst:0x1 (POWERON),boot:0x7f (SPI_FAST_FLASH_BOOT)
SPI mode:DIO, clock div:1
load:0x2e000000,len:0x18
load:0x2f000000,len:0x90a0
load:0x2f009100,len:0x1554
entry 0x2f008d18
*** Booting NuttX ***
rtc: lma 0x00002020 vma 0x2e000000 len 0x18     (24)
dram: lma 0x00002040 vma 0x2f000000 len 0x90a0   (37024)
dram: lma 0x0000b0e8 vma 0x2f009100 len 0x1554   (5460)
padd: lma 0x0000c668 vma 0x00000000 len 0x39b0   (14768)
imap: lma 0x00010020 vma 0x40060020 len 0xc618   (50712)
padd: lma 0x0001c640 vma 0x00000000 len 0x3ab8   (15032)
imap: lma 0x00020100 vma 0x40000100 len 0x5026c  (328300)
total segments stored 7
ABCxTS Flash scratch: /dev/xtsflash offset=0xd00000 size=0x300000

NuttShell (NSH)
nsh> [K

XTS_COMMAND=mount
--- CMD: mount ---
mount
  /proc type procfs
  /tmp type tmpfs
nsh> [K
nsh> [K

XTS_COMMAND=ps
--- CMD: ps ---
ps
  PID GROUP PRI POLICY   TYPE    NPX STATE    EVENT     SIGMASK            STACK COMMAND
    0     0   0 FIFO     Kthread   - Ready              0000000000000000 0002016 CPU0 IDLE
    1     0 224 RR       Kthread   - Waiting  Semaphore 0000000000000000 0004016 hpwork 0x2f009600 0x2f009648
    2     0 100 RR       Kthread   - Waiting  Semaphore 0000000000000000 0004016 lpwork 0x2f009580 0x2f0095c8
    4     0 223 RR       Kthread   - Waiting  Semaphore 0000000000000000 0004032 hr_timer
    5     5 100 RR       Task      - Running            0000000000000000 0008120 nsh_main
nsh> [K
nsh> [K

XTS_COMMAND=ls /dev/xtsflash
--- CMD: ls /dev/xtsflash ---
ls /dev/xtsflash
 /dev/xtsflash
nsh> [K
nsh> [K

XTS_COMMAND=mkdir -p /data
--- CMD: mkdir -p /data ---
mkdir -p /data
nsh> [K
nsh> [K

XTS_COMMAND=mount -t littlefs /dev/xtsflash /data
--- CMD: mount -t littlefs /dev/xtsflash /data ---
mount -t littlefs /dev/xtsflash /data
nsh> [K
nsh> [K

XTS_COMMAND=mount
--- CMD: mount ---
mount
  /data type littlefs
  /proc type procfs
  /tmp type tmpfs
nsh> [K
nsh> [K

XTS_COMMAND=ls -l /data
--- CMD: ls -l /data ---
ls -l /data
/data:
 drwxrwxrwx           0 .
 dr--r--r--           0 ..
 drwxrwxrwx           0 s02/
 drwxrwxrwx           0 s07b/
 drwxrwxrwx           0 s07c/
 drwxrwxrwx           0 s07/
 drwxrwxrwx           0 s18c/
 drwxrwxrwx           0 s18r/
 drwxrwxrwx           0 s19s/
 drwxrwxrwx           0 s19/
nsh> [K
nsh> [K

XTS_COMMAND=df
--- CMD: df ---
df
  Block    Number
  Size     Blocks       Used   Available Mounted on
  4096        768         77         691 /data
     0          0          0           0 /proc
   512          1          1           0 /tmp
nsh> [K
nsh> [K

XTS_COMMAND=free
--- CMD: free ---
free
      total       used       free    maxused    maxfree  nused  nfree name
   17233504      19424   17214080      25416   16777200     44      5 Umem
nsh> [K
nsh> [K
XTS_EXISTING_SCRATCH_MOUNT=PASS candidate=1144
