--- CMD: ifup wlan0 ---
ifup wlan0
ifup wlan0...OK
nsh> [K
nsh> [K
--- CMD: wapi mode wlan0 2 ---
wapi mode wlan0 2
nsh> [K
nsh> [K
--- CMD: wapi psk wlan0 <redacted> 3 ---
wapi psk wlan0 <redacted> 3
nsh> [K
nsh> [K
--- CMD: wapi essid wlan0 <redacted> 2 ---
wapi essid wlan0 <redacted> 2
nsh> [K
nsh> [K
--- CMD: wapi ap wlan0 60:ce:41:ab:02:d0 ---
wapi ap wlan0 60:ce:41:ab:02:d0
[CPU0] esp_event_post_wrapper: Station disconnected: reason=15 rssi=-73
[CPU0] esp_event_post_wrapper: Station disconnected: reason=15 rssi=-71
[CPU0] esp_event_post_wrapper: Station disconnected: reason=15 rssi=-74
[CPU0] esp_event_post_wrapper: Station disconnected: reason=15 rssi=-72
[CPU0] esp_wifi_sta_connect: Station connection timed out
[CPU0] wlan_ioctl: ERROR: Failed to connect
[CPU0] wapi_set_ap: ioctl(SIOCSIWAP): Connection timed out
[CPU0] main: ERROR: Process command (ap) failed.
nsh> [K
nsh> [K
CASE_FAILED: target command failed
