
HOST_COMMAND mount
mount
  /data type tmpfs
  /proc type procfs
  /tmp type tmpfs
nsh> [K
HOST_COMMAND ls /dev/audio/pcm0p
ls /dev/audio/pcm0p
 /dev/audio/pcm0p
nsh> [K
HOST_COMMAND ls /dev/audio/pcm0c
ls /dev/audio/pcm0c
 /dev/audio/pcm0c
nsh> [K
HOST_COMMAND ls -l /data/graph.conf
ls -l /data/graph.conf
 -rwxrwxrwx         212 /data/graph.conf
nsh> [K
HOST_COMMAND sb /data/graph.conf
sb /data/graph.conf
name:graph.conf size:212
100.00% 212:212 left:00h00m00s
time used:0.1s speed 1.9kB/s

 all time:0.13s average speed:1.58kB/snsh> [K
HOST_COMMAND echo $?
echo $?
0
nsh> [K