before-a.bin: OK
before-b.bin: OK
+ /home/regex/.espressif/python_env/idf6.1_py3.10_env/bin/esptool --chip esp32s31 --port /dev/serial/by-id/usb-Silicon_Labs_CP2102N_USB_to_UART_Bridge_Controller_f65e4ef67f71f011975a049f1045c30f-if00-port0 --baud 460800 write-flash --flash-size 16MB --flash-mode dio --flash-freq 80m 0x2000 /home/regex/work/esp32s31-openvela/openvela-dev/out/esp32s31-spawn-kernel1615/nuttx.bin 0x200000 /home/regex/work/esp32s31-openvela/openvela-dev/out/esp32s31-spawn-kernel1615/appfs.img
esptool v5.4.0
Serial port /dev/serial/by-id/usb-Silicon_Labs_CP2102N_USB_to_UART_Bridge_Controller_f65e4ef67f71f011975a049f1045c30f-if00-port0:
Connecting....
Connected to ESP32-S31 on /dev/serial/by-id/usb-Silicon_Labs_CP2102N_USB_to_UART_Bridge_Controller_f65e4ef67f71f011975a049f1045c30f-if00-port0:
Chip type:          ESP32-S31 (revision v0.0)
Features:           Wi-Fi 6, BT 5.4 (LE), IEEE802.15.4, Dual Core + LP Core, 300MHz
Crystal frequency:  40MHz
MAC:                30:ed:a0:f3:f7:b0

Uploading stub flasher...
Running stub flasher...
Stub flasher running.
Changing baud rate to 460800...
Changed.

Configuring flash size...

Writing '/home/regex/work/esp32s31-openvela/openvela-dev/out/esp32s31-spawn-kernel1615/nuttx.bin' at 0x00002000...
SHA digest in image updated.
Flash will be erased from 0x00002000 to 0x00189fff...
Compressed 1603236 bytes to 953630...
Writing at 0x00008293 ╸                                1.7% 16.00kB/931.28kB [0s] 
Writing at 0x0000e1a4 ━                                3.4% 32.00kB/931.28kB [0s] 
Writing at 0x000141c6 ━╸                               5.2% 48.00kB/931.28kB [1s] 
Writing at 0x0001a114 ━━                               6.9% 64.00kB/931.28kB [1s] 
Writing at 0x00028ff7 ━━╸                              8.6% 80.00kB/931.28kB [2s] 
Writing at 0x0002fa69 ━━━                             10.3% 96.00kB/931.28kB [2s] 
Writing at 0x00035c66 ━━━╸                            12.0% 112.00kB/931.28kB [2s] 
Writing at 0x0003a448 ━━━━                            13.7% 128.00kB/931.28kB [3s] 
Writing at 0x00050669 ━━━━╸                           15.5% 144.00kB/931.28kB [3s] 
Writing at 0x000565f0 ━━━━━                           17.2% 160.00kB/931.28kB [4s] 
Writing at 0x0005c9e1 ━━━━━╸                          18.9% 176.00kB/931.28kB [4s] 
Writing at 0x00062f33 ━━━━━━                          20.6% 192.00kB/931.28kB [4s] 
Writing at 0x0006a0a0 ━━━━━━╸                         22.3% 208.00kB/931.28kB [5s] 
Writing at 0x00072cf4 ━━━━━━━                         24.1% 224.00kB/931.28kB [5s] 
Writing at 0x0007a8d6 ━━━━━━━╸                        25.8% 240.00kB/931.28kB [6s] 
Writing at 0x000820e4 ━━━━━━━━                        27.5% 256.00kB/931.28kB [6s] 
Writing at 0x000890b7 ━━━━━━━━╸                       29.2% 272.00kB/931.28kB [6s] 
Writing at 0x0008f1c0 ━━━━━━━━━                       30.9% 288.00kB/931.28kB [7s] 
Writing at 0x00095922 ━━━━━━━━━╸                      32.6% 304.00kB/931.28kB [7s] 
Writing at 0x0009bb78 ━━━━━━━━━━                      34.4% 320.00kB/931.28kB [8s] 
Writing at 0x000a18c5 ━━━━━━━━━━╸                     36.1% 336.00kB/931.28kB [8s] 
Writing at 0x000a6ee1 ━━━━━━━━━━━                     37.8% 352.00kB/931.28kB [8s] 
Writing at 0x000ac905 ━━━━━━━━━━━╸                    39.5% 368.00kB/931.28kB [9s] 
Writing at 0x000b241a ━━━━━━━━━━━━                    41.2% 384.00kB/931.28kB [9s] 
Writing at 0x000b8723 ━━━━━━━━━━━━╸                   43.0% 400.00kB/931.28kB [10s] 
Writing at 0x000bfd6e ━━━━━━━━━━━━━                   44.7% 416.00kB/931.28kB [10s] 
Writing at 0x000c8897 ━━━━━━━━━━━━━╸                  46.4% 432.00kB/931.28kB [11s] 
Writing at 0x000cf208 ━━━━━━━━━━━━━━                  48.1% 448.00kB/931.28kB [11s] 
Writing at 0x000d5078 ━━━━━━━━━━━━━━╸                 49.8% 464.00kB/931.28kB [11s] 
Writing at 0x000db539 ━━━━━━━━━━━━━━━                 51.5% 480.00kB/931.28kB [12s] 
Writing at 0x000e20db ━━━━━━━━━━━━━━━╸                53.3% 496.00kB/931.28kB [12s] 
Writing at 0x000e807f ━━━━━━━━━━━━━━━━                55.0% 512.00kB/931.28kB [13s] 
Writing at 0x000ee071 ━━━━━━━━━━━━━━━━━               56.7% 528.00kB/931.28kB [13s] 
Writing at 0x000f41a3 ━━━━━━━━━━━━━━━━━╸              58.4% 544.00kB/931.28kB [13s] 
Writing at 0x000fa363 ━━━━━━━━━━━━━━━━━━              60.1% 560.00kB/931.28kB [14s] 
Writing at 0x001008c2 ━━━━━━━━━━━━━━━━━━╸             61.9% 576.00kB/931.28kB [14s] 
Writing at 0x00106bb2 ━━━━━━━━━━━━━━━━━━━             63.6% 592.00kB/931.28kB [15s] 
Writing at 0x0010cbaa ━━━━━━━━━━━━━━━━━━━╸            65.3% 608.00kB/931.28kB [15s] 
Writing at 0x00112c2f ━━━━━━━━━━━━━━━━━━━━            67.0% 624.00kB/931.28kB [15s] 
Writing at 0x00118b97 ━━━━━━━━━━━━━━━━━━━━╸           68.7% 640.00kB/931.28kB [16s] 
Writing at 0x0011f802 ━━━━━━━━━━━━━━━━━━━━━           70.4% 656.00kB/931.28kB [16s] 
Writing at 0x00125f6d ━━━━━━━━━━━━━━━━━━━━━╸          72.2% 672.00kB/931.28kB [17s] 
Writing at 0x0012c4da ━━━━━━━━━━━━━━━━━━━━━━          73.9% 688.00kB/931.28kB [17s] 
Writing at 0x0013290a ━━━━━━━━━━━━━━━━━━━━━━╸         75.6% 704.00kB/931.28kB [17s] 
Writing at 0x00138fab ━━━━━━━━━━━━━━━━━━━━━━━         77.3% 720.00kB/931.28kB [18s] 
Writing at 0x0013f1f9 ━━━━━━━━━━━━━━━━━━━━━━━╸        79.0% 736.00kB/931.28kB [18s] 
Writing at 0x00144e14 ━━━━━━━━━━━━━━━━━━━━━━━━        80.7% 752.00kB/931.28kB [19s] 
Writing at 0x0014aac7 ━━━━━━━━━━━━━━━━━━━━━━━━╸       82.5% 768.00kB/931.28kB [19s] 
Writing at 0x001510a5 ━━━━━━━━━━━━━━━━━━━━━━━━━       84.2% 784.00kB/931.28kB [20s] 
Writing at 0x00157948 ━━━━━━━━━━━━━━━━━━━━━━━━━╸      85.9% 800.00kB/931.28kB [20s] 
Writing at 0x0015d81a ━━━━━━━━━━━━━━━━━━━━━━━━━━      87.6% 816.00kB/931.28kB [20s] 
Writing at 0x00163998 ━━━━━━━━━━━━━━━━━━━━━━━━━━╸     89.3% 832.00kB/931.28kB [21s] 
Writing at 0x00169a29 ━━━━━━━━━━━━━━━━━━━━━━━━━━━     91.1% 848.00kB/931.28kB [21s] 
Writing at 0x0016f602 ━━━━━━━━━━━━━━━━━━━━━━━━━━━╸    92.8% 864.00kB/931.28kB [22s] 
Writing at 0x00176098 ━━━━━━━━━━━━━━━━━━━━━━━━━━━━    94.5% 880.00kB/931.28kB [22s] 
Writing at 0x0017c80b ━━━━━━━━━━━━━━━━━━━━━━━━━━━━╸   96.2% 896.00kB/931.28kB [22s] 
Writing at 0x001828a6 ━━━━━━━━━━━━━━━━━━━━━━━━━━━━━   97.9% 912.00kB/931.28kB [23s] 
Writing at 0x0018831e ━━━━━━━━━━━━━━━━━━━━━━━━━━━━━╸  99.6% 928.00kB/931.28kB [23s] 
Writing at 0x001896a4 ━━━━━━━━━━━━━━━━━━━━━━━━━━━━━━ 100.0% 931.28kB/931.28kB [23s] 
Wrote 1603236 bytes (953630 compressed) at 0x00002000 in 23.8 seconds (537.8 kbit/s).
Verifying written data...
Hash of data verified.

Writing '/home/regex/work/esp32s31-openvela/openvela-dev/out/esp32s31-spawn-kernel1615/appfs.img' at 0x00200000...
Flash will be erased from 0x00200000 to 0x004f2fff...
Compressed 3089408 bytes to 1831034...
Writing at 0x002073cc                                  0.9% 16.00kB/1.75MB [0s] 
Writing at 0x0020cbeb ╸                                1.8% 32.00kB/1.75MB [0s] 
Writing at 0x00213d83 ╸                                2.7% 48.00kB/1.75MB [1s] 
Writing at 0x0021d77c ━                                3.6% 64.00kB/1.75MB [1s] 
Writing at 0x002234d7 ━                                4.5% 80.00kB/1.75MB [2s] 
Writing at 0x002293f2 ━╸                               5.4% 96.00kB/1.75MB [2s] 
Writing at 0x0022efac ━╸                               6.3% 112.00kB/1.75MB [2s] 
Writing at 0x00234d42 ━━                               7.2% 128.00kB/1.75MB [3s] 
Writing at 0x0023ae8d ━━                               8.1% 144.00kB/1.75MB [3s] 
Writing at 0x002417a2 ━━╸                              8.9% 160.00kB/1.75MB [4s] 
Writing at 0x002471ed ━━╸                              9.8% 176.00kB/1.75MB [4s] 
Writing at 0x0024c506 ━━━                             10.7% 192.00kB/1.75MB [4s] 
Writing at 0x0025226e ━━━                             11.6% 208.00kB/1.75MB [5s] 
Writing at 0x0025886f ━━━╸                            12.5% 224.00kB/1.75MB [5s] 
Writing at 0x0025e3b8 ━━━━                            13.4% 240.00kB/1.75MB [6s] 
Writing at 0x00264312 ━━━━                            14.3% 256.00kB/1.75MB [6s] 
Writing at 0x0026a35b ━━━━╸                           15.2% 272.00kB/1.75MB [6s] 
Writing at 0x0027018f ━━━━╸                           16.1% 288.00kB/1.75MB [7s] 
Writing at 0x00275c8b ━━━━━                           17.0% 304.00kB/1.75MB [7s] 
Writing at 0x0027d508 ━━━━━                           17.9% 320.00kB/1.75MB [8s] 
Writing at 0x00289401 ━━━━━╸                          18.8% 336.00kB/1.75MB [8s] 
Writing at 0x00293f11 ━━━━━╸                          19.7% 352.00kB/1.75MB [9s] 
Writing at 0x002a1d46 ━━━━━━                          20.6% 368.00kB/1.75MB [9s] 
Writing at 0x002ab4e9 ━━━━━━                          21.5% 384.00kB/1.75MB [9s] 
Writing at 0x002b3769 ━━━━━━╸                         22.4% 400.00kB/1.75MB [10s] 
Writing at 0x002bddc2 ━━━━━━╸                         23.3% 416.00kB/1.75MB [10s] 
Writing at 0x002c4396 ━━━━━━━                         24.2% 432.00kB/1.75MB [11s] 
Writing at 0x002c9c0e ━━━━━━━╸                        25.1% 448.00kB/1.75MB [11s] 
Writing at 0x002cf2af ━━━━━━━╸                        25.9% 464.00kB/1.75MB [11s] 
Writing at 0x002d4f28 ━━━━━━━━                        26.8% 480.00kB/1.75MB [12s] 
Writing at 0x002da9e2 ━━━━━━━━                        27.7% 496.00kB/1.75MB [12s] 
Writing at 0x002e0682 ━━━━━━━━╸                       28.6% 512.00kB/1.75MB [13s] 
Writing at 0x002e5cd6 ━━━━━━━━╸                       29.5% 528.00kB/1.75MB [13s] 
Writing at 0x002eb618 ━━━━━━━━━                       30.4% 544.00kB/1.75MB [13s] 
Writing at 0x002f11f6 ━━━━━━━━━                       31.3% 560.00kB/1.75MB [14s] 
Writing at 0x002f6db4 ━━━━━━━━━╸                      32.2% 576.00kB/1.75MB [14s] 
Writing at 0x002fc4c6 ━━━━━━━━━╸                      33.1% 592.00kB/1.75MB [15s] 
Writing at 0x0030232a ━━━━━━━━━━                      34.0% 608.00kB/1.75MB [15s] 
Writing at 0x00307bda ━━━━━━━━━━                      34.9% 624.00kB/1.75MB [15s] 
Writing at 0x0030d07a ━━━━━━━━━━╸                     35.8% 640.00kB/1.75MB [16s] 
Writing at 0x00313623 ━━━━━━━━━━━                     36.7% 656.00kB/1.75MB [16s] 
Writing at 0x003196ec ━━━━━━━━━━━                     37.6% 672.00kB/1.75MB [17s] 
Writing at 0x0031f52e ━━━━━━━━━━━╸                    38.5% 688.00kB/1.75MB [17s] 
Writing at 0x00324c7b ━━━━━━━━━━━╸                    39.4% 704.00kB/1.75MB [18s] 
Writing at 0x0032a364 ━━━━━━━━━━━━                    40.3% 720.00kB/1.75MB [18s] 
Writing at 0x0032ff88 ━━━━━━━━━━━━                    41.2% 736.00kB/1.75MB [18s] 
Writing at 0x0033579c ━━━━━━━━━━━━╸                   42.1% 752.00kB/1.75MB [19s] 
Writing at 0x0033b68b ━━━━━━━━━━━━╸                   43.0% 768.00kB/1.75MB [19s] 
Writing at 0x0034103a ━━━━━━━━━━━━━                   43.8% 784.00kB/1.75MB [20s] 
Writing at 0x00346e51 ━━━━━━━━━━━━━                   44.7% 800.00kB/1.75MB [20s] 
Writing at 0x00351df0 ━━━━━━━━━━━━━╸                  45.6% 816.00kB/1.75MB [20s] 
Writing at 0x0035e0f9 ━━━━━━━━━━━━━╸                  46.5% 832.00kB/1.75MB [21s] 
Writing at 0x00365249 ━━━━━━━━━━━━━━                  47.4% 848.00kB/1.75MB [21s] 
Writing at 0x0036c754 ━━━━━━━━━━━━━━                  48.3% 864.00kB/1.75MB [22s] 
Writing at 0x0037682e ━━━━━━━━━━━━━━╸                 49.2% 880.00kB/1.75MB [22s] 
Writing at 0x0037cf65 ━━━━━━━━━━━━━━━                 50.1% 896.00kB/1.75MB [22s] 
Writing at 0x00382f22 ━━━━━━━━━━━━━━━                 51.0% 912.00kB/1.75MB [23s] 
Writing at 0x00388d1f ━━━━━━━━━━━━━━━╸                51.9% 928.00kB/1.75MB [23s] 
Writing at 0x0038f9f4 ━━━━━━━━━━━━━━━╸                52.8% 944.00kB/1.75MB [24s] 
Writing at 0x00395958 ━━━━━━━━━━━━━━━━                53.7% 960.00kB/1.75MB [24s] 
Writing at 0x0039afa1 ━━━━━━━━━━━━━━━━                54.6% 976.00kB/1.75MB [24s] 
Writing at 0x003a297e ━━━━━━━━━━━━━━━━╸               55.5% 992.00kB/1.75MB [25s] 
Writing at 0x003ad7bd ━━━━━━━━━━━━━━━━╸               56.4% 1008.00kB/1.75MB [25s] 
Writing at 0x003b74b8 ━━━━━━━━━━━━━━━━━               57.3% 1.00MB/1.75MB [26s] 
Writing at 0x003bce5e ━━━━━━━━━━━━━━━━━               58.2% 1.02MB/1.75MB [26s] 
Writing at 0x003c3178 ━━━━━━━━━━━━━━━━━╸              59.1% 1.03MB/1.75MB [26s] 
Writing at 0x003c8b9a ━━━━━━━━━━━━━━━━━╸              60.0% 1.05MB/1.75MB [27s] 
Writing at 0x003ce27c ━━━━━━━━━━━━━━━━━━              60.8% 1.06MB/1.75MB [27s] 
Writing at 0x003d6e47 ━━━━━━━━━━━━━━━━━━╸             61.7% 1.08MB/1.75MB [28s] 
Writing at 0x003dcd96 ━━━━━━━━━━━━━━━━━━╸             62.6% 1.09MB/1.75MB [28s] 
Writing at 0x003e448d ━━━━━━━━━━━━━━━━━━━             63.5% 1.11MB/1.75MB [29s] 
Writing at 0x003ec100 ━━━━━━━━━━━━━━━━━━━             64.4% 1.12MB/1.75MB [29s] 
Writing at 0x003f1916 ━━━━━━━━━━━━━━━━━━━╸            65.3% 1.14MB/1.75MB [29s] 
Writing at 0x003f7cb2 ━━━━━━━━━━━━━━━━━━━╸            66.2% 1.16MB/1.75MB [30s] 
Writing at 0x003ffd73 ━━━━━━━━━━━━━━━━━━━━            67.1% 1.17MB/1.75MB [30s] 
Writing at 0x0040732a ━━━━━━━━━━━━━━━━━━━━            68.0% 1.19MB/1.75MB [31s] 
Writing at 0x0040d176 ━━━━━━━━━━━━━━━━━━━━╸           68.9% 1.20MB/1.75MB [31s] 
Writing at 0x00414e05 ━━━━━━━━━━━━━━━━━━━━╸           69.8% 1.22MB/1.75MB [31s] 
Writing at 0x0041cb0c ━━━━━━━━━━━━━━━━━━━━━           70.7% 1.23MB/1.75MB [32s] 
Writing at 0x004227c8 ━━━━━━━━━━━━━━━━━━━━━           71.6% 1.25MB/1.75MB [32s] 
Writing at 0x0042ad6d ━━━━━━━━━━━━━━━━━━━━━╸          72.5% 1.27MB/1.75MB [33s] 
Writing at 0x00431a2c ━━━━━━━━━━━━━━━━━━━━━━          73.4% 1.28MB/1.75MB [33s] 
Writing at 0x0043776f ━━━━━━━━━━━━━━━━━━━━━━          74.3% 1.30MB/1.75MB [33s] 
Writing at 0x0043d9d5 ━━━━━━━━━━━━━━━━━━━━━━╸         75.2% 1.31MB/1.75MB [34s] 
Writing at 0x00443f8a ━━━━━━━━━━━━━━━━━━━━━━╸         76.1% 1.33MB/1.75MB [34s] 
Writing at 0x0044acde ━━━━━━━━━━━━━━━━━━━━━━━         77.0% 1.34MB/1.75MB [35s] 
Writing at 0x00451296 ━━━━━━━━━━━━━━━━━━━━━━━         77.8% 1.36MB/1.75MB [35s] 
Writing at 0x004572d5 ━━━━━━━━━━━━━━━━━━━━━━━╸        78.7% 1.38MB/1.75MB [35s] 
Writing at 0x0045cac2 ━━━━━━━━━━━━━━━━━━━━━━━╸        79.6% 1.39MB/1.75MB [36s] 
Writing at 0x004626ee ━━━━━━━━━━━━━━━━━━━━━━━━        80.5% 1.41MB/1.75MB [36s] 
Writing at 0x00467b9d ━━━━━━━━━━━━━━━━━━━━━━━━        81.4% 1.42MB/1.75MB [37s] 
Writing at 0x0046d892 ━━━━━━━━━━━━━━━━━━━━━━━━╸       82.3% 1.44MB/1.75MB [37s] 
Writing at 0x00473da5 ━━━━━━━━━━━━━━━━━━━━━━━━╸       83.2% 1.45MB/1.75MB [38s] 
Writing at 0x00479d4e ━━━━━━━━━━━━━━━━━━━━━━━━━       84.1% 1.47MB/1.75MB [38s] 
Writing at 0x0047fc76 ━━━━━━━━━━━━━━━━━━━━━━━━━╸      85.0% 1.48MB/1.75MB [38s] 
Writing at 0x00485e08 ━━━━━━━━━━━━━━━━━━━━━━━━━╸      85.9% 1.50MB/1.75MB [39s] 
Writing at 0x0048be76 ━━━━━━━━━━━━━━━━━━━━━━━━━━      86.8% 1.52MB/1.75MB [39s] 
Writing at 0x00491f89 ━━━━━━━━━━━━━━━━━━━━━━━━━━      87.7% 1.53MB/1.75MB [40s] 
Writing at 0x00497ba2 ━━━━━━━━━━━━━━━━━━━━━━━━━━╸     88.6% 1.55MB/1.75MB [40s] 
Writing at 0x0049d30e ━━━━━━━━━━━━━━━━━━━━━━━━━━╸     89.5% 1.56MB/1.75MB [40s] 
Writing at 0x004a350c ━━━━━━━━━━━━━━━━━━━━━━━━━━━     90.4% 1.58MB/1.75MB [41s] 
Writing at 0x004a94c4 ━━━━━━━━━━━━━━━━━━━━━━━━━━━     91.3% 1.59MB/1.75MB [41s] 
Writing at 0x004af177 ━━━━━━━━━━━━━━━━━━━━━━━━━━━╸    92.2% 1.61MB/1.75MB [42s] 
Writing at 0x004bae9b ━━━━━━━━━━━━━━━━━━━━━━━━━━━╸    93.1% 1.62MB/1.75MB [42s] 
Writing at 0x004c5879 ━━━━━━━━━━━━━━━━━━━━━━━━━━━━    94.0% 1.64MB/1.75MB [42s] 
Writing at 0x004cc408 ━━━━━━━━━━━━━━━━━━━━━━━━━━━━    94.8% 1.66MB/1.75MB [43s] 
Writing at 0x004d3bb2 ━━━━━━━━━━━━━━━━━━━━━━━━━━━━╸   95.7% 1.67MB/1.75MB [43s] 
Writing at 0x004da3db ━━━━━━━━━━━━━━━━━━━━━━━━━━━━╸   96.6% 1.69MB/1.75MB [44s] 
Writing at 0x004e06a5 ━━━━━━━━━━━━━━━━━━━━━━━━━━━━━   97.5% 1.70MB/1.75MB [44s] 
Writing at 0x004e60b7 ━━━━━━━━━━━━━━━━━━━━━━━━━━━━━╸  98.4% 1.72MB/1.75MB [44s] 
Writing at 0x004eb5a5 ━━━━━━━━━━━━━━━━━━━━━━━━━━━━━╸  99.3% 1.73MB/1.75MB [45s] 
Writing at 0x004f2400 ━━━━━━━━━━━━━━━━━━━━━━━━━━━━━━ 100.0% 1.75MB/1.75MB [45s] 
Wrote 3089408 bytes (1831034 compressed) at 0x00200000 in 42.8 seconds (577.9 kbit/s).
Verifying written data...
Hash of data verified.

Hard resetting via RTS pin...
