ESP-ROM:esp32s31-20251218
Build:Dec 18 2025
rst:0x1 (POWERON),boot:0x5f (SPI_FAST_FLASH_BOOT)
SPI mode:DIO, clock div:1
load:0x2e000000,len:0x18
load:0x2f000000,len:0x16d58
entry 0x2f0145f8
*** Booting NuttX ***
rtc: lma 0x00002020 vma 0x2e000000 len 0x18     (24)
dram: lma 0x00002040 vma 0x2f000000 len 0x16d58  (93528)
padd: lma 0x00018dc8 vma 0x00000000 len 0x7250   (29264)
imap: lma 0x00020020 vma 0x400c0020 len 0xb108   (45320)
padd: lma 0x0002b130 vma 0x00000000 len 0x4fc8   (20424)
imap: lma 0x00030100 vma 0x40000100 len 0xbef24  (782116)
total segments stored 6
ABC[CPU0] CPU1 SMP online: ipi0=0 timer1=0
[CPU0] AppFS header: 2d726f6d3166732d
[CPU0] AppFS MTD boundary checks: PASS
[CPU0] AppFS writable LittleFS: offset=0x500000 size=0x700000

NuttShell (NSH)
nsh> [Kls /dev/ttyHCI0
 /dev/ttyHCI0
nsh> [K
nsh> [Kmkdir /data
nsh> [K
nsh> [Kmount -t tmpfs /data
nsh> [K
nsh> [Kmkdir /data/misc
nsh> [K
nsh> [Kmkdir /data/misc/bt
nsh> [K
nsh> [K