ESP-ROM:esp32s31-20251218
Build:Dec 18 2025
rst:0x1 (POWERON),boot:0x5f (SPI_FAST_FLASH_BOOT)
SPI mode:DIO, clock div:1
load:0x2e000000,len:0x18
load:0x2f000000,len:0x16d58
entry 0x2f0145f8
*** Booting NuttX ***
rtc: lma 0x00002020 vma 0x2e000000 len 0x18     (24)
dram: lma 0x00002040 vma 0x2f000000 len 0x16d58  (93528)
padd: lma 0x00018dc8 vma 0x00000000 len 0x7250   (29264)
imap: lma 0x00020020 vma 0x400c0020 len 0xb108   (45320)
padd: lma 0x0002b130 vma 0x00000000 len 0x4fc8   (20424)
imap: lma 0x00030100 vma 0x40000100 len 0xbef24  (782116)
total segments stored 6
ABC[CPU0] CPU1 SMP online: ipi0=0 timer1=0
[CPU0] AppFS header: 2d726f6d3166732d
[CPU0] AppFS MTD boundary checks: PASS
[CPU0] AppFS writable LittleFS: offset=0x500000 size=0x700000

NuttShell (NSH)
nsh> [K
HOST_COMMAND ls /dev/ttyHCI0
ls /dev/ttyHCI0
 /dev/ttyHCI0
nsh> [K
nsh> [K
HOST_COMMAND mount
mount
  /apps type littlefs
  /proc type procfs
  /system/bin type romfs
  /tmp type tmpfs
nsh> [K
nsh> [K
HOST_COMMAND mkdir /data
mkdir /data
nsh> [K
nsh> [K
HOST_COMMAND mount -t tmpfs /data
mount -t tmpfs /data
nsh> [K
nsh> [K
BTTOOL bttool
bttool
[CPU0] /data/misc/bt folder create: 0
[CPU1] [async_queue:91]uv_async_queue_init
bttool> 
bttool> 
BTTOOL enable
enable
bttool> 
bttool> [CPU0] S31 BLE: controller open
[CPU0] S31 BLE: public MAC 30:ed:a0:f3:f7:b1
[CPU0] S31 BLE: controller ready, VHCI registered
[CPU0] dev:0: Sending HCI_RESET
[CPU0] S31 BLE host: allocating opcode=0c03
[CPU0] S31 BLE host: opcode=0c03 buffer=0x6140749c
[CPU0] S31 BLE host: opcode=0c03 queued current=0x61408718 syswq=0x61408718
[CPU0] S31 BLE: TX opcode=0c03 len=3
[CPU0] S31 BLE: TX opcode=0c03 result=3
[CPU0] S31 BLE: complete opcode=0c03 status=0 len=7
[CPU1] S31 BLE host: opcode=0c03 wait=0 status=0 ref=1
[CPU1] S31 BLE host: opcode=0c03 returned
[CPU1] S31 BLE host: reset state complete
[CPU1] S31 BLE host: allocating opcode=1003
[CPU1] S31 BLE host: opcode=1003 buffer=0x6140749c
[CPU1] S31 BLE host: opcode=1003 queued current=0x61408718 syswq=0x61408718
[CPU0] S31 BLE: TX opcode=1003 len=3
[CPU0] S31 BLE: TX opcode=1003 result=3
[CPU0] S31 BLE: complete opcode=1003 status=0 len=15
[CPU0] S31 BLE host: opcode=1003 wait=0 status=0 ref=1
[CPU0] S31 BLE host: opcode=1003 returned
[CPU0] S31 BLE host: allocating opcode=1001
[CPU0] S31 BLE host: opcode=1001 buffer=0x6140749c
[CPU0] S31 BLE host: opcode=1001 queued current=0x61408718 syswq=0x61408718
[CPU0] S31 BLE: TX opcode=1001 len=3
[CPU0] S31 BLE: TX opcode=1001 result=3
[CPU0] S31 BLE: complete opcode=1001 status=0 len=15
[CPU0] S31 BLE host: opcode=1001 wait=0 status=0 ref=1
[CPU0] S31 BLE host: opcode=1001 returned
[CPU0] S31 BLE host: allocating opcode=1002
[CPU0] S31 BLE host: opcode=1002 buffer=0x6140749c
[CPU0] S31 BLE host: opcode=1002 queued current=0x61408718 syswq=0x61408718
[CPU0] S31 BLE: TX opcode=1002 len=3
[CPU0] S31 BLE: TX opcode=1002 result=3
[CPU0] S31 BLE: complete opcode=1002 status=0 len=71
[CPU1] S31 BLE host: opcode=1002 wait=0 status=0 ref=1
[CPU1] S31 BLE host: opcode=1002 returned
[CPU1] S31 BLE host: initializing PSA PRNG
[CPU1] S31 BLE host: PSA PRNG result=0
[CPU1] S31 BLE host: buffers ACL=1021/12 SCO=255/0
[CPU1] S31 BLE host: opcode=0c33 queued current=0x61408718 syswq=0x61408718
[CPU0] S31 BLE: TX opcode=0c33 len=10
[CPU0] S31 BLE: TX opcode=0c33 result=10
[CPU0] S31 BLE: complete opcode=0c33 status=0 len=7
[CPU0] S31 BLE host: opcode=0c33 wait=0 status=0 ref=1
[CPU0] S31 BLE host: opcode=0c33 returned
[CPU0] S31 BLE host: opcode=0c31 queued current=0x61408718 syswq=0x61408718
[CPU0] S31 BLE: TX opcode=0c31 len=4
[CPU0] S31 BLE: TX opcode=0c31 result=4
[CPU0] S31 BLE: complete opcode=0c31 status=0 len=7
[CPU1] S31 BLE host: opcode=0c31 wait=0 status=0 ref=1
[CPU1] S31 BLE host: opcode=0c31 returned
[CPU1] S31 BLE host: allocating opcode=2003
[CPU1] S31 BLE host: opcode=2003 buffer=0x6140749c
[CPU1] S31 BLE host: opcode=2003 queued current=0x61408718 syswq=0x61408718
[CPU0] S31 BLE: TX opcode=2003 len=3
[CPU0] S31 BLE: TX opcode=2003 result=3
[CPU0] S31 BLE: complete opcode=2003 status=0 len=15
[CPU0] S31 BLE host: opcode=2003 wait=0 status=0 ref=1
[CPU0] S31 BLE host: opcode=2003 returned
[CPU0] S31 BLE host: allocating opcode=2002
[CPU0] S31 BLE host: opcode=2002 buffer=0x6140749c
[CPU0] S31 BLE host: opcode=2002 queued current=0x61408718 syswq=0x61408718
[CPU0] S31 BLE: TX opcode=2002 len=3
[CPU0] S31 BLE: TX opcode=2002 result=3
[CPU0] S31 BLE: complete opcode=2002 status=0 len=10
[CPU1] S31 BLE host: opcode=2002 wait=0 status=0 ref=1
[CPU1] S31 BLE host: opcode=2002 returned
[CPU1] S31 BLE host: allocating opcode=203a
[CPU1] S31 BLE host: opcode=203a buffer=0x6140749c
[CPU1] S31 BLE host: opcode=203a queued current=0x61408718 syswq=0x61408718
[CPU0] S31 BLE: TX opcode=203a len=3
[CPU0] S31 BLE: TX opcode=203a result=3
[CPU0] S31 BLE: complete opcode=203a status=0 len=9
[CPU0] S31 BLE host: opcode=203a wait=0 status=0 ref=1
[CPU0] S31 BLE host: opcode=203a returned
[CPU0] S31 BLE host: allocating opcode=201c
[CPU0] S31 BLE host: opcode=201c buffer=0x6140749c
[CPU0] S31 BLE host: opcode=201c queued current=0x61408718 syswq=0x61408718
[CPU0] S31 BLE: TX opcode=201c len=3
[CPU0] S31 BLE: TX opcode=201c result=3
[CPU0] S31 BLE: complete opcode=201c status=0 len=15
[CPU1] S31 BLE host: opcode=201c wait=0 status=0 ref=1
[CPU1] S31 BLE host: opcode=201c returned
[CPU1] S31 BLE host: allocating opcode=202f
[CPU1] S31 BLE host: opcode=202f buffer=0x6140749c
[CPU1] S31 BLE host: opcode=202f queued current=0x61408718 syswq=0x61408718
[CPU0] S31 BLE: TX opcode=202f len=3
[CPU0] S31 BLE: TX opcode=202f result=3
[CPU0] S31 BLE: complete opcode=202f status=0 len=15
[CPU0] S31 BLE host: opcode=202f wait=0 status=0 ref=1
[CPU0] S31 BLE host: opcode=202f returned
[CPU0] S31 BLE host: opcode=2024 queued current=0x61408718 syswq=0x61408718
[CPU0] S31 BLE: TX opcode=2024 len=7
[CPU0] S31 BLE: TX opcode=2024 result=7
[CPU0] S31 BLE: complete opcode=2024 status=0 len=7
[CPU1] S31 BLE host: opcode=2024 wait=0 status=0 ref=1
[CPU1] S31 BLE host: opcode=2024 returned
[CPU1] S31 BLE host: opcode=202e queued current=0x61408718 syswq=0x61408718
[CPU0] S31 BLE: TX opcode=202e len=5
[CPU0] S31 BLE: TX opcode=202e result=5
[CPU0] S31 BLE: complete opcode=202e status=0 len=7
[CPU0] S31 BLE host: opcode=202e wait=0 status=0 ref=1
[CPU0] S31 BLE host: opcode=202e returned
[CPU0] S31 BLE host: allocating opcode=202a
[CPU0] S31 BLE host: opcode=202a buffer=0x6140749c
[CPU0] S31 BLE host: opcode=202a queued current=0x61408718 syswq=0x61408718
[CPU0] S31 BLE: TX opcode=202a len=3
[CPU0] S31 BLE: TX opcode=202a result=3
[CPU0] S31 BLE: complete opcode=202a status=0 len=8
[CPU1] S31 BLE host: opcode=202a wait=0 status=0 ref=1
[CPU1] S31 BLE host: opcode=202a returned
[CPU1] S31 BLE host: opcode=2001 queued current=0x61408718 syswq=0x61408718
[CPU0] S31 BLE: TX opcode=2001 len=11
[CPU0] S31 BLE: TX opcode=2001 result=11
[CPU0] S31 BLE: complete opcode=2001 status=0 len=7
[CPU0] S31 BLE host: opcode=2001 wait=0 status=0 ref=1
[CPU0] S31 BLE host: opcode=2001 returned
[CPU0] S31 BLE host: opcode=0c01 queued current=0x61408718 syswq=0x61408718
[CPU0] S31 BLE: TX opcode=0c01 len=11
[CPU0] S31 BLE: TX opcode=0c01 result=11
[CPU0] S31 BLE: complete opcode=0c01 status=0 len=7
[CPU1] S31 BLE host: opcode=0c01 wait=0 status=0 ref=1
[CPU1] S31 BLE host: opcode=0c01 returned
[CPU1] S31 BLE host: allocating opcode=1009
[CPU1] S31 BLE host: opcode=1009 buffer=0x6140749c
[CPU1] S31 BLE host: opcode=1009 queued current=0x61408718 syswq=0x61408718
[CPU0] S31 BLE: TX opcode=1009 len=3
[CPU0] S31 BLE: TX opcode=1009 result=3
[CPU0] S31 BLE: complete opcode=1009 status=0 len=13
[CPU0] S31 BLE host: opcode=1009 wait=0 status=0 ref=1
[CPU0] S31 BLE host: opcode=1009 returned
[CPU0] S31 BLE host: initialization result=0
[bttool] Context:0x61801cc8, Adapter state changed: 1
[bttool] Context:0x61801cc8, Adapter state changed: 2

BTTOOL state
state
[bttool] Adapter State: 2
bttool> 
bttool> 
BTTOOL adv start -i 160 -n vela-basic-1725 -m legacy
adv start -i 160 -n vela-basic-1725 -m legacy
[CPU0] AdvType:(Flags)
[CPU0] AdvData: (0x61805d52):
[CPU0] 0000  0a                                               .               
[CPU0] AdvType:(Complete List of 16­bit Service Class UUIDs)
[CPU0] AdvData: (0x61805d55):
[CPU0] 0000  01 11                                            ..              
[CPU0] AdvType:(Complete List of 16­bit Service Class UUIDs)
[CPU0] AdvData: (0x61805d59):
[CPU0] 0000  1e 11                                            ..              
[CPU0] AdvType:(Complete Local Name)
[CPU0] AdvData: (0x61805f9a):
[CPU0] 0000  76 65 6c 61 2d 62 61 73 69 63 2d 31 37 32 35     vela-basic-1725 
[CPU0] S31 BLE host: opcode=2036 queued current=0 syswq=0x61408718
[CPU0] S31 BLE: TX opcode=2036 len=28
[CPU0] S31 BLE: TX opcode=2036 result=28
[CPU0] S31 BLE: complete opcode=2036 status=0 len=8
[CPU0] S31 BLE host: opcode=2036 wait=0 status=0 ref=1
[CPU0] S31 BLE host: opcode=2036 returned
[CPU1] S31 BLE ho[sCtP:U opcode=0] S312 0BLE: TX opcode=2037 len=18
[CPU0] S31 BLE: TX opcode=2037 result=18
[CPU0] S31 BLE:3 complete opcode=2037 status=0 len=7
7 queued current=0 syswq=0x61408718
[CPU0] S31 BLE host: opcode=2037 wait=0 status=0 ref=1
[CPU0] S31 BLE host: opcode=2037 returned
[CPU1] S31 BLE h[oCPU0] S31 BLE: TX opcode=2038 len=24
[CPU0] S31 BLE: TX opcode=2038 result=24
[CPU0] S31 BLE:s complete opcode=2038 status=0 len=7
t: opcode=2038 queued current=0 syswq=0x61408718
[CPU0] S31 BLE host: opcode=2038 wait=0 status=0 ref=1
[CPU0] S31 BLE host: opcode=2038 returned
[CPU1] S31 BLE h[oCPsU0] S31 BLE: TX opcode=2039 len=9
[CPU0] S31 BLE: TX opcode=2039 result=9
t: opcode=2039 queued current[=CPU0] S301  sByLsEw: completeq op=code0=x61408718
2039 status=0 len=7
[CPU1] S31 BLE host: opcode=2039 wait=0 status=0 ref=1
[CPU1] S31 BLE host: opcode=2039 returned
[bttool] interval: 100.000000 ms
[bttool] adv name: vela-basic-1725 
[bttool] adv type: legacy
bttool> [bttool] Advertising handle:0x61805fb0

bttool> [bttool] on_advertising_start_cb, handle:0x61805fb0, adv_id:1, status:0

BTTOOL adv stop -h 0x61805fb0
adv stop -h 0x61805fb0
bttool> 
[bttool] Stop adv handle:0x61805fb0
bttool> [CPU0] S31 BLE host: opcode=2039 queued current=0 syswq=0x61408718
[CPU0] S31 BLE: TX opcode=2039 len=9
[CPU0] S31 BLE: TX opcode=2039 result=9
[CPU0] S31 BLE: complete opcode=2039 status=0 len=7
[CPU1] S31 BLE host: opcode=2039 wait=0 status=0 ref=1
[CPU1] S31 BLE host: opcode=2039 returned
[CPU0] S31 BLE host: opcode=203c queued current=0 syswq=0x61408718
[CPU0] S31 BLE: TX opcode=203c len=4
[CPU0] S31 BLE: TX opcode=203c result=4
[CPU0] S31 BLE: complete opcode=203c status=0 len=7
[CPU1] S31 BLE host: opcode=203c wait=0 status=0 ref=1
[CPU1] S31 BLE host: opcode=203c returned
[bttool] on_advertising_stopped_cb, handle:0x61805fb0, adv_id:1

BTTOOL scan start
scan start
bttool> 
bttool> [bttool] on_scan_start_status_cb, 
BTTOOL scan stop
scanner:0x61805480, st[CPU1] S31 BLE host: opcode=2005 queued current=0[ CPU0] S31 BLE: TX opcode=2005 len=9
[CPU0] S31 BLE: TX opcode=2005 result=9
[CPU0] S31 BLsE: complete opcode=2005 status=0 len=7
yswq=0x61408718
[CPU0] S31 BLE host: opcode=2005 wait=0 status=0 ref=1
[CPU0] S31 BLE host: opcode=2005 returned
[CPU0] S31 BLE: TX opcode=2041 len=11
[CPU0] S31 BLE: TX opcode=2041 result=11
[CPU0] S31 BL[E: complete opcode=2041 status=0 len=7
CPU1] S31 BLE host: opcode=2041 queued current=0 syswq=0x61408718
[CPU0] S31 BLE host: opcode=2041 wait=0 status=0 ref=1
[CPU0] S31 BLE host: opcode=2041 returned
[CPU1] S31 BLE [hCPU0] S31 BLE: TX opcode=2042 len=9
[CPU0] S31 BLE: TX opcode=2042 result=9
ost: opcode=2042 queued c[uCPUrrent=00]  sSy3s1 BLE: complete opcode=2042 status=0 len=7
wq=0x61408718
[CPU0] S31 BLE host: opcode=2042 wait=0 status=0 ref=1
[CPU0] S31 BLE host: opcode=2042 returned
atus:0
[bttool] ScanResult ------[68:95:75:1D:D6:68]------
[bttool] AddrType:0
[CPU1] AdvType:(Flags)
[CPU1] AdvData: (0x6180540e):
[CPU1] 0000  06                                               .               
[CPU1] AdvType:(Complete List of 16­bit Service Class UUIDs)
[CPU1] AdvData: (0x61805411):
[CPU1] 0000  00 10 12 18 0f 18                                ......          
[CPU1] AdvType:(Manufacturer Specific Data)
[CPU1] AdvData: (0x6180540e):
[CPU1] 0000  06 00 01 09 20 22 77 cf 4e 6d 01 fe ef 07 d3 98  .... "w.Nm......
[CPU1] 0010  6e 3c 26 92 21 ac 5a ec ee 60 16 a4 15           n<&.!.Z..`...   
[bttool] Rssi:-96
[bttool] Type:0
[bttool] 

[bttool] ScanResult ------[26:E5:C3:EC:18:BA]------
[bttool] AddrType:1
[bttool] Rssi:-30
[bttool] Type:3
[bttool] 

[bttool] ScanResult ------[00:60:37:CA:02:F8]------
[bttool] AddrType:0
[CPU1] AdvType:(Flags)
[CPU1] AdvData: (0x6180540e):
[CPU1] 0000  06                                               .               
[CPU1] AdvType:(Complete List of 128­bit Service Class UUIDs)
[CPU1] AdvData: (0x61805411):
[CPU1] 0000  9e ca dc 24 0e e5 a9 e0 4f 54 55 41 20 44 59 42  ...$....OTUA DYB
[CPU1] AdvType:(Complete Local Name)
[CPU1] AdvData: (0x61805423):
[CPU1] 0000  42 59 44 31                                      BYD1            
[CPU1] AdvType:(Manufacturer Specific Data)
[CPU1] AdvData: (0x6180540e):
[CPU1] 0000  06 00 01 09 20 22 77 cf 4e 6d 01 fe ef 07 d3 98  .... "w.Nm......
[CPU1] 0010  6e 3c 26 92 21 ac 5a ec ee 60 16 a4 15           n<&.!.Z..`...   
[bttool] Rssi:-94
[bttool] Type:0
[bttool] 

[bttool] ScanResult ------[26:E5:C3:EC:18:BA]------
[bttool] AddrType:1
[bttool] Rssi:-29
[bttool] Type:3
[bttool] 

scan stop
bttool> 
[bttool] on_scan_stopped_cb, scanner:0x6180
BTTOOL disable
5480
[CPU1] S31 BLE host: opcode=2042 queu[eCPU0] S31 BLE: TX opcode=2042 len=9
[CPU0] S31 BLE: TX opcode=2042 result=9
d current=[CPU0] S03 1 BLE: complete opcode=2042 status=0 len=7
syswq=0x61408718
[CPU0] S31 BLE host: opcode=2042 wait=0 status=0 ref=1
[CPU0] S31 BLE host: opcode=2042 returned
[CPU1] S31 BLE host: allocating opcode=0c03
[CPU1] S31 BLE host: opcode=0c03 buffer=0x6140749c
[CPU0] S31 BLE host: opcode=0c03 queued current=0 syswq=0x61408718
[CPU0] S31 BLE: TX opcode=0c03 len=3
[CPU0] S31 BLE: TX opcode=0c03 result=3
[CPU0] S31 BLE: complete opcode=0c03 status=0 len=7
[CPU1] S31 BLE host: opcode=0c03 wait=0 status=0 ref=1
[CPU1] S31 BLE host: opcode=0c03 returned
bttool> disable
[bttool] Context:0x61801cc8, Adapter state changed: 6
bttool> 
bttool> [bttool] Context:0x61801cc8, Adapter state changed: 0

BTTOOL state
state
bttool> 
[bttool] Adapter State: 0
bttool> 
BTTOOL quit
quit
[CPU0] [async_queue:138]uv_async_queue_close
nsh> [K
nsh> [K