before-a.bin: OK
before-b.bin: OK
+ /home/regex/.espressif/python_env/idf6.1_py3.10_env/bin/esptool --chip esp32s31 --port /dev/serial/by-id/usb-Silicon_Labs_CP2102N_USB_to_UART_Bridge_Controller_f65e4ef67f71f011975a049f1045c30f-if00-port0 --baud 460800 write-flash --flash-size 16MB --flash-mode dio --flash-freq 80m 0x2000 /home/regex/work/esp32s31-openvela/openvela-dev/out/esp32s31-xts-flat-audio-mono/nuttx.bin
esptool v5.4.0
Serial port /dev/serial/by-id/usb-Silicon_Labs_CP2102N_USB_to_UART_Bridge_Controller_f65e4ef67f71f011975a049f1045c30f-if00-port0:
Connecting....
Connected to ESP32-S31 on /dev/serial/by-id/usb-Silicon_Labs_CP2102N_USB_to_UART_Bridge_Controller_f65e4ef67f71f011975a049f1045c30f-if00-port0:
Chip type:          ESP32-S31 (revision v0.0)
Features:           Wi-Fi 6, BT 5.4 (LE), IEEE802.15.4, Dual Core + LP Core, 300MHz
Crystal frequency:  40MHz
MAC:                30:ed:a0:f3:f7:b0

Uploading stub flasher...
Running stub flasher...
Stub flasher running.
Changing baud rate to 460800...
Changed.

Configuring flash size...
SHA digest in image updated.
Flash will be erased from 0x00002000 to 0x0005ffff...
Compressed 382536 bytes to 213984...
Writing at 0x00007f63 ━━                               7.7% 16.00kB/208.97kB [0s] 
Writing at 0x00013e2c ━━━━╸                           15.3% 32.00kB/208.97kB [0s] 
Writing at 0x00021329 ━━━━━━╸                         23.0% 48.00kB/208.97kB [1s] 
Writing at 0x000270f0 ━━━━━━━━━                       30.6% 64.00kB/208.97kB [1s] 
Writing at 0x0002d492 ━━━━━━━━━━━                     38.3% 80.00kB/208.97kB [2s] 
Writing at 0x00033657 ━━━━━━━━━━━━━╸                  45.9% 96.00kB/208.97kB [2s] 
Writing at 0x000395ac ━━━━━━━━━━━━━━━━                53.6% 112.00kB/208.97kB [2s] 
Writing at 0x00040102 ━━━━━━━━━━━━━━━━━━              61.3% 128.00kB/208.97kB [3s] 
Writing at 0x0004762e ━━━━━━━━━━━━━━━━━━━━╸           68.9% 144.00kB/208.97kB [3s] 
Writing at 0x0004d7b6 ━━━━━━━━━━━━━━━━━━━━━━╸         76.6% 160.00kB/208.97kB [4s] 
Writing at 0x000535fa ━━━━━━━━━━━━━━━━━━━━━━━━━       84.2% 176.00kB/208.97kB [4s] 
Writing at 0x00058ce8 ━━━━━━━━━━━━━━━━━━━━━━━━━━━╸    91.9% 192.00kB/208.97kB [4s] 
Writing at 0x0005f133 ━━━━━━━━━━━━━━━━━━━━━━━━━━━━━╸  99.5% 208.00kB/208.97kB [5s] 
Writing at 0x0005f648 ━━━━━━━━━━━━━━━━━━━━━━━━━━━━━━ 100.0% 208.97kB/208.97kB [5s] 
Wrote 382536 bytes (213984 compressed) at 0x00002000 in 5.4 seconds (563.1 kbit/s).
Verifying written data...
Hash of data verified.

Hard resetting via RTS pin...
