ESP-ROM:esp32s31-20251218
Build:Dec 18 2025
rst:0x1 (POWERON),boot:0x5b (SPI_FAST_FLASH_BOOT)
SPI mode:DIO, clock div:1
load:0x2e000000,len:0x18
load:0x2f000000,len:0x1c150
entry 0x2f017f84
*** Booting NuttX ***
rtc: lma 0x00002020 vma 0x2e000000 len 0x18     (24)
dram: lma 0x00002040 vma 0x2f000000 len 0x1c150  (115024)
padd: lma 0x0001e1c8 vma 0x00000000 len 0x1e50   (7760)
imap: lma 0x00020020 vma 0x40140020 len 0x25ea4  (155300)
padd: lma 0x00045ecc vma 0x00000000 len 0xa22c   (41516)
imap: lma 0x00050100 vma 0x40000100 len 0x13a44c (1287244)
total segments stored 6
ABC[CPU0] S31 hardware crypto: SHA1/SHA256/SHA512 PIO
[CPU0] S31 hardware crypto: HMAC-SHA1/256 via SHA PIO
[CPU0] S31 hardware crypto: ECDSA P256 verify only
[CPU0] S31 hardware crypto: AES-CBC 128/256-bit PIO
[CPU0] S31 hardware crypto: AES-CTR/XTS full-block PIO
[CPU0] CPU1 SMP online: ipi0=0 timer1=0
[CPU0] AppFS header: 2d726f6d3166732d
[CPU0] AppFS MTD boundary checks: PASS
[CPU0] AppFS writable LittleFS: offset=0x500000 size=0x700000
[CPU0] Initializing Wi-Fi station
[CPU0] E1 Wi-Fi station netdev ready

NuttShell (NSH)
nsh> [Kifup wlan0
[CPU0] set_intr_wrapper: S31 IRQ route: cpu=0 source=122 vector=1 priority=1
[CPU0] set_intr_wrapper: S31 IRQ route: cpu=0 source=120 vector=1 priority=1
[CPU0] enable_intr_wrapper: S31 IRQ enable: mask=00000002 vector=1 irq=137
[CPU0] esp_wifi_sta_start: S31 frame statistics enable: rx=0 tx=0
ifup wlan0...OK
nsh> [Kwapi mode wlan0 2
nsh> [Kwapi psk wlan0 <REDACTED> 3
nsh> [Kwapi essid wlan0 "[REDACTED]" 1
[CPU0] esp_event_post_wrapper: S31 associated: channel=1 auth=3 bssid=7c:39:85:2a:50:04
[CPU1] esp_evt_work_cb: S31 driver STA MAC: 30:ed:a0:f3:f7:b0
[CPU1] esp_evt_work_cb: S31 driver power save: ret=0 mode=0
[CPU1] esp_evt_work_cb: S31 driver protocol: ret=0 bitmap=7
[CPU0] esp_evt_work_cb: S31 negotiated PHY: ret=0 mode=4
[CPU0] esp_evt_work_cb: S31 HE SU beamformee disabled: ret=0 value=0
[CPU0] s31_wifi_rx_counters: S31 modem clocks connected: conf1=0038e7ff bb=1 bb80x1=1 bb44=1 mac=1 apb=1 fe160=1 sec=0
[CPU0] s31_wifi_rx_counters: S31 RX counters connected: ret=0 mpdu=27460 data=33 fcs=864 abort=1227 full=0 fifo=0 other=680
[CPU0] s31_wifi_rx_counters: S31 HE counters: power=238 sigb=0 format=0 unsupported=0 siga=0 bboff=0 wdg=0
[CPU0] s31_wifi_rx_counters: S31 radio hangs: rx=0 tx=0 flags=00000000 panic=00000000 bf_timeout=0 bf_error=0
[CPU0] s31_wifi_rx_counters: S31 RX errors: ret=0 total=0 bitmap=0 tkip=0
[CPU0] s31_wifi_rx_counters: S31 RX types: ret=0 legacy=2 ht=0 su=0 ersu=0 mu=0 su_noeb=0 mu_noeb=0 stbc=0 retry=0
[CPU0] s31_wifi_rx_counters: S31 TX stats: ret=0 enable=0 complete=0 succ=0 ack=0 ba=0 retry=0 nomem=0 timeout=0
nsh> [Krenew wlan0
nsh> [Kwapi show wlan0
wlan0 Configuration:
       IP: 192.168.1.60
  NetMask: 255.255.255.0
Frequency: 2412
     Flag: WAPI_FREQ_FIXED
  Channel: 1
Frequency: 2412
    ESSID: [REDACTED]
     Flag: WAPI_ESSID_ON
     Mode: WAPI_MODE_MANAGED
       AP: 7c:39:85:2a:50:04
  BitRate: 72
     Flag: WAPI_BITRATE_FIXED
  TxPower: 20
     Flag: WAPI_TXPOWER_DBM
    Sense: -63
  Country: 01
 PTA prio: not supported
nsh> [Kcat /dev/s31stat
MONIRQ: cpu=0 defer=14841 replay=14841 ack=16778 drop=0 pending=0x0 sreplay=13
MONLAT: scope=monitor_to_wifi_cb units=cycles cpu=0 input=1 last=1222 max=24800076 samples=217 over32=32 over100=10 over1000=1 sum=26619401 direct=8 directmax=10469 deferred=209 deferredmax=24800076
MONIRQ: cpu=1 defer=9734 replay=9734 ack=10048 drop=0 pending=0x0 sreplay=1
MONLAT: scope=monitor_to_wifi_cb units=cycles cpu=1 input=1 last=0 max=0 samples=0 over32=0 over100=0 over1000=0 sum=0 direct=0 directmax=0 deferred=0 deferredmax=0
ADDRENV: created=6 fail=0 destroyed=5 live=1 livemax=2 pages=756 pgt=20
WIFIRX: callbacks=6
WIFIQ: lifetimes=1 untracked=0
WIFIQ: slot=0 active=1 depth=200 size=8 try0=208 fail0=0
TCPSYNACK: seen=0 queued=0 nomem=0 error=0 badip=0 badtcp=0
TXDONE: total=4 fail=0 invalid=0 nonarp=4
TXSHAPE: snap=4 arphdr=0 arpfail=0 offset=34 len=328
ARPREQ: seen=0 baddst=0 badsrc=0 badsha=0 badspa=0 badtha=0
ARPDIAG: dir=0 frames=0 bad=0 req=0 reply=0 peer=0 peerreply=0 lastlen=0 srcdiff=0 ok=0 drop=0
ARPDIAG: dir=1 frames=3 bad=0 req=3 reply=0 peer=0 peerreply=0 lastlen=60 srcdiff=0 ok=3 drop=0
ARPDIAG: dir=2 frames=0 bad=0 req=0 reply=0 peer=0 peerreply=0 lastlen=0 srcdiff=0 ok=0 drop=0
WAIT: pid=2 object=0x2f018bd4
LPTRACE: 0x2f00c73e
WAIT: pid=4 object=0x2f018c2c
WAIT: pid=5 object=0x2f029194
nsh> [Kifconfig
wlan0	Link encap:Ethernet HWaddr 30:ed:a0:f3:f7:b0 at RUNNING mtu 1500
	inet addr:192.168.1.60 DRaddr:192.168.1.1 Mask:255.255.255.0

	RX: Received Fragment Errors   Bytes   
	    00000007 00000000 00000000 5c8             
	    IPv4     ARP      Dropped 
	    00000000 00000000 00000000
	TX: Queued   Sent     Errors   Timeouts Bytes   
	    00000002 00000004 00000000 00000000 26d              
	Total Errors: 00000000

             IPv4   TCP   UDP  ICMP
Received     0002  0000  0002  0000
Dropped      0000  0000  0000  0000
  IPv4        VHL: 0000   Frg: 0000
  Checksum   0000  0000  0000  0000
  TCP         ACK: 0000   SYN: 0000
              RST: 0000  0000
              HDR: 0000
  Type       0000  ----  ----  0000
Sent         0002  0000  0002  0000
  Rexmit     ----  0000  ----  ----
nsh> [Karp -a
nsh: arp: missing required argument(s)
nsh> [Kping -c 3 192.168.1.29
PING 192.168.1.29 56 bytes of data
[CPU0] arp_send: ERROR: arp_wait failed: -110, ipaddr: 192.168.1.29
[CPU0] arp_send: ERROR: arp_wait failed: -110, ipaddr: 192.168.1.29
[CPU0] arp_send: ERROR: arp_wait failed: -110, ipaddr: 192.168.1.29
[CPU0] arp_send: ERROR: arp_wait failed: -110, ipaddr: 192.168.1.29
[CPU0] arp_send: ERROR: arp_wait failed: -110, ipaddr: 192.168.1.29
[CPU0] icmp_sendmsg: ERROR: Not reachable
[CPU0] icmp_sendmsg: ERROR: Not reachable
ERROR: sendto failed at seqno 0: 101
ERROR: sendto failed at seqno 1: 101
[CPU0] icmp_sendmsg: ERROR: Not reachable
ERROR: sendto failed at seqno 2: 101
3 packets transmitted, 0 received, 100% packet loss, time 3016 ms
nsh> [Kcat /dev/s31stat
MONIRQ: cpu=0 defer=19553 replay=19553 ack=21561 drop=0 pending=0x0 sreplay=16
MONLAT: scope=monitor_to_wifi_cb units=cycles cpu=0 input=1 last=925209 max=24800076 samples=331 over32=43 over100=20 over1000=3 sum=39688390 direct=8 directmax=10469 deferred=323 deferredmax=24800076
MONIRQ: cpu=1 defer=10998 replay=10998 ack=11312 drop=0 pending=0x0 sreplay=1
MONLAT: scope=monitor_to_wifi_cb units=cycles cpu=1 input=1 last=0 max=0 samples=0 over32=0 over100=0 over1000=0 sum=0 direct=0 directmax=0 deferred=0 defrredmax=0
ADDRENV: created=7 fail=0 destroyed=6 live=1 livemax=2 pages=898 pgt=24
WIFIRX: callbacks=15
WIFIQ: lifetimes=1 untracked=0
WIFIQ: slot=0 active=1 depth=200 size=8 try0=322 fail0=0
TCPSYNACK: seen=0 queued=0 nomem=0 error=0 badip=0 badtcp=0
TXDONE: total=10 fail=0 invalid=0 nonarp=10
TXSHAPE: snap=10 arphdr=6 arpfail=0 offset=34 len=58
ARPREQ: seen=5 baddst=0 badsrc=0 badsha=0 badspa=0 badtha=0
ARPDIAG: dir=0 frames=6 bad=0 req=5 reply=1 peer=5 peerreply=0 lastlen=44 srcdiff=0 ok=6 drop=0
ARPDIAG: dir=1 frames=7 bad=0 req=7 reply=0 peer=0 peerreply=0 lastlen=44 srcdiff=0 ok=7 drop=0
ARPDIAG: dir=2 frames=0 bad=0 req=0 reply=0 peer=0 peerreply=0 lastlen=0 srcdiff=0 ok=0 drop=0
WAIT: pid=2 object=0x2f018bd4
LPTRACE: 0x2f00c73e
WAIT: pid=4 object=0x2f018c2c
WAIT: pid=5 object=0x2f029194
nsh> [Kifconfig
wlan0	Link encap:Ethernet HWaddr 30:ed:a0:f3:f7:b0 at RUNNING mtu 1500
	inet addr:192.168.1.60 DRaddr:192.168.1.1 Mask:255.255.255.0

	RX: Received Fragment Errors   Bytes   
	    00000010 00000000 00000000 7c4             
	    IPv4     ARP      Dropped 
	    00000000 00000000 00000000
	TX: Queued   Sent     Errors   Timeouts Bytes   
	    00000008 0000000a 00000000 00000000 369              
	Total Errors: 00000000

             IPv4   TCP   UDP  ICMP
Received     0002  0000  0002  0000
Dropped      0000  0000  0000  0000
  IPv4        VHL: 0000   Frg: 0000
  Checksum   0000  0000  0000  0000
  TCP         ACK: 0000   SYN: 0000
              RST: 0000  0000
              HDR: 0000
  Type       0000  ----  ----  0000
Sent         0002  0000  0002  0000
  Rexmit     ----  0000  ----  ----
nsh> [Karp -a
nsh: arp: missing required argument(s)
nsh> [Kcat /dev/s31stat
MONIRQ: cpu=0 defer=29066 replay=29066 ack=31075 drop=0 pending=0x0 sreplay=16
MONLAT: scope=monitor_to_wifi_cb units=cycles cpu=0 input=1 last=1219 max=24800076 samples=1504 over32=54 over100=25 over1000=3 sum=41609647 direct=8 directmax=10469 deferred=1496 deferredmax=24800076
MONIRQ: cpu=1 defer=11390 replay=11390 ack=11704 drop=0 pending=0x0 sreplay=1
MONLAT: scope=monitor_to_wifi_cb units=cycles cpu=1 input=1 last=0 max=0 samples=0 over32=0 over100=0 over1000=0 sum=0 direct=0 directmax=0 deferred=0 deferredmax=0
ADDRENV: created=7 fail=0 destroyed=6 live=1 livemax=2 pages=898 pgt=24
WIFIRX: callbacks=45
WIFIQ: lifetimes=1 untracked=0
WIFIQ: slot=0 active=1 depth=200 size=8 try0=1007 fail0=0
TCPSYNACK: seen=0 queued=0 nomem=0 error=0 badip=0 badtcp=0
TXDONE: total=12 fail=0 invalid=0 nonarp=12
TXSHAPE: snap=12 arphdr=7 arpfail=0 offset=34 len=84
ARPREQ: seen=5 baddst=0 badsrc=0 badsha=0 badspa=0 badtha=0
ARPDIAG: dir=0 frames=7 bad=0 req=5 reply=2 peer=6 peerreply=1 lastlen=60 srcdiff=0 ok=7 drop=0
ARPDIAG: dir=1 frames=12 bad=0 req=12 reply=0 peer=1 peerreply=0 lastlen=60 srcdiff=0 ok=12 drop=0
ARPDIAG: dir=2 frames=0 bad=0 req=0 reply=0 peer=0 peerreply=0 lastlen=0 srcdiff=0 ok=0 drop=0
WAIT: pid=2 object=0x2f018bd4
LPTRACE: 0x2f00c73e
WAIT: pid=4 object=0x2f018c2c
WAIT: pid=5 object=0x2f029194
nsh> [Kifconfig
wlan0	Link encap:Ethernet HWaddr 30:ed:a0:f3:f7:b0 at RUNNING mtu 1500
	inet addr:192.168.1.60 DRaddr:192.168.1.1 Mask:255.255.255.0

	RX: Received Fragment Errors   Bytes   
	    0000002d 00000000 00000000 1f66            
	    IPv4     ARP      Dropped 
	    00000000 00000000 00000000
	TX: Queued   Sent     Errors   Timeouts Bytes   
	    0000000a 0000000c 00000000 00000000 3dd              
	Total Errors: 00000000

             IPv4   TCP   UDP  ICMP
Received     0012  0000  000e  0004
Dropped      0000  0000  0000  0000
  IPv4        VHL: 0000   Frg: 0000
  Checksum   0000  0000  0000  0000
  TCP         ACK: 0000   SYN: 0000
              RST: 0000  0000
              HDR: 0000
  Type       0000  ----  ----  0000
Sent         0006  0000  0002  0004
  Rexmit     ----  0000  ----  ----
nsh> [Karp -a
nsh: arp: missing required argument(s)
nsh> [Kping -c 3 192.168.1.29
PING 192.168.1.29 56 bytes of data
No response from 192.168.1.29: icmp_seq=0 time=1000 ms
No response from 192.168.1.29: icmp_seq=1 time=1000 ms
No response from 192.168.1.29: icmp_seq=2 time=1000 ms
3 packets transmitted, 0 received, 100% packet loss, time 3016 ms
nsh> [Kcat /dev/s31stat
MONIRQ: cpu=0 defer=33877 replay=33877 ack=35888 drop=0 pending=0x0 sreplay=17
MONLAT: scope=monitor_to_wifi_cb units=cycles cpu=0 input=1 last=1218 max=24800076 samples=1606 over32=60 over100=30 over1000=4 sum=45012997 direct=8 directmax=10469 deferred=1598 deferredmax=24800076
MONIRQ: cpu=1 defer=12649 replay=12649 ack=12963 drop=0 pending=0x0 sreplay=1
MONLAT: scope=monitor_to_wifi_cb units=cycles cpu=1 input=1 last=0 max=0 samples=0 over32=0 over100=0 over1000=0 sum=0 direct=0 directmax=0 deferred=0 deferredmax=0
ADDRENV: created=8 fail=0 destroyed=7 live=1 livemax=2 pages=1040 pgt=28
WIFIRX: callbacks=45
WIFIQ: lifetimes=1 untracked=0
WIFIQ: slot=0 active=1 depth=200 size=8 try0=1108 fail0=0
TCPSYNACK: seen=0 queued=0 nomem=0 error=0 badip=0 badtcp=0
TXDONE: total=15 fail=0 invalid=0 nonarp=15
TXSHAPE: snap=15 arphdr=7 arpfail=0 offset=34 len=108
ARPREQ: seen=5 baddst=0 badsrc=0 badsha=0 badspa=0 badtha=0
ARPDIAG: dir=0 frames=7 bad=0 req=5 reply=2 peer=6 peerreply=1 lastlen=60 srcdiff=0 ok=7 drop=0
ARPDIAG: dir=1 frames=12 bad=0 req=12 reply=0 peer=1 peerreply=0 lastlen=60 srcdiff=0 ok=12 drop=0
ARPDIAG: dir=2 frames=0 bad=0 req=0 reply=0 peer=0 peerreply=0 lastlen=0 srcdiff=0 ok=0 drop=0
WAIT: pid=2 object=0x2f018bd4
LPTRACE: 0x2f00c73e
WAIT: pid=4 object=0x2f018c2c
WAIT: pid=5 object=0x2f029194
nsh> [Kifconfig
wlan0	Link encap:Ethernet HWaddr 30:ed:a0:f3:f7:b0 at RUNNING mtu 1500
	inet addr:192.168.1.60 DRaddr:192.168.1.1 Mask:255.255.255.0

	RX: Received Fragment Errors   Bytes   
	    0000002d 00000000 00000000 1f66            
	    IPv4     ARP      Dropped 
	    00000000 00000000 00000000
	TX: Queued   Sent     Errors   Timeouts Bytes   
	    0000000d 0000000f 00000000 00000000 503              
	Total Errors: 00000000

             IPv4   TCP   UDP  ICMP
Received     0012  0000  000e  0004
Dropped      0000  0000  0000  0000
  IPv4        VHL: 0000   Frg: 0000
  Checksum   0000  0000  0000  0000
  TCP         ACK: 0000   SYN: 0000
              RST: 0000  0000
              HDR: 0000
  Type       0000  ----  ----  0000
Sent         0009  0000  0002  0007
  Rexmit     ----  0000  ----  ----
nsh> [Karp -a
nsh: arp: missing required argument(s)
nsh> [Kiperf2 -s -u -p 5199 -i 1 &
iperf2 [15:101]
nsh> [K------------------------------------------------------------
Server listening on UDP port 5199
UDP buffer size: 16.0 KByte
------------------------------------------------------------
[  1] local 0.0.0.0 port 5199 connected with 192.168.1.29 port 60074
[ ID] Interval       Transfer     Bandwidth        Jitter   Lost/Total Datagrams
[  1] 0.00-1.00 sec   128 KBytes  1.05 Mbits/sec  71733.440 ms 0/89 (0%)
[  1] 1.00-2.00 sec   129 KBytes  1.06 Mbits/sec  218.323 ms 0/90 (0%)
[  1] 0.00-2.01 sec   260 KBytes  1.06 Mbits/sec  192.063 ms 0/181 (0%)
kill -15 15
nsh> [Kcat /dev/s31stat
MONIRQ: cpu=0 defer=42004 replay=42004 ack=44032 drop=0 pending=0x0 sreplay=18
MONLAT: scope=monitor_to_wifi_cb units=cycles cpu=0 input=1 last=1227 max=47190567 samples=2024 over32=120 over100=79 over1000=7 sum=101634132 direct=10 directmax=10469 deferred=2014 deferredmax=47190567
MONIRQ: cpu=1 defer=17027 replay=17027 ack=17341 drop=0 pending=0x0 sreplay=1
MONLAT: scope=monitor_to_wifi_cb units=cycles cpu=1 input=1 last=0 max=0 samples=0 over32=0 over100=0 over1000=0 sum=0 direct=0 directmax=0 deferred=0 deferredmax=0
ADDRENV: created=9 fail=0 destroyed=7 live=2 livemax=2 pages=1040 pgt=28
WIFIRX: callbacks=231
WIFIQ: lifetimes=1 untracked=0
WIFIQ: slot=0 active=1 depth=200 size=8 try0=1447 fail0=0
TCPSYNACK: seen=0 queued=0 nomem=0 error=0 badip=0 badtcp=0
TXDONE: total=16 fail=0 invalid=0 nonarp=16
TXSHAPE: snap=16 arphdr=7 arpfail=0 offset=34 len=180
ARPREQ: seen=5 baddst=0 badsrc=0 badsha=0 badspa=0 badtha=0
ARPDIAG: dir=0 frames=7 bad=0 req=5 reply=2 peer=6 peerreply=1 lastlen=60 srcdiff=0 ok=7 drop=0
ARPDIAG: dir=1 frames=12 bad=0 req=12 reply=0 peer=1 peerreply=0 lastlen=60 srcdiff=0 ok=12 drop=0
ARPDIAG: dir=2 frames=0 bad=0 req=0 reply=0 peer=0 peerreply=0 lastlen=0 srcdiff=0 ok=0 drop=0
WAIT: pid=2 object=0x2f018bd4
LPTRACE: 0x2f00c73e
WAIT: pid=19 object=0x61401394
WAIT: pid=4 object=0x2f018c2c
WAIT: pid=5 object=0x2f029194
WAIT: pid=24 object=0x2f05c874
WAIT: pid=15 object=0x614013e4
nsh> [Krecvfrom failed: Interrupted system call
ifconfig
wlan0	Link encap:Ethernet HWaddr 30:ed:a0:f3:f7:b0 at RUNNING mtu 1500
	inet addr:192.168.1.60 DRaddr:192.168.1.1 Mask:255.255.255.0

	RX: Received Fragment Errors   Bytes   
	    000000e7 00000000 00000000 44d9a           
	    IPv4     ARP      Dropped 
	    00000000 00000000 00000000
	TX: Queued   Sent     Errors   Timeouts Bytes   
	    0000000e 00000010 00000000 00000000 5ad              
	Total Errors: 00000000

             IPv4   TCP   UDP  ICMP
Received     00c7  0000  00c3  0004
Dropped      0000  0000  0000  0000
  IPv4        VHL: 0000   Frg: 0000
  Checksum   0000  0000  0000  0000
  TCP         ACK: 0000   SYN: 0000
              RST: 0000  0000
              HDR: 0000
  Type       0000  ----  ----  0000
Sent         000a  0000  0003  0007
  Rexmit     ----  0000  ----  ----
nsh> [Karp -a
nsh: arp: missing required argument(s)
nsh> [Kcat /proc/iobinfo
    ntotal     nfree     nwait nthrottle
       128       128         0       104
nsh> [Kfree
      total       used       free    maxused    maxfree  nused  nfree name
     261660     105740     155920     138016      99656    232     21 Kmem
   16777216     684032   16093184   16093184 Page
nsh> [Kiperf2 -c 192.168.1.29 -p 5101 -i 1 -t 30 -l 16384 -w 16k
------------------------------------------------------------
Client connecting to 192.168.1.29, TCP port 5101
TCP window size: 15.6 KByte
------------------------------------------------------------
[  1] local 192.168.1.60 port 28000 connected with 192.168.1.29 port 5101
[ ID] Interval       Transfer     Bandwidth
[  1] 0.00-1.00 sec   432 KBytes  3.54 Mbits/sec
[  1] 1.00-2.00 sec   432 KBytes  3.54 Mbits/sec
[  1] 2.00-3.00 sec   432 KBytes  3.54 Mbits/sec
[  1] 3.00-4.00 sec   448 KBytes  3.67 Mbits/sec
[  1] 4.00-5.00 sec   464 KBytes  3.80 Mbits/sec
[  1] 5.00-6.00 sec   432 KBytes  3.54 Mbits/sec
[  1] 6.00-7.00 sec   416 KBytes  3.41 Mbits/sec
[  1] 7.00-8.00 sec   400 KBytes  3.28 Mbits/sec
[  1] 8.00-9.00 sec   288 KBytes  2.36 Mbits/sec
[  1] 9.00-10.00 sec   448 KBytes  3.67 Mbits/sec
[  1] 10.00-11.00 sec   448 KBytes  3.67 Mbits/sec
[  1] 11.00-12.00 sec   448 KBytes  3.67 Mbits/sec
[  1] 12.00-13.00 sec   464 KBytes  3.80 Mbits/sec
[  1] 13.00-14.00 sec   416 KBytes  3.41 Mbits/sec
[  1] 14.00-15.00 sec   400 KBytes  3.28 Mbits/sec
[  1] 15.00-16.00 sec   448 KBytes  3.67 Mbits/sec
[  1] 16.00-17.00 sec   432 KBytes  3.54 Mbits/sec
[  1] 17.00-18.00 sec   432 KBytes  3.54 Mbits/sec
[  1] 18.00-19.00 sec   448 KBytes  3.67 Mbits/sec
[  1] 19.00-20.00 sec   416 KBytes  3.41 Mbits/sec
[  1] 20.00-21.00 sec   432 KBytes  3.54 Mbits/sec
[  1] 21.00-22.00 sec   432 KBytes  3.54 Mbits/sec
[  1] 22.00-23.00 sec   432 KBytes  3.54 Mbits/sec
[  1] 23.00-24.00 sec   448 KBytes  3.67 Mbits/sec
[  1] 24.00-25.00 sec   432 KBytes  3.54 Mbits/sec
[  1] 25.00-26.00 sec   464 KBytes  3.80 Mbits/sec
[  1] 26.00-27.00 sec   432 KBytes  3.54 Mbits/sec
[  1] 27.00-28.00 sec   432 KBytes  3.54 Mbits/sec
[  1] 28.00-29.00 sec   432 KBytes  3.54 Mbits/sec
[  1] 29.00-30.00 sec   432 KBytes  3.54 Mbits/sec
[CPU0] S31_TCP_SHUTDOWN state=4 how=2 write_empty=1 unacked_empty=1 tx_unacked=0 seq=1341098954
[  1] 0.00-30.07 sec  12.6 MBytes  3.52 Mbits/sec
nsh> [Kcat /proc/iobinfo
    ntotal     nfree     nwait nthrottle
       128       128         0       104
nsh> [Kfree
      total       used       free    maxused    maxfree  nused  nfree name
     261660     105668     155992     150768      83272    231     21 Kmem
   16777216     684032   16093184   16093184 Page
nsh> [K