cat /dev/s31stat
MONIRQ: cpu=0 defer=42004 replay=42004 ack=44032 drop=0 pending=0x0 sreplay=18
MONLAT: scope=monitor_to_wifi_cb units=cycles cpu=0 input=1 last=1227 max=47190567 samples=2024 over32=120 over100=79 over1000=7 sum=101634132 direct=10 directmax=10469 deferred=2014 deferredmax=47190567
MONIRQ: cpu=1 defer=17027 replay=17027 ack=17341 drop=0 pending=0x0 sreplay=1
MONLAT: scope=monitor_to_wifi_cb units=cycles cpu=1 input=1 last=0 max=0 samples=0 over32=0 over100=0 over1000=0 sum=0 direct=0 directmax=0 deferred=0 deferredmax=0
ADDRENV: created=9 fail=0 destroyed=7 live=2 livemax=2 pages=1040 pgt=28
WIFIRX: callbacks=231
WIFIQ: lifetimes=1 untracked=0
WIFIQ: slot=0 active=1 depth=200 size=8 try0=1447 fail0=0
TCPSYNACK: seen=0 queued=0 nomem=0 error=0 badip=0 badtcp=0
TXDONE: total=16 fail=0 invalid=0 nonarp=16
TXSHAPE: snap=16 arphdr=7 arpfail=0 offset=34 len=180
ARPREQ: seen=5 baddst=0 badsrc=0 badsha=0 badspa=0 badtha=0
ARPDIAG: dir=0 frames=7 bad=0 req=5 reply=2 peer=6 peerreply=1 lastlen=60 srcdiff=0 ok=7 drop=0
ARPDIAG: dir=1 frames=12 bad=0 req=12 reply=0 peer=1 peerreply=0 lastlen=60 srcdiff=0 ok=12 drop=0
ARPDIAG: dir=2 frames=0 bad=0 req=0 reply=0 peer=0 peerreply=0 lastlen=0 srcdiff=0 ok=0 drop=0
WAIT: pid=2 object=0x2f018bd4
LPTRACE: 0x2f00c73e
WAIT: pid=19 object=0x61401394
WAIT: pid=4 object=0x2f018c2c
WAIT: pid=5 object=0x2f029194
WAIT: pid=24 object=0x2f05c874
WAIT: pid=15 object=0x614013e4
nsh> [Krecvfrom failed: Interrupted system call
ifconfig
wlan0	Link encap:Ethernet HWaddr 30:ed:a0:f3:f7:b0 at RUNNING mtu 1500
	inet addr:192.168.1.60 DRaddr:192.168.1.1 Mask:255.255.255.0

	RX: Received Fragment Errors   Bytes   
	    000000e7 00000000 00000000 44d9a           
	    IPv4     ARP      Dropped 
	    00000000 00000000 00000000
	TX: Queued   Sent     Errors   Timeouts Bytes   
	    0000000e 00000010 00000000 00000000 5ad              
	Total Errors: 00000000

             IPv4   TCP   UDP  ICMP
Received     00c7  0000  00c3  0004
Dropped      0000  0000  0000  0000
  IPv4        VHL: 0000   Frg: 0000
  Checksum   0000  0000  0000  0000
  TCP         ACK: 0000   SYN: 0000
              RST: 0000  0000
              HDR: 0000
  Type       0000  ----  ----  0000
Sent         000a  0000  0003  0007
  Rexmit     ----  0000  ----  ----
nsh> [Karp -a
nsh: arp: missing required argument(s)
nsh> [K