XTS_RECEIPT=/home/regex/work/esp32s31-openvela/backups/2026-09-10-scan-stress/build976-flat-category-fs-perf.sha256
XTS_MOUNT_EVIDENCE=/home/regex/work/esp32s31-openvela/backups/2026-09-10-scan-stress/checkpoint1018-fs-mount/mount-evidence.log
XTS_MOUNT_EVIDENCE_SHA256=5fc2f61a1f5b76dd5bc5d9d662ac5e3b04f4c7166fbddf1f73c8fb5acd42ee6c
XTS_COMMAND=mount
--- CMD: mount ---
mount
  /data type littlefs
  /proc type procfs
  /tmp type tmpfs
nsh> [K
nsh> [K
XTS_COMMAND=ls /dev/xtsflash
--- CMD: ls /dev/xtsflash ---
ls /dev/xtsflash
 /dev/xtsflash
nsh> [K
nsh> [K
XTS_COMMAND=ps
--- CMD: ps ---
ps
  PID GROUP PRI POLICY   TYPE    NPX STATE    EVENT     SIGMASK            STACK COMMAND
    0     0   0 FIFO     Kthread   - Ready              0000000000000000 0002016 CPU0 IDLE
    1     0 224 RR       Kthread   - Waiting  Semaphore 0000000000000000 0004016 hpwork 0x2f009540 0x2f009588
    2     0 100 RR       Kthread   - Waiting  Semaphore 0000000000000000 0004016 lpwork 0x2f0094c0 0x2f009508
    4     0 223 RR       Kthread   - Waiting  Semaphore 0000000000000000 0004024 hr_timer
    5     5 100 RR       Task      - Running            0000000000000000 0008128 nsh_main
nsh> [K
nsh> [K
XTS_COMMAND=df
--- CMD: df ---
df
  Block    Number
  Size     Blocks       Used   Available Mounted on
  4096        256         10         246 /data
     0          0          0           0 /proc
   512          1          1           0 /tmp
nsh> [K
nsh> [K
XTS_COMMAND=ls -l /data
--- CMD: ls -l /data ---
ls -l /data
/data:
 drwxrwxrwx           0 .
 dr--r--r--           0 ..
 -rw-r--r--       12288 persist.db
 drwxrwxrwx           0 s05/
 drwxrwxrwx           0 s06/
 -rw-rw-rw-          27 test.prop
nsh> [K
nsh> [K
XTS_COMMAND=mkdir /data/s08
--- CMD: mkdir /data/s08 ---
mkdir /data/s08
nsh> [K
nsh> [K
XTS_COMMAND=vela_fs_multi_thread_write_test -d /data/s08 -l 1000
--- CMD: vela_fs_multi_thread_write_test -d /data/s08 -l 1000 ---
vela_fs_multi_thread_write_test -d /data/s08 -l 1000
Creating threads...
Joining threads...
TEST PASS!
nsh> [K
nsh> [K
XTS_CASE=5.1.8 PASS original_workload=1
XTS_COMMAND=ls -l /data/s08
--- CMD: ls -l /data/s08 ---
ls -l /data/s08
/data/s08:
 drwxrwxrwx           0 .
 drwxrwxrwx           0 ..
nsh> [K
nsh> [K
XTS_COMMAND=df
--- CMD: df ---
df
  Block    Number
  Size     Blocks       Used   Available Mounted on
  4096        256         12         244 /data
     0          0          0           0 /proc
   512          1          1           0 /tmp
nsh> [K
nsh> [K
XTS_CASE_POSTCHECK=COMPLETE retained_directory=/data/s08
