--- CMD: ifconfig ---
ifconfig
wlan0	Link encap:Ethernet HWaddr 30:ed:a0:f3:f7:b0 at UP mtu 1500
	inet addr:192.168.1.60 DRaddr:192.168.1.1 Mask:255.255.255.0

nsh> [K
nsh> [K
--- CMD: ps ---
ps
  PID GROUP CPU(AFFINITY)   PRI POLICY   TYPE    NPX STATE    EVENT     SIGMASK            STACK COMMAND
    0     0 000(0x00000003)   0 FIFO     Kthread   - Assigned           0000000000000000 0003024 CPU0 IDLE
    1     0 001(0x00000003)   0 FIFO     Kthread   - Running            0000000000000000 0003024 CPU1 IDLE
    2     0 ---(0x00000003) 100 RR       Kthread   - Waiting  Semaphore 0000000000000000 0001952 lpwork 0x2f011140 0x2f01118c
    4     0 ---(0x00000003) 223 RR       Kthread   - Waiting  Semaphore 0000000000000000 0001968 hr_timer
    5     0 ---(0x00000001) 253 RR       Kthread   - Waiting  MQ empty  0000000000000000 0003520 wifi
    6     6 000(0x00000003) 101 RR       Task      - Running            0000000000000000 0004016 /system/bin/init
nsh> [K
nsh> [K
--- CMD: free ---
free
      total       used       free    maxused    maxfree  nused  nfree name
     310892      83116     227776     167976     148808    210     17 Kmem
   16777216     684032   16093184   16093184 Page
nsh> [K
nsh> [K
