ESP-ROM:esp32s31-20251218
Build:Dec 18 2025
rst:0x1 (POWERON),boot:0x79 (SPI_FAST_FLASH_BOOT)
SPI mode:DIO, clock div:1
load:0x2f000000,len:0x8d9c
load:0x2f008e00,len:0x2ad8
entry 0x2f0089de
*** Booting NuttX ***
dram: lma 0x00002020 vma 0x2f000000 len 0x8d9c   (36252)
dram: lma 0x0000adc4 vma 0x2f008e00 len 0x2ad8   (10968)
padd: lma 0x0000d8c8 vma 0x00000000 len 0x2750   (10064)
imap: lma 0x00010020 vma 0x40030020 len 0x85c4   (34244)
padd: lma 0x000185ec vma 0x00000000 len 0x7b0c   (31500)
imap: lma 0x00020100 vma 0x40000100 len 0x2abd4  (175060)
total segments stored 6
ABCS31 LCD: NuttX framebuffer 800x480 RGB565 pclk=18000000, two DMA scan buffers, raw link-switch polling
OPENVELA_FB_READY /dev/fb0 RGB565 800x480
S31 DVP controller prepared: 640x480 RGB565, 614400 bytes
S31 camera SCCB sensor ID: 0x3660

NuttShell (NSH)
nsh> [Kls /dev
/dev:
 console
 fb0
 i2c0
 null
 random
 ttyS0
 video0
 zero
nsh> [Ks31preview --frames 600
s31preview: video=/dev/video0 640x480 RGB565 stride=1280 bytes=614400 buffers=2 fb=/dev/fb0 800x480 stride=1600 x=80 frames=600 timeout_ms=3000
S31 LCD: UPDATE_STAGE=copy
S31 LCD: UPDATE_STAGE=cache-writeback
S31 LCD: UPDATE_STAGE=link-request channel=0
S31 LCD: UPDATE_STAGE=link-wait
S31 LCD: UPDATE_STAGE=complete raw=00000403
s31preview: frame=1 buffer=0 capture_time=18.420000 elapsed_ms=510 bytesused=614400 fnv1a32=ef5b5383 update=OK
s31preview: frame=2 buffer=1 capture_time=18.640000 elapsed_ms=730 bytesused=614400 fnv1a32=cc8eca20 update=OK
s31preview: frame=3 buffer=0 capture_time=18.860000 elapsed_ms=960 bytesused=614400 fnv1a32=527b1a50 update=OK
s31preview: frame=4 buffer=1 capture_time=19.090000 elapsed_ms=1180 bytesused=614400 fnv1a32=5759e058 update=OK
s31preview: frame=5 buffer=0 capture_time=19.310000 elapsed_ms=1410 bytesused=614400 fnv1a32=a029fa27 update=OK
s31preview: frame=6 buffer=1 capture_time=19.540000 elapsed_ms=1630 bytesused=614400 fnv1a32=21c1dd03 update=OK
s31preview: frame=7 buffer=0 capture_time=19.760000 elapsed_ms=1860 bytesused=614400 fnv1a32=8cdef996 update=OK
s31preview: frame=8 buffer=1 capture_time=19.990000 elapsed_ms=2100 bytesused=614400 fnv1a32=d08e739a update=OK
s31preview: frame=9 buffer=0 capture_time=20.210000 elapsed_ms=2310 bytesused=614400 fnv1a32=9d47818b update=OK
s31preview: frame=10 buffer=1 capture_time=20.440000 elapsed_ms=2550 bytesused=614400 fnv1a32=e95c2ec0 update=OK
s31preview: frame=11 buffer=0 capture_time=20.660000 elapsed_ms=2770 bytesused=614400 fnv1a32=0052ef83 update=OK
s31preview: frame=12 buffer=1 capture_time=20.890000 elapsed_ms=3000 bytesused=614400 fnv1a32=e5434f20 update=OK
s31preview: frame=13 buffer=0 capture_time=21.110000 elapsed_ms=3220 bytesused=614400 fnv1a32=c9e88201 update=OK
s31preview: frame=14 buffer=1 capture_time=21.340000 elapsed_ms=3450 bytesused=614400 fnv1a32=8f20f5a4 update=OK
s31preview: frame=15 buffer=0 capture_time=21.560000 elapsed_ms=3670 bytesused=614400 fnv1a32=36c83d15 update=OK
s31preview: frame=16 buffer=1 capture_time=21.790000 elapsed_ms=3900 bytesused=614400 fnv1a32=8265cb0d update=OK
s31preview: frame=17 buffer=0 capture_time=22.010000 elapsed_ms=4120 bytesused=614400 fnv1a32=d881d3b4 update=OK
s31preview: frame=18 buffer=1 capture_time=22.240000 elapsed_ms=4350 bytesused=614400 fnv1a32=11488515 update=OK
s31preview: frame=19 buffer=0 capture_time=22.460000 elapsed_ms=4580 bytesused=614400 fnv1a32=40b4bcbb update=OK
s31preview: frame=20 buffer=1 capture_time=22.690000 elapsed_ms=4800 bytesused=614400 fnv1a32=8bc25827 update=OK
s31preview: frame=21 buffer=0 capture_time=22.910000 elapsed_ms=5030 bytesused=614400 fnv1a32=e1de8242 update=OK
s31preview: frame=22 buffer=1 capture_time=23.140000 elapsed_ms=5230 bytesused=614400 fnv1a32=bc6b9ec6 update=OK
s31preview: frame=23 buffer=0 capture_time=23.360000 elapsed_ms=5460 bytesused=614400 fnv1a32=bef98155 update=OK
s31preview: frame=24 buffer=1 capture_time=23.590000 elapsed_ms=5680 bytesused=614400 fnv1a32=05c014bc update=OK
s31preview: frame=25 buffer=0 capture_time=23.810000 elapsed_ms=5910 bytesused=614400 fnv1a32=7c714f1c update=OK
s31preview: frame=26 buffer=1 capture_time=24.040000 elapsed_ms=6130 bytesused=614400 fnv1a32=ac4f2052 update=OK
s31preview: frame=27 buffer=0 capture_time=24.260000 elapsed_ms=6360 bytesused=614400 fnv1a32=7b29a326 update=OK
s31preview: frame=28 buffer=1 capture_time=24.490000 elapsed_ms=6580 bytesused=614400 fnv1a32=32ff58df update=OK
s31preview: frame=29 buffer=0 capture_time=24.710000 elapsed_ms=6810 bytesused=614400 fnv1a32=2116783a update=OK
s31preview: frame=30 buffer=1 capture_time=24.940000 elapsed_ms=7030 bytesused=614400 fnv1a32=b53d0783 update=OK
s31preview: frame=31 buffer=0 capture_time=25.160000 elapsed_ms=7260 bytesused=614400 fnv1a32=96c0ba5f update=OK
s31preview: frame=32 buffer=1 capture_time=25.390000 elapsed_ms=7480 bytesused=614400 fnv1a32=b5d6ef5e update=OK
s31preview: frame=33 buffer=0 capture_time=25.610000 elapsed_ms=7710 bytesused=614400 fnv1a32=e784ce19 update=OK
s31preview: frame=34 buffer=1 capture_time=25.840000 elapsed_ms=7930 bytesused=614400 fnv1a32=3b68b829 update=OK
s31preview: frame=35 buffer=0 capture_time=26.060000 elapsed_ms=8160 bytesused=614400 fnv1a32=b1c61cac update=OK
s31preview: frame=36 buffer=1 capture_time=26.300000 elapsed_ms=8390 bytesused=614400 fnv1a32=0cd716fd update=OK
s31preview: frame=37 buffer=0 capture_time=26.510000 elapsed_ms=8610 bytesused=614400 fnv1a32=51106ba2 update=OK
s31preview: frame=38 buffer=1 capture_time=26.750000 elapsed_ms=8840 bytesused=614400 fnv1a32=3ba0cd6f update=OK
s31preview: frame=39 buffer=0 capture_time=26.960000 elapsed_ms=9070 bytesused=614400 fnv1a32=e6ecd0ee update=OK
s31preview: frame=40 buffer=1 capture_time=27.200000 elapsed_ms=9290 bytesused=614400 fnv1a32=43e5f736 update=OK
s31preview: frame=41 buffer=0 capture_time=27.410000 elapsed_ms=9520 bytesused=614400 fnv1a32=4e4076e0 update=OK
s31preview: frame=42 buffer=1 capture_time=27.650000 elapsed_ms=9740 bytesused=614400 fnv1a32=712eb859 update=OK
s31preview: frame=43 buffer=0 capture_time=27.860000 elapsed_ms=9970 bytesused=614400 fnv1a32=1867f419 update=OK
s31preview: frame=44 buffer=1 capture_time=28.100000 elapsed_ms=10190 bytesused=614400 fnv1a32=a8ea6935 update=OK
s31preview: frame=45 buffer=0 capture_time=28.310000 elapsed_ms=10420 bytesused=614400 fnv1a32=77aab140 update=OK
s31preview: frame=46 buffer=1 capture_time=28.550000 elapsed_ms=10660 bytesused=614400 fnv1a32=f623a664 update=OK
s31preview: frame=47 buffer=0 capture_time=28.760000 elapsed_ms=10880 bytesused=614400 fnv1a32=1058d1fb update=OK
s31preview: frame=48 buffer=1 capture_time=29.000000 elapsed_ms=11110 bytesused=614400 fnv1a32=28a5cef4 update=OK
s31preview: frame=49 buffer=0 capture_time=29.210000 elapsed_ms=11330 bytesused=614400 fnv1a32=a4a4073f update=OK
s31preview: frame=50 buffer=1 capture_time=29.450000 elapsed_ms=11560 bytesused=614400 fnv1a32=2f48f7fb update=OK
s31preview: frame=51 buffer=0 capture_time=29.660000 elapsed_ms=11760 bytesused=614400 fnv1a32=2418ff39 update=OK
s31preview: frame=52 buffer=1 capture_time=29.900000 elapsed_ms=12010 bytesused=614400 fnv1a32=62c986a0 update=OK
s31preview: frame=53 buffer=0 capture_time=30.110000 elapsed_ms=12210 bytesused=614400 fnv1a32=5f005941 update=OK
s31preview: frame=54 buffer=1 capture_time=30.350000 elapsed_ms=12460 bytesused=614400 fnv1a32=9e86a846 update=OK
s31preview: frame=55 buffer=0 capture_time=30.560000 elapsed_ms=12660 bytesused=614400 fnv1a32=04bb27d9 update=OK
s31preview: frame=56 buffer=1 capture_time=30.800000 elapsed_ms=12910 bytesused=614400 fnv1a32=85189462 update=OK
s31preview: frame=57 buffer=0 capture_time=31.010000 elapsed_ms=13110 bytesused=614400 fnv1a32=19b7fc30 update=OK
s31preview: frame=58 buffer=1 capture_time=31.250000 elapsed_ms=13360 bytesused=614400 fnv1a32=807aee14 update=OK
s31preview: frame=59 buffer=0 capture_time=31.460000 elapsed_ms=13560 bytesused=614400 fnv1a32=aaf6799a update=OK
s31preview: frame=60 buffer=1 capture_time=31.700000 elapsed_ms=13790 bytesused=614400 fnv1a32=e81b759e update=OK
s31preview: frame=61 buffer=0 capture_time=31.910000 elapsed_ms=14010 bytesused=614400 fnv1a32=427dd2bd update=OK
s31preview: frame=62 buffer=1 capture_time=32.150000 elapsed_ms=14240 bytesused=614400 fnv1a32=37700753 update=OK
s31preview: frame=63 buffer=0 capture_time=32.360000 elapsed_ms=14460 bytesused=614400 fnv1a32=5699d837 update=OK
s31preview: frame=64 buffer=1 capture_time=32.600000 elapsed_ms=14690 bytesused=614400 fnv1a32=2b47e010 update=OK
s31preview: frame=65 buffer=0 capture_time=32.810000 elapsed_ms=14910 bytesused=614400 fnv1a32=49cbe88f update=OK
s31preview: frame=66 buffer=1 capture_time=33.050000 elapsed_ms=15140 bytesused=614400 fnv1a32=7e4a5571 update=OK
s31preview: frame=67 buffer=0 capture_time=33.260000 elapsed_ms=15370 bytesused=614400 fnv1a32=26a2e600 update=OK
s31preview: frame=68 buffer=1 capture_time=33.500000 elapsed_ms=15590 bytesused=614400 fnv1a32=1b4ef757 update=OK
s31preview: frame=69 buffer=0 capture_time=33.710000 elapsed_ms=15820 bytesused=614400 fnv1a32=787d89ae update=OK
s31preview: frame=70 buffer=1 capture_time=33.950000 elapsed_ms=16040 bytesused=614400 fnv1a32=96289fa8 update=OK
s31preview: frame=71 buffer=0 capture_time=34.160000 elapsed_ms=16270 bytesused=614400 fnv1a32=4b42cc0d update=OK
s31preview: frame=72 buffer=1 capture_time=34.400000 elapsed_ms=16490 bytesused=614400 fnv1a32=d0937cd4 update=OK
s31preview: frame=73 buffer=0 capture_time=34.610000 elapsed_ms=16720 bytesused=614400 fnv1a32=6a1d4ab9 update=OK
s31preview: frame=74 buffer=1 capture_time=34.850000 elapsed_ms=16960 bytesused=614400 fnv1a32=6b3d54e0 update=OK
s31preview: frame=75 buffer=0 capture_time=35.060000 elapsed_ms=17180 bytesused=614400 fnv1a32=546ec03b update=OK
s31preview: frame=76 buffer=1 capture_time=35.300000 elapsed_ms=17410 bytesused=614400 fnv1a32=80062841 update=OK
s31preview: frame=77 buffer=0 capture_time=35.510000 elapsed_ms=17630 bytesused=614400 fnv1a32=71c50279 update=OK
s31preview: frame=78 buffer=1 capture_time=35.750000 elapsed_ms=17860 bytesused=614400 fnv1a32=3e1e33bc update=OK
s31preview: frame=79 buffer=0 capture_time=35.970000 elapsed_ms=18080 bytesused=614400 fnv1a32=70a04759 update=OK
s31preview: frame=80 buffer=1 capture_time=36.200000 elapsed_ms=18310 bytesused=614400 fnv1a32=21e09604 update=OK
s31preview: frame=81 buffer=0 capture_time=36.420000 elapsed_ms=18530 bytesused=614400 fnv1a32=9b646313 update=OK
s31preview: frame=82 buffer=1 capture_time=36.650000 elapsed_ms=18760 bytesused=614400 fnv1a32=9635aa60 update=OK
s31preview: frame=83 buffer=0 capture_time=36.870000 elapsed_ms=18990 bytesused=614400 fnv1a32=58942375 update=OK
s31preview: frame=84 buffer=1 capture_time=37.100000 elapsed_ms=19210 bytesused=614400 fnv1a32=ffb25a90 update=OK
s31preview: frame=85 buffer=0 capture_time=37.320000 elapsed_ms=19440 bytesused=614400 fnv1a32=c989d97f update=OK
s31preview: frame=86 buffer=1 capture_time=37.550000 elapsed_ms=19660 bytesused=614400 fnv1a32=59cd3ff3 update=OK
s31preview: frame=87 buffer=0 capture_time=37.770000 elapsed_ms=19890 bytesused=614400 fnv1a32=369c1b45 update=OK
s31preview: frame=88 buffer=1 capture_time=38.000000 elapsed_ms=20090 bytesused=614400 fnv1a32=61cf6922 update=OK
s31preview: frame=89 buffer=0 capture_time=38.220000 elapsed_ms=20320 bytesused=614400 fnv1a32=0f69bffc update=OK
s31preview: frame=90 buffer=1 capture_time=38.450000 elapsed_ms=20540 bytesused=614400 fnv1a32=4e6dac7e update=OK
s31preview: frame=91 buffer=0 capture_time=38.670000 elapsed_ms=20770 bytesused=614400 fnv1a32=502da6f6 update=OK
s31preview: frame=92 buffer=1 capture_time=38.900000 elapsed_ms=20990 bytesused=614400 fnv1a32=7f5e2e3b update=OK
s31preview: frame=93 buffer=0 capture_time=39.120000 elapsed_ms=21220 bytesused=614400 fnv1a32=52cb99c5 update=OK
s31preview: frame=94 buffer=1 capture_time=39.350000 elapsed_ms=21440 bytesused=614400 fnv1a32=bba4c40d update=OK
s31preview: frame=95 buffer=0 capture_time=39.570000 elapsed_ms=21670 bytesused=614400 fnv1a32=68ff0f85 update=OK
s31preview: frame=96 buffer=1 capture_time=39.800000 elapsed_ms=21890 bytesused=614400 fnv1a32=759690f3 update=OK
s31preview: frame=97 buffer=0 capture_time=40.020000 elapsed_ms=22120 bytesused=614400 fnv1a32=582d2808 update=OK
s31preview: frame=98 buffer=1 capture_time=40.250000 elapsed_ms=22340 bytesused=614400 fnv1a32=2c843d9c update=OK
s31preview: frame=99 buffer=0 capture_time=40.470000 elapsed_ms=22570 bytesused=614400 fnv1a32=8da4a70d update=OK
s31preview: frame=100 buffer=1 capture_time=40.700000 elapsed_ms=22790 bytesused=614400 fnv1a32=9d86dd35 update=OK
s31preview: frame=101 buffer=0 capture_time=40.920000 elapsed_ms=23020 bytesused=614400 fnv1a32=b22b1377 update=OK
s31preview: frame=102 buffer=1 capture_time=41.150000 elapsed_ms=23260 bytesused=614400 fnv1a32=004b38c2 update=OK
s31preview: frame=103 buffer=0 capture_time=41.370000 elapsed_ms=23470 bytesused=614400 fnv1a32=68048a5b update=OK
s31preview: frame=104 buffer=1 capture_time=41.600000 elapsed_ms=23710 bytesused=614400 fnv1a32=767cb5ef update=OK
s31preview: frame=105 buffer=0 capture_time=41.820000 elapsed_ms=23930 bytesused=614400 fnv1a32=f909bb4c update=OK
s31preview: frame=106 buffer=1 capture_time=42.050000 elapsed_ms=24160 bytesused=614400 fnv1a32=fbf548a3 update=OK
s31preview: frame=107 buffer=0 capture_time=42.270000 elapsed_ms=24380 bytesused=614400 fnv1a32=f50e7544 update=OK
s31preview: frame=108 buffer=1 capture_time=42.500000 elapsed_ms=24610 bytesused=614400 fnv1a32=16e12cf6 update=OK
s31preview: frame=109 buffer=0 capture_time=42.720000 elapsed_ms=24830 bytesused=614400 fnv1a32=3a7ee50a update=OK
s31preview: frame=110 buffer=1 capture_time=42.950000 elapsed_ms=25060 bytesused=614400 fnv1a32=3638ca1a update=OK
s31preview: frame=111 buffer=0 capture_time=43.170000 elapsed_ms=25290 bytesused=614400 fnv1a32=cb832c37 update=OK
s31preview: frame=112 buffer=1 capture_time=43.400000 elapsed_ms=25510 bytesused=614400 fnv1a32=98e08325 update=OK
s31preview: frame=113 buffer=0 capture_time=43.620000 elapsed_ms=25740 bytesused=614400 fnv1a32=e8354873 update=OK
s31preview: frame=114 buffer=1 capture_time=43.850000 elapsed_ms=25960 bytesused=614400 fnv1a32=4a152d9f update=OK
s31preview: frame=115 buffer=0 capture_time=44.070000 elapsed_ms=26190 bytesused=614400 fnv1a32=2580399e update=OK
s31preview: frame=116 buffer=1 capture_time=44.300000 elapsed_ms=26390 bytesused=614400 fnv1a32=2f659f45 update=OK
s31preview: frame=117 buffer=0 capture_time=44.520000 elapsed_ms=26620 bytesused=614400 fnv1a32=b80ae183 update=OK
s31preview: frame=118 buffer=1 capture_time=44.750000 elapsed_ms=26840 bytesused=614400 fnv1a32=c9ea168f update=OK
s31preview: frame=119 buffer=0 capture_time=44.970000 elapsed_ms=27070 bytesused=614400 fnv1a32=30f16ba9 update=OK
s31preview: frame=120 buffer=1 capture_time=45.200000 elapsed_ms=27290 bytesused=614400 fnv1a32=c279bf87 update=OK
s31preview: frame=121 buffer=0 capture_time=45.420000 elapsed_ms=27520 bytesused=614400 fnv1a32=901f2a45 update=OK
s31preview: frame=122 buffer=1 capture_time=45.650000 elapsed_ms=27740 bytesused=614400 fnv1a32=b925fbf9 update=OK
s31preview: frame=123 buffer=0 capture_time=45.870000 elapsed_ms=27970 bytesused=614400 fnv1a32=54d82cfb update=OK
s31preview: frame=124 buffer=1 capture_time=46.110000 elapsed_ms=28200 bytesused=614400 fnv1a32=5fc7790a update=OK
s31preview: frame=125 buffer=0 capture_time=46.320000 elapsed_ms=28420 bytesused=614400 fnv1a32=33d5058a update=OK
s31preview: frame=126 buffer=1 capture_time=46.560000 elapsed_ms=28650 bytesused=614400 fnv1a32=dd8b83cc update=OK
s31preview: frame=127 buffer=0 capture_time=46.770000 elapsed_ms=28870 bytesused=614400 fnv1a32=1a66d167 update=OK
s31preview: frame=128 buffer=1 capture_time=47.010000 elapsed_ms=29100 bytesused=614400 fnv1a32=32818a7c update=OK
s31preview: frame=129 buffer=0 capture_time=47.220000 elapsed_ms=29320 bytesused=614400 fnv1a32=db07245a update=OK
s31preview: frame=130 buffer=1 capture_time=47.460000 elapsed_ms=29550 bytesused=614400 fnv1a32=4f485c94 update=OK
s31preview: frame=131 buffer=0 capture_time=47.670000 elapsed_ms=29770 bytesused=614400 fnv1a32=605192f9 update=OK
s31preview: frame=132 buffer=1 capture_time=47.910000 elapsed_ms=30000 bytesused=614400 fnv1a32=61ef971c update=OK
s31preview: frame=133 buffer=0 capture_time=48.120000 elapsed_ms=30230 bytesused=614400 fnv1a32=a018f161 update=OK
s31preview: frame=134 buffer=1 capture_time=48.360000 elapsed_ms=30450 bytesused=614400 fnv1a32=348ebcbf update=OK
s31preview: frame=135 buffer=0 capture_time=48.570000 elapsed_ms=30680 bytesused=614400 fnv1a32=07869d28 update=OK
s31preview: frame=136 buffer=1 capture_time=48.810000 elapsed_ms=30900 bytesused=614400 fnv1a32=dcc9acb2 update=OK
s31preview: frame=137 buffer=0 capture_time=49.020000 elapsed_ms=31130 bytesused=614400 fnv1a32=06787a3a update=OK
s31preview: frame=138 buffer=1 capture_time=49.260000 elapsed_ms=31350 bytesused=614400 fnv1a32=71f5d99b update=OK
s31preview: frame=139 buffer=0 capture_time=49.470000 elapsed_ms=31590 bytesused=614400 fnv1a32=f5e3310f update=OK
s31preview: frame=140 buffer=1 capture_time=49.710000 elapsed_ms=31820 bytesused=614400 fnv1a32=5421ec3f update=OK
s31preview: frame=141 buffer=0 capture_time=49.920000 elapsed_ms=32040 bytesused=614400 fnv1a32=835b4ab9 update=OK
s31preview: frame=142 buffer=1 capture_time=50.160000 elapsed_ms=32270 bytesused=614400 fnv1a32=452d90c4 update=OK
s31preview: frame=143 buffer=0 capture_time=50.370000 elapsed_ms=32470 bytesused=614400 fnv1a32=1dfee14a update=OK
s31preview: frame=144 buffer=1 capture_time=50.610000 elapsed_ms=32720 bytesused=614400 fnv1a32=a55dd3c1 update=OK
s31preview: frame=145 buffer=0 capture_time=50.820000 elapsed_ms=32920 bytesused=614400 fnv1a32=fbc788db update=OK
s31preview: frame=146 buffer=1 capture_time=51.060000 elapsed_ms=33170 bytesused=614400 fnv1a32=bc8f5e30 update=OK
s31preview: frame=147 buffer=0 capture_time=51.270000 elapsed_ms=33370 bytesused=614400 fnv1a32=0b4ff3d1 update=OK
s31preview: frame=148 buffer=1 capture_time=51.510000 elapsed_ms=33620 bytesused=614400 fnv1a32=741810c1 update=OK
s31preview: frame=149 buffer=0 capture_time=51.720000 elapsed_ms=33820 bytesused=614400 fnv1a32=a7b803d3 update=OK
s31preview: frame=150 buffer=1 capture_time=51.960000 elapsed_ms=34070 bytesused=614400 fnv1a32=21a68ccb update=OK
s31preview: frame=151 buffer=0 capture_time=52.170000 elapsed_ms=34270 bytesused=614400 fnv1a32=daefd9a3 update=OK
s31preview: frame=152 buffer=1 capture_time=52.410000 elapsed_ms=34500 bytesused=614400 fnv1a32=213069ab update=OK
s31preview: frame=153 buffer=0 capture_time=52.620000 elapsed_ms=34720 bytesused=614400 fnv1a32=566c9054 update=OK
s31preview: frame=154 buffer=1 capture_time=52.860000 elapsed_ms=34950 bytesused=614400 fnv1a32=8e8b6791 update=OK
s31preview: frame=155 buffer=0 capture_time=53.070000 elapsed_ms=35170 bytesused=614400 fnv1a32=9ee60cdf update=OK
s31preview: frame=156 buffer=1 capture_time=53.310000 elapsed_ms=35400 bytesused=614400 fnv1a32=f3acda36 update=OK
s31preview: frame=157 buffer=0 capture_time=53.520000 elapsed_ms=35620 bytesused=614400 fnv1a32=c4d1dfaf update=OK
s31preview: frame=158 buffer=1 capture_time=53.760000 elapsed_ms=35850 bytesused=614400 fnv1a32=0743b806 update=OK
s31preview: frame=159 buffer=0 capture_time=53.970000 elapsed_ms=36070 bytesused=614400 fnv1a32=febd5556 update=OK
s31preview: frame=160 buffer=1 capture_time=54.210000 elapsed_ms=36300 bytesused=614400 fnv1a32=02ba242f update=OK
s31preview: frame=161 buffer=0 capture_time=54.420000 elapsed_ms=36530 bytesused=614400 fnv1a32=054cb99b update=OK
s31preview: frame=162 buffer=1 capture_time=54.660000 elapsed_ms=36750 bytesused=614400 fnv1a32=dddf78a8 update=OK
s31preview: frame=163 buffer=0 capture_time=54.870000 elapsed_ms=36980 bytesused=614400 fnv1a32=bafab2f2 update=OK
s31preview: frame=164 buffer=1 capture_time=55.110000 elapsed_ms=37200 bytesused=614400 fnv1a32=446a3d81 update=OK
s31preview: frame=165 buffer=0 capture_time=55.320000 elapsed_ms=37430 bytesused=614400 fnv1a32=b43b7de5 update=OK
s31preview: frame=166 buffer=1 capture_time=55.560000 elapsed_ms=37650 bytesused=614400 fnv1a32=0e8c911f update=OK
s31preview: frame=167 buffer=0 capture_time=55.770000 elapsed_ms=37890 bytesused=614400 fnv1a32=1a7ebe31 update=OK
s31preview: frame=168 buffer=1 capture_time=56.010000 elapsed_ms=38120 bytesused=614400 fnv1a32=a2830eb8 update=OK
s31preview: frame=169 buffer=0 capture_time=56.230000 elapsed_ms=38330 bytesused=614400 fnv1a32=f77bcd97 update=OK
s31preview: frame=170 buffer=1 capture_time=56.460000 elapsed_ms=38570 bytesused=614400 fnv1a32=51c4c085 update=OK
s31preview: frame=171 buffer=0 capture_time=56.680000 elapsed_ms=38790 bytesused=614400 fnv1a32=d70a6e36 update=OK
s31preview: frame=172 buffer=1 capture_time=56.910000 elapsed_ms=39020 bytesused=614400 fnv1a32=26b939d4 update=OK
s31preview: frame=173 buffer=0 capture_time=57.130000 elapsed_ms=39240 bytesused=614400 fnv1a32=f2603fa0 update=OK
s31preview: frame=174 buffer=1 capture_time=57.360000 elapsed_ms=39470 bytesused=614400 fnv1a32=89b4731f update=OK
s31preview: frame=175 buffer=0 capture_time=57.580000 elapsed_ms=39690 bytesused=614400 fnv1a32=46106ac4 update=OK
s31preview: frame=176 buffer=1 capture_time=57.810000 elapsed_ms=39920 bytesused=614400 fnv1a32=cc0c1d36 update=OK
s31preview: frame=177 buffer=0 capture_time=58.030000 elapsed_ms=40150 bytesused=614400 fnv1a32=197f54e5 update=OK
s31preview: frame=178 buffer=1 capture_time=58.260000 elapsed_ms=40370 bytesused=614400 fnv1a32=38565a24 update=OK
s31preview: frame=179 buffer=0 capture_time=58.480000 elapsed_ms=40600 bytesused=614400 fnv1a32=746c7d4a update=OK
s31preview: frame=180 buffer=1 capture_time=58.710000 elapsed_ms=40800 bytesused=614400 fnv1a32=68059be3 update=OK
s31preview: frame=181 buffer=0 capture_time=58.930000 elapsed_ms=41030 bytesused=614400 fnv1a32=6f967510 update=OK
s31preview: frame=182 buffer=1 capture_time=59.160000 elapsed_ms=41250 bytesused=614400 fnv1a32=41102434 update=OK
s31preview: frame=183 buffer=0 capture_time=59.380000 elapsed_ms=41480 bytesused=614400 fnv1a32=89a4a1a3 update=OK
s31preview: frame=184 buffer=1 capture_time=59.610000 elapsed_ms=41700 bytesused=614400 fnv1a32=ec7f264c update=OK
s31preview: frame=185 buffer=0 capture_time=59.830000 elapsed_ms=41930 bytesused=614400 fnv1a32=a6c43d35 update=OK
s31preview: frame=186 buffer=1 capture_time=60.060000 elapsed_ms=42150 bytesused=614400 fnv1a32=ee03f953 update=OK
s31preview: frame=187 buffer=0 capture_time=60.280000 elapsed_ms=42380 bytesused=614400 fnv1a32=ac905008 update=OK
s31preview: frame=188 buffer=1 capture_time=60.510000 elapsed_ms=42600 bytesused=614400 fnv1a32=8f1060c8 update=OK
s31preview: frame=189 buffer=0 capture_time=60.730000 elapsed_ms=42830 bytesused=614400 fnv1a32=5dc5aee7 update=OK
s31preview: frame=190 buffer=1 capture_time=60.960000 elapsed_ms=43050 bytesused=614400 fnv1a32=5f2c9c3c update=OK
s31preview: frame=191 buffer=0 capture_time=61.180000 elapsed_ms=43280 bytesused=614400 fnv1a32=cf529d3b update=OK
s31preview: frame=192 buffer=1 capture_time=61.410000 elapsed_ms=43500 bytesused=614400 fnv1a32=6303fba7 update=OK
s31preview: frame=193 buffer=0 capture_time=61.630000 elapsed_ms=43730 bytesused=614400 fnv1a32=141fc594 update=OK
s31preview: frame=194 buffer=1 capture_time=61.860000 elapsed_ms=43970 bytesused=614400 fnv1a32=ce21239f update=OK
s31preview: frame=195 buffer=0 capture_time=62.080000 elapsed_ms=44180 bytesused=614400 fnv1a32=a73d30b9 update=OK
s31preview: frame=196 buffer=1 capture_time=62.310000 elapsed_ms=44420 bytesused=614400 fnv1a32=1fd3db14 update=OK
s31preview: frame=197 buffer=0 capture_time=62.530000 elapsed_ms=44640 bytesused=614400 fnv1a32=44028578 update=OK
s31preview: frame=198 buffer=1 capture_time=62.760000 elapsed_ms=44870 bytesused=614400 fnv1a32=d8b9da1f update=OK
s31preview: frame=199 buffer=0 capture_time=62.980000 elapsed_ms=45090 bytesused=614400 fnv1a32=9d4b115e update=OK
s31preview: frame=200 buffer=1 capture_time=63.210000 elapsed_ms=45320 bytesused=614400 fnv1a32=3242bc3a update=OK
s31preview: frame=201 buffer=0 capture_time=63.430000 elapsed_ms=45540 bytesused=614400 fnv1a32=5e076d99 update=OK
s31preview: frame=202 buffer=1 capture_time=63.660000 elapsed_ms=45770 bytesused=614400 fnv1a32=347964a2 update=OK
s31preview: frame=203 buffer=0 capture_time=63.880000 elapsed_ms=45990 bytesused=614400 fnv1a32=036752b7 update=OK
s31preview: frame=204 buffer=1 capture_time=64.110000 elapsed_ms=46220 bytesused=614400 fnv1a32=79fd94ac update=OK
s31preview: frame=205 buffer=0 capture_time=64.330000 elapsed_ms=46450 bytesused=614400 fnv1a32=2b9bff0f update=OK
s31preview: frame=206 buffer=1 capture_time=64.560000 elapsed_ms=46670 bytesused=614400 fnv1a32=44cb9802 update=OK
s31preview: frame=207 buffer=0 capture_time=64.780000 elapsed_ms=46900 bytesused=614400 fnv1a32=309e1c32 update=OK
s31preview: frame=208 buffer=1 capture_time=65.010000 elapsed_ms=47100 bytesused=614400 fnv1a32=6b2b5132 update=OK
s31preview: frame=209 buffer=0 capture_time=65.230000 elapsed_ms=47330 bytesused=614400 fnv1a32=1299fd64 update=OK
s31preview: frame=210 buffer=1 capture_time=65.460000 elapsed_ms=47550 bytesused=614400 fnv1a32=19c8a790 update=OK
s31preview: frame=211 buffer=0 capture_time=65.680000 elapsed_ms=47780 bytesused=614400 fnv1a32=b7dcee19 update=OK
s31preview: frame=212 buffer=1 capture_time=65.920000 elapsed_ms=48030 bytesused=614400 fnv1a32=e0b7fa3d update=OK
s31preview: frame=213 buffer=0 capture_time=66.130000 elapsed_ms=48230 bytesused=614400 fnv1a32=1912789d update=OK
s31preview: frame=214 buffer=1 capture_time=66.370000 elapsed_ms=48480 bytesused=614400 fnv1a32=3925e01b update=OK
s31preview: frame=215 buffer=0 capture_time=66.580000 elapsed_ms=48680 bytesused=614400 fnv1a32=7a8c7944 update=OK
s31preview: frame=216 buffer=1 capture_time=66.820000 elapsed_ms=48930 bytesused=614400 fnv1a32=dce2a361 update=OK
s31preview: frame=217 buffer=0 capture_time=67.030000 elapsed_ms=49130 bytesused=614400 fnv1a32=141991a8 update=OK
s31preview: frame=218 buffer=1 capture_time=67.270000 elapsed_ms=49360 bytesused=614400 fnv1a32=0f703863 update=OK
s31preview: frame=219 buffer=0 capture_time=67.480000 elapsed_ms=49580 bytesused=614400 fnv1a32=d351cb6d update=OK
s31preview: frame=220 buffer=1 capture_time=67.720000 elapsed_ms=49810 bytesused=614400 fnv1a32=c2fb6e4e update=OK
s31preview: frame=221 buffer=0 capture_time=67.930000 elapsed_ms=50030 bytesused=614400 fnv1a32=4a4e66c8 update=OK
s31preview: frame=222 buffer=1 capture_time=68.170000 elapsed_ms=50260 bytesused=614400 fnv1a32=28669ddb update=OK
s31preview: frame=223 buffer=0 capture_time=68.380000 elapsed_ms=50480 bytesused=614400 fnv1a32=e946ef1d update=OK
s31preview: frame=224 buffer=1 capture_time=68.620000 elapsed_ms=50710 bytesused=614400 fnv1a32=0d6aee84 update=OK
s31preview: frame=225 buffer=0 capture_time=68.830000 elapsed_ms=50940 bytesused=614400 fnv1a32=47024aca update=OK
s31preview: frame=226 buffer=1 capture_time=69.070000 elapsed_ms=51160 bytesused=614400 fnv1a32=5fd2f885 update=OK
s31preview: frame=227 buffer=0 capture_time=69.280000 elapsed_ms=51390 bytesused=614400 fnv1a32=c8761e95 update=OK
s31preview: frame=228 buffer=1 capture_time=69.520000 elapsed_ms=51610 bytesused=614400 fnv1a32=cc2214bf update=OK
s31preview: frame=229 buffer=0 capture_time=69.730000 elapsed_ms=51840 bytesused=614400 fnv1a32=14f7116a update=OK
s31preview: frame=230 buffer=1 capture_time=69.970000 elapsed_ms=52060 bytesused=614400 fnv1a32=e8f55bea update=OK
s31preview: frame=231 buffer=0 capture_time=70.180000 elapsed_ms=52290 bytesused=614400 fnv1a32=3715ebcb update=OK
s31preview: frame=232 buffer=1 capture_time=70.420000 elapsed_ms=52530 bytesused=614400 fnv1a32=5efe57e3 update=OK
s31preview: frame=233 buffer=0 capture_time=70.630000 elapsed_ms=52750 bytesused=614400 fnv1a32=9c4ecff7 update=OK
s31preview: frame=234 buffer=1 capture_time=70.870000 elapsed_ms=52980 bytesused=614400 fnv1a32=2b6f4595 update=OK
s31preview: frame=235 buffer=0 capture_time=71.080000 elapsed_ms=53200 bytesused=614400 fnv1a32=757bd1f1 update=OK
s31preview: frame=236 buffer=1 capture_time=71.320000 elapsed_ms=53430 bytesused=614400 fnv1a32=cc3670ef update=OK
s31preview: frame=237 buffer=0 capture_time=71.530000 elapsed_ms=53630 bytesused=614400 fnv1a32=9c41916e update=OK
s31preview: frame=238 buffer=1 capture_time=71.770000 elapsed_ms=53880 bytesused=614400 fnv1a32=3b10f04d update=OK
s31preview: frame=239 buffer=0 capture_time=71.980000 elapsed_ms=54080 bytesused=614400 fnv1a32=59770633 update=OK
s31preview: frame=240 buffer=1 capture_time=72.220000 elapsed_ms=54330 bytesused=614400 fnv1a32=b8606bc3 update=OK
s31preview: frame=241 buffer=0 capture_time=72.430000 elapsed_ms=54530 bytesused=614400 fnv1a32=47e2a1ec update=OK
s31preview: frame=242 buffer=1 capture_time=72.670000 elapsed_ms=54780 bytesused=614400 fnv1a32=5f2ff229 update=OK
s31preview: frame=243 buffer=0 capture_time=72.880000 elapsed_ms=54980 bytesused=614400 fnv1a32=66cd9145 update=OK
s31preview: frame=244 buffer=1 capture_time=73.120000 elapsed_ms=55230 bytesused=614400 fnv1a32=396892d6 update=OK
s31preview: frame=245 buffer=0 capture_time=73.330000 elapsed_ms=55430 bytesused=614400 fnv1a32=17592512 update=OK
s31preview: frame=246 buffer=1 capture_time=73.570000 elapsed_ms=55660 bytesused=614400 fnv1a32=0cd18941 update=OK
s31preview: frame=247 buffer=0 capture_time=73.780000 elapsed_ms=55880 bytesused=614400 fnv1a32=1d277388 update=OK
s31preview: frame=248 buffer=1 capture_time=74.020000 elapsed_ms=56110 bytesused=614400 fnv1a32=2ad55a2e update=OK
s31preview: frame=249 buffer=0 capture_time=74.230000 elapsed_ms=56330 bytesused=614400 fnv1a32=b0e0cfb3 update=OK
s31preview: frame=250 buffer=1 capture_time=74.470000 elapsed_ms=56560 bytesused=614400 fnv1a32=ef8ba7a0 update=OK
s31preview: frame=251 buffer=0 capture_time=74.680000 elapsed_ms=56780 bytesused=614400 fnv1a32=3c9173ec update=OK
s31preview: frame=252 buffer=1 capture_time=74.920000 elapsed_ms=57010 bytesused=614400 fnv1a32=cecb067d update=OK
s31preview: frame=253 buffer=0 capture_time=75.130000 elapsed_ms=57240 bytesused=614400 fnv1a32=115de59e update=OK
s31preview: frame=254 buffer=1 capture_time=75.370000 elapsed_ms=57460 bytesused=614400 fnv1a32=982e7b71 update=OK
s31preview: frame=255 buffer=0 capture_time=75.580000 elapsed_ms=57690 bytesused=614400 fnv1a32=7018398d update=OK
s31preview: frame=256 buffer=1 capture_time=75.820000 elapsed_ms=57910 bytesused=614400 fnv1a32=5be0d798 update=OK
s31preview: frame=257 buffer=0 capture_time=76.040000 elapsed_ms=58140 bytesused=614400 fnv1a32=5ada9fe6 update=OK
s31preview: frame=258 buffer=1 capture_time=76.270000 elapsed_ms=58360 bytesused=614400 fnv1a32=870fae80 update=OK
s31preview: frame=259 buffer=0 capture_time=76.490000 elapsed_ms=58590 bytesused=614400 fnv1a32=21ef8cfa update=OK
s31preview: frame=260 buffer=1 capture_time=76.720000 elapsed_ms=58830 bytesused=614400 fnv1a32=c4aaf40f update=OK
s31preview: frame=261 buffer=0 capture_time=76.940000 elapsed_ms=59040 bytesused=614400 fnv1a32=de7fd5ed update=OK
s31preview: frame=262 buffer=1 capture_time=77.170000 elapsed_ms=59280 bytesused=614400 fnv1a32=5139bfdc update=OK
s31preview: frame=263 buffer=0 capture_time=77.390000 elapsed_ms=59500 bytesused=614400 fnv1a32=a3f3c884 update=OK
s31preview: frame=264 buffer=1 capture_time=77.620000 elapsed_ms=59730 bytesused=614400 fnv1a32=b6c830fe update=OK
s31preview: frame=265 buffer=0 capture_time=77.840000 elapsed_ms=59950 bytesused=614400 fnv1a32=554ef1b1 update=OK
s31preview: frame=266 buffer=1 capture_time=78.070000 elapsed_ms=60180 bytesused=614400 fnv1a32=28036f48 update=OK
s31preview: frame=267 buffer=0 capture_time=78.290000 elapsed_ms=60400 bytesused=614400 fnv1a32=efe7ea3b update=OK
s31preview: frame=268 buffer=1 capture_time=78.520000 elapsed_ms=60630 bytesused=614400 fnv1a32=536408c4 update=OK
s31preview: frame=269 buffer=0 capture_time=78.740000 elapsed_ms=60860 bytesused=614400 fnv1a32=f27a94dd update=OK
s31preview: frame=270 buffer=1 capture_time=78.970000 elapsed_ms=61080 bytesused=614400 fnv1a32=ab6f9597 update=OK
s31preview: frame=271 buffer=0 capture_time=79.190000 elapsed_ms=61310 bytesused=614400 fnv1a32=2869a077 update=OK
s31preview: frame=272 buffer=1 capture_time=79.420000 elapsed_ms=61530 bytesused=614400 fnv1a32=c00969df update=OK
s31preview: frame=273 buffer=0 capture_time=79.640000 elapsed_ms=61760 bytesused=614400 fnv1a32=d3fe5c74 update=OK
s31preview: frame=274 buffer=1 capture_time=79.870000 elapsed_ms=61960 bytesused=614400 fnv1a32=20b6a4d7 update=OK
s31preview: frame=275 buffer=0 capture_time=80.090000 elapsed_ms=62190 bytesused=614400 fnv1a32=9bdf6a56 update=OK
s31preview: frame=276 buffer=1 capture_time=80.320000 elapsed_ms=62410 bytesused=614400 fnv1a32=eebd7e06 update=OK
s31preview: frame=277 buffer=0 capture_time=80.540000 elapsed_ms=62640 bytesused=614400 fnv1a32=366b6cc0 update=OK
s31preview: frame=278 buffer=1 capture_time=80.770000 elapsed_ms=62860 bytesused=614400 fnv1a32=077061a1 update=OK
s31preview: frame=279 buffer=0 capture_time=80.990000 elapsed_ms=63090 bytesused=614400 fnv1a32=94412769 update=OK
s31preview: frame=280 buffer=1 capture_time=81.220000 elapsed_ms=63310 bytesused=614400 fnv1a32=caa5d2dc update=OK
s31preview: frame=281 buffer=0 capture_time=81.440000 elapsed_ms=63540 bytesused=614400 fnv1a32=becf07a0 update=OK
s31preview: frame=282 buffer=1 capture_time=81.670000 elapsed_ms=63760 bytesused=614400 fnv1a32=3dffd3d5 update=OK
s31preview: frame=283 buffer=0 capture_time=81.890000 elapsed_ms=63990 bytesused=614400 fnv1a32=0da8ddb0 update=OK
s31preview: frame=284 buffer=1 capture_time=82.120000 elapsed_ms=64210 bytesused=614400 fnv1a32=ff065558 update=OK
s31preview: frame=285 buffer=0 capture_time=82.340000 elapsed_ms=64440 bytesused=614400 fnv1a32=cf6c544c update=OK
s31preview: frame=286 buffer=1 capture_time=82.570000 elapsed_ms=64660 bytesused=614400 fnv1a32=369afb9f update=OK
s31preview: frame=287 buffer=0 capture_time=82.790000 elapsed_ms=64890 bytesused=614400 fnv1a32=7856924f update=OK
s31preview: frame=288 buffer=1 capture_time=83.020000 elapsed_ms=65130 bytesused=614400 fnv1a32=93fbda4a update=OK
s31preview: frame=289 buffer=0 capture_time=83.240000 elapsed_ms=65340 bytesused=614400 fnv1a32=c774f477 update=OK
s31preview: frame=290 buffer=1 capture_time=83.470000 elapsed_ms=65580 bytesused=614400 fnv1a32=0ab25edb update=OK
s31preview: frame=291 buffer=0 capture_time=83.690000 elapsed_ms=65800 bytesused=614400 fnv1a32=6a922f40 update=OK
s31preview: frame=292 buffer=1 capture_time=83.920000 elapsed_ms=66030 bytesused=614400 fnv1a32=c463fefd update=OK
s31preview: frame=293 buffer=0 capture_time=84.140000 elapsed_ms=66250 bytesused=614400 fnv1a32=eb7d57db update=OK
s31preview: frame=294 buffer=1 capture_time=84.370000 elapsed_ms=66480 bytesused=614400 fnv1a32=4d6831f4 update=OK
s31preview: frame=295 buffer=0 capture_time=84.590000 elapsed_ms=66700 bytesused=614400 fnv1a32=448f06c3 update=OK
s31preview: frame=296 buffer=1 capture_time=84.820000 elapsed_ms=66930 bytesused=614400 fnv1a32=52637af6 update=OK
s31preview: frame=297 buffer=0 capture_time=85.040000 elapsed_ms=67160 bytesused=614400 fnv1a32=dd07541a update=OK
s31preview: frame=298 buffer=1 capture_time=85.270000 elapsed_ms=67380 bytesused=614400 fnv1a32=362396c7 update=OK
s31preview: frame=299 buffer=0 capture_time=85.490000 elapsed_ms=67610 bytesused=614400 fnv1a32=78066a4a update=OK
s31preview: frame=300 buffer=1 capture_time=85.720000 elapsed_ms=67810 bytesused=614400 fnv1a32=6fee29f0 update=OK
s31preview: frame=301 buffer=0 capture_time=85.940000 elapsed_ms=68040 bytesused=614400 fnv1a32=5639c0e2 update=OK
s31preview: frame=302 buffer=1 capture_time=86.180000 elapsed_ms=68290 bytesused=614400 fnv1a32=5b540bfb update=OK
s31preview: frame=303 buffer=0 capture_time=86.390000 elapsed_ms=68490 bytesused=614400 fnv1a32=12ffbe2c update=OK
s31preview: frame=304 buffer=1 capture_time=86.630000 elapsed_ms=68740 bytesused=614400 fnv1a32=7c103d53 update=OK
s31preview: frame=305 buffer=0 capture_time=86.840000 elapsed_ms=68940 bytesused=614400 fnv1a32=0660247d update=OK
s31preview: frame=306 buffer=1 capture_time=87.080000 elapsed_ms=69190 bytesused=614400 fnv1a32=ced8ac7c update=OK
s31preview: frame=307 buffer=0 capture_time=87.290000 elapsed_ms=69390 bytesused=614400 fnv1a32=f5b3eff4 update=OK
s31preview: frame=308 buffer=1 capture_time=87.530000 elapsed_ms=69640 bytesused=614400 fnv1a32=0660c4e4 update=OK
s31preview: frame=309 buffer=0 capture_time=87.740000 elapsed_ms=69840 bytesused=614400 fnv1a32=e7a897ff update=OK
s31preview: frame=310 buffer=1 capture_time=87.980000 elapsed_ms=70070 bytesused=614400 fnv1a32=65a69a98 update=OK
s31preview: frame=311 buffer=0 capture_time=88.190000 elapsed_ms=70290 bytesused=614400 fnv1a32=0e64c59b update=OK
s31preview: frame=312 buffer=1 capture_time=88.430000 elapsed_ms=70520 bytesused=614400 fnv1a32=f5b03a87 update=OK
s31preview: frame=313 buffer=0 capture_time=88.640000 elapsed_ms=70740 bytesused=614400 fnv1a32=b1585a27 update=OK
s31preview: frame=314 buffer=1 capture_time=88.880000 elapsed_ms=70970 bytesused=614400 fnv1a32=b832cb2a update=OK
s31preview: frame=315 buffer=0 capture_time=89.090000 elapsed_ms=71190 bytesused=614400 fnv1a32=cecc0fdc update=OK
s31preview: frame=316 buffer=1 capture_time=89.330000 elapsed_ms=71420 bytesused=614400 fnv1a32=ae58e9b1 update=OK
s31preview: frame=317 buffer=0 capture_time=89.540000 elapsed_ms=71640 bytesused=614400 fnv1a32=9cf6ef4e update=OK
s31preview: frame=318 buffer=1 capture_time=89.780000 elapsed_ms=71870 bytesused=614400 fnv1a32=13ee231d update=OK
s31preview: frame=319 buffer=0 capture_time=89.990000 elapsed_ms=72100 bytesused=614400 fnv1a32=322d2c74 update=OK
s31preview: frame=320 buffer=1 capture_time=90.230000 elapsed_ms=72320 bytesused=614400 fnv1a32=6ed47651 update=OK
s31preview: frame=321 buffer=0 capture_time=90.440000 elapsed_ms=72550 bytesused=614400 fnv1a32=ebc33767 update=OK
s31preview: frame=322 buffer=1 capture_time=90.680000 elapsed_ms=72770 bytesused=614400 fnv1a32=1e440156 update=OK
s31preview: frame=323 buffer=0 capture_time=90.890000 elapsed_ms=73000 bytesused=614400 fnv1a32=8884d2ab update=OK
s31preview: frame=324 buffer=1 capture_time=91.130000 elapsed_ms=73220 bytesused=614400 fnv1a32=cb7b7bd5 update=OK
s31preview: frame=325 buffer=0 capture_time=91.340000 elapsed_ms=73460 bytesused=614400 fnv1a32=c5826601 update=OK
s31preview: frame=326 buffer=1 capture_time=91.580000 elapsed_ms=73690 bytesused=614400 fnv1a32=086e8881 update=OK
s31preview: frame=327 buffer=0 capture_time=91.790000 elapsed_ms=73910 bytesused=614400 fnv1a32=3124d206 update=OK
s31preview: frame=328 buffer=1 capture_time=92.030000 elapsed_ms=74140 bytesused=614400 fnv1a32=56abd62f update=OK
s31preview: frame=329 buffer=0 capture_time=92.240000 elapsed_ms=74340 bytesused=614400 fnv1a32=e1635095 update=OK
s31preview: frame=330 buffer=1 capture_time=92.480000 elapsed_ms=74590 bytesused=614400 fnv1a32=17eeebc4 update=OK
s31preview: frame=331 buffer=0 capture_time=92.690000 elapsed_ms=74790 bytesused=614400 fnv1a32=7f4598cb update=OK
s31preview: frame=332 buffer=1 capture_time=92.930000 elapsed_ms=75040 bytesused=614400 fnv1a32=059659f8 update=OK
s31preview: frame=333 buffer=0 capture_time=93.140000 elapsed_ms=75240 bytesused=614400 fnv1a32=a88ff1ff update=OK
s31preview: frame=334 buffer=1 capture_time=93.380000 elapsed_ms=75490 bytesused=614400 fnv1a32=e185a0bb update=OK
s31preview: frame=335 buffer=0 capture_time=93.590000 elapsed_ms=75690 bytesused=614400 fnv1a32=71a80fa5 update=OK
s31preview: frame=336 buffer=1 capture_time=93.830000 elapsed_ms=75940 bytesused=614400 fnv1a32=1b8ce382 update=OK
s31preview: frame=337 buffer=0 capture_time=94.040000 elapsed_ms=76140 bytesused=614400 fnv1a32=283f7233 update=OK
s31preview: frame=338 buffer=1 capture_time=94.280000 elapsed_ms=76370 bytesused=614400 fnv1a32=b76f3b3f update=OK
s31preview: frame=339 buffer=0 capture_time=94.490000 elapsed_ms=76590 bytesused=614400 fnv1a32=7535f40f update=OK
s31preview: frame=340 buffer=1 capture_time=94.730000 elapsed_ms=76820 bytesused=614400 fnv1a32=296ac453 update=OK
s31preview: frame=341 buffer=0 capture_time=94.940000 elapsed_ms=77040 bytesused=614400 fnv1a32=bd0c7710 update=OK
s31preview: frame=342 buffer=1 capture_time=95.180000 elapsed_ms=77270 bytesused=614400 fnv1a32=67101332 update=OK
s31preview: frame=343 buffer=0 capture_time=95.390000 elapsed_ms=77490 bytesused=614400 fnv1a32=67f317d1 update=OK
s31preview: frame=344 buffer=1 capture_time=95.630000 elapsed_ms=77720 bytesused=614400 fnv1a32=4556751f update=OK
s31preview: frame=345 buffer=0 capture_time=95.840000 elapsed_ms=77950 bytesused=614400 fnv1a32=24d494af update=OK
s31preview: frame=346 buffer=1 capture_time=96.080000 elapsed_ms=78170 bytesused=614400 fnv1a32=c573fa5f update=OK
s31preview: frame=347 buffer=0 capture_time=96.300000 elapsed_ms=78400 bytesused=614400 fnv1a32=d78d0abb update=OK
s31preview: frame=348 buffer=1 capture_time=96.530000 elapsed_ms=78620 bytesused=614400 fnv1a32=e93903cf update=OK
s31preview: frame=349 buffer=0 capture_time=96.750000 elapsed_ms=78850 bytesused=614400 fnv1a32=2aa21543 update=OK
s31preview: frame=350 buffer=1 capture_time=96.980000 elapsed_ms=79070 bytesused=614400 fnv1a32=71fd20cc update=OK
s31preview: frame=351 buffer=0 capture_time=97.200000 elapsed_ms=79300 bytesused=614400 fnv1a32=af8ff93b update=OK
s31preview: frame=352 buffer=1 capture_time=97.430000 elapsed_ms=79540 bytesused=614400 fnv1a32=499ec5b4 update=OK
s31preview: frame=353 buffer=0 capture_time=97.650000 elapsed_ms=79750 bytesused=614400 fnv1a32=6b32ada1 update=OK
s31preview: frame=354 buffer=1 capture_time=97.880000 elapsed_ms=79990 bytesused=614400 fnv1a32=34ff8e22 update=OK
s31preview: frame=355 buffer=0 capture_time=98.100000 elapsed_ms=80200 bytesused=614400 fnv1a32=890279a7 update=OK
s31preview: frame=356 buffer=1 capture_time=98.330000 elapsed_ms=80440 bytesused=614400 fnv1a32=8aeee8d8 update=OK
s31preview: frame=357 buffer=0 capture_time=98.550000 elapsed_ms=80660 bytesused=614400 fnv1a32=c5626fbb update=OK
s31preview: frame=358 buffer=1 capture_time=98.780000 elapsed_ms=80890 bytesused=614400 fnv1a32=0b539945 update=OK
s31preview: frame=359 buffer=0 capture_time=99.000000 elapsed_ms=81110 bytesused=614400 fnv1a32=3015c169 update=OK
s31preview: frame=360 buffer=1 capture_time=99.230000 elapsed_ms=81340 bytesused=614400 fnv1a32=8e2fa883 update=OK
s31preview: frame=361 buffer=0 capture_time=99.450000 elapsed_ms=81560 bytesused=614400 fnv1a32=39ac9792 update=OK
s31preview: frame=362 buffer=1 capture_time=99.680000 elapsed_ms=81790 bytesused=614400 fnv1a32=d4f7404e update=OK
s31preview: frame=363 buffer=0 capture_time=99.900000 elapsed_ms=82020 bytesused=614400 fnv1a32=cb363ecb update=OK
s31preview: frame=364 buffer=1 capture_time=100.130000 elapsed_ms=82240 bytesused=614400 fnv1a32=65f623bf update=OK
s31preview: frame=365 buffer=0 capture_time=100.350000 elapsed_ms=82470 bytesused=614400 fnv1a32=da3f4272 update=OK
s31preview: frame=366 buffer=1 capture_time=100.580000 elapsed_ms=82670 bytesused=614400 fnv1a32=f186dacd update=OK
s31preview: frame=367 buffer=0 capture_time=100.800000 elapsed_ms=82900 bytesused=614400 fnv1a32=17565fc2 update=OK
s31preview: frame=368 buffer=1 capture_time=101.030000 elapsed_ms=83120 bytesused=614400 fnv1a32=faed31af update=OK
s31preview: frame=369 buffer=0 capture_time=101.250000 elapsed_ms=83350 bytesused=614400 fnv1a32=5ec45801 update=OK
s31preview: frame=370 buffer=1 capture_time=101.480000 elapsed_ms=83570 bytesused=614400 fnv1a32=db637d5d update=OK
s31preview: frame=371 buffer=0 capture_time=101.700000 elapsed_ms=83800 bytesused=614400 fnv1a32=ca1a763e update=OK
s31preview: frame=372 buffer=1 capture_time=101.930000 elapsed_ms=84020 bytesused=614400 fnv1a32=57b1831b update=OK
s31preview: frame=373 buffer=0 capture_time=102.150000 elapsed_ms=84250 bytesused=614400 fnv1a32=73517697 update=OK
s31preview: frame=374 buffer=1 capture_time=102.380000 elapsed_ms=84470 bytesused=614400 fnv1a32=c265bd50 update=OK
s31preview: frame=375 buffer=0 capture_time=102.600000 elapsed_ms=84700 bytesused=614400 fnv1a32=1fe91334 update=OK
s31preview: frame=376 buffer=1 capture_time=102.830000 elapsed_ms=84920 bytesused=614400 fnv1a32=752b919e update=OK
s31preview: frame=377 buffer=0 capture_time=103.050000 elapsed_ms=85150 bytesused=614400 fnv1a32=8e8c0ed8 update=OK
s31preview: frame=378 buffer=1 capture_time=103.280000 elapsed_ms=85370 bytesused=614400 fnv1a32=ea16da29 update=OK
s31preview: frame=379 buffer=0 capture_time=103.500000 elapsed_ms=85600 bytesused=614400 fnv1a32=abbb1fc8 update=OK
s31preview: frame=380 buffer=1 capture_time=103.730000 elapsed_ms=85840 bytesused=614400 fnv1a32=35a3d143 update=OK
s31preview: frame=381 buffer=0 capture_time=103.950000 elapsed_ms=86050 bytesused=614400 fnv1a32=79359539 update=OK
s31preview: frame=382 buffer=1 capture_time=104.180000 elapsed_ms=86290 bytesused=614400 fnv1a32=b89fdfef update=OK
s31preview: frame=383 buffer=0 capture_time=104.400000 elapsed_ms=86510 bytesused=614400 fnv1a32=547280e9 update=OK
s31preview: frame=384 buffer=1 capture_time=104.630000 elapsed_ms=86740 bytesused=614400 fnv1a32=9c03b4f1 update=OK
s31preview: frame=385 buffer=0 capture_time=104.850000 elapsed_ms=86960 bytesused=614400 fnv1a32=1459953a update=OK
s31preview: frame=386 buffer=1 capture_time=105.080000 elapsed_ms=87190 bytesused=614400 fnv1a32=10c6ba9f update=OK
s31preview: frame=387 buffer=0 capture_time=105.300000 elapsed_ms=87410 bytesused=614400 fnv1a32=6979fc25 update=OK
s31preview: frame=388 buffer=1 capture_time=105.530000 elapsed_ms=87640 bytesused=614400 fnv1a32=1eb69251 update=OK
s31preview: frame=389 buffer=0 capture_time=105.750000 elapsed_ms=87860 bytesused=614400 fnv1a32=afc2caa2 update=OK
s31preview: frame=390 buffer=1 capture_time=105.990000 elapsed_ms=88100 bytesused=614400 fnv1a32=b86e5e8a update=OK
s31preview: frame=391 buffer=0 capture_time=106.200000 elapsed_ms=88320 bytesused=614400 fnv1a32=04a64188 update=OK
s31preview: frame=392 buffer=1 capture_time=106.440000 elapsed_ms=88550 bytesused=614400 fnv1a32=f9fd352c update=OK
s31preview: frame=393 buffer=0 capture_time=106.650000 elapsed_ms=88770 bytesused=614400 fnv1a32=8368d933 update=OK
s31preview: frame=394 buffer=1 capture_time=106.890000 elapsed_ms=89000 bytesused=614400 fnv1a32=fac69cf5 update=OK
s31preview: frame=395 buffer=0 capture_time=107.100000 elapsed_ms=89200 bytesused=614400 fnv1a32=abdb543c update=OK
s31preview: frame=396 buffer=1 capture_time=107.340000 elapsed_ms=89450 bytesused=614400 fnv1a32=0c9609a8 update=OK
s31preview: frame=397 buffer=0 capture_time=107.550000 elapsed_ms=89650 bytesused=614400 fnv1a32=dbde8ddc update=OK
s31preview: frame=398 buffer=1 capture_time=107.790000 elapsed_ms=89900 bytesused=614400 fnv1a32=1835d1fc update=OK
s31preview: frame=399 buffer=0 capture_time=108.000000 elapsed_ms=90100 bytesused=614400 fnv1a32=978b3416 update=OK
s31preview: frame=400 buffer=1 capture_time=108.240000 elapsed_ms=90350 bytesused=614400 fnv1a32=cd08bd53 update=OK
s31preview: frame=401 buffer=0 capture_time=108.450000 elapsed_ms=90550 bytesused=614400 fnv1a32=bb80ffd0 update=OK
s31preview: frame=402 buffer=1 capture_time=108.690000 elapsed_ms=90800 bytesused=614400 fnv1a32=d8f4096b update=OK
s31preview: frame=403 buffer=0 capture_time=108.900000 elapsed_ms=91000 bytesused=614400 fnv1a32=50f07d20 update=OK
s31preview: frame=404 buffer=1 capture_time=109.140000 elapsed_ms=91230 bytesused=614400 fnv1a32=751e00c3 update=OK
s31preview: frame=405 buffer=0 capture_time=109.350000 elapsed_ms=91450 bytesused=614400 fnv1a32=86855b5b update=OK
s31preview: frame=406 buffer=1 capture_time=109.590000 elapsed_ms=91680 bytesused=614400 fnv1a32=43a1a842 update=OK
s31preview: frame=407 buffer=0 capture_time=109.800000 elapsed_ms=91900 bytesused=614400 fnv1a32=2f06d237 update=OK
s31preview: frame=408 buffer=1 capture_time=110.040000 elapsed_ms=92130 bytesused=614400 fnv1a32=3d2289c7 update=OK
s31preview: frame=409 buffer=0 capture_time=110.250000 elapsed_ms=92350 bytesused=614400 fnv1a32=8cb4fbfc update=OK
s31preview: frame=410 buffer=1 capture_time=110.490000 elapsed_ms=92580 bytesused=614400 fnv1a32=dc448742 update=OK
s31preview: frame=411 buffer=0 capture_time=110.700000 elapsed_ms=92810 bytesused=614400 fnv1a32=adec80a9 update=OK
s31preview: frame=412 buffer=1 capture_time=110.940000 elapsed_ms=93030 bytesused=614400 fnv1a32=ba309db1 update=OK
s31preview: frame=413 buffer=0 capture_time=111.150000 elapsed_ms=93260 bytesused=614400 fnv1a32=e5647321 update=OK
s31preview: frame=414 buffer=1 capture_time=111.390000 elapsed_ms=93480 bytesused=614400 fnv1a32=cca4b007 update=OK
s31preview: frame=415 buffer=0 capture_time=111.600000 elapsed_ms=93710 bytesused=614400 fnv1a32=38e44630 update=OK
s31preview: frame=416 buffer=1 capture_time=111.840000 elapsed_ms=93930 bytesused=614400 fnv1a32=e755f687 update=OK
s31preview: frame=417 buffer=0 capture_time=112.050000 elapsed_ms=94160 bytesused=614400 fnv1a32=4b4ec0f4 update=OK
s31preview: frame=418 buffer=1 capture_time=112.290000 elapsed_ms=94400 bytesused=614400 fnv1a32=f37b6eec update=OK
s31preview: frame=419 buffer=0 capture_time=112.500000 elapsed_ms=94620 bytesused=614400 fnv1a32=d65767e4 update=OK
s31preview: frame=420 buffer=1 capture_time=112.740000 elapsed_ms=94850 bytesused=614400 fnv1a32=e273d0b7 update=OK
s31preview: frame=421 buffer=0 capture_time=112.950000 elapsed_ms=95070 bytesused=614400 fnv1a32=69595a3f update=OK
s31preview: frame=422 buffer=1 capture_time=113.190000 elapsed_ms=95300 bytesused=614400 fnv1a32=dad95c92 update=OK
s31preview: frame=423 buffer=0 capture_time=113.400000 elapsed_ms=95500 bytesused=614400 fnv1a32=54044abf update=OK
s31preview: frame=424 buffer=1 capture_time=113.640000 elapsed_ms=95750 bytesused=614400 fnv1a32=111c60de update=OK
s31preview: frame=425 buffer=0 capture_time=113.850000 elapsed_ms=95950 bytesused=614400 fnv1a32=305d904f update=OK
s31preview: frame=426 buffer=1 capture_time=114.090000 elapsed_ms=96200 bytesused=614400 fnv1a32=675e8e62 update=OK
s31preview: frame=427 buffer=0 capture_time=114.300000 elapsed_ms=96400 bytesused=614400 fnv1a32=d57c4a18 update=OK
s31preview: frame=428 buffer=1 capture_time=114.540000 elapsed_ms=96650 bytesused=614400 fnv1a32=efdf9c97 update=OK
s31preview: frame=429 buffer=0 capture_time=114.750000 elapsed_ms=96850 bytesused=614400 fnv1a32=c1556da6 update=OK
s31preview: frame=430 buffer=1 capture_time=114.990000 elapsed_ms=97100 bytesused=614400 fnv1a32=53f3a709 update=OK
s31preview: frame=431 buffer=0 capture_time=115.200000 elapsed_ms=97300 bytesused=614400 fnv1a32=f027fd8f update=OK
s31preview: frame=432 buffer=1 capture_time=115.440000 elapsed_ms=97530 bytesused=614400 fnv1a32=08822f90 update=OK
s31preview: frame=433 buffer=0 capture_time=115.650000 elapsed_ms=97750 bytesused=614400 fnv1a32=c3abd3a6 update=OK
s31preview: frame=434 buffer=1 capture_time=115.890000 elapsed_ms=97980 bytesused=614400 fnv1a32=8b4575c4 update=OK
s31preview: frame=435 buffer=0 capture_time=116.110000 elapsed_ms=98210 bytesused=614400 fnv1a32=fe6cfb0a update=OK
s31preview: frame=436 buffer=1 capture_time=116.340000 elapsed_ms=98430 bytesused=614400 fnv1a32=99f6867a update=OK
s31preview: frame=437 buffer=0 capture_time=116.560000 elapsed_ms=98660 bytesused=614400 fnv1a32=28869da8 update=OK
s31preview: frame=438 buffer=1 capture_time=116.790000 elapsed_ms=98880 bytesused=614400 fnv1a32=3aba5ab7 update=OK
s31preview: frame=439 buffer=0 capture_time=117.010000 elapsed_ms=99110 bytesused=614400 fnv1a32=5cbc40de update=OK
s31preview: frame=440 buffer=1 capture_time=117.240000 elapsed_ms=99330 bytesused=614400 fnv1a32=a008414b update=OK
s31preview: frame=441 buffer=0 capture_time=117.460000 elapsed_ms=99560 bytesused=614400 fnv1a32=daa9e7bf update=OK
s31preview: frame=442 buffer=1 capture_time=117.690000 elapsed_ms=99780 bytesused=614400 fnv1a32=ca8e4dc5 update=OK
s31preview: frame=443 buffer=0 capture_time=117.910000 elapsed_ms=100010 bytesused=614400 fnv1a32=110e6b2f update=OK
s31preview: frame=444 buffer=1 capture_time=118.140000 elapsed_ms=100230 bytesused=614400 fnv1a32=3adb5eb3 update=OK
s31preview: frame=445 buffer=0 capture_time=118.360000 elapsed_ms=100460 bytesused=614400 fnv1a32=9236a1e5 update=OK
s31preview: frame=446 buffer=1 capture_time=118.590000 elapsed_ms=100700 bytesused=614400 fnv1a32=c49ef3b0 update=OK
s31preview: frame=447 buffer=0 capture_time=118.810000 elapsed_ms=100910 bytesused=614400 fnv1a32=a7f7d09f update=OK
s31preview: frame=448 buffer=1 capture_time=119.040000 elapsed_ms=101150 bytesused=614400 fnv1a32=64a399c1 update=OK
s31preview: frame=449 buffer=0 capture_time=119.260000 elapsed_ms=101370 bytesused=614400 fnv1a32=88a2d566 update=OK
s31preview: frame=450 buffer=1 capture_time=119.490000 elapsed_ms=101600 bytesused=614400 fnv1a32=4dab9f19 update=OK
s31preview: frame=451 buffer=0 capture_time=119.710000 elapsed_ms=101820 bytesused=614400 fnv1a32=b2a69b1c update=OK
s31preview: frame=452 buffer=1 capture_time=119.940000 elapsed_ms=102050 bytesused=614400 fnv1a32=8478c810 update=OK
s31preview: frame=453 buffer=0 capture_time=120.160000 elapsed_ms=102270 bytesused=614400 fnv1a32=4dee0d87 update=OK
s31preview: frame=454 buffer=1 capture_time=120.390000 elapsed_ms=102500 bytesused=614400 fnv1a32=7882d81b update=OK
s31preview: frame=455 buffer=0 capture_time=120.610000 elapsed_ms=102730 bytesused=614400 fnv1a32=262d0810 update=OK
s31preview: frame=456 buffer=1 capture_time=120.840000 elapsed_ms=102950 bytesused=614400 fnv1a32=be0216a1 update=OK
s31preview: frame=457 buffer=0 capture_time=121.060000 elapsed_ms=103180 bytesused=614400 fnv1a32=1ef0f412 update=OK
s31preview: frame=458 buffer=1 capture_time=121.290000 elapsed_ms=103400 bytesused=614400 fnv1a32=9fc07a66 update=OK
s31preview: frame=459 buffer=0 capture_time=121.510000 elapsed_ms=103630 bytesused=614400 fnv1a32=60d3f4f7 update=OK
s31preview: frame=460 buffer=1 capture_time=121.740000 elapsed_ms=103830 bytesused=614400 fnv1a32=162f1df1 update=OK
s31preview: frame=461 buffer=0 capture_time=121.960000 elapsed_ms=104060 bytesused=614400 fnv1a32=6d9d73fa update=OK
s31preview: frame=462 buffer=1 capture_time=122.190000 elapsed_ms=104280 bytesused=614400 fnv1a32=b0934828 update=OK
s31preview: frame=463 buffer=0 capture_time=122.410000 elapsed_ms=104510 bytesused=614400 fnv1a32=cb7411be update=OK
s31preview: frame=464 buffer=1 capture_time=122.640000 elapsed_ms=104730 bytesused=614400 fnv1a32=534715d1 update=OK
s31preview: frame=465 buffer=0 capture_time=122.860000 elapsed_ms=104960 bytesused=614400 fnv1a32=2c120fcc update=OK
s31preview: frame=466 buffer=1 capture_time=123.090000 elapsed_ms=105180 bytesused=614400 fnv1a32=82f4de82 update=OK
s31preview: frame=467 buffer=0 capture_time=123.310000 elapsed_ms=105410 bytesused=614400 fnv1a32=cf622bae update=OK
s31preview: frame=468 buffer=1 capture_time=123.540000 elapsed_ms=105630 bytesused=614400 fnv1a32=713573f4 update=OK
s31preview: frame=469 buffer=0 capture_time=123.760000 elapsed_ms=105860 bytesused=614400 fnv1a32=e0b9f35a update=OK
s31preview: frame=470 buffer=1 capture_time=123.990000 elapsed_ms=106080 bytesused=614400 fnv1a32=9b69a588 update=OK
s31preview: frame=471 buffer=0 capture_time=124.210000 elapsed_ms=106310 bytesused=614400 fnv1a32=1a857886 update=OK
s31preview: frame=472 buffer=1 capture_time=124.440000 elapsed_ms=106530 bytesused=614400 fnv1a32=840d9b28 update=OK
s31preview: frame=473 buffer=0 capture_time=124.660000 elapsed_ms=106760 bytesused=614400 fnv1a32=6f444085 update=OK
s31preview: frame=474 buffer=1 capture_time=124.890000 elapsed_ms=107000 bytesused=614400 fnv1a32=df6031a3 update=OK
s31preview: frame=475 buffer=0 capture_time=125.110000 elapsed_ms=107210 bytesused=614400 fnv1a32=fbba86c2 update=OK
s31preview: frame=476 buffer=1 capture_time=125.340000 elapsed_ms=107450 bytesused=614400 fnv1a32=53ac9b13 update=OK
s31preview: frame=477 buffer=0 capture_time=125.560000 elapsed_ms=107670 bytesused=614400 fnv1a32=c8001101 update=OK
s31preview: frame=478 buffer=1 capture_time=125.790000 elapsed_ms=107900 bytesused=614400 fnv1a32=5da94f14 update=OK
s31preview: frame=479 buffer=0 capture_time=126.010000 elapsed_ms=108120 bytesused=614400 fnv1a32=59e52cd8 update=OK
s31preview: frame=480 buffer=1 capture_time=126.250000 elapsed_ms=108340 bytesused=614400 fnv1a32=844ebc99 update=OK
s31preview: frame=481 buffer=0 capture_time=126.460000 elapsed_ms=108570 bytesused=614400 fnv1a32=f0037ff9 update=OK
s31preview: frame=482 buffer=1 capture_time=126.700000 elapsed_ms=108790 bytesused=614400 fnv1a32=e8e7eda5 update=OK
s31preview: frame=483 buffer=0 capture_time=126.910000 elapsed_ms=109030 bytesused=614400 fnv1a32=003f7602 update=OK
s31preview: frame=484 buffer=1 capture_time=127.150000 elapsed_ms=109260 bytesused=614400 fnv1a32=d7acce5f update=OK
s31preview: frame=485 buffer=0 capture_time=127.360000 elapsed_ms=109480 bytesused=614400 fnv1a32=0f5697b9 update=OK
s31preview: frame=486 buffer=1 capture_time=127.600000 elapsed_ms=109710 bytesused=614400 fnv1a32=878ec066 update=OK
s31preview: frame=487 buffer=0 capture_time=127.810000 elapsed_ms=109910 bytesused=614400 fnv1a32=766e2233 update=OK
s31preview: frame=488 buffer=1 capture_time=128.050000 elapsed_ms=110160 bytesused=614400 fnv1a32=f6df9503 update=OK
s31preview: frame=489 buffer=0 capture_time=128.260000 elapsed_ms=110360 bytesused=614400 fnv1a32=f5c30c6e update=OK
s31preview: frame=490 buffer=1 capture_time=128.500000 elapsed_ms=110610 bytesused=614400 fnv1a32=f967d249 update=OK
s31preview: frame=491 buffer=0 capture_time=128.710000 elapsed_ms=110810 bytesused=614400 fnv1a32=60caba09 update=OK
s31preview: frame=492 buffer=1 capture_time=128.950000 elapsed_ms=111060 bytesused=614400 fnv1a32=b4970014 update=OK
s31preview: frame=493 buffer=0 capture_time=129.160000 elapsed_ms=111260 bytesused=614400 fnv1a32=f60d751d update=OK
s31preview: frame=494 buffer=1 capture_time=129.400000 elapsed_ms=111510 bytesused=614400 fnv1a32=1014c4ce update=OK
s31preview: frame=495 buffer=0 capture_time=129.610000 elapsed_ms=111710 bytesused=614400 fnv1a32=2eef0012 update=OK
s31preview: frame=496 buffer=1 capture_time=129.850000 elapsed_ms=111940 bytesused=614400 fnv1a32=f38d82ce update=OK
s31preview: frame=497 buffer=0 capture_time=130.060000 elapsed_ms=112160 bytesused=614400 fnv1a32=814587ec update=OK
s31preview: frame=498 buffer=1 capture_time=130.300000 elapsed_ms=112390 bytesused=614400 fnv1a32=7f690e8a update=OK
s31preview: frame=499 buffer=0 capture_time=130.510000 elapsed_ms=112610 bytesused=614400 fnv1a32=dd030354 update=OK
s31preview: frame=500 buffer=1 capture_time=130.750000 elapsed_ms=112840 bytesused=614400 fnv1a32=7552b339 update=OK
s31preview: frame=501 buffer=0 capture_time=130.960000 elapsed_ms=113060 bytesused=614400 fnv1a32=1022843c update=OK
s31preview: frame=502 buffer=1 capture_time=131.200000 elapsed_ms=113290 bytesused=614400 fnv1a32=039776c4 update=OK
s31preview: frame=503 buffer=0 capture_time=131.410000 elapsed_ms=113510 bytesused=614400 fnv1a32=5a5bec76 update=OK
s31preview: frame=504 buffer=1 capture_time=131.650000 elapsed_ms=113740 bytesused=614400 fnv1a32=9af5bb7b update=OK
s31preview: frame=505 buffer=0 capture_time=131.860000 elapsed_ms=113970 bytesused=614400 fnv1a32=8ef5908e update=OK
s31preview: frame=506 buffer=1 capture_time=132.100000 elapsed_ms=114190 bytesused=614400 fnv1a32=c828a59d update=OK
s31preview: frame=507 buffer=0 capture_time=132.310000 elapsed_ms=114420 bytesused=614400 fnv1a32=1813c6d7 update=OK
s31preview: frame=508 buffer=1 capture_time=132.550000 elapsed_ms=114640 bytesused=614400 fnv1a32=9d8cb029 update=OK
s31preview: frame=509 buffer=0 capture_time=132.760000 elapsed_ms=114870 bytesused=614400 fnv1a32=4489cbe4 update=OK
s31preview: frame=510 buffer=1 capture_time=133.000000 elapsed_ms=115090 bytesused=614400 fnv1a32=7fb1c1d4 update=OK
s31preview: frame=511 buffer=0 capture_time=133.210000 elapsed_ms=115330 bytesused=614400 fnv1a32=bce66223 update=OK
s31preview: frame=512 buffer=1 capture_time=133.450000 elapsed_ms=115560 bytesused=614400 fnv1a32=6eb1f0ac update=OK
s31preview: frame=513 buffer=0 capture_time=133.660000 elapsed_ms=115780 bytesused=614400 fnv1a32=fa86f8c6 update=OK
s31preview: frame=514 buffer=1 capture_time=133.900000 elapsed_ms=116010 bytesused=614400 fnv1a32=f250d25d update=OK
s31preview: frame=515 buffer=0 capture_time=134.110000 elapsed_ms=116210 bytesused=614400 fnv1a32=eaba107a update=OK
s31preview: frame=516 buffer=1 capture_time=134.350000 elapsed_ms=116460 bytesused=614400 fnv1a32=2e3304c1 update=OK
s31preview: frame=517 buffer=0 capture_time=134.560000 elapsed_ms=116660 bytesused=614400 fnv1a32=11e5a54a update=OK
s31preview: frame=518 buffer=1 capture_time=134.800000 elapsed_ms=116910 bytesused=614400 fnv1a32=2a10c696 update=OK
s31preview: frame=519 buffer=0 capture_time=135.010000 elapsed_ms=117110 bytesused=614400 fnv1a32=44bde4d6 update=OK
s31preview: frame=520 buffer=1 capture_time=135.250000 elapsed_ms=117360 bytesused=614400 fnv1a32=f92b2717 update=OK
s31preview: frame=521 buffer=0 capture_time=135.460000 elapsed_ms=117560 bytesused=614400 fnv1a32=3b8ceac2 update=OK
s31preview: frame=522 buffer=1 capture_time=135.700000 elapsed_ms=117810 bytesused=614400 fnv1a32=07d59814 update=OK
s31preview: frame=523 buffer=0 capture_time=135.910000 elapsed_ms=118010 bytesused=614400 fnv1a32=142f4b77 update=OK
s31preview: frame=524 buffer=1 capture_time=136.150000 elapsed_ms=118240 bytesused=614400 fnv1a32=adc9b15b update=OK
s31preview: frame=525 buffer=0 capture_time=136.370000 elapsed_ms=118470 bytesused=614400 fnv1a32=405886f9 update=OK
s31preview: frame=526 buffer=1 capture_time=136.600000 elapsed_ms=118690 bytesused=614400 fnv1a32=886bf4e0 update=OK
s31preview: frame=527 buffer=0 capture_time=136.820000 elapsed_ms=118920 bytesused=614400 fnv1a32=11159950 update=OK
s31preview: frame=528 buffer=1 capture_time=137.050000 elapsed_ms=119140 bytesused=614400 fnv1a32=f1a94ce8 update=OK
s31preview: frame=529 buffer=0 capture_time=137.270000 elapsed_ms=119370 bytesused=614400 fnv1a32=484fcc3c update=OK
s31preview: frame=530 buffer=1 capture_time=137.500000 elapsed_ms=119590 bytesused=614400 fnv1a32=d48e212d update=OK
s31preview: frame=531 buffer=0 capture_time=137.720000 elapsed_ms=119820 bytesused=614400 fnv1a32=2ad68134 update=OK
s31preview: frame=532 buffer=1 capture_time=137.950000 elapsed_ms=120040 bytesused=614400 fnv1a32=78154b09 update=OK
s31preview: frame=533 buffer=0 capture_time=138.170000 elapsed_ms=120270 bytesused=614400 fnv1a32=90d0d00c update=OK
s31preview: frame=534 buffer=1 capture_time=138.400000 elapsed_ms=120490 bytesused=614400 fnv1a32=79083de9 update=OK
s31preview: frame=535 buffer=0 capture_time=138.620000 elapsed_ms=120720 bytesused=614400 fnv1a32=922360cf update=OK
s31preview: frame=536 buffer=1 capture_time=138.850000 elapsed_ms=120940 bytesused=614400 fnv1a32=2ae1c1b3 update=OK
s31preview: frame=537 buffer=0 capture_time=139.070000 elapsed_ms=121170 bytesused=614400 fnv1a32=fbc0f00c update=OK
s31preview: frame=538 buffer=1 capture_time=139.300000 elapsed_ms=121410 bytesused=614400 fnv1a32=86444f0a update=OK
s31preview: frame=539 buffer=0 capture_time=139.520000 elapsed_ms=121620 bytesused=614400 fnv1a32=dfcd13f0 update=OK
s31preview: frame=540 buffer=1 capture_time=139.750000 elapsed_ms=121860 bytesused=614400 fnv1a32=c7baf107 update=OK
s31preview: frame=541 buffer=0 capture_time=139.970000 elapsed_ms=122070 bytesused=614400 fnv1a32=14ed839f update=OK
s31preview: frame=542 buffer=1 capture_time=140.200000 elapsed_ms=122310 bytesused=614400 fnv1a32=20722396 update=OK
s31preview: frame=543 buffer=0 capture_time=140.420000 elapsed_ms=122530 bytesused=614400 fnv1a32=44a6e99c update=OK
s31preview: frame=544 buffer=1 capture_time=140.650000 elapsed_ms=122760 bytesused=614400 fnv1a32=339cdac7 update=OK
s31preview: frame=545 buffer=0 capture_time=140.870000 elapsed_ms=122980 bytesused=614400 fnv1a32=4f7c8d45 update=OK
s31preview: frame=546 buffer=1 capture_time=141.100000 elapsed_ms=123210 bytesused=614400 fnv1a32=3fa789a6 update=OK
s31preview: frame=547 buffer=0 capture_time=141.320000 elapsed_ms=123430 bytesused=614400 fnv1a32=e7cb23a0 update=OK
s31preview: frame=548 buffer=1 capture_time=141.550000 elapsed_ms=123660 bytesused=614400 fnv1a32=9c0cb9f1 update=OK
s31preview: frame=549 buffer=0 capture_time=141.770000 elapsed_ms=123890 bytesused=614400 fnv1a32=4321dac3 update=OK
s31preview: frame=550 buffer=1 capture_time=142.000000 elapsed_ms=124110 bytesused=614400 fnv1a32=3436b07b update=OK
s31preview: frame=551 buffer=0 capture_time=142.220000 elapsed_ms=124340 bytesused=614400 fnv1a32=2f4a98de update=OK
s31preview: frame=552 buffer=1 capture_time=142.450000 elapsed_ms=124540 bytesused=614400 fnv1a32=e190d75b update=OK
s31preview: frame=553 buffer=0 capture_time=142.670000 elapsed_ms=124770 bytesused=614400 fnv1a32=071d4fb6 update=OK
s31preview: frame=554 buffer=1 capture_time=142.900000 elapsed_ms=124990 bytesused=614400 fnv1a32=64dcd850 update=OK
s31preview: frame=555 buffer=0 capture_time=143.120000 elapsed_ms=125220 bytesused=614400 fnv1a32=d48f5a0a update=OK
s31preview: frame=556 buffer=1 capture_time=143.350000 elapsed_ms=125440 bytesused=614400 fnv1a32=99139f37 update=OK
s31preview: frame=557 buffer=0 capture_time=143.570000 elapsed_ms=125670 bytesused=614400 fnv1a32=8c923748 update=OK
s31preview: frame=558 buffer=1 capture_time=143.800000 elapsed_ms=125890 bytesused=614400 fnv1a32=4742bced update=OK
s31preview: frame=559 buffer=0 capture_time=144.020000 elapsed_ms=126120 bytesused=614400 fnv1a32=31e690fc update=OK
s31preview: frame=560 buffer=1 capture_time=144.250000 elapsed_ms=126340 bytesused=614400 fnv1a32=4358c22c update=OK
s31preview: frame=561 buffer=0 capture_time=144.470000 elapsed_ms=126570 bytesused=614400 fnv1a32=88f47a81 update=OK
s31preview: frame=562 buffer=1 capture_time=144.700000 elapsed_ms=126790 bytesused=614400 fnv1a32=8d3ea555 update=OK
s31preview: frame=563 buffer=0 capture_time=144.920000 elapsed_ms=127020 bytesused=614400 fnv1a32=b09ed42f update=OK
s31preview: frame=564 buffer=1 capture_time=145.150000 elapsed_ms=127240 bytesused=614400 fnv1a32=32e04088 update=OK
s31preview: frame=565 buffer=0 capture_time=145.370000 elapsed_ms=127470 bytesused=614400 fnv1a32=3c1c24d3 update=OK
s31preview: frame=566 buffer=1 capture_time=145.600000 elapsed_ms=127710 bytesused=614400 fnv1a32=a9d9f989 update=OK
s31preview: frame=567 buffer=0 capture_time=145.820000 elapsed_ms=127920 bytesused=614400 fnv1a32=531f498e update=OK
s31preview: frame=568 buffer=1 capture_time=146.060000 elapsed_ms=128150 bytesused=614400 fnv1a32=313a3a7d update=OK
s31preview: frame=569 buffer=0 capture_time=146.270000 elapsed_ms=128380 bytesused=614400 fnv1a32=f07b5695 update=OK
s31preview: frame=570 buffer=1 capture_time=146.510000 elapsed_ms=128600 bytesused=614400 fnv1a32=0ea263ff update=OK
s31preview: frame=571 buffer=0 capture_time=146.720000 elapsed_ms=128830 bytesused=614400 fnv1a32=533bbba9 update=OK
s31preview: frame=572 buffer=1 capture_time=146.960000 elapsed_ms=129050 bytesused=614400 fnv1a32=54a9b78b update=OK
s31preview: frame=573 buffer=0 capture_time=147.170000 elapsed_ms=129280 bytesused=614400 fnv1a32=da30c105 update=OK
s31preview: frame=574 buffer=1 capture_time=147.410000 elapsed_ms=129500 bytesused=614400 fnv1a32=f7906858 update=OK
s31preview: frame=575 buffer=0 capture_time=147.620000 elapsed_ms=129730 bytesused=614400 fnv1a32=82a8cc12 update=OK
s31preview: frame=576 buffer=1 capture_time=147.860000 elapsed_ms=129970 bytesused=614400 fnv1a32=a889964f update=OK
s31preview: frame=577 buffer=0 capture_time=148.070000 elapsed_ms=130190 bytesused=614400 fnv1a32=03e933d0 update=OK
s31preview: frame=578 buffer=1 capture_time=148.310000 elapsed_ms=130420 bytesused=614400 fnv1a32=917943a4 update=OK
s31preview: frame=579 buffer=0 capture_time=148.520000 elapsed_ms=130640 bytesused=614400 fnv1a32=a8ab28d2 update=OK
s31preview: frame=580 buffer=1 capture_time=148.760000 elapsed_ms=130870 bytesused=614400 fnv1a32=55005b59 update=OK
s31preview: frame=581 buffer=0 capture_time=148.970000 elapsed_ms=131070 bytesused=614400 fnv1a32=609e5001 update=OK
s31preview: frame=582 buffer=1 capture_time=149.210000 elapsed_ms=131320 bytesused=614400 fnv1a32=fa65a21c update=OK
s31preview: frame=583 buffer=0 capture_time=149.420000 elapsed_ms=131520 bytesused=614400 fnv1a32=c8ab1573 update=OK
s31preview: frame=584 buffer=1 capture_time=149.660000 elapsed_ms=131770 bytesused=614400 fnv1a32=b5663ca7 update=OK
s31preview: frame=585 buffer=0 capture_time=149.870000 elapsed_ms=131970 bytesused=614400 fnv1a32=c9b37771 update=OK
s31preview: frame=586 buffer=1 capture_time=150.110000 elapsed_ms=132220 bytesused=614400 fnv1a32=677e3007 update=OK
s31preview: frame=587 buffer=0 capture_time=150.320000 elapsed_ms=132420 bytesused=614400 fnv1a32=416e42c2 update=OK
s31preview: frame=588 buffer=1 capture_time=150.560000 elapsed_ms=132670 bytesused=614400 fnv1a32=46df9639 update=OK
s31preview: frame=589 buffer=0 capture_time=150.770000 elapsed_ms=132870 bytesused=614400 fnv1a32=53f97140 update=OK
s31preview: frame=590 buffer=1 capture_time=151.010000 elapsed_ms=133100 bytesused=614400 fnv1a32=ad0226a0 update=OK
s31preview: frame=591 buffer=0 capture_time=151.220000 elapsed_ms=133320 bytesused=614400 fnv1a32=a3ce7c8c update=OK
s31preview: frame=592 buffer=1 capture_time=151.460000 elapsed_ms=133550 bytesused=614400 fnv1a32=0b95524b update=OK
s31preview: frame=593 buffer=0 capture_time=151.670000 elapsed_ms=133770 bytesused=614400 fnv1a32=7df2f029 update=OK
s31preview: frame=594 buffer=1 capture_time=151.910000 elapsed_ms=134000 bytesused=614400 fnv1a32=7045de91 update=OK
s31preview: frame=595 buffer=0 capture_time=152.120000 elapsed_ms=134220 bytesused=614400 fnv1a32=d4352c37 update=OK
s31preview: frame=596 buffer=1 capture_time=152.360000 elapsed_ms=134450 bytesused=614400 fnv1a32=774d888a update=OK
s31preview: frame=597 buffer=0 capture_time=152.570000 elapsed_ms=134680 bytesused=614400 fnv1a32=3fe85c32 update=OK
s31preview: frame=598 buffer=1 capture_time=152.810000 elapsed_ms=134900 bytesused=614400 fnv1a32=d61ac571 update=OK
s31preview: frame=599 buffer=0 capture_time=153.020000 elapsed_ms=135130 bytesused=614400 fnv1a32=de777f1c update=OK
s31preview: frame=600 buffer=1 capture_time=153.260000 elapsed_ms=135350 bytesused=614400 fnv1a32=e2aa12c7 update=OK
s31preview: completed=600/600 result=PASS
nsh> [K