
HOST_COMMAND mount
mount
  /data type tmpfs
  /proc type procfs
  /tmp type tmpfs
nsh> [K
HOST_COMMAND ls /dev/audio/pcm0p
ls /dev/audio/pcm0p
 /dev/audio/pcm0p
nsh> [K
HOST_COMMAND ls /dev/audio/pcm0c
ls /dev/audio/pcm0c
 /dev/audio/pcm0c
nsh> [K
HOST_COMMAND ls -l /data/settings.pfw
ls -l /data/settings.pfw
nsh: ls: stat failed: No such file or directory
nsh> [K
HOST_COMMAND rb -f /data
rb -f /data
Ignored unexpected text: CC
name:settings.pfw filesize:117
     100.0% 117:117 left:00h00m00s
time used:0.0s speed 3.2kB/s

 all time:10.19s average speed:0.01kB/snsh> [K
HOST_COMMAND echo $?
echo $?
0
nsh> [K
HOST_COMMAND ls -l /data/settings.pfw
ls -l /data/settings.pfw
 -rwxrwxrwx         117 /data/settings.pfw
nsh> [K