------------------------------------------------------------
Client connecting to 192.168.1.60, UDP port 5010
Sending 1470 byte datagrams, IPG target: 2243.04 us (kalman adjust)
UDP buffer size:  208 KByte (default)
------------------------------------------------------------
[  1] local 172.31.208.211 port 43320 connected with 192.168.1.60 port 5010
[ ID] Interval       Transfer     Bandwidth
[  1] 0.0000-1.0000 sec   642 KBytes  5.26 Mbits/sec
[  1] 1.0000-2.0000 sec   640 KBytes  5.24 Mbits/sec
[  1] 2.0000-3.0000 sec   640 KBytes  5.24 Mbits/sec
[  1] 3.0000-4.0000 sec   640 KBytes  5.24 Mbits/sec
[  1] 4.0000-5.0000 sec   639 KBytes  5.23 Mbits/sec
[  1] 5.0000-6.0000 sec   640 KBytes  5.24 Mbits/sec
[  1] 6.0000-7.0000 sec   640 KBytes  5.24 Mbits/sec
[  1] 7.0000-8.0000 sec   640 KBytes  5.24 Mbits/sec
[  1] 8.0000-9.0000 sec   640 KBytes  5.24 Mbits/sec
[  1] 9.0000-10.0000 sec   640 KBytes  5.24 Mbits/sec
[  1] 10.0000-11.0000 sec   639 KBytes  5.23 Mbits/sec
[  1] 11.0000-12.0000 sec   640 KBytes  5.24 Mbits/sec
[  1] 12.0000-13.0000 sec   640 KBytes  5.24 Mbits/sec
[  1] 13.0000-14.0000 sec   640 KBytes  5.24 Mbits/sec
[  1] 14.0000-15.0000 sec   640 KBytes  5.24 Mbits/sec
[  1] 15.0000-16.0000 sec   640 KBytes  5.24 Mbits/sec
[  1] 16.0000-17.0000 sec   639 KBytes  5.23 Mbits/sec
[  1] 17.0000-18.0000 sec   640 KBytes  5.24 Mbits/sec
[  1] 18.0000-19.0000 sec   640 KBytes  5.24 Mbits/sec
[  1] 19.0000-20.0000 sec   640 KBytes  5.24 Mbits/sec
[  1] 20.0000-21.0000 sec   640 KBytes  5.24 Mbits/sec
[  1] 21.0000-22.0000 sec   639 KBytes  5.23 Mbits/sec
[  1] 22.0000-23.0000 sec   640 KBytes  5.24 Mbits/sec
[  1] 23.0000-24.0000 sec   640 KBytes  5.24 Mbits/sec
[  1] 24.0000-25.0000 sec   640 KBytes  5.24 Mbits/sec
[  1] 25.0000-26.0000 sec   640 KBytes  5.24 Mbits/sec
[  1] 26.0000-27.0000 sec   640 KBytes  5.24 Mbits/sec
[  1] 27.0000-28.0000 sec   639 KBytes  5.23 Mbits/sec
[  1] 28.0000-29.0000 sec   640 KBytes  5.24 Mbits/sec
[  1] 29.0000-30.0000 sec   640 KBytes  5.24 Mbits/sec
[  1] 0.0000-30.0031 sec  18.8 MBytes  5.24 Mbits/sec
[  1] Sent 13379 datagrams
[  3] WARNING: did not receive ack of last datagram after 10 tries.
