ESP-ROM:esp32s31-20251218
Build:Dec 18 2025
rst:0x1 (POWERON),boot:0x5f (SPI_FAST_FLASH_BOOT)
SPI mode:DIO, clock div:1
load:0x2e000000,len:0x18
load:0x2f000000,len:0x1c150
entry 0x2f017f84
*** Booting NuttX ***
rtc: lma 0x00002020 vma 0x2e000000 len 0x18     (24)
dram: lma 0x00002040 vma 0x2f000000 len 0x1c150  (115024)
padd: lma 0x0001e1c8 vma 0x00000000 len 0x1e50   (7760)
imap: lma 0x00020020 vma 0x40140020 len 0x25eac  (155308)
padd: lma 0x00045ed4 vma 0x00000000 len 0xa224   (41508)
imap: lma 0x00050100 vma 0x40000100 len 0x13a44c (1287244)
total segments stored 6
ABC[CPU0] S31 hardware crypto: SHA1/SHA256/SHA512 PIO
[CPU0] S31 hardware crypto: HMAC-SHA1/256 via SHA PIO
[CPU0] S31 hardware crypto: ECDSA P256 verify only
[CPU0] S31 hardware crypto: AES-CBC 128/256-bit PIO
[CPU0] S31 hardware crypto: AES-CTR/XTS full-block PIO
[CPU0] CPU1 SMP online: ipi0=0 timer1=0
[CPU0] AppFS header: 2d726f6d3166732d
[CPU0] AppFS MTD boundary checks: PASS
[CPU0] AppFS writable LittleFS: offset=0x500000 size=0x700000
[CPU0] Initializing Wi-Fi station
[CPU0] E1 Wi-Fi station netdev ready

NuttShell (NSH)
nsh> [Kuname -a
NuttX  0.0.0 428252a08db-dirty Sep 20 2026 02:48:13 risc-v esp32s31-core-function-board
nsh> [Kifup wlan0
[CPU0] set_intr_wrapper: S31 IRQ route: cpu=0 source=122 vector=1 priority=1
[CPU0] set_intr_wrapper: S31 IRQ route: cpu=0 source=120 vector=1 priority=1
[CPU0] enable_intr_wrapper: S31 IRQ enable: mask=00000002 vector=1 irq=137
[CPU0] esp_wifi_sta_start: S31 frame statistics enable: rx=0 tx=0
ifup wlan0...OK
nsh> [Kwapi mode wlan0 2
nsh> [Kwapi psk wlan0 <REDACTED> 3
nsh> [Kwapi essid wlan0 "[REDACTED]" 1
[CPU0] esp_event_post_wrapper: S31 associated: channel=1 auth=3 bssid=7c:39:85:2a:50:04
[CPU1] esp_evt_work_cb: S31 driver STA MAC: 30:ed:a0:f3:f7:b0
[CPU1] esp_evt_work_cb: S31 driver power save: ret=0 mode=0
[CPU0] esp_evt_work_cb: S31 driver protocol: ret=0 bitmap=7
[CPU0] esp_evt_work_cb: S31 negotiated PHY: ret=0 mode=4
[CPU0] esp_evt_work_cb: S31 HE SU beamformee disabled: ret=0 value=0
[CPU0] s31_wifi_rx_counters: S31 modem clocks connected: conf1=0038e7ff bb=1 bb80x1=1 bb44=1 mac=1 apb=1 fe160=1 sec=0
[CPU0] s31_wifi_rx_counters: S31 RX counters connected: ret=0 mpdu=1788 data=9 fcs=151 abort=257 full=0 fifo=0 other=118
[CPU0] s31_wifi_rx_counters: S31 HE counters: power=13 sigb=0 format=0 unsupported=0 siga=0 bboff=0 wdg=0
[CPU0] s31_wifi_rx_counters: S31 radio hangs: rx=0 tx=0 flags=00000000 panic=00000000 bf_timeout=0 bf_error=0
[CPU0] s31_wifi_rx_counters: S31 RX errors: ret=0 total=0 bitmap=0 tkip=0
[CPU0] s31_wifi_rx_counters: S31 RX types: ret=0 legacy=2 ht=0 su=0 ersu=0 mu=0 su_noeb=0 mu_noeb=0 stbc=0 retry=0
[CPU0] s31_wifi_rx_counters: S31 TX stats: ret=0 enable=0 complete=0 succ=0 ack=0 ba=0 retry=0 nomem=0 timeout=0
nsh> [Krenew wlan0
nsh> [Kwapi show wlan0
wlan0 Configuration:
       IP: 192.168.1.60
  NetMask: 255.255.255.0
Frequency: 2412
     Flag: WAPI_FREQ_FIXED
  Channel: 1
Frequency: 2412
    ESSID: [REDACTED]
     Flag: WAPI_ESSID_ON
     Mode: WAPI_MODE_MANAGED
       AP: 7c:39:85:2a:50:04
  BitRate: 72
     Flag: WAPI_BITRATE_FIXED
  TxPower: 20
     Flag: WAPI_TXPOWER_DBM
    Sense: -66
  Country: 01
 PTA prio: not supported
nsh> [Kcat /dev/s31stat
MONIRQ: cpu=0 defer=8290 replay=8290 ack=13140 drop=0 pending=0x0 sreplay=8
MONLAT: scope=monitor_to_wifi_cb units=cycles cpu=0 input=1 last=3293 max=48454130 samples=202 over32=17 over100=9 over1000=4 sum=91501699 direct=2 directmax=3293 deferred=200 deferredmax=48454130
MONIRQ: cpu=1 defer=10556 replay=10556 ack=10872 drop=0 pending=0x0 sreplay=1
MONLAT: scope=monitor_to_wifi_cb units=cycles cpu=1 input=1 last=0 max=0 samples=0 over32=0 over100=0 over1000=0 sum=0 direct=0 directmax=0 deferred=0 deferredmax=0
ADDRENV: created=6 fail=0 destroyed=5 live=1 livemax=2 pages=756 pgt=20
WIFIRX: callbacks=9
WIFIQ: lifetimes=1 untracked=0
WIFIQ: slot=0 active=1 depth=200 size=8 try0=185 fail0=0
TCPSYNACK: seen=0 queued=0 nomem=0 error=0 badip=0 badtcp=0
TXDONE: total=4 fail=0 invalid=0 nonarp=4
TXSHAPE: snap=4 arphdr=0 arpfail=0 offset=34 len=328
ARPREQ: seen=0 baddst=0 badsrc=0 badsha=0 badspa=0 badtha=0
ARPDIAG: dir=0 frames=0 bad=0 req=0 reply=0 peer=0 peerreply=0 lastlen=0 srcdiff=0 ok=0 drop=0
ARPDIAG: dir=1 frames=1 bad=0 req=1 reply=0 peer=0 peerreply=0 lastlen=60 srcdiff=0 ok=1 drop=0
ARPDIAG: dir=2 frames=0 bad=0 req=0 reply=0 peer=0 peerreply=0 lastlen=0 srcdiff=0 ok=0 drop=0
WAIT: pid=2 object=0x2f018bd4
LPTRACE: 0x2f00c73e
WAIT: pid=4 object=0x2f018c2c
WAIT: pid=5 object=0x2f029194
nsh> [Kifconfig
wlan0	Link encap:Ethernet HWaddr 30:ed:a0:f3:f7:b0 at RUNNING mtu 1500
	inet addr:192.168.1.60 DRaddr:192.168.1.1 Mask:255.255.255.0

	RX: Received Fragment Errors   Bytes   
	    00000009 00000000 00000000 644             
	    IPv4     ARP      Dropped 
	    00000000 00000000 00000000
	TX: Queued   Sent     Errors   Timeouts Bytes   
	    00000002 00000004 00000000 00000000 26d              
	Total Errors: 00000000

             IPv4   TCP   UDP  ICMP
Received     0002  0000  0002  0000
Dropped      0000  0000  0000  0000
  IPv4        VHL: 0000   Frg: 0000
  Checksum   0000  0000  0000  0000
  TCP         ACK: 0000   SYN: 0000
              RST: 0000  0000
              HDR: 0000
  Type       0000  ----  ----  0000
Sent         0002  0000  0002  0000
  Rexmit     ----  0000  ----  ----
nsh> [Kiperf2 -s -u -p 5010 -i 1 &
iperf2 [13:101]
nsh> [K------------------------------------------------------------
Server listening on UDP port 5010
UDP buffer size: 16.0 KByte
------------------------------------------------------------
kill -15 13
nsh> [Kcat /dev/s31stat
MONIRQ: cpu=0 defer=46673 replay=46673 ack=51531 drop=0 pending=0x0 sreplay=10
MONLAT: scope=monitor_to_wifi_cb units=cycles cpu=0 input=1 last=962587 max=48454130 samples=1969 over32=45 over100=24 over1000=7 sum=115579681 direct=3 directmax=15353 deferred=1966 deferredmax=48454130
MONIRQ: cpu=1 defer=14685 replay=14685 ack=15001 drop=0 pending=0x0 sreplay=1
MONLAT: scope=monitor_to_wifi_cb units=cycles cpu=1 input=1 last=0 max=0 samples=0 over32=0 over100=0 over1000=0 sum=0 direct=0 directmax=0 deferred=0 deferredmax=0
ADDRENV: created=7 fail=0 destroyed=5 live=2 livemax=2 pages=756 pgt=20
WIFIRX: callbacks=67
WIFIQ: lifetimes=1 untracked=0
WIFIQ: slot=0 active=1 depth=200 size=8 try0=1469 fail0=0
TCPSYNACK: seen=0 queued=0 nomem=0 error=0 badip=0 badtcp=0
TXDONE: total=9 fail=0 invalid=0 nonarp=9
TXSHAPE: snap=9 arphdr=3 arpfail=0 offset=34 len=108
ARPREQ: seen=0 baddst=0 badsrc=0 badsha=0 badspa=0 badtha=0
ARPDIAG: dir=0 frames=3 bad=0 req=0 reply=3 peer=0 peerreply=0 lastlen=60 srcdiff=0 ok=3 drop=0
ARPDIAG: dir=1 frames=21 bad=0 req=21 reply=0 peer=5 peerreply=0 lastlen=56 srcdiff=0 ok=21 drop=0
ARPDIAG: dir=2 frames=0 bad=0 req=0 reply=0 peer=0 peerreply=0 lastlen=0 srcdiff=0 ok=0 drop=0
WAIT: pid=2 object=0x2f018bd4
LPTRACE: 0x2f00c73e
WAIT: pid=4 object=0x2f018c2c
WAIT: pid=5 object=0x2f029194
WAIT: pid=13 object=0x614013e4
WAIT: pid=14 object=0x61401394
WAIT: pid=15 object=0x2f064874
nsh> [Krecvfrom failed: Interrupted system call
ifconfig
wlan0	Link encap:Ethernet HWaddr 30:ed:a0:f3:f7:b0 at RUNNING mtu 1500
	inet addr:192.168.1.60 DRaddr:192.168.1.1 Mask:255.255.255.0

	RX: Received Fragment Errors   Bytes   
	    00000043 00000000 00000000 25b9            
	    IPv4     ARP      Dropped 
	    00000000 00000000 00000000
	TX: Queued   Sent     Errors   Timeouts Bytes   
	    00000007 00000009 00000000 00000000 3af              
	Total Errors: 00000000

             IPv4   TCP   UDP  ICMP
Received     0015  0000  0011  0002
Dropped      0002  0000  0000  0000
  IPv4        VHL: 0000   Frg: 0000
  Checksum   0000  0000  0000  0000
  TCP         ACK: 0000   SYN: 0000
              RST: 0000  0000
              HDR: 0000
  Type       0000  ----  ----  0000
Sent         0004  0000  0002  0002
  Rexmit     ----  0000  ----  ----
nsh> [Kifdown wlan0
[CPU0] s31_wifi_rx_counters: S31 modem clocks stop: conf1=0038e7ff bb=1 bb80x1=1 bb44=1 mac=1 apb=1 fe160=1 sec=0
[CPU0] s31_wifi_rx_counters: S31 RX counters stop: ret=0 mpdu=14040 data=653 fcs=3478 abort=9115 full=0 fifo=0 other=3215
[CPU0] s31_wifi_rx_counters: S31 HE counters: power=928 sigb=0 format=0 unsupported=0 siga=0 bboff=0 wdg=0
[CPU0] s31_wifi_rx_counters: S31 radio hangs: rx=0 tx=0 flags=00000000 panic=00000000 bf_timeout=0 bf_error=0
[CPU0] s31_wifi_rx_counters: S31 RX errors: ret=0 total=0 bitmap=0 tkip=0
[CPU0] s31_wifi_rx_counters: S31 RX types: ret=0 legacy=74 ht=6 su=0 ersu=0 mu=0 su_noeb=0 mu_noeb=0 stbc=0 retry=0
[CPU0] s31_wifi_rx_counters: S31 TX stats: ret=0 enable=3 complete=3 succ=2 ack=1 ba=1 retry=1 nomem=0 timeout=0
[CPU0] esp_event_post_wrapper: Station disconnected: reason=8 rssi=-64
[CPU0] disable_intr_wrapper: S31 IRQ disable: mask=00000002 vector=1 irq=137
[CPU0] esp_evt_work_cb: Failed to connect AP error=12290
ifdown wlan0...OK
nsh> [Kcat /dev/s31stat
MONIRQ: cpu=0 defer=54701 replay=54701 ack=59563 drop=0 pending=0x0 sreplay=11
MONLAT: scope=monitor_to_wifi_cb units=cycles cpu=0 input=1 last=1205 max=48454130 samples=2129 over32=54 over100=31 over1000=8 sum=117997503 direct=3 directmax=15353 deferred=2126 deferredmax=48454130
MONIRQ: cpu=1 defer=15090 replay=15090 ack=15407 drop=0 pending=0x0 sreplay=1
MONLAT: scope=monitor_to_wifi_cb units=cycles cpu=1 input=1 last=0 max=0 samples=0 over32=0 over100=0 over1000=0 sum=0 direct=0 directmax=0 deferred=0 deferredmax=0
ADDRENV: created=7 fail=0 destroyed=6 live=1 livemax=2 pages=944 pgt=24
WIFIRX: callbacks=75
WIFIQ: lifetimes=1 untracked=0
WIFIQ: slot=0 active=1 depth=200 size=8 try0=1627 fail0=0
TCPSYNACK: seen=0 queued=0 nomem=0 error=0 badip=0 badtcp=0
TXDONE: total=10 fail=0 invalid=0 nonarp=10
TXSHAPE: snap=10 arphdr=4 arpfail=0 offset=34 len=58
ARPREQ: seen=0 baddst=0 badsrc=0 badsha=0 badspa=0 badtha=0
ARPDIAG: dir=0 frames=4 bad=0 req=0 reply=4 peer=0 peerreply=0 lastlen=44 srcdiff=0 ok=4 drop=0
ARPDIAG: dir=1 frames=22 bad=0 req=22 reply=0 peer=5 peerreply=0 lastlen=44 srcdiff=0 ok=22 drop=0
ARPDIAG: dir=2 frames=0 bad=0 req=0 reply=0 peer=0 peerreply=0 lastlen=0 srcdiff=0 ok=0 drop=0
WAIT: pid=2 object=0x2f018bd4
LPTRACE: 0x2f00c73e
WAIT: pid=4 object=0x2f018c2c
WAIT: pid=5 object=0x2f029194
nsh> [Kifconfig
wlan0	Link encap:Ethernet HWaddr 30:ed:a0:f3:f7:b0 at DOWN mtu 1500
	inet addr:192.168.1.60 DRaddr:192.168.1.1 Mask:255.255.255.0

	RX: Received Fragment Errors   Bytes   
	    0000004b 00000000 00000000 28b9            
	    IPv4     ARP      Dropped 
	    00000000 00000000 00000000
	TX: Queued   Sent     Errors   Timeouts Bytes   
	    00000008 0000000a 00000000 00000000 3d9              
	Total Errors: 00000000

             IPv4   TCP   UDP  ICMP
Received     0017  0000  0013  0002
Dropped      0002  0000  0000  0000
  IPv4        VHL: 0000   Frg: 0000
  Checksum   0000  0000  0000  0000
  TCP         ACK: 0000   SYN: 0000
              RST: 0000  0000
              HDR: 0000
  Type       0000  ----  ----  0000
Sent         0004  0000  0002  0002
  Rexmit     ----  0000  ----  ----
nsh> [K