cat /dev/s31stat
MONIRQ: cpu=0 defer=177083 replay=177083 ack=182559 drop=0 pending=0x0 sreplay=19
MONLAT: scope=monitor_to_wifi_cb units=cycles cpu=0 input=1 last=33021 max=47856173 samples=36304 over32=1518 over100=996 over1000=26 sum=352124374 direct=33 directmax=16448 deferred=36271 deferredmax=47856173
MONIRQ: cpu=1 defer=23729 replay=23729 ack=24052 drop=0 pending=0x0 sreplay=2
MONLAT: scope=monitor_to_wifi_cb units=cycles cpu=1 input=1 last=0 max=0 samples=0 over32=0 over100=0 over1000=0 sum=0 direct=0 directmax=0 deferred=0 deferredmax=0
ADDRENV: created=10 fail=0 destroyed=9 live=1 livemax=2 pages=1474 pgt=36
WIFIRX: callbacks=8002
WIFIQ: lifetimes=1 untracked=0
WIFIQ: slot=0 active=1 depth=200 size=8 try0=28617 fail0=0
TCPSYNACK: seen=0 queued=0 nomem=0 error=0 badip=0 badtcp=0
TXDONE: total=7410 fail=0 invalid=1038 nonarp=6372
TXSHAPE: snap=6372 arphdr=14 arpfail=0 offset=34 len=600
ARPREQ: seen=0 baddst=0 badsrc=0 badsha=0 badspa=0 badtha=0
ARPDIAG: dir=0 frames=14 bad=0 req=0 reply=14 peer=3 peerreply=3 lastlen=44 srcdiff=0 ok=14 drop=0
ARPDIAG: dir=1 frames=65 bad=0 req=65 reply=0 peer=18 peerreply=0 lastlen=44 srcdiff=0 ok=65 drop=0
ARPDIAG: dir=2 frames=0 bad=0 req=0 reply=0 peer=0 peerreply=0 lastlen=0 srcdiff=0 ok=0 drop=0
WAIT: pid=2 object=0x2f018bd4
LPTRACE: 0x2f00c73e
WAIT: pid=4 object=0x2f018c2c
WAIT: pid=5 object=0x2f029194
nsh> [Kifconfig
wlan0	Link encap:Ethernet HWaddr 30:ed:a0:f3:f7:b0 at UP mtu 1500
	inet addr:192.168.1.60 DRaddr:192.168.1.1 Mask:255.255.255.0

	RX: Received Fragment Errors   Bytes   
	    00001f42 00000000 00000000 b59ac6          
	    IPv4     ARP      Dropped 
	    00000000 00000000 00000000
	TX: Queued   Sent     Errors   Timeouts Bytes   
	    00001cef 00001cf2 00000000 00000000 42881b           
	Total Errors: 00000000

             IPv4   TCP   UDP  ICMP
Received     1eca  0000  1eca  0000
Dropped      0000  0000  0000  0000
  IPv4        VHL: 0000   Frg: 0000
  Checksum   0000  0000  0000  0000
  TCP         ACK: 0000   SYN: 0000
              RST: 0000  0000
              HDR: 0000
  Type       0000  ----  ----  0000
Sent         0006  0000  0006  0000
  Rexmit     ----  0000  ----  ----
nsh> [K