iperf2 -s -u -p 5010 -i 1 &
iperf2 [13:101]
nsh> [K------------------------------------------------------------
Server listening on UDP port 5010
UDP buffer size: 16.0 KByte
------------------------------------------------------------
[  1] local 0.0.0.0 port 5010 connected with 192.168.1.29 port 50062
[ ID] Interval       Transfer     Bandwidth        Jitter   Lost/Total Datagrams
[  1] 0.00-1.00 sec   111 KBytes   906 Kbits/sec  153900.531 ms 0/77 (0%)
[  1] 1.00-2.00 sec   162 KBytes  1.33 Mbits/sec  112.249 ms 0/113 (0%)
[  1] 2.00-3.00 sec  18.7 KBytes   153 Kbits/sec  94.580 ms 0/13 (0%)
[  1] 3.00-4.00 sec  17.2 KBytes   141 Kbits/sec  83.151 ms 0/12 (0%)
[  1] 4.00-5.00 sec  28.7 KBytes   235 Kbits/sec  57.648 ms 0/20 (0%)
[  1] 5.00-6.00 sec  34.5 KBytes   282 Kbits/sec  41.687 ms 0/24 (0%)
[  1] 6.00-7.00 sec  15.8 KBytes   129 Kbits/sec  60.546 ms 0/11 (0%)
[  1] 7.00-8.00 sec  10.0 KBytes  82.3 Kbits/sec  73.487 ms 0/7 (0%)
[  1] 8.00-9.00 sec  10.0 KBytes  82.3 Kbits/sec  109.608 ms 3/10 (30%)
[  1] 9.00-10.00 sec  4.31 KBytes  35.3 Kbits/sec  121.899 ms 1/4 (25%)
[  1] 10.00-11.00 sec  18.7 KBytes   153 Kbits/sec  109.016 ms 1/15 (6.7%)
[  1] 10.00-11.00 sec  1 datagrams received out-of-order
[  1] 11.00-12.00 sec  1.44 KBytes  11.8 Kbits/sec  144.313 ms 3/4 (75%)
[  1] 12.00-13.00 sec  7.18 KBytes  58.8 Kbits/sec  173.466 ms 2/8 (25%)
[  1] 12.00-13.00 sec  1 datagrams received out-of-order
[  1] 13.00-14.00 sec  4.31 KBytes  35.3 Kbits/sec  202.134 ms 4/7 (57%)
[  1] 14.00-15.00 sec  8.61 KBytes  70.6 Kbits/sec  163.663 ms 1/7 (14%)
[  1] 15.00-16.00 sec  2.87 KBytes  23.5 Kbits/sec  214.795 ms 1/4 (25%)
[  1] 15.00-16.00 sec  1 datagrams received out-of-order
[  1] 16.00-17.00 sec  2.87 KBytes  23.5 Kbits/sec  248.812 ms 4/6 (67%)
[  1] 17.00-18.00 sec  12.9 KBytes   106 Kbits/sec  174.626 ms 0/9 (0%)
[  1] 18.00-19.00 sec  11.5 KBytes  94.1 Kbits/sec  147.765 ms 0/8 (0%)
[  1] 19.00-20.00 sec  14.4 KBytes   118 Kbits/sec  126.630 ms 2/12 (17%)
[  1] 20.00-21.00 sec  10.0 KBytes  82.3 Kbits/sec  115.898 ms 0/7 (0%)
[  1] 21.00-22.00 sec  11.5 KBytes  94.1 Kbits/sec  124.818 ms 2/11 (18%)
[  1] 21.00-22.00 sec  1 datagrams received out-of-order
[  1] 22.00-23.00 sec  5.74 KBytes  47.0 Kbits/sec  144.965 ms 2/6 (33%)
[  1] 23.00-24.00 sec  15.8 KBytes   129 Kbits/sec  118.528 ms 2/13 (15%)
[  1] 24.00-25.00 sec  11.5 KBytes  94.1 Kbits/sec  120.097 ms 2/10 (20%)
[  1] 25.00-26.00 sec  10.0 KBytes  82.3 Kbits/sec  118.300 ms 1/9 (11%)
[  1] 25.00-26.00 sec  1 datagrams received out-of-order
[  1] 26.00-27.00 sec  10.0 KBytes  82.3 Kbits/sec  116.147 ms 0/8 (0%)
[  1] 26.00-27.00 sec  1 datagrams received out-of-order
[  1] 27.00-28.00 sec  8.61 KBytes  70.6 Kbits/sec  116.156 ms 1/7 (14%)
[  1] 28.00-29.00 sec  5.74 KBytes  47.0 Kbits/sec  158.261 ms 3/7 (43%)
[  1] 29.00-30.00 sec  8.61 KBytes  70.6 Kbits/sec  137.336 ms 0/7 (0%)
[  1] 29.00-30.00 sec  1 datagrams received out-of-order
[  1] 30.00-31.00 sec  11.5 KBytes  94.1 Kbits/sec  136.166 ms 2/10 (20%)
[  1] 31.00-32.00 sec  7.18 KBytes  58.8 Kbits/sec  133.979 ms 2/7 (29%)
[  1] 32.00-33.00 sec  7.18 KBytes  58.8 Kbits/sec  143.769 ms 3/8 (38%)
[  1] 33.00-34.00 sec  10.0 KBytes  82.3 Kbits/sec  140.993 ms 3/10 (30%)
[  1] 34.00-35.00 sec  25.8 KBytes   212 Kbits/sec  86.131 ms 0/18 (0%)
kill -15 13
nsh> [KWaiting for server threads to complete. Interrupt again to force quit.
[  1] 35.00-36.00 sec  20.1 KBytes   165 Kbits/sec  71.040 ms 1/15 (6.7%)
[  1] 0.00-36.03 sec   676 KBytes   154 Kbits/sec  71.040 ms 46/524 (8.8%)
[  1] 0.00-36.03 sec  7 datagrams received out-of-order
recvfrom failed: Interrupted system call
