------------------------------------------------------------
Client connecting to 192.168.1.60, UDP port 5011
Sending 1470 byte datagrams, IPG target: 560.76 us (kalman adjust)
UDP buffer size: 64.0 KByte (default)
------------------------------------------------------------
[  1] local 192.168.1.29 port 61392 connected with 192.168.1.60 port 5011
[ ID] Interval       Transfer     Bandwidth
[  1] 0.00-1.00 sec  2.48 MBytes  20.8 Mbits/sec
[  1] 1.00-2.00 sec  2.47 MBytes  20.7 Mbits/sec
[  1] 2.00-3.00 sec  2.55 MBytes  21.4 Mbits/sec
[  1] 3.00-4.00 sec  2.48 MBytes  20.8 Mbits/sec
[  1] 4.00-5.00 sec  2.50 MBytes  21.0 Mbits/sec
[  1] 5.00-6.00 sec  2.47 MBytes  20.7 Mbits/sec
[  1] 6.00-7.00 sec  2.53 MBytes  21.2 Mbits/sec
[  1] 7.00-8.00 sec  2.52 MBytes  21.1 Mbits/sec
[  1] 8.00-9.00 sec  2.48 MBytes  20.8 Mbits/sec
[  1] 9.00-10.00 sec  2.51 MBytes  21.0 Mbits/sec
[  1] 10.00-11.00 sec  2.50 MBytes  21.0 Mbits/sec
[  1] 11.00-12.00 sec  2.49 MBytes  20.9 Mbits/sec
[  1] 12.00-13.00 sec  2.52 MBytes  21.2 Mbits/sec
[  1] 13.00-14.00 sec  2.51 MBytes  21.0 Mbits/sec
[  1] 14.00-15.00 sec  2.49 MBytes  20.9 Mbits/sec
[  1] 15.00-16.00 sec  2.45 MBytes  20.5 Mbits/sec
[  1] 16.00-17.00 sec  2.53 MBytes  21.2 Mbits/sec
[  1] 17.00-18.00 sec  2.53 MBytes  21.3 Mbits/sec
[  1] 18.00-19.00 sec  2.50 MBytes  20.9 Mbits/sec
[  1] 19.00-20.00 sec  2.48 MBytes  20.8 Mbits/sec
[  1] 20.00-21.00 sec  2.52 MBytes  21.1 Mbits/sec
[  1] 21.00-22.00 sec  2.47 MBytes  20.8 Mbits/sec
[  1] 22.00-23.00 sec  2.51 MBytes  21.1 Mbits/sec
[  1] 23.00-24.00 sec  2.49 MBytes  20.9 Mbits/sec
[  1] 24.00-25.00 sec  2.52 MBytes  21.1 Mbits/sec
[  1] 25.00-26.00 sec  2.51 MBytes  21.1 Mbits/sec
[  1] 26.00-27.00 sec  2.48 MBytes  20.8 Mbits/sec
[  1] 27.00-28.00 sec  2.46 MBytes  20.7 Mbits/sec
[  1] 28.00-29.00 sec  2.55 MBytes  21.4 Mbits/sec
[  1] 29.00-30.00 sec  2.48 MBytes  20.8 Mbits/sec
[  1] 0.00-30.00 sec  75.0 MBytes  21.0 Mbits/sec
[  1] Sent 53483 datagrams
[372] WARNING: did not receive ack of last datagram after 10 tries.
