------------------------------------------------------------
Server listening on UDP port 5004
UDP buffer size: 64.0 KByte (default)
------------------------------------------------------------
[  1] local 192.168.1.29 port 5004 connected with 192.168.1.60 port 13370
[ ID] Interval       Transfer     Bandwidth        Jitter   Lost/Total Datagrams
[  1] 0.00-1.00 sec   457 KBytes  3.74 Mbits/sec   3.288 ms 0/318 (0%)
[  1] 1.00-2.00 sec   446 KBytes  3.66 Mbits/sec   5.162 ms 0/311 (0%)
[  1] 2.00-3.00 sec   471 KBytes  3.86 Mbits/sec   3.518 ms 0/328 (0%)
[  1] 3.00-4.00 sec   467 KBytes  3.82 Mbits/sec   4.378 ms 0/325 (0%)
[  1] 4.00-5.00 sec   491 KBytes  4.02 Mbits/sec   4.387 ms 0/342 (0%)
[  1] 5.00-6.00 sec   429 KBytes  3.52 Mbits/sec   3.863 ms 18/317 (5.7%)
[  1] 5.00-6.00 sec  2 datagrams received out-of-order
[  1] 6.00-7.00 sec   379 KBytes  3.10 Mbits/sec   5.634 ms 0/264 (0%)
[  1] 6.00-7.00 sec  6 datagrams received out-of-order
[  1] 7.00-8.00 sec   514 KBytes  4.21 Mbits/sec   3.601 ms 0/358 (0%)
[  1] 8.00-9.00 sec   475 KBytes  3.89 Mbits/sec   3.995 ms 0/331 (0%)
[  1] 9.00-10.00 sec   472 KBytes  3.87 Mbits/sec   3.898 ms 0/329 (0%)
[  1] 10.00-11.00 sec   467 KBytes  3.82 Mbits/sec   4.687 ms 0/325 (0%)
[  1] 11.00-12.00 sec   472 KBytes  3.87 Mbits/sec   3.627 ms 0/329 (0%)
[  1] 12.00-13.00 sec   474 KBytes  3.88 Mbits/sec   3.805 ms 0/330 (0%)
[  1] 13.00-14.00 sec   472 KBytes  3.87 Mbits/sec   4.714 ms 0/329 (0%)
[  1] 14.00-15.00 sec   448 KBytes  3.67 Mbits/sec   5.935 ms 0/312 (0%)
[  1] 15.00-16.00 sec   508 KBytes  4.16 Mbits/sec   3.844 ms 0/354 (0%)
[  1] 16.00-17.00 sec   467 KBytes  3.82 Mbits/sec   4.829 ms 0/325 (0%)
[  1] 17.00-18.00 sec   475 KBytes  3.89 Mbits/sec   3.412 ms 0/331 (0%)
[  1] 18.00-19.00 sec   464 KBytes  3.80 Mbits/sec   3.770 ms 0/323 (0%)
[  1] 19.00-20.00 sec   459 KBytes  3.76 Mbits/sec   4.203 ms 0/320 (0%)
[  1] 20.00-21.00 sec   471 KBytes  3.86 Mbits/sec   3.338 ms 0/328 (0%)
[  1] 21.00-22.00 sec   478 KBytes  3.92 Mbits/sec   3.747 ms 0/333 (0%)
[  1] 22.00-23.00 sec   467 KBytes  3.82 Mbits/sec   4.201 ms 0/325 (0%)
[  1] 23.00-24.00 sec   452 KBytes  3.70 Mbits/sec   4.372 ms 0/315 (0%)
[  1] 24.00-25.00 sec   462 KBytes  3.79 Mbits/sec   4.663 ms 0/322 (0%)
[  1] 25.00-26.00 sec   459 KBytes  3.76 Mbits/sec   3.682 ms 0/320 (0%)
[  1] 26.00-27.00 sec   467 KBytes  3.82 Mbits/sec   4.046 ms 0/325 (0%)
[  1] 27.00-28.00 sec   467 KBytes  3.82 Mbits/sec   4.331 ms 0/325 (0%)
[  1] 28.00-29.00 sec   478 KBytes  3.92 Mbits/sec   3.452 ms 0/333 (0%)
[  1] 29.00-30.00 sec   455 KBytes  3.73 Mbits/sec   5.717 ms 0/317 (0%)
[  1] 30.00-31.00 sec   471 KBytes  3.86 Mbits/sec   4.902 ms 0/328 (0%)
[  1] 30.00-31.00 sec  4 datagrams received out-of-order
[  1] 31.00-32.00 sec   465 KBytes  3.81 Mbits/sec   3.951 ms 0/324 (0%)
[  1] 32.00-33.00 sec   465 KBytes  3.81 Mbits/sec   3.643 ms 0/324 (0%)
[  1] 33.00-34.00 sec   452 KBytes  3.70 Mbits/sec   4.199 ms 0/315 (0%)
[  1] 34.00-35.00 sec   462 KBytes  3.79 Mbits/sec   4.011 ms 0/322 (0%)
[  1] 35.00-36.00 sec   481 KBytes  3.94 Mbits/sec   4.252 ms 0/335 (0%)
[  1] 36.00-37.00 sec   462 KBytes  3.79 Mbits/sec   3.405 ms 0/322 (0%)
[  1] 37.00-38.00 sec   488 KBytes  4.00 Mbits/sec   3.979 ms 0/340 (0%)
[  1] 38.00-39.00 sec   475 KBytes  3.89 Mbits/sec   3.934 ms 0/331 (0%)
[  1] 38.00-39.00 sec  4 datagrams received out-of-order
[  1] 39.00-40.00 sec   472 KBytes  3.87 Mbits/sec   4.167 ms 0/329 (0%)
[  1] 40.00-41.00 sec   475 KBytes  3.89 Mbits/sec   3.352 ms 0/331 (0%)
[  1] 41.00-42.00 sec   474 KBytes  3.88 Mbits/sec   3.965 ms 0/330 (0%)
[  1] 42.00-43.00 sec   471 KBytes  3.86 Mbits/sec   3.583 ms 0/328 (0%)
[  1] 43.00-44.00 sec   446 KBytes  3.66 Mbits/sec   4.799 ms 0/311 (0%)
[  1] 44.00-45.00 sec   485 KBytes  3.97 Mbits/sec   3.759 ms 0/338 (0%)
[  1] 45.00-46.00 sec   455 KBytes  3.73 Mbits/sec   3.628 ms 0/317 (0%)
[  1] 46.00-47.00 sec   464 KBytes  3.80 Mbits/sec   3.840 ms 0/323 (0%)
[  1] 47.00-48.00 sec   468 KBytes  3.83 Mbits/sec   4.303 ms 0/326 (0%)
[  1] 48.00-49.00 sec   370 KBytes  3.03 Mbits/sec   3.232 ms 48/306 (16%)
[  1] 49.00-50.00 sec   488 KBytes  4.00 Mbits/sec   3.989 ms 0/340 (0%)
[  1] 50.00-51.00 sec   434 KBytes  3.55 Mbits/sec   5.857 ms 0/302 (0%)
[  1] 51.00-52.00 sec   459 KBytes  3.76 Mbits/sec   4.837 ms 0/320 (0%)
[  1] 52.00-53.00 sec   481 KBytes  3.94 Mbits/sec   4.605 ms 0/335 (0%)
[  1] 53.00-54.00 sec   459 KBytes  3.76 Mbits/sec   3.389 ms 0/320 (0%)
[  1] 54.00-55.00 sec   435 KBytes  3.56 Mbits/sec   3.436 ms 0/303 (0%)
[  1] 55.00-56.00 sec   491 KBytes  4.02 Mbits/sec   4.300 ms 0/342 (0%)
[  1] 56.00-57.00 sec   461 KBytes  3.77 Mbits/sec   4.468 ms 0/321 (0%)
[  1] 57.00-58.00 sec   464 KBytes  3.80 Mbits/sec   4.152 ms 0/323 (0%)
[  1] 58.00-59.00 sec   455 KBytes  3.73 Mbits/sec   3.663 ms 0/317 (0%)
[  1] 59.00-60.00 sec   448 KBytes  3.67 Mbits/sec   3.547 ms 0/312 (0%)
[  1] 60.00-61.00 sec   457 KBytes  3.74 Mbits/sec   4.844 ms 0/318 (0%)
[  1] 60.00-61.00 sec  2 datagrams received out-of-order
[  1] 61.00-62.00 sec   464 KBytes  3.80 Mbits/sec   3.969 ms 0/323 (0%)
[  1] 62.00-63.00 sec   471 KBytes  3.86 Mbits/sec   3.361 ms 0/328 (0%)
[  1] 63.00-64.00 sec   478 KBytes  3.92 Mbits/sec   3.645 ms 0/333 (0%)
[  1] 64.00-65.00 sec   458 KBytes  3.75 Mbits/sec   3.518 ms 0/319 (0%)
[  1] 65.00-66.00 sec   477 KBytes  3.90 Mbits/sec   4.543 ms 0/332 (0%)
[  1] 66.00-67.00 sec   471 KBytes  3.86 Mbits/sec   4.076 ms 0/328 (0%)
[  1] 67.00-68.00 sec   479 KBytes  3.93 Mbits/sec   4.345 ms 0/334 (0%)
[  1] 68.00-69.00 sec   481 KBytes  3.94 Mbits/sec   4.664 ms 0/335 (0%)
[  1] 69.00-70.00 sec   441 KBytes  3.61 Mbits/sec   3.761 ms 0/307 (0%)
[  1] 70.00-71.00 sec   471 KBytes  3.86 Mbits/sec   4.169 ms 0/328 (0%)
[  1] 71.00-72.00 sec   464 KBytes  3.80 Mbits/sec   3.956 ms 0/323 (0%)
[  1] 72.00-73.00 sec   472 KBytes  3.87 Mbits/sec   4.610 ms 0/329 (0%)
[  1] 73.00-74.00 sec   451 KBytes  3.69 Mbits/sec   4.551 ms 0/314 (0%)
[  1] 74.00-75.00 sec   467 KBytes  3.82 Mbits/sec   3.942 ms 0/325 (0%)
[  1] 75.00-76.00 sec   454 KBytes  3.72 Mbits/sec   4.085 ms 0/316 (0%)
[  1] 76.00-77.00 sec   469 KBytes  3.85 Mbits/sec   3.516 ms 0/327 (0%)
[  1] 77.00-78.00 sec   459 KBytes  3.76 Mbits/sec   3.465 ms 0/320 (0%)
[  1] 78.00-79.00 sec   462 KBytes  3.79 Mbits/sec   4.057 ms 0/322 (0%)
[  1] 79.00-80.00 sec   449 KBytes  3.68 Mbits/sec   3.390 ms 0/313 (0%)
[  1] 80.00-81.00 sec   442 KBytes  3.62 Mbits/sec   4.336 ms 0/308 (0%)
[  1] 81.00-82.00 sec   441 KBytes  3.61 Mbits/sec   4.386 ms 0/307 (0%)
[  1] 82.00-83.00 sec   445 KBytes  3.65 Mbits/sec   3.152 ms 0/310 (0%)
[  1] 83.00-84.00 sec   477 KBytes  3.90 Mbits/sec   3.028 ms 0/332 (0%)
[  1] 84.00-85.00 sec   454 KBytes  3.72 Mbits/sec   3.658 ms 0/316 (0%)
[  1] 85.00-86.00 sec   469 KBytes  3.85 Mbits/sec   3.916 ms 0/327 (0%)
[  1] 86.00-87.00 sec   471 KBytes  3.86 Mbits/sec   3.532 ms 0/328 (0%)
[  1] 87.00-88.00 sec   454 KBytes  3.72 Mbits/sec   3.343 ms 0/316 (0%)
[  1] 88.00-89.00 sec   445 KBytes  3.65 Mbits/sec   4.395 ms 0/310 (0%)
[  1] 89.00-90.00 sec   469 KBytes  3.85 Mbits/sec   3.329 ms 0/327 (0%)
[  1] 90.00-91.00 sec   461 KBytes  3.77 Mbits/sec   3.611 ms 0/321 (0%)
[  1] 91.00-92.00 sec   458 KBytes  3.75 Mbits/sec   3.469 ms 0/319 (0%)
[  1] 92.00-93.00 sec   426 KBytes  3.49 Mbits/sec   4.672 ms 19/316 (6%)
[  1] 93.00-94.00 sec   501 KBytes  4.10 Mbits/sec   4.789 ms 0/349 (0%)
[  1] 94.00-95.00 sec   471 KBytes  3.86 Mbits/sec   3.930 ms 0/328 (0%)
[  1] 95.00-96.00 sec   471 KBytes  3.86 Mbits/sec   3.827 ms 0/328 (0%)
[  1] 96.00-97.00 sec   471 KBytes  3.86 Mbits/sec   4.038 ms 0/328 (0%)
[  1] 97.00-98.00 sec   462 KBytes  3.79 Mbits/sec   3.532 ms 0/322 (0%)
[  1] 98.00-99.00 sec   474 KBytes  3.88 Mbits/sec   4.300 ms 0/330 (0%)
[  1] 99.00-100.00 sec   446 KBytes  3.66 Mbits/sec   3.333 ms 0/311 (0%)
[  1] 100.00-101.00 sec   478 KBytes  3.92 Mbits/sec   3.083 ms 0/333 (0%)
[  1] 101.00-102.00 sec   461 KBytes  3.77 Mbits/sec   3.848 ms 0/321 (0%)
[  1] 101.00-102.00 sec  1 datagrams received out-of-order
[  1] 102.00-103.00 sec   454 KBytes  3.72 Mbits/sec   4.504 ms 0/316 (0%)
[  1] 103.00-104.00 sec   436 KBytes  3.58 Mbits/sec   3.255 ms 0/304 (0%)
[  1] 104.00-105.00 sec   479 KBytes  3.93 Mbits/sec   3.785 ms 0/334 (0%)
[  1] 105.00-106.00 sec   462 KBytes  3.79 Mbits/sec   3.567 ms 0/322 (0%)
[  1] 105.00-106.00 sec  1 datagrams received out-of-order
[  1] 106.00-107.00 sec   451 KBytes  3.69 Mbits/sec   4.156 ms 0/314 (0%)
[  1] 107.00-108.00 sec   355 KBytes  2.90 Mbits/sec   9.370 ms 0/247 (0%)
[  1] 107.00-108.00 sec  2 datagrams received out-of-order
[  1] 108.00-109.00 sec   478 KBytes  3.92 Mbits/sec   4.247 ms 10/343 (2.9%)
[  1] 109.00-110.00 sec   484 KBytes  3.96 Mbits/sec   4.549 ms 0/337 (0%)
[  1] 110.00-111.00 sec   462 KBytes  3.79 Mbits/sec   4.452 ms 0/322 (0%)
[  1] 111.00-112.00 sec   452 KBytes  3.70 Mbits/sec   3.511 ms 0/315 (0%)
[  1] 112.00-113.00 sec   472 KBytes  3.87 Mbits/sec   2.870 ms 0/329 (0%)
[  1] 113.00-114.00 sec   465 KBytes  3.81 Mbits/sec   4.035 ms 0/324 (0%)
[  1] 114.00-115.00 sec   459 KBytes  3.76 Mbits/sec   3.448 ms 0/320 (0%)
[  1] 115.00-116.00 sec   459 KBytes  3.76 Mbits/sec   4.778 ms 0/320 (0%)
[  1] 116.00-117.00 sec   462 KBytes  3.79 Mbits/sec   3.940 ms 0/322 (0%)
[  1] 117.00-118.00 sec   462 KBytes  3.79 Mbits/sec   3.351 ms 0/322 (0%)
[  1] 118.00-119.00 sec   482 KBytes  3.95 Mbits/sec   4.041 ms 0/336 (0%)
[  1] 119.00-120.00 sec   482 KBytes  3.95 Mbits/sec   4.540 ms 0/336 (0%)
[  1] 120.00-121.00 sec   469 KBytes  3.85 Mbits/sec   4.439 ms 0/327 (0%)
[  1] 121.00-122.00 sec   445 KBytes  3.65 Mbits/sec   4.446 ms 0/310 (0%)
[  1] 122.00-123.00 sec   474 KBytes  3.88 Mbits/sec   3.566 ms 0/330 (0%)
[  1] 123.00-124.00 sec   461 KBytes  3.77 Mbits/sec   4.428 ms 0/321 (0%)
[  1] 124.00-125.00 sec   455 KBytes  3.73 Mbits/sec   4.578 ms 0/317 (0%)
[  1] 125.00-126.00 sec   459 KBytes  3.76 Mbits/sec   3.310 ms 0/320 (0%)
[  1] 126.00-127.00 sec   439 KBytes  3.60 Mbits/sec   3.381 ms 0/306 (0%)
[  1] 127.00-128.00 sec   478 KBytes  3.92 Mbits/sec   3.728 ms 0/333 (0%)
[  1] 128.00-129.00 sec   462 KBytes  3.79 Mbits/sec   4.106 ms 0/322 (0%)
[  1] 129.00-130.00 sec   449 KBytes  3.68 Mbits/sec   3.928 ms 0/313 (0%)
[  1] 130.00-131.00 sec   475 KBytes  3.89 Mbits/sec   3.123 ms 0/331 (0%)
[  1] 130.00-131.00 sec  2 datagrams received out-of-order
[  1] 131.00-132.00 sec   461 KBytes  3.77 Mbits/sec   4.482 ms 0/321 (0%)
[  1] 132.00-133.00 sec   451 KBytes  3.69 Mbits/sec   3.928 ms 0/314 (0%)
[  1] 133.00-134.00 sec   451 KBytes  3.69 Mbits/sec   4.008 ms 0/314 (0%)
[  1] 134.00-135.00 sec   445 KBytes  3.65 Mbits/sec   3.324 ms 0/310 (0%)
[  1] 135.00-136.00 sec   449 KBytes  3.68 Mbits/sec   3.978 ms 0/313 (0%)
[  1] 136.00-137.00 sec   435 KBytes  3.56 Mbits/sec   3.508 ms 0/303 (0%)
[  1] 137.00-138.00 sec   479 KBytes  3.93 Mbits/sec   4.172 ms 0/334 (0%)
[  1] 138.00-139.00 sec   448 KBytes  3.67 Mbits/sec   3.992 ms 0/312 (0%)
[  1] 139.00-140.00 sec   462 KBytes  3.79 Mbits/sec   3.277 ms 0/322 (0%)
[  1] 140.00-141.00 sec   449 KBytes  3.68 Mbits/sec   3.085 ms 0/313 (0%)
[  1] 141.00-142.00 sec   446 KBytes  3.66 Mbits/sec   2.682 ms 0/311 (0%)
[  1] 142.00-143.00 sec   458 KBytes  3.75 Mbits/sec   4.824 ms 0/319 (0%)
[  1] 143.00-144.00 sec   478 KBytes  3.92 Mbits/sec   3.513 ms 1/334 (0.3%)
[  1] 144.00-145.00 sec   462 KBytes  3.79 Mbits/sec   2.563 ms 0/322 (0%)
[  1] 145.00-146.00 sec   471 KBytes  3.86 Mbits/sec   3.505 ms 0/328 (0%)
[  1] 146.00-147.00 sec   454 KBytes  3.72 Mbits/sec   3.235 ms 0/316 (0%)
[  1] 147.00-148.00 sec   458 KBytes  3.75 Mbits/sec   3.783 ms 0/319 (0%)
[  1] 148.00-149.00 sec   459 KBytes  3.76 Mbits/sec   2.819 ms 0/320 (0%)
[  1] 149.00-150.00 sec   458 KBytes  3.75 Mbits/sec   3.686 ms 0/319 (0%)
[  1] 150.00-151.00 sec   458 KBytes  3.75 Mbits/sec   3.784 ms 0/319 (0%)
[  1] 151.00-152.00 sec   468 KBytes  3.83 Mbits/sec   3.648 ms 0/326 (0%)
[  1] 151.00-152.00 sec  1 datagrams received out-of-order
[  1] 152.00-153.00 sec   462 KBytes  3.79 Mbits/sec   3.305 ms 0/322 (0%)
[  1] 153.00-154.00 sec   461 KBytes  3.77 Mbits/sec   3.391 ms 0/321 (0%)
[  1] 154.00-155.00 sec   455 KBytes  3.73 Mbits/sec   3.707 ms 0/317 (0%)
[  1] 155.00-156.00 sec   464 KBytes  3.80 Mbits/sec   3.298 ms 0/323 (0%)
[  1] 156.00-157.00 sec   446 KBytes  3.66 Mbits/sec   4.176 ms 0/311 (0%)
[  1] 157.00-158.00 sec   469 KBytes  3.85 Mbits/sec   3.706 ms 0/327 (0%)
[  1] 157.00-158.00 sec  1 datagrams received out-of-order
[  1] 158.00-159.00 sec   444 KBytes  3.63 Mbits/sec   4.601 ms 0/309 (0%)
[  1] 159.00-160.00 sec   464 KBytes  3.80 Mbits/sec   4.086 ms 0/323 (0%)
[  1] 160.00-161.00 sec   461 KBytes  3.77 Mbits/sec   4.242 ms 0/321 (0%)
[  1] 161.00-162.00 sec   458 KBytes  3.75 Mbits/sec   3.824 ms 0/319 (0%)
[  1] 162.00-163.00 sec   457 KBytes  3.74 Mbits/sec   3.690 ms 0/318 (0%)
[  1] 163.00-164.00 sec   468 KBytes  3.83 Mbits/sec   3.935 ms 0/326 (0%)
[  1] 164.00-165.00 sec   468 KBytes  3.83 Mbits/sec   3.464 ms 0/326 (0%)
[  1] 165.00-166.00 sec   446 KBytes  3.66 Mbits/sec   3.337 ms 0/311 (0%)
[  1] 166.00-167.00 sec   465 KBytes  3.81 Mbits/sec   3.329 ms 0/324 (0%)
[  1] 167.00-168.00 sec   461 KBytes  3.77 Mbits/sec   3.437 ms 0/321 (0%)
[  1] 168.00-169.00 sec   457 KBytes  3.74 Mbits/sec   3.462 ms 0/318 (0%)
[  1] 169.00-170.00 sec   474 KBytes  3.88 Mbits/sec   3.752 ms 0/330 (0%)
[  1] 170.00-171.00 sec   455 KBytes  3.73 Mbits/sec   3.741 ms 0/317 (0%)
[  1] 171.00-172.00 sec   452 KBytes  3.70 Mbits/sec   3.793 ms 0/315 (0%)
[  1] 172.00-173.00 sec   454 KBytes  3.72 Mbits/sec   3.804 ms 0/316 (0%)
[  1] 173.00-174.00 sec   448 KBytes  3.67 Mbits/sec   3.505 ms 0/312 (0%)
[  1] 174.00-175.00 sec   455 KBytes  3.73 Mbits/sec   2.673 ms 0/317 (0%)
[  1] 175.00-176.00 sec   459 KBytes  3.76 Mbits/sec   3.917 ms 0/320 (0%)
[  1] 176.00-177.00 sec   458 KBytes  3.75 Mbits/sec   4.199 ms 0/319 (0%)
[  1] 177.00-178.00 sec   462 KBytes  3.79 Mbits/sec   4.288 ms 0/322 (0%)
[  1] 178.00-179.00 sec   419 KBytes  3.43 Mbits/sec   3.897 ms 0/292 (0%)
[  1] 179.00-180.00 sec   472 KBytes  3.87 Mbits/sec   5.081 ms 0/329 (0%)
[  1] 180.00-181.00 sec   471 KBytes  3.86 Mbits/sec   3.562 ms 0/328 (0%)
[  1] 181.00-182.00 sec   462 KBytes  3.79 Mbits/sec   4.709 ms 0/322 (0%)
[  1] 182.00-183.00 sec   454 KBytes  3.72 Mbits/sec   4.090 ms 0/316 (0%)
[  1] 183.00-184.00 sec   469 KBytes  3.85 Mbits/sec   3.729 ms 0/327 (0%)
[  1] 184.00-185.00 sec   449 KBytes  3.68 Mbits/sec   4.770 ms 0/313 (0%)
[  1] 185.00-186.00 sec   455 KBytes  3.73 Mbits/sec   3.807 ms 0/317 (0%)
[  1] 186.00-187.00 sec   455 KBytes  3.73 Mbits/sec   3.505 ms 0/317 (0%)
[  1] 187.00-188.00 sec   461 KBytes  3.77 Mbits/sec   3.975 ms 0/321 (0%)
[  1] 188.00-189.00 sec   458 KBytes  3.75 Mbits/sec   3.906 ms 0/319 (0%)
[  1] 189.00-190.00 sec   438 KBytes  3.59 Mbits/sec   3.637 ms 0/305 (0%)
[  1] 190.00-191.00 sec   477 KBytes  3.90 Mbits/sec   3.906 ms 0/332 (0%)
[  1] 191.00-192.00 sec   451 KBytes  3.69 Mbits/sec   4.179 ms 6/320 (1.9%)
[  1] 192.00-193.00 sec   421 KBytes  3.45 Mbits/sec   3.534 ms 0/293 (0%)
[  1] 193.00-194.00 sec   487 KBytes  3.99 Mbits/sec   4.254 ms 0/339 (0%)
[  1] 194.00-195.00 sec   482 KBytes  3.95 Mbits/sec   3.797 ms 0/336 (0%)
[  1] 195.00-196.00 sec   477 KBytes  3.90 Mbits/sec   4.409 ms 2/334 (0.6%)
[  1] 196.00-197.00 sec   461 KBytes  3.77 Mbits/sec   3.995 ms 0/321 (0%)
[  1] 197.00-198.00 sec   439 KBytes  3.60 Mbits/sec   4.188 ms 0/306 (0%)
[  1] 198.00-199.00 sec   458 KBytes  3.75 Mbits/sec   4.095 ms 0/319 (0%)
[  1] 199.00-200.00 sec   431 KBytes  3.53 Mbits/sec   4.514 ms 0/300 (0%)
[  1] 200.00-201.00 sec   517 KBytes  4.23 Mbits/sec   3.858 ms 0/360 (0%)
[  1] 201.00-202.00 sec   471 KBytes  3.86 Mbits/sec   3.974 ms 0/328 (0%)
[  1] 202.00-203.00 sec   459 KBytes  3.76 Mbits/sec   3.973 ms 0/320 (0%)
[  1] 203.00-204.00 sec   449 KBytes  3.68 Mbits/sec   4.300 ms 0/313 (0%)
[  1] 204.00-205.00 sec   462 KBytes  3.79 Mbits/sec   2.970 ms 0/322 (0%)
[  1] 205.00-206.00 sec   471 KBytes  3.86 Mbits/sec   4.095 ms 0/328 (0%)
[  1] 206.00-207.00 sec   455 KBytes  3.73 Mbits/sec   3.451 ms 0/317 (0%)
[  1] 207.00-208.00 sec   451 KBytes  3.69 Mbits/sec   4.305 ms 0/314 (0%)
[  1] 208.00-209.00 sec   448 KBytes  3.67 Mbits/sec   4.442 ms 0/312 (0%)
[  1] 209.00-210.00 sec   464 KBytes  3.80 Mbits/sec   5.358 ms 0/323 (0%)
[  1] 210.00-211.00 sec   464 KBytes  3.80 Mbits/sec   3.950 ms 0/323 (0%)
[  1] 211.00-212.00 sec   458 KBytes  3.75 Mbits/sec   4.169 ms 0/319 (0%)
[  1] 212.00-213.00 sec   458 KBytes  3.75 Mbits/sec   3.860 ms 0/319 (0%)
[  1] 213.00-214.00 sec   469 KBytes  3.85 Mbits/sec   3.446 ms 0/327 (0%)
[  1] 214.00-215.00 sec   451 KBytes  3.69 Mbits/sec   4.309 ms 0/314 (0%)
[  1] 215.00-216.00 sec   458 KBytes  3.75 Mbits/sec   3.855 ms 0/319 (0%)
[  1] 216.00-217.00 sec   458 KBytes  3.75 Mbits/sec   3.590 ms 0/319 (0%)
[  1] 217.00-218.00 sec   467 KBytes  3.82 Mbits/sec   3.998 ms 0/325 (0%)
[  1] 218.00-219.00 sec   468 KBytes  3.83 Mbits/sec   3.859 ms 0/326 (0%)
[  1] 219.00-220.00 sec   468 KBytes  3.83 Mbits/sec   3.296 ms 0/326 (0%)
[  1] 220.00-221.00 sec   471 KBytes  3.86 Mbits/sec   3.606 ms 0/328 (0%)
[  1] 221.00-222.00 sec   451 KBytes  3.69 Mbits/sec   4.242 ms 0/314 (0%)
[  1] 222.00-223.00 sec   454 KBytes  3.72 Mbits/sec   3.598 ms 0/316 (0%)
[  1] 223.00-224.00 sec   446 KBytes  3.66 Mbits/sec   3.966 ms 0/311 (0%)
[  1] 224.00-225.00 sec   468 KBytes  3.83 Mbits/sec   4.030 ms 0/326 (0%)
[  1] 225.00-226.00 sec   441 KBytes  3.61 Mbits/sec   4.245 ms 0/307 (0%)
[  1] 226.00-227.00 sec   472 KBytes  3.87 Mbits/sec   2.623 ms 0/329 (0%)
[  1] 227.00-228.00 sec   461 KBytes  3.77 Mbits/sec   3.384 ms 0/321 (0%)
[  1] 228.00-229.00 sec   445 KBytes  3.65 Mbits/sec   4.076 ms 0/310 (0%)
[  1] 229.00-230.00 sec   469 KBytes  3.85 Mbits/sec   3.801 ms 0/327 (0%)
[  1] 230.00-231.00 sec   451 KBytes  3.69 Mbits/sec   4.021 ms 0/314 (0%)
[  1] 231.00-232.00 sec   449 KBytes  3.68 Mbits/sec   3.881 ms 0/313 (0%)
[  1] 232.00-233.00 sec   459 KBytes  3.76 Mbits/sec   3.809 ms 0/320 (0%)
[  1] 233.00-234.00 sec   484 KBytes  3.96 Mbits/sec   3.872 ms 1/338 (0.3%)
[  1] 234.00-235.00 sec   467 KBytes  3.82 Mbits/sec   3.057 ms 0/325 (0%)
[  1] 235.00-236.00 sec   439 KBytes  3.60 Mbits/sec   4.025 ms 0/306 (0%)
[  1] 236.00-237.00 sec   458 KBytes  3.75 Mbits/sec   3.749 ms 0/319 (0%)
[  1] 237.00-238.00 sec   428 KBytes  3.50 Mbits/sec   3.166 ms 0/298 (0%)
[  1] 238.00-239.00 sec   468 KBytes  3.83 Mbits/sec   4.140 ms 0/326 (0%)
[  1] 239.00-240.00 sec   441 KBytes  3.61 Mbits/sec   3.572 ms 0/307 (0%)
[  1] 240.00-241.00 sec   415 KBytes  3.40 Mbits/sec   4.992 ms 0/289 (0%)
[  1] 241.00-242.00 sec   479 KBytes  3.93 Mbits/sec   4.140 ms 11/345 (3.2%)
[  1] 242.00-243.00 sec   462 KBytes  3.79 Mbits/sec   4.234 ms 5/327 (1.5%)
[  1] 243.00-244.00 sec   449 KBytes  3.68 Mbits/sec   3.809 ms 0/313 (0%)
[  1] 244.00-245.00 sec   441 KBytes  3.61 Mbits/sec   3.684 ms 0/307 (0%)
[  1] 245.00-246.00 sec   481 KBytes  3.94 Mbits/sec   3.901 ms 0/335 (0%)
[  1] 246.00-247.00 sec   452 KBytes  3.70 Mbits/sec   4.334 ms 0/315 (0%)
[  1] 247.00-248.00 sec   458 KBytes  3.75 Mbits/sec   3.914 ms 0/319 (0%)
[  1] 248.00-249.00 sec   458 KBytes  3.75 Mbits/sec   3.545 ms 0/319 (0%)
[  1] 249.00-250.00 sec   431 KBytes  3.53 Mbits/sec   3.887 ms 0/300 (0%)
[  1] 250.00-251.00 sec   485 KBytes  3.97 Mbits/sec   4.268 ms 0/338 (0%)
[  1] 251.00-252.00 sec   469 KBytes  3.85 Mbits/sec   3.364 ms 0/327 (0%)
[  1] 252.00-253.00 sec   458 KBytes  3.75 Mbits/sec   3.627 ms 0/319 (0%)
[  1] 253.00-254.00 sec   448 KBytes  3.67 Mbits/sec   3.286 ms 0/312 (0%)
[  1] 254.00-255.00 sec   464 KBytes  3.80 Mbits/sec   3.017 ms 0/323 (0%)
[  1] 255.00-256.00 sec   455 KBytes  3.73 Mbits/sec   3.417 ms 0/317 (0%)
[  1] 256.00-257.00 sec   461 KBytes  3.77 Mbits/sec   4.480 ms 0/321 (0%)
[  1] 257.00-258.00 sec   454 KBytes  3.72 Mbits/sec   3.833 ms 0/316 (0%)
[  1] 258.00-259.00 sec   457 KBytes  3.74 Mbits/sec   4.522 ms 0/318 (0%)
[  1] 259.00-260.00 sec   464 KBytes  3.80 Mbits/sec   4.497 ms 0/323 (0%)
[  1] 260.00-261.00 sec   446 KBytes  3.66 Mbits/sec   3.693 ms 0/311 (0%)
[  1] 261.00-262.00 sec   457 KBytes  3.74 Mbits/sec   3.915 ms 0/318 (0%)
[  1] 262.00-263.00 sec   468 KBytes  3.83 Mbits/sec   3.294 ms 0/326 (0%)
[  1] 263.00-264.00 sec   459 KBytes  3.76 Mbits/sec   3.509 ms 0/320 (0%)
[  1] 264.00-265.00 sec   449 KBytes  3.68 Mbits/sec   3.814 ms 0/313 (0%)
[  1] 265.00-266.00 sec   442 KBytes  3.62 Mbits/sec   4.163 ms 0/308 (0%)
[  1] 266.00-267.00 sec   449 KBytes  3.68 Mbits/sec   3.877 ms 0/313 (0%)
[  1] 267.00-268.00 sec   469 KBytes  3.85 Mbits/sec   4.205 ms 0/327 (0%)
[  1] 268.00-269.00 sec   465 KBytes  3.81 Mbits/sec   3.568 ms 0/324 (0%)
[  1] 269.00-270.00 sec   451 KBytes  3.69 Mbits/sec   4.104 ms 0/314 (0%)
[  1] 270.00-271.00 sec   449 KBytes  3.68 Mbits/sec   3.585 ms 0/313 (0%)
[  1] 271.00-272.00 sec   449 KBytes  3.68 Mbits/sec   3.144 ms 0/313 (0%)
[  1] 272.00-273.00 sec   465 KBytes  3.81 Mbits/sec   3.540 ms 0/324 (0%)
[  1] 273.00-274.00 sec   452 KBytes  3.70 Mbits/sec   5.465 ms 0/315 (0%)
[  1] 274.00-275.00 sec   469 KBytes  3.85 Mbits/sec   4.365 ms 0/327 (0%)
[  1] 275.00-276.00 sec   436 KBytes  3.58 Mbits/sec   3.983 ms 0/304 (0%)
[  1] 276.00-277.00 sec   477 KBytes  3.90 Mbits/sec   4.002 ms 0/332 (0%)
[  1] 277.00-278.00 sec   442 KBytes  3.62 Mbits/sec   3.379 ms 0/308 (0%)
[  1] 278.00-279.00 sec   487 KBytes  3.99 Mbits/sec   3.063 ms 0/339 (0%)
[  1] 279.00-280.00 sec   451 KBytes  3.69 Mbits/sec   3.121 ms 0/314 (0%)
[  1] 280.00-281.00 sec   446 KBytes  3.66 Mbits/sec   3.640 ms 0/311 (0%)
[  1] 281.00-282.00 sec   451 KBytes  3.69 Mbits/sec   4.454 ms 0/314 (0%)
[  1] 282.00-283.00 sec   482 KBytes  3.95 Mbits/sec   4.223 ms 0/336 (0%)
[  1] 283.00-284.00 sec   461 KBytes  3.77 Mbits/sec   3.759 ms 0/321 (0%)
[  1] 284.00-285.00 sec   459 KBytes  3.76 Mbits/sec   4.161 ms 0/320 (0%)
[  1] 285.00-286.00 sec   474 KBytes  3.88 Mbits/sec   3.412 ms 0/330 (0%)
[  1] 286.00-287.00 sec   434 KBytes  3.55 Mbits/sec   5.135 ms 0/302 (0%)
[  1] 287.00-288.00 sec   510 KBytes  4.17 Mbits/sec   3.812 ms 8/363 (2.2%)
[  1] 288.00-289.00 sec   461 KBytes  3.77 Mbits/sec   3.864 ms 0/321 (0%)
[  1] 289.00-290.00 sec   448 KBytes  3.67 Mbits/sec   2.367 ms 0/312 (0%)
[  1] 290.00-291.00 sec   446 KBytes  3.66 Mbits/sec   4.414 ms 0/311 (0%)
[  1] 291.00-292.00 sec   477 KBytes  3.90 Mbits/sec   3.853 ms 0/332 (0%)
[  1] 292.00-293.00 sec   468 KBytes  3.83 Mbits/sec   4.706 ms 0/326 (0%)
[  1] 293.00-294.00 sec   477 KBytes  3.90 Mbits/sec   3.464 ms 0/332 (0%)
[  1] 294.00-295.00 sec   459 KBytes  3.76 Mbits/sec   3.873 ms 0/320 (0%)
[  1] 294.00-295.00 sec  1 datagrams received out-of-order
[  1] 295.00-296.00 sec   455 KBytes  3.73 Mbits/sec   3.443 ms 0/317 (0%)
[  1] 296.00-297.00 sec   474 KBytes  3.88 Mbits/sec   3.756 ms 0/330 (0%)
[  1] 297.00-298.00 sec   468 KBytes  3.83 Mbits/sec   3.263 ms 0/326 (0%)
[  1] 298.00-299.00 sec   446 KBytes  3.66 Mbits/sec   4.429 ms 0/311 (0%)
[  1] 299.00-300.00 sec   467 KBytes  3.82 Mbits/sec   3.911 ms 1/326 (0.31%)
[  1] 0.00-300.02 sec   135 MBytes  3.77 Mbits/sec   3.701 ms 130/96338 (0.13%)
[  1] 0.00-300.02 sec  27 datagrams received out-of-order
