ESP-ROM:esp32s31-20251218
Build:Dec 18 2025
rst:0x1 (POWERON),boot:0x5f (SPI_FAST_FLASH_BOOT)
SPI mode:DIO, clock div:1
load:0x2e000000,len:0x18
load:0x2f000000,len:0x14b88
entry 0x2f010dbc
*** Booting NuttX ***
rtc: lma 0x00002020 vma 0x2e000000 len 0x18     (24)
dram: lma 0x00002040 vma 0x2f000000 len 0x14b88  (84872)
padd: lma 0x00016bf8 vma 0x00000000 len 0x9420   (37920)
imap: lma 0x00020020 vma 0x40110020 len 0x254a0  (152736)
padd: lma 0x000454c8 vma 0x00000000 len 0xac30   (44080)
imap: lma 0x00050100 vma 0x40000100 len 0x102c10 (1059856)
total segments stored 6
ABC
NuttShell (NSH)
nsh> [Kifconfig
nsh> [K
nsh> [Khelp
help usage:  help [-v] [<cmd>]

    .           cp          exit        kill        ps          true        
    [           cmp         expr        pkill       pwd         truncate    
    ?           dirname     false       ls          reboot      uname       
    alias       date        fdinfo      mkdir       rm          umount      
    unalias     dd          free        mkfifo      rmdir       unset       
    arp         df          help        mkrd        set         uptime      
    basename    dmesg       hexdump     mount       sleep       usleep      
    break       echo        ifconfig    mv          source      watch       
    cat         env         ifdown      pidof       test        xd          
    cd          exec        ifup        printf      time        wait        

Builtin Apps:
    nsh                     cmocka_driver_rtc       mesh                    
    sh                      cmocka_posix_timer      bttool                  
    cmocka                  cmocka_driver_uart      adapter_test            
    cmocka_driver_simple    mm                      
    cmocka_driver_block     zblue                   
nsh> [K
nsh> [Kps
  PID GROUP PRI POLICY   TYPE    NPX STATE    EVENT     SIGMASK            STACK COMMAND
    0     0   0 FIFO     Kthread   - Ready              0000000000000000 0002016 CPU0 IDLE
    1     0 224 RR       Kthread   - Waiting  Semaphore 0000000000000000 0004016 hpwork 0x2f011680 0x2f0116c8
    2     0 100 RR       Kthread   - Waiting  Semaphore 0000000000000000 0004016 lpwork 0x2f011600 0x2f011648
    4     0 223 RR       Kthread   - Waiting  Semaphore 0000000000000000 0004032 hr_timer
    5     5 100 RR       Task      - Running            0000000000000000 0008120 nsh_main
nsh> [K
nsh> [K