load:0x40875730,len:0x1648
load:0x4086b910,len:0xdbc
load:0x4086e610,len:0x31e0
entry 0x4086b91a
I (23) boot: ESP-IDF v6.1-beta1-497-g14f663f00-dirty 2nd stage bootloader
I (23) boot: compile time Sep 19 2026 14:24:07
I (24) boot: chip revision: v0.2
I (25) boot: efuse block revision: v0.3
I (29) boot.esp32c6: SPI Speed      : 80MHz
I (32) boot.esp32c6: SPI Mode       : DIO
I (36) boot.esp32c6: SPI Flash Size : 2MB
I (40) boot: Enabling RNG early entropy source...
I (44) boot: Partition Table:
I (47) boot: ## Label            Usage          Type ST Offset   Length
I (53) boot:  0 nvs              WiFi data        01 02 00009000 00006000
I (60) boot:  1 phy_init         RF data          01 01 0000f000 00001000
I (66) boot:  2 factory          factory app      00 00 00010000 00100000
I (73) boot: End of partition table
I (76) esp_image: segment 0: paddr=00010020 vaddr=42018020 size=074e0h ( 29920) map
I (90) esp_image: segment 1: paddr=00017508 vaddr=40800000 size=00b10h (  2832) load
I (92) esp_image: segment 2: paddr=00018020 vaddr=42000020 size=136c8h ( 79560) map
I (114) esp_image: segment 3: paddr=0002b6f0 vaddr=40800b10 size=08b7ch ( 35708) load
I (123) esp_image: segment 4: paddr=00034274 vaddr=40809690 size=01b50h (  6992) load
I (127) boot: Loaded app from partition at offset 0x10000
I (128) boot: Disabling RNG early entropy source...
I (140) cpu_start: Unicore app
I (149) cpu_start: GPIO 17 and 16 are used as console UART I/O pins
I (149) cpu_start: Pro cpu start user code
I (149) cpu_start: cpu freq: 160000000 Hz
I (151) app_init: Application information:
I (155) app_init: Project name:     esp32c6_spi_slave
I (160) app_init: App version:      1
I (163) app_init: Compile time:     Sep 19 2026 14:19:06
I (168) app_init: ELF file SHA256:  d313fbbf1...
I (172) app_init: ESP-IDF:          v6.1-beta1-497-g14f663f00-dirty
I (178) efuse_init: Min chip rev:     v0.0
I (182) efuse_init: Max chip rev:     v0.99 
I (186) efuse_init: Chip rev:         v0.2
I (190) heap_init: Initializing. RAM available for dynamic allocation:
I (196) heap_init: At 4080C1F0 len 00070420 (449 KiB): RAM
I (201) heap_init: At 4087C610 len 00002F54 (11 KiB): RAM
I (207) heap_init: At 50000000 len 00003FE8 (15 KiB): RTCRAM
I (213) spi_flash: detected chip: generic
I (216) spi_flash: flash io: dio
W (219) spi_flash: Detected size(16384k) larger than the size in the binary image header(2048k). Using the size in the binary image header.
I (231) sleep_gpio: Configure to isolate all GPIO pins in sleep state
I (237) sleep_gpio: Enable automatic switching of GPIO sleep configuration
I (244) main_task: Started on CPU0
I (244) main_task: Calling app_main()
I (244) spi_fixture: READY mode=0 CLK=4 MOSI=5 MISO=6 CS=7; 16-byte frames
I (294) spi_fixture: RX txn=1 bits=0
I (294) spi_fixture: 00 00 00 00 00 00 00 00 00 00 00 00 00 00 00 00
E (294) spi_fixture: Invalid frame length
I (304) spi_fixture: RX txn=2 bits=0
I (304) spi_fixture: 00 00 00 00 00 00 00 00 00 00 00 00 00 00 00 00
E (304) spi_fixture: Invalid frame length
I (304) spi_fixture: RX txn=3 bits=0
I (304) spi_fixture: 00 00 00 00 00 00 00 00 00 00 00 00 00 00 00 00
E (314) spi_fixture: Invalid frame length
