ESP-ROM:esp32s31-20251218
Build:Dec 18 2025
rst:0x1 (POWERON),boot:0x5b (SPI_FAST_FLASH_BOOT)
SPI mode:DIO, clock div:1
load:0x2e000000,len:0x18
load:0x2f000000,len:0x14b88
entry 0x2f010dbc
*** Booting NuttX ***
rtc: lma 0x00002020 vma 0x2e000000 len 0x18     (24)
dram: lma 0x00002040 vma 0x2f000000 len 0x14b88  (84872)
padd: lma 0x00016bf8 vma 0x00000000 len 0x9420   (37920)
imap: lma 0x00020020 vma 0x40110020 len 0x254a0  (152736)
padd: lma 0x000454c8 vma 0x00000000 len 0xac30   (44080)
imap: lma 0x00050100 vma 0x40000100 len 0x102c10 (1059856)
total segments stored 6
ABC
NuttShell (NSH)
nsh> [K
nsh> [K
nsh> [K