XTS_RECEIPT=/home/regex/work/esp32s31-openvela/backups/2026-09-10-scan-stress/build1077-flat-bttool-disable.sha256
ESP-ROM:esp32s31-20251218
Build:Dec 18 2025
rst:0x1 (POWERON),boot:0x7f (SPI_FAST_FLASH_BOOT)
SPI mode:DIO, clock div:1
load:0x2e000000,len:0x18
load:0x2f000000,len:0x11134
load:0x2f011180,len:0x28fc
entry 0x2f010dac
*** Booting NuttX ***
rtc: lma 0x00002020 vma 0x2e000000 len 0x18     (24)
dram: lma 0x00002040 vma 0x2f000000 len 0x11134  (69940)
dram: lma 0x0001317c vma 0x2f011180 len 0x28fc   (10492)
padd: lma 0x00015aa8 vma 0x00000000 len 0xa570   (42352)
imap: lma 0x00020020 vma 0x400f0020 len 0x1f0fc  (127228)
padd: lma 0x0003f124 vma 0x00000000 len 0xfd4    (4052)
imap: lma 0x00040100 vma 0x40000100 len 0xe98f4  (956660)
total segments stored 7
ABC
NuttShell (NSH)
nsh> [K
XTS_COMMAND=ls /dev/ttyHCI0
--- CMD: ls /dev/ttyHCI0 ---
ls /dev/ttyHCI0
 /dev/ttyHCI0
nsh> [K
nsh> [K
ls /dev/ttyHCI0
 /dev/ttyHCI0
nsh> [K
nsh> [K
XTS_COMMAND=mount
--- CMD: mount ---
mount
  /proc type procfs
  /tmp type tmpfs
nsh> [K
nsh> [K
mount
  /proc type procfs
  /tmp type tmpfs
nsh> [K
nsh> [K
XTS_COMMAND=ls /data
--- CMD: ls /data ---
ls /data
nsh: ls: stat failed: No such file or directory
nsh> [K
nsh> [K
ls /data
nsh: ls: stat failed: No such file or directory
nsh> [K
nsh> [K
XTS_COMMAND=mkdir /data
--- CMD: mkdir /data ---
mkdir /data
nsh> [K
nsh> [K
mkdir /data
nsh> [K
nsh> [K
XTS_COMMAND=mount -t tmpfs /data
--- CMD: mount -t tmpfs /data ---
mount -t tmpfs /data
nsh> [K
nsh> [K
mount -t tmpfs /data
nsh> [K
nsh> [K
XTS_COMMAND=mkdir /data/misc
--- CMD: mkdir /data/misc ---
mkdir /data/misc
nsh> [K
nsh> [K
mkdir /data/misc
nsh> [K
nsh> [K
XTS_COMMAND=mkdir /data/misc/bt
--- CMD: mkdir /data/misc/bt ---
mkdir /data/misc/bt
nsh> [K
nsh> [K
mkdir /data/misc/bt
nsh> [K
nsh> [K
XTS_COMMAND=bttool
bttool
/data/misc/bt folder create: 0
[async_queue:91]uv_async_queue_init
bttool> XTS_COMMAND=enable
enable
S31 BLE: controller open
S31 BLE: public MAC 30:ed:a0:f3:f7:b1
S31 BLE: controller ready, VHCI registered
dev:0: Sending HCI_RESET
S31 BLE host: allocating opcode=0c03
S31 BLE host: opcode=0c03 buffer=0x2f01d22c
S31 BLE host: opcode=0c03 queued current=0x2f01e590 syswq=0x2f01e590
S31 BLE: TX opcode=0c03 len=3
S31 BLE: complete opcode=0c03 status=0 len=7
S31 BLE: TX opcode=0c03 result=3
S31 BLE host: opcode=0c03 wait=0 status=0 ref=1
S31 BLE host: opcode=0c03 returned
S31 BLE host: reset state complete
S31 BLE host: allocating opcode=1003
S31 BLE host: opcode=1003 buffer=0x2f01d22c
S31 BLE host: opcode=1003 queued current=0x2f01e590 syswq=0x2f01e590
S31 BLE: TX opcode=1003 len=3
S31 BLE: complete opcode=1003 status=0 len=15
S31 BLE: TX opcode=1003 result=3
S31 BLE host: opcode=1003 wait=0 status=0 ref=1
S31 BLE host: opcode=1003 returned
S31 BLE host: allocating opcode=1001
S31 BLE host: opcode=1001 buffer=0x2f01d22c
S31 BLE host: opcode=1001 queued current=0x2f01e590 syswq=0x2f01e590
S31 BLE: TX opcode=1001 len=3
S31 BLE: complete opcode=1001 status=0 len=15
S31 BLE: TX opcode=1001 result=3
S31 BLE host: opcode=1001 wait=0 status=0 ref=1
S31 BLE host: opcode=1001 returned
S31 BLE host: allocating opcode=1002
S31 BLE host: opcode=1002 buffer=0x2f01d22c
S31 BLE host: opcode=1002 queued current=0x2f01e590 syswq=0x2f01e590
S31 BLE: TX opcode=1002 len=3
S31 BLE: complete opcode=1002 status=0 len=71
S31 BLE: TX opcode=1002 result=3
S31 BLE host: opcode=1002 wait=0 status=0 ref=1
S31 BLE host: opcode=1002 returned
S31 BLE host: initializing PSA PRNG
S31 BLE host: PSA PRNG result=0
S31 BLE host: buffers ACL=1021/12 SCO=255/0
S31 BLE host: opcode=0c33 queued current=0x2f01e590 syswq=0x2f01e590
S31 BLE: TX opcode=0c33 len=10
S31 BLE: complete opcode=0c33 status=0 len=7
S31 BLE: TX opcode=0c33 result=10
S31 BLE host: opcode=0c33 wait=0 status=0 ref=1
S31 BLE host: opcode=0c33 returned
S31 BLE host: opcode=0c31 queued current=0x2f01e590 syswq=0x2f01e590
S31 BLE: TX opcode=0c31 len=4
S31 BLE: complete opcode=0c31 status=0 len=7
S31 BLE: TX opcode=0c31 result=4
S31 BLE host: opcode=0c31 wait=0 status=0 ref=1
S31 BLE host: opcode=0c31 returned
S31 BLE host: allocating opcode=2003
S31 BLE host: opcode=2003 buffer=0x2f01d22c
S31 BLE host: opcode=2003 queued current=0x2f01e590 syswq=0x2f01e590
S31 BLE: TX opcode=2003 len=3
S31 BLE: complete opcode=2003 status=0 len=15
S31 BLE: TX opcode=2003 result=3
S31 BLE host: opcode=2003 wait=0 status=0 ref=1
S31 BLE host: opcode=2003 returned
S31 BLE host: allocating opcode=2002
S31 BLE host: opcode=2002 buffer=0x2f01d22c
S31 BLE host: opcode=2002 queued current=0x2f01e590 syswq=0x2f01e590
S31 BLE: TX opcode=2002 len=3
S31 BLE: complete opcode=2002 status=0 len=10
S31 BLE: TX opcode=2002 result=3
S31 BLE host: opcode=2002 wait=0 status=0 ref=1
S31 BLE host: opcode=2002 returned
S31 BLE host: allocating opcode=203a
S31 BLE host: opcode=203a buffer=0x2f01d22c
S31 BLE host: opcode=203a queued current=0x2f01e590 syswq=0x2f01e590
S31 BLE: TX opcode=203a len=3
S31 BLE: complete opcode=203a status=0 len=9
S31 BLE: TX opcode=203a result=3
S31 BLE host: opcode=203a wait=0 status=0 ref=1
S31 BLE host: opcode=203a returned
S31 BLE host: allocating opcode=201c
S31 BLE host: opcode=201c buffer=0x2f01d22c
S31 BLE host: opcode=201c queued current=0x2f01e590 syswq=0x2f01e590
S31 BLE: TX opcode=201c len=3
S31 BLE: complete opcode=201c status=0 len=15
S31 BLE: TX opcode=201c result=3
S31 BLE host: opcode=201c wait=0 status=0 ref=1
S31 BLE host: opcode=201c returned
S31 BLE host: allocating opcode=202f
S31 BLE host: opcode=202f buffer=0x2f01d22c
S31 BLE host: opcode=202f queued current=0x2f01e590 syswq=0x2f01e590
S31 BLE: TX opcode=202f len=3
S31 BLE: complete opcode=202f status=0 len=15
S31 BLE: TX opcode=202f result=3
S31 BLE host: opcode=202f wait=0 status=0 ref=1
S31 BLE host: opcode=202f returned
S31 BLE host: opcode=2024 queued current=0x2f01e590 syswq=0x2f01e590
S31 BLE: TX opcode=2024 len=7
S31 BLE: complete opcode=2024 status=0 len=7
S31 BLE: TX opcode=2024 result=7
S31 BLE host: opcode=2024 wait=0 status=0 ref=1
S31 BLE host: opcode=2024 returned
S31 BLE host: opcode=202e queued current=0x2f01e590 syswq=0x2f01e590
S31 BLE: TX opcode=202e len=5
S31 BLE: complete opcode=202e status=0 len=7
S31 BLE: TX opcode=202e result=5
S31 BLE host: opcode=202e wait=0 status=0 ref=1
S31 BLE host: opcode=202e returned
S31 BLE host: allocating opcode=202a
S31 BLE host: opcode=202a buffer=0x2f01d22c
S31 BLE host: opcode=202a queued current=0x2f01e590 syswq=0x2f01e590
S31 BLE: TX opcode=202a len=3
S31 BLE: complete opcode=202a status=0 len=8
S31 BLE: TX opcode=202a result=3
S31 BLE host: opcode=202a wait=0 status=0 ref=1
S31 BLE host: opcode=202a returned
S31 BLE host: opcode=2001 queued current=0x2f01e590 syswq=0x2f01e590
S31 BLE: TX opcode=2001 len=11
S31 BLE: complete opcode=2001 status=0 len=7
S31 BLE: TX opcode=2001 result=11
S31 BLE host: opcode=2001 wait=0 status=0 ref=1
S31 BLE host: opcode=2001 returned
S31 BLE host: opcode=0c01 queued current=0x2f01e590 syswq=0x2f01e590
S31 BLE: TX opcode=0c01 len=11
S31 BLE: complete opcode=0c01 status=0 len=7
S31 BLE: TX opcode=0c01 result=11
S31 BLE host: opcode=0c01 wait=0 status=0 ref=1
S31 BLE host: opcode=0c01 returned
S31 BLE host: allocating opcode=1009
S31 BLE host: opcode=1009 buffer=0x2f01d22c
S31 BLE host: opcode=1009 queued current=0x2f01e590 syswq=0x2f01e590
S31 BLE: TX opcode=1009 len=3
S31 BLE: complete opcode=1009 status=0 len=13
S31 BLE: TX opcode=1009 result=3
S31 BLE host: opcode=1009 wait=0 status=0 ref=1
S31 BLE host: opcode=1009 returned
S31 BLE host: initialization result=0
[bttool] Context:0x2f033c48, Adapter state changed: 1
bttool> [bttool] Context:0x2f033c48, Adapter state changed: 2
XTS_COMMAND=state
state
[bttool] Adapter State: 2
bttool> XTS_COMMAND=disable
disable
[bttool] Context:0x2f033c48, Adapter state changed: 6
S31 BLE host: allocating opcode=0c03
S31 BLE host: opcode=0c03 buffer=0x2f01d22c
S31 BLE: TX opcode=0c03 len=3
S31 BLE: complete opcode=0c03 status=0 len=7
S31 BLE: TX opcode=0c03 result=3
S31 BLE host: opcode=0c03 queued current=0 syswq=0x2f01e590
S31 BLE host: opcode=0c03 wait=0 status=0 ref=1
S31 BLE host: opcode=0c03 returned
bttool> [bttool] Context:0x2f033c48, Adapter state changed: 0
XTS_COMMAND=state
state
[bttool] Adapter State: 0
bttool> XTS_CATEGORY_BLE_SWITCH=PASS original_steps=enable,state,disable,state
XTS_COMMAND=quit
quit
[async_queue:138]uv_async_queue_close
nsh> [KXTS_BLE_CLEANUP=COMPLETE
