ESP-ROM:esp32s31-20251218
Build:Dec 18 2025
rst:0x1 (POWERON),boot:0x7f (SPI_FAST_FLASH_BOOT)
SPI mode:DIO, clock div:1
load:0x2e000000,len:0x18
load:0x2f000000,len:0x16d58
entry 0x2f0145f8
*** Booting NuttX ***
rtc: lma 0x00002020 vma 0x2e000000 len 0x18     (24)
dram: lma 0x00002040 vma 0x2f000000 len 0x16d58  (93528)
padd: lma 0x00018dc8 vma 0x00000000 len 0x7250   (29264)
imap: lma 0x00020020 vma 0x400c0020 len 0xb108   (45320)
padd: lma 0x0002b130 vma 0x00000000 len 0x4fc8   (20424)
imap: lma 0x00030100 vma 0x40000100 len 0xbef24  (782116)
total segments stored 6
ABC[CPU0] CPU1 SMP online: ipi0=0 timer1=0
[CPU0] AppFS header: 2d726f6d3166732d
[CPU0] AppFS MTD boundary checks: PASS
[CPU0] AppFS writable LittleFS: offset=0x500000 size=0x700000

NuttShell (NSH)
nsh> [K
HOST_COMMAND ls /dev/ttyHCI0
ls /dev/ttyHCI0
 /dev/ttyHCI0
nsh> [K
nsh> [K
HOST_COMMAND mkdir /data
mkdir /data
nsh> [K
nsh> [K
HOST_COMMAND mount -t tmpfs /data
mount -t tmpfs /data
nsh> [K
nsh> [K
HOST_COMMAND mkdir /data/misc
mkdir /data/misc
nsh> [K
nsh> [K
HOST_COMMAND mkdir /data/misc/bt
mkdir /data/misc/bt
nsh> [K
nsh> [K
BTTOOL bttool
bttool
[CPU0] /data/misc/bt folder create: 0
[CPU1] [async_queue:91]uv_async_queue_init
bttool> 
bttool> 
BTTOOL enable
enable
bttool> 
[CPU0] S31 BLE: controller open
[CPU0] S31 BLE: public MAC 30:ed:a0:f3:f7:b1
[CPU0] S31 BLE: controller ready, VHCI registered
[CPU1] dev:0: Sending HCI_RESET
[CPU1] S31 BLE host: allocating opcode=0c03
[CPU1] S31 BLE host: opcode=0c03 buffer=0x614078dc
[CPU1] S31 BLE host: opcode=0c03 queued current=0x61408f3c syswq=0x61408f3c
[CPU0] S31 BLE: TX opcode=0c03 len=3
[CPU0] S31 BLE: TX opcode=0c03 result=3
[CPU0] S31 BLE: complete opcode=0c03 status=0 len=7
[CPU0] S31 BLE host: opcode=0c03 wait=0 status=0 ref=1
[CPU0] S31 BLE host: opcode=0c03 returned
[CPU0] S31 BLE host: reset state complete
[CPU0] S31 BLE host: allocating opcode=1003
[CPU0] S31 BLE host: opcode=1003 buffer=0x614078dc
[CPU0] S31 BLE host: opcode=1003 queued current=0x61408f3c syswq=0x61408f3c
[CPU0] S31 BLE: TX opcode=1003 len=3
[CPU0] S31 BLE: TX opcode=1003 result=3
[CPU0] S31 BLE: complete opcode=1003 status=0 len=15
[CPU0] S31 BLE host: opcode=1003 wait=0 status=0 ref=1
[CPU0] S31 BLE host: opcode=1003 returned
[CPU0] S31 BLE host: allocating opcode=1001
[CPU0] S31 BLE host: opcode=1001 buffer=0x614078dc
[CPU0] S31 BLE host: opcode=1001 queued current=0x61408f3c syswq=0x61408f3c
[CPU0] S31 BLE: TX opcode=1001 len=3
[CPU0] S31 BLE: TX opcode=1001 result=3
[CPU0] S31 BLE: complete opcode=1001 status=0 len=15
[CPU0] S31 BLE host: opcode=1001 wait=0 status=0 ref=1
[CPU0] S31 BLE host: opcode=1001 returned
[CPU0] S31 BLE host: allocating opcode=1002
[CPU0] S31 BLE host: opcode=1002 buffer=0x614078dc
[CPU0] S31 BLE host: opcode=1002 queued current=0x61408f3c syswq=0x61408f3c
[CPU0] S31 BLE: TX opcode=1002 len=3
[CPU0] S31 BLE: TX opcode=1002 result=3
[CPU0] S31 BLE: complete opcode=1002 status=0 len=71
[CPU1] S31 BLE host: opcode=1002 wait=0 status=0 ref=1
[CPU1] S31 BLE host: opcode=1002 returned
[CPU1] S31 BLE host: initializing PSA PRNG
[CPU1] S31 BLE host: PSA PRNG result=0
[CPU1] S31 BLE host: buffers ACL=1021/13 SCO=255/0
[CPU1] S31 BLE host: opcode=0c33 queued current=0x61408f3c syswq=0x61408f3c
[CPU0] S31 BLE: TX opcode=0c33 len=10
[CPU0] S31 BLE: TX opcode=0c33 result=10
[CPU0] S31 BLE: complete opcode=0c33 status=0 len=7
[CPU0] S31 BLE host: opcode=0c33 wait=0 status=0 ref=1
[CPU0] S31 BLE host: opcode=0c33 returned
[CPU0] S31 BLE host: opcode=0c31 queued current=0x61408f3c syswq=0x61408f3c
[CPU0] S31 BLE: TX opcode=0c31 len=4
[CPU0] S31 BLE: TX opcode=0c31 result=4
[CPU0] S31 BLE: complete opcode=0c31 status=0 len=7
[CPU1] S31 BLE host: opcode=0c31 wait=0 status=0 ref=1
[CPU1] S31 BLE host: opcode=0c31 returned
[CPU1] S31 BLE host: allocating opcode=2003
[CPU1] S31 BLE host: opcode=2003 buffer=0x614078dc
[CPU1] S31 BLE host: opcode=2003 queued current=0x61408f3c syswq=0x61408f3c
[CPU0] S31 BLE: TX opcode=2003 len=3
[CPU0] S31 BLE: TX opcode=2003 result=3
[CPU0] S31 BLE: complete opcode=2003 status=0 len=15
[CPU0] S31 BLE host: opcode=2003 wait=0 status=0 ref=1
[CPU0] S31 BLE host: opcode=2003 returned
[CPU0] S31 BLE host: allocating opcode=2002
[CPU0] S31 BLE host: opcode=2002 buffer=0x614078dc
[CPU0] S31 BLE host: opcode=2002 queued current=0x61408f3c syswq=0x61408f3c
[CPU0] S31 BLE: TX opcode=2002 len=3
[CPU0] S31 BLE: TX opcode=2002 result=3
[CPU0] S31 BLE: complete opcode=2002 status=0 len=10
[CPU1] S31 BLE host: opcode=2002 wait=0 status=0 ref=1
[CPU1] S31 BLE host: opcode=2002 returned
[CPU1] S31 BLE host: allocating opcode=203a
[CPU1] S31 BLE host: opcode=203a buffer=0x614078dc
[CPU1] S31 BLE host: opcode=203a queued current=0x61408f3c syswq=0x61408f3c
[CPU0] S31 BLE: TX opcode=203a len=3
[CPU0] S31 BLE: TX opcode=203a result=3
[CPU0] S31 BLE: complete opcode=203a status=0 len=9
[CPU0] S31 BLE host: opcode=203a wait=0 status=0 ref=1
[CPU0] S31 BLE host: opcode=203a returned
[CPU0] S31 BLE host: allocating opcode=201c
[CPU0] S31 BLE host: opcode=201c buffer=0x614078dc
[CPU0] S31 BLE host: opcode=201c queued current=0x61408f3c syswq=0x61408f3c
[CPU0] S31 BLE: TX opcode=201c len=3
[CPU0] S31 BLE: TX opcode=201c result=3
[CPU0] S31 BLE: complete opcode=201c status=0 len=15
[CPU1] S31 BLE host: opcode=201c wait=0 status=0 ref=1
[CPU1] S31 BLE host: opcode=201c returned
[CPU1] S31 BLE host: allocating opcode=202f
[CPU1] S31 BLE host: opcode=202f buffer=0x614078dc
[CPU1] S31 BLE host: opcode=202f queued current=0x61408f3c syswq=0x61408f3c
[CPU0] S31 BLE: TX opcode=202f len=3
[CPU0] S31 BLE: TX opcode=202f result=3
[CPU0] S31 BLE: complete opcode=202f status=0 len=15
[CPU0] S31 BLE host: opcode=202f wait=0 status=0 ref=1
[CPU0] S31 BLE host: opcode=202f returned
[CPU0] S31 BLE host: opcode=2024 queued current=0x61408f3c syswq=0x61408f3c
[CPU0] S31 BLE: TX opcode=2024 len=7
[CPU0] S31 BLE: TX opcode=2024 result=7
[CPU0] S31 BLE: complete opcode=2024 status=0 len=7
[CPU0] S31 BLE host: opcode=2024 wait=0 status=0 ref=1
[CPU0] S31 BLE host: opcode=2024 returned
[CPU0] S31 BLE host: opcode=202e queued current=0x61408f3c syswq=0x61408f3c
[CPU0] S31 BLE: TX opcode=202e len=5
[CPU0] S31 BLE: TX opcode=202e result=5
[CPU0] S31 BLE: complete opcode=202e status=0 len=7
[CPU1] S31 BLE host: opcode=202e wait=0 status=0 ref=1
[CPU1] S31 BLE host: opcode=202e returned
[CPU1] S31 BLE host: allocating opcode=202a
[CPU1] S31 BLE host: opcode=202a buffer=0x614078dc
[CPU1] S31 BLE host: opcode=202a queued current=0x61408f3c syswq=0x61408f3c
[CPU0] S31 BLE: TX opcode=202a len=3
[CPU0] S31 BLE: TX opcode=202a result=3
[CPU0] S31 BLE: complete opcode=202a status=0 len=8
[CPU0] S31 BLE host: opcode=202a wait=0 status=0 ref=1
[CPU0] S31 BLE host: opcode=202a returned
[CPU0] S31 BLE host: opcode=2001 queued current=0x61408f3c syswq=0x61408f3c
[CPU0] S31 BLE: TX opcode=2001 len=11
[CPU0] S31 BLE: TX opcode=2001 result=11
[CPU0] S31 BLE: complete opcode=2001 status=0 len=7
[CPU1] S31 BLE host: opcode=2001 wait=0 status=0 ref=1
[CPU1] S31 BLE host: opcode=2001 returned
[CPU1] S31 BLE host: opcode=0c01 queued current=0x61408f3c syswq=0x61408f3c
[CPU0] S31 BLE: TX opcode=0c01 len=11
[CPU0] S31 BLE: TX opcode=0c01 result=11
[CPU0] S31 BLE: complete opcode=0c01 status=0 len=7
[CPU0] S31 BLE host: opcode=0c01 wait=0 status=0 ref=1
[CPU0] S31 BLE host: opcode=0c01 returned
[CPU0] S31 BLE host: allocating opcode=1009
[CPU0] S31 BLE host: opcode=1009 buffer=0x614078dc
[CPU0] S31 BLE host: opcode=1009 queued current=0x61408f3c syswq=0x61408f3c
[CPU0] S31 BLE: TX opcode=1009 len=3
[CPU0] S31 BLE: TX opcode=1009 result=3
[CPU0] S31 BLE: complete opcode=1009 status=0 len=13
[CPU1] S31 BLE host: opcode=1009 wait=0 status=0 ref=1
[CPU1] S31 BLE host: opcode=1009 returned
[CPU1] S31 BLE host: initialization result=0
bttool> [bttool] Context:0x61801cc8, Adapter state changed: 1
[bttool] Context:0x61801cc8, Adapter state changed: 2

BTTOOL adv start -n yuy1 -m legacy
adv start -n yuy1 -m legacy
[CPU1] AdvType:(Flags)
[CPU1] AdvData: (0x618112d2):
[CPU1] 0000  0a                                               .               
[CPU1] AdvType:(Complete List of 16­bit Service Class UUIDs)
[CPU1] AdvData: (0x618112d5):
[CPU1] 0000  01 11                                            ..              
[CPU1] AdvType:(Complete List of 16­bit Service Class UUIDs)
[CPU1] AdvData: (0x618112d9):
[CPU1] 0000  1e 11                                            ..              
[CPU1] AdvType:(Complete Local Name)
[CPU1] AdvData: (0x6181132a):
[CPU1] 0000  79 75 79 31                                      yuy1            
[CPU0] S31 BLE host: opcode=2036 queued current=0 syswq=0x61408f3c
[bttool] adv name: yuy1 
[bttool] adv type: legacy
[bttool] Advertising handle:0x61811060
bttool> 
bttool> [CPU0] S31 BLE: TX opcode=2036 len=28
[CPU0] S31 BLE: TX opcode=2036 result=28
[CPU0] S31 BLE: complete opcode=2036 status=0 len=8
[CPU0] S31 BLE host: opcode=2036 wait=0 status=0 ref=1
[CPU0] S31 BLE host: opcode=2036 returned
[CPU1] S31 BLE h[oCPUst: opcod0e]= S31 B2LE: T0X opcode=2037 len=18
[CPU0] S31 BLE: TX opcode=2037 result=18
3[7C PqUueued current=0] S31 BL0E : complete opcode=2037 status=0 len=7
syswq=0x61408f3c
[CPU0] S31 BLE host: opcode=2037 wait=0 status=0 ref=1
[CPU0] S31 BLE host: opcode=2037 returned
[CPU[0C]PU0] S31 BLE: TX opcode=2038 len=13
[CPU0] S31 BLE: TX opcode=2038 result=13
 [SC3PU1 BLE host: opcode=0] S31 BLE: co2mplete opcode=2038 status=0 len=7
038 queued current=0 syswq=0x61408f3c
[CPU0] S31 BLE host: opcode=2038 wait=0 status=0 ref=1
[CPU0] S31 BLE host: opcode=2038 returned
[CPU1[]CPU0] S31 BLE: TX opcode=2039 len=9
[CPU0] S31 BLE: TX opcode=2039 result=9
 S31 BLE host: opcode=2039 queu[eCPUd cur0r] S31 eBnLtE=: com0p lsetyes opcode=wq=2039 0statx614u0s=8f3c
0 len=7
[CPU0] S31 BLE host: opcode=2039 wait=0 status=0 ref=1
[CPU0] S31 BLE host: opcode=2039 returned
[bttool] on_advertising_start_cb, handle:0x61811060, adv_id:1, status:0

BTTOOL adv start -n yuy2 -m legacy
adv start -n yuy2 -m legacy
bttool> 
[bttool] adv name: yuy2 
[CPU0] AdvType:(Flags)
[CPU0] AdvData: (0x6180551a):
[CPU0] 0000  0a                                               .               
[CPU0] AdvType:(Complete List of 16­bit Service Class UUIDs)
[CPU0] AdvData: (0x6180551d):
[CPU0] 0000  01 11                                            ..              
[CPU0] AdvType:(Complete List of 16­bit Service Class UUIDs)
[CPU0] AdvData: (0x61805521):
[CPU0] 0000  1e 11                                            ..              
[CPU0] AdvType:(Complete Local Name)
[CPU0] AdvData: (0x61805572):
[CPU0] 0000  79 75 79 32                                      yuy2            
[CPU0] S31[CPU0] S31 BLE: TX opcode=2036 len=28
[CPU0] S31 BLE: TX opcode=2036 result=28
[CPU0] S31 BL EB: complete opcode=2036 status=0 len=8
LE host: opcode=2036 queued current=0 syswq=0x61408f3c
[CPU0] S31 BLE host: opcode=2036 wait=0 status=0 ref=1
[CPU0] S31 BLE host: opcode=2036 returned
[CPU1] S31[ CPU0] S31 BLE: TX opcode=2037 len=18
[CPU0] S31 BLE: TX opcode=2037 result=18
[CPUB0L] S31 BLE: compElete opcode=2037 status=0 len=7
 host: opcode=2037 queued current=0 syswq=0x61408f3c
[CPU0] S31 BLE host: opcode=2037 wait=0 status=0 ref=1
[CPU0] S31 BLE host: opcode=2037 returned
[CPU1[]CPU0] S31 BLE: TX opcode=2038 len=13
[CPU0] S31 BLE: TX opcode=2038 result=13
 [SCPU0] S31 BLE: complete opcode=2038 status=0 len=7
31 BLE host: opcode=2038 queued current=0 syswq=0x61408f3c
[CPU0] S31 BLE host: opcode=2038 wait=0 status=0 ref=1
[CPU0] S31 BLE host: opcode=2038 returned
[CPU1[]CPU0] S31 BLE: TX opcode=2039 len=9
[CPU0] S31 BLE: TX opcode=2039 result=9
 S31 BLE host: opcode=2039 q[uCePUued current=0] S301 BLE: complete opcode=2039 status=0 len=7
 syswq=0x61408f3c
[CPU1] S31 BLE host: opcode=2039 wait=0 status=0 ref=1
[CPU1] S31 BLE host: opcode=2039 returned
bttool> [bttool] adv type: legacy
[bttool] Advertising handle:0x618055c8
[bttool] on_advertising_start_cb, handle:0x618055c8, adv_id:2, status:0

PHONE_SCAN_READY case=same-public names=yuy1,yuy2 window_seconds=5

BTTOOL adv stop -h 0x61811060
adv stop -h 0x61811060
bttool> 
[bttool] Stop adv handle:0x61811060
[CPU1] S31 BLE ho[sCPU0] S31 BLE: TX opcode=2039 len=9
[CPU0] S31 BLE: TX opcode=2039 result=9
t: opcode=[CPU0] S31 BLE: complete 2039 oqpcode=ueued current=2039 status=0 0len=7
 syswq=0x61408f3c
[CPU0] S31 BLE host: opcode=2039 wait=0 status=0 ref=1
[CPU0] S31 BLE host: opcode=2039 returned
[CPU1] [SCPU0] S31 BLE: TX opcode=203c len=4
[CPU0] S31 BLE: TX opcode=203c result=4
[CPU0] S31 BLE3: complete opcode=203c status=0 len=7
1 BLE host: opcode=203c queued current=0 syswq=0x61408f3c
[CPU0] S31 BLE host: opcode=203c wait=0 status=0 ref=1
[CPU0] S31 BLE host: opcode=203c returned
bttool> [bttool] on_advertising_stopped_cb, handle:0x61811060, adv_id:1

BTTOOL adv stop -h 0x618055c8
adv stop -h 0x618055c8
bttool> 
[bttool] Stop adv handle:0x618055c8
[CPU1] S31 BLE host: opcode=[2CPU0] S31 BLE: TX opcode=2039 len=9
[CPU0] S31 BLE: TX opcode=2039 result=9
039 queued current=[CPU0]0 S31 BLE: complete opcode=2039 status=0 len=7
 syswq=0x61408f3c
[CPU0] S31 BLE host: opcode=2039 wait=0 status=0 ref=1
[CPU0] S31 BLE host: opcode=2039 returned
[CPU1] [SCPU0] S31 BLE: TX opcode=203c len=4
[CPU0] S31 BLE: TX opcode=203c result=4
[CPU0] S31 BLE3: complete opcode=203c status=0 len=7
1 BLE host: opcode=203c queued current=0 syswq=0x61408f3c
[CPU0] S31 BLE host: opcode=203c wait=0 status=0 ref=1
[CPU0] S31 BLE host: opcode=203c returned
bttool> [bttool] on_advertising_stopped_cb, handle:0x618055c8, adv_id:2

BTTOOL disable
disable
bttool> 
bttool> [bttool] Context:0x61801cc8, Adapter state changed: 6
[CPU1] S31 BLE host: allocating opcode=0c03
[CPU1] S31 BLE host: opcode=0c03 buffer=0x614078dc
[CPU0] S31 BLE host: opcode=0c03 queued current=0 syswq=0x61408f3c
[CPU0] S31 BLE: TX opcode=0c03 len=3
[CPU0] S31 BLE: TX opcode=0c03 result=3
[CPU0] S31 BLE: complete opcode=0c03 status=0 len=7
[CPU0] S31 BLE host: opcode=0c03 wait=0 status=0 ref=1
[CPU0] S31 BLE host: opcode=0c03 returned
[bttool] Context:0x61801cc8, Adapter state changed: 0

BTTOOL quit
quit
[CPU0] [async_queue:138]uv_async_queue_close
nsh> [K
nsh> [K
QUIT_PROMPT_NOT_RETURNED
