XTS_RECEIPT=/home/regex/work/esp32s31-openvela/backups/2026-09-10-scan-stress/build1515-ble-gatt-server.sha256
ESP-ROM:esp32s31-20251218
Build:Dec 18 2025
rst:0x1 (POWERON),boot:0x7f (SPI_FAST_FLASH_BOOT)
SPI mode:DIO, clock div:1
load:0x2e000000,len:0x18
load:0x2f000000,len:0x11134
load:0x2f011180,len:0x2cd0
entry 0x2f010dac
*** Booting NuttX ***
rtc: lma 0x00002020 vma 0x2e000000 len 0x18     (24)
dram: lma 0x00002040 vma 0x2f000000 len 0x11134  (69940)
dram: lma 0x0001317c vma 0x2f011180 len 0x2cd0   (11472)
padd: lma 0x00015e78 vma 0x00000000 len 0xa1a0   (41376)
imap: lma 0x00020020 vma 0x400f0020 len 0x2104c  (135244)
padd: lma 0x00041074 vma 0x00000000 len 0xf084   (61572)
imap: lma 0x00050100 vma 0x40000100 len 0xedeac  (974508)
total segments stored 7
ABC
NuttShell (NSH)
nsh> [K
XTS_COMMAND=ls /dev/ttyHCI0
--- CMD: ls /dev/ttyHCI0 ---
ls /dev/ttyHCI0
 /dev/ttyHCI0
nsh> [K
nsh> [K
ls /dev/ttyHCI0
 /dev/ttyHCI0
nsh> [K
nsh> [K
XTS_COMMAND=mount
--- CMD: mount ---
mount
  /proc type procfs
  /tmp type tmpfs
nsh> [K
nsh> [K
mount
  /proc type procfs
  /tmp type tmpfs
nsh> [K
nsh> [K
XTS_COMMAND=ls /data
--- CMD: ls /data ---
ls /data
nsh: ls: stat failed: No such file or directory
nsh> [K
nsh> [K
ls /data
nsh: ls: stat failed: No such file or directory
nsh> [K
nsh> [K
XTS_COMMAND=mkdir /data
--- CMD: mkdir /data ---
mkdir /data
nsh> [K
nsh> [K
mkdir /data
nsh> [K
nsh> [K
XTS_COMMAND=mount -t tmpfs /data
--- CMD: mount -t tmpfs /data ---
mount -t tmpfs /data
nsh> [K
nsh> [K
mount -t tmpfs /data
nsh> [K
nsh> [K
XTS_COMMAND=mkdir /data/misc
--- CMD: mkdir /data/misc ---
mkdir /data/misc
nsh> [K
nsh> [K
mkdir /data/misc
nsh> [K
nsh> [K
XTS_COMMAND=mkdir /data/misc/bt
--- CMD: mkdir /data/misc/bt ---
mkdir /data/misc/bt
nsh> [K
nsh> [K
mkdir /data/misc/bt
nsh> [K
nsh> [K
XTS_COMMAND=bttool
bttool
/data/misc/bt folder create: 0
[async_queue:91]uv_async_queue_init
bttool> XTS_COMMAND=enable
enable
S31 BLE: controller open
S31 BLE: public MAC 30:ed:a0:f3:f7:b1
S31 BLE: controller ready, VHCI registered
dev:0: Sending HCI_RESET
S31 BLE host: allocating opcode=0c03
S31 BLE host: opcode=0c03 buffer=0x2f01dc24
S31 BLE host: opcode=0c03 queued current=0x2f01ef90 syswq=0x2f01ef90
S31 BLE: TX opcode=0c03 len=3
S31 BLE: complete opcode=0c03 status=0 len=7
S31 BLE: TX opcode=0c03 result=3
S31 BLE host: opcode=0c03 wait=0 status=0 ref=1
S31 BLE host: opcode=0c03 returned
S31 BLE host: reset state complete
S31 BLE host: allocating opcode=1003
S31 BLE host: opcode=1003 buffer=0x2f01dc24
S31 BLE host: opcode=1003 queued current=0x2f01ef90 syswq=0x2f01ef90
S31 BLE: TX opcode=1003 len=3
S31 BLE: complete opcode=1003 status=0 len=15
S31 BLE: TX opcode=1003 result=3
S31 BLE host: opcode=1003 wait=0 status=0 ref=1
S31 BLE host: opcode=1003 returned
S31 BLE host: allocating opcode=1001
S31 BLE host: opcode=1001 buffer=0x2f01dc24
S31 BLE host: opcode=1001 queued current=0x2f01ef90 syswq=0x2f01ef90
S31 BLE: TX opcode=1001 len=3
S31 BLE: complete opcode=1001 status=0 len=15
S31 BLE: TX opcode=1001 result=3
S31 BLE host: opcode=1001 wait=0 status=0 ref=1
S31 BLE host: opcode=1001 returned
S31 BLE host: allocating opcode=1002
S31 BLE host: opcode=1002 buffer=0x2f01dc24
S31 BLE host: opcode=1002 queued current=0x2f01ef90 syswq=0x2f01ef90
S31 BLE: TX opcode=1002 len=3
S31 BLE: complete opcode=1002 status=0 len=71
S31 BLE: TX opcode=1002 result=3
S31 BLE host: opcode=1002 wait=0 status=0 ref=1
S31 BLE host: opcode=1002 returned
S31 BLE host: initializing PSA PRNG
S31 BLE host: PSA PRNG result=0
S31 BLE host: buffers ACL=1021/12 SCO=255/0
S31 BLE host: opcode=0c33 queued current=0x2f01ef90 syswq=0x2f01ef90
S31 BLE: TX opcode=0c33 len=10
S31 BLE: complete opcode=0c33 status=0 len=7
S31 BLE: TX opcode=0c33 result=10
S31 BLE host: opcode=0c33 wait=0 status=0 ref=1
S31 BLE host: opcode=0c33 returned
S31 BLE host: opcode=0c31 queued current=0x2f01ef90 syswq=0x2f01ef90
S31 BLE: TX opcode=0c31 len=4
S31 BLE: complete opcode=0c31 status=0 len=7
S31 BLE: TX opcode=0c31 result=4
S31 BLE host: opcode=0c31 wait=0 status=0 ref=1
S31 BLE host: opcode=0c31 returned
S31 BLE host: allocating opcode=2003
S31 BLE host: opcode=2003 buffer=0x2f01dc24
S31 BLE host: opcode=2003 queued current=0x2f01ef90 syswq=0x2f01ef90
S31 BLE: TX opcode=2003 len=3
S31 BLE: complete opcode=2003 status=0 len=15
S31 BLE: TX opcode=2003 result=3
S31 BLE host: opcode=2003 wait=0 status=0 ref=1
S31 BLE host: opcode=2003 returned
S31 BLE host: allocating opcode=2002
S31 BLE host: opcode=2002 buffer=0x2f01dc24
S31 BLE host: opcode=2002 queued current=0x2f01ef90 syswq=0x2f01ef90
S31 BLE: TX opcode=2002 len=3
S31 BLE: complete opcode=2002 status=0 len=10
S31 BLE: TX opcode=2002 result=3
S31 BLE host: opcode=2002 wait=0 status=0 ref=1
S31 BLE host: opcode=2002 returned
S31 BLE host: allocating opcode=203a
S31 BLE host: opcode=203a buffer=0x2f01dc24
S31 BLE host: opcode=203a queued current=0x2f01ef90 syswq=0x2f01ef90
S31 BLE: TX opcode=203a len=3
S31 BLE: complete opcode=203a status=0 len=9
S31 BLE: TX opcode=203a result=3
S31 BLE host: opcode=203a wait=0 status=0 ref=1
S31 BLE host: opcode=203a returned
S31 BLE host: allocating opcode=201c
S31 BLE host: opcode=201c buffer=0x2f01dc24
S31 BLE host: opcode=201c queued current=0x2f01ef90 syswq=0x2f01ef90
S31 BLE: TX opcode=201c len=3
S31 BLE: complete opcode=201c status=0 len=15
S31 BLE: TX opcode=201c result=3
S31 BLE host: opcode=201c wait=0 status=0 ref=1
S31 BLE host: opcode=201c returned
S31 BLE host: allocating opcode=202f
S31 BLE host: opcode=202f buffer=0x2f01dc24
S31 BLE host: opcode=202f queued current=0x2f01ef90 syswq=0x2f01ef90
S31 BLE: TX opcode=202f len=3
S31 BLE: complete opcode=202f status=0 len=15
S31 BLE: TX opcode=202f result=3
S31 BLE host: opcode=202f wait=0 status=0 ref=1
S31 BLE host: opcode=202f returned
S31 BLE host: opcode=2024 queued current=0x2f01ef90 syswq=0x2f01ef90
S31 BLE: TX opcode=2024 len=7
S31 BLE: complete opcode=2024 status=0 len=7
S31 BLE: TX opcode=2024 result=7
S31 BLE host: opcode=2024 wait=0 status=0 ref=1
S31 BLE host: opcode=2024 returned
S31 BLE host: opcode=202e queued current=0x2f01ef90 syswq=0x2f01ef90
S31 BLE: TX opcode=202e len=5
S31 BLE: complete opcode=202e status=0 len=7
S31 BLE: TX opcode=202e result=5
S31 BLE host: opcode=202e wait=0 status=0 ref=1
S31 BLE host: opcode=202e returned
S31 BLE host: allocating opcode=202a
S31 BLE host: opcode=202a buffer=0x2f01dc24
S31 BLE host: opcode=202a queued current=0x2f01ef90 syswq=0x2f01ef90
S31 BLE: TX opcode=202a len=3
S31 BLE: complete opcode=202a status=0 len=8
S31 BLE: TX opcode=202a result=3
S31 BLE host: opcode=202a wait=0 status=0 ref=1
S31 BLE host: opcode=202a returned
S31 BLE host: opcode=2001 queued current=0x2f01ef90 syswq=0x2f01ef90
S31 BLE: TX opcode=2001 len=11
S31 BLE: complete opcode=2001 status=0 len=7
S31 BLE: TX opcode=2001 result=11
S31 BLE host: opcode=2001 wait=0 status=0 ref=1
S31 BLE host: opcode=2001 returned
S31 BLE host: opcode=0c01 queued current=0x2f01ef90 syswq=0x2f01ef90
S31 BLE: TX opcode=0c01 len=11
S31 BLE: complete opcode=0c01 status=0 len=7
S31 BLE: TX opcode=0c01 result=11
S31 BLE host: opcode=0c01 wait=0 status=0 ref=1
S31 BLE host: opcode=0c01 returned
S31 BLE host: allocating opcode=1009
S31 BLE host: opcode=1009 buffer=0x2f01dc24
S31 BLE host: opcode=1009 queued current=0x2f01ef90 syswq=0x2f01ef90
S31 BLE: TX opcode=1009 len=3
S31 BLE: complete opcode=1009 status=0 len=13
S31 BLE: TX opcode=1009 result=3
S31 BLE host: opcode=1009 wait=0 status=0 ref=1
S31 BLE host: opcode=1009 returned
S31 BLE host: initialization result=0
[bttool] Context:0x2f034648, Adapter state changed: 1
bttool> [bttool] Context:0x2f034648, Adapter state changed: 2
XTS_COMMAND=gatts register 3
gatts register 3
[bttool] register service successful, service_id: 3
bttool> XTS_COMMAND=gatts start 3
gatts start 3
bttool> [bttool] gatts add attribute table compleXTS_COMMAND=adv start -i 160 -n vela-adv-test -m legacy
te, handle 0x1, status:0
adv start -i 160 -n vela-adv-test -m legacy
AdvType:(Flags)
AdvData: (0x2f0418da):
0000  0a                                               .               
AdvType:(Complete List of 16­bit Service Class UUIDs)
AdvData: (0x2f0418dd):
0000  01 11                                            ..              
AdvType:(Complete List of 16­bit Service Class UUIDs)
AdvData: (0x2f0418e1):
0000  1e 11                                            ..              
AdvType:(Complete Local Name)
AdvData: (0x2f04193a):
0000  76 65 6c 61 2d 61 64 76 2d 74 65 73 74           vela-adv-test   
S31 BLE: TX opcode=2036 len=28
S31 BLE: complete opcode=2036 status=0 len=8
S31 BLE: TX opcode=2036 result=28
S31 BLE host: opcode=2036 queued current=0 syswq=0x2f01ef90
S31 BLE host: opcode=2036 wait=0 status=0 ref=1
S31 BLE host: opcode=2036 returned
S31 BLE: TX opcode=2037 len=18
S31 BLE: complete opcode=2037 status=0 len=7
S31 BLE: TX opcode=2037 result=18
S31 BLE host: opcode=2037 queued current=0 syswq=0x2f01ef90
S31 BLE host: opcode=2037 wait=0 status=0 ref=1
S31 BLE host: opcode=2037 returned
S31 BLE: TX opcode=2038 len=22
S31 BLE: complete opcode=2038 status=0 len=7
S31 BLE: TX opcode=2038 result=22
S31 BLE host: opcode=2038 queued current=0 syswq=0x2f01ef90
S31 BLE host: opcode=2038 wait=0 status=0 ref=1
S31 BLE host: opcode=2038 returned
S31 BLE: TX opcode=2039 len=9
S31 BLE: complete opcode=2039 status=0 len=7
S31 BLE: TX opcode=2039 result=9
S31 BLE host: opcode=2039 queued current=0 syswq=0x2f01ef90
S31 BLE host: opcode=2039 wait=0 status=0 ref=1
S31 BLE host: opcode=2039 returned
[bttool] interval: 100.000000 ms
[bttool] adv name: vela-adv-test 
[bttool] adv type: legacy
[bttool] Advertising handle:0x2f041950
bttool> [bttool] on_advertising_start_cb, handle:0x2f041950, adv_id:1, status:0
S31 BLE host: opcode=2030 queued current=0x2f01ef90 syswq=0x2f01ef90
S31 BLE: TX opcode=2030 len=5
S31 BLE: complete opcode=2030 status=0 len=11
S31 BLE: TX opcode=2030 result=5
S31 BLE host: opcode=2030 wait=0 status=0 ref=1
S31 BLE host: opcode=2030 returned
S31 BLE host: opcode=203c queued current=0x2f01ef90 syswq=0x2f01ef90
S31 BLE: TX opcode=203c len=4
S31 BLE: complete opcode=203c status=0 len=7
S31 BLE: TX opcode=203c result=4
S31 BLE host: opcode=203c wait=0 status=0 ref=1
S31 BLE host: opcode=203c returned
S31 BLE host: opcode=2016 queued current=0x2f01ef90 syswq=0x2f01ef90
S31 BLE: TX opcode=2016 len=5
S31 BLE: TX opcode=2016 result=5
S31 BLE host: opcode=2016 wait=0 status=0 ref=1
S31 BLE host: opcode=2016 returned
[bttool] gatts_mtu_changed_callback, addr:A8:E2:91:97:1C:B5, mtu:20
[bttool] Device [A8:E2:91:97:1C:B5][LE] connection state: 3
[bttool] gatts_connect_callback, addr:A8:E2:91:97:1C:B5
[bttool] on_advertising_stopped_cb, handle:0x2f041950, adv_id:1
S31 BLE: TX opcode=0c35 len=8
S31 BLE: TX opcode=0c35 result=8
[bttool] gatts_mtu_changed_callback, addr:A8:E2:91:97:1C:B5, mtu:62
S31 BLE: TX opcode=0c35 len=8
S31 BLE: TX opcode=0c35 result=8
S31 BLE: TX opcode=0c35 len=8
S31 BLE: TX opcode=0c35 result=8
S31 BLE: TX opcode=0c35 len=8
S31 BLE: TX opcode=0c35 result=8
S31 BLE: TX opcode=0c35 len=8
S31 BLE: TX opcode=0c35 result=8
S31 BLE: TX opcode=0c35 len=8
S31 BLE: TX opcode=0c35 result=8
S31 BLE: TX opcode=0c35 len=8
S31 BLE: TX opcode=0c35 result=8
S31 BLE: TX opcode=0c35 len=8
S31 BLE: TX opcode=0c35 result=8
S31 BLE: TX opcode=0c35 len=8
S31 BLE: TX opcode=0c35 result=8
S31 BLE: TX opcode=0c35 len=8
S31 BLE: TX opcode=0c35 result=8
S31 BLE: TX opcode=0c35 len=8
S31 BLE: TX opcode=0c35 result=8
[bttool] gatts_conn_param_changed_callback, addr:A8:E2:91:97:1C:B5, interval:16, latency:0, timeout:960
S31 BLE: TX opcode=0c35 len=8
S31 BLE: TX opcode=0c35 result=8
S31 BLE: TX opcode=0c35 len=8
S31 BLE: TX opcode=0c35 result=8
S31 BLE: TX opcode=0c35 len=8
S31 BLE: TX opcode=0c35 result=8
S31 BLE: TX opcode=0c35 len=8
S31 BLE: TX opcode=0c35 result=8
S31 BLE: TX opcode=0c35 len=8
S31 BLE: TX opcode=0c35 result=8
S31 BLE: TX opcode=0c35 len=8
S31 BLE: TX opcode=0c35 result=8
S31 BLE: TX opcode=0c35 len=8
S31 BLE: TX opcode=0c35 result=8
S31 BLE: TX opcode=0c35 len=8
S31 BLE: TX opcode=0c35 result=8
S31 BLE: TX opcode=0c35 len=8
S31 BLE: TX opcode=0c35 result=8
S31 BLE: TX opcode=0c35 len=8
S31 BLE: TX opcode=0c35 result=8
S31 BLE: TX opcode=0c35 len=8
S31 BLE: TX opcode=0c35 result=8
S31 BLE: TX opcode=0c35 len=8
S31 BLE: TX opcode=0c35 result=8
S31 BLE: TX opcode=0c35 len=8
S31 BLE: TX opcode=0c35 result=8
[bttool] gatts service RX char received read request, addr:A8:E2:91:97:1C:B5
[bttool] gatts service RX char response. status: 0
S31 BLE: TX opcode=0c35 len=8
S31 BLE: TX opcode=0c35 result=8
write value: (0x2f041954):
0000  53 33 31 2d 47 41 54 54 2d 31 35 31 30           S31-GATT-1510   
[bttool] gatts service RX char received write request, addr:A8:E2:91:97:1C:B5
XTS_COMMAND=adv stop -h 0x2f041950
adv stop -h 0x2f041950
[bttool] Stop adv handle:0x2f041950
bttool> [bttool] gatts_conn_param_changed_callback, addr:A8:E2:91:97:1C:B5, interval:24, latency:0, timeout:960
S31 BLE: TX opcode=0c35 len=8
S31 BLE: TX opcode=0c35 result=8
[bttool] gatts_conn_param_changed_callback, addr:A8:E2:91:97:1C:B5, interval:24, latency:0, timeout:42
[bttool] gatts_disconnect_callback, addr:A8:E2:91:97:1C:B5
[bttool] Device [A8:E2:91:97:1C:B5][LE] connection state: 0
{"status": "FAIL", "error": "TimeoutError('missing original callback/state for adv stop -h 0x2f041950; no reset/retry')", "scope": "DEVELOPMENT_DIAGNOSTIC_NOT_XTS_PASS"}
