before-a.bin: OK
before-b.bin: OK
+ /home/regex/.espressif/python_env/idf6.1_py3.10_env/bin/esptool --chip esp32s31 --port /dev/serial/by-id/usb-Silicon_Labs_CP2102N_USB_to_UART_Bridge_Controller_f65e4ef67f71f011975a049f1045c30f-if00-port0 --baud 460800 write-flash --flash-size 16MB --flash-mode dio --flash-freq 80m 0x2000 /home/regex/work/esp32s31-openvela/openvela-dev/out/esp32s31-spawn-kernel1631/nuttx.bin 0x200000 /home/regex/work/esp32s31-openvela/openvela-dev/out/esp32s31-spawn-kernel1631/appfs.img
esptool v5.4.0
Serial port /dev/serial/by-id/usb-Silicon_Labs_CP2102N_USB_to_UART_Bridge_Controller_f65e4ef67f71f011975a049f1045c30f-if00-port0:
Connecting....
Connected to ESP32-S31 on /dev/serial/by-id/usb-Silicon_Labs_CP2102N_USB_to_UART_Bridge_Controller_f65e4ef67f71f011975a049f1045c30f-if00-port0:
Chip type:          ESP32-S31 (revision v0.0)
Features:           Wi-Fi 6, BT 5.4 (LE), IEEE802.15.4, Dual Core + LP Core, 300MHz
Crystal frequency:  40MHz
MAC:                30:ed:a0:f3:f7:b0

Uploading stub flasher...
Running stub flasher...
Stub flasher running.
Changing baud rate to 460800...
Changed.

Configuring flash size...

Writing '/home/regex/work/esp32s31-openvela/openvela-dev/out/esp32s31-spawn-kernel1631/nuttx.bin' at 0x00002000...
SHA digest in image updated.
Flash will be erased from 0x00002000 to 0x00189fff...
Compressed 1604048 bytes to 954509...
Writing at 0x0000828c ╸                                1.7% 16.00kB/932.14kB [0s] 
Writing at 0x0000e179 ━                                3.4% 32.00kB/932.14kB [0s] 
Writing at 0x000141bf ━╸                               5.1% 48.00kB/932.14kB [1s] 
Writing at 0x0001a112 ━━                               6.9% 64.00kB/932.14kB [1s] 
Writing at 0x00029034 ━━╸                              8.6% 80.00kB/932.14kB [2s] 
Writing at 0x0002fb34 ━━━                             10.3% 96.00kB/932.14kB [2s] 
Writing at 0x00035d3f ━━━╸                            12.0% 112.00kB/932.14kB [2s] 
Writing at 0x0003a4ce ━━━━                            13.7% 128.00kB/932.14kB [3s] 
Writing at 0x000505be ━━━━╸                           15.4% 144.00kB/932.14kB [3s] 
Writing at 0x00056529 ━━━━━                           17.2% 160.00kB/932.14kB [4s] 
Writing at 0x0005c8e0 ━━━━━╸                          18.9% 176.00kB/932.14kB [4s] 
Writing at 0x00062e4d ━━━━━━                          20.6% 192.00kB/932.14kB [4s] 
Writing at 0x0006a00b ━━━━━━╸                         22.3% 208.00kB/932.14kB [5s] 
Writing at 0x00072c7b ━━━━━━━                         24.0% 224.00kB/932.14kB [5s] 
Writing at 0x0007a7dd ━━━━━━━╸                        25.7% 240.00kB/932.14kB [6s] 
Writing at 0x00081fe2 ━━━━━━━━                        27.5% 256.00kB/932.14kB [6s] 
Writing at 0x00088f99 ━━━━━━━━╸                       29.2% 272.00kB/932.14kB [6s] 
Writing at 0x0008f0e7 ━━━━━━━━━                       30.9% 288.00kB/932.14kB [7s] 
Writing at 0x000957cb ━━━━━━━━━╸                      32.6% 304.00kB/932.14kB [7s] 
Writing at 0x0009b9df ━━━━━━━━━━                      34.3% 320.00kB/932.14kB [8s] 
Writing at 0x000a1786 ━━━━━━━━━━╸                     36.0% 336.00kB/932.14kB [8s] 
Writing at 0x000a6d81 ━━━━━━━━━━━                     37.8% 352.00kB/932.14kB [8s] 
Writing at 0x000ac7d3 ━━━━━━━━━━━╸                    39.5% 368.00kB/932.14kB [9s] 
Writing at 0x000b22e0 ━━━━━━━━━━━━                    41.2% 384.00kB/932.14kB [9s] 
Writing at 0x000b8360 ━━━━━━━━━━━━╸                   42.9% 400.00kB/932.14kB [10s] 
Writing at 0x000bfb51 ━━━━━━━━━━━━━                   44.6% 416.00kB/932.14kB [10s] 
Writing at 0x000c86cf ━━━━━━━━━━━━━╸                  46.3% 432.00kB/932.14kB [11s] 
Writing at 0x000cf0b8 ━━━━━━━━━━━━━━                  48.1% 448.00kB/932.14kB [11s] 
Writing at 0x000d4f38 ━━━━━━━━━━━━━━╸                 49.8% 464.00kB/932.14kB [11s] 
Writing at 0x000db40a ━━━━━━━━━━━━━━━                 51.5% 480.00kB/932.14kB [12s] 
Writing at 0x000e1f86 ━━━━━━━━━━━━━━━╸                53.2% 496.00kB/932.14kB [12s] 
Writing at 0x000e7f28 ━━━━━━━━━━━━━━━━                54.9% 512.00kB/932.14kB [13s] 
Writing at 0x000ede39 ━━━━━━━━━━━━━━━━╸               56.6% 528.00kB/932.14kB [13s] 
Writing at 0x000f403e ━━━━━━━━━━━━━━━━━╸              58.4% 544.00kB/932.14kB [13s] 
Writing at 0x000fa22c ━━━━━━━━━━━━━━━━━━              60.1% 560.00kB/932.14kB [14s] 
Writing at 0x0010077e ━━━━━━━━━━━━━━━━━━╸             61.8% 576.00kB/932.14kB [14s] 
Writing at 0x00106a55 ━━━━━━━━━━━━━━━━━━━             63.5% 592.00kB/932.14kB [15s] 
Writing at 0x0010ca52 ━━━━━━━━━━━━━━━━━━━╸            65.2% 608.00kB/932.14kB [15s] 
Writing at 0x00112a6d ━━━━━━━━━━━━━━━━━━━━            66.9% 624.00kB/932.14kB [15s] 
Writing at 0x00118955 ━━━━━━━━━━━━━━━━━━━━╸           68.7% 640.00kB/932.14kB [16s] 
Writing at 0x0011f4cd ━━━━━━━━━━━━━━━━━━━━━           70.4% 656.00kB/932.14kB [16s] 
Writing at 0x00125d73 ━━━━━━━━━━━━━━━━━━━━━╸          72.1% 672.00kB/932.14kB [17s] 
Writing at 0x0012c395 ━━━━━━━━━━━━━━━━━━━━━━          73.8% 688.00kB/932.14kB [17s] 
Writing at 0x00132718 ━━━━━━━━━━━━━━━━━━━━━━╸         75.5% 704.00kB/932.14kB [17s] 
Writing at 0x00138d5d ━━━━━━━━━━━━━━━━━━━━━━━         77.2% 720.00kB/932.14kB [18s] 
Writing at 0x0013f0b2 ━━━━━━━━━━━━━━━━━━━━━━━╸        79.0% 736.00kB/932.14kB [18s] 
Writing at 0x00144c34 ━━━━━━━━━━━━━━━━━━━━━━━━        80.7% 752.00kB/932.14kB [19s] 
Writing at 0x0014a8cf ━━━━━━━━━━━━━━━━━━━━━━━━╸       82.4% 768.00kB/932.14kB [19s] 
Writing at 0x00150ef1 ━━━━━━━━━━━━━━━━━━━━━━━━━       84.1% 784.00kB/932.14kB [20s] 
Writing at 0x00157745 ━━━━━━━━━━━━━━━━━━━━━━━━━╸      85.8% 800.00kB/932.14kB [20s] 
Writing at 0x0015d650 ━━━━━━━━━━━━━━━━━━━━━━━━━━      87.5% 816.00kB/932.14kB [20s] 
Writing at 0x0016371b ━━━━━━━━━━━━━━━━━━━━━━━━━━╸     89.3% 832.00kB/932.14kB [21s] 
Writing at 0x00169811 ━━━━━━━━━━━━━━━━━━━━━━━━━━━     91.0% 848.00kB/932.14kB [21s] 
Writing at 0x0016f3c4 ━━━━━━━━━━━━━━━━━━━━━━━━━━━╸    92.7% 864.00kB/932.14kB [22s] 
Writing at 0x00175d2e ━━━━━━━━━━━━━━━━━━━━━━━━━━━━    94.4% 880.00kB/932.14kB [22s] 
Writing at 0x0017c6f5 ━━━━━━━━━━━━━━━━━━━━━━━━━━━━╸   96.1% 896.00kB/932.14kB [22s] 
Writing at 0x00182358 ━━━━━━━━━━━━━━━━━━━━━━━━━━━━━   97.8% 912.00kB/932.14kB [23s] 
Writing at 0x00188076 ━━━━━━━━━━━━━━━━━━━━━━━━━━━━━╸  99.6% 928.00kB/932.14kB [23s] 
Writing at 0x001899d0 ━━━━━━━━━━━━━━━━━━━━━━━━━━━━━━ 100.0% 932.14kB/932.14kB [23s] 
Wrote 1604048 bytes (954509 compressed) at 0x00002000 in 20.9 seconds (614.1 kbit/s).
Verifying written data...
Hash of data verified.

Writing '/home/regex/work/esp32s31-openvela/openvela-dev/out/esp32s31-spawn-kernel1631/appfs.img' at 0x00200000...
Flash will be erased from 0x00200000 to 0x004f2fff...
Compressed 3089408 bytes to 1831024...
Writing at 0x002073d0                                  0.9% 16.00kB/1.75MB [0s] 
Writing at 0x0020cbf2 ╸                                1.8% 32.00kB/1.75MB [0s] 
Writing at 0x00213d88 ╸                                2.7% 48.00kB/1.75MB [1s] 
Writing at 0x0021d786 ━                                3.6% 64.00kB/1.75MB [1s] 
Writing at 0x002234f0 ━                                4.5% 80.00kB/1.75MB [2s] 
Writing at 0x002293fe ━╸                               5.4% 96.00kB/1.75MB [2s] 
Writing at 0x0022efb6 ━╸                               6.3% 112.00kB/1.75MB [2s] 
Writing at 0x00234d4d ━━                               7.2% 128.00kB/1.75MB [3s] 
Writing at 0x0023aea2 ━━                               8.1% 144.00kB/1.75MB [3s] 
Writing at 0x002417ac ━━╸                              8.9% 160.00kB/1.75MB [4s] 
Writing at 0x002471f6 ━━╸                              9.8% 176.00kB/1.75MB [4s] 
Writing at 0x0024c511 ━━━                             10.7% 192.00kB/1.75MB [4s] 
Writing at 0x00252286 ━━━                             11.6% 208.00kB/1.75MB [5s] 
Writing at 0x0025887a ━━━╸                            12.5% 224.00kB/1.75MB [5s] 
Writing at 0x0025e3c2 ━━━━                            13.4% 240.00kB/1.75MB [6s] 
Writing at 0x0026431f ━━━━                            14.3% 256.00kB/1.75MB [6s] 
Writing at 0x0026a364 ━━━━╸                           15.2% 272.00kB/1.75MB [6s] 
Writing at 0x0027019c ━━━━╸                           16.1% 288.00kB/1.75MB [7s] 
Writing at 0x00275c95 ━━━━━                           17.0% 304.00kB/1.75MB [7s] 
Writing at 0x0027d525 ━━━━━                           17.9% 320.00kB/1.75MB [8s] 
Writing at 0x00289435 ━━━━━╸                          18.8% 336.00kB/1.75MB [8s] 
Writing at 0x00293f2d ━━━━━╸                          19.7% 352.00kB/1.75MB [9s] 
Writing at 0x002a1d69 ━━━━━━                          20.6% 368.00kB/1.75MB [9s] 
Writing at 0x002ab4f3 ━━━━━━                          21.5% 384.00kB/1.75MB [9s] 
Writing at 0x002b378c ━━━━━━╸                         22.4% 400.00kB/1.75MB [10s] 
Writing at 0x002bdddc ━━━━━━╸                         23.3% 416.00kB/1.75MB [10s] 
Writing at 0x002c43a5 ━━━━━━━                         24.2% 432.00kB/1.75MB [11s] 
Writing at 0x002c9c1d ━━━━━━━╸                        25.1% 448.00kB/1.75MB [11s] 
Writing at 0x002cf2bd ━━━━━━━╸                        25.9% 464.00kB/1.75MB [11s] 
Writing at 0x002d4f3d ━━━━━━━━                        26.8% 480.00kB/1.75MB [12s] 
Writing at 0x002da9f0 ━━━━━━━━                        27.7% 496.00kB/1.75MB [12s] 
Writing at 0x002e0697 ━━━━━━━━╸                       28.6% 512.00kB/1.75MB [13s] 
Writing at 0x002e5ce5 ━━━━━━━━╸                       29.5% 528.00kB/1.75MB [13s] 
Writing at 0x002eb62c ━━━━━━━━━                       30.4% 544.00kB/1.75MB [13s] 
Writing at 0x002f1206 ━━━━━━━━━                       31.3% 560.00kB/1.75MB [14s] 
Writing at 0x002f6dc2 ━━━━━━━━━╸                      32.2% 576.00kB/1.75MB [14s] 
Writing at 0x002fc4d5 ━━━━━━━━━╸                      33.1% 592.00kB/1.75MB [15s] 
Writing at 0x00302340 ━━━━━━━━━━                      34.0% 608.00kB/1.75MB [15s] 
Writing at 0x00307bea ━━━━━━━━━━                      34.9% 624.00kB/1.75MB [15s] 
Writing at 0x0030d088 ━━━━━━━━━━╸                     35.8% 640.00kB/1.75MB [16s] 
Writing at 0x00313632 ━━━━━━━━━━━                     36.7% 656.00kB/1.75MB [16s] 
Writing at 0x003196fd ━━━━━━━━━━━                     37.6% 672.00kB/1.75MB [17s] 
Writing at 0x0031f53f ━━━━━━━━━━━╸                    38.5% 688.00kB/1.75MB [17s] 
Writing at 0x00324c8a ━━━━━━━━━━━╸                    39.4% 704.00kB/1.75MB [17s] 
Writing at 0x0032a377 ━━━━━━━━━━━━                    40.3% 720.00kB/1.75MB [18s] 
Writing at 0x0032ff97 ━━━━━━━━━━━━                    41.2% 736.00kB/1.75MB [18s] 
Writing at 0x003357a8 ━━━━━━━━━━━━╸                   42.1% 752.00kB/1.75MB [19s] 
Writing at 0x0033b698 ━━━━━━━━━━━━╸                   43.0% 768.00kB/1.75MB [19s] 
Writing at 0x00341045 ━━━━━━━━━━━━━                   43.8% 784.00kB/1.75MB [20s] 
Writing at 0x00346e69 ━━━━━━━━━━━━━                   44.7% 800.00kB/1.75MB [20s] 
Writing at 0x00351e22 ━━━━━━━━━━━━━╸                  45.6% 816.00kB/1.75MB [20s] 
Writing at 0x0035e11e ━━━━━━━━━━━━━╸                  46.5% 832.00kB/1.75MB [21s] 
Writing at 0x0036526c ━━━━━━━━━━━━━━                  47.4% 848.00kB/1.75MB [21s] 
Writing at 0x0036c766 ━━━━━━━━━━━━━━                  48.3% 864.00kB/1.75MB [22s] 
Writing at 0x0037683e ━━━━━━━━━━━━━━╸                 49.2% 880.00kB/1.75MB [22s] 
Writing at 0x0037cf6a ━━━━━━━━━━━━━━━                 50.1% 896.00kB/1.75MB [22s] 
Writing at 0x00382f2a ━━━━━━━━━━━━━━━                 51.0% 912.00kB/1.75MB [23s] 
Writing at 0x00388d29 ━━━━━━━━━━━━━━━╸                51.9% 928.00kB/1.75MB [23s] 
Writing at 0x0038fa02 ━━━━━━━━━━━━━━━╸                52.8% 944.00kB/1.75MB [24s] 
Writing at 0x00395964 ━━━━━━━━━━━━━━━━                53.7% 960.00kB/1.75MB [24s] 
Writing at 0x0039afb0 ━━━━━━━━━━━━━━━━                54.6% 976.00kB/1.75MB [24s] 
Writing at 0x003a2989 ━━━━━━━━━━━━━━━━╸               55.5% 992.00kB/1.75MB [25s] 
Writing at 0x003ad7c6 ━━━━━━━━━━━━━━━━╸               56.4% 1008.00kB/1.75MB [25s] 
Writing at 0x003b74ce ━━━━━━━━━━━━━━━━━               57.3% 1.00MB/1.75MB [26s] 
Writing at 0x003bce68 ━━━━━━━━━━━━━━━━━               58.2% 1.02MB/1.75MB [26s] 
Writing at 0x003c3188 ━━━━━━━━━━━━━━━━━╸              59.1% 1.03MB/1.75MB [26s] 
Writing at 0x003c8ba6 ━━━━━━━━━━━━━━━━━╸              60.0% 1.05MB/1.75MB [27s] 
Writing at 0x003ce288 ━━━━━━━━━━━━━━━━━━              60.8% 1.06MB/1.75MB [27s] 
Writing at 0x003d6e53 ━━━━━━━━━━━━━━━━━━╸             61.7% 1.08MB/1.75MB [28s] 
Writing at 0x003dcda5 ━━━━━━━━━━━━━━━━━━╸             62.6% 1.09MB/1.75MB [28s] 
Writing at 0x003e449a ━━━━━━━━━━━━━━━━━━━             63.5% 1.11MB/1.75MB [29s] 
Writing at 0x003ec10c ━━━━━━━━━━━━━━━━━━━             64.4% 1.12MB/1.75MB [29s] 
Writing at 0x003f1922 ━━━━━━━━━━━━━━━━━━━╸            65.3% 1.14MB/1.75MB [29s] 
Writing at 0x003f7cc1 ━━━━━━━━━━━━━━━━━━━╸            66.2% 1.16MB/1.75MB [30s] 
Writing at 0x003ffd7e ━━━━━━━━━━━━━━━━━━━━            67.1% 1.17MB/1.75MB [30s] 
Writing at 0x00407338 ━━━━━━━━━━━━━━━━━━━━            68.0% 1.19MB/1.75MB [31s] 
Writing at 0x0040d188 ━━━━━━━━━━━━━━━━━━━━╸           68.9% 1.20MB/1.75MB [31s] 
Writing at 0x00414e10 ━━━━━━━━━━━━━━━━━━━━╸           69.8% 1.22MB/1.75MB [31s] 
Writing at 0x0041cb1f ━━━━━━━━━━━━━━━━━━━━━           70.7% 1.23MB/1.75MB [32s] 
Writing at 0x004227dd ━━━━━━━━━━━━━━━━━━━━━           71.6% 1.25MB/1.75MB [32s] 
Writing at 0x0042ad81 ━━━━━━━━━━━━━━━━━━━━━╸          72.5% 1.27MB/1.75MB [33s] 
Writing at 0x00431a38 ━━━━━━━━━━━━━━━━━━━━━━          73.4% 1.28MB/1.75MB [33s] 
Writing at 0x0043777c ━━━━━━━━━━━━━━━━━━━━━━          74.3% 1.30MB/1.75MB [33s] 
Writing at 0x0043d9e2 ━━━━━━━━━━━━━━━━━━━━━━╸         75.2% 1.31MB/1.75MB [34s] 
Writing at 0x00443f96 ━━━━━━━━━━━━━━━━━━━━━━╸         76.1% 1.33MB/1.75MB [34s] 
Writing at 0x0044aceb ━━━━━━━━━━━━━━━━━━━━━━━         77.0% 1.34MB/1.75MB [35s] 
Writing at 0x004512ab ━━━━━━━━━━━━━━━━━━━━━━━         77.8% 1.36MB/1.75MB [35s] 
Writing at 0x004572e3 ━━━━━━━━━━━━━━━━━━━━━━━╸        78.7% 1.38MB/1.75MB [35s] 
Writing at 0x0045cacf ━━━━━━━━━━━━━━━━━━━━━━━╸        79.6% 1.39MB/1.75MB [36s] 
Writing at 0x004626fe ━━━━━━━━━━━━━━━━━━━━━━━━        80.5% 1.41MB/1.75MB [36s] 
Writing at 0x00467bab ━━━━━━━━━━━━━━━━━━━━━━━━        81.4% 1.42MB/1.75MB [37s] 
Writing at 0x0046d89f ━━━━━━━━━━━━━━━━━━━━━━━━╸       82.3% 1.44MB/1.75MB [37s] 
Writing at 0x00473dc0 ━━━━━━━━━━━━━━━━━━━━━━━━╸       83.2% 1.45MB/1.75MB [38s] 
Writing at 0x00479d69 ━━━━━━━━━━━━━━━━━━━━━━━━━       84.1% 1.47MB/1.75MB [38s] 
Writing at 0x0047fc85 ━━━━━━━━━━━━━━━━━━━━━━━━━╸      85.0% 1.48MB/1.75MB [38s] 
Writing at 0x00485e1e ━━━━━━━━━━━━━━━━━━━━━━━━━╸      85.9% 1.50MB/1.75MB [39s] 
Writing at 0x0048be87 ━━━━━━━━━━━━━━━━━━━━━━━━━━      86.8% 1.52MB/1.75MB [39s] 
Writing at 0x00491f98 ━━━━━━━━━━━━━━━━━━━━━━━━━━      87.7% 1.53MB/1.75MB [40s] 
Writing at 0x00497bb2 ━━━━━━━━━━━━━━━━━━━━━━━━━━╸     88.6% 1.55MB/1.75MB [40s] 
Writing at 0x0049d324 ━━━━━━━━━━━━━━━━━━━━━━━━━━╸     89.5% 1.56MB/1.75MB [40s] 
Writing at 0x004a3517 ━━━━━━━━━━━━━━━━━━━━━━━━━━━     90.4% 1.58MB/1.75MB [41s] 
Writing at 0x004a94d3 ━━━━━━━━━━━━━━━━━━━━━━━━━━━     91.3% 1.59MB/1.75MB [41s] 
Writing at 0x004af183 ━━━━━━━━━━━━━━━━━━━━━━━━━━━╸    92.2% 1.61MB/1.75MB [42s] 
Writing at 0x004baeb0 ━━━━━━━━━━━━━━━━━━━━━━━━━━━╸    93.1% 1.62MB/1.75MB [42s] 
Writing at 0x004c5889 ━━━━━━━━━━━━━━━━━━━━━━━━━━━━    94.0% 1.64MB/1.75MB [42s] 
Writing at 0x004cc419 ━━━━━━━━━━━━━━━━━━━━━━━━━━━━    94.8% 1.66MB/1.75MB [43s] 
Writing at 0x004d3bba ━━━━━━━━━━━━━━━━━━━━━━━━━━━━╸   95.7% 1.67MB/1.75MB [43s] 
Writing at 0x004da3eb ━━━━━━━━━━━━━━━━━━━━━━━━━━━━╸   96.6% 1.69MB/1.75MB [44s] 
Writing at 0x004e06ae ━━━━━━━━━━━━━━━━━━━━━━━━━━━━━   97.5% 1.70MB/1.75MB [44s] 
Writing at 0x004e60c3 ━━━━━━━━━━━━━━━━━━━━━━━━━━━━━╸  98.4% 1.72MB/1.75MB [44s] 
Writing at 0x004eb5cb ━━━━━━━━━━━━━━━━━━━━━━━━━━━━━╸  99.3% 1.73MB/1.75MB [45s] 
Writing at 0x004f2400 ━━━━━━━━━━━━━━━━━━━━━━━━━━━━━━ 100.0% 1.75MB/1.75MB [45s] 
Wrote 3089408 bytes (1831024 compressed) at 0x00200000 in 42.9 seconds (576.7 kbit/s).
Verifying written data...
Hash of data verified.

Hard resetting via RTS pin...
