XTS_BACKUP_SHA256=9b0451ad84d6b57ced655f3d98f67a1da71212cbef6cd6d48d236b9709274b1a
XTS_LIMITATION=original does not report terminal write errno; no power-loss claim
XTS_COMMAND=mount
--- CMD: mount ---
mount
  /data type littlefs
  /proc type procfs
  /tmp type tmpfs
nsh> [K
nsh> [K
XTS_COMMAND=ps
--- CMD: ps ---
ps
  PID GROUP PRI POLICY   TYPE    NPX STATE    EVENT     SIGMASK            STACK COMMAND
    0     0   0 FIFO     Kthread   - Ready              0000000000000000 0002016 CPU0 IDLE
    1     0 224 RR       Kthread   - Waiting  Semaphore 0000000000000000 0004016 hpwork 0x2f009540 0x2f009588
    2     0 100 RR       Kthread   - Waiting  Semaphore 0000000000000000 0004016 lpwork 0x2f0094c0 0x2f009508
    4     0 223 RR       Kthread   - Waiting  Semaphore 0000000000000000 0004024 hr_timer
    5     5 100 RR       Task      - Running            0000000000000000 0008128 nsh_main
nsh> [K
nsh> [K
XTS_COMMAND=df
--- CMD: df ---
df
  Block    Number
  Size     Blocks       Used   Available Mounted on
  4096        768        328         440 /data
     0          0          0           0 /proc
   512          1          1           0 /tmp
nsh> [K
nsh> [K
XTS_COMMAND=mkdir /data/s01_1173
--- CMD: mkdir /data/s01_1173 ---
mkdir /data/s01_1173
nsh> [K
nsh> [K
XTS_COMMAND=vela_fs_stress_write_full_file /data/s01_1173
vela_fs_stress_write_full_file /data/s01_1173
test dir :/data/s01_1173
1th round start
create full file, takes 103.520000 seconds
test completed......
TEST PASSED !
nsh> [K
nsh> [K
XTS_ELAPSED_SECONDS=126.708
XTS_COMMAND=echo $?
--- CMD: echo $? ---
echo $?
0
nsh> [K
nsh> [K
XTS_COMMAND=ls -l /data/s01_1173
--- CMD: ls -l /data/s01_1173 ---
ls -l /data/s01_1173
/data/s01_1173:
 drwxrwxrwx           0 .
 drwxrwxrwx           0 ..
nsh> [K
nsh> [K
XTS_COMMAND=df
--- CMD: df ---
df
  Block    Number
  Size     Blocks       Used   Available Mounted on
  4096        768        330         438 /data
     0          0          0           0 /proc
   512          1          1           0 /tmp
nsh> [K
nsh> [K
XTS_COMMAND=free
--- CMD: free ---
free
      total       used       free    maxused    maxfree  nused  nfree name
   17226456      19256   17207200      53240   16777200     43      4 Umem
nsh> [K
nsh> [K
XTS_COMMAND=ps
--- CMD: ps ---
ps
  PID GROUP PRI POLICY   TYPE    NPX STATE    EVENT     SIGMASK            STACK COMMAND
    0     0   0 FIFO     Kthread   - Ready              0000000000000000 0002016 CPU0 IDLE
    1     0 224 RR       Kthread   - Waiting  Semaphore 0000000000000000 0004016 hpwork 0x2f009540 0x2f009588
    2     0 100 RR       Kthread   - Waiting  Semaphore 0000000000000000 0004016 lpwork 0x2f0094c0 0x2f009508
    4     0 223 RR       Kthread   - Waiting  Semaphore 0000000000000000 0004024 hr_timer
    5     5 100 RR       Task      - Running            0000000000000000 0008128 nsh_main
nsh> [K
nsh> [K
XTS_CASE=5.1.1 PASS original_workload terminal_errno_unreported
