esptool v5.4.0
Serial port /dev/ttyUSB0:
Connecting....
Connected to ESP32-S31 on /dev/ttyUSB0:
Chip type:          ESP32-S31 (revision v0.0)
Features:           Wi-Fi 6, BT 5.4 (LE), IEEE802.15.4, Dual Core + LP Core, 300MHz
Crystal frequency:  40MHz
MAC:                30:ed:a0:f3:f7:b0

Uploading stub flasher...
Running stub flasher...
Stub flasher running.
Changing baud rate to 460800...
Changed.

Configuring flash size...

Writing '/home/regex/work/esp32s31-openvela/backups/2026-09-10-scan-stress/gpio-20260920/kernel/nuttx.bin' at 0x00002000...
SHA digest in image updated.
Flash will be erased from 0x00002000 to 0x0018afff...
Compressed 1609116 bytes to 958526...
Writing at 0x0000827e ╸                                1.7% 16.00kB/936.06kB [0s] 
Writing at 0x0000e154 ━                                3.4% 32.00kB/936.06kB [0s] 
Writing at 0x0001419e ━╸                               5.1% 48.00kB/936.06kB [1s] 
Writing at 0x0001a10d ━━                               6.8% 64.00kB/936.06kB [1s] 
Writing at 0x00028f94 ━━╸                              8.5% 80.00kB/936.06kB [1s] 
Writing at 0x0002fa8c ━━━                             10.3% 96.00kB/936.06kB [2s] 
Writing at 0x00035dce ━━━╸                            12.0% 112.00kB/936.06kB [2s] 
Writing at 0x0003a583 ━━━━                            13.7% 128.00kB/936.06kB [2s] 
Writing at 0x00050417 ━━━━╸                           15.4% 144.00kB/936.06kB [3s] 
Writing at 0x00056371 ━━━━━                           17.1% 160.00kB/936.06kB [3s] 
Writing at 0x0005c696 ━━━━━╸                          18.8% 176.00kB/936.06kB [4s] 
Writing at 0x00062c0a ━━━━━━                          20.5% 192.00kB/936.06kB [4s] 
Writing at 0x00069d55 ━━━━━━╸                         22.2% 208.00kB/936.06kB [4s] 
Writing at 0x00071884 ━━━━━━━                         23.9% 224.00kB/936.06kB [5s] 
Writing at 0x0007a128 ━━━━━━━╸                        25.6% 240.00kB/936.06kB [5s] 
Writing at 0x00081710 ━━━━━━━━                        27.3% 256.00kB/936.06kB [5s] 
Writing at 0x00088b37 ━━━━━━━━╸                       29.1% 272.00kB/936.06kB [6s] 
Writing at 0x0008ed88 ━━━━━━━━━                       30.8% 288.00kB/936.06kB [6s] 
Writing at 0x0009530f ━━━━━━━━━╸                      32.5% 304.00kB/936.06kB [6s] 
Writing at 0x0009b42e ━━━━━━━━━━                      34.2% 320.00kB/936.06kB [7s] 
Writing at 0x000a1337 ━━━━━━━━━━╸                     35.9% 336.00kB/936.06kB [7s] 
Writing at 0x000a6a2a ━━━━━━━━━━━                     37.6% 352.00kB/936.06kB [8s] 
Writing at 0x000ac3d6 ━━━━━━━━━━━╸                    39.3% 368.00kB/936.06kB [8s] 
Writing at 0x000b1ddd ━━━━━━━━━━━━                    41.0% 384.00kB/936.06kB [8s] 
Writing at 0x000b7d2c ━━━━━━━━━━━━╸                   42.7% 400.00kB/936.06kB [9s] 
Writing at 0x000bf4bb ━━━━━━━━━━━━━                   44.4% 416.00kB/936.06kB [9s] 
Writing at 0x000c7ad6 ━━━━━━━━━━━━━╸                  46.2% 432.00kB/936.06kB [9s] 
Writing at 0x000cee66 ━━━━━━━━━━━━━━                  47.9% 448.00kB/936.06kB [10s] 
Writing at 0x000d4b54 ━━━━━━━━━━━━━━╸                 49.6% 464.00kB/936.06kB [10s] 
Writing at 0x000daac8 ━━━━━━━━━━━━━━━                 51.3% 480.00kB/936.06kB [11s] 
Writing at 0x000e1a1c ━━━━━━━━━━━━━━━╸                53.0% 496.00kB/936.06kB [11s] 
Writing at 0x000e7a6f ━━━━━━━━━━━━━━━━                54.7% 512.00kB/936.06kB [11s] 
Writing at 0x000ed8ec ━━━━━━━━━━━━━━━━╸               56.4% 528.00kB/936.06kB [12s] 
Writing at 0x000f3bc4 ━━━━━━━━━━━━━━━━━               58.1% 544.00kB/936.06kB [12s] 
Writing at 0x000f9d9f ━━━━━━━━━━━━━━━━━╸              59.8% 560.00kB/936.06kB [12s] 
Writing at 0x001000e4 ━━━━━━━━━━━━━━━━━━              61.5% 576.00kB/936.06kB [13s] 
Writing at 0x001063d2 ━━━━━━━━━━━━━━━━━━╸             63.2% 592.00kB/936.06kB [13s] 
Writing at 0x0010c66d ━━━━━━━━━━━━━━━━━━━             65.0% 608.00kB/936.06kB [14s] 
Writing at 0x00112618 ━━━━━━━━━━━━━━━━━━━╸            66.7% 624.00kB/936.06kB [14s] 
Writing at 0x001185d2 ━━━━━━━━━━━━━━━━━━━━╸           68.4% 640.00kB/936.06kB [14s] 
Writing at 0x0011ec14 ━━━━━━━━━━━━━━━━━━━━━           70.1% 656.00kB/936.06kB [15s] 
Writing at 0x001255f2 ━━━━━━━━━━━━━━━━━━━━━╸          71.8% 672.00kB/936.06kB [15s] 
Writing at 0x0012be79 ━━━━━━━━━━━━━━━━━━━━━━          73.5% 688.00kB/936.06kB [15s] 
Writing at 0x0013203b ━━━━━━━━━━━━━━━━━━━━━━╸         75.2% 704.00kB/936.06kB [16s] 
Writing at 0x00138788 ━━━━━━━━━━━━━━━━━━━━━━━         76.9% 720.00kB/936.06kB [16s] 
Writing at 0x0013ed7c ━━━━━━━━━━━━━━━━━━━━━━━╸        78.6% 736.00kB/936.06kB [16s] 
Writing at 0x00144946 ━━━━━━━━━━━━━━━━━━━━━━━━        80.3% 752.00kB/936.06kB [17s] 
Writing at 0x0014a54c ━━━━━━━━━━━━━━━━━━━━━━━━╸       82.0% 768.00kB/936.06kB [17s] 
Writing at 0x001509f2 ━━━━━━━━━━━━━━━━━━━━━━━━━       83.8% 784.00kB/936.06kB [18s] 
Writing at 0x00157270 ━━━━━━━━━━━━━━━━━━━━━━━━━╸      85.5% 800.00kB/936.06kB [18s] 
Writing at 0x0015d2bf ━━━━━━━━━━━━━━━━━━━━━━━━━━      87.2% 816.00kB/936.06kB [18s] 
Writing at 0x001632f0 ━━━━━━━━━━━━━━━━━━━━━━━━━━╸     88.9% 832.00kB/936.06kB [19s] 
Writing at 0x00169256 ━━━━━━━━━━━━━━━━━━━━━━━━━━━     90.6% 848.00kB/936.06kB [19s] 
Writing at 0x0016f023 ━━━━━━━━━━━━━━━━━━━━━━━━━━━╸    92.3% 864.00kB/936.06kB [20s] 
Writing at 0x0017547a ━━━━━━━━━━━━━━━━━━━━━━━━━━━━    94.0% 880.00kB/936.06kB [20s] 
Writing at 0x0017bf66 ━━━━━━━━━━━━━━━━━━━━━━━━━━━━╸   95.7% 896.00kB/936.06kB [20s] 
Writing at 0x00181de3 ━━━━━━━━━━━━━━━━━━━━━━━━━━━━━   97.4% 912.00kB/936.06kB [21s] 
Writing at 0x00187aed ━━━━━━━━━━━━━━━━━━━━━━━━━━━━━╸  99.1% 928.00kB/936.06kB [21s] 
Writing at 0x0018ad9c ━━━━━━━━━━━━━━━━━━━━━━━━━━━━━━ 100.0% 936.06kB/936.06kB [21s] 
Wrote 1609116 bytes (958526 compressed) at 0x00002000 in 21.8 seconds (591.3 kbit/s).
Verifying written data...
Hash of data verified.

Writing '/home/regex/work/esp32s31-openvela/backups/2026-09-10-scan-stress/gpio-20260920/kernel/appfs.img' at 0x00200000...
Flash will be erased from 0x00200000 to 0x0046ffff...
Compressed 2552832 bytes to 1475694...
Writing at 0x002073ce                                  1.1% 16.00kB/1.41MB [0s] 
Writing at 0x0020cba2 ╸                                2.2% 32.00kB/1.41MB [0s] 
Writing at 0x00213cdc ╸                                3.3% 48.00kB/1.41MB [1s] 
Writing at 0x0021d723 ━                                4.4% 64.00kB/1.41MB [1s] 
Writing at 0x00223427 ━╸                               5.6% 80.00kB/1.41MB [1s] 
Writing at 0x002293ab ━╸                               6.7% 96.00kB/1.41MB [2s] 
Writing at 0x0022ef86 ━━                               7.8% 112.00kB/1.41MB [2s] 
Writing at 0x00234d07 ━━╸                              8.9% 128.00kB/1.41MB [3s] 
Writing at 0x0023ae3c ━━╸                             10.0% 144.00kB/1.41MB [3s] 
Writing at 0x0024178f ━━━                             11.1% 160.00kB/1.41MB [3s] 
Writing at 0x002471b1 ━━━╸                            12.2% 176.00kB/1.41MB [4s] 
Writing at 0x0024c4ec ━━━╸                            13.3% 192.00kB/1.41MB [4s] 
Writing at 0x00252209 ━━━━                            14.4% 208.00kB/1.41MB [4s] 
Writing at 0x002587e4 ━━━━╸                           15.5% 224.00kB/1.41MB [5s] 
Writing at 0x0025e34b ━━━━╸                           16.7% 240.00kB/1.41MB [5s] 
Writing at 0x002642dc ━━━━━                           17.8% 256.00kB/1.41MB [6s] 
Writing at 0x0026a343 ━━━━━╸                          18.9% 272.00kB/1.41MB [6s] 
Writing at 0x0027014c ━━━━━╸                          20.0% 288.00kB/1.41MB [6s] 
Writing at 0x00275c6b ━━━━━━                          21.1% 304.00kB/1.41MB [7s] 
Writing at 0x0027d3c8 ━━━━━━╸                         22.2% 320.00kB/1.41MB [7s] 
Writing at 0x002891a2 ━━━━━━╸                         23.3% 336.00kB/1.41MB [7s] 
Writing at 0x00293d62 ━━━━━━━                         24.4% 352.00kB/1.41MB [8s] 
Writing at 0x002a1aa8 ━━━━━━━╸                        25.5% 368.00kB/1.41MB [8s] 
Writing at 0x002ab4a3 ━━━━━━━╸                        26.6% 384.00kB/1.41MB [9s] 
Writing at 0x002b358b ━━━━━━━━                        27.8% 400.00kB/1.41MB [9s] 
Writing at 0x002bdd13 ━━━━━━━━╸                       28.9% 416.00kB/1.41MB [9s] 
Writing at 0x002d0423 ━━━━━━━━╸                       30.0% 432.00kB/1.41MB [10s] 
Writing at 0x002d613b ━━━━━━━━━                       31.1% 448.00kB/1.41MB [10s] 
Writing at 0x002dc129 ━━━━━━━━━╸                      32.2% 464.00kB/1.41MB [10s] 
Writing at 0x002e1938 ━━━━━━━━━╸                      33.3% 480.00kB/1.41MB [11s] 
Writing at 0x002e7b1c ━━━━━━━━━━                      34.4% 496.00kB/1.41MB [11s] 
Writing at 0x002efd3c ━━━━━━━━━━╸                     35.5% 512.00kB/1.41MB [11s] 
Writing at 0x002f5e5a ━━━━━━━━━━╸                     36.6% 528.00kB/1.41MB [12s] 
Writing at 0x002fe4f3 ━━━━━━━━━━━                     37.7% 544.00kB/1.41MB [12s] 
Writing at 0x00304ffe ━━━━━━━━━━━╸                    38.9% 560.00kB/1.41MB [13s] 
Writing at 0x0030aaa8 ━━━━━━━━━━━╸                    40.0% 576.00kB/1.41MB [13s] 
Writing at 0x00310ea4 ━━━━━━━━━━━━                    41.1% 592.00kB/1.41MB [13s] 
Writing at 0x00318cd3 ━━━━━━━━━━━━╸                   42.2% 608.00kB/1.41MB [14s] 
Writing at 0x00320256 ━━━━━━━━━━━━╸                   43.3% 624.00kB/1.41MB [14s] 
Writing at 0x00326dda ━━━━━━━━━━━━━                   44.4% 640.00kB/1.41MB [14s] 
Writing at 0x0032cdde ━━━━━━━━━━━━━╸                  45.5% 656.00kB/1.41MB [15s] 
Writing at 0x00332291 ━━━━━━━━━━━━━╸                  46.6% 672.00kB/1.41MB [15s] 
Writing at 0x0033a4d4 ━━━━━━━━━━━━━━                  47.7% 688.00kB/1.41MB [15s] 
Writing at 0x00341e15 ━━━━━━━━━━━━━━╸                 48.9% 704.00kB/1.41MB [16s] 
Writing at 0x00347f43 ━━━━━━━━━━━━━━╸                 50.0% 720.00kB/1.41MB [16s] 
Writing at 0x0034f9b9 ━━━━━━━━━━━━━━━                 51.1% 736.00kB/1.41MB [17s] 
Writing at 0x00357d12 ━━━━━━━━━━━━━━━╸                52.2% 752.00kB/1.41MB [17s] 
Writing at 0x0035e886 ━━━━━━━━━━━━━━━╸                53.3% 768.00kB/1.41MB [17s] 
Writing at 0x00364610 ━━━━━━━━━━━━━━━━                54.4% 784.00kB/1.41MB [18s] 
Writing at 0x00369a2e ━━━━━━━━━━━━━━━━╸               55.5% 800.00kB/1.41MB [18s] 
Writing at 0x00371f88 ━━━━━━━━━━━━━━━━╸               56.6% 816.00kB/1.41MB [18s] 
Writing at 0x00378ce5 ━━━━━━━━━━━━━━━━━               57.7% 832.00kB/1.41MB [19s] 
Writing at 0x0037efc2 ━━━━━━━━━━━━━━━━━╸              58.8% 848.00kB/1.41MB [19s] 
Writing at 0x0038528a ━━━━━━━━━━━━━━━━━╸              60.0% 864.00kB/1.41MB [19s] 
Writing at 0x0038aa6a ━━━━━━━━━━━━━━━━━━              61.1% 880.00kB/1.41MB [20s] 
Writing at 0x00391b5b ━━━━━━━━━━━━━━━━━━╸             62.2% 896.00kB/1.41MB [20s] 
Writing at 0x00398487 ━━━━━━━━━━━━━━━━━━╸             63.3% 912.00kB/1.41MB [21s] 
Writing at 0x0039eca4 ━━━━━━━━━━━━━━━━━━━             64.4% 928.00kB/1.41MB [21s] 
Writing at 0x003a40c4 ━━━━━━━━━━━━━━━━━━━╸            65.5% 944.00kB/1.41MB [21s] 
Writing at 0x003a9d96 ━━━━━━━━━━━━━━━━━━━╸            66.6% 960.00kB/1.41MB [22s] 
Writing at 0x003af732 ━━━━━━━━━━━━━━━━━━━━            67.7% 976.00kB/1.41MB [22s] 
Writing at 0x003b4f2c ━━━━━━━━━━━━━━━━━━━━╸           68.8% 992.00kB/1.41MB [22s] 
Writing at 0x003bab66 ━━━━━━━━━━━━━━━━━━━━╸           69.9% 1008.00kB/1.41MB [23s] 
Writing at 0x003c131d ━━━━━━━━━━━━━━━━━━━━━           71.1% 1.00MB/1.41MB [23s] 
Writing at 0x003c7144 ━━━━━━━━━━━━━━━━━━━━━╸          72.2% 1.02MB/1.41MB [24s] 
Writing at 0x003cd0c0 ━━━━━━━━━━━━━━━━━━━━━╸          73.3% 1.03MB/1.41MB [24s] 
Writing at 0x003d32f6 ━━━━━━━━━━━━━━━━━━━━━━          74.4% 1.05MB/1.41MB [24s] 
Writing at 0x003d934c ━━━━━━━━━━━━━━━━━━━━━━╸         75.5% 1.06MB/1.41MB [25s] 
Writing at 0x003df28b ━━━━━━━━━━━━━━━━━━━━━━╸         76.6% 1.08MB/1.41MB [25s] 
Writing at 0x003e4a99 ━━━━━━━━━━━━━━━━━━━━━━━         77.7% 1.09MB/1.41MB [25s] 
Writing at 0x003eaaee ━━━━━━━━━━━━━━━━━━━━━━━╸        78.8% 1.11MB/1.41MB [26s] 
Writing at 0x003f0ba0 ━━━━━━━━━━━━━━━━━━━━━━━╸        79.9% 1.12MB/1.41MB [26s] 
Writing at 0x003f6af2 ━━━━━━━━━━━━━━━━━━━━━━━━        81.0% 1.14MB/1.41MB [27s] 
Writing at 0x003fdc4e ━━━━━━━━━━━━━━━━━━━━━━━━╸       82.2% 1.16MB/1.41MB [27s] 
Writing at 0x0040a9b3 ━━━━━━━━━━━━━━━━━━━━━━━━╸       83.3% 1.17MB/1.41MB [27s] 
Writing at 0x00413a59 ━━━━━━━━━━━━━━━━━━━━━━━━━       84.4% 1.19MB/1.41MB [28s] 
Writing at 0x0041b386 ━━━━━━━━━━━━━━━━━━━━━━━━━╸      85.5% 1.20MB/1.41MB [28s] 
Writing at 0x00421eea ━━━━━━━━━━━━━━━━━━━━━━━━━╸      86.6% 1.22MB/1.41MB [28s] 
Writing at 0x00427808 ━━━━━━━━━━━━━━━━━━━━━━━━━━      87.7% 1.23MB/1.41MB [29s] 
Writing at 0x0042d1ee ━━━━━━━━━━━━━━━━━━━━━━━━━━╸     88.8% 1.25MB/1.41MB [29s] 
Writing at 0x00434ef4 ━━━━━━━━━━━━━━━━━━━━━━━━━━╸     89.9% 1.27MB/1.41MB [30s] 
Writing at 0x0043b358 ━━━━━━━━━━━━━━━━━━━━━━━━━━━     91.0% 1.28MB/1.41MB [30s] 
Writing at 0x00441386 ━━━━━━━━━━━━━━━━━━━━━━━━━━━╸    92.2% 1.30MB/1.41MB [30s] 
Writing at 0x00447249 ━━━━━━━━━━━━━━━━━━━━━━━━━━━╸    93.3% 1.31MB/1.41MB [31s] 
Writing at 0x0044c7a3 ━━━━━━━━━━━━━━━━━━━━━━━━━━━━    94.4% 1.33MB/1.41MB [31s] 
Writing at 0x004535bd ━━━━━━━━━━━━━━━━━━━━━━━━━━━━╸   95.5% 1.34MB/1.41MB [31s] 
Writing at 0x0045b0ae ━━━━━━━━━━━━━━━━━━━━━━━━━━━━╸   96.6% 1.36MB/1.41MB [32s] 
Writing at 0x00461957 ━━━━━━━━━━━━━━━━━━━━━━━━━━━━━   97.7% 1.38MB/1.41MB [32s] 
Writing at 0x0046752c ━━━━━━━━━━━━━━━━━━━━━━━━━━━━━╸  98.8% 1.39MB/1.41MB [33s] 
Writing at 0x0046dee4 ━━━━━━━━━━━━━━━━━━━━━━━━━━━━━╸  99.9% 1.41MB/1.41MB [33s] 
Writing at 0x0046f400 ━━━━━━━━━━━━━━━━━━━━━━━━━━━━━━ 100.0% 1.41MB/1.41MB [33s] 
Wrote 2552832 bytes (1475694 compressed) at 0x00200000 in 33.5 seconds (609.2 kbit/s).
Verifying written data...
Hash of data verified.

Hard resetting via RTS pin...
